Godot Engine v4.5.1.stable.official.f62fdbde1 - https://godotengine.org
OpenGL API 3.3.0 NVIDIA 462.59 - Compatibility - Using Device: NVIDIA - Quadro RTX 4000

   0.1s   shot 01_main_menu.png
   0.3s   ok  F12 bug report written (C:/Users/User/AppData/Roaming/CityVenture/reports/20261001_181612)
   1.0s   shot 02_creator.png
   7.2s [6月1日（週日） 下午 2:00]   shot 03_arrival.png
   8.2s [6月1日（週日） 下午 2:01]   shot 04_district_riverside_riverside_apartment.png
   9.2s [6月1日（週日） 下午 2:02]   shot 05_district_riverside_bloom_coffee.png
  10.2s [6月1日（週日） 下午 2:04]   shot 06_district_riverside_postpoint_riverside.png
  10.8s [6月1日（週日） 下午 2:05]   shot 07_district_riverside_south.png
  11.8s [6月1日（週日） 下午 2:06]   shot 08_district_startup_hub_nexus_cowork.png
  12.8s [6月1日（週日） 下午 2:08]   shot 09_district_startup_hub_byte_and_bean.png
  13.8s [6月1日（週日） 下午 2:09]   shot 10_district_startup_hub_small_office.png
  14.4s [6月1日（週日） 下午 2:10]   shot 11_district_startup_hub_south.png
  15.4s [6月1日（週日） 下午 2:12]   shot 12_district_civic_center_city_hall.png
  16.0s [6月1日（週日） 下午 2:13]   shot 13_district_civic_center_south.png
  17.0s [6月1日（週日） 下午 2:14]   shot 14_district_financial_nexus_bank.png
  17.6s [6月1日（週日） 下午 2:15]   shot 15_district_financial_south.png
  18.6s [6月1日（週日） 下午 2:17]   shot 16_district_shopping_street_threadline_apparel.png
  19.7s [6月1日（週日） 下午 2:18]   shot 17_district_shopping_street_lantern_bistro.png
  20.6s [6月1日（週日） 下午 2:20]   shot 18_district_shopping_street_crestline_flagship.png
  21.7s [6月1日（週日） 下午 2:21]   shot 19_district_shopping_street_popup_unit.png
  22.2s [6月1日（週日） 下午 2:22]   shot 20_district_shopping_street_south.png
  23.3s [6月1日（週日） 下午 2:24]   shot 21_district_harbor_pier7_warehouse.png
  24.3s [6月1日（週日） 下午 2:25]   shot 22_district_harbor_dockside_motors.png
  25.3s [6月1日（週日） 下午 2:27]   shot 23_district_harbor_harbor_point_fitness.png
  26.3s [6月1日（週日） 下午 2:28]   shot 24_district_harbor_customs_house.png
  26.9s [6月1日（週日） 下午 2:29]   shot 25_district_harbor_south.png
  27.3s [6月1日（週日） 下午 2:30]   shot 26_city_map.png
  27.7s [6月1日（週日） 下午 2:30]   shot 27_world_map.png
  28.6s [6月1日（週日） 下午 2:31]   shot 28_interior_bloom_coffee.png
  29.3s [6月1日（週日） 下午 2:32]   shot 29_interior_byte_and_bean.png
  30.2s [6月1日（週日） 下午 2:34]   shot 30_interior_city_hall.png
  31.0s [6月1日（週日） 下午 2:35]   shot 31_interior_corner_cafe_unit.png
  31.8s [6月1日（週日） 下午 2:36]   shot 32_interior_crestline_flagship.png
  32.5s [6月1日（週日） 下午 2:37]   shot 33_interior_customs_house.png
  33.3s [6月1日（週日） 下午 2:38]   shot 34_interior_dockside_motors.png
  34.1s [6月1日（週日） 下午 2:40]   shot 35_interior_harbor_point_fitness.png
  34.9s [6月1日（週日） 下午 2:41]   shot 36_interior_lantern_bistro.png
  35.8s [6月1日（週日） 下午 2:42]   shot 37_interior_nexus_bank.png
  36.6s [6月1日（週日） 下午 2:43]   shot 38_interior_nexus_cowork.png
  37.3s [6月1日（週日） 下午 2:44]   shot 39_interior_okafor_lettings.png
  38.1s [6月1日（週日） 下午 2:45]   shot 40_interior_old_town_studio.png
  39.0s [6月1日（週日） 下午 2:47]   shot 41_interior_pier7_warehouse.png
  39.7s [6月1日（週日） 下午 2:48]   shot 42_interior_popup_unit.png
  40.6s [6月1日（週日） 下午 2:49]   shot 43_interior_postpoint_riverside.png
  41.4s [6月1日（週日） 下午 2:50]   shot 44_interior_riverside_apartment.png
  42.2s [6月1日（週日） 下午 2:51]   shot 45_interior_small_office.png
  43.0s [6月1日（週日） 下午 2:53]   shot 46_interior_threadline_apparel.png
  43.9s [6月1日（週日） 下午 7:54]   shot 47_riverside_dusk.png
  44.4s [6月1日（週日） 下午 11:55]   shot 48_riverside_night.png
  45.4s [6月1日（週日） 下午 11:56]   shot 49_startup_hub_night.png
  46.4s [6月1日（週日） 下午 11:58]   shot 50_shopping_street_night.png
  47.4s [6月7日（週六） 上午 11:59]   ok  six market stalls out on Saturday morning (6)
  47.4s [6月7日（週六） 上午 11:59]   shot 51_shopping_street_market.png
  48.6s [6月7日（週六） 下午 12:01]   ok  player stays at the door after entering ((192.0, 202.0))
  48.6s [6月7日（週六） 下午 12:01]   ok  Nina at the Threadline counter
  49.0s [6月7日（週六） 下午 12:02]   click [Item_executive] 主管 · $640
  49.4s [6月7日（週六） 下午 12:02]   click [Buy] 購買——$640.00
  49.8s [6月7日（週六） 下午 12:03]   ok  bought the Executive outfit
  49.9s [6月7日（週六） 下午 12:03]   shot 52_threadline_shop.png
  49.9s [6月7日（週六） 下午 12:03]   click [Wear] Wear it now
  50.5s [6月7日（週六） 下午 12:04]   ok  wearing Executive
  50.6s [6月7日（週六） 下午 12:04]   shot 53_threadline_wearing_executive.png
  50.6s [6月7日（週六） 下午 12:04] BOT FINISHED — 0 failure(s) · 50.6s real
  50.6s [6月7日（週六） 下午 12:04] English audit: 0 on-screen text(s) with untranslated words
