Godot Engine v4.5.1.stable.official.f62fdbde1 - https://godotengine.org

[   0% ] [90m[1mfirst_scan_filesystem[22m | Started 專案初始化中 (5 steps)[39m[0m
[   0% ] [90m[1mfirst_scan_filesystem[22m | 正在掃描檔案結構…[39m[0m
[  16% ] [90m[1mfirst_scan_filesystem[22m | 載入全域類別名稱中…[39m[0m
[  33% ] [90m[1mfirst_scan_filesystem[22m | 正在驗證GD擴充功能...[39m[0m
[  50% ] [90m[1mfirst_scan_filesystem[22m | 正在建立自動載入腳本…[39m[0m
[  66% ] [90m[1mfirst_scan_filesystem[22m | 初始化外掛程式...[39m[0m
[  83% ] [90m[1mfirst_scan_filesystem[22m | 開始掃描檔案...[39m[0m
[92m[ DONE ][39m [1mfirst_scan_filesystem[22m
[0m
[   0% ] [90m[1m_update_scan_actions[22m | Started 掃描動作中... (134 steps)[39m[0m
[   0% ] [90m[1m_update_scan_actions[22m | arrow_right.png[39m[0m
[   0% ] [90m[1m_update_scan_actions[22m | bank.png[39m[0m
[   1% ] [90m[1m_update_scan_actions[22m | calendar.png[39m[0m
[   2% ] [90m[1m_update_scan_actions[22m | cash.png[39m[0m
[   2% ] [90m[1m_update_scan_actions[22m | check.png[39m[0m
[   3% ] [90m[1m_update_scan_actions[22m | civic.png[39m[0m
[   4% ] [90m[1m_update_scan_actions[22m | clock.png[39m[0m
[   5% ] [90m[1m_update_scan_actions[22m | close.png[39m[0m
[   5% ] [90m[1m_update_scan_actions[22m | coffee.png[39m[0m
[   6% ] [90m[1m_update_scan_actions[22m | company.png[39m[0m
[   7% ] [90m[1m_update_scan_actions[22m | contracts.png[39m[0m
[   8% ] [90m[1m_update_scan_actions[22m | dollar.png[39m[0m
[   8% ] [90m[1m_update_scan_actions[22m | finance.png[39m[0m
[   9% ] [90m[1m_update_scan_actions[22m | financial.png[39m[0m
[  10% ] [90m[1m_update_scan_actions[22m | home.png[39m[0m
[  11% ] [90m[1m_update_scan_actions[22m | info.png[39m[0m
[  11% ] [90m[1m_update_scan_actions[22m | inventory.png[39m[0m
[  12% ] [90m[1m_update_scan_actions[22m | laptop.png[39m[0m
[  13% ] [90m[1m_update_scan_actions[22m | lock.png[39m[0m
[  14% ] [90m[1m_update_scan_actions[22m | mail.png[39m[0m
[  14% ] [90m[1m_update_scan_actions[22m | map.png[39m[0m
[  15% ] [90m[1m_update_scan_actions[22m | metro.png[39m[0m
[  16% ] [90m[1m_update_scan_actions[22m | minus.png[39m[0m
[  17% ] [90m[1m_update_scan_actions[22m | moon.png[39m[0m
[  17% ] [90m[1m_update_scan_actions[22m | objective.png[39m[0m
[  18% ] [90m[1m_update_scan_actions[22m | orders.png[39m[0m
[  19% ] [90m[1m_update_scan_actions[22m | parcel.png[39m[0m
[  20% ] [90m[1m_update_scan_actions[22m | people.png[39m[0m
[  20% ] [90m[1m_update_scan_actions[22m | phone.png[39m[0m
[  21% ] [90m[1m_update_scan_actions[22m | plus.png[39m[0m
[  22% ] [90m[1m_update_scan_actions[22m | river.png[39m[0m
[  22% ] [90m[1m_update_scan_actions[22m | save.png[39m[0m
[  23% ] [90m[1m_update_scan_actions[22m | settings.png[39m[0m
[  24% ] [90m[1m_update_scan_actions[22m | shirt.png[39m[0m
[  25% ] [90m[1m_update_scan_actions[22m | shop.png[39m[0m
[  25% ] [90m[1m_update_scan_actions[22m | sleep.png[39m[0m
[  26% ] [90m[1m_update_scan_actions[22m | star.png[39m[0m
[  27% ] [90m[1m_update_scan_actions[22m | startup.png[39m[0m
[  28% ] [90m[1m_update_scan_actions[22m | sun.png[39m[0m
[  28% ] [90m[1m_update_scan_actions[22m | tasks.png[39m[0m
[  29% ] [90m[1m_update_scan_actions[22m | walk.png[39m[0m
[  30% ] [90m[1m_update_scan_actions[22m | warning.png[39m[0m
[  31% ] [90m[1m_update_scan_actions[22m | world.png[39m[0m
[  31% ] [90m[1m_update_scan_actions[22m | bar_bg.png[39m[0m
[  32% ] [90m[1m_update_scan_actions[22m | bar_fill.png[39m[0m
[  33% ] [90m[1m_update_scan_actions[22m | bar_fill_green.png[39m[0m
[  34% ] [90m[1m_update_scan_actions[22m | button.png[39m[0m
[  34% ] [90m[1m_update_scan_actions[22m | button_danger.png[39m[0m
[  35% ] [90m[1m_update_scan_actions[22m | button_disabled.png[39m[0m
[  36% ] [90m[1m_update_scan_actions[22m | button_hover.png[39m[0m
[  37% ] [90m[1m_update_scan_actions[22m | button_pressed.png[39m[0m
[  37% ] [90m[1m_update_scan_actions[22m | button_primary.png[39m[0m
[  38% ] [90m[1m_update_scan_actions[22m | button_primary_hover.png[39m[0m
[  39% ] [90m[1m_update_scan_actions[22m | card.png[39m[0m
[  40% ] [90m[1m_update_scan_actions[22m | card_gold.png[39m[0m
[  40% ] [90m[1m_update_scan_actions[22m | field.png[39m[0m
[  41% ] [90m[1m_update_scan_actions[22m | header.png[39m[0m
[  42% ] [90m[1m_update_scan_actions[22m | icons_atlas.png[39m[0m
[  42% ] [90m[1m_update_scan_actions[22m | inset.png[39m[0m
[  43% ] [90m[1m_update_scan_actions[22m | panel.png[39m[0m
[  44% ] [90m[1m_update_scan_actions[22m | panel_glass.png[39m[0m
[  45% ] [90m[1m_update_scan_actions[22m | phone_frame.png[39m[0m
[  45% ] [90m[1m_update_scan_actions[22m | portrait_frame.png[39m[0m
[  46% ] [90m[1m_update_scan_actions[22m | prompt_key.png[39m[0m
[  47% ] [90m[1m_update_scan_actions[22m | tab.png[39m[0m
[  48% ] [90m[1m_update_scan_actions[22m | tab_active.png[39m[0m
[  48% ] [90m[1m_update_scan_actions[22m | tooltip.png[39m[0m
[  49% ] [90m[1m_update_scan_actions[22m | arrow_right.png[39m[0m
[  50% ] [90m[1m_update_scan_actions[22m | bank.png[39m[0m
[  51% ] [90m[1m_update_scan_actions[22m | calendar.png[39m[0m
[  51% ] [90m[1m_update_scan_actions[22m | cash.png[39m[0m
[  52% ] [90m[1m_update_scan_actions[22m | check.png[39m[0m
[  53% ] [90m[1m_update_scan_actions[22m | civic.png[39m[0m
[  54% ] [90m[1m_update_scan_actions[22m | clock.png[39m[0m
[  54% ] [90m[1m_update_scan_actions[22m | close.png[39m[0m
[  55% ] [90m[1m_update_scan_actions[22m | coffee.png[39m[0m
[  56% ] [90m[1m_update_scan_actions[22m | company.png[39m[0m
[  57% ] [90m[1m_update_scan_actions[22m | contracts.png[39m[0m
[  57% ] [90m[1m_update_scan_actions[22m | dollar.png[39m[0m
[  58% ] [90m[1m_update_scan_actions[22m | finance.png[39m[0m
[  59% ] [90m[1m_update_scan_actions[22m | financial.png[39m[0m
[  60% ] [90m[1m_update_scan_actions[22m | home.png[39m[0m
[  60% ] [90m[1m_update_scan_actions[22m | info.png[39m[0m
[  61% ] [90m[1m_update_scan_actions[22m | inventory.png[39m[0m
[  62% ] [90m[1m_update_scan_actions[22m | laptop.png[39m[0m
[  62% ] [90m[1m_update_scan_actions[22m | lock.png[39m[0m
[  63% ] [90m[1m_update_scan_actions[22m | mail.png[39m[0m
[  64% ] [90m[1m_update_scan_actions[22m | map.png[39m[0m
[  65% ] [90m[1m_update_scan_actions[22m | metro.png[39m[0m
[  65% ] [90m[1m_update_scan_actions[22m | minus.png[39m[0m
[  66% ] [90m[1m_update_scan_actions[22m | moon.png[39m[0m
[  67% ] [90m[1m_update_scan_actions[22m | objective.png[39m[0m
[  68% ] [90m[1m_update_scan_actions[22m | orders.png[39m[0m
[  68% ] [90m[1m_update_scan_actions[22m | parcel.png[39m[0m
[  69% ] [90m[1m_update_scan_actions[22m | people.png[39m[0m
[  70% ] [90m[1m_update_scan_actions[22m | phone.png[39m[0m
[  71% ] [90m[1m_update_scan_actions[22m | plus.png[39m[0m
[  71% ] [90m[1m_update_scan_actions[22m | river.png[39m[0m
[  72% ] [90m[1m_update_scan_actions[22m | save.png[39m[0m
[  73% ] [90m[1m_update_scan_actions[22m | settings.png[39m[0m
[  74% ] [90m[1m_update_scan_actions[22m | shirt.png[39m[0m
[  74% ] [90m[1m_update_scan_actions[22m | shop.png[39m[0m
[  75% ] [90m[1m_update_scan_actions[22m | sleep.png[39m[0m
[  76% ] [90m[1m_update_scan_actions[22m | star.png[39m[0m
[  77% ] [90m[1m_update_scan_actions[22m | startup.png[39m[0m
[  77% ] [90m[1m_update_scan_actions[22m | sun.png[39m[0m
[  78% ] [90m[1m_update_scan_actions[22m | tasks.png[39m[0m
[  79% ] [90m[1m_update_scan_actions[22m | walk.png[39m[0m
[  80% ] [90m[1m_update_scan_actions[22m | warning.png[39m[0m
[  80% ] [90m[1m_update_scan_actions[22m | world.png[39m[0m
[  81% ] [90m[1m_update_scan_actions[22m | bar_bg.png[39m[0m
[  82% ] [90m[1m_update_scan_actions[22m | bar_fill.png[39m[0m
[  82% ] [90m[1m_update_scan_actions[22m | bar_fill_green.png[39m[0m
[  83% ] [90m[1m_update_scan_actions[22m | button.png[39m[0m
[  84% ] [90m[1m_update_scan_actions[22m | button_danger.png[39m[0m
[  85% ] [90m[1m_update_scan_actions[22m | button_disabled.png[39m[0m
[  85% ] [90m[1m_update_scan_actions[22m | button_hover.png[39m[0m
[  86% ] [90m[1m_update_scan_actions[22m | button_pressed.png[39m[0m
[  87% ] [90m[1m_update_scan_actions[22m | button_primary.png[39m[0m
[  88% ] [90m[1m_update_scan_actions[22m | button_primary_hover.png[39m[0m
[  88% ] [90m[1m_update_scan_actions[22m | card.png[39m[0m
[  89% ] [90m[1m_update_scan_actions[22m | card_gold.png[39m[0m
[  90% ] [90m[1m_update_scan_actions[22m | field.png[39m[0m
[  91% ] [90m[1m_update_scan_actions[22m | header.png[39m[0m
[  91% ] [90m[1m_update_scan_actions[22m | icons_atlas.png[39m[0m
[  92% ] [90m[1m_update_scan_actions[22m | inset.png[39m[0m
[  93% ] [90m[1m_update_scan_actions[22m | panel.png[39m[0m
[  94% ] [90m[1m_update_scan_actions[22m | panel_glass.png[39m[0m
[  94% ] [90m[1m_update_scan_actions[22m | phone_frame.png[39m[0m
[  95% ] [90m[1m_update_scan_actions[22m | portrait_frame.png[39m[0m
[  96% ] [90m[1m_update_scan_actions[22m | prompt_key.png[39m[0m
[  97% ] [90m[1m_update_scan_actions[22m | tab.png[39m[0m
[  97% ] [90m[1m_update_scan_actions[22m | tab_active.png[39m[0m
[  98% ] [90m[1m_update_scan_actions[22m | tooltip.png[39m[0m
[92m[ DONE ][39m [1m_update_scan_actions[22m
[0m
[   0% ] [90m[1mreimport[22m | Started （重新）匯入素材 (2 steps)[39m[0m
[   0% ] [90m[1mreimport[22m | 正在準備重新匯入檔案…[39m[0m
[  33% ] [90m[1mreimport[22m | 正在準備重新匯入檔案…[39m[0m
[   0% ] [90m[1mreimport[22m | 執行預先重新匯入作業…[39m[0m
[   0% ] [90m[1mreimport[22m | panel_glass.png[39m[0m
[  33% ] [90m[1mreimport[22m | panel_glass.png[39m[0m
[  66% ] [90m[1mreimport[22m | 完成素材匯入...[39m[0m
[92m[ DONE ][39m [1mreimport[22m
[0m
[   0% ] [90m[1mreimport[22m | Started （重新）匯入素材 (2 steps)[39m[0m
[   0% ] [90m[1mreimport[22m | 執行重新匯入後續處理作業…[39m[0m
[92m[ DONE ][39m [1mreimport[22m
[0m
[   0% ] [90m[1mloading_editor_layout[22m | Started 載入編輯器 (5 steps)[39m[0m
[   0% ] [90m[1mloading_editor_layout[22m | 載入編輯器版面配置中…[39m[0m
[92m[ DONE ][39m [1mloading_editor_layout[22m
[0m
