Godot Engine v4.5.1.stable.official.f62fdbde1 - https://godotengine.org
OpenGL API 3.3.0 NVIDIA 462.59 - Compatibility - Using Device: NVIDIA - Quadro RTX 4000

   0.1s STEP Main menu → New Game
   0.3s   shot 01_main_menu.png
   0.4s   click [NewGame] New Game
   1.7s STEP Character Creator
   1.8s   shot 02_creator_default.png
   1.8s   click [Tab_hair] Hair
   1.8s   click [Next_hair] ▶
   2.3s   click [Tab_face] Face
   2.4s   click [Next_face] ▶
   2.5s   click [Next_eye_shape] ▶
   2.8s   click [Tab_body] Body
   2.9s   click [Next_presentation] ▶
   3.5s   shot 03_creator_customised.png
   3.6s   click [Tab_outfit] Outfit
   3.6s   click "Startup Casual"
   4.2s   ok  appearance changed from default (short_neat)
   4.3s   shot 04_creator_final.png
   4.3s   click [Start] Start in Aurelia  →
   4.4s [6月1日（週日） 下午 2:00] STEP Arrival sequence
   7.1s [6月1日（週日） 下午 2:00]   shot 05_arrival_train.png
  10.6s [6月1日（週日） 下午 2:00]   shot 06_arrival_phone.png
  16.5s [6月1日（週日） 下午 2:01]   ok  spawned in the Riverside apartment
  16.5s [6月1日（週日） 下午 2:01]   ok  starting cash $30,000
  16.5s [6月1日（週日） 下午 2:01]   ok  name saved
  18.3s [6月1日（週日） 下午 2:03]   shot 07_apartment_arrival.png
  23.3s [6月1日（週日） 下午 2:10]   use "Fleet, route contracts and maintenance"
  23.9s [6月1日（週日） 下午 2:10]   shot 08_fleet_first_vehicle_and_routes.png
  24.8s [6月1日（週日） 下午 2:10]   click [FleetBuy_new] 購買 新款節能貨車：$16,800.00，另加保險 $210.00
  25.5s [6月1日（週日） 下午 2:10]   ok  second showroom purchase real
  26.5s [6月1日（週日） 下午 2:10]   click [FleetSelect_van2] 二號貨車 · 新款節能貨車
  27.2s [6月1日（週日） 下午 2:10]   shot 09_fleet_new_vehicle_report.png
  28.2s [6月1日（週日） 下午 2:10]   click [RouteCounter_C-001] Counter +5% per trip
  29.9s [6月1日（週日） 下午 2:10]   click [RouteSign_C-001] Sign ninety-day route
  31.5s [6月1日（週日） 下午 2:10]   click [RouteDrive_C-001] Drive planned route
  32.2s [6月1日（週日） 下午 3:49]   ok  native route drive fulfilled
  35.2s [6月1日（週日） 下午 3:49]   shot 10_fleet_actual_trip_report.png
  36.2s [6月1日（週日） 下午 3:49]   click [FleetService_van2] 保養 二號貨車：$180.00，需停用半天
  36.9s [6月1日（週日） 下午 3:49]   ok  service actually blocks vehicle
  36.9s [6月1日（週日） 下午 3:49]   shot 11_fleet_half_day_service.png
  37.0s [6月2日（週一） 上午 3:49]   ok  half-day service returns vehicle
  37.0s [6月2日（週一） 上午 3:49]   ok  fleet money balanced
  37.0s [6月2日（週一） 上午 3:49]   ok  played fleet save
  37.0s [6月2日（週一） 上午 3:49] BOT FINISHED — 0 failure(s) · 37.0s real
  37.0s [6月2日（週一） 上午 3:49] English audit: 3 on-screen text(s) with untranslated words
