Godot Engine v4.5.1.stable.official.f62fdbde1 - https://godotengine.org

[   0% ] [90m[1mfirst_scan_filesystem[22m | Started 專案初始化中 (5 steps)[39m[0m
[   0% ] [90m[1mfirst_scan_filesystem[22m | 正在掃描檔案結構…[39m[0m
[  16% ] [90m[1mfirst_scan_filesystem[22m | 載入全域類別名稱中…[39m[0m
[  33% ] [90m[1mfirst_scan_filesystem[22m | 正在驗證GD擴充功能...[39m[0m
[  50% ] [90m[1mfirst_scan_filesystem[22m | 正在建立自動載入腳本…[39m[0m
[  66% ] [90m[1mfirst_scan_filesystem[22m | 初始化外掛程式...[39m[0m
[  83% ] [90m[1mfirst_scan_filesystem[22m | 開始掃描檔案...[39m[0m
[92m[ DONE ][39m [1mfirst_scan_filesystem[22m
[0m
[   0% ] [90m[1m_update_scan_actions[22m | Started 掃描動作中... (86 steps)[39m[0m
[   0% ] [90m[1m_update_scan_actions[22m | apartment_mid.png[39m[0m
[   1% ] [90m[1m_update_scan_actions[22m | apartment_mid_lights.png[39m[0m
[   2% ] [90m[1m_update_scan_actions[22m | arcade_arches.png[39m[0m
[   3% ] [90m[1m_update_scan_actions[22m | arcade_arches_lights.png[39m[0m
[   4% ] [90m[1m_update_scan_actions[22m | bloom_block.png[39m[0m
[   5% ] [90m[1m_update_scan_actions[22m | bloom_block_lights.png[39m[0m
[   6% ] [90m[1m_update_scan_actions[22m | brick_shops.png[39m[0m
[   8% ] [90m[1m_update_scan_actions[22m | brick_shops_lights.png[39m[0m
[   9% ] [90m[1m_update_scan_actions[22m | byte_bean.png[39m[0m
[  10% ] [90m[1m_update_scan_actions[22m | byte_bean_lights.png[39m[0m
[  11% ] [90m[1m_update_scan_actions[22m | cinema_front.png[39m[0m
[  12% ] [90m[1m_update_scan_actions[22m | cinema_front_lights.png[39m[0m
[  13% ] [90m[1m_update_scan_actions[22m | city_hall.png[39m[0m
[  14% ] [90m[1m_update_scan_actions[22m | city_hall_lights.png[39m[0m
[  16% ] [90m[1m_update_scan_actions[22m | civic_annex.png[39m[0m
[  17% ] [90m[1m_update_scan_actions[22m | civic_annex_lights.png[39m[0m
[  18% ] [90m[1m_update_scan_actions[22m | clock_tower.png[39m[0m
[  19% ] [90m[1m_update_scan_actions[22m | clock_tower_lights.png[39m[0m
[  20% ] [90m[1m_update_scan_actions[22m | cold_store.png[39m[0m
[  21% ] [90m[1m_update_scan_actions[22m | cold_store_lights.png[39m[0m
[  22% ] [90m[1m_update_scan_actions[22m | container_stack.png[39m[0m
[  24% ] [90m[1m_update_scan_actions[22m | container_stack_lights.png[39m[0m
[  25% ] [90m[1m_update_scan_actions[22m | corner_cafe_unit.png[39m[0m
[  26% ] [90m[1m_update_scan_actions[22m | corner_cafe_unit_lights.png[39m[0m
[  27% ] [90m[1m_update_scan_actions[22m | crestline_flagship.png[39m[0m
[  28% ] [90m[1m_update_scan_actions[22m | crestline_flagship_lights.png[39m[0m
[  29% ] [90m[1m_update_scan_actions[22m | customs_house.png[39m[0m
[  31% ] [90m[1m_update_scan_actions[22m | customs_house_lights.png[39m[0m
[  32% ] [90m[1m_update_scan_actions[22m | dockside_motors.png[39m[0m
[  33% ] [90m[1m_update_scan_actions[22m | dockside_motors_lights.png[39m[0m
[  34% ] [90m[1m_update_scan_actions[22m | finance_tower.png[39m[0m
[  35% ] [90m[1m_update_scan_actions[22m | finance_tower_lights.png[39m[0m
[  36% ] [90m[1m_update_scan_actions[22m | glass_tower.png[39m[0m
[  37% ] [90m[1m_update_scan_actions[22m | glass_tower_lights.png[39m[0m
[  39% ] [90m[1m_update_scan_actions[22m | harbor_point_fitness.png[39m[0m
[  40% ] [90m[1m_update_scan_actions[22m | harbor_point_fitness_lights.png[39m[0m
[  41% ] [90m[1m_update_scan_actions[22m | horizon_labs.png[39m[0m
[  42% ] [90m[1m_update_scan_actions[22m | horizon_labs_lights.png[39m[0m
[  43% ] [90m[1m_update_scan_actions[22m | lantern_bistro.png[39m[0m
[  44% ] [90m[1m_update_scan_actions[22m | lantern_bistro_lights.png[39m[0m
[  45% ] [90m[1m_update_scan_actions[22m | metro_entrance.png[39m[0m
[  47% ] [90m[1m_update_scan_actions[22m | metro_entrance_lights.png[39m[0m
[  48% ] [90m[1m_update_scan_actions[22m | nexus_bank.png[39m[0m
[  49% ] [90m[1m_update_scan_actions[22m | nexus_bank_lights.png[39m[0m
[  50% ] [90m[1m_update_scan_actions[22m | nexus_cowork.png[39m[0m
[  51% ] [90m[1m_update_scan_actions[22m | nexus_cowork_lights.png[39m[0m
[  52% ] [90m[1m_update_scan_actions[22m | office_slab.png[39m[0m
[  54% ] [90m[1m_update_scan_actions[22m | office_slab_lights.png[39m[0m
[  55% ] [90m[1m_update_scan_actions[22m | okafor_lettings.png[39m[0m
[  56% ] [90m[1m_update_scan_actions[22m | okafor_lettings_lights.png[39m[0m
[  57% ] [90m[1m_update_scan_actions[22m | old_town_studio.png[39m[0m
[  58% ] [90m[1m_update_scan_actions[22m | old_town_studio_lights.png[39m[0m
[  59% ] [90m[1m_update_scan_actions[22m | pier7_warehouse.png[39m[0m
[  60% ] [90m[1m_update_scan_actions[22m | pier7_warehouse_lights.png[39m[0m
[  62% ] [90m[1m_update_scan_actions[22m | popup_unit.png[39m[0m
[  63% ] [90m[1m_update_scan_actions[22m | popup_unit_lights.png[39m[0m
[  64% ] [90m[1m_update_scan_actions[22m | postpoint.png[39m[0m
[  65% ] [90m[1m_update_scan_actions[22m | postpoint_lights.png[39m[0m
[  66% ] [90m[1m_update_scan_actions[22m | retail_arcade.png[39m[0m
[  67% ] [90m[1m_update_scan_actions[22m | retail_arcade_lights.png[39m[0m
[  68% ] [90m[1m_update_scan_actions[22m | riverside_shops.png[39m[0m
[  70% ] [90m[1m_update_scan_actions[22m | riverside_shops_lights.png[39m[0m
[  71% ] [90m[1m_update_scan_actions[22m | riverside_tower.png[39m[0m
[  72% ] [90m[1m_update_scan_actions[22m | riverside_tower_lights.png[39m[0m
[  73% ] [90m[1m_update_scan_actions[22m | riverside_walkup.png[39m[0m
[  74% ] [90m[1m_update_scan_actions[22m | riverside_walkup_lights.png[39m[0m
[  75% ] [90m[1m_update_scan_actions[22m | rowhouse_brick.png[39m[0m
[  77% ] [90m[1m_update_scan_actions[22m | rowhouse_brick_lights.png[39m[0m
[  78% ] [90m[1m_update_scan_actions[22m | shop_row_awning.png[39m[0m
[  79% ] [90m[1m_update_scan_actions[22m | shop_row_awning_lights.png[39m[0m
[  80% ] [90m[1m_update_scan_actions[22m | suite_building.png[39m[0m
[  81% ] [90m[1m_update_scan_actions[22m | suite_building_lights.png[39m[0m
[  82% ] [90m[1m_update_scan_actions[22m | threadline_apparel.png[39m[0m
[  83% ] [90m[1m_update_scan_actions[22m | threadline_apparel_lights.png[39m[0m
[  85% ] [90m[1m_update_scan_actions[22m | warehouse_shed.png[39m[0m
[  86% ] [90m[1m_update_scan_actions[22m | warehouse_shed_lights.png[39m[0m
[  87% ] [90m[1m_update_scan_actions[22m | floor_carpet_navy.png[39m[0m
[  88% ] [90m[1m_update_scan_actions[22m | floor_checker.png[39m[0m
[  89% ] [90m[1m_update_scan_actions[22m | floor_concrete.png[39m[0m
[  90% ] [90m[1m_update_scan_actions[22m | floor_harbor_concrete.png[39m[0m
[  91% ] [90m[1m_update_scan_actions[22m | floor_marble.png[39m[0m
[  93% ] [90m[1m_update_scan_actions[22m | floor_tile_white.png[39m[0m
[  94% ] [90m[1m_update_scan_actions[22m | floor_wood_cafe.png[39m[0m
[  95% ] [90m[1m_update_scan_actions[22m | floor_wood_dark.png[39m[0m
[  96% ] [90m[1m_update_scan_actions[22m | floor_wood_warm.png[39m[0m
[  97% ] [90m[1m_update_scan_actions[22m | route_map.png[39m[0m
[92m[ DONE ][39m [1m_update_scan_actions[22m
[0m
[   0% ] [90m[1mreimport[22m | Started （重新）匯入素材 (86 steps)[39m[0m
[   0% ] [90m[1mreimport[22m | 正在準備重新匯入檔案…[39m[0m
[   1% ] [90m[1mreimport[22m | 正在準備重新匯入檔案…[39m[0m
[   2% ] [90m[1mreimport[22m | 正在準備重新匯入檔案…[39m[0m
[   3% ] [90m[1mreimport[22m | 正在準備重新匯入檔案…[39m[0m
[   4% ] [90m[1mreimport[22m | 正在準備重新匯入檔案…[39m[0m
[   5% ] [90m[1mreimport[22m | 正在準備重新匯入檔案…[39m[0m
[   6% ] [90m[1mreimport[22m | 正在準備重新匯入檔案…[39m[0m
[   8% ] [90m[1mreimport[22m | 正在準備重新匯入檔案…[39m[0m
[   9% ] [90m[1mreimport[22m | 正在準備重新匯入檔案…[39m[0m
[  10% ] [90m[1mreimport[22m | 正在準備重新匯入檔案…[39m[0m
[  11% ] [90m[1mreimport[22m | 正在準備重新匯入檔案…[39m[0m
[  12% ] [90m[1mreimport[22m | 正在準備重新匯入檔案…[39m[0m
[  13% ] [90m[1mreimport[22m | 正在準備重新匯入檔案…[39m[0m
[  14% ] [90m[1mreimport[22m | 正在準備重新匯入檔案…[39m[0m
[  16% ] [90m[1mreimport[22m | 正在準備重新匯入檔案…[39m[0m
[  17% ] [90m[1mreimport[22m | 正在準備重新匯入檔案…[39m[0m
[  18% ] [90m[1mreimport[22m | 正在準備重新匯入檔案…[39m[0m
[  19% ] [90m[1mreimport[22m | 正在準備重新匯入檔案…[39m[0m
[  20% ] [90m[1mreimport[22m | 正在準備重新匯入檔案…[39m[0m
[  21% ] [90m[1mreimport[22m | 正在準備重新匯入檔案…[39m[0m
[  22% ] [90m[1mreimport[22m | 正在準備重新匯入檔案…[39m[0m
[  24% ] [90m[1mreimport[22m | 正在準備重新匯入檔案…[39m[0m
[  25% ] [90m[1mreimport[22m | 正在準備重新匯入檔案…[39m[0m
[  26% ] [90m[1mreimport[22m | 正在準備重新匯入檔案…[39m[0m
[  27% ] [90m[1mreimport[22m | 正在準備重新匯入檔案…[39m[0m
[  28% ] [90m[1mreimport[22m | 正在準備重新匯入檔案…[39m[0m
[  29% ] [90m[1mreimport[22m | 正在準備重新匯入檔案…[39m[0m
[  31% ] [90m[1mreimport[22m | 正在準備重新匯入檔案…[39m[0m
[  32% ] [90m[1mreimport[22m | 正在準備重新匯入檔案…[39m[0m
[  33% ] [90m[1mreimport[22m | 正在準備重新匯入檔案…[39m[0m
[  34% ] [90m[1mreimport[22m | 正在準備重新匯入檔案…[39m[0m
[  35% ] [90m[1mreimport[22m | 正在準備重新匯入檔案…[39m[0m
[  36% ] [90m[1mreimport[22m | 正在準備重新匯入檔案…[39m[0m
[  37% ] [90m[1mreimport[22m | 正在準備重新匯入檔案…[39m[0m
[  39% ] [90m[1mreimport[22m | 正在準備重新匯入檔案…[39m[0m
[  40% ] [90m[1mreimport[22m | 正在準備重新匯入檔案…[39m[0m
[  41% ] [90m[1mreimport[22m | 正在準備重新匯入檔案…[39m[0m
[  42% ] [90m[1mreimport[22m | 正在準備重新匯入檔案…[39m[0m
[  43% ] [90m[1mreimport[22m | 正在準備重新匯入檔案…[39m[0m
[  44% ] [90m[1mreimport[22m | 正在準備重新匯入檔案…[39m[0m
[  45% ] [90m[1mreimport[22m | 正在準備重新匯入檔案…[39m[0m
[  47% ] [90m[1mreimport[22m | 正在準備重新匯入檔案…[39m[0m
[  48% ] [90m[1mreimport[22m | 正在準備重新匯入檔案…[39m[0m
[  49% ] [90m[1mreimport[22m | 正在準備重新匯入檔案…[39m[0m
[  50% ] [90m[1mreimport[22m | 正在準備重新匯入檔案…[39m[0m
[  51% ] [90m[1mreimport[22m | 正在準備重新匯入檔案…[39m[0m
[  52% ] [90m[1mreimport[22m | 正在準備重新匯入檔案…[39m[0m
[  54% ] [90m[1mreimport[22m | 正在準備重新匯入檔案…[39m[0m
[  55% ] [90m[1mreimport[22m | 正在準備重新匯入檔案…[39m[0m
[  56% ] [90m[1mreimport[22m | 正在準備重新匯入檔案…[39m[0m
[  57% ] [90m[1mreimport[22m | 正在準備重新匯入檔案…[39m[0m
[  58% ] [90m[1mreimport[22m | 正在準備重新匯入檔案…[39m[0m
[  59% ] [90m[1mreimport[22m | 正在準備重新匯入檔案…[39m[0m
[  60% ] [90m[1mreimport[22m | 正在準備重新匯入檔案…[39m[0m
[  62% ] [90m[1mreimport[22m | 正在準備重新匯入檔案…[39m[0m
[  63% ] [90m[1mreimport[22m | 正在準備重新匯入檔案…[39m[0m
[  64% ] [90m[1mreimport[22m | 正在準備重新匯入檔案…[39m[0m
[  65% ] [90m[1mreimport[22m | 正在準備重新匯入檔案…[39m[0m
[  66% ] [90m[1mreimport[22m | 正在準備重新匯入檔案…[39m[0m
[  67% ] [90m[1mreimport[22m | 正在準備重新匯入檔案…[39m[0m
[  68% ] [90m[1mreimport[22m | 正在準備重新匯入檔案…[39m[0m
[  70% ] [90m[1mreimport[22m | 正在準備重新匯入檔案…[39m[0m
[  71% ] [90m[1mreimport[22m | 正在準備重新匯入檔案…[39m[0m
[  72% ] [90m[1mreimport[22m | 正在準備重新匯入檔案…[39m[0m
[  73% ] [90m[1mreimport[22m | 正在準備重新匯入檔案…[39m[0m
[  74% ] [90m[1mreimport[22m | 正在準備重新匯入檔案…[39m[0m
[  75% ] [90m[1mreimport[22m | 正在準備重新匯入檔案…[39m[0m
[  77% ] [90m[1mreimport[22m | 正在準備重新匯入檔案…[39m[0m
[  78% ] [90m[1mreimport[22m | 正在準備重新匯入檔案…[39m[0m
[  79% ] [90m[1mreimport[22m | 正在準備重新匯入檔案…[39m[0m
[  80% ] [90m[1mreimport[22m | 正在準備重新匯入檔案…[39m[0m
[  81% ] [90m[1mreimport[22m | 正在準備重新匯入檔案…[39m[0m
[  82% ] [90m[1mreimport[22m | 正在準備重新匯入檔案…[39m[0m
[  83% ] [90m[1mreimport[22m | 正在準備重新匯入檔案…[39m[0m
[  85% ] [90m[1mreimport[22m | 正在準備重新匯入檔案…[39m[0m
[  86% ] [90m[1mreimport[22m | 正在準備重新匯入檔案…[39m[0m
[  87% ] [90m[1mreimport[22m | 正在準備重新匯入檔案…[39m[0m
[  88% ] [90m[1mreimport[22m | 正在準備重新匯入檔案…[39m[0m
[  89% ] [90m[1mreimport[22m | 正在準備重新匯入檔案…[39m[0m
[  90% ] [90m[1mreimport[22m | 正在準備重新匯入檔案…[39m[0m
[  91% ] [90m[1mreimport[22m | 正在準備重新匯入檔案…[39m[0m
[  93% ] [90m[1mreimport[22m | 正在準備重新匯入檔案…[39m[0m
[  94% ] [90m[1mreimport[22m | 正在準備重新匯入檔案…[39m[0m
[  95% ] [90m[1mreimport[22m | 正在準備重新匯入檔案…[39m[0m
[  96% ] [90m[1mreimport[22m | 正在準備重新匯入檔案…[39m[0m
[  97% ] [90m[1mreimport[22m | 正在準備重新匯入檔案…[39m[0m
[   0% ] [90m[1mreimport[22m | 執行預先重新匯入作業…[39m[0m
[   0% ] [90m[1mreimport[22m | riverside_tower_lights.png[39m[0m
[   1% ] [90m[1mreimport[22m | riverside_tower.png[39m[0m
[   2% ] [90m[1mreimport[22m | riverside_shops_lights.png[39m[0m
[   3% ] [90m[1mreimport[22m | riverside_shops.png[39m[0m
[   4% ] [90m[1mreimport[22m | retail_arcade_lights.png[39m[0m
[   5% ] [90m[1mreimport[22m | retail_arcade.png[39m[0m
[   6% ] [90m[1mreimport[22m | postpoint_lights.png[39m[0m
[   8% ] [90m[1mreimport[22m | postpoint.png[39m[0m
[   9% ] [90m[1mreimport[22m | popup_unit_lights.png[39m[0m
[  10% ] [90m[1mreimport[22m | popup_unit.png[39m[0m
[  11% ] [90m[1mreimport[22m | pier7_warehouse_lights.png[39m[0m
[  12% ] [90m[1mreimport[22m | pier7_warehouse.png[39m[0m
[  13% ] [90m[1mreimport[22m | old_town_studio_lights.png[39m[0m
[  14% ] [90m[1mreimport[22m | old_town_studio.png[39m[0m
[  16% ] [90m[1mreimport[22m | okafor_lettings_lights.png[39m[0m
[  17% ] [90m[1mreimport[22m | okafor_lettings.png[39m[0m
[  18% ] [90m[1mreimport[22m | office_slab_lights.png[39m[0m
[  19% ] [90m[1mreimport[22m | office_slab.png[39m[0m
[  20% ] [90m[1mreimport[22m | nexus_cowork_lights.png[39m[0m
[  21% ] [90m[1mreimport[22m | nexus_cowork.png[39m[0m
[  22% ] [90m[1mreimport[22m | nexus_bank_lights.png[39m[0m
[  24% ] [90m[1mreimport[22m | route_map.png[39m[0m
[  25% ] [90m[1mreimport[22m | floor_wood_warm.png[39m[0m
[  26% ] [90m[1mreimport[22m | floor_wood_dark.png[39m[0m
[  27% ] [90m[1mreimport[22m | floor_wood_cafe.png[39m[0m
[  28% ] [90m[1mreimport[22m | floor_tile_white.png[39m[0m
[  29% ] [90m[1mreimport[22m | floor_marble.png[39m[0m
[  31% ] [90m[1mreimport[22m | floor_harbor_concrete.png[39m[0m
[  32% ] [90m[1mreimport[22m | floor_concrete.png[39m[0m
[  33% ] [90m[1mreimport[22m | floor_checker.png[39m[0m
[  34% ] [90m[1mreimport[22m | floor_carpet_navy.png[39m[0m
[  35% ] [90m[1mreimport[22m | warehouse_shed_lights.png[39m[0m
[  36% ] [90m[1mreimport[22m | warehouse_shed.png[39m[0m
[  37% ] [90m[1mreimport[22m | threadline_apparel_lights.png[39m[0m
[  39% ] [90m[1mreimport[22m | threadline_apparel.png[39m[0m
[  40% ] [90m[1mreimport[22m | suite_building_lights.png[39m[0m
[  41% ] [90m[1mreimport[22m | suite_building.png[39m[0m
[  42% ] [90m[1mreimport[22m | shop_row_awning_lights.png[39m[0m
[  43% ] [90m[1mreimport[22m | shop_row_awning.png[39m[0m
[  44% ] [90m[1mreimport[22m | rowhouse_brick_lights.png[39m[0m
[  45% ] [90m[1mreimport[22m | rowhouse_brick.png[39m[0m
[  47% ] [90m[1mreimport[22m | riverside_walkup_lights.png[39m[0m
[  48% ] [90m[1mreimport[22m | riverside_walkup.png[39m[0m
[  49% ] [90m[1mreimport[22m | container_stack.png[39m[0m
[  50% ] [90m[1mreimport[22m | cold_store_lights.png[39m[0m
[  51% ] [90m[1mreimport[22m | cold_store.png[39m[0m
[  52% ] [90m[1mreimport[22m | clock_tower_lights.png[39m[0m
[  54% ] [90m[1mreimport[22m | clock_tower.png[39m[0m
[  55% ] [90m[1mreimport[22m | civic_annex_lights.png[39m[0m
[  56% ] [90m[1mreimport[22m | civic_annex.png[39m[0m
[  57% ] [90m[1mreimport[22m | city_hall_lights.png[39m[0m
[  58% ] [90m[1mreimport[22m | city_hall.png[39m[0m
[  59% ] [90m[1mreimport[22m | cinema_front_lights.png[39m[0m
[  60% ] [90m[1mreimport[22m | cinema_front.png[39m[0m
[  62% ] [90m[1mreimport[22m | byte_bean_lights.png[39m[0m
[  63% ] [90m[1mreimport[22m | byte_bean.png[39m[0m
[  64% ] [90m[1mreimport[22m | brick_shops_lights.png[39m[0m
[  65% ] [90m[1mreimport[22m | brick_shops.png[39m[0m
[  66% ] [90m[1mreimport[22m | bloom_block_lights.png[39m[0m
[  67% ] [90m[1mreimport[22m | bloom_block.png[39m[0m
[  68% ] [90m[1mreimport[22m | arcade_arches_lights.png[39m[0m
[  70% ] [90m[1mreimport[22m | arcade_arches.png[39m[0m
[  71% ] [90m[1mreimport[22m | apartment_mid_lights.png[39m[0m
[  72% ] [90m[1mreimport[22m | apartment_mid.png[39m[0m
[  73% ] [90m[1mreimport[22m | nexus_bank.png[39m[0m
[  74% ] [90m[1mreimport[22m | metro_entrance_lights.png[39m[0m
[  75% ] [90m[1mreimport[22m | metro_entrance.png[39m[0m
[  77% ] [90m[1mreimport[22m | lantern_bistro_lights.png[39m[0m
[  78% ] [90m[1mreimport[22m | lantern_bistro.png[39m[0m
[  79% ] [90m[1mreimport[22m | horizon_labs_lights.png[39m[0m
[  80% ] [90m[1mreimport[22m | horizon_labs.png[39m[0m
[  81% ] [90m[1mreimport[22m | harbor_point_fitness_lights.png[39m[0m
[  82% ] [90m[1mreimport[22m | harbor_point_fitness.png[39m[0m
[  83% ] [90m[1mreimport[22m | glass_tower_lights.png[39m[0m
[  85% ] [90m[1mreimport[22m | glass_tower.png[39m[0m
[  86% ] [90m[1mreimport[22m | finance_tower_lights.png[39m[0m
[  87% ] [90m[1mreimport[22m | finance_tower.png[39m[0m
[  88% ] [90m[1mreimport[22m | dockside_motors_lights.png[39m[0m
[  89% ] [90m[1mreimport[22m | dockside_motors.png[39m[0m
[  90% ] [90m[1mreimport[22m | customs_house_lights.png[39m[0m
[  91% ] [90m[1mreimport[22m | customs_house.png[39m[0m
[  93% ] [90m[1mreimport[22m | crestline_flagship_lights.png[39m[0m
[  94% ] [90m[1mreimport[22m | crestline_flagship.png[39m[0m
[  95% ] [90m[1mreimport[22m | corner_cafe_unit_lights.png[39m[0m
[  96% ] [90m[1mreimport[22m | corner_cafe_unit.png[39m[0m
[  97% ] [90m[1mreimport[22m | container_stack_lights.png[39m[0m
[  98% ] [90m[1mreimport[22m | 完成素材匯入...[39m[0m
[92m[ DONE ][39m [1mreimport[22m
[0m
[   0% ] [90m[1mreimport[22m | Started （重新）匯入素材 (86 steps)[39m[0m
[   0% ] [90m[1mreimport[22m | 執行重新匯入後續處理作業…[39m[0m
[92m[ DONE ][39m [1mreimport[22m
[0m
[   0% ] [90m[1mloading_editor_layout[22m | Started 載入編輯器 (5 steps)[39m[0m
[   0% ] [90m[1mloading_editor_layout[22m | 載入編輯器版面配置中…[39m[0m
[92m[ DONE ][39m [1mloading_editor_layout[22m
[0m
