Godot Engine v4.5.1.stable.official.f62fdbde1 - https://godotengine.org
OpenGL API 3.3.0 NVIDIA 462.59 - Compatibility - Using Device: NVIDIA - Quadro RTX 4000

   0.3s   ok  new-game walkthrough uses normal relaxed work income
   0.3s STEP Main menu → New Game
   0.6s   shot 01_main_menu.png
   0.6s   click [NewGame] New Game
   0.7s   click [CreateRunCharacter] Create character
   2.0s STEP Character Creator
   2.1s   shot 02_creator_default.png
   2.1s   click [Tab_hair] Hair
   2.3s   click [Next_hair] ▶
   2.8s   click [Tab_face] Face
   2.9s   click [Next_face] ▶
   3.1s   click [Next_eye_shape] ▶
   3.3s   click [Tab_body] Body
   3.5s   click [Next_presentation] ▶
   4.2s   shot 03_creator_customised.png
   4.2s   click [Tab_outfit] Outfit
   4.3s   click "Startup Casual"
   5.0s   ok  appearance changed from default (short_neat)
   5.1s   shot 04_creator_final.png
   5.1s   click [Start] Start in Aurelia  →
   5.3s [6月1日（週日） 下午 2:00] STEP Arrival sequence
   8.0s [6月1日（週日） 下午 2:00]   shot 05_arrival_train.png
  11.6s [6月1日（週日） 下午 2:00]   shot 06_arrival_phone.png
  16.8s [6月1日（週日） 下午 2:01]   ok  spawned in the Riverside apartment
  16.8s [6月1日（週日） 下午 2:01]   ok  starting cash $30,000
  16.8s [6月1日（週日） 下午 2:01]   ok  name saved
  18.5s [6月1日（週日） 下午 2:03]   shot 07_apartment_arrival.png
  18.5s [6月1日（週日） 下午 2:00] STEP (harness) skip to Chapter 10
  19.7s [6月1日（週日） 下午 2:02] STEP Industrial — factory lease, machine, technician and first OEM invoice
  23.9s [6月1日（週日） 下午 2:07]   ok  walked back outside
  26.2s [6月1日（週日） 下午 2:11]   traffic collision report dismissed
  42.7s [6月1日（週日） 下午 2:35]   use "捷運——河濱區站"
  43.7s [6月1日（週日） 下午 2:37]   shot 08_metro_industrial.png
  43.7s [6月1日（週日） 下午 2:37]   click [Go_industrial] 工業區  ·  14 分鐘
  44.8s [6月1日（週日） 下午 2:52]   ok  took the Metro to Industrial
  44.9s [6月1日（週日） 下午 2:52]   shot 09_industrial_day.png
  63.7s [6月1日（週日） 下午 3:21]   ok  entered Unit 12 Light Industrial
  68.7s [6月1日（週日） 下午 3:28]   use "Lease Unit 12"
  68.8s [6月1日（週日） 下午 3:28]   click [SignLease_unit12_factory] Sign the lease
  69.4s [6月1日（週日） 下午 3:29]   ok  factory lease signed with actual company funds
  69.5s [6月1日（週日） 下午 3:29]   shot 10_factory_interior.png
  70.8s [6月1日（週日） 下午 3:31]   use "Open Line Planner"
  70.9s [6月1日（週日） 下午 3:32]   click [OpenFactory] Open the factory
  71.1s [6月1日（週日） 下午 3:32]   click [RentMachine] Rent machine · $1,400/month
  71.3s [6月1日（週日） 下午 3:32]   click [HireTomas] Hire Tomas · $1,100/week
  71.5s [6月1日（週日） 下午 3:32]   ok  hired a production technician
  71.5s [6月1日（週日） 下午 3:32]   click [QuoteLess_RFQ-1] −$0.25
  71.7s [6月1日（週日） 下午 3:33]   click [QuoteLess_RFQ-1] −$0.25
  71.9s [6月1日（週日） 下午 3:33]   click [QuoteLess_RFQ-1] −$0.25
  72.1s [6月1日（週日） 下午 3:33]   click [Quote_RFQ-1] Send quote
  72.3s [6月1日（週日） 下午 3:34]   ok  OEM quote became a Jobs contract with deposit
  72.3s [6月1日（週日） 下午 3:34]   click [MaterialMore] +100 units
  72.5s [6月1日（週日） 下午 3:34]   click [MaterialMore] +100 units
  72.7s [6月1日（週日） 下午 3:34]   click [MaterialMore] +100 units
  72.9s [6月1日（週日） 下午 3:35]   click [MaterialMore] +100 units
  73.1s [6月1日（週日） 下午 3:35]   click [MaterialMore] +100 units
  73.3s [6月1日（週日） 下午 3:35]   click [MaterialMore] +100 units
  73.5s [6月1日（週日） 下午 3:35]   click [MaterialMore] +100 units
  73.7s [6月1日（週日） 下午 3:36]   click [MaterialMore] +100 units
  73.9s [6月1日（週日） 下午 3:36]   click [MaterialMore] +100 units
  74.1s [6月1日（週日） 下午 3:36]   click [MaterialMore] +100 units
  74.3s [6月1日（週日） 下午 3:37]   click [BuyMaterials] Order Ferro materials
  75.3s [6月3日（週二） 下午 3:38]   shot 11_decision_low_cash_warning.png
  75.3s [6月3日（週二） 下午 3:38]   decision low_cash_warning → reduce
  75.3s [6月3日（週二） 下午 3:38]   click [Choice_reduce] 縮減開支（暫停廣告、生活從簡）
  76.8s [6月3日（週二） 下午 3:38]   shot 12_decision_outcome_low_cash_warning.png
  76.8s [6月3日（週二） 下午 3:38]   click "OK"
  77.5s [6月3日（週二） 下午 3:39]   use "Open Line Planner"
  77.6s [6月3日（週二） 下午 3:39]   click [Select_JOB-1] Schedule this order
  77.8s [6月3日（週二） 下午 3:39]   click [FactoryOvertime] ✗ 加班 · 工資 ×1.5、良率降低 2 個百分點
  78.0s [6月3日（週二） 下午 3:39]   click [More_hours] +
  78.2s [6月3日（週二） 下午 3:40]   click [More_hours] +
  78.4s [6月3日（週二） 下午 3:40]   click [More_hours] +
  78.6s [6月3日（週二） 下午 3:40]   click [More_hours] +
  78.8s [6月3日（週二） 下午 3:40]   click [More_hours] +
  79.0s [6月3日（週二） 下午 3:41]   click [More_hours] +
  79.2s [6月3日（週二） 下午 3:41]   click [More_hours] +
  79.4s [6月3日（週二） 下午 3:41]   click [More_hours] +
  79.7s [6月3日（週二） 下午 3:42]   shot 13_line_planner.png
  79.7s [6月3日（週二） 下午 3:42]   click [ReserveSlot] Reserve production slot
  80.6s [6月5日（週四） 上午 1:00]   shot 14_decision_low_cash_warning.png
  80.6s [6月5日（週四） 上午 1:00]   decision low_cash_warning → reduce
  80.6s [6月5日（週四） 上午 1:00]   click [Choice_reduce] 縮減開支（暫停廣告、生活從簡）
  82.0s [6月5日（週四） 上午 1:00]   shot 15_decision_outcome_low_cash_warning.png
  82.0s [6月5日（週四） 上午 1:00]   click "OK"
  88.9s [6月5日（週四） 上午 1:10]   use "Open Line Planner"
  89.0s [6月5日（週四） 上午 1:10]   ok  first factory revenue has a completed traceable order
  89.0s [6月5日（週四） 上午 1:10]   click [FactoryTab_quality] Quality results
  89.3s [6月5日（週四） 上午 1:10]   shot 16_factory_quality.png
  89.3s [6月5日（週四） 上午 1:10]   ok  OEM material, overtime, invoice and return journals balanced
  94.0s [6月5日（週四） 上午 1:18]   ok  walked back outside
  94.4s [6月5日（週四） 下午 9:00]   shot 17_industrial_night.png
  94.5s [6月5日（週四） 下午 9:01]   shot 18_decision_manufacturing_cancel.png
  94.5s [6月5日（週四） 下午 9:01]   decision manufacturing_cancel → retain
  94.5s [6月5日（週四） 下午 9:01]   click [Choice_retain] 扣留已發生的生產成本
  96.1s [6月5日（週四） 下午 9:01]   shot 19_decision_outcome_manufacturing_cancel.png
  96.1s [6月5日（週四） 下午 9:01]   click "OK"
  98.1s [6月5日（週四） 下午 9:04]   traffic collision report dismissed
 113.7s [6月5日（週四） 下午 9:27]   use "捷運——工業區站"
 114.7s [6月5日（週四） 下午 9:28]   shot 20_metro_riverside.png
 114.7s [6月5日（週四） 下午 9:28]   click [Go_riverside] 河濱區  ·  14 分鐘
 115.7s [6月5日（週四） 下午 9:44]   ok  took the Metro to Riverside
 130.2s [6月5日（週四） 下午 10:06]   ok  entered Riverside Tower
 130.2s [6月5日（週四） 下午 10:06] STEP Save → reload → same state
 131.2s [6月5日（週四） 下午 10:07]   ok  cash restored after load
 131.2s [6月5日（週四） 下午 10:07]   ok  time restored after load
 131.2s [6月5日（週四） 下午 10:07]   ok  location restored (riverside_apartment)
 131.4s [6月5日（週四） 下午 10:07]   shot 21_after_load.png
 131.4s [6月1日（週日） 下午 2:00] STEP (harness) skip to Chapter 10
 132.6s [6月1日（週日） 下午 2:02] STEP Residential — licence, brokerage office, client match and first commission
 135.9s [6月3日（週二） 上午 10:06]   ok  walked back outside
 149.9s [6月3日（週二） 上午 10:27]   use "捷運——河濱區站"
 150.9s [6月3日（週二） 上午 10:28]   shot 22_metro_civic_center.png
 150.9s [6月3日（週二） 上午 10:28]   click [Go_civic_center] 市政中心  ·  12 分鐘
 152.0s [6月3日（週二） 上午 10:42]   ok  took the Metro to Civic Center
 159.1s [6月3日（週二） 上午 10:53]   ok  entered Aurelia City Hall
 160.9s [6月3日（週二） 上午 10:55]   use "Permits & regulations"
 161.0s [6月3日（週二） 上午 10:55]   click [PropertyPermits] Property permits
 161.2s [6月3日（週二） 上午 10:56]   click [ApplyRealtyPermit_brokerage] 申請：$250.00 · 3 天
 162.6s [6月6日（週五） 上午 10:57]   ok  brokerage licence followed City Hall fee and three-day process
 165.6s [6月6日（週五） 上午 11:03]   ok  walked back outside
 171.2s [6月6日（週五） 上午 11:11]   use "捷運——市政中心站"
 172.2s [6月6日（週五） 上午 11:13]   shot 23_metro_residential.png
 172.2s [6月6日（週五） 上午 11:13]   click [Go_residential] 住宅區  ·  32 分鐘
 173.2s [6月6日（週五） 上午 11:46]   ok  took the Metro to Residential
 173.3s [6月6日（週五） 上午 11:46]   shot 24_residential_day.png
 176.1s [6月6日（週五） 上午 11:51]   traffic collision report dismissed
 180.5s [6月6日（週五） 上午 11:57]   ok  entered Harlow & Finch Realty
 180.9s [6月6日（週五） 上午 11:58]   use "Lease the brokerage office"
 181.0s [6月6日（週五） 上午 11:58]   click [SignLease_realty_office] Sign the lease
 182.9s [6月6日（週五） 下午 12:01]   use "Open Matchmaker"
 183.0s [6月6日（週五） 下午 12:01]   click [OpenBrokerage] Open the brokerage
 183.2s [6月6日（週五） 下午 12:01]   shot 25_matchmaker.png
 183.7s [6月6日（週五） 下午 12:02]   use "Open Matchmaker"
 183.8s [6月6日（週五） 下午 12:02]   click [Mandate_M-1] 選擇物件
 184.0s [6月6日（週五） 下午 12:03]   click [Client_C-4] 選擇客戶
 184.2s [6月6日（週五） 下午 12:03]   click [Negotiate_soft] 柔性議價
 184.4s [6月6日（週五） 下午 12:03]   click [ArrangeViewing] 安排帶看：$180.00 · 90 分鐘
 185.3s [6月6日（週五） 下午 1:34]   use "Open Matchmaker"
 185.4s [6月6日（週五） 下午 1:35]   click [Mandate_M-2] 選擇物件
 185.6s [6月6日（週五） 下午 1:35]   click [Client_C-5] 選擇客戶
 185.8s [6月6日（週五） 下午 1:35]   click [Negotiate_soft] 柔性議價
 186.0s [6月6日（週五） 下午 1:36]   click [ArrangeViewing] 安排帶看：$180.00 · 90 分鐘
 187.8s [6月13日（週五） 下午 3:07]   shot 26_decision_real_estate_arrears.png
 187.8s [6月13日（週五） 下午 3:07]   decision real_estate_arrears → respond
 187.8s [6月13日（週五） 下午 3:07]   click [Choice_respond] 檢視物件並處理
 189.2s [6月13日（週五） 下午 3:07]   shot 27_decision_outcome_real_estate_arrears.png
 189.2s [6月13日（週五） 下午 3:07]   click "OK"
 189.9s [6月13日（週五） 下午 3:07]   use "Open Matchmaker"
 190.0s [6月13日（週五） 下午 3:08]   click [Mandate_M-7] 選擇物件
 190.2s [6月13日（週五） 下午 3:08]   click [Client_C-8] 選擇客戶
 190.4s [6月13日（週五） 下午 3:08]   click [Negotiate_soft] 柔性議價
 190.6s [6月13日（週五） 下午 3:09]   click [ArrangeViewing] 安排帶看：$180.00 · 90 分鐘
 191.5s [6月13日（週五） 下午 4:40]   use "Open Matchmaker"
 191.6s [6月13日（週五） 下午 4:40]   click [Mandate_M-7] 選擇物件
 191.8s [6月13日（週五） 下午 4:40]   click [Client_C-10] 選擇客戶
 192.0s [6月13日（週五） 下午 4:41]   click [Negotiate_soft] 柔性議價
 192.2s [6月13日（週五） 下午 4:41]   click [ArrangeViewing] 安排帶看：$180.00 · 90 分鐘
 194.0s [6月20日（週五） 下午 6:12]   shot 28_decision_real_estate_neighbors.png
 194.0s [6月20日（週五） 下午 6:12]   decision real_estate_neighbors → respond
 194.0s [6月20日（週五） 下午 6:12]   click [Choice_respond] 檢視物件並處理
 195.5s [6月20日（週五） 下午 6:12]   shot 29_decision_outcome_real_estate_neighbors.png
 195.5s [6月20日（週五） 下午 6:12]   click "OK"
 196.2s [6月20日（週五） 下午 6:12]   use "Open Matchmaker"
 196.3s [6月20日（週五） 下午 6:13]   click [Mandate_M-12] 選擇物件
 196.5s [6月20日（週五） 下午 6:13]   click [Client_C-13] 選擇客戶
 196.7s [6月20日（週五） 下午 6:13]   click [Negotiate_soft] 柔性議價
 196.9s [6月20日（週五） 下午 6:14]   click [ArrangeViewing] 安排帶看：$180.00 · 90 分鐘
 197.8s [6月20日（週五） 下午 7:45]   use "Open Matchmaker"
 197.9s [6月20日（週五） 下午 7:45]   click [Mandate_M-12] 選擇物件
 198.1s [6月20日（週五） 下午 7:45]   click [Client_C-15] 選擇客戶
 198.3s [6月20日（週五） 下午 7:46]   click [Negotiate_soft] 柔性議價
 198.5s [6月20日（週五） 下午 7:46]   click [ArrangeViewing] 安排帶看：$180.00 · 90 分鐘
 199.1s [6月20日（週五） 下午 9:17]   ok  first brokerage income from a real client deal
 199.1s [6月20日（週五） 下午 9:17]   ok  viewing and commission ledger balanced
 199.3s [6月20日（週五） 下午 9:17]   use "Open Matchmaker"
 199.4s [6月20日（週五） 下午 9:17]   click [RealtyTab_properties] Properties
 199.6s [6月20日（週五） 下午 9:18]   shot 30_property_management.png
 203.0s [6月20日（週五） 下午 9:24]   ok  walked back outside
 209.2s [6月20日（週五） 下午 9:33]   use "捷運——住宅區站"
 210.1s [6月20日（週五） 下午 9:34]   shot 31_metro_riverside.png
 210.1s [6月20日（週五） 下午 9:34]   click [Go_riverside] 河濱區  ·  19 分鐘
 211.2s [6月20日（週五） 下午 9:55]   ok  took the Metro to Riverside
 225.7s [6月20日（週五） 下午 10:17]   ok  entered Riverside Tower
 225.7s [6月20日（週五） 下午 10:17] STEP Save → reload → same state
 226.7s [6月20日（週五） 下午 10:18]   ok  cash restored after load
 226.7s [6月20日（週五） 下午 10:18]   ok  time restored after load
 226.7s [6月20日（週五） 下午 10:18]   ok  location restored (riverside_apartment)
 226.8s [6月20日（週五） 下午 10:18]   shot 32_after_load.png
 226.8s [6月1日（週日） 下午 2:00] STEP (harness) skip to Chapter 10
 228.1s [6月1日（週日） 下午 2:02] STEP University — lease studio, creative pitch, media mix and first client invoice
 231.2s [6月1日（週日） 下午 2:08]   ok  walked back outside
 233.5s [6月1日（週日） 下午 2:11]   traffic collision report dismissed
 249.5s [6月1日（週日） 下午 2:35]   use "捷運——河濱區站"
 250.5s [6月1日（週日） 下午 2:37]   shot 33_metro_university.png
 250.5s [6月1日（週日） 下午 2:37]   click [Go_university] 大學城  ·  13 分鐘
 251.6s [6月1日（週日） 下午 2:51]   ok  took the Metro to University
 251.6s [6月1日（週日） 下午 2:51]   shot 34_university_day.png
 264.1s [6月1日（週日） 下午 3:10]   ok  entered The Loft
 264.5s [6月1日（週日） 下午 3:11]   use "Lease The Loft studio"
 264.6s [6月1日（週日） 下午 3:11]   click [SignLease_loft_office] Sign the lease
 266.4s [6月1日（週日） 下午 3:14]   use "Open Campaign Mixer"
 266.5s [6月1日（週日） 下午 3:14]   click [OpenAgency] Open the campaign studio
 267.3s [6月1日（週日） 下午 3:15]   use "Open Campaign Mixer"
 267.4s [6月1日（週日） 下午 3:15]   click [CreativePitch_JOB-1] Build Creative Pitch
 268.3s [6月1日（週日） 下午 3:16]   click [StartGame] Begin practice
 268.5s [6月1日（週日） 下午 3:16]   shot 35_creative_pitch_first_use_step_0.png
 268.5s [6月1日（週日） 下午 3:16]   click [CreativeCard_slogan_2] Care for every home
 268.8s [6月1日（週日） 下午 3:16]   click [CreativeCard_visual_0] Bold colour
 269.0s [6月1日（週日） 下午 3:16]   click [CreativeCard_tone_3] Refined
 269.3s [6月1日（週日） 下午 3:16]   ok  creative_pitch_first_use tutorial completes
 269.4s [6月1日（週日） 下午 3:16]   shot 36_creative_pitch_first_use_ready.png
 269.4s [6月1日（週日） 下午 3:16]   click [StartFormalWork] Start work
 269.6s [6月1日（週日） 下午 3:16]   click [CreativeCard_slogan_2] Care for every home
 269.8s [6月1日（週日） 下午 3:16]   click [CreativeCard_visual_0] Bold colour
 270.0s [6月1日（週日） 下午 3:16]   click [CreativeCard_tone_3] Refined
 270.2s [6月1日（週日） 下午 3:16]   shot 37_creative_pitch_result.png
 270.2s [6月1日（週日） 下午 3:16]   click [FinishGame] Continue
 270.3s [6月1日（週日） 下午 5:16]   click [Propose_JOB-1] 提出提案 · $280 · 180 分鐘
 271.1s [6月1日（週日） 下午 8:17]   use "Open Campaign Mixer"
 271.2s [6月1日（週日） 下午 8:17]   click [CreativePitch_JOB-2] Build Creative Pitch
 272.0s [6月1日（週日） 下午 8:17]   click [StartGame] Start
 272.2s [6月1日（週日） 下午 8:17]   click [CreativeCard_slogan_3] Quiet excellence
 272.4s [6月1日（週日） 下午 8:17]   click [CreativeCard_visual_1] Clean charts
 272.6s [6月1日（週日） 下午 8:17]   click [CreativeCard_tone_0] Playful
 272.8s [6月1日（週日） 下午 8:17]   shot 38_creative_pitch_result.png
 272.8s [6月1日（週日） 下午 8:17]   click [FinishGame] Continue
 272.9s [6月1日（週日） 下午 10:17]   click [Propose_JOB-2] 提出提案 · $280 · 180 分鐘
 273.6s [6月2日（週一） 上午 1:17]   ok  actual creative cards and proposal win a client job
 273.7s [6月2日（週一） 上午 1:18]   use "Open Campaign Mixer"
 273.8s [6月2日（週一） 上午 1:18]   click [MediaTab_mixer] Media mix
 274.0s [6月2日（週一） 上午 1:18]   click [SelectCampaign_JOB-2] Finch Families
 274.2s [6月2日（週一） 上午 1:18]   click [MixMore_radio] +
 274.4s [6月2日（週一） 上午 1:19]   shot 39_campaign_mixer.png
 276.4s [6月16日（週一） 上午 1:20]   ok  daily campaign finishes actual client work
 276.4s [6月16日（週一） 上午 1:20]   ok  first agency income is a traceable Jobs invoice
 276.4s [6月16日（週一） 上午 1:20]   ok  campaign costs and invoice balance
 276.6s [6月16日（週一） 上午 1:20]   use "Open Campaign Mixer"
 276.7s [6月16日（週一） 上午 1:20]   click [MediaTab_reports] Campaign reports
 276.9s [6月16日（週一） 上午 1:20]   shot 40_campaign_report.png
 279.5s [6月16日（週一） 上午 1:25]   ok  walked back outside
 285.9s [6月16日（週一） 上午 1:35]   use "捷運——大學區站"
 286.9s [6月16日（週一） 上午 1:36]   shot 41_metro_riverside.png
 286.9s [6月16日（週一） 上午 1:36]   click [Go_riverside] 河濱區  ·  13 分鐘
 287.9s [6月16日（週一） 上午 1:51]   ok  took the Metro to Riverside
 297.1s [6月16日（週一） 上午 2:05]   ok  entered Riverside Tower
 297.1s [6月16日（週一） 上午 2:05] STEP Save → reload → same state
 298.0s [6月16日（週一） 上午 2:06]   ok  cash restored after load
 298.0s [6月16日（週一） 上午 2:06]   ok  time restored after load
 298.0s [6月16日（週一） 上午 2:06]   ok  location restored (riverside_apartment)
 298.2s [6月16日（週一） 上午 2:06]   shot 42_after_load.png
 298.2s [6月1日（週日） 下午 2:00] STEP (harness) skip to Chapter 10
 299.4s [6月1日（週日） 下午 2:02] STEP Luxury Heights — take over the Aster Inn, set the Rate Board, staff up and sell the first nights
 302.6s [6月1日（週日） 下午 2:08]   ok  walked back outside
 304.8s [6月1日（週日） 下午 2:11]   traffic collision report dismissed
 321.0s [6月1日（週日） 下午 2:35]   use "捷運——河濱區站"
 322.0s [6月1日（週日） 下午 2:37]   shot 43_metro_luxury_heights.png
 322.0s [6月1日（週日） 下午 2:37]   click [Go_luxury_heights] 豪景高地  ·  18 分鐘
 323.0s [6月1日（週日） 下午 2:56]   ok  took the Metro to Luxury Heights
 323.1s [6月1日（週日） 下午 2:56]   shot 44_luxury_heights_day.png
 341.9s [6月1日（週日） 下午 3:25]   ok  entered The Aster
 343.1s [6月1日（週日） 下午 3:27]   use "Open the Rate Board"
 343.2s [6月1日（週日） 下午 3:27]   click [TakeoverAster] 頂下 Aster 小旅館 · $150,000
 343.5s [6月1日（週日） 下午 3:27]   ok  actual takeover opens the 12-room Aster Inn
 343.5s [6月1日（週日） 下午 3:27]   shot 45_rate_board.png
 343.5s [6月1日（週日） 下午 3:27]   click [Price_standard_10] +$10
 343.7s [6月1日（週日） 下午 3:27]   click [BoardNextOps] Next: daily operations
 344.0s [6月1日（週日） 下午 3:28]   shot 46_hotel_operations.png
 345.8s [6月13日（週五） 下午 9:29]   ok  night audits sell rooms and book room revenue
 345.8s [6月13日（週五） 下午 9:29]   ok  hotel books balance
 346.0s [6月13日（週五） 下午 9:29]   use "Open the Rate Board"
 346.1s [6月13日（週五） 下午 9:29]   click [HotelTab_reviews] Guest reviews
 346.3s [6月13日（週五） 下午 9:29]   shot 47_guest_reviews.png
 346.3s [6月1日（週日） 下午 2:00] STEP (harness) skip to Chapter 10
 347.6s [6月1日（週日） 下午 2:02] STEP Industrial - lease warehouse, Roof Survey, subsidy, install and first solar invoice
 351.1s [6月1日（週日） 下午 2:09]   ok  walked back outside
 353.4s [6月1日（週日） 下午 2:12]   traffic collision report dismissed
 369.6s [6月1日（週日） 下午 2:36]   use "捷運——河濱區站"
 370.6s [6月1日（週日） 下午 2:38]   shot 48_metro_industrial.png
 370.6s [6月1日（週日） 下午 2:38]   click [Go_industrial] 工業區  ·  14 分鐘
 371.6s [6月1日（週日） 下午 2:53]   ok  took the Metro to Industrial
 371.7s [6月1日（週日） 下午 2:53]   shot 49_industrial_energy_day.png
 380.0s [6月1日（週日） 下午 3:06]   ok  entered Helio Warehouse Office
 385.0s [6月1日（週日） 下午 3:14]   use "Lease the Helio warehouse office"
 385.1s [6月1日（週日） 下午 3:14]   click [SignLease_helio_warehouse] Sign the lease
 387.1s [6月1日（週日） 下午 3:17]   use "Open Energy Console"
 387.2s [6月1日（週日） 下午 3:17]   click [OpenEnergy] 開辦太陽能事業
 388.0s [6月1日（週日） 下午 3:18]   use "Open Energy Console"
 388.1s [6月1日（週日） 下午 3:18]   click [Survey_ROOF-1] 勘查這個屋頂
 388.3s [6月1日（週日） 下午 3:18]   click [AutoLayout] 自動擺放最佳位置
 388.6s [6月1日（週日） 下午 3:19]   shot 50_roof_survey.png
 388.6s [6月1日（週日） 下午 3:19]   click [SendQuote] 送出報價 · $29,526
 395.5s [6月1日（週日） 下午 4:14]   use "Open Energy Console"
 395.6s [6月1日（週日） 下午 4:14]   click [Survey_ROOF-2] 勘查這個屋頂
 395.8s [6月1日（週日） 下午 4:15]   click [AutoLayout] 自動擺放最佳位置
 396.1s [6月1日（週日） 下午 4:15]   shot 51_roof_survey.png
 396.1s [6月1日（週日） 下午 4:15]   click [SendQuote] 送出報價 · $7,816
 396.8s [6月1日（週日） 下午 5:01]   use "Open Energy Console"
 396.9s [6月1日（週日） 下午 5:01]   click [Survey_ROOF-3] 勘查這個屋頂
 397.1s [6月1日（週日） 下午 5:02]   click [AutoLayout] 自動擺放最佳位置
 397.4s [6月1日（週日） 下午 5:02]   shot 52_roof_survey.png
 397.4s [6月1日（週日） 下午 5:02]   click [SendQuote] 送出報價 · $10,421
 398.9s [6月8日（週日） 下午 5:48]   use "Open Energy Console"
 399.0s [6月8日（週日） 下午 5:49]   click [Survey_ROOF-4] 勘查這個屋頂
 399.2s [6月8日（週日） 下午 5:49]   click [AutoLayout] 自動擺放最佳位置
 399.4s [6月8日（週日） 下午 5:49]   shot 53_roof_survey.png
 399.4s [6月8日（週日） 下午 5:49]   click [SendQuote] 送出報價 · $7,816
 400.2s [6月8日（週日） 下午 6:35]   use "Open Energy Console"
 400.3s [6月8日（週日） 下午 6:36]   click [Survey_ROOF-5] 勘查這個屋頂
 400.5s [6月8日（週日） 下午 6:36]   click [AutoLayout] 自動擺放最佳位置
 400.7s [6月8日（週日） 下午 6:36]   shot 54_roof_survey.png
 400.7s [6月8日（週日） 下午 6:36]   click [SendQuote] 送出報價 · $13,026
 402.3s [6月15日（週日） 下午 7:23]   use "Open Energy Console"
 402.4s [6月15日（週日） 下午 7:23]   click [Survey_ROOF-6] 勘查這個屋頂
 402.6s [6月15日（週日） 下午 7:23]   click [AutoLayout] 自動擺放最佳位置
 402.8s [6月15日（週日） 下午 7:23]   shot 55_roof_survey.png
 402.8s [6月15日（週日） 下午 7:23]   click [SendQuote] 送出報價 · $14,763
 403.4s [6月15日（週日） 下午 8:09]   ok  actual Roof Survey quote wins a client job
 403.6s [6月15日（週日） 下午 8:10]   use "Open Energy Console"
 403.7s [6月15日（週日） 下午 8:10]   click [EnergyTab_installs] Installs & warranty
 403.8s [6月15日（週日） 下午 8:10]   click [StartInstall_JOB-1] 訂購材料並開工 · $11,220
 409.4s [7月15日（週二） 下午 8:11]   shot 56_month_close_report.png
 409.4s [7月15日（週二） 下午 8:11]   click [month close] Continue
 410.0s [7月15日（週二） 下午 8:11]   shot 57_decision_low_cash_warning.png
 410.0s [7月15日（週二） 下午 8:11]   decision low_cash_warning → reduce
 410.0s [7月15日（週二） 下午 8:11]   click [Choice_reduce] 縮減開支（暫停廣告、生活從簡）
 411.4s [7月15日（週二） 下午 8:11]   shot 58_decision_outcome_low_cash_warning.png
 411.4s [7月15日（週二） 下午 8:11]   click "OK"
 412.0s [7月15日（週二） 下午 8:11]   shot 59_decision_energy_typhoon.png
 412.0s [7月15日（週二） 下午 8:11]   decision energy_typhoon → honour
 412.0s [7月15日（週二） 下午 8:11]   click [Choice_honour] 接受所有理賠並立刻修復
 413.5s [7月15日（週二） 下午 8:11]   shot 60_decision_outcome_energy_typhoon.png
 413.5s [7月15日（週二） 下午 8:11]   click "OK"
 414.1s [7月15日（週二） 下午 8:11]   shot 61_decision_low_cash_warning.png
 414.1s [7月15日（週二） 下午 8:11]   decision low_cash_warning → reduce
 414.1s [7月15日（週二） 下午 8:11]   click [Choice_reduce] 縮減開支（暫停廣告、生活從簡）
 415.6s [7月15日（週二） 下午 8:11]   shot 62_decision_outcome_low_cash_warning.png
 415.6s [7月15日（週二） 下午 8:11]   click "OK"
 416.2s [7月15日（週二） 下午 8:11]   shot 63_decision_low_cash_warning.png
 416.2s [7月15日（週二） 下午 8:11]   decision low_cash_warning → reduce
 416.2s [7月15日（週二） 下午 8:11]   click [Choice_reduce] 縮減開支（暫停廣告、生活從簡）
 417.6s [7月15日（週二） 下午 8:11]   shot 64_decision_outcome_low_cash_warning.png
 417.6s [7月15日（週二） 下午 8:11]   click "OK"
 418.2s [7月15日（週二） 下午 8:11]   shot 65_decision_low_cash_warning.png
 418.2s [7月15日（週二） 下午 8:11]   decision low_cash_warning → reduce
 418.2s [7月15日（週二） 下午 8:11]   click [Choice_reduce] 縮減開支（暫停廣告、生活從簡）
 419.7s [7月15日（週二） 下午 8:11]   shot 66_decision_outcome_low_cash_warning.png
 419.7s [7月15日（週二） 下午 8:11]   click "OK"
 420.3s [7月15日（週二） 下午 8:11]   shot 67_decision_low_cash_warning.png
 420.3s [7月15日（週二） 下午 8:11]   decision low_cash_warning → reduce
 420.3s [7月15日（週二） 下午 8:11]   click [Choice_reduce] 縮減開支（暫停廣告、生活從簡）
 421.8s [7月15日（週二） 下午 8:11]   shot 68_decision_outcome_low_cash_warning.png
 421.8s [7月15日（週二） 下午 8:11]   click "OK"
 422.3s [7月15日（週二） 下午 8:11]   ok  crew-days finish the install
 422.3s [7月15日（週二） 下午 8:11]   ok  first solar income is a traceable Jobs invoice
 422.3s [7月15日（週二） 下午 8:11]   ok  materials, install and invoice balance
 422.5s [7月15日（週二） 下午 8:12]   use "Open Energy Console"
 422.6s [7月15日（週二） 下午 8:12]   click [EnergyTab_installs] Installs & warranty
 422.8s [7月15日（週二） 下午 8:12]   shot 69_energy_installs.png
 427.4s [7月15日（週二） 下午 8:20]   ok  walked back outside
 428.4s [7月15日（週二） 下午 8:21]   traffic collision report dismissed
 434.1s [7月15日（週二） 下午 8:30]   use "捷運——工業區站"
 435.1s [7月15日（週二） 下午 8:31]   shot 70_metro_riverside.png
 435.1s [7月15日（週二） 下午 8:31]   click [Go_riverside] 河濱區  ·  14 分鐘
 436.2s [7月15日（週二） 下午 8:47]   ok  took the Metro to Riverside
 450.7s [7月15日（週二） 下午 9:09]   ok  entered Riverside Tower
 450.7s [6月1日（週日） 下午 2:00] STEP (harness) skip to Chapter 10
 452.1s [6月1日（週日） 下午 2:02] STEP Airport - open the auto desk, win a Wednesday auction car, recondition, list and sell it
 455.2s [6月1日（週日） 下午 2:08]   ok  walked back outside
 457.5s [6月1日（週日） 下午 2:11]   traffic collision report dismissed
 473.8s [6月1日（週日） 下午 2:35]   use "捷運——河濱區站"
 474.7s [6月1日（週日） 下午 2:37]   shot 71_metro_airport.png
 474.7s [6月1日（週日） 下午 2:37]   click [Go_airport] 國際機場  ·  24 分鐘
 475.8s [6月1日（週日） 下午 3:02]   ok  took the Metro to Airport
 475.9s [6月1日（週日） 下午 3:02]   shot 72_airport_day.png
 490.3s [6月1日（週日） 下午 3:24]   ok  entered Gateway Car Rental
 491.7s [6月1日（週日） 下午 3:26]   use "Open the fleet desk"
 491.8s [6月1日（週日） 下午 3:26]   click [OpenAutoDesk] 開設汽車櫃台 · 執照費 $400.00
 492.0s [6月1日（週日） 下午 3:27]   ok  actual licence opens the auto desk
 492.3s [6月4日（週三） 上午 10:00]   shot 73_auction_lots.png
 494.5s [6月25日（週三） 上午 10:00]   ok  auto books balance
 494.5s [6月25日（週三） 上午 10:00] STEP Save → reload → same state
 495.3s [6月25日（週三） 上午 10:01]   ok  cash restored after load
 495.3s [6月25日（週三） 上午 10:01]   ok  time restored after load
 495.3s [6月25日（週三） 上午 10:01]   ok  location restored (gateway_car_rental)
 495.4s [6月25日（週三） 上午 10:01]   shot 74_after_load.png
 495.4s [6月25日（週三） 上午 10:01]   ok  ledger balanced after the industry fixtures
 495.4s [6月25日（週三） 上午 10:01] BOT FINISHED — 0 failure(s) · 495.4s real
 495.4s [6月25日（週三） 上午 10:01] English audit: 8 on-screen text(s) with untranslated words
