Godot Engine v4.5.1.stable.official.f62fdbde1 - https://godotengine.org
OpenGL API 3.3.0 NVIDIA 462.59 - Compatibility - Using Device: NVIDIA - Quadro RTX 4000

   2.8s [6月1日（週日） 下午 2:00]   click [ToggleWalkingRoutes] Walking routes
   3.4s [6月1日（週日） 下午 2:01]   ok  actual button opens walking diagram
   3.5s [6月1日（週日） 下午 2:01]   shot 01_city_walking_connections.png
   3.5s [6月1日（週日） 下午 2:01]   ok  Euler circuit includes every directed walking link
   3.5s [6月1日（週日） 下午 2:01] STEP Walking riverside > startup_hub
   4.1s [6月1日（週日） 下午 2:02]   shot 02_exit_sign_E_riverside.png
   5.5s [6月1日（週日） 下午 2:16]   ok  actual walking transition to startup_hub
   6.0s [6月1日（週日） 下午 2:17]   ok  arrival does not retrigger a return
   6.0s [6月1日（週日） 下午 2:17] STEP Walking startup_hub > riverside
   6.8s [6月1日（週日） 下午 2:17]   shot 03_exit_sign_W_startup_hub.png
   7.9s [6月1日（週日） 下午 2:31]   ok  actual walking transition to riverside
   8.3s [6月1日（週日） 下午 2:32]   ok  arrival does not retrigger a return
   8.3s [6月1日（週日） 下午 2:32] STEP Walking riverside > civic_center
  11.5s [6月1日（週日） 下午 2:36]   shot 04_exit_sign_N_riverside.png
  12.7s [6月1日（週日） 下午 2:49]   ok  actual walking transition to civic_center
  13.2s [6月1日（週日） 下午 2:50]   ok  arrival does not retrigger a return
  13.2s [6月1日（週日） 下午 2:50] STEP Walking civic_center > riverside
  13.7s [6月1日（週日） 下午 2:51]   shot 05_exit_sign_S_civic_center.png
  14.8s [6月1日（週日） 下午 3:04]   ok  actual walking transition to riverside
  15.3s [6月1日（週日） 下午 3:04]   ok  arrival does not retrigger a return
  15.3s [6月1日（週日） 下午 3:04] STEP Walking riverside > financial
  17.5s [6月1日（週日） 下午 3:16]   ok  actual walking transition to financial
  18.0s [6月1日（週日） 下午 3:17]   ok  arrival does not retrigger a return
  18.0s [6月1日（週日） 下午 3:17] STEP Walking financial > riverside
  19.7s [6月1日（週日） 下午 3:29]   ok  actual walking transition to riverside
  20.2s [6月1日（週日） 下午 3:29]   ok  arrival does not retrigger a return
  20.2s [6月1日（週日） 下午 3:29] STEP Walking riverside > harbor
  41.6s [6月1日（週日） 下午 4:08]   ok  actual walking transition to harbor
  42.1s [6月1日（週日） 下午 4:08]   ok  arrival does not retrigger a return
  42.1s [6月1日（週日） 下午 4:08] STEP Walking harbor > financial
  46.4s [6月1日（週日） 下午 4:27]   ok  actual walking transition to financial
  46.9s [6月1日（週日） 下午 4:28]   ok  arrival does not retrigger a return
  46.9s [6月1日（週日） 下午 4:28] STEP Walking financial > civic_center
  51.4s [6月1日（週日） 下午 4:43]   ok  actual walking transition to civic_center
  51.9s [6月1日（週日） 下午 4:44]   ok  arrival does not retrigger a return
  51.9s [6月1日（週日） 下午 4:44] STEP Walking civic_center > startup_hub
  65.9s [6月1日（週日） 下午 5:16]   ok  actual walking transition to startup_hub
  66.4s [6月1日（週日） 下午 5:17]   ok  arrival does not retrigger a return
  66.4s [6月1日（週日） 下午 5:17] STEP Walking startup_hub > civic_center
  75.1s [6月1日（週日） 下午 5:41]   ok  actual walking transition to civic_center
  75.6s [6月1日（週日） 下午 5:42]   ok  arrival does not retrigger a return
  75.6s [6月1日（週日） 下午 5:42] STEP Walking civic_center > financial
  89.6s [6月1日（週日） 下午 6:12]   ok  actual walking transition to financial
  90.1s [6月1日（週日） 下午 6:12]   ok  arrival does not retrigger a return
  90.1s [6月1日（週日） 下午 6:12] STEP Walking financial > harbor
  96.9s [6月1日（週日） 下午 6:35]   ok  actual walking transition to harbor
  97.4s [6月1日（週日） 下午 6:35]   ok  arrival does not retrigger a return
  97.4s [6月1日（週日） 下午 6:35] STEP Walking harbor > shopping_street
 116.9s [6月1日（週日） 下午 7:21]   ok  actual walking transition to shopping_street
 117.4s [6月1日（週日） 下午 7:22]   ok  arrival does not retrigger a return
 117.4s [6月1日（週日） 下午 7:22] STEP Walking shopping_street > residential
 121.6s [6月1日（週日） 下午 7:36]   ok  actual walking transition to residential
 122.1s [6月1日（週日） 下午 7:37]   ok  arrival does not retrigger a return
 122.1s [6月1日（週日） 下午 7:37] STEP Walking residential > shopping_street
 123.8s [6月1日（週日） 下午 7:48]   ok  actual walking transition to shopping_street
 124.3s [6月1日（週日） 下午 7:48]   ok  arrival does not retrigger a return
 124.3s [6月1日（週日） 下午 7:48] STEP Walking shopping_street > old_town
 131.1s [6月1日（週日） 下午 8:08]   ok  actual walking transition to old_town
 131.6s [6月1日（週日） 下午 8:09]   ok  arrival does not retrigger a return
 131.6s [6月1日（週日） 下午 8:09] STEP Walking old_town > financial
 146.7s [6月1日（週日） 下午 8:39]   ok  actual walking transition to financial
 147.2s [6月1日（週日） 下午 8:39]   ok  arrival does not retrigger a return
 147.2s [6月1日（週日） 下午 8:39] STEP Walking financial > luxury_heights
 162.1s [6月1日（週日） 下午 9:12]   ok  actual walking transition to luxury_heights
 162.6s [6月1日（週日） 下午 9:12]   ok  arrival does not retrigger a return
 162.6s [6月1日（週日） 下午 9:12] STEP Walking luxury_heights > civic_center
 164.7s [6月1日（週日） 下午 9:25]   ok  actual walking transition to civic_center
 165.2s [6月1日（週日） 下午 9:25]   ok  arrival does not retrigger a return
 165.2s [6月1日（週日） 下午 9:25] STEP Walking civic_center > airport
 175.3s [6月1日（週日） 下午 9:54]   ok  actual walking transition to airport
 175.8s [6月1日（週日） 下午 9:55]   ok  arrival does not retrigger a return
 175.8s [6月1日（週日） 下午 9:55] STEP Walking airport > university
 196.2s [6月1日（週日） 下午 10:34]   ok  actual walking transition to university
 196.7s [6月1日（週日） 下午 10:35]   ok  arrival does not retrigger a return
 196.7s [6月1日（週日） 下午 10:35] STEP Walking university > startup_hub
 217.2s [6月1日（週日） 下午 11:14]   ok  actual walking transition to startup_hub
 217.7s [6月1日（週日） 下午 11:15]   ok  arrival does not retrigger a return
 217.7s [6月1日（週日） 下午 11:15] STEP Walking startup_hub > university
 219.3s [6月1日（週日） 下午 11:27]   ok  actual walking transition to university
 219.8s [6月1日（週日） 下午 11:27]   ok  arrival does not retrigger a return
 219.8s [6月1日（週日） 下午 11:27] STEP Walking university > airport
 240.4s [6月2日（週一） 上午 12:06]   ok  actual walking transition to airport
 240.9s [6月2日（週一） 上午 12:07]   ok  arrival does not retrigger a return
 240.9s [6月2日（週一） 上午 12:07] STEP Walking airport > civic_center
 267.1s [6月2日（週一） 上午 1:00]   ok  actual walking transition to civic_center
 267.6s [6月2日（週一） 上午 1:01]   ok  arrival does not retrigger a return
 267.6s [6月2日（週一） 上午 1:01] STEP Walking civic_center > luxury_heights
 272.2s [6月2日（週一） 上午 1:17]   ok  actual walking transition to luxury_heights
 272.7s [6月2日（週一） 上午 1:18]   ok  arrival does not retrigger a return
 272.7s [6月2日（週一） 上午 1:18] STEP Walking luxury_heights > financial
 274.7s [6月2日（週一） 上午 1:31]   ok  actual walking transition to financial
 275.2s [6月2日（週一） 上午 1:31]   ok  arrival does not retrigger a return
 275.2s [6月2日（週一） 上午 1:31] STEP Walking financial > old_town
 290.1s [6月2日（週一） 上午 2:01]   ok  actual walking transition to old_town
 290.6s [6月2日（週一） 上午 2:02]   ok  arrival does not retrigger a return
 290.6s [6月2日（週一） 上午 2:02] STEP Walking old_town > shopping_street
 305.7s [6月2日（週一） 上午 2:34]   ok  actual walking transition to shopping_street
 306.2s [6月2日（週一） 上午 2:35]   ok  arrival does not retrigger a return
 306.2s [6月2日（週一） 上午 2:35] STEP Walking shopping_street > industrial
 321.7s [6月2日（週一） 上午 3:06]   ok  actual walking transition to industrial
 322.2s [6月2日（週一） 上午 3:07]   ok  arrival does not retrigger a return
 322.2s [6月2日（週一） 上午 3:07] STEP Walking industrial > residential
 333.4s [6月2日（週一） 上午 3:34]   ok  actual walking transition to residential
 333.9s [6月2日（週一） 上午 3:34]   ok  arrival does not retrigger a return
 333.9s [6月2日（週一） 上午 3:34] STEP Walking residential > old_town
 357.8s [6月2日（週一） 上午 4:17]   ok  actual walking transition to old_town
 358.3s [6月2日（週一） 上午 4:18]   ok  arrival does not retrigger a return
 358.3s [6月2日（週一） 上午 4:18] STEP Walking old_town > luxury_heights
 380.1s [6月2日（週一） 上午 5:00]   ok  actual walking transition to luxury_heights
 380.6s [6月2日（週一） 上午 5:00]   ok  arrival does not retrigger a return
 380.6s [6月2日（週一） 上午 5:00] STEP Walking luxury_heights > old_town
 382.3s [6月2日（週一） 上午 5:12]   ok  actual walking transition to old_town
 382.8s [6月2日（週一） 上午 5:13]   ok  arrival does not retrigger a return
 382.8s [6月2日（週一） 上午 5:13] STEP Walking old_town > residential
 401.1s [6月2日（週一） 上午 5:47]   ok  actual walking transition to residential
 401.6s [6月2日（週一） 上午 5:48]   ok  arrival does not retrigger a return
 401.6s [6月2日（週一） 上午 5:48] STEP Walking residential > industrial
 425.5s [6月2日（週一） 上午 6:34]   ok  actual walking transition to industrial
 426.0s [6月2日（週一） 上午 6:34]   ok  arrival does not retrigger a return
 426.0s [6月2日（週一） 上午 6:34] STEP Walking industrial > shopping_street
 427.7s [6月2日（週一） 上午 6:45]   ok  actual walking transition to shopping_street
 428.2s [6月2日（週一） 上午 6:46]   ok  arrival does not retrigger a return
 428.2s [6月2日（週一） 上午 6:46] STEP Walking shopping_street > harbor
 443.7s [6月2日（週一） 上午 7:26]   ok  actual walking transition to harbor
 444.2s [6月2日（週一） 上午 7:27]   ok  arrival does not retrigger a return
 444.2s [6月2日（週一） 上午 7:27] STEP Walking harbor > riverside
 462.5s [6月2日（週一） 上午 8:01]   ok  actual walking transition to riverside
 463.0s [6月2日（週一） 上午 8:02]   ok  arrival does not retrigger a return
 463.0s [6月2日（週一） 上午 8:02]   ok  all walking time preserves ledger
 463.0s [6月2日（週一） 上午 8:02] BOT FINISHED — 0 failure(s) · 463.0s real
 463.0s [6月2日（週一） 上午 8:02] English audit: 0 on-screen text(s) with untranslated words
