Godot Engine v4.5.1.stable.official.f62fdbde1 - https://godotengine.org
OpenGL API 3.3.0 NVIDIA 462.59 - Compatibility - Using Device: NVIDIA - Quadro RTX 4000

   0.0s STEP Main menu → New Game
   0.8s   shot 01_main_menu.png
   0.8s   click [NewGame] New Game
   2.1s STEP Character Creator
   2.2s   shot 02_creator_default.png
   2.2s   click [Tab_hair] Hair
   2.3s   click [Next_hair] ▶
   2.7s   click [Tab_face] Face
   2.8s   click [Next_face] ▶
   2.9s   click [Next_eye_shape] ▶
   3.0s   click [Tab_body] Body
   3.1s   click [Next_presentation] ▶
   3.7s   shot 03_creator_customised.png
   3.7s   click [Tab_outfit] Outfit
   3.8s   click "Startup Casual"
   4.3s   ok  appearance changed from default (short_neat)
   4.5s   shot 04_creator_final.png
   4.5s   click [Start] Start in Aurelia  →
   4.5s [6月1日（週日） 下午 2:00] STEP Arrival sequence
   7.2s [6月1日（週日） 下午 2:00]   shot 05_arrival_train.png
  10.8s [6月1日（週日） 下午 2:00]   shot 06_arrival_phone.png
  16.0s [6月1日（週日） 下午 2:01]   ok  spawned in the Riverside apartment
  16.0s [6月1日（週日） 下午 2:01]   ok  starting cash $30,000
  16.0s [6月1日（週日） 下午 2:01]   ok  name saved
  17.8s [6月1日（週日） 下午 2:03]   shot 07_apartment_arrival.png
  18.2s [6月1日（週日） 下午 2:04] STEP Chapter17 — native market news and real niche response
  25.8s [6月1日（週日） 下午 2:15]   use "Use laptop — Company OS"
  26.4s [6月1日（週日） 下午 2:16]   click [Tab_overview] Overview
  27.0s [6月1日（週日） 下午 2:17]   click [OpenLegacyStory] Consolidation and legacy
  27.2s [6月1日（週日） 下午 2:17]   click [read_consolidation_news] Read the consolidation news
  27.4s [6月1日（週日） 下午 2:22]   shot 08_ch17_news.png
  27.4s [6月1日（週日） 下午 2:22]   click [CloseInfo] Close
  27.9s [6月1日（週日） 下午 2:22]   shot 09_ch17_market_choice.png
  28.9s [6月1日（週日） 下午 2:22]   click [Strategy_niche] 利基
  30.6s [6月1日（週日） 下午 2:22]   click [apply_market_response] Apply price and operating response
  31.6s [6月1日（週日） 下午 2:22]   shot 10_ch17_price_and_campaign.png
  31.6s [6月1日（週日） 下午 2:22]   ok  real price and operating action recorded
  32.5s [7月31日（週四） 下午 2:23]   use "Use laptop — Company OS"
  33.1s [7月31日（週四） 下午 2:24]   click [Tab_overview] Overview
  33.8s [7月31日（週四） 下午 2:25]   click [OpenLegacyStory] Consolidation and legacy
  34.0s [7月31日（週四） 下午 2:25]   shot 11_ch17_survival_review.png
  34.9s [7月31日（週四） 下午 2:25]   click [kai_interview] Accept Kai's interview
  36.1s [7月31日（週四） 下午 2:25]   shot 12_ch17_comparison.png
  36.1s [7月31日（週四） 下午 2:25]   info card: Compare consolidation routes
  36.1s [7月31日（週四） 下午 2:25]   shot 13_info_compare_consolidation_ro.png
  36.1s [7月31日（週四） 下午 2:25]   click "Close"
  36.5s [7月31日（週四） 下午 2:25]   ok  chapter17 complete or honestly unavailable
  36.5s [7月31日（週四） 下午 2:25] STEP Chapter18 — actual Maya dialogue, ending and every epilogue card
  36.5s [7月31日（週四） 下午 2:25]   click [meet_maya_legacy] Call Maya or meet at Bloom Coffee
  39.5s [7月31日（週四） 下午 2:25]   choose "› 我想繼續經營。"
  42.2s [7月31日（週四） 下午 2:25]   shot 14_ch18_ending_choices.png
  42.2s [7月31日（週四） 下午 2:25]   ok  actual legacy conversation completed
  43.2s [7月31日（週四） 下午 2:25]   click [LegacyChoice_independent] Keep building
  43.9s [7月31日（週四） 下午 2:25]   shot 15_ch18_independent_card_1.png
  44.9s [7月31日（週四） 下午 2:25]   click [legacy_next_card] Next card
  45.6s [7月31日（週四） 下午 2:25]   shot 16_ch18_independent_card_2.png
  46.5s [7月31日（週四） 下午 2:25]   click [legacy_next_card] Next card
  47.3s [7月31日（週四） 下午 2:25]   shot 17_ch18_independent_card_3.png
  48.2s [7月31日（週四） 下午 2:25]   click [legacy_next_card] Next card
  48.9s [7月31日（週四） 下午 2:25]   shot 18_ch18_independent_card_4.png
  49.9s [7月31日（週四） 下午 2:25]   click [legacy_next_card] Next card
  50.6s [7月31日（週四） 下午 2:25]   shot 19_ch18_independent_card_5.png
  51.6s [7月31日（週四） 下午 2:25]   click [legacy_next_card] Finish epilogue
  52.2s [7月31日（週四） 下午 2:25]   ok  all epilogue cards viewed: independent
  52.4s [7月31日（週四） 下午 2:25]   click [KeepThisLife] Keep living this life
  52.4s [7月31日（週四） 下午 2:25]   click [legacy_free_play] Return to free play
  54.2s [7月31日（週四） 下午 2:25]   click [LegacyChoice_sale] A change of ownership
  54.9s [7月31日（週四） 下午 2:25]   shot 20_ch18_sale_card_1.png
  55.8s [7月31日（週四） 下午 2:25]   click [legacy_next_card] Next card
  56.5s [7月31日（週四） 下午 2:25]   shot 21_ch18_sale_card_2.png
  57.6s [7月31日（週四） 下午 2:25]   click [legacy_next_card] Next card
  58.9s [7月31日（週四） 下午 2:25]   shot 22_ch18_sale_card_3.png
  59.9s [7月31日（週四） 下午 2:25]   click [legacy_next_card] Next card
  60.6s [7月31日（週四） 下午 2:25]   shot 23_ch18_sale_card_4.png
  61.6s [7月31日（週四） 下午 2:25]   click [legacy_next_card] Next card
  62.3s [7月31日（週四） 下午 2:25]   shot 24_ch18_sale_card_5.png
  63.3s [7月31日（週四） 下午 2:25]   click [legacy_next_card] Finish epilogue
  63.9s [7月31日（週四） 下午 2:25]   ok  all epilogue cards viewed: sale
  63.9s [7月31日（週四） 下午 2:25]   click [KeepThisLife] Keep living this life
  64.0s [7月31日（週四） 下午 2:25]   click [legacy_free_play] Return to free play
  65.7s [7月31日（週四） 下午 2:25]   click [LegacyChoice_employees] Built with the team
  66.4s [7月31日（週四） 下午 2:25]   shot 25_ch18_employees_card_1.png
  67.4s [7月31日（週四） 下午 2:25]   click [legacy_next_card] Next card
  68.1s [7月31日（週四） 下午 2:25]   shot 26_ch18_employees_card_2.png
  69.1s [7月31日（週四） 下午 2:25]   click [legacy_next_card] Next card
  69.8s [7月31日（週四） 下午 2:25]   shot 27_ch18_employees_card_3.png
  70.7s [7月31日（週四） 下午 2:25]   click [legacy_next_card] Next card
  71.5s [7月31日（週四） 下午 2:25]   shot 28_ch18_employees_card_4.png
  72.4s [7月31日（週四） 下午 2:25]   click [legacy_next_card] Next card
  73.2s [7月31日（週四） 下午 2:25]   shot 29_ch18_employees_card_5.png
  74.1s [7月31日（週四） 下午 2:25]   click [legacy_next_card] Finish epilogue
  74.8s [7月31日（週四） 下午 2:25]   ok  all epilogue cards viewed: employees
  74.8s [7月31日（週四） 下午 2:25]   click [KeepThisLife] Keep living this life
  74.9s [7月31日（週四） 下午 2:25]   click [legacy_free_play] Return to free play
  76.6s [7月31日（週四） 下午 2:25]   click [LegacyChoice_mentor] Make room for new founders
  77.3s [7月31日（週四） 下午 2:25]   shot 30_ch18_mentor_card_1.png
  78.2s [7月31日（週四） 下午 2:25]   click [legacy_next_card] Next card
  78.9s [7月31日（週四） 下午 2:25]   shot 31_ch18_mentor_card_2.png
  79.9s [7月31日（週四） 下午 2:25]   click [legacy_next_card] Next card
  80.6s [7月31日（週四） 下午 2:25]   shot 32_ch18_mentor_card_3.png
  81.6s [7月31日（週四） 下午 2:25]   click [legacy_next_card] Next card
  82.3s [7月31日（週四） 下午 2:25]   shot 33_ch18_mentor_card_4.png
  83.3s [7月31日（週四） 下午 2:25]   click [legacy_next_card] Next card
  84.0s [7月31日（週四） 下午 2:25]   shot 34_ch18_mentor_card_5.png
  85.0s [7月31日（週四） 下午 2:25]   click [legacy_next_card] Finish epilogue
  85.6s [7月31日（週四） 下午 2:25]   ok  all epilogue cards viewed: mentor
  85.6s [7月31日（週四） 下午 2:25]   click [KeepThisLife] Keep living this life
  85.7s [7月31日（週四） 下午 2:25]   click [legacy_free_play] Return to free play
  88.4s [7月31日（週四） 下午 2:28]   use "Mentor a new founder"
  88.6s [7月31日（週四） 下午 2:28]   shot 35_ch18_real_mentoring.png
  88.6s [7月31日（週四） 下午 2:28]   click [MentorTopic_pricing] Discuss pricing and margin
  88.7s [7月31日（週四） 下午 3:28]   ok  actual one-hour mentoring recorded
  88.7s [7月31日（週四） 下午 3:28]   ok  all chapter17–18 books balance
  88.7s [7月31日（週四） 下午 3:28] BOT FINISHED — 0 failure(s) · 88.7s real
  88.7s [7月31日（週四） 下午 3:28] English audit: 13 on-screen text(s) with untranslated words
