Godot Engine v4.5.1.stable.official.f62fdbde1 - https://godotengine.org
OpenGL API 3.3.0 NVIDIA 462.59 - Compatibility - Using Device: NVIDIA - Quadro RTX 4000

   0.0s STEP Main menu → New Game
   0.8s   shot 01_main_menu.png
   0.8s   click [NewGame] New Game
   2.1s STEP Character Creator
   2.2s   shot 02_creator_default.png
   2.2s   click [Tab_hair] Hair
   2.2s   click [Next_hair] ▶
   2.6s   click [Tab_face] Face
   2.7s   click [Next_face] ▶
   2.8s   click [Next_eye_shape] ▶
   2.9s   click [Tab_body] Body
   3.0s   click [Next_presentation] ▶
   3.6s   shot 03_creator_customised.png
   3.6s   click [Tab_outfit] Outfit
   3.7s   click "Startup Casual"
   4.3s   ok  appearance changed from default (short_neat)
   4.4s   shot 04_creator_final.png
   4.4s   click [Start] Start in Aurelia  →
   4.5s [6月1日（週日） 下午 2:00] STEP Arrival sequence
   7.1s [6月1日（週日） 下午 2:00]   shot 05_arrival_train.png
  10.7s [6月1日（週日） 下午 2:00]   shot 06_arrival_phone.png
  15.8s [6月1日（週日） 下午 2:01]   ok  spawned in the Riverside apartment
  15.8s [6月1日（週日） 下午 2:01]   ok  starting cash $30,000
  15.8s [6月1日（週日） 下午 2:01]   ok  name saved
  17.6s [6月1日（週日） 下午 2:03]   shot 07_apartment_arrival.png
  21.3s [6月1日（週日） 下午 2:09] STEP Life strategy — merchant
  21.4s [3月7日（週日） 下午 2:09]   ok  record actual strategy life
  21.4s [3月7日（週日） 下午 2:09]   ok  different strategy yields merchant
  21.4s [3月7日（週日） 下午 2:09]   ok  save life review: merchant
  26.9s [3月7日（週日） 下午 2:09]   shot 08_life_merchant_review.png
  27.4s [3月7日（週日） 下午 2:09]   shot 09_life_merchant_stats_and_next.png
  27.8s [3月7日（週日） 下午 2:09]   click [KeepThisLife] Keep living this life
  28.4s [3月7日（週日） 下午 2:09]   ok  strategy life books balanced
  28.4s [3月7日（週日） 下午 2:09] STEP Life strategy — innovator
  28.5s [6月1日（週日） 下午 2:09]   ok  start actual software product
  28.6s [6月5日（週四） 上午 8:09]   ok  real founder MVP work
  28.6s [6月5日（週四） 上午 8:09]   ok  launch actual MVP
  29.5s [7月2日（週三） 上午 12:09]   ok  ship actual software features
  29.5s [7月2日（週三） 上午 12:09]   ok  record actual strategy life
  29.5s [7月2日（週三） 上午 12:09]   ok  different strategy yields innovator
  29.5s [7月2日（週三） 上午 12:09]   ok  save life review: innovator
  34.1s [7月2日（週三） 上午 12:09]   shot 10_life_innovator_review.png
  34.6s [7月2日（週三） 上午 12:09]   shot 11_life_innovator_stats_and_next.png
  35.0s [7月2日（週三） 上午 12:09]   click [KeepThisLife] Keep living this life
  35.6s [7月2日（週三） 上午 12:09]   ok  strategy life books balanced
  35.6s [7月2日（週三） 上午 12:09] STEP Life strategy — comeback
  35.6s [6月1日（週日） 下午 2:09]   ok  actual first company closure
  35.6s [6月15日（週日） 下午 2:09]   ok  record actual strategy life
  35.6s [6月15日（週日） 下午 2:09]   ok  different strategy yields comeback
  35.6s [6月15日（週日） 下午 2:09]   ok  save life review: comeback
  41.2s [6月15日（週日） 下午 2:09]   shot 12_life_comeback_review.png
  41.7s [6月15日（週日） 下午 2:09]   shot 13_life_comeback_stats_and_next.png
  42.1s [6月15日（週日） 下午 2:09]   click [KeepThisLife] Keep living this life
  42.7s [6月15日（週日） 下午 2:09]   ok  strategy life books balanced
  43.3s [6月15日（週日） 下午 2:09]   click [App_timeline] Timeline
  44.1s [6月15日（週日） 下午 2:09]   shot 14_life_phone_timeline.png
  44.1s [6月15日（週日） 下午 2:09]   ok  native timeline category and year controls
  44.9s [6月15日（週日） 下午 2:09]   click [ChooseNextLife_generation] Next generation
  45.6s [6月15日（週日） 下午 2:09]   shot 15_life_new_generation_confirm.png
  46.1s [6月15日（週日） 下午 2:09]   click [ConfirmNextLife] Save this life and start the selected next life
  51.7s [6月1日（週日） 下午 2:07]   ok  next generation starts clean at higher difficulty
  51.9s [6月1日（週日） 下午 2:07]   shot 16_life_new_generation_world.png
  51.9s [6月1日（週日） 下午 2:07]   ok  new generation ledger balanced
  51.9s [6月1日（週日） 下午 2:07] BOT FINISHED — 0 failure(s) · 51.9s real
  51.9s [6月1日（週日） 下午 2:07] English audit: 2 on-screen text(s) with untranslated words
