Godot Engine v4.5.1.stable.official.f62fdbde1 - https://godotengine.org
OpenGL API 3.3.0 NVIDIA 462.59 - Compatibility - Using Device: NVIDIA - Quadro RTX 4000

   0.0s STEP Main menu → New Game
   0.5s   shot 01_main_menu.png
   0.5s   click [NewGame] New Game
   1.7s STEP Character Creator
   1.8s   shot 02_creator_default.png
   1.8s   click [Tab_hair] Hair
   1.9s   click [Next_hair] ▶
   2.3s   click [Tab_face] Face
   2.4s   click [Next_face] ▶
   2.6s   click [Next_eye_shape] ▶
   2.8s   click [Tab_body] Body
   2.9s   click [Next_presentation] ▶
   3.6s   shot 03_creator_customised.png
   3.6s   click [Tab_outfit] Outfit
   3.7s   click "Startup Casual"
   4.2s   ok  appearance changed from default (short_neat)
   4.3s   shot 04_creator_final.png
   4.3s   click [Start] Start in Aurelia  →
   4.4s [6月1日（週日） 下午 2:00] STEP Arrival sequence
   7.1s [6月1日（週日） 下午 2:00]   shot 05_arrival_train.png
  10.6s [6月1日（週日） 下午 2:00]   shot 06_arrival_phone.png
  16.3s [6月1日（週日） 下午 2:01]   ok  spawned in the Riverside apartment
  16.3s [6月1日（週日） 下午 2:01]   ok  starting cash $30,000
  16.3s [6月1日（週日） 下午 2:01]   ok  name saved
  18.1s [6月1日（週日） 下午 2:03]   shot 07_apartment_arrival.png
  21.8s [6月1日（週日） 下午 2:09] STEP Life strategy — merchant
  21.9s [3月7日（週日） 下午 2:09]   ok  record actual strategy life
  21.9s [3月7日（週日） 下午 2:09]   ok  different strategy yields merchant
  21.9s [3月7日（週日） 下午 2:09]   ok  save life review: merchant
  27.4s [3月7日（週日） 下午 2:09]   shot 08_life_merchant_review.png
  27.9s [3月7日（週日） 下午 2:09]   shot 09_life_merchant_stats_and_next.png
  28.3s [3月7日（週日） 下午 2:09]   click [KeepThisLife] Keep living this life
  28.9s [3月7日（週日） 下午 2:09]   ok  strategy life books balanced
  28.9s [3月7日（週日） 下午 2:09] STEP Life strategy — innovator
  28.9s [6月1日（週日） 下午 2:09]   ok  start actual software product
  29.1s [6月5日（週四） 上午 8:09]   ok  real founder MVP work
  29.1s [6月5日（週四） 上午 8:09]   ok  launch actual MVP
  30.0s [7月2日（週三） 上午 12:09]   ok  ship actual software features
  30.0s [7月2日（週三） 上午 12:09]   ok  record actual strategy life
  30.0s [7月2日（週三） 上午 12:09]   ok  different strategy yields innovator
  30.0s [7月2日（週三） 上午 12:09]   ok  save life review: innovator
  34.5s [7月2日（週三） 上午 12:09]   shot 10_life_innovator_review.png
  35.0s [7月2日（週三） 上午 12:09]   shot 11_life_innovator_stats_and_next.png
  35.5s [7月2日（週三） 上午 12:09]   click [KeepThisLife] Keep living this life
  36.1s [7月2日（週三） 上午 12:09]   ok  strategy life books balanced
  36.1s [7月2日（週三） 上午 12:09] STEP Life strategy — comeback
  36.1s [6月1日（週日） 下午 2:09]   ok  actual first company closure
  36.1s [6月15日（週日） 下午 2:09]   ok  record actual strategy life
  36.1s [6月15日（週日） 下午 2:09]   ok  different strategy yields comeback
  36.1s [6月15日（週日） 下午 2:09]   ok  save life review: comeback
  41.7s [6月15日（週日） 下午 2:09]   shot 12_life_comeback_review.png
  42.2s [6月15日（週日） 下午 2:09]   shot 13_life_comeback_stats_and_next.png
  42.7s [6月15日（週日） 下午 2:09]   click [KeepThisLife] Keep living this life
  43.3s [6月15日（週日） 下午 2:09]   ok  strategy life books balanced
  43.8s [6月15日（週日） 下午 2:09]   click [App_timeline] Timeline
  44.6s [6月15日（週日） 下午 2:09]   shot 14_life_phone_timeline.png
  44.6s [6月15日（週日） 下午 2:09]   ok  native timeline category and year controls
  45.5s [6月15日（週日） 下午 2:09]   click [ChooseNextLife_generation] Next generation
  46.2s [6月15日（週日） 下午 2:09]   shot 15_life_new_generation_confirm.png
  46.6s [6月15日（週日） 下午 2:09]   click [ConfirmNextLife] Save this life and start the selected next life
  52.2s [6月1日（週日） 下午 2:07]   ok  next generation starts clean at higher difficulty
  52.4s [6月1日（週日） 下午 2:07]   shot 16_life_new_generation_world.png
  52.4s [6月1日（週日） 下午 2:07]   ok  new generation ledger balanced
  52.4s [6月1日（週日） 下午 2:07] BOT FINISHED — 0 failure(s) · 52.4s real
  52.4s [6月1日（週日） 下午 2:07] English audit: 2 on-screen text(s) with untranslated words
