Godot Engine v4.5.1.stable.official.f62fdbde1 - https://godotengine.org
OpenGL API 3.3.0 NVIDIA 462.59 - Compatibility - Using Device: NVIDIA - Quadro RTX 4000

   0.4s [6月1日（週日） 下午 2:00]   ok  actual studio lease
   0.4s [6月1日（週日） 下午 2:00]   ok  agency opens
   1.0s [6月1日（週日） 下午 7:00]   shot 01_ActiveMediaMixer.png
   1.0s [6月1日（週日） 下午 7:00]   ok  ActiveMediaMixer real setup books balanced
   1.1s [6月1日（週日） 下午 2:00]   ok  auto desk opens
   1.1s [6月1日（週日） 下午 2:00]   ok  actual rental counter lease
   1.1s [6月1日（週日） 下午 2:00]   ok  fleet car bought
   1.7s [6月1日（週日） 下午 2:00]   shot 02_ActiveFleet.png
   1.7s [6月1日（週日） 下午 2:00]   ok  ActiveFleet real setup books balanced
   1.7s [6月1日（週日） 下午 2:00]   ok  fleet switch off preserves manual repair
   1.7s [6月1日（週日） 下午 2:00]   ok  assistant waits for a rented car to return
   1.7s [6月1日（週日） 下午 2:00]   ok  fleet assistant pays actual service cost
   1.7s [6月1日（週日） 下午 2:00]   ok  real service downtime retained
   1.9s [6月1日（週日） 下午 2:00]   ok  actual warehouse lease
   1.9s [6月1日（週日） 下午 2:00]   ok  energy business opens
   2.0s [6月3日（週二） 下午 5:00]   ok  actual charger site deal signed
   2.0s [6月3日（週二） 下午 5:00]   ok  real charger asset bought
   2.4s [6月14日（週六） 下午 5:00]   ok  actual build time completed
   2.6s [6月14日（週六） 下午 5:00]   shot 03_ActiveCharging.png
   2.6s [6月14日（週六） 下午 5:00]   ok  ActiveCharging real setup books balanced
   2.6s [6月14日（週六） 下午 5:00]   ok  charger switch off preserves manual repair
   2.6s [6月14日（週六） 下午 5:00]   ok  charging assistant repairs the real asset
   2.6s [6月14日（週六） 下午 5:00]   ok  actual station maintenance fee paid
   2.6s [6月14日（週六） 下午 5:00]   ok  maintenance creates no sale or free income
   2.6s [6月14日（週六） 下午 5:00]   ok  delegated station and fleet books balanced
   2.6s [6月14日（週六） 下午 5:00] BOT FINISHED — 0 failure(s) · 2.6s real
   2.6s [6月14日（週六） 下午 5:00] English audit: 0 on-screen text(s) with untranslated words
