Godot Engine v4.5.1.stable.official.f62fdbde1 - https://godotengine.org
OpenGL API 3.3.0 NVIDIA 462.59 - Compatibility - Using Device: NVIDIA - Quadro RTX 4000

   0.2s   ok  new-game walkthrough uses normal relaxed work income
   0.2s STEP Main menu → New Game
   0.5s   shot 01_main_menu.png
   0.5s   click [NewGame] New Game
   0.6s   click [CreateRunCharacter] Create character
   1.9s STEP Character Creator
   2.0s   shot 02_creator_default.png
   2.0s   click [Tab_hair] Hair
   2.1s   click [Next_hair] ▶
   2.6s   click [Tab_face] Face
   2.8s   click [Next_face] ▶
   3.0s   click [Next_eye_shape] ▶
   3.2s   click [Tab_body] Body
   3.3s   click [Next_presentation] ▶
   4.0s   shot 03_creator_customised.png
   4.0s   click [Tab_outfit] Outfit
   4.2s   click "Startup Casual"
   4.8s   ok  appearance changed from default (short_neat)
   4.9s   shot 04_creator_final.png
   4.9s   click [Start] Start in Aurelia  →
   5.0s [6月1日（週日） 下午 2:00] STEP Arrival sequence
   7.7s [6月1日（週日） 下午 2:00]   shot 05_arrival_train.png
  11.3s [6月1日（週日） 下午 2:00]   shot 06_arrival_phone.png
  16.4s [6月1日（週日） 下午 2:01]   ok  spawned in the Riverside apartment
  16.4s [6月1日（週日） 下午 2:01]   ok  starting cash $30,000
  16.4s [6月1日（週日） 下午 2:01]   ok  name saved
  18.2s [6月1日（週日） 下午 2:03]   shot 07_apartment_arrival.png
  18.2s [6月1日（週日） 下午 2:00] STEP (harness) skip to Chapter 10
  19.4s [6月1日（週日） 下午 2:02] STEP Industrial - lease warehouse, Roof Survey, subsidy, install and first solar invoice
  23.7s [6月1日（週日） 下午 2:07]   ok  walked back outside
  26.0s [6月1日（週日） 下午 2:11]   traffic collision report dismissed
  42.4s [6月1日（週日） 下午 2:35]   use "捷運——河濱區站"
  43.4s [6月1日（週日） 下午 2:37]   shot 08_metro_industrial.png
  43.4s [6月1日（週日） 下午 2:37]   click [Go_industrial] 工業區  ·  14 分鐘
  44.5s [6月1日（週日） 下午 2:52]   ok  took the Metro to Industrial
  44.6s [6月1日（週日） 下午 2:52]   shot 09_industrial_energy_day.png
  52.9s [6月1日（週日） 下午 3:05]   ok  entered Helio Warehouse Office
  57.9s [6月1日（週日） 下午 3:13]   use "Lease the Helio warehouse office"
  58.0s [6月1日（週日） 下午 3:13]   click [SignLease_helio_warehouse] Sign the lease
  60.0s [6月1日（週日） 下午 3:16]   use "Open Energy Console"
  60.1s [6月1日（週日） 下午 3:16]   click [OpenEnergy] 開辦太陽能事業
  60.8s [6月1日（週日） 下午 3:17]   use "Open Energy Console"
  60.9s [6月1日（週日） 下午 3:17]   click [Survey_ROOF-1] 勘查這個屋頂
  61.2s [6月1日（週日） 下午 3:17]   reveal detail controls for [AutoLayout]
  61.4s [6月1日（週日） 下午 3:18]   click [AutoLayout] 自動擺放最佳位置
  61.7s [6月1日（週日） 下午 3:18]   shot 10_roof_survey.png
  61.7s [6月1日（週日） 下午 3:18]   click [SendQuote] 送出報價 · $29,526
  68.6s [6月1日（週日） 下午 4:14]   use "Open Energy Console"
  68.7s [6月1日（週日） 下午 4:14]   click [Survey_ROOF-2] 勘查這個屋頂
  69.0s [6月1日（週日） 下午 4:14]   reveal detail controls for [AutoLayout]
  69.2s [6月1日（週日） 下午 4:14]   click [AutoLayout] 自動擺放最佳位置
  69.5s [6月1日（週日） 下午 4:15]   shot 11_roof_survey.png
  69.5s [6月1日（週日） 下午 4:15]   click [SendQuote] 送出報價 · $7,816
  70.2s [6月1日（週日） 下午 5:01]   use "Open Energy Console"
  70.3s [6月1日（週日） 下午 5:01]   click [Survey_ROOF-3] 勘查這個屋頂
  70.6s [6月1日（週日） 下午 5:02]   reveal detail controls for [AutoLayout]
  70.8s [6月1日（週日） 下午 5:02]   click [AutoLayout] 自動擺放最佳位置
  71.0s [6月1日（週日） 下午 5:02]   shot 12_roof_survey.png
  71.0s [6月1日（週日） 下午 5:02]   click [SendQuote] 送出報價 · $10,421
  72.7s [6月8日（週日） 下午 5:49]   use "Open Energy Console"
  72.8s [6月8日（週日） 下午 5:49]   click [Survey_ROOF-4] 勘查這個屋頂
  73.0s [6月8日（週日） 下午 5:49]   reveal detail controls for [AutoLayout]
  73.2s [6月8日（週日） 下午 5:49]   click [AutoLayout] 自動擺放最佳位置
  73.5s [6月8日（週日） 下午 5:50]   shot 13_roof_survey.png
  73.5s [6月8日（週日） 下午 5:50]   click [SendQuote] 送出報價 · $7,816
  74.2s [6月8日（週日） 下午 6:36]   use "Open Energy Console"
  74.3s [6月8日（週日） 下午 6:36]   click [Survey_ROOF-5] 勘查這個屋頂
  74.6s [6月8日（週日） 下午 6:36]   reveal detail controls for [AutoLayout]
  74.8s [6月8日（週日） 下午 6:37]   click [AutoLayout] 自動擺放最佳位置
  75.1s [6月8日（週日） 下午 6:37]   shot 14_roof_survey.png
  75.1s [6月8日（週日） 下午 6:37]   click [SendQuote] 送出報價 · $13,026
  76.6s [6月15日（週日） 下午 7:24]   use "Open Energy Console"
  76.7s [6月15日（週日） 下午 7:24]   click [Survey_ROOF-6] 勘查這個屋頂
  77.0s [6月15日（週日） 下午 7:24]   reveal detail controls for [AutoLayout]
  77.2s [6月15日（週日） 下午 7:24]   click [AutoLayout] 自動擺放最佳位置
  77.5s [6月15日（週日） 下午 7:25]   shot 15_roof_survey.png
  77.5s [6月15日（週日） 下午 7:25]   click [SendQuote] 送出報價 · $14,763
  78.1s [6月15日（週日） 下午 8:11]   ok  actual Roof Survey quote wins a client job
  78.2s [6月15日（週日） 下午 8:11]   use "Open Energy Console"
  78.3s [6月15日（週日） 下午 8:11]   click [EnergyTab_installs] Installs & warranty
  78.6s [6月15日（週日） 下午 8:12]   reveal detail controls for [StartInstall_JOB-1]
  78.8s [6月15日（週日） 下午 8:12]   click [StartInstall_JOB-1] 訂購材料並開工 · $11,220
  84.7s [7月15日（週二） 下午 8:13]   shot 16_month_close_report.png
  84.7s [7月15日（週二） 下午 8:13]   click [month close] Continue
  85.3s [7月15日（週二） 下午 8:13]   shot 17_decision_low_cash_warning.png
  85.3s [7月15日（週二） 下午 8:13]   decision low_cash_warning → reduce
  85.3s [7月15日（週二） 下午 8:13]   click [Choice_reduce] 縮減開支（暫停廣告、生活從簡）
  86.7s [7月15日（週二） 下午 8:13]   shot 18_decision_outcome_low_cash_warning.png
  86.7s [7月15日（週二） 下午 8:13]   click "OK"
  87.4s [7月15日（週二） 下午 8:13]   shot 19_decision_energy_typhoon.png
  87.4s [7月15日（週二） 下午 8:13]   decision energy_typhoon → honour
  87.4s [7月15日（週二） 下午 8:13]   click [Choice_honour] 接受所有理賠並立刻修復
  88.8s [7月15日（週二） 下午 8:13]   shot 20_decision_outcome_energy_typhoon.png
  88.8s [7月15日（週二） 下午 8:13]   click "OK"
  89.5s [7月15日（週二） 下午 8:13]   shot 21_decision_low_cash_warning.png
  89.5s [7月15日（週二） 下午 8:13]   decision low_cash_warning → reduce
  89.5s [7月15日（週二） 下午 8:13]   click [Choice_reduce] 縮減開支（暫停廣告、生活從簡）
  90.9s [7月15日（週二） 下午 8:13]   shot 22_decision_outcome_low_cash_warning.png
  90.9s [7月15日（週二） 下午 8:13]   click "OK"
  91.6s [7月15日（週二） 下午 8:13]   shot 23_decision_low_cash_warning.png
  91.6s [7月15日（週二） 下午 8:13]   decision low_cash_warning → reduce
  91.6s [7月15日（週二） 下午 8:13]   click [Choice_reduce] 縮減開支（暫停廣告、生活從簡）
  93.0s [7月15日（週二） 下午 8:13]   shot 24_decision_outcome_low_cash_warning.png
  93.0s [7月15日（週二） 下午 8:13]   click "OK"
  93.6s [7月15日（週二） 下午 8:13]   shot 25_decision_low_cash_warning.png
  93.6s [7月15日（週二） 下午 8:13]   decision low_cash_warning → reduce
  93.6s [7月15日（週二） 下午 8:13]   click [Choice_reduce] 縮減開支（暫停廣告、生活從簡）
  95.1s [7月15日（週二） 下午 8:13]   shot 26_decision_outcome_low_cash_warning.png
  95.1s [7月15日（週二） 下午 8:13]   click "OK"
  95.7s [7月15日（週二） 下午 8:13]   shot 27_decision_low_cash_warning.png
  95.7s [7月15日（週二） 下午 8:13]   decision low_cash_warning → reduce
  95.7s [7月15日（週二） 下午 8:13]   click [Choice_reduce] 縮減開支（暫停廣告、生活從簡）
  97.1s [7月15日（週二） 下午 8:13]   shot 28_decision_outcome_low_cash_warning.png
  97.1s [7月15日（週二） 下午 8:13]   click "OK"
  97.7s [7月15日（週二） 下午 8:13]   ok  crew-days finish the install
  97.7s [7月15日（週二） 下午 8:13]   ok  first solar income is a traceable Jobs invoice
  97.7s [7月15日（週二） 下午 8:13]   ok  materials, install and invoice balance
  97.9s [7月15日（週二） 下午 8:13]   use "Open Energy Console"
  98.0s [7月15日（週二） 下午 8:14]   click [EnergyTab_installs] Installs & warranty
  98.2s [7月15日（週二） 下午 8:14]   shot 29_energy_installs.png
 102.8s [7月15日（週二） 下午 8:22]   ok  walked back outside
 103.7s [7月15日（週二） 下午 8:23]   traffic collision report dismissed
 109.5s [7月15日（週二） 下午 8:32]   use "捷運——工業區站"
 110.5s [7月15日（週二） 下午 8:33]   shot 30_metro_riverside.png
 110.5s [7月15日（週二） 下午 8:33]   click [Go_riverside] 河濱區  ·  14 分鐘
 111.5s [7月15日（週二） 下午 8:49]   ok  took the Metro to Riverside
 126.0s [7月15日（週二） 下午 9:11]   ok  entered Riverside Tower
 126.0s [7月15日（週二） 下午 9:11] BOT FINISHED — 0 failure(s) · 126.0s real
 126.0s [7月15日（週二） 下午 9:11] English audit: 1 on-screen text(s) with untranslated words
