Godot Engine v4.5.1.stable.official.f62fdbde1 - https://godotengine.org
OpenGL API 3.3.0 NVIDIA 462.59 - Compatibility - Using Device: NVIDIA - Quadro RTX 4000

   0.6s [Sun, Jun 1 2:00 PM]   ok  factory leased
   0.6s [Sun, Jun 1 2:00 PM]   ok  factory opened
   0.6s [Sun, Jun 1 2:00 PM]   ok  machine rented
   0.6s [Sun, Jun 1 2:00 PM]   ok  named technician hired through Staff
   1.4s [Sun, Jun 1 2:00 PM]   shot 01_ManufacturingUI_orders.png
   1.4s [Sun, Jun 1 2:00 PM]   ok  ManufacturingUI_orders one visible primary entrance
   1.4s [Sun, Jun 1 2:00 PM]   ok  ManufacturingUI_orders at most three default-screen figures
   1.4s [Sun, Jun 1 2:00 PM]   ok  ManufacturingUI_orders ledger balanced
   1.9s [Sun, Jun 1 2:01 PM]   shot 02_ManufacturingUI_planner.png
   1.9s [Sun, Jun 1 2:01 PM]   ok  ManufacturingUI_planner one visible primary entrance
   1.9s [Sun, Jun 1 2:01 PM]   ok  ManufacturingUI_planner at most three default-screen figures
   1.9s [Sun, Jun 1 2:01 PM]   ok  ManufacturingUI_planner ledger balanced
   2.4s [Sun, Jun 1 2:01 PM]   shot 03_ManufacturingUI_quality.png
   2.4s [Sun, Jun 1 2:01 PM]   ok  ManufacturingUI_quality one visible primary entrance
   2.4s [Sun, Jun 1 2:01 PM]   ok  ManufacturingUI_quality at most three default-screen figures
   2.4s [Sun, Jun 1 2:01 PM]   ok  ManufacturingUI_quality ledger balanced
   2.6s [Sun, Jun 1 2:00 PM]   ok  paid exam application
   2.6s [Sun, Jun 1 2:00 PM]   ok  three-day processing
   2.7s [Wed, Jun 4 2:00 PM]   ok  licence granted
   2.7s [Wed, Jun 4 2:00 PM]   ok  real brokerage lease
   2.7s [Wed, Jun 4 2:00 PM]   ok  brokerage opens
   3.0s [Wed, Jun 4 2:00 PM]   shot 04_RealEstateUI_matches.png
   3.0s [Wed, Jun 4 2:00 PM]   ok  RealEstateUI_matches one visible primary entrance
   3.0s [Wed, Jun 4 2:00 PM]   ok  RealEstateUI_matches at most three default-screen figures
   3.0s [Wed, Jun 4 2:00 PM]   ok  RealEstateUI_matches ledger balanced
   3.5s [Wed, Jun 4 2:00 PM]   shot 05_RealEstateUI_properties.png
   3.5s [Wed, Jun 4 2:00 PM]   ok  RealEstateUI_properties one visible primary entrance
   3.5s [Wed, Jun 4 2:00 PM]   ok  RealEstateUI_properties at most three default-screen figures
   3.5s [Wed, Jun 4 2:00 PM]   ok  RealEstateUI_properties ledger balanced
   3.6s [Sun, Jun 1 2:00 PM]   ok  actual studio lease
   3.6s [Sun, Jun 1 2:00 PM]   ok  agency opens
   4.0s [Sun, Jun 1 7:00 PM]   shot 06_MediaUI_briefs.png
   4.0s [Sun, Jun 1 7:00 PM]   ok  MediaUI_briefs one visible primary entrance
   4.0s [Sun, Jun 1 7:00 PM]   ok  MediaUI_briefs at most three default-screen figures
   4.0s [Sun, Jun 1 7:00 PM]   ok  MediaUI_briefs ledger balanced
   4.5s [Sun, Jun 1 7:00 PM]   shot 07_MediaUI_mixer.png
   4.5s [Sun, Jun 1 7:00 PM]   ok  MediaUI_mixer one visible primary entrance
   4.5s [Sun, Jun 1 7:00 PM]   ok  MediaUI_mixer at most three default-screen figures
   4.5s [Sun, Jun 1 7:00 PM]   ok  MediaUI_mixer ledger balanced
   5.0s [Sun, Jun 1 7:00 PM]   shot 08_MediaUI_reports.png
   5.0s [Sun, Jun 1 7:00 PM]   ok  MediaUI_reports one visible primary entrance
   5.0s [Sun, Jun 1 7:00 PM]   ok  MediaUI_reports at most three default-screen figures
   5.0s [Sun, Jun 1 7:00 PM]   ok  MediaUI_reports ledger balanced
   5.2s [Sun, Jun 1 2:00 PM]   ok  hotel opens (own)
   5.6s [Sun, Jun 1 2:00 PM]   shot 09_HotelUI_board.png
   5.6s [Sun, Jun 1 2:00 PM]   ok  HotelUI_board one visible primary entrance
   5.6s [Sun, Jun 1 2:00 PM]   ok  HotelUI_board at most three default-screen figures
   5.6s [Sun, Jun 1 2:00 PM]   ok  HotelUI_board ledger balanced
   6.1s [Sun, Jun 1 2:00 PM]   shot 10_HotelUI_ops.png
   6.1s [Sun, Jun 1 2:00 PM]   ok  HotelUI_ops one visible primary entrance
   6.1s [Sun, Jun 1 2:00 PM]   ok  HotelUI_ops at most three default-screen figures
   6.1s [Sun, Jun 1 2:00 PM]   ok  HotelUI_ops ledger balanced
   6.6s [Sun, Jun 1 2:00 PM]   shot 11_HotelUI_groups.png
   6.6s [Sun, Jun 1 2:00 PM]   ok  HotelUI_groups one visible primary entrance
   6.6s [Sun, Jun 1 2:00 PM]   ok  HotelUI_groups at most three default-screen figures
   6.6s [Sun, Jun 1 2:00 PM]   ok  HotelUI_groups ledger balanced
   6.8s [Sun, Jun 1 2:00 PM]   ok  auto desk opens
   7.1s [Sun, Jun 1 2:00 PM]   shot 12_AutomotiveUI_auction.png
   7.1s [Sun, Jun 1 2:00 PM]   ok  AutomotiveUI_auction one visible primary entrance
   7.1s [Sun, Jun 1 2:00 PM]   ok  AutomotiveUI_auction at most three default-screen figures
   7.1s [Sun, Jun 1 2:00 PM]   ok  AutomotiveUI_auction ledger balanced
   7.6s [Sun, Jun 1 2:00 PM]   shot 13_AutomotiveUI_fleet.png
   7.6s [Sun, Jun 1 2:00 PM]   ok  AutomotiveUI_fleet one visible primary entrance
   7.6s [Sun, Jun 1 2:00 PM]   ok  AutomotiveUI_fleet at most three default-screen figures
   7.6s [Sun, Jun 1 2:00 PM]   ok  AutomotiveUI_fleet ledger balanced
   7.9s [Sun, Jun 1 2:00 PM]   ok  actual warehouse lease
   7.9s [Sun, Jun 1 2:00 PM]   ok  energy business opens
   8.2s [Sun, Jun 1 2:00 PM]   shot 14_EnergyUI_leads.png
   8.2s [Sun, Jun 1 2:00 PM]   ok  EnergyUI_leads one visible primary entrance
   8.2s [Sun, Jun 1 2:00 PM]   ok  EnergyUI_leads at most three default-screen figures
   8.2s [Sun, Jun 1 2:00 PM]   ok  EnergyUI_leads ledger balanced
   8.7s [Sun, Jun 1 2:00 PM]   shot 15_EnergyUI_survey.png
   8.7s [Sun, Jun 1 2:00 PM]   ok  EnergyUI_survey one visible primary entrance
   8.7s [Sun, Jun 1 2:00 PM]   ok  EnergyUI_survey at most three default-screen figures
   8.7s [Sun, Jun 1 2:00 PM]   ok  EnergyUI_survey ledger balanced
   9.2s [Sun, Jun 1 2:00 PM]   shot 16_EnergyUI_charging.png
   9.2s [Sun, Jun 1 2:00 PM]   ok  EnergyUI_charging one visible primary entrance
   9.2s [Sun, Jun 1 2:00 PM]   ok  EnergyUI_charging at most three default-screen figures
   9.2s [Sun, Jun 1 2:00 PM]   ok  EnergyUI_charging ledger balanced
   9.4s [Sun, Jun 1 2:00 PM]   ok  actual registration fee
   9.4s [Sun, Jun 1 2:00 PM]   ok  paid office lease
   9.4s [Sun, Jun 1 2:00 PM]   ok  registered office starts
   9.7s [Sun, Jun 1 2:00 PM]   shot 17_TradeDesk.png
   9.7s [Sun, Jun 1 2:00 PM]   ok  TradeDesk one visible primary entrance
   9.7s [Sun, Jun 1 2:00 PM]   ok  TradeDesk at most three default-screen figures
   9.7s [Sun, Jun 1 2:00 PM]   ok  TradeDesk ledger balanced
  10.3s [Sun, Jun 1 2:00 PM]   shot 18_TradeQuote.png
  10.3s [Sun, Jun 1 2:00 PM]   ok  TradeQuote one visible primary entrance
  10.3s [Sun, Jun 1 2:00 PM]   ok  TradeQuote at most three default-screen figures
  10.3s [Sun, Jun 1 2:00 PM]   ok  TradeQuote ledger balanced
  10.3s [Sun, Jun 1 2:00 PM]   ok  factory leased
  10.3s [Sun, Jun 1 2:00 PM]   ok  factory opened
  10.3s [Sun, Jun 1 2:00 PM]   ok  machine rented
  10.3s [Sun, Jun 1 2:00 PM]   ok  named technician hired through Staff
  10.8s [Sun, Jun 1 2:00 PM]   shot 19_OS_contracts.png
  10.8s [Sun, Jun 1 2:00 PM]   ok  OS_contracts one visible primary entrance
  10.8s [Sun, Jun 1 2:00 PM]   ok  OS_contracts at most three default-screen figures
  10.8s [Sun, Jun 1 2:00 PM]   ok  OS_contracts ledger balanced
  11.3s [Sun, Jun 1 2:00 PM]   shot 20_OS_people.png
  11.3s [Sun, Jun 1 2:00 PM]   ok  OS_people one visible primary entrance
  11.3s [Sun, Jun 1 2:00 PM]   ok  OS_people at most three default-screen figures
  11.3s [Sun, Jun 1 2:00 PM]   ok  OS_people ledger balanced
  11.8s [Sun, Jun 1 2:00 PM]   shot 21_OS_finance.png
  11.8s [Sun, Jun 1 2:00 PM]   ok  OS_finance one visible primary entrance
  11.8s [Sun, Jun 1 2:00 PM]   ok  OS_finance at most three default-screen figures
  11.8s [Sun, Jun 1 2:00 PM]   ok  OS_finance ledger balanced
  12.3s [Sun, Jun 1 2:00 PM]   shot 22_OS_segments.png
  12.3s [Sun, Jun 1 2:00 PM]   ok  OS_segments one visible primary entrance
  12.3s [Sun, Jun 1 2:00 PM]   ok  OS_segments at most three default-screen figures
  12.3s [Sun, Jun 1 2:00 PM]   ok  OS_segments ledger balanced
  12.9s [Sun, Jun 1 2:00 PM]   shot 23_OS_group.png
  12.9s [Sun, Jun 1 2:00 PM]   ok  OS_group one visible primary entrance
  12.9s [Sun, Jun 1 2:00 PM]   ok  OS_group at most three default-screen figures
  12.9s [Sun, Jun 1 2:00 PM]   ok  OS_group ledger balanced
  13.4s [Sun, Jun 1 2:00 PM]   shot 24_OS_market.png
  13.4s [Sun, Jun 1 2:00 PM]   ok  OS_market one visible primary entrance
  13.4s [Sun, Jun 1 2:00 PM]   ok  OS_market at most three default-screen figures
  13.4s [Sun, Jun 1 2:00 PM]   ok  OS_market ledger balanced
  13.9s [Sun, Jun 1 2:00 PM]   shot 25_OS_governance.png
  13.9s [Sun, Jun 1 2:00 PM]   ok  OS_governance one visible primary entrance
  13.9s [Sun, Jun 1 2:00 PM]   ok  OS_governance at most three default-screen figures
  13.9s [Sun, Jun 1 2:00 PM]   ok  OS_governance ledger balanced
  14.5s [Sun, Jun 1 2:00 PM]   shot 26_Tax.png
  14.5s [Sun, Jun 1 2:00 PM]   ok  Tax one visible primary entrance
  14.5s [Sun, Jun 1 2:00 PM]   ok  Tax at most three default-screen figures
  14.5s [Sun, Jun 1 2:00 PM]   ok  Tax ledger balanced
  15.0s [Sun, Jun 1 2:00 PM]   shot 27_Lease.png
  15.0s [Sun, Jun 1 2:00 PM]   ok  Lease one visible primary entrance
  15.0s [Sun, Jun 1 2:00 PM]   ok  Lease at most three default-screen figures
  15.0s [Sun, Jun 1 2:00 PM]   ok  Lease ledger balanced
  15.5s [Sun, Jun 1 2:00 PM]   shot 28_LeaseEnd.png
  15.5s [Sun, Jun 1 2:00 PM]   ok  LeaseEnd one visible primary entrance
  15.5s [Sun, Jun 1 2:00 PM]   ok  LeaseEnd at most three default-screen figures
  15.5s [Sun, Jun 1 2:00 PM]   ok  LeaseEnd ledger balanced
  16.0s [Sun, Jun 1 2:00 PM]   shot 29_Fundraising_investors.png
  16.0s [Sun, Jun 1 2:00 PM]   ok  Fundraising_investors one visible primary entrance
  16.0s [Sun, Jun 1 2:00 PM]   ok  Fundraising_investors at most three default-screen figures
  16.0s [Sun, Jun 1 2:00 PM]   ok  Fundraising_investors ledger balanced
  16.5s [Sun, Jun 1 2:00 PM]   shot 30_Fundraising_terms.png
  16.5s [Sun, Jun 1 2:00 PM]   ok  Fundraising_terms one visible primary entrance
  16.5s [Sun, Jun 1 2:00 PM]   ok  Fundraising_terms at most three default-screen figures
  16.5s [Sun, Jun 1 2:00 PM]   ok  Fundraising_terms ledger balanced
  17.0s [Sun, Jun 1 2:00 PM]   shot 31_Fundraising_cap.png
  17.0s [Sun, Jun 1 2:00 PM]   ok  Fundraising_cap one visible primary entrance
  17.0s [Sun, Jun 1 2:00 PM]   ok  Fundraising_cap at most three default-screen figures
  17.0s [Sun, Jun 1 2:00 PM]   ok  Fundraising_cap ledger balanced
  17.0s [Sun, Jun 1 2:00 PM] BOT FINISHED — 0 failure(s) · 17.0s real
