Godot Engine v4.5.1.stable.official.f62fdbde1 - https://godotengine.org
OpenGL API 3.3.0 NVIDIA 462.59 - Compatibility - Using Device: NVIDIA - Quadro RTX 4000

   0.3s   ok  new-game walkthrough uses normal relaxed work income
   0.3s STEP Main menu → New Game
   0.5s   shot 01_main_menu.png
   0.5s   click [NewGame] New Game
   0.6s   click [CreateRunCharacter] Create character
   2.0s STEP Character Creator
   2.1s   shot 02_creator_default.png
   2.1s   click [Tab_hair] Hair
   2.2s   click [Next_hair] ▶
   2.9s   click [Tab_face] Face
   3.0s   click [Next_face] ▶
   3.4s   click [Next_eye_shape] ▶
   3.8s   click [Tab_body] Body
   4.0s   click [Next_presentation] ▶
   4.8s   shot 03_creator_customised.png
   4.8s   click [Tab_outfit] Outfit
   5.0s   click "Startup Casual"
   5.6s   ok  appearance changed from default (short_neat)
   5.7s   shot 04_creator_final.png
   5.7s   click [Start] Start in Aurelia  →
   5.8s [6月1日（週日） 下午 2:00] STEP Arrival sequence
   8.5s [6月1日（週日） 下午 2:00]   shot 05_arrival_train.png
  12.1s [6月1日（週日） 下午 2:00]   shot 06_arrival_phone.png
  17.6s [6月1日（週日） 下午 2:01]   ok  spawned in the Riverside apartment
  17.6s [6月1日（週日） 下午 2:01]   ok  starting cash $30,000
  17.6s [6月1日（週日） 下午 2:01]   ok  name saved
  19.4s [6月1日（週日） 下午 2:03]   shot 07_apartment_arrival.png
  19.4s [6月1日（週日） 下午 2:00] STEP (harness) skip to Chapter 10
  20.5s [6月1日（週日） 下午 2:01] STEP Industrial — factory lease, machine, technician and first OEM invoice
  39.6s [6月1日（週日） 下午 2:07]   ok  walked back outside
  41.9s [6月1日（週日） 下午 2:11]   traffic collision report dismissed
  58.4s [6月1日（週日） 下午 2:35]   use "捷運——河濱區站"
  59.6s [6月1日（週日） 下午 2:37]   shot 08_metro_industrial.png
  59.6s [6月1日（週日） 下午 2:37]   click [Go_industrial] 工業區  ·  14 分鐘
  61.5s [6月1日（週日） 下午 2:53]   ok  took the Metro to Industrial
  61.6s [6月1日（週日） 下午 2:53]   shot 09_industrial_day.png
  80.8s [6月1日（週日） 下午 3:21]   ok  entered Unit 12 Light Industrial
  85.8s [6月1日（週日） 下午 3:28]   use "Lease Unit 12"
  85.9s [6月1日（週日） 下午 3:29]   click [SignLease_unit12_factory] Sign the lease
  86.5s [6月1日（週日） 下午 3:29]   ok  factory lease signed with actual company funds
  86.7s [6月1日（週日） 下午 3:29]   shot 10_factory_interior.png
  87.9s [6月1日（週日） 下午 3:32]   use "Open Line Planner"
  88.0s [6月1日（週日） 下午 3:32]   click [OpenFactory] Open the factory
  88.3s [6月1日（週日） 下午 3:32]   reveal detail controls for [RentMachine]
  88.5s [6月1日（週日） 下午 3:32]   click [RentMachine] Rent machine · $1,400/month
  88.7s [6月1日（週日） 下午 3:33]   click [HireTomas] Hire Tomas · $1,100/week
  88.9s [6月1日（週日） 下午 3:33]   ok  hired a production technician
  88.9s [6月1日（週日） 下午 3:33]   click [QuoteLess_RFQ-1] −$0.25
  89.2s [6月1日（週日） 下午 3:33]   click [QuoteLess_RFQ-1] −$0.25
  89.4s [6月1日（週日） 下午 3:34]   click [QuoteLess_RFQ-1] −$0.25
  89.6s [6月1日（週日） 下午 3:34]   click [Quote_RFQ-1] Send quote
  89.8s [6月1日（週日） 下午 3:34]   ok  OEM quote became a Jobs contract with deposit
  89.8s [6月1日（週日） 下午 3:34]   click [MaterialMore] +100 units
  90.0s [6月1日（週日） 下午 3:35]   click [MaterialMore] +100 units
  90.2s [6月1日（週日） 下午 3:35]   click [MaterialMore] +100 units
  90.4s [6月1日（週日） 下午 3:35]   click [MaterialMore] +100 units
  90.6s [6月1日（週日） 下午 3:36]   click [MaterialMore] +100 units
  90.9s [6月1日（週日） 下午 3:36]   click [MaterialMore] +100 units
  91.1s [6月1日（週日） 下午 3:36]   click [MaterialMore] +100 units
  91.3s [6月1日（週日） 下午 3:37]   click [MaterialMore] +100 units
  91.5s [6月1日（週日） 下午 3:37]   click [MaterialMore] +100 units
  91.7s [6月1日（週日） 下午 3:37]   click [MaterialMore] +100 units
  91.9s [6月1日（週日） 下午 3:38]   click [BuyMaterials] Order Ferro materials
  92.9s [6月3日（週二） 下午 3:39]   shot 11_decision_low_cash_warning.png
  92.9s [6月3日（週二） 下午 3:39]   decision low_cash_warning → reduce
  92.9s [6月3日（週二） 下午 3:39]   click [Choice_reduce] 縮減開支（暫停廣告、生活從簡）
  94.3s [6月3日（週二） 下午 3:39]   shot 12_decision_outcome_low_cash_warning.png
  94.3s [6月3日（週二） 下午 3:39]   click "OK"
  95.1s [6月3日（週二） 下午 3:40]   use "Open Line Planner"
  95.2s [6月3日（週二） 下午 3:40]   click [Select_JOB-1] Schedule this order
  95.4s [6月3日（週二） 下午 3:40]   reveal detail controls for [FactoryOvertime]
  95.6s [6月3日（週二） 下午 3:40]   click [FactoryOvertime] ✗ 加班 · 工資 ×1.5、良率降低 2 個百分點
  95.8s [6月3日（週二） 下午 3:41]   click [More_hours] +
  96.0s [6月3日（週二） 下午 3:41]   click [More_hours] +
  96.2s [6月3日（週二） 下午 3:41]   click [More_hours] +
  96.4s [6月3日（週二） 下午 3:42]   click [More_hours] +
  96.6s [6月3日（週二） 下午 3:42]   click [More_hours] +
  96.8s [6月3日（週二） 下午 3:42]   click [More_hours] +
  97.0s [6月3日（週二） 下午 3:42]   click [More_hours] +
  97.2s [6月3日（週二） 下午 3:43]   click [More_hours] +
  97.5s [6月3日（週二） 下午 3:43]   shot 13_line_planner.png
  97.5s [6月3日（週二） 下午 3:43]   click [ReserveSlot] Reserve production slot
  98.3s [6月5日（週四） 上午 1:00]   shot 14_decision_low_cash_warning.png
  98.3s [6月5日（週四） 上午 1:00]   decision low_cash_warning → reduce
  98.3s [6月5日（週四） 上午 1:00]   click [Choice_reduce] 縮減開支（暫停廣告、生活從簡）
  99.7s [6月5日（週四） 上午 1:00]   shot 15_decision_outcome_low_cash_warning.png
  99.7s [6月5日（週四） 上午 1:00]   click "OK"
 106.6s [6月5日（週四） 上午 1:10]   use "Open Line Planner"
 106.8s [6月5日（週四） 上午 1:10]   ok  first factory revenue has a completed traceable order
 106.8s [6月5日（週四） 上午 1:10]   click [FactoryTab_quality] Quality results
 107.0s [6月5日（週四） 上午 1:10]   shot 16_factory_quality.png
 107.0s [6月5日（週四） 上午 1:10]   ok  OEM material, overtime, invoice and return journals balanced
 111.9s [6月5日（週四） 上午 1:18]   ok  walked back outside
 112.3s [6月5日（週四） 下午 9:00]   shot 17_industrial_night.png
 112.7s [6月5日（週四） 下午 9:01]   shot 18_decision_manufacturing_cancel.png
 112.7s [6月5日（週四） 下午 9:01]   decision manufacturing_cancel → retain
 112.7s [6月5日（週四） 下午 9:01]   click [Choice_retain] 扣留已發生的生產成本
 114.2s [6月5日（週四） 下午 9:01]   shot 19_decision_outcome_manufacturing_cancel.png
 114.2s [6月5日（週四） 下午 9:01]   click "OK"
 116.3s [6月5日（週四） 下午 9:03]   traffic collision report dismissed
 131.2s [6月5日（週四） 下午 9:26]   use "捷運——工業區站"
 132.2s [6月5日（週四） 下午 9:27]   shot 20_metro_riverside.png
 132.2s [6月5日（週四） 下午 9:27]   click [Go_riverside] 河濱區  ·  14 分鐘
 133.4s [6月5日（週四） 下午 9:43]   ok  took the Metro to Riverside
 147.9s [6月5日（週四） 下午 10:05]   ok  entered Riverside Tower
 147.9s [6月5日（週四） 下午 10:05] STEP Save → reload → same state
 148.9s [6月5日（週四） 下午 10:06]   ok  cash restored after load
 148.9s [6月5日（週四） 下午 10:06]   ok  time restored after load
 148.9s [6月5日（週四） 下午 10:06]   ok  location restored (riverside_apartment)
 149.0s [6月5日（週四） 下午 10:06]   shot 21_after_load.png
 149.0s [6月1日（週日） 下午 2:00] STEP (harness) skip to Chapter 10
 150.3s [6月1日（週日） 下午 2:02] STEP Residential — licence, brokerage office, client match and first commission
 153.6s [6月3日（週二） 上午 10:06]   ok  walked back outside
 167.5s [6月3日（週二） 上午 10:27]   use "捷運——河濱區站"
 168.5s [6月3日（週二） 上午 10:28]   shot 22_metro_civic_center.png
 168.5s [6月3日（週二） 上午 10:28]   click [Go_civic_center] 市政中心  ·  12 分鐘
 170.4s [6月3日（週二） 上午 10:42]   ok  took the Metro to Civic Center
 178.5s [6月3日（週二） 上午 10:53]   ok  entered Aurelia City Hall
 180.3s [6月3日（週二） 上午 10:55]   use "Permits & regulations"
 180.4s [6月3日（週二） 上午 10:56]   click [PropertyPermits] Property permits
 180.7s [6月3日（週二） 上午 10:56]   reveal detail controls for [ApplyRealtyPermit_brokerage]
 180.8s [6月3日（週二） 上午 10:56]   click [ApplyRealtyPermit_brokerage] 申請：$250.00 · 3 天
 182.2s [6月6日（週五） 上午 10:58]   ok  brokerage licence followed City Hall fee and three-day process
 185.3s [6月6日（週五） 上午 11:04]   ok  walked back outside
 190.9s [6月6日（週五） 上午 11:12]   use "捷運——市政中心站"
 191.9s [6月6日（週五） 上午 11:13]   shot 23_metro_residential.png
 191.9s [6月6日（週五） 上午 11:13]   click [Go_residential] 住宅區  ·  32 分鐘
 193.0s [6月6日（週五） 上午 11:47]   ok  took the Metro to Residential
 193.1s [6月6日（週五） 上午 11:47]   shot 24_residential_day.png
 195.9s [6月6日（週五） 上午 11:51]   traffic collision report dismissed
 200.2s [6月6日（週五） 上午 11:57]   ok  entered Harlow & Finch Realty
 200.6s [6月6日（週五） 上午 11:58]   use "Lease the brokerage office"
 200.7s [6月6日（週五） 上午 11:58]   click [SignLease_realty_office] Sign the lease
 202.5s [6月6日（週五） 下午 12:01]   use "Open Matchmaker"
 202.7s [6月6日（週五） 下午 12:01]   click [OpenBrokerage] Open the brokerage
 202.9s [6月6日（週五） 下午 12:01]   shot 25_matchmaker.png
 203.4s [6月6日（週五） 下午 12:02]   use "Open Matchmaker"
 203.6s [6月6日（週五） 下午 12:02]   reveal detail controls for [Mandate_M-1]
 203.8s [6月6日（週五） 下午 12:03]   click [Mandate_M-1] 選擇物件
 204.0s [6月6日（週五） 下午 12:03]   click [Client_C-4] 選擇客戶
 204.2s [6月6日（週五） 下午 12:03]   click [Negotiate_soft] 柔性議價
 204.4s [6月6日（週五） 下午 12:04]   click [ArrangeViewing] 安排帶看：$180.00 · 90 分鐘
 205.2s [6月6日（週五） 下午 1:35]   use "Open Matchmaker"
 205.4s [6月6日（週五） 下午 1:35]   reveal detail controls for [Mandate_M-2]
 205.6s [6月6日（週五） 下午 1:35]   click [Mandate_M-2] 選擇物件
 205.8s [6月6日（週五） 下午 1:36]   click [Client_C-5] 選擇客戶
 206.0s [6月6日（週五） 下午 1:36]   click [Negotiate_soft] 柔性議價
 206.2s [6月6日（週五） 下午 1:36]   click [ArrangeViewing] 安排帶看：$180.00 · 90 分鐘
 207.8s [6月13日（週五） 下午 3:07]   shot 26_decision_real_estate_arrears.png
 207.8s [6月13日（週五） 下午 3:07]   decision real_estate_arrears → respond
 207.8s [6月13日（週五） 下午 3:07]   click [Choice_respond] 檢視物件並處理
 209.2s [6月13日（週五） 下午 3:07]   shot 27_decision_outcome_real_estate_arrears.png
 209.2s [6月13日（週五） 下午 3:07]   click "OK"
 210.0s [6月13日（週五） 下午 3:08]   use "Open Matchmaker"
 210.2s [6月13日（週五） 下午 3:08]   reveal detail controls for [Mandate_M-7]
 210.4s [6月13日（週五） 下午 3:08]   click [Mandate_M-7] 選擇物件
 210.6s [6月13日（週五） 下午 3:08]   click [Client_C-8] 選擇客戶
 210.8s [6月13日（週五） 下午 3:09]   click [Negotiate_soft] 柔性議價
 211.0s [6月13日（週五） 下午 3:09]   click [ArrangeViewing] 安排帶看：$180.00 · 90 分鐘
 211.8s [6月13日（週五） 下午 4:40]   use "Open Matchmaker"
 212.0s [6月13日（週五） 下午 4:41]   reveal detail controls for [Mandate_M-7]
 212.2s [6月13日（週五） 下午 4:41]   click [Mandate_M-7] 選擇物件
 212.4s [6月13日（週五） 下午 4:41]   click [Client_C-10] 選擇客戶
 212.6s [6月13日（週五） 下午 4:41]   click [Negotiate_soft] 柔性議價
 212.8s [6月13日（週五） 下午 4:42]   click [ArrangeViewing] 安排帶看：$180.00 · 90 分鐘
 214.3s [6月20日（週五） 下午 6:13]   shot 28_decision_real_estate_neighbors.png
 214.3s [6月20日（週五） 下午 6:13]   decision real_estate_neighbors → respond
 214.3s [6月20日（週五） 下午 6:13]   click [Choice_respond] 檢視物件並處理
 215.7s [6月20日（週五） 下午 6:13]   shot 29_decision_outcome_real_estate_neighbors.png
 215.7s [6月20日（週五） 下午 6:13]   click "OK"
 216.4s [6月20日（週五） 下午 6:13]   use "Open Matchmaker"
 216.6s [6月20日（週五） 下午 6:14]   reveal detail controls for [Mandate_M-12]
 216.8s [6月20日（週五） 下午 6:14]   click [Mandate_M-12] 選擇物件
 217.0s [6月20日（週五） 下午 6:14]   click [Client_C-13] 選擇客戶
 217.2s [6月20日（週五） 下午 6:15]   click [Negotiate_soft] 柔性議價
 217.4s [6月20日（週五） 下午 6:15]   click [ArrangeViewing] 安排帶看：$180.00 · 90 分鐘
 218.3s [6月20日（週五） 下午 7:46]   use "Open Matchmaker"
 218.5s [6月20日（週五） 下午 7:47]   reveal detail controls for [Mandate_M-12]
 218.7s [6月20日（週五） 下午 7:47]   click [Mandate_M-12] 選擇物件
 218.9s [6月20日（週五） 下午 7:47]   click [Client_C-15] 選擇客戶
 219.1s [6月20日（週五） 下午 7:47]   click [Negotiate_soft] 柔性議價
 219.3s [6月20日（週五） 下午 7:48]   click [ArrangeViewing] 安排帶看：$180.00 · 90 分鐘
 219.9s [6月20日（週五） 下午 9:19]   ok  first brokerage income from a real client deal
 219.9s [6月20日（週五） 下午 9:19]   ok  viewing and commission ledger balanced
 220.1s [6月20日（週五） 下午 9:19]   use "Open Matchmaker"
 220.2s [6月20日（週五） 下午 9:19]   click [RealtyTab_properties] Properties
 220.4s [6月20日（週五） 下午 9:19]   shot 30_property_management.png
 223.7s [6月20日（週五） 下午 9:25]   ok  walked back outside
 229.9s [6月20日（週五） 下午 9:35]   use "捷運——住宅區站"
 230.9s [6月20日（週五） 下午 9:36]   shot 31_metro_riverside.png
 230.9s [6月20日（週五） 下午 9:36]   click [Go_riverside] 河濱區  ·  19 分鐘
 231.9s [6月20日（週五） 下午 9:57]   ok  took the Metro to Riverside
 246.4s [6月20日（週五） 下午 10:18]   ok  entered Riverside Tower
 246.4s [6月20日（週五） 下午 10:18] STEP Save → reload → same state
 247.4s [6月20日（週五） 下午 10:20]   ok  cash restored after load
 247.4s [6月20日（週五） 下午 10:20]   ok  time restored after load
 247.4s [6月20日（週五） 下午 10:20]   ok  location restored (riverside_apartment)
 247.6s [6月20日（週五） 下午 10:20]   shot 32_after_load.png
 247.6s [6月1日（週日） 下午 2:00] STEP (harness) skip to Chapter 10
 248.8s [6月1日（週日） 下午 2:02] STEP University — lease studio, creative pitch, media mix and first client invoice
 251.9s [6月1日（週日） 下午 2:08]   ok  walked back outside
 254.2s [6月1日（週日） 下午 2:11]   traffic collision report dismissed
 270.4s [6月1日（週日） 下午 2:35]   use "捷運——河濱區站"
 271.4s [6月1日（週日） 下午 2:37]   shot 33_metro_university.png
 271.4s [6月1日（週日） 下午 2:37]   click [Go_university] 大學城  ·  13 分鐘
 272.5s [6月1日（週日） 下午 2:51]   ok  took the Metro to University
 272.5s [6月1日（週日） 下午 2:51]   shot 34_university_day.png
 285.0s [6月1日（週日） 下午 3:10]   ok  entered The Loft
 285.4s [6月1日（週日） 下午 3:11]   use "Lease The Loft studio"
 285.5s [6月1日（週日） 下午 3:11]   click [SignLease_loft_office] Sign the lease
 287.3s [6月1日（週日） 下午 3:14]   use "Open Campaign Mixer"
 287.4s [6月1日（週日） 下午 3:14]   click [OpenAgency] Open the campaign studio
 288.2s [6月1日（週日） 下午 3:15]   use "Open Campaign Mixer"
 288.3s [6月1日（週日） 下午 3:15]   click [CreativePitch_JOB-1] Build Creative Pitch
 289.1s [6月1日（週日） 下午 3:15]   click [StartGame] Begin practice
 289.4s [6月1日（週日） 下午 3:15]   shot 35_creative_pitch_first_use_step_0.png
 289.4s [6月1日（週日） 下午 3:15]   click [CreativeCard_slogan_2] Care for every home
 289.6s [6月1日（週日） 下午 3:15]   click [CreativeCard_visual_0] Bold colour
 289.9s [6月1日（週日） 下午 3:15]   click [CreativeCard_tone_3] Refined
 290.1s [6月1日（週日） 下午 3:15]   ok  creative_pitch_first_use tutorial completes
 290.2s [6月1日（週日） 下午 3:15]   shot 36_creative_pitch_first_use_ready.png
 290.2s [6月1日（週日） 下午 3:15]   click [StartFormalWork] Start work
 290.4s [6月1日（週日） 下午 3:15]   click [CreativeCard_slogan_2] Care for every home
 290.6s [6月1日（週日） 下午 3:15]   click [CreativeCard_visual_0] Bold colour
 290.8s [6月1日（週日） 下午 3:15]   click [CreativeCard_tone_3] Refined
 291.0s [6月1日（週日） 下午 3:15]   shot 37_creative_pitch_result.png
 291.0s [6月1日（週日） 下午 3:15]   click [FinishGame] Continue
 291.3s [6月1日（週日） 下午 5:15]   reveal detail controls for [Propose_JOB-1]
 291.5s [6月1日（週日） 下午 5:15]   click [Propose_JOB-1] 提出提案 · $280 · 180 分鐘
 292.3s [6月1日（週日） 下午 8:16]   use "Open Campaign Mixer"
 292.4s [6月1日（週日） 下午 8:16]   click [CreativePitch_JOB-2] Build Creative Pitch
 293.1s [6月1日（週日） 下午 8:17]   click [StartGame] Start
 293.3s [6月1日（週日） 下午 8:17]   click [CreativeCard_slogan_3] Quiet excellence
 293.5s [6月1日（週日） 下午 8:17]   click [CreativeCard_visual_1] Clean charts
 293.7s [6月1日（週日） 下午 8:17]   click [CreativeCard_tone_0] Playful
 293.9s [6月1日（週日） 下午 8:17]   shot 38_creative_pitch_result.png
 293.9s [6月1日（週日） 下午 8:17]   click [FinishGame] Continue
 294.2s [6月1日（週日） 下午 10:17]   reveal detail controls for [Propose_JOB-2]
 294.4s [6月1日（週日） 下午 10:17]   click [Propose_JOB-2] 提出提案 · $280 · 180 分鐘
 295.0s [6月2日（週一） 上午 1:18]   ok  actual creative cards and proposal win a client job
 295.2s [6月2日（週一） 上午 1:18]   use "Open Campaign Mixer"
 295.3s [6月2日（週一） 上午 1:18]   click [MediaTab_mixer] Media mix
 295.4s [6月2日（週一） 上午 1:19]   click [SelectCampaign_JOB-2] Finch Families
 295.7s [6月2日（週一） 上午 1:19]   reveal detail controls for [MixMore_radio]
 295.9s [6月2日（週一） 上午 1:19]   click [MixMore_radio] +
 296.1s [6月2日（週一） 上午 1:20]   shot 39_campaign_mixer.png
 298.0s [6月16日（週一） 上午 1:20]   ok  daily campaign finishes actual client work
 298.0s [6月16日（週一） 上午 1:20]   ok  first agency income is a traceable Jobs invoice
 298.0s [6月16日（週一） 上午 1:20]   ok  campaign costs and invoice balance
 298.1s [6月16日（週一） 上午 1:21]   use "Open Campaign Mixer"
 298.2s [6月16日（週一） 上午 1:21]   click [MediaTab_reports] Campaign reports
 298.4s [6月16日（週一） 上午 1:21]   shot 40_campaign_report.png
 301.0s [6月16日（週一） 上午 1:26]   ok  walked back outside
 307.4s [6月16日（週一） 上午 1:36]   use "捷運——大學區站"
 308.4s [6月16日（週一） 上午 1:37]   shot 41_metro_riverside.png
 308.4s [6月16日（週一） 上午 1:37]   click [Go_riverside] 河濱區  ·  13 分鐘
 309.5s [6月16日（週一） 上午 1:52]   ok  took the Metro to Riverside
 318.6s [6月16日（週一） 上午 2:05]   ok  entered Riverside Tower
 318.6s [6月16日（週一） 上午 2:05] STEP Save → reload → same state
 319.6s [6月16日（週一） 上午 2:07]   ok  cash restored after load
 319.6s [6月16日（週一） 上午 2:07]   ok  time restored after load
 319.6s [6月16日（週一） 上午 2:07]   ok  location restored (riverside_apartment)
 319.7s [6月16日（週一） 上午 2:07]   shot 42_after_load.png
 319.7s [6月1日（週日） 下午 2:00] STEP (harness) skip to Chapter 10
 321.0s [6月1日（週日） 下午 2:02] STEP Luxury Heights — take over the Aster Inn, set the Rate Board, staff up and sell the first nights
 324.1s [6月1日（週日） 下午 2:08]   ok  walked back outside
 326.4s [6月1日（週日） 下午 2:11]   traffic collision report dismissed
 342.7s [6月1日（週日） 下午 2:35]   use "捷運——河濱區站"
 343.6s [6月1日（週日） 下午 2:37]   shot 43_metro_luxury_heights.png
 343.6s [6月1日（週日） 下午 2:37]   click [Go_luxury_heights] 豪景高地  ·  18 分鐘
 344.7s [6月1日（週日） 下午 2:56]   ok  took the Metro to Luxury Heights
 344.8s [6月1日（週日） 下午 2:56]   shot 44_luxury_heights_day.png
 363.6s [6月1日（週日） 下午 3:25]   ok  entered The Aster
 364.8s [6月1日（週日） 下午 3:27]   use "Open the Rate Board"
 365.0s [6月1日（週日） 下午 3:27]   reveal detail controls for [TakeoverAster]
 365.2s [6月1日（週日） 下午 3:27]   click [TakeoverAster] 頂下 Aster 小旅館 · $150,000
 365.5s [6月1日（週日） 下午 3:28]   ok  actual takeover opens the 12-room Aster Inn
 365.5s [6月1日（週日） 下午 3:28]   shot 45_rate_board.png
 365.5s [6月1日（週日） 下午 3:28]   click [Price_standard_10] +$10
 365.8s [6月1日（週日） 下午 3:28]   click [BoardNextOps] Next: daily operations
 366.0s [6月1日（週日） 下午 3:28]   shot 46_hotel_operations.png
 367.9s [6月13日（週五） 下午 9:29]   shot 47_decision_hotel_event_cancelled.png
 367.9s [6月13日（週五） 下午 9:29]   decision hotel_event_cancelled → promo
 367.9s [6月13日（週五） 下午 9:29]   click [Choice_promo] 推出 $1,200 的限時特賣
 369.3s [6月13日（週五） 下午 9:29]   shot 48_decision_outcome_hotel_event_cancelled.png
 369.3s [6月13日（週五） 下午 9:29]   click "OK"
 370.0s [6月13日（週五） 下午 9:29]   shot 49_decision_hotel_review_storm.png
 370.0s [6月13日（週五） 下午 9:29]   decision hotel_review_storm → respond
 370.0s [6月13日（週五） 下午 9:29]   click [Choice_respond] 道歉並賠償 $900
 371.4s [6月13日（週五） 下午 9:29]   shot 50_decision_outcome_hotel_review_storm.png
 371.4s [6月13日（週五） 下午 9:29]   click "OK"
 372.0s [6月13日（週五） 下午 9:29]   ok  night audits sell rooms and book room revenue
 372.0s [6月13日（週五） 下午 9:29]   ok  hotel books balance
 372.2s [6月13日（週五） 下午 9:30]   use "Open the Rate Board"
 372.3s [6月13日（週五） 下午 9:30]   click [HotelTab_reviews] Guest reviews
 372.5s [6月13日（週五） 下午 9:30]   shot 51_guest_reviews.png
 372.5s [6月1日（週日） 下午 2:00] STEP (harness) skip to Chapter 10
 373.9s [6月1日（週日） 下午 2:02] STEP Industrial - lease warehouse, Roof Survey, subsidy, install and first solar invoice
 377.4s [6月1日（週日） 下午 2:08]   ok  walked back outside
 379.6s [6月1日（週日） 下午 2:12]   traffic collision report dismissed
 396.1s [6月1日（週日） 下午 2:36]   use "捷運——河濱區站"
 397.1s [6月1日（週日） 下午 2:38]   shot 52_metro_industrial.png
 397.1s [6月1日（週日） 下午 2:38]   click [Go_industrial] 工業區  ·  14 分鐘
 398.2s [6月1日（週日） 下午 2:54]   ok  took the Metro to Industrial
 398.3s [6月1日（週日） 下午 2:54]   shot 53_industrial_energy_day.png
 406.5s [6月1日（週日） 下午 3:06]   ok  entered Helio Warehouse Office
 411.6s [6月1日（週日） 下午 3:14]   use "Lease the Helio warehouse office"
 411.7s [6月1日（週日） 下午 3:14]   click [SignLease_helio_warehouse] Sign the lease
 413.7s [6月1日（週日） 下午 3:17]   use "Open Energy Console"
 413.8s [6月1日（週日） 下午 3:17]   click [OpenEnergy] 開辦太陽能事業
 414.5s [6月1日（週日） 下午 3:18]   use "Open Energy Console"
 414.6s [6月1日（週日） 下午 3:18]   click [Survey_ROOF-1] 勘查這個屋頂
 414.9s [6月1日（週日） 下午 3:19]   reveal detail controls for [AutoLayout]
 415.1s [6月1日（週日） 下午 3:19]   click [AutoLayout] 自動擺放最佳位置
 415.4s [6月1日（週日） 下午 3:19]   shot 54_roof_survey.png
 415.4s [6月1日（週日） 下午 3:19]   click [SendQuote] 送出報價 · $29,526
 422.3s [6月1日（週日） 下午 4:15]   use "Open Energy Console"
 422.4s [6月1日（週日） 下午 4:15]   click [Survey_ROOF-2] 勘查這個屋頂
 422.7s [6月1日（週日） 下午 4:15]   reveal detail controls for [AutoLayout]
 422.9s [6月1日（週日） 下午 4:16]   click [AutoLayout] 自動擺放最佳位置
 423.2s [6月1日（週日） 下午 4:16]   shot 55_roof_survey.png
 423.2s [6月1日（週日） 下午 4:16]   click [SendQuote] 送出報價 · $7,816
 424.0s [6月1日（週日） 下午 5:02]   use "Open Energy Console"
 424.1s [6月1日（週日） 下午 5:02]   click [Survey_ROOF-3] 勘查這個屋頂
 424.4s [6月1日（週日） 下午 5:03]   reveal detail controls for [AutoLayout]
 424.6s [6月1日（週日） 下午 5:03]   click [AutoLayout] 自動擺放最佳位置
 425.0s [6月1日（週日） 下午 5:04]   shot 56_roof_survey.png
 425.0s [6月1日（週日） 下午 5:04]   click [SendQuote] 送出報價 · $10,421
 427.2s [6月8日（週日） 下午 5:50]   use "Open Energy Console"
 427.3s [6月8日（週日） 下午 5:50]   click [Survey_ROOF-4] 勘查這個屋頂
 427.6s [6月8日（週日） 下午 5:51]   reveal detail controls for [AutoLayout]
 427.8s [6月8日（週日） 下午 5:51]   click [AutoLayout] 自動擺放最佳位置
 428.1s [6月8日（週日） 下午 5:51]   shot 57_roof_survey.png
 428.1s [6月8日（週日） 下午 5:51]   click [SendQuote] 送出報價 · $7,816
 428.8s [6月8日（週日） 下午 6:38]   use "Open Energy Console"
 428.9s [6月8日（週日） 下午 6:38]   click [Survey_ROOF-5] 勘查這個屋頂
 429.2s [6月8日（週日） 下午 6:38]   reveal detail controls for [AutoLayout]
 429.4s [6月8日（週日） 下午 6:38]   click [AutoLayout] 自動擺放最佳位置
 429.7s [6月8日（週日） 下午 6:39]   shot 58_roof_survey.png
 429.7s [6月8日（週日） 下午 6:39]   click [SendQuote] 送出報價 · $13,026
 431.8s [6月15日（週日） 下午 7:25]   use "Open Energy Console"
 431.9s [6月15日（週日） 下午 7:25]   click [Survey_ROOF-6] 勘查這個屋頂
 432.2s [6月15日（週日） 下午 7:26]   reveal detail controls for [AutoLayout]
 432.4s [6月15日（週日） 下午 7:26]   click [AutoLayout] 自動擺放最佳位置
 432.7s [6月15日（週日） 下午 7:27]   shot 59_roof_survey.png
 432.7s [6月15日（週日） 下午 7:27]   click [SendQuote] 送出報價 · $14,763
 433.2s [6月15日（週日） 下午 8:12]   ok  actual Roof Survey quote wins a client job
 433.4s [6月15日（週日） 下午 8:13]   use "Open Energy Console"
 433.5s [6月15日（週日） 下午 8:13]   click [EnergyTab_installs] Installs & warranty
 433.8s [6月15日（週日） 下午 8:13]   reveal detail controls for [StartInstall_JOB-1]
 434.0s [6月15日（週日） 下午 8:14]   click [StartInstall_JOB-1] 訂購材料並開工 · $11,220
 440.6s [7月15日（週二） 下午 8:15]   shot 60_month_close_report.png
 440.6s [7月15日（週二） 下午 8:15]   click [month close] Continue
 441.2s [7月15日（週二） 下午 8:15]   shot 61_decision_low_cash_warning.png
 441.2s [7月15日（週二） 下午 8:15]   decision low_cash_warning → reduce
 441.2s [7月15日（週二） 下午 8:15]   click [Choice_reduce] 縮減開支（暫停廣告、生活從簡）
 442.7s [7月15日（週二） 下午 8:15]   shot 62_decision_outcome_low_cash_warning.png
 442.7s [7月15日（週二） 下午 8:15]   click "OK"
 443.3s [7月15日（週二） 下午 8:15]   shot 63_decision_energy_typhoon.png
 443.3s [7月15日（週二） 下午 8:15]   decision energy_typhoon → honour
 443.3s [7月15日（週二） 下午 8:15]   click [Choice_honour] 接受所有理賠並立刻修復
 444.8s [7月15日（週二） 下午 8:15]   shot 64_decision_outcome_energy_typhoon.png
 444.8s [7月15日（週二） 下午 8:15]   click "OK"
 445.4s [7月15日（週二） 下午 8:15]   shot 65_decision_low_cash_warning.png
 445.4s [7月15日（週二） 下午 8:15]   decision low_cash_warning → reduce
 445.4s [7月15日（週二） 下午 8:15]   click [Choice_reduce] 縮減開支（暫停廣告、生活從簡）
 446.9s [7月15日（週二） 下午 8:15]   shot 66_decision_outcome_low_cash_warning.png
 446.9s [7月15日（週二） 下午 8:15]   click "OK"
 447.5s [7月15日（週二） 下午 8:15]   shot 67_decision_low_cash_warning.png
 447.5s [7月15日（週二） 下午 8:15]   decision low_cash_warning → reduce
 447.5s [7月15日（週二） 下午 8:15]   click [Choice_reduce] 縮減開支（暫停廣告、生活從簡）
 449.0s [7月15日（週二） 下午 8:15]   shot 68_decision_outcome_low_cash_warning.png
 449.0s [7月15日（週二） 下午 8:15]   click "OK"
 449.6s [7月15日（週二） 下午 8:15]   shot 69_decision_low_cash_warning.png
 449.6s [7月15日（週二） 下午 8:15]   decision low_cash_warning → reduce
 449.6s [7月15日（週二） 下午 8:15]   click [Choice_reduce] 縮減開支（暫停廣告、生活從簡）
 451.1s [7月15日（週二） 下午 8:15]   shot 70_decision_outcome_low_cash_warning.png
 451.1s [7月15日（週二） 下午 8:15]   click "OK"
 451.7s [7月15日（週二） 下午 8:15]   shot 71_decision_low_cash_warning.png
 451.7s [7月15日（週二） 下午 8:15]   decision low_cash_warning → reduce
 451.7s [7月15日（週二） 下午 8:15]   click [Choice_reduce] 縮減開支（暫停廣告、生活從簡）
 453.2s [7月15日（週二） 下午 8:15]   shot 72_decision_outcome_low_cash_warning.png
 453.2s [7月15日（週二） 下午 8:15]   click "OK"
 453.7s [7月15日（週二） 下午 8:15]   ok  crew-days finish the install
 453.7s [7月15日（週二） 下午 8:15]   ok  first solar income is a traceable Jobs invoice
 453.7s [7月15日（週二） 下午 8:15]   ok  materials, install and invoice balance
 453.9s [7月15日（週二） 下午 8:16]   use "Open Energy Console"
 454.0s [7月15日（週二） 下午 8:16]   click [EnergyTab_installs] Installs & warranty
 454.2s [7月15日（週二） 下午 8:16]   shot 73_energy_installs.png
 458.9s [7月15日（週二） 下午 8:24]   ok  walked back outside
 459.8s [7月15日（週二） 下午 8:25]   traffic collision report dismissed
 465.6s [7月15日（週二） 下午 8:34]   use "捷運——工業區站"
 466.5s [7月15日（週二） 下午 8:35]   shot 74_metro_riverside.png
 466.5s [7月15日（週二） 下午 8:35]   click [Go_riverside] 河濱區  ·  14 分鐘
 467.6s [7月15日（週二） 下午 8:51]   ok  took the Metro to Riverside
 482.1s [7月15日（週二） 下午 9:13]   ok  entered Riverside Tower
 482.1s [6月1日（週日） 下午 2:00] STEP (harness) skip to Chapter 10
 483.5s [6月1日（週日） 下午 2:02] STEP Airport - open the auto desk, win a Wednesday auction car, recondition, list and sell it
 486.6s [6月1日（週日） 下午 2:08]   ok  walked back outside
 488.9s [6月1日（週日） 下午 2:11]   traffic collision report dismissed
 505.2s [6月1日（週日） 下午 2:35]   use "捷運——河濱區站"
 506.2s [6月1日（週日） 下午 2:37]   shot 75_metro_airport.png
 506.2s [6月1日（週日） 下午 2:37]   click [Go_airport] 國際機場  ·  24 分鐘
 507.4s [6月1日（週日） 下午 3:02]   ok  took the Metro to Airport
 507.5s [6月1日（週日） 下午 3:02]   shot 76_airport_day.png
 521.9s [6月1日（週日） 下午 3:24]   ok  entered Gateway Car Rental
 523.2s [6月1日（週日） 下午 3:26]   use "Open the fleet desk"
 523.4s [6月1日（週日） 下午 3:27]   reveal detail controls for [OpenAutoDesk]
 523.6s [6月1日（週日） 下午 3:27]   click [OpenAutoDesk] 開設汽車櫃台 · 執照費 $400.00
 523.8s [6月1日（週日） 下午 3:27]   ok  actual licence opens the auto desk
 524.4s [6月4日（週三） 上午 10:00]   shot 77_auction_lots.png
 528.1s [6月25日（週三） 上午 10:00]   ok  auto books balance
 528.1s [6月25日（週三） 上午 10:00] STEP Save → reload → same state
 528.9s [6月25日（週三） 上午 10:02]   ok  cash restored after load
 528.9s [6月25日（週三） 上午 10:02]   ok  time restored after load
 528.9s [6月25日（週三） 上午 10:02]   ok  location restored (gateway_car_rental)
 529.1s [6月25日（週三） 上午 10:02]   shot 78_after_load.png
 529.1s [6月25日（週三） 上午 10:02]   ok  ledger balanced after the industry fixtures
 529.1s [6月25日（週三） 上午 10:02] BOT FINISHED — 0 failure(s) · 529.1s real
 529.1s [6月25日（週三） 上午 10:02] English audit: 8 on-screen text(s) with untranslated words
