Godot Engine v4.5.1.stable.official.f62fdbde1 - https://godotengine.org
OpenGL API 3.3.0 NVIDIA 462.59 - Compatibility - Using Device: NVIDIA - Quadro RTX 4000

   0.0s STEP Main menu → New Game
   0.4s   shot 01_main_menu.png
   0.4s   click [NewGame] New Game
   1.7s STEP Character Creator
   1.8s   shot 02_creator_default.png
   1.8s   click [Tab_hair] Hair
   1.9s   click [Next_hair] ▶
   2.3s   click [Tab_face] Face
   2.4s   click [Next_face] ▶
   2.6s   click [Next_eye_shape] ▶
   2.8s   click [Tab_body] Body
   3.0s   click [Next_presentation] ▶
   3.6s   shot 03_creator_customised.png
   3.6s   click [Tab_outfit] Outfit
   3.7s   click "Startup Casual"
   4.3s   ok  appearance changed from default (short_neat)
   4.4s   shot 04_creator_final.png
   4.4s   click [Start] Start in Aurelia  →
   4.4s [6月1日（週日） 下午 2:00] STEP Arrival sequence
   7.1s [6月1日（週日） 下午 2:00]   shot 05_arrival_train.png
  10.7s [6月1日（週日） 下午 2:00]   shot 06_arrival_phone.png
  16.5s [6月1日（週日） 下午 2:01]   ok  spawned in the Riverside apartment
  16.5s [6月1日（週日） 下午 2:01]   ok  starting cash $30,000
  16.5s [6月1日（週日） 下午 2:01]   ok  name saved
  18.3s [6月1日（週日） 下午 2:03]   shot 07_apartment_arrival.png
  22.0s [6月1日（週日） 下午 2:09] STEP Growth fixture — existing company and completed legacy
  22.1s [6月1日（週日） 下午 2:09] STEP Growth — three optional goals, achievements and actual timeline
  22.8s [6月1日（週日） 下午 2:09]   click [GrowthAcknowledge] Put the card in your timeline
  23.0s [6月1日（週日） 下午 2:09]   click [GrowthAcknowledge] Put the card in your timeline
  23.1s [6月1日（週日） 下午 2:09]   ok  at least three free-play goals
  23.2s [6月1日（週日） 下午 2:09]   shot 08_growth_three_goals.png
  23.2s [6月1日（週日） 下午 2:09]   click [GrowthTab_achievements] Achievements
  23.3s [6月1日（週日） 下午 2:09]   shot 09_growth_achievements.png
  23.3s [6月1日（週日） 下午 2:09]   click [GrowthTab_timeline] The journey so far
  23.5s [6月1日（週日） 下午 2:09]   shot 10_growth_timeline.png
  23.5s [6月1日（週日） 下午 2:09]   click [GrowthReturn] Back to playing
  24.0s [6月1日（週日） 下午 2:09]   click [PauseAchievements] Achievements
  24.7s [6月1日（週日） 下午 2:09]   ok  pause menu opens achievements
  24.7s [6月1日（週日） 下午 2:09]   shot 11_growth_pause_achievements.png
  24.7s [6月1日（週日） 下午 2:09]   ok  growth UI never changes financial books
  24.7s [6月1日（週日） 下午 2:09] BOT FINISHED — 0 failure(s) · 24.7s real
  24.7s [6月1日（週日） 下午 2:09] English audit: 2 on-screen text(s) with untranslated words
