Godot Engine v4.5.1.stable.official.f62fdbde1 - https://godotengine.org

  PASS test_art_hooks.gd::test_missing_optional_art_keeps_the_layered_look (1 ms)
  PASS test_art_hooks.gd::test_npc_sheet_replaces_the_rig (1 ms)
  PASS test_art_hooks.gd::test_outfit_detail_layers_sit_above_the_tinted_fabric (0 ms)
  PASS test_art_hooks.gd::test_portrait_glasses_follow_the_accessory (1 ms)
  PASS test_art_hooks.gd::test_pose_needs_every_layer (181 ms)
  PASS test_art_hooks.gd::test_every_walk_layer_has_every_pose (99 ms)
  PASS test_art_hooks.gd::test_customers_sit_on_the_seats_facing_the_table (25 ms)
  PASS test_art_hooks.gd::test_suits_can_be_told_apart (0 ms)
  PASS test_art_hooks.gd::test_named_npcs_are_told_apart (0 ms)
  PASS test_automotive.gd::test_opening_gates_district_and_registry (3 ms)
  PASS test_automotive.gd::test_auction_ai_bids_are_bounded_and_deterministic (78 ms)
  PASS test_automotive.gd::test_bidding_requires_auction_day_cash_and_space (330 ms)
  PASS test_automotive.gd::test_hidden_defect_reveal_and_warranty_claim (388 ms)
  PASS test_automotive.gd::test_reconditioning_listing_and_profit_and_loss (211 ms)
  PASS test_automotive.gd::test_wholesale_at_dockside_is_instant_and_reveals_defects (97 ms)
  PASS test_automotive.gd::test_fleet_utilisation_rates_and_demand (1019 ms)
  PASS test_automotive.gd::test_skipped_maintenance_breaks_cars_mid_rental_with_compensation (1442 ms)
  PASS test_automotive.gd::test_insurance_damage_and_accident_claims (1 ms)
  PASS test_automotive.gd::test_dealership_deposit_minimum_stock_and_after_sales (3353 ms)
  PASS test_automotive.gd::test_ev_brand_sets_energy_boost_and_hotel_guests_feed_rentals (3 ms)
  PASS test_automotive.gd::test_dealership_shortfall_ends_franchise_and_forfeits_deposit (3542 ms)
  PASS test_automotive.gd::test_crises_have_choices_and_effects_decay (2223 ms)
  PASS test_automotive.gd::test_company_closure_auctions_cars_and_clears_callbacks (102 ms)
  PASS test_automotive.gd::test_old_saves_and_round_trip (125 ms)
  PASS test_automotive.gd::test_stock_cars_and_fleet_back_bank_loans (95 ms)
  PASS test_automotive.gd::test_weekly_catalogue_prices_and_market_index (1465 ms)
  PASS test_automotive.gd::test_screens_build_without_errors_and_pick_one_primary (183 ms)
sim cautious day 0 chapter ch2_first_customer cash 25377
sim cautious day 30 chapter ch4_growing_pains cash 21689
sim cautious day 60 chapter ch7_supply_shock cash 74164
sim cautious day 90 chapter ch7_supply_shock cash 73611
sim cautious day 120 chapter ch7_supply_shock cash 76503
ch7_month_profit: 329.33; survived_losses=false
sim cautious day 150 chapter ch10_digital_rails cash 76048
sim cautious day 180 chapter ch12_regulation_scale cash 74248
  PASS test_balance.gd::test_cautious_six_months_reaches_a_genuinely_profitable_chapter_seven (55982 ms)
  PASS test_balance.gd::test_balance_overlay_only_changes_existing_numeric_fields (0 ms)
  PASS test_bank.gd::test_no_loan_without_company_or_history (1 ms)
  PASS test_bank.gd::test_offer_comes_from_the_books (380 ms)
  PASS test_bank.gd::test_loan_disburses_and_amortises (1228 ms)
  PASS test_bank.gd::test_missed_payments_call_the_loan_and_insolvency_follows (1549 ms)
  PASS test_bank.gd::test_restructure_keeps_the_company_alive (1673 ms)
  PASS test_bank.gd::test_close_company_and_start_again (1707 ms)
  PASS test_bank.gd::test_investor_buys_a_stake (0 ms)
  PASS test_beta_cleanup.gd::test_employer_action_uses_the_same_entity_as_the_simulation (12 ms)
  PASS test_beta_cleanup.gd::test_scenery_keeps_data_but_has_no_public_destination (1 ms)
  PASS test_beta_cleanup.gd::test_status_activation_is_data_driven_and_explicit_switch_wins (0 ms)
  PASS test_beta_cleanup.gd::test_old_hidden_room_save_returns_to_same_street_door (641 ms)
  PASS test_beta_cleanup.gd::test_npc_only_room_tracks_real_schedule_and_story_conditions (0 ms)
  PASS test_cafe.gd::test_old_town_is_open_and_linked (0 ms)
  PASS test_cafe.gd::test_cafe_needs_lease_fitout_and_licence (58 ms)
  PASS test_cafe.gd::test_nobody_behind_the_counter_means_shut (254 ms)
  PASS test_cafe.gd::test_owner_shift_serves_customers_and_banks_the_till (258 ms)
  PASS test_cafe.gd::test_baristas_open_every_day_and_price_moves_demand (488 ms)
  PASS test_cafe.gd::test_running_out_and_queues_pull_the_rating_down (248 ms)
  PASS test_cafe.gd::test_rent_goes_on_the_shop_line (1 ms)
  PASS test_cafe.gd::test_your_cafe_has_seats_for_its_customers (6 ms)
  PASS test_careers.gd::test_jobs_data_valid (0 ms)
  PASS test_careers.gd::test_hire_work_shift_and_get_paid (6 ms)
  PASS test_careers.gd::test_shift_needs_opening_hours (33 ms)
  PASS test_careers.gd::test_promotion_raises_wage (141 ms)
  PASS test_careers.gd::test_perks_are_real (2 ms)
  PASS test_careers.gd::test_freelance_gig_invoice_and_payment (438 ms)
  PASS test_careers.gd::test_freelance_missed_deadline_cancels (229 ms)
  PASS test_compile.gd::test_all_scripts_compile (1663 ms)
  PASS test_contract_closure.gd::test_delivered_invoice_closed_then_due_cannot_pay_twice (801 ms)
  PASS test_contract_closure.gd::test_active_contract_terminated_and_new_company_stock_protected (10 ms)
  PASS test_contract_closure.gd::test_offered_closure_settles_chapter_five (130 ms)
  PASS test_contract_closure.gd::test_closed_old_save_reconciles_without_liquidating_again (11 ms)
  PASS test_contract_closure.gd::test_preclosure_fixture_loads_then_closes_safely (891 ms)
  PASS test_contract_closure.gd::test_guards_protect_against_missing_cleanup_and_wrong_seller (2 ms)
  PASS test_contract_closure.gd::test_terminal_contracts_unchanged_and_missing_decision_repaired (0 ms)
  PASS test_customs.gd::test_ddp_duty_is_paid_once_from_real_shipping (72 ms)
  PASS test_customs.gd::test_ddu_buyer_duty_has_higher_refusal_risk (3 ms)
  PASS test_customs.gd::test_wrong_code_has_real_documents_and_pay_choices (4 ms)
  PASS test_customs.gd::test_impossible_hold_times_out_and_reclaims_goods (3 ms)
  PASS test_customs.gd::test_immediate_payment_and_broke_withdrawal_are_distinct_routes (8 ms)
  PASS test_customs.gd::test_chapter_13_already_done_receipts_drain_into_14 (16 ms)
  PASS test_customs.gd::test_chapter_14_already_done_policy_code_and_sales (23 ms)
  PASS test_customs.gd::test_both_chapters_impossible_after_bound_company_closes (18 ms)
  PASS test_customs.gd::test_unsuccessful_trial_can_reduce_target_or_pause_honestly (8 ms)
  PASS test_customs.gd::test_trial_waits_for_return_window_and_counts_actual_refusals (6 ms)
  PASS test_detail_art.gd::test_every_detail_category_preserves_logical_geometry (2114 ms)
  PASS test_detail_art.gd::test_nine_slice_and_animation_stay_in_native_pixels (3 ms)
  PASS test_detail_art.gd::test_direct_detail_and_missing_optional_paths (3 ms)
  PASS test_detail_art.gd::test_world_collision_keeps_native_alpha_mask (3 ms)
  PASS test_detail_art.gd::test_twenty_backgrounds_keep_only_eight_and_release_evicted (1267 ms)
  PASS test_detail_art.gd::test_large_cache_hit_refreshes_recency_and_small_art_stays_pinned (1286 ms)
  PASS test_detail_art.gd::test_all_five_large_groups_share_one_limit_including_explicit_detail (334 ms)
  PASS test_discoverability.gd::test_every_data_action_has_existing_icon (7 ms)
  PASS test_discoverability.gd::test_every_building_has_summary_and_look_only_is_explicit (2 ms)
  PASS test_discoverability.gd::test_live_summary_includes_only_enabled_actions_and_present_npcs (0 ms)
  PASS test_discoverability.gd::test_guide_covers_current_and_future_active_data (4 ms)
  PASS test_discoverability.gd::test_old_save_counts_added_lazily_and_round_trip (11 ms)
  PASS test_discoverability.gd::test_meal_purchase_uses_dining_and_item_name (2 ms)
  PASS test_economy.gd::test_data_is_valid (2 ms)
  PASS test_economy.gd::test_opening_balance_and_double_entry (0 ms)
  PASS test_economy.gd::test_moq_and_cash_checks (0 ms)
  PASS test_economy.gd::test_po_arrives_into_inventory (56 ms)
  PASS test_economy.gd::test_listing_requires_stock_and_price_moves_demand (51 ms)
  PASS test_economy.gd::test_order_to_delivery_profit_is_not_cash (171 ms)
  PASS test_economy.gd::test_weekly_payout_moves_balance_to_cash (254 ms)
  PASS test_economy.gd::test_dropoff_at_postpoint (54 ms)
  PASS test_economy.gd::test_return_refund_and_replacement (171 ms)
  PASS test_economy.gd::test_replacement_needs_stock_of_that_product (143 ms)
  PASS test_economy.gd::test_month_close_report (896 ms)
  PASS test_economy.gd::test_rent_due_day_14 (336 ms)
  PASS test_economy.gd::test_seller_cap_pauses_until_registration (54 ms)
  PASS test_energy.gd::test_opening_gates_and_actual_industrial_world (2 ms)
  PASS test_energy.gd::test_shading_orientation_load_and_yield_math (2 ms)
  PASS test_energy.gd::test_quote_install_crew_capacity_invoice_and_segments (1227 ms)
  PASS test_energy.gd::test_weather_stops_work_and_late_delivery_penalty (462 ms)
  PASS test_energy.gd::test_subsidy_flow_quota_rejection_and_policy (3816 ms)
  PASS test_energy.gd::test_subsidy_rejection_returns_full_price_or_cancels_with_refund (158 ms)
  PASS test_energy.gd::test_warranty_claim_accounting_and_dispute (378 ms)
  PASS test_energy.gd::test_storage_certification_stage_and_battery_gate (7 ms)
  PASS test_energy.gd::test_charger_demand_follows_adoption_price_and_capacity (15661 ms)
  PASS test_energy.gd::test_charging_network_build_deals_ops_street_and_failure (1889 ms)
  PASS test_energy.gd::test_owned_property_and_helio_lot_need_no_landlord (1 ms)
  PASS test_energy.gd::test_loan_and_grant_financing_for_stations (196 ms)
  PASS test_energy.gd::test_crises_have_two_real_choices_and_effects_decay (2429 ms)
  PASS test_energy.gd::test_save_old_save_and_company_closure (29 ms)
  PASS test_energy.gd::test_own_property_rooftop_array_earns_feed_in_through_assets (601 ms)
  PASS test_energy.gd::test_roof_survey_ui_buttons_and_primary_rule (298 ms)
  PASS test_energy.gd::test_new_facades_use_existing_art_and_district_scene_draws_player_chargers (863 ms)
  PASS test_energy.gd::test_company_os_tab_and_charging_map_ui_build_without_errors (479 ms)
  PASS test_energy.gd::test_station_loan_financing_is_all_or_nothing (2 ms)
  PASS test_energy.gd::test_cancelled_install_releases_the_subsidy_quota (162 ms)
  PASS test_global.gd::test_fx_seeded_walk_bounds_mean_reversion_and_history (30 ms)
  PASS test_global.gd::test_fx_spread_and_expiring_shock (0 ms)
  PASS test_global.gd::test_account_and_store_requirements_are_idempotent (2 ms)
  PASS test_global.gd::test_overseas_lifecycle_keeps_foreign_units_until_conversion (3 ms)
  PASS test_global.gd::test_automatic_conversion_and_exchange_loss (3 ms)
  PASS test_global.gd::test_refund_before_payout_reverses_receipt_and_stock (3 ms)
  PASS test_global.gd::test_paid_refund_cannot_spend_another_orders_unpaid_receipt (5 ms)
  PASS test_global.gd::test_price_boundaries_and_rational_profit_with_risk (2 ms)
  PASS test_global.gd::test_company_closure_cancels_shipments_and_foreign_receipts (5 ms)
  PASS test_global.gd::test_old_save_and_fx_rng_roundtrip (3 ms)
  PASS test_growth.gd::test_all_goals_and_twenty_five_achievements_have_trigger_receipts (141 ms)
  PASS test_growth.gd::test_three_goals_rotate_after_completion_without_a_cash_reward (4 ms)
  PASS test_growth.gd::test_every_goal_no_longer_possible_can_be_reviewed_and_closed_company_never_blocks (72 ms)
  PASS test_growth.gd::test_ledger_history_detects_transient_overdraft_and_retains_it_across_save (11 ms)
  PASS test_growth.gd::test_old_save_backfills_met_conditions_without_repaying_rewards (20 ms)
  PASS test_growth.gd::test_real_metrics_reject_empty_loan_shell_and_nonconsecutive_profit_months (2 ms)
  PASS test_growth.gd::test_achievement_and_timeline_screens_have_one_primary_and_hints_for_locked_items (7 ms)
  PASS test_growth.gd::test_other_companies_cash_does_not_disqualify_the_player (2 ms)
  PASS test_hotel.gd::test_opening_gates_district_and_registry (3 ms)
  PASS test_hotel.gd::test_lease_route_uses_rent_and_rented_assets (2 ms)
  PASS test_hotel.gd::test_full_operating_cycle_ledger_balanced_and_segment_total (555 ms)
  PASS test_hotel.gd::test_demand_calendar_events_and_prices (16 ms)
  PASS test_hotel.gd::test_overbooking_walk_settlement (598 ms)
  PASS test_hotel.gd::test_channel_commission_accounting_via_jobs (1660 ms)
  PASS test_hotel.gd::test_group_block_locks_rooms_and_settles_net_30 (1887 ms)
  PASS test_hotel.gd::test_review_formula_and_vera_weight (264 ms)
  PASS test_hotel.gd::test_housekeeping_capacity_limits_sellable_rooms (128 ms)
  PASS test_hotel.gd::test_equipment_asset_failure_maintenance_and_renovation (407 ms)
  PASS test_hotel.gd::test_crisis_choices_have_real_effects_and_decay (5381 ms)
  PASS test_hotel.gd::test_cancelled_event_refunds_group_deposits (75 ms)
  PASS test_hotel.gd::test_growth_tiers_need_conditions_and_add_rooms (244 ms)
  PASS test_hotel.gd::test_media_group_campaign_lifts_hotel_demand (4 ms)
  PASS test_hotel.gd::test_breakfast_synergy_with_own_cafe (2 ms)
  PASS test_hotel.gd::test_save_load_old_save_and_company_close (160 ms)
  PASS test_hotel.gd::test_rate_board_ui_exposes_named_controls (225 ms)
  PASS test_hotel.gd::test_closed_view_checks_and_single_primary (21 ms)
  PASS test_hotel.gd::test_luxury_heights_is_visible_in_guide_map_and_metro (3 ms)
  PASS test_i18n.gd::test_catalogues_load_and_translate (940 ms)
  PASS test_i18n.gd::test_templates_keep_values_and_plurals (170 ms)
  PASS test_i18n.gd::test_dates_follow_locale (155 ms)
  PASS test_i18n.gd::test_language_switch_does_not_touch_game_data (161 ms)
  PASS test_i18n.gd::test_chinese_company_name_registers (0 ms)
  PASS test_i18n.gd::test_no_text_drawn_with_a_bare_font_file (20 ms)
  PASS test_industries.gd::test_registry_contract_dispatch_and_active_tabs (9 ms)
  PASS test_industries.gd::test_segments_allocate_exact_cents_and_equal_month_close (3 ms)
  PASS test_industries.gd::test_zero_revenue_shared_cost_and_old_untagged_journal (1 ms)
  PASS test_industries.gd::test_jobs_deposit_work_delivery_net_terms_and_no_double_payment (2819 ms)
  PASS test_industries.gd::test_late_job_penalty_and_company_closure_block_collection (2 ms)
  PASS test_industries.gd::test_assets_straight_line_maintenance_failure_and_auction (35 ms)
  PASS test_industries.gd::test_rented_asset_deposit_return_and_lazy_old_save_state (2 ms)
  PASS test_industries.gd::test_asset_rounding_finishes_at_end_of_life_and_lending_counts_assets (88 ms)
  PASS test_industries.gd::test_old_save_load_preserves_jobs_assets_and_segment_reports (11 ms)
  PASS test_industries.gd::test_extension_registers_routes_hours_dispatch_tabs_and_closure (0 ms)
  PASS test_info_tip.gd::test_next_action_and_purchase_gate_are_read_only (0 ms)
  PASS test_info_tip.gd::test_glossary_entries_are_complete (1 ms)
  PASS test_info_tip.gd::test_badge_remembers_being_read (0 ms)
  PASS test_info_tip.gd::test_literal_badge_references_and_event_choices_exist (17 ms)
  PASS test_info_tip.gd::test_empty_company_tabs_keep_their_explanations (176 ms)
  PASS test_info_tip.gd::test_permits_banking_and_empty_packing_have_badges (34 ms)
  PASS test_info_tip.gd::test_english_historical_ledger_displays_in_traditional_chinese (1032 ms)
  PASS test_legacy.gd::test_three_acquisition_branches_complete_both_routes_and_all_endings (465 ms)
  PASS test_legacy.gd::test_strategy_receipt_requires_actual_price_and_cost_or_stock_action (9 ms)
  PASS test_legacy.gd::test_niche_reviews_replace_paid_ad_and_unaffordable_action_does_not_commit (13 ms)
  PASS test_legacy.gd::test_demand_curve_directions_are_local_and_crisis_decays (10 ms)
  PASS test_legacy.gd::test_closed_store_falls_back_to_local_and_closed_company_skips_without_revenue (13 ms)
  PASS test_legacy.gd::test_every_objective_already_done_for_all_three_branches_has_no_soft_lock (41 ms)
  PASS test_legacy.gd::test_every_chapter_unavailable_then_legacy_finishes_for_every_ownership_branch (119 ms)
  PASS test_legacy.gd::test_sale_uses_same_current_valuation_and_prior_owner_cannot_collect_twice (41 ms)
  PASS test_legacy.gd::test_employee_grant_preserves_shares_and_balances_actual_equity_entries (17 ms)
  PASS test_legacy.gd::test_save_load_mid_response_and_epilogue_and_old_save_without_keys (33 ms)
  PASS test_legacy.gd::test_contract_manager_bills_real_cost_fulfils_orders_and_stops_at_closure (15 ms)
  PASS test_legacy.gd::test_interview_uses_records_and_estimated_share_is_named_honestly (13 ms)
  PASS test_legacy.gd::test_second_offer_uses_recorded_ch12_price_and_old_saves_disclose_missing_history (9 ms)
  PASS test_legacy.gd::test_pending_rival_decision_has_free_exit_after_closure (8 ms)
  PASS test_legacy.gd::test_valuation_includes_foreign_book_assets_and_second_sale_is_rejected (4 ms)
  PASS test_legacy.gd::test_route_trade_scenarios_profit_on_average_and_can_lose_real_costs (197 ms)
  PASS test_legacy.gd::test_screens_prioritize_next_step_and_endings_do_not_nudge_a_choice (24 ms)
  PASS test_legacy.gd::test_unpaid_manager_suspends_and_restarted_company_can_finish_any_available_ending (41 ms)
  PASS test_legacy.gd::test_restart_ownership_and_valuation_never_use_personal_savings (8 ms)
  PASS test_loan_access.gd::test_company_requirement (0 ms)
  PASS test_loan_access.gd::test_account_requirement (1 ms)
  PASS test_loan_access.gd::test_credit_and_ban_requirement (3 ms)
  PASS test_loan_access.gd::test_arrears_requirement (1 ms)
  PASS test_loan_access.gd::test_age_requirement_and_contract_alternative (2 ms)
  PASS test_loan_access.gd::test_capacity_requirement_and_formula_unchanged (2 ms)
  PASS test_loan_access.gd::test_all_conditions_pass_and_reading_preserves_ledger (3 ms)
  PASS test_loan_access.gd::test_original_weighted_offer_rounding_and_cap (5 ms)
  PASS test_loan_access.gd::test_actual_older_save_without_appointment_loads_and_keeps_books (3 ms)
  PASS test_loan_access.gd::test_appointment_weekend_and_saved_schedule (9 ms)
  PASS test_loan_access.gd::test_counter_meeting_unlocks_borrow_button (6 ms)
  PASS test_loan_access.gd::test_off_duty_booking_and_outside_bank_navigation (2 ms)
  PASS test_loan_access.gd::test_ineligible_screen_has_all_conditions_and_no_borrow (2 ms)
  PASS test_loan_access.gd::test_checklist_boolean_rows_and_numeric_units (1 ms)
  PASS test_loan_access.gd::test_first_missing_prerequisite_is_primary_and_booking_secondary (7 ms)
  PASS test_loan_access.gd::test_signing_takes_only_afternoon_and_first_payment_stays_thirty_days (14 ms)
  PASS test_logistics.gd::test_harbor_is_open_and_linked (4 ms)
  PASS test_logistics.gd::test_the_gym_and_customs_house_have_actual_hours (0 ms)
  PASS test_logistics.gd::test_sam_and_the_dealer_are_wired (0 ms)
  PASS test_logistics.gd::test_warehouse_lease_and_stock_location (66 ms)
  PASS test_logistics.gd::test_buying_the_van (1201 ms)
  PASS test_logistics.gd::test_a_broke_company_cannot_buy_the_van (1 ms)
  PASS test_logistics.gd::test_own_van_shipping_costs_fuel_and_arrives_today (83 ms)
  PASS test_logistics.gd::test_the_courier_options_are_untouched_and_the_van_needs_owning (0 ms)
  PASS test_logistics.gd::test_fuel_gets_dearer_in_a_shipping_shock (0 ms)
  PASS test_logistics.gd::test_route_geometry_and_score_math (16 ms)
  PASS test_logistics.gd::test_the_route_minigame_plays_and_autoplays (28 ms)
  PASS test_logistics.gd::test_jobs_are_posted_accepted_driven_and_paid (69 ms)
  PASS test_logistics.gd::test_a_worse_route_pays_less_and_costs_more (29 ms)
  PASS test_logistics.gd::test_late_runs_pay_less_and_forgotten_ones_are_cancelled (10 ms)
  PASS test_logistics.gd::test_you_can_only_carry_so_many_runs (4 ms)
  PASS test_logistics.gd::test_drivers_need_the_van_and_work_a_run_every_workday (82 ms)
  PASS test_logistics.gd::test_no_van_no_business (50 ms)
  PASS test_logistics.gd::test_a_closed_company_sells_the_van (1 ms)
  PASS test_logistics.gd::test_help_cards_and_badges_exist (0 ms)
  PASS test_logistics.gd::test_a_full_stockroom_names_the_warehouse_with_room (1 ms)
  PASS test_manufacturing.gd::test_tile_atlas_uses_physical_native_regions (0 ms)
  PASS test_manufacturing.gd::test_opening_gates_world_and_registry (2 ms)
  PASS test_manufacturing.gd::test_slot_conflicts_changeover_and_yield_formula (2 ms)
  PASS test_manufacturing.gd::test_complete_material_production_invoice_payment_cycle (1008 ms)
  PASS test_manufacturing.gd::test_bad_quote_quality_refund_and_no_double_refund (27 ms)
  PASS test_manufacturing.gd::test_crises_cancellation_deposit_and_close_cleanup (3 ms)
  PASS test_manufacturing.gd::test_old_save_lazy_state_and_roundtrip_with_slots (12 ms)
  PASS test_manufacturing.gd::test_growth_loan_automation_brand_and_equipment_closure (66 ms)
  PASS test_manufacturing.gd::test_actual_recall_event_and_positive_work_cost_cancellation (27 ms)
  PASS test_manufacturing.gd::test_actual_company_close_clears_raw_and_finished_inventory_once (61 ms)
  PASS test_manufacturing.gd::test_brand_retry_keeps_machine_reserved_and_company_close_cancels_it (97 ms)
  PASS test_manufacturing.gd::test_rfq_win_chance_falls_with_price_and_names_the_client (8 ms)
  PASS test_manufacturing.gd::test_cancel_crisis_without_a_deposit_posts_no_empty_entry (3 ms)
  PASS test_media.gd::test_opening_gates_and_actual_university_world (1 ms)
  PASS test_media.gd::test_saturation_fit_creative_and_mix_bounds (8 ms)
  PASS test_media.gd::test_complete_campaign_kpi_invoice_daily_metrics_and_segments (1318 ms)
  PASS test_media.gd::test_group_campaigns_change_actual_cafe_and_ecommerce_demand (513 ms)
  PASS test_media.gd::test_crisis_pause_cancel_save_old_save_and_closure (31 ms)
  PASS test_media.gd::test_paused_campaign_capacity_and_funding_are_not_bypassable (40 ms)
  PASS test_media.gd::test_bad_kpi_reputation_and_owned_inventory_asset_lifecycle (1046 ms)
  PASS test_media.gd::test_creative_cards_have_distinct_clickable_positions (4764 ms)
  PASS test_media.gd::test_preferences_are_random_per_brief_not_per_audience (1779 ms)
  PASS test_media.gd::test_price_shock_expires_and_rate_lock_halves_it (874 ms)
  PASS test_media.gd::test_media_events_offer_a_real_second_choice (10 ms)
  PASS test_media.gd::test_client_crisis_picks_a_client_campaign_and_cancel_is_not_completed (15 ms)
  PASS test_media.gd::test_paused_campaign_resumes_when_funded_or_times_out (298 ms)
  PASS test_media.gd::test_creative_pitch_is_timed_shows_preferences_and_has_no_default_primary (639 ms)
  PASS test_minigames.gd::test_shift_pay_follows_the_score (0 ms)
  PASS test_minigames.gd::test_a_bad_shift_pays_less_and_does_not_count_toward_promotion (74 ms)
  PASS test_minigames.gd::test_your_own_photos_move_demand (0 ms)
  PASS test_minigames.gd::test_photo_shoot_rates_the_setup (1 ms)
  PASS test_minigames.gd::test_pack_quality_follows_the_order (1 ms)
  PASS test_minigames.gd::test_barista_orders_follow_the_house_rules (76 ms)
  PASS test_minigames.gd::test_teller_counts_the_fewest_notes (0 ms)
  PASS test_minigames.gd::test_typing_output_scales_with_the_score (0 ms)
  PASS test_minigames.gd::test_every_screen_help_key_has_a_card (6 ms)
  PASS test_minigames.gd::test_tutorial_steps_are_well_formed (0 ms)
  PASS test_minigames.gd::test_no_way_to_skip_time (0 ms)
  PASS test_minigames.gd::test_the_guided_first_venture_has_no_waits (2 ms)
  PASS test_minigames.gd::test_a_continued_first_venture_never_waits_on_stock (2 ms)
  PASS test_minigames.gd::test_you_can_sleep_after_a_shift (43 ms)
  PASS test_no_softlocks.gd::test_every_interior_door_spawn_has_player_clearance (931 ms)
  PASS test_no_softlocks.gd::test_long_decision_cannot_push_confirmation_out_of_viewport (30 ms)
  PASS test_no_softlocks.gd::test_direct_return_resolution_before_chapter (121 ms)
  PASS test_no_softlocks.gd::test_tutorial_drains_consecutive_completed_steps (1 ms)
  PASS test_no_softlocks.gd::test_stale_first_order_receipt_can_retry_without_duplicate_schedule (0 ms)
  PASS test_no_softlocks.gd::test_all_arrow_data_targets_exist (0 ms)
  PASS test_no_softlocks.gd::test_arrow_ignores_locked_terminal (0 ms)
  PASS test_no_softlocks.gd::test_tutorial_every_step_already_done (7 ms)
  PASS test_no_softlocks.gd::test_tutorial_expired_pass_and_quit_job (1 ms)
  PASS test_no_softlocks.gd::test_news_receipts_do_not_cross_eras (134 ms)
  PASS test_no_softlocks.gd::test_completed_chapter_resumes_once (60 ms)
  PASS test_no_softlocks.gd::test_old_save_news_and_contract_receipts (12 ms)
  PASS test_no_softlocks.gd::test_expired_withdrawn_rejected_contracts_progress (149 ms)
  PASS test_no_softlocks.gd::test_company_closed_contract_cannot_block (12 ms)
  PASS test_no_softlocks.gd::test_negative_cash_two_month_ends_progress (4 ms)
  PASS test_no_softlocks.gd::test_early_ch1_phone (1 ms)
  PASS test_no_softlocks.gd::test_early_ch1_outside (1 ms)
  PASS test_no_softlocks.gd::test_early_ch1_coffee (3 ms)
  PASS test_no_softlocks.gd::test_early_ch1_cowork (2 ms)
  PASS test_no_softlocks.gd::test_early_ch1_board (3 ms)
  PASS test_no_softlocks.gd::test_early_ch2_supplier (3 ms)
  PASS test_no_softlocks.gd::test_early_ch2_stock (1 ms)
  PASS test_no_softlocks.gd::test_early_ch2_listing (2 ms)
  PASS test_no_softlocks.gd::test_early_ch2_order (2 ms)
  PASS test_no_softlocks.gd::test_early_ch2_ship (3 ms)
  PASS test_no_softlocks.gd::test_early_ch2_first_dollar (3 ms)
  PASS test_no_softlocks.gd::test_early_ch2_issue (2 ms)
  PASS test_no_softlocks.gd::test_early_ch3_register (3 ms)
  PASS test_no_softlocks.gd::test_early_ch3_bank (2 ms)
  PASS test_no_softlocks.gd::test_early_ch3_workspace (1 ms)
  PASS test_no_softlocks.gd::test_early_ch3_os (2 ms)
  PASS test_no_softlocks.gd::test_early_ch4_employer (70 ms)
  PASS test_no_softlocks.gd::test_early_ch4_post (1 ms)
  PASS test_no_softlocks.gd::test_early_ch4_hire (2 ms)
  PASS test_no_softlocks.gd::test_early_ch4_payroll (3 ms)
  PASS test_no_softlocks.gd::test_early_ch4_forecast (4 ms)
  PASS test_no_softlocks.gd::test_early_ch5_meet (2 ms)
  PASS test_no_softlocks.gd::test_early_ch5_decide (2 ms)
  PASS test_no_softlocks.gd::test_early_ch5_stock (7 ms)
  PASS test_no_softlocks.gd::test_early_ch5_deliver (3 ms)
  PASS test_no_softlocks.gd::test_early_ch6_forecast (3 ms)
  PASS test_no_softlocks.gd::test_early_ch6_bridge (1 ms)
  PASS test_no_softlocks.gd::test_early_ch6_collect (1 ms)
  PASS test_no_softlocks.gd::test_early_ch6_close (9 ms)
  PASS test_no_softlocks.gd::test_early_ch7_news (3 ms)
  PASS test_no_softlocks.gd::test_early_ch7_ken (1 ms)
  PASS test_no_softlocks.gd::test_early_ch7_stock (1 ms)
  PASS test_no_softlocks.gd::test_early_ch7_price (2 ms)
  PASS test_no_softlocks.gd::test_early_ch7_close (3 ms)
  PASS test_no_softlocks.gd::test_early_ch8_news (2 ms)
  PASS test_no_softlocks.gd::test_early_ch8_pack (3 ms)
  PASS test_no_softlocks.gd::test_early_ch8_product (3 ms)
  PASS test_no_softlocks.gd::test_early_ch8_grant (51 ms)
  PASS test_no_softlocks.gd::test_early_ch9_news (5 ms)
  PASS test_no_softlocks.gd::test_early_ch9_import (2 ms)
  PASS test_no_softlocks.gd::test_early_ch9_lina (1 ms)
  PASS test_no_softlocks.gd::test_early_ch9_settle (2 ms)
  PASS test_no_softlocks.gd::test_early_ch9_arrive (73 ms)
  PASS test_no_softlocks.gd::test_early_ch10_news (3 ms)
  PASS test_no_softlocks.gd::test_early_ch10_lina (3 ms)
  PASS test_no_softlocks.gd::test_early_ch10_import (2 ms)
  PASS test_no_softlocks.gd::test_early_ch10_arrive (49 ms)
  PASS test_no_softlocks.gd::test_early_ch11_news (3 ms)
  PASS test_no_softlocks.gd::test_early_ch11_order (1 ms)
  PASS test_no_softlocks.gd::test_early_ch11_freeze (2 ms)
  PASS test_no_softlocks.gd::test_early_ch11_restock (58 ms)
  PASS test_no_softlocks.gd::test_early_ch12_news (3 ms)
  PASS test_no_softlocks.gd::test_early_ch12_licence (2 ms)
  PASS test_no_softlocks.gd::test_early_ch12_kyc (4 ms)
  PASS test_no_softlocks.gd::test_early_ch12_offer (18 ms)
  PASS test_old_saves.gd::test_historical_money_is_formatted_only_for_display (1076 ms)
  PASS test_old_saves.gd::test_real_historical_chapter_three_saves_continue_for_three_days (2268 ms)
  PASS test_onboarding.gd::test_guide_routes_by_street_or_metro (0 ms)
  PASS test_onboarding.gd::test_every_main_objective_target_is_resolvable (3 ms)
  PASS test_onboarding.gd::test_tutorial_state_for_new_and_old_saves (0 ms)
  PASS test_overseas_partners.gd::test_forward_depreciation_gain_and_appreciation_loss_are_real_and_once (3 ms)
  PASS test_overseas_partners.gd::test_forward_rejects_speculation_nonfinite_short_cash_and_early_payment (3 ms)
  PASS test_overseas_partners.gd::test_forward_json_restore_and_company_closure_release_collateral_once (3 ms)
  PASS test_overseas_partners.gd::test_fx_shock_is_once_and_temporary_and_repricing_must_change_price (3 ms)
  PASS test_overseas_partners.gd::test_distributor_cycle_books_no_revenue_before_arrival_and_real_fx_payment (2 ms)
  PASS test_overseas_partners.gd::test_distributor_wholesale_margin_and_home_currency_tradeoff (4 ms)
  PASS test_overseas_partners.gd::test_warehouse_batch_ledger_monthly_rent_and_capacity (2 ms)
  PASS test_overseas_partners.gd::test_warehouse_orders_use_local_stock_and_real_shipping_not_domestic_inventory (3 ms)
  PASS test_overseas_partners.gd::test_warehouse_slow_stock_clearance_is_real_contract_and_closure_cancels_transit (4 ms)
  PASS test_overseas_partners.gd::test_flight_charges_each_way_and_video_is_free_alternative (103 ms)
  PASS test_overseas_partners.gd::test_both_chapters_early_receipts_drain_and_closed_company_has_no_fake_income (16 ms)
  PASS test_overseas_partners.gd::test_chapter16_already_paid_receipt_completes_and_unsuccessful_review_is_honest (15 ms)
  PASS test_overseas_partners.gd::test_distributor_counter_preserves_quote_and_cannot_accelerate_fx_invoice (2 ms)
  PASS test_overseas_partners.gd::test_actual_company_closure_clears_overseas_inventory_transit_and_forwards (6 ms)
  PASS test_overseas_partners.gd::test_both_chapters_no_longer_possible_without_company_and_old_save_initialization (9 ms)
  PASS test_overseas_partners.gd::test_distributor_scenarios_average_profit_and_cost_stress_losses (49 ms)
  PASS test_overseas_partners.gd::test_industry_merge_reports_realized_fx_and_keeps_overseas_destinations (3 ms)
  PASS test_patch_notes.gd::test_beta_release_notes_are_complete_in_both_languages (1048 ms)
  PASS test_patch_notes.gd::test_version_filter_excludes_seen_and_future_releases (1 ms)
  PASS test_patch_notes.gd::test_new_game_needs_no_update_notice_and_historical_metadata_survives_load (13 ms)
  PASS test_patch_notes.gd::test_read_notice_persists_and_cannot_modify_a_different_game (23 ms)
  PASS test_purchase_returns.gd::test_prepaid_cancel_and_stale_delivery (1 ms)
  PASS test_purchase_returns.gd::test_net_cancel_reduces_invoice_and_only_fee_is_paid (2 ms)
  PASS test_purchase_returns.gd::test_cancel_deadline_is_exclusive (0 ms)
  PASS test_purchase_returns.gd::test_partial_return_reserves_stock_and_delayed_refund (3 ms)
  PASS test_purchase_returns.gd::test_return_deadline_moved_stock_and_cumulative_cap (3 ms)
  PASS test_purchase_returns.gd::test_delivered_import_has_no_supplier_return (1 ms)
  PASS test_purchase_returns.gd::test_average_cost_difference_and_zero_fee_coop (2 ms)
  PASS test_purchase_returns.gd::test_pending_crossborder_principal_refunded_fees_kept (2 ms)
  PASS test_purchase_returns.gd::test_escrow_cancellation_removes_held_asset (0 ms)
  PASS test_purchase_returns.gd::test_cleared_crossborder_uses_normal_cancellation_fee (2 ms)
  PASS test_purchase_returns.gd::test_return_schedule_survives_save_load_and_registration (15 ms)
  PASS test_purchase_returns.gd::test_save_made_before_purchase_returns_loads (3 ms)
  PASS test_purchase_returns.gd::test_liquidated_return_receivable_cannot_collect_twice (4 ms)
  PASS test_purchase_returns.gd::test_cancelled_net_fee_not_paid_again_after_liquidation (3 ms)
  PASS test_purchase_returns.gd::test_coop_zero_fee_cancellation_removes_net_due (1 ms)
  PASS test_purchase_returns.gd::test_invalid_return_and_insufficient_freight_have_no_side_effects (2 ms)
  PASS test_real_estate.gd::test_industry_navigation_stays_in_viewport (4858 ms)
  PASS test_real_estate.gd::test_open_gates_permit_and_world_data (88 ms)
  PASS test_real_estate.gd::test_actual_match_viewing_and_traceable_commission (98 ms)
  PASS test_real_estate.gd::test_mortgage_amortization_interest_and_market_equity (90 ms)
  PASS test_real_estate.gd::test_vacancy_pricing_screening_tenant_arrears_and_repair (1078 ms)
  PASS test_real_estate.gd::test_renovation_completion_budget_and_save_load (681 ms)
  PASS test_real_estate.gd::test_ruiz_milestones_delay_completion_map_and_sales (2678 ms)
  PASS test_real_estate.gd::test_overrun_after_milestones_requires_extra_payment (2530 ms)
  PASS test_real_estate.gd::test_closure_cancels_tenants_work_mortgages_and_persists_city_landmark (1121 ms)
  PASS test_real_estate.gd::test_old_save_lazy_state_and_segment_totals (1395 ms)
  PASS test_real_estate.gd::test_sale_below_mortgage_needs_the_shortfall_covered (108 ms)
  PASS test_real_estate.gd::test_negative_property_equity_reduces_lending_capacity (100 ms)
  PASS test_real_estate.gd::test_rate_shock_fades_and_empty_listings_are_safe (1357 ms)
  PASS test_review_fixes.gd::test_unit_prices_and_shop_labels_keep_cents (0 ms)
  PASS test_review_fixes.gd::test_autosave_does_not_rotate_backups_every_time (35 ms)
  PASS test_review_fixes.gd::test_save_list_only_looks_for_backups_of_corrupt_slots (32 ms)
  PASS test_review_fixes.gd::test_new_game_reports_a_slot_that_cannot_be_claimed (2 ms)
  PASS test_review_fixes.gd::test_non_bool_flags_are_coerced_not_rejected (7 ms)
  PASS test_review_fixes.gd::test_property_buildings_are_not_tagged_housing (0 ms)
  PASS test_review_fixes.gd::test_availability_is_remembered_per_minute (0 ms)
  PASS test_review_fixes.gd::test_phone_destination_belongs_to_one_game (0 ms)
  PASS test_review_fixes.gd::test_markers_do_not_redraw_when_off (0 ms)
  PASS test_review_fixes.gd::test_decision_choices_are_not_nudged (77 ms)
  PASS test_review_fixes.gd::test_city_guide_has_no_primary_on_every_card (82 ms)
  PASS test_review_fixes.gd::test_unaccepted_offers_expire (203 ms)
  PASS test_review_fixes.gd::test_invoiced_job_leaves_receivable_for_the_collector_on_close (870 ms)
  PASS test_review_fixes.gd::test_assets_skip_zero_depreciation_entries (84 ms)
  PASS test_saas.gd::test_build_launch_and_grow (823 ms)
  PASS test_saas.gd::test_price_moves_signups_and_features_cut_churn (1 ms)
  PASS test_saas.gd::test_developers_build_while_you_sleep (237 ms)
  PASS test_save_compat.gd::test_old_save_gets_new_sections (0 ms)
  PASS test_save_compat.gd::test_walked_away_offer_settles_the_story_step (1 ms)
  PASS test_save_transfer.gd::test_roundtrip_import_uses_free_slot_and_keeps_running_game (14 ms)
  PASS test_save_transfer.gd::test_full_slots_require_explicit_replacement_and_keep_archive (19 ms)
  PASS test_save_transfer.gd::test_backup_failure_prevents_replacing_a_slot (7 ms)
  PASS test_save_transfer.gd::test_rotation_recovers_corrupt_primary_without_losing_it (34 ms)
  PASS test_save_transfer.gd::test_invalid_imports_preserve_every_existing_byte_and_game (11 ms)
  PASS test_shopping_street.gd::test_shopping_street_is_open_and_linked (0 ms)
  PASS test_shopping_street.gd::test_threadline_sells_into_the_wardrobe (1 ms)
  PASS test_shopping_street.gd::test_broke_players_cannot_buy (1 ms)
  PASS test_shopping_street.gd::test_old_saves_get_a_wardrobe (0 ms)
  PASS test_shopping_street.gd::test_shop_outfits_use_their_own_art (1 ms)
  PASS test_shopping_street.gd::test_market_stalls_are_out_on_weekend_days_only (275 ms)
  PASS test_shopping_street.gd::test_undrawn_furniture_shows_its_stand_in_until_the_art_lands (1 ms)
  PASS test_side_stories.gd::test_trigger_requires_company_and_timing (1 ms)
  PASS test_side_stories.gd::test_missing_business_and_unknown_story_are_unavailable (1 ms)
  PASS test_side_stories.gd::test_sequence_completes_without_changing_main_chapter (1 ms)
  PASS test_side_stories.gd::test_every_step_already_done_drains_immediately (2 ms)
  PASS test_side_stories.gd::test_every_step_impossible_drains_without_rewards (2 ms)
  PASS test_side_stories.gd::test_company_closure_removes_active_side_objective (1 ms)
  PASS test_side_stories.gd::test_save_roundtrip_resumes_and_old_save_initializes (9 ms)
  PASS test_side_stories.gd::test_phone_opportunities_empty_state_and_acceptance (10 ms)
  PASS test_staff.gd::test_hiring_needs_company_account_and_employer_registration (1 ms)
  PASS test_staff.gd::test_post_job_applicants_and_hire (26 ms)
  PASS test_staff.gd::test_payroll_paid_on_friday (163 ms)
  PASS test_staff.gd::test_missed_payroll_becomes_wages_owed_and_hurts_morale (386 ms)
  PASS test_staff.gd::test_marketer_raises_demand (89 ms)
  PASS test_staff.gd::test_packer_packs_at_the_office (275 ms)
  PASS test_story_endgame.gd::test_years_6_to_8_have_eras_and_headlines (1 ms)
  PASS test_story_endgame.gd::test_new_story_text_has_no_real_crypto_names (5 ms)
  PASS test_story_endgame.gd::test_data_validates_and_texts_match_the_numbers (1 ms)
  PASS test_story_endgame.gd::test_escrow_needs_year_6_and_an_account (2 ms)
  PASS test_story_endgame.gd::test_declining_escrow_is_final_but_never_forced (3 ms)
  PASS test_story_endgame.gd::test_escrow_happy_path_holds_then_releases_on_arrival (356 ms)
  PASS test_story_endgame.gd::test_escrow_refunds_when_the_supplier_fails (791 ms)
  PASS test_story_endgame.gd::test_lost_shipment_event_refunds_escrow_and_only_delays_others (801 ms)
  PASS test_story_endgame.gd::test_rail_record_and_regular_importer_rate (14 ms)
  PASS test_story_endgame.gd::test_bridge_exploit_freezes_money_in_flight_then_recovers_most_of_it (547 ms)
  PASS test_story_endgame.gd::test_rerouting_by_wire_pays_twice_and_gets_the_frozen_money_back (493 ms)
  PASS test_story_endgame.gd::test_bridge_loan_reuses_the_bank_to_fund_the_reroute (739 ms)
  PASS test_story_endgame.gd::test_digital_dollars_in_flight_freeze_too (529 ms)
  PASS test_story_endgame.gd::test_a_frozen_payment_can_be_rerouted_later_by_letter_of_credit (434 ms)
  PASS test_story_endgame.gd::test_a_freeze_survives_saving_and_loading (184 ms)
  PASS test_story_endgame.gd::test_lighter_path_when_the_rail_was_never_used (199 ms)
  PASS test_story_endgame.gd::test_chapter_11_flow_arms_the_exploit_from_the_first_order (562 ms)
  PASS test_story_endgame.gd::test_the_bridge_is_hit_after_a_week_even_if_you_never_order (216 ms)
  PASS test_story_endgame.gd::test_import_licence_is_an_annual_fee_and_gates_imports (225 ms)
  PASS test_story_endgame.gd::test_kyc_on_large_payments_costs_a_fee_and_a_day (232 ms)
  PASS test_story_endgame.gd::test_kyc_holds_even_when_the_payment_is_sped_up (61 ms)
  PASS test_story_endgame.gd::test_monthly_compliance_cost_appears_on_the_report (969 ms)
  PASS test_story_endgame.gd::test_acquisition_price_comes_from_the_companys_numbers (949 ms)
  PASS test_story_endgame.gd::test_acquisition_falls_back_to_revenue_for_a_thin_profit_business (988 ms)
  PASS test_story_endgame.gd::test_acquisition_of_a_loss_making_company_is_priced_on_its_assets (982 ms)
  PASS test_story_endgame.gd::test_acquisition_accept_pays_the_founder_and_hands_over_the_company (897 ms)
  PASS test_story_endgame.gd::test_acquisition_counter_pays_part_now_and_an_earn_out_later (924 ms)
  PASS test_story_endgame.gd::test_acquisition_decline_keeps_the_company (883 ms)
  PASS test_story_endgame.gd::test_old_saves_parked_after_chapter_9_carry_on_into_chapter_10 (5 ms)
  PASS test_story_endgame.gd::test_chapters_9_to_12_chain_into_free_play (1929 ms)
  PASS test_story_endgame.gd::test_each_ending_finishes_the_story (2787 ms)
  PASS test_story_eras.gd::test_supply_shock_changes_costs_and_chapter_7_plays_through (97 ms)
  PASS test_story_eras.gd::test_chapter_events_bind_their_product_and_supplier (99 ms)
  PASS test_story_eras.gd::test_green_shift_levy_and_grant (236 ms)
  PASS test_story_eras.gd::test_clearing_crisis_holds_imports_until_paid (872 ms)
  PASS test_story_eras.gd::test_chapter_7_never_soft_locks_on_losses (96 ms)
  PASS test_story_growth.gd::test_chapters_4_to_6 (1086 ms)
  PASS test_synergies.gd::test_data_is_complete_and_wellformed (0 ms)
  PASS test_synergies.gd::test_transfer_price_policies (2 ms)
  PASS test_synergies.gd::test_only_feasible_pairs_are_listed (6 ms)
  PASS test_synergies.gd::test_pairs_need_the_same_books (2 ms)
  PASS test_synergies.gd::test_internal_trade_is_eliminated_in_the_group_total (4 ms)
  PASS test_synergies.gd::test_saving_versus_outside_is_independent_of_the_price (4 ms)
  PASS test_synergies.gd::test_segments_report_both_sides (2 ms)
  PASS test_synergies.gd::test_factory_goods_settle_by_orders_delivered (84 ms)
  PASS test_synergies.gd::test_monthly_van_service (2353 ms)
  PASS test_synergies.gd::test_hotel_breakfast_and_power_run_through_internal_supply (121 ms)
  PASS test_synergies.gd::test_media_group_campaign_goes_through_internal_supply (450 ms)
  PASS test_synergies.gd::test_job_trade_fair_week (1252 ms)
  PASS test_synergies.gd::test_job_new_neighbourhood_opening (2878 ms)
  PASS test_synergies.gd::test_job_city_fleet_refresh (1995 ms)
  PASS test_synergies.gd::test_job_green_showroom_launch (1756 ms)
  PASS test_synergies.gd::test_job_private_label_launch (2276 ms)
  PASS test_synergies.gd::test_job_mixed_subcontract_and_own_work (3 ms)
  PASS test_synergies.gd::test_subcontract_needs_cash_and_offers_lapse (377 ms)
  PASS test_synergies.gd::test_offers_need_two_running_industries_and_a_company (1895 ms)
  PASS test_synergies.gd::test_milestones_unlock_from_real_counters (5 ms)
  PASS test_synergies.gd::test_milestones_follow_the_game_clock (5 ms)
  PASS test_synergies.gd::test_factory_yield_streak (1345 ms)
  PASS test_synergies.gd::test_idle_days_do_not_break_a_streak (95 ms)
  PASS test_synergies.gd::test_board_gates_and_suggestions (954 ms)
  PASS test_synergies.gd::test_group_tab_renders_with_one_primary_step (684 ms)
  PASS test_synergies.gd::test_phone_timeline_shows_achievements (86 ms)
  PASS test_synergies.gd::test_state_survives_save_and_load_and_old_saves_lack_it (251 ms)
  PASS test_systems.gd::test_registration_creates_company_and_moves_books (71 ms)
  PASS test_systems.gd::test_invalid_company_names (0 ms)
  PASS test_systems.gd::test_contract_counter_deliver_and_net30 (1053 ms)
  PASS test_systems.gd::test_contract_needs_registered_company (0 ms)
  PASS test_systems.gd::test_supplier_price_increase_event (158 ms)
  PASS test_systems.gd::test_every_event_changes_something (1 ms)
  PASS test_systems.gd::test_low_cash_warning_is_not_game_over (80 ms)
  PASS test_systems.gd::test_reduce_spending_option (0 ms)
  PASS test_systems.gd::test_story_chapter_one_progression (137 ms)
  PASS test_systems.gd::test_save_load_round_trip (182 ms)
  PASS test_systems.gd::test_character_options_are_cosmetic_only (2 ms)
  PASS test_systems.gd::test_crypto_not_available_in_year_one (0 ms)
  PASS test_systems.gd::test_a_new_game_never_overwrites_another_save (39 ms)
  PASS test_trade_quote.gd::test_cost_matrix_and_risk_transfer_are_distinct (1 ms)
  PASS test_trade_quote.gd::test_profitable_competitive_strategy_can_still_lose (0 ms)
  PASS test_trade_quote.gd::test_insurance_and_credit_choices_have_cost_and_risk (0 ms)
  PASS test_trade_quote.gd::test_air_is_faster_more_expensive_and_sea_terms_are_rejected (0 ms)
  PASS test_trade_quote.gd::test_invalid_routes_quantities_and_nonfinite_inputs (0 ms)
  PASS test_trade_quote.gd::test_eight_regions_quotes_expire_and_follow_spot_fx (1 ms)
  PASS test_trade_quote.gd::test_read_only_quote_needs_no_stock_company_or_new_saved_state (0 ms)

530/530 tests passed in 228.5s
JUnit report: D:/City-Venture-35/.qa-unit35-delivery.xml
