Godot Engine v4.5.1.stable.official.f62fdbde1 - https://godotengine.org
OpenGL API 3.3.0 NVIDIA 462.59 - Compatibility - Using Device: NVIDIA - Quadro RTX 4000

   0.0s STEP Main menu → New Game
   0.6s   shot 01_main_menu.png
   0.6s   click [NewGame] New Game
   1.9s STEP Character Creator
   2.0s   shot 02_creator_default.png
   2.0s   click [Tab_hair] Hair
   2.1s   click [Next_hair] ▶
   2.5s   click [Tab_face] Face
   2.6s   click [Next_face] ▶
   2.7s   click [Next_eye_shape] ▶
   2.8s   click [Tab_body] Body
   2.9s   click [Next_presentation] ▶
   3.5s   shot 03_creator_customised.png
   3.5s   click [Tab_outfit] Outfit
   3.6s   click "Startup Casual"
   4.1s   ok  appearance changed from default (short_neat)
   4.2s   shot 04_creator_final.png
   4.2s   click [Start] Start in Aurelia  →
   4.3s [6月1日（週日） 下午 2:00] STEP Arrival sequence
   7.0s [6月1日（週日） 下午 2:00]   shot 05_arrival_train.png
  10.5s [6月1日（週日） 下午 2:00]   shot 06_arrival_phone.png
  15.6s [6月1日（週日） 下午 2:01]   ok  spawned in the Riverside apartment
  15.6s [6月1日（週日） 下午 2:01]   ok  starting cash $30,000
  15.6s [6月1日（週日） 下午 2:01]   ok  name saved
  17.4s [6月1日（週日） 下午 2:03]   shot 07_apartment_arrival.png
  21.2s [6月1日（週日） 下午 2:09] STEP Controlled paid trade fixture — real port decision across company views
  21.2s [6月1日（週日） 下午 2:09]   ok  actual registration fee paid
  21.2s [6月1日（週日） 下午 2:09]   ok  actual owner pays office lease
  21.2s [6月1日（週日） 下午 2:09]   ok  owner brokerage starts
  21.2s [6月1日（週日） 下午 2:09]   ok  actual supplier and buyer contract
  21.2s [6月3日（週二） 下午 2:09]   ok  actual port closure generated by cargo handler
  23.7s [6月3日（週二） 下午 2:09]   shot 08_portfolio_trade_original_owner.png
  23.7s [6月3日（週二） 下午 2:09]   click [Choice_air] 改走空運 · 支付 $285.00 本國元
  24.3s [6月3日（週二） 下午 2:09]   shot 09_portfolio_trade_paid_reroute.png
  24.3s [6月3日（週二） 下午 2:09]   ok  native rerouting restores viewer without charging its bank
  24.3s [6月3日（週二） 下午 2:09]   ok  native rerouting charges actual cargo owner
  24.3s [6月3日（週二） 下午 2:09]   click [DecisionOK] OK
  24.4s [6月3日（週二） 下午 2:09]   ok  actual owner cargo records paid air freight
  24.4s [6月3日（週二） 下午 2:09]   ok  actual owner closure
  24.4s [6月3日（週二） 下午 2:09]   ok  surviving company has no inherited brokerage
  24.4s [6月3日（週二） 下午 2:09]   ok  closed cargo has no blocking crisis decision
  24.4s [6月3日（週二） 下午 2:09]   ok  actual supplier, air freight and closure books balance
  24.4s [6月3日（週二） 下午 2:09]   ok  save real controlled portfolio outcome
  24.4s [6月3日（週二） 下午 2:09] BOT FINISHED — 0 failure(s) · 24.4s real
  24.4s [6月3日（週二） 下午 2:09] English audit: 4 on-screen text(s) with untranslated words
