Godot Engine v4.5.1.stable.official.f62fdbde1 - https://godotengine.org
OpenGL API 3.3.0 NVIDIA 462.59 - Compatibility - Using Device: NVIDIA - Quadro RTX 4000

   0.0s STEP Main menu → New Game
   0.6s   shot 01_main_menu.png
   0.6s   click [NewGame] New Game
   1.9s STEP Character Creator
   2.0s   shot 02_creator_default.png
   2.0s   click [Tab_hair] Hair
   2.0s   click [Next_hair] ▶
   2.4s   click [Tab_face] Face
   2.5s   click [Next_face] ▶
   2.6s   click [Next_eye_shape] ▶
   2.7s   click [Tab_body] Body
   2.8s   click [Next_presentation] ▶
   3.5s   shot 03_creator_customised.png
   3.5s   click [Tab_outfit] Outfit
   3.5s   click "Startup Casual"
   4.1s   ok  appearance changed from default (short_neat)
   4.2s   shot 04_creator_final.png
   4.2s   click [Start] Start in Aurelia  →
   4.3s [6月1日（週日） 下午 2:00] STEP Arrival sequence
   7.0s [6月1日（週日） 下午 2:00]   shot 05_arrival_train.png
  10.6s [6月1日（週日） 下午 2:00]   shot 06_arrival_phone.png
  15.7s [6月1日（週日） 下午 2:01]   ok  spawned in the Riverside apartment
  15.7s [6月1日（週日） 下午 2:01]   ok  starting cash $30,000
  15.7s [6月1日（週日） 下午 2:01]   ok  name saved
  17.5s [6月1日（週日） 下午 2:03]   shot 07_apartment_arrival.png
  25.3s [6月1日（週日） 下午 2:09] STEP Holding registration and funding
  26.0s [6月1日（週日） 下午 2:09]   click [TypeHolding] Holding company
  26.2s [6月1日（週日） 下午 2:09]   shot 08_holding_registration.png
  26.2s [6月1日（週日） 下午 2:09]   click [Submit] Register & pay
  26.3s [6月1日（週日） 下午 2:54]   ok  holding registered through real choice
  26.3s [6月1日（週日） 下午 2:54]   click [Tab_group] Group
  27.5s [6月1日（週日） 下午 2:54]   click [HoldingAdd_co_river_original] 將 River Original 納入這家控股公司
  28.2s [6月1日（週日） 下午 2:54]   shot 09_holding_first_subsidiary.png
  28.8s [6月1日（週日） 下午 2:54]   click [Submit] Register & pay
  29.3s [6月1日（週日） 下午 3:39]   click [SwitchCompanyPrevious] ‹
  29.4s [6月1日（週日） 下午 3:39]   ok  actual company selector switches operational view
  29.4s [6月1日（週日） 下午 3:39]   click [Tab_group] Group
  30.6s [6月1日（週日） 下午 3:39]   click [HoldingAdd_co_river_second] 將 River Second 納入這家控股公司
  31.3s [6月1日（週日） 下午 3:39]   shot 10_holding_ownership_graph.png
  32.3s [6月1日（週日） 下午 3:39]   click [HoldingLoan_co_river_original] Fund subsidiary with group loan
  33.0s [6月1日（週日） 下午 3:39]   shot 11_holding_loan_and_elimination.png
  33.0s [6月1日（週日） 下午 3:39]   ok  actual parent funding
  33.0s [6月1日（週日） 下午 3:39]   ok  stock physically transferred
  33.5s [7月2日（週三） 下午 3:39]   shot 12_holding_consolidated_month_close.png
  33.5s [7月2日（週三） 下午 3:39]   ok  monthly consolidated statement persisted
  33.5s [7月2日（週三） 下午 3:39]   ok  all entity books balance
  33.5s [7月2日（週三） 下午 3:39]   ok  portfolio evidence save
  33.5s [7月2日（週三） 下午 3:39] BOT FINISHED — 0 failure(s) · 33.5s real
  33.5s [7月2日（週三） 下午 3:39] English audit: 22 on-screen text(s) with untranslated words
