Godot Engine v4.5.1.stable.official.f62fdbde1 - https://godotengine.org

  PASS test_holding_groups.gd::test_company_contexts_stock_staff_flags_credit_and_accounts_are_separate (1 ms)
  PASS test_holding_groups.gd::test_old_single_company_schedule_migration_and_save_reload_preserve_views (9 ms)
  PASS test_holding_groups.gd::test_hold_release_already_done_impossible_and_owner_fund_guards (3 ms)
  PASS test_holding_groups.gd::test_transfer_markup_eliminated_until_external_delivery_and_refund (6 ms)
  PASS test_holding_groups.gd::test_group_loans_interest_management_consolidation_and_nonfinite_edges (7 ms)
  PASS test_holding_groups.gd::test_subsidiary_bankruptcy_leaves_sibling_state_and_investment_intact (2 ms)
  PASS test_holding_groups.gd::test_npc_subsidiary_sale_is_parent_proceeds_and_cannot_pay_twice (3 ms)
  PASS test_holding_groups.gd::test_parent_guarantee_exposes_only_guaranteeing_parent_and_settles_once (2 ms)
  PASS test_holding_groups.gd::test_scheduled_work_runs_owner_context_and_restores_current_view (2 ms)
  PASS test_holding_groups.gd::test_group_company_selector_and_registration_are_reachable (60 ms)
  PASS test_holding_groups.gd::test_corrupt_portfolio_import_rejects_invalid_ids_and_context_shapes (3 ms)
  PASS test_holding_groups.gd::test_registration_prompt_is_read_only_and_requires_the_clerk (0 ms)
  PASS test_holding_groups.gd::test_actual_trade_contract_schedule_and_save_are_isolated_when_switching_company (112 ms)
  PASS test_holding_groups.gd::test_old_single_company_trade_departure_acquires_owner_before_switch (2 ms)
  PASS test_holding_groups.gd::test_old_multi_company_trade_capture_loads_without_giving_viewer_the_cargo (10 ms)
  PASS test_holding_groups.gd::test_pending_trade_port_decision_reroutes_the_owner_and_restores_another_viewer (3 ms)
  PASS test_holding_groups.gd::test_another_company_cannot_open_trade_in_the_first_companys_paid_office (1 ms)

17/17 tests passed in 3.3s
JUnit report: D:/City-Venture-91/.qa-trade91-final.xml
