Godot Engine v4.5.1.stable.official.f62fdbde1 - https://godotengine.org

  PASS test_holding_groups.gd::test_company_contexts_stock_staff_flags_credit_and_accounts_are_separate (0 ms)
  PASS test_holding_groups.gd::test_old_single_company_schedule_migration_and_save_reload_preserve_views (9 ms)
  PASS test_holding_groups.gd::test_hold_release_already_done_impossible_and_owner_fund_guards (2 ms)
  PASS test_holding_groups.gd::test_transfer_markup_eliminated_until_external_delivery_and_refund (6 ms)
  PASS test_holding_groups.gd::test_group_loans_interest_management_consolidation_and_nonfinite_edges (7 ms)
  PASS test_holding_groups.gd::test_subsidiary_bankruptcy_leaves_sibling_state_and_investment_intact (2 ms)
  PASS test_holding_groups.gd::test_npc_subsidiary_sale_is_parent_proceeds_and_cannot_pay_twice (3 ms)
  PASS test_holding_groups.gd::test_parent_guarantee_exposes_only_guaranteeing_parent_and_settles_once (2 ms)
  PASS test_holding_groups.gd::test_scheduled_work_runs_owner_context_and_restores_current_view (1 ms)
  PASS test_holding_groups.gd::test_group_company_selector_and_registration_are_reachable (60 ms)
  PASS test_holding_groups.gd::test_corrupt_portfolio_import_rejects_invalid_ids_and_context_shapes (3 ms)
  PASS test_holding_groups.gd::test_registration_prompt_is_read_only_and_requires_the_clerk (0 ms)
  FAIL test_holding_groups.gd::test_actual_trade_contract_schedule_and_save_are_isolated_when_switching_company (110 ms)
       - actual departure belongs to cargo owner (got , expected co_trade_test)
       - second company has no inherited brokerage
       - second company does not operate owner cargo (got co_trade_test, expected )
       - no cloned trade cargo
       - trade licence flag follows selected company
       - scheduled owner does not leak cargo into viewer
       - loaded viewer has no other-company cargo
       - closed brokerage cannot contaminate survivor
  FAIL test_holding_groups.gd::test_old_single_company_trade_departure_acquires_owner_before_switch (1 ms)
       - legacy trade schedule migrated to real owner (got , expected co_trade_test)
       - legacy owner cargo is not cloned on registration

12/14 tests passed in 3.2s
JUnit report: D:/City-Venture-91/.qa-trade91-before.xml
