   0.0s STEP Main menu → New Game
   0.7s   shot 01_main_menu.png
   0.7s   click [NewGame] New Game
   1.9s STEP Character Creator
   2.0s   shot 02_creator_default.png
   2.0s   click [Tab_hair] Hair
   2.1s   click [Next_hair] ▶
   2.5s   click [Tab_face] Face
   2.6s   click [Next_face] ▶
   2.7s   click [Next_eye_shape] ▶
   2.8s   click [Tab_body] Body
   3.0s   click [Next_presentation] ▶
   3.8s   shot 03_creator_customised.png
   3.8s   click [Tab_outfit] Outfit
   3.8s   click "Startup Casual"
   4.4s   ok  appearance changed from default (short_neat)
   4.5s   shot 04_creator_final.png
   4.5s   click [Start] Start in Aurelia  →
   4.6s [6月1日（週日） 下午 2:00] STEP Arrival sequence
   7.3s [6月1日（週日） 下午 2:00]   shot 05_arrival_train.png
  10.8s [6月1日（週日） 下午 2:00]   shot 06_arrival_phone.png
  16.0s [6月1日（週日） 下午 2:01]   ok  spawned in the Riverside apartment
  16.0s [6月1日（週日） 下午 2:01]   ok  starting cash $30,000
  16.0s [6月1日（週日） 下午 2:01]   ok  name saved
  17.8s [6月1日（週日） 下午 2:03]   shot 07_apartment_arrival.png
  22.9s [6月1日（週日） 下午 2:10]   ok  walked back outside
  23.2s [6月1日（週日） 下午 2:10]   shot 08_bank_exit_regression.png
  23.2s [6月1日（週日） 下午 2:10] BOT FINISHED — 0 failure(s) · 23.2s real