   0.0s STEP Main menu → New Game
   0.7s   shot 01_main_menu.png
   0.7s   click [NewGame] New Game
   2.0s STEP Character Creator
   2.0s   shot 02_creator_default.png
   2.1s   click [Tab_hair] Hair
   2.1s   click [Next_hair] ▶
   2.5s   click [Tab_face] Face
   2.6s   click [Next_face] ▶
   2.7s   click [Next_eye_shape] ▶
   2.8s   click [Tab_body] Body
   2.9s   click [Next_presentation] ▶
   3.5s   shot 03_creator_customised.png
   3.5s   click [Tab_outfit] Outfit
   3.6s   click "Startup Casual"
   4.2s   ok  appearance changed from default (short_neat)
   4.3s   shot 04_creator_final.png
   4.3s   click [Start] Start in Aurelia  →
   4.3s [6月1日（週日） 下午 2:00] STEP Arrival sequence
   7.0s [6月1日（週日） 下午 2:00]   shot 05_arrival_train.png
  10.6s [6月1日（週日） 下午 2:00]   shot 06_arrival_phone.png
  15.7s [6月1日（週日） 下午 2:01]   ok  spawned in the Riverside apartment
  15.7s [6月1日（週日） 下午 2:01]   ok  starting cash $30,000
  15.7s [6月1日（週日） 下午 2:01]   ok  name saved
  17.4s [6月1日（週日） 下午 2:03]   shot 07_apartment_arrival.png
  25.2s [6月1日（週日） 下午 2:15] STEP Chapter 13 — Year 9 news and Marcus's international banking explanation
  25.8s [6月1日（週日） 下午 2:20]   shot 08_ch13_news.png
  28.7s [6月2日（週一） 下午 1:04]   use "和 Marcus Reed 說話"
  30.7s [6月2日（週一） 下午 1:04]   choose "› 我會在每週撥款後換匯。"
  32.3s [6月2日（週一） 下午 1:04]   click [OpenInternationalAccount] 開立國際帳戶（$150.00）
  32.5s [6月2日（週一） 下午 1:35]   shot 09_ch13_international_account.png
  33.5s [6月2日（週一） 下午 1:36] STEP Chapter 13 — Northridge price and first export
  34.9s [6月2日（週一） 下午 1:38]   use "Use laptop — Company OS"
  35.5s [6月2日（週一） 下午 1:39]   click [Tab_sales] Ecommerce
  36.2s [6月2日（週一） 下午 1:40]   click [SalesPage_overseas] Overseas
  36.3s [6月2日（週一） 下午 1:40]   click [OpenGlobalStore_northridge] Open storefront
  37.5s [6月2日（週一） 下午 1:42]   click [SaveGlobalPrice_L6] Save local price
  38.2s [6月2日（週一） 下午 1:43]   ok  selected export listing really has a saved price
  38.2s [6月2日（週一） 下午 1:43]   shot 10_ch13_storefront.png
  46.4s [6月2日（週一） 下午 1:56]   use "Packing table"
  47.2s [6月2日（週一） 下午 1:57]   shot 11_packing_table.png
  47.2s [6月2日（週一） 下午 1:57]   click [Pack] 打包 1 筆訂單（8 分鐘）
  48.0s [6月2日（週一） 下午 2:06]   click [CourierEconomy] 經濟快遞／國際 7–14 天（$25.36）
  50.7s [6月19日（週四） 下午 2:10]   use "Use laptop — Company OS"
  51.3s [6月19日（週四） 下午 2:11]   click [Tab_finance] Finance
  51.9s [6月19日（週四） 下午 2:12]   click [ConvertGlobal_NRD] 換匯入帳（$53.19）
  56.2s [6月19日（週四） 下午 2:18]   shot 12_ch13_real_income.png
  56.9s [6月19日（週四） 下午 2:19]   ok  Chapter 13 actual export and conversion complete
  60.9s [6月19日（週四） 下午 2:25] STEP Chapter 14 — Ines in the open Customs House
  61.9s [6月23日（週一） 上午 10:02]   use "和 Ines Duarte 說話"
  62.1s [6月23日（週一） 上午 10:02]   shot 13_ch14_ines.png
  64.0s [6月23日（週一） 上午 10:02]   choose "› 我先付關稅，選 DDP。"
  65.9s [6月23日（週一） 上午 10:03]   ok  real Ines dialogue completed
  66.5s [6月23日（週一） 上午 10:04] STEP Chapter 14 — DDP declaration and accurate tariff classification
  67.9s [6月23日（週一） 上午 10:06]   use "Use laptop — Company OS"
  68.5s [6月23日（週一） 上午 10:07]   click [Tab_sales] Ecommerce
  69.2s [6月23日（週一） 上午 10:08]   click [SalesPage_overseas] Overseas
  70.4s [6月23日（週一） 上午 10:10]   click [ExportPolicy_ddp_L6] DDP
  71.0s [6月23日（週一） 上午 10:11]   click [TariffCode_L6] 一般商品
  72.2s [6月23日（週一） 上午 10:12]   shot 14_ch14_declaration.png
  72.6s [6月23日（週一） 上午 10:13]   ok  real policy and tariff inputs recorded
  72.6s [6月23日（週一） 上午 10:13] STEP Chapter 14 — trial deliveries and return risk
  80.5s [6月23日（週一） 上午 10:25]   use "Packing table"
  81.1s [6月23日（週一） 上午 10:26]   click [Pack] 打包 10 筆訂單（1 小時 20 分）
  82.0s [6月23日（週一） 上午 11:47]   click [CourierEconomy] 經濟快遞／國際 7–14 天（$199.60）
  83.1s [7月8日（週二） 上午 3:21]   toast: 新評價 #1004：★★★「還行。」
  83.2s [7月8日（週二） 下午 5:33]   toast: 新評價 #1002：★★★「等了好一陣子才到。」
  83.2s [7月8日（週二） 下午 7:58]   toast: 新評價 #1003：★★★「品質普通。」
  84.7s [7月10日（週四） 上午 11:51]   use "Use laptop — Company OS"
  85.3s [7月10日（週四） 上午 11:52]   click [Tab_sales] Ecommerce
  85.9s [7月10日（週四） 上午 11:53]   click [SalesPage_overseas] Overseas
  86.2s [7月10日（週四） 上午 11:53]   shot 15_ch14_trial_results.png
  86.6s [7月10日（週四） 上午 11:54]   shot 16_ch14_trial_observed.png
  86.9s [7月10日（週四） 上午 11:54]   ok  Chapter 14 trial completes
  86.9s [7月10日（週四） 上午 11:54]   ok  chapters 13–14 Ledger balanced
  86.9s [7月10日（週四） 上午 11:54] STEP Customs hold — wrong-code fixture, real document-correction input
  87.1s [7月10日（週四） 上午 11:55]   use "Use laptop — Company OS"
  87.7s [7月10日（週四） 上午 11:56]   click [Tab_operations] Operations
  89.1s [7月10日（週四） 上午 11:58]   click [DeliverTo_riverside_studio] 河濱大樓 7C
  90.3s [7月10日（週四） 上午 11:59]   click [Buy_tradelink_wholesale_wireless_earbuds] 購買 $918.00
  98.9s [7月10日（週四） 下午 7:11]   use "Sleep"
  99.5s [7月10日（週四） 下午 7:11]   click [Sleep] Sleep until 7:00 AM
 110.2s [7月11日（週五） 上午 7:14]   use "Packing table"
 110.8s [7月11日（週五） 上午 7:15]   click [Pack] 打包 19 筆訂單（2 小時 32 分）
 111.7s [7月11日（週五） 上午 9:48]   click [CourierEconomy] 經濟快遞／國際 7–14 天（$285.40）
 121.7s [7月11日（週五） 下午 7:13]   use "Sleep"
 122.3s [7月11日（週五） 下午 7:13]   click [Sleep] Sleep until 7:00 AM
 130.6s [7月12日（週六） 下午 7:09]   use "Sleep"
 131.2s [7月12日（週六） 下午 7:09]   click [Sleep] Sleep until 7:00 AM
 141.9s [7月13日（週日） 上午 7:14]   use "Packing table"
 142.5s [7月13日（週日） 上午 7:15]   click [Pack] 打包 9 筆訂單（1 小時 12 分）
 143.4s [7月13日（週日） 上午 8:28]   click [CourierEconomy] 經濟快遞／國際 7–14 天（$136.02）
 144.6s [7月13日（週日） 上午 8:30]   ok  real purchase supplies upcoming export or distributor shipment
 144.6s [7月13日（週日） 上午 8:30]   ok  wrong-code fixture created a new real order
 144.8s [7月13日（週日） 上午 8:30]   use "Packing table"
 145.5s [7月13日（週日） 上午 8:31]   click [Pack] 打包 2 筆訂單（16 分鐘）
 146.4s [7月13日（週日） 上午 8:49]   click [CourierEconomy] 經濟快遞／國際 7–14 天（$44.72）
 147.5s [7月13日（週日） 上午 8:50]   ok  actual wrong-code order is held before document choice
 148.0s [7月13日（週日） 上午 8:50]   shot 17_ch14_customs_choices.png
 148.0s [7月13日（週日） 上午 8:50]   click [Choice_documents] 補齊文件並付減額罰款
 148.6s [7月13日（週日） 上午 8:50]   shot 18_ch14_customs_corrected.png
 148.6s [7月13日（週日） 上午 8:50]   click [DecisionOK] OK
 148.7s [7月13日（週日） 上午 8:50]   ok  real documents choice releases hold
 148.7s [7月13日（週日） 上午 8:50]   ok  document correction Ledger balanced
 148.7s [7月13日（週日） 上午 8:50] BOT FINISHED — 0 failure(s) · 148.7s real