Godot Engine v4.5.1.stable.official.f62fdbde1 - https://godotengine.org
OpenGL API 3.3.0 NVIDIA 462.59 - Compatibility - Using Device: NVIDIA - Quadro RTX 4000

   0.1s STEP resume_ch10: genuine full-walkthrough backup, no fabricated company, cash, story or inventory
   0.6s [10月31日（週五） 上午 9:38]   ok  actual full-run checkpoint loaded
   3.4s [10月31日（週五） 上午 9:38]   ok  Chapter 10 started after Chapter 9
   3.4s [10月31日（週五） 上午 9:38]   ok  Year 6: the Digital Finance Boom
   3.4s [10月31日（週五） 上午 9:38] STEP Chapter 10 — the news, and Lina's escrow offer
   3.6s [10月31日（週五） 上午 9:39]   use "捷運——港區站"
   4.6s [10月31日（週五） 上午 9:40]   shot 01_metro_riverside.png
   4.6s [10月31日（週五） 上午 9:40]   click [Go_riverside] 河濱區  ·  8 分鐘
   7.5s [10月31日（週五） 上午 9:49]   ok  took the Metro to Riverside
  15.3s [10月31日（週五） 上午 10:00]   ok  entered Bloom Coffee
  17.0s [10月31日（週五） 上午 10:03]   use "Read the news board"
  17.8s [10月31日（週五） 上午 10:08]   shot 02_news_digital_rails.png
  18.2s [10月31日（週五） 上午 10:08]   ok  read the news (digital_rails)
  21.1s [10月31日（週五） 上午 10:13]   ok  walked back outside
  24.6s [10月31日（週五） 上午 10:18]   ok  entered Riverside Tower
  26.0s [10月31日（週五） 上午 10:20]   ok  walked back outside
  39.9s [10月31日（週五） 上午 10:41]   use "捷運——河濱區站"
  41.2s [10月31日（週五） 上午 10:43]   shot 03_metro_financial.png
  41.2s [10月31日（週五） 上午 10:43]   click [Go_financial] 金融區  ·  10 分鐘
  42.4s [10月31日（週五） 上午 10:54]   ok  took the Metro to Financial District
  50.0s [10月31日（週五） 上午 11:05]   ok  entered Nexus Bank
  57.4s [10月31日（週五） 上午 11:16]   use "和 Lina Zhao 說話"
  58.2s [10月31日（週五） 上午 11:16]   shot 04_lina_rails.png
  64.1s [10月31日（週五） 上午 11:16]   choose "› 有什麼但書？"
  70.1s [10月31日（週五） 上午 11:18]   ok  the '!' badge for escrow pins its card
  70.1s [10月31日（週五） 上午 11:18]   shot 05_badge_escrow_pinned.png
  70.3s [10月31日（週五） 上午 11:18]   shot 06_decision_escrow_offer.png
  70.3s [10月31日（週五） 上午 11:18]   decision escrow_offer → try
  70.3s [10月31日（週五） 上午 11:18]   click [Choice_try] 開立託管帳戶
  71.7s [10月31日（週五） 上午 11:18]   shot 07_decision_outcome_escrow_offer.png
  71.7s [10月31日（週五） 上午 11:18]   click "OK"
  72.3s [10月31日（週五） 上午 11:18]   ok  opened an escrow account
  72.3s [10月31日（週五） 上午 11:18] STEP Chapter 10 — an import paid through escrow
  74.5s [10月31日（週五） 上午 11:22]   ok  walked back outside
  80.7s [10月31日（週五） 上午 11:31]   use "捷運——金融區站"
  81.6s [10月31日（週五） 上午 11:33]   shot 08_metro_riverside.png
  81.6s [10月31日（週五） 上午 11:33]   click [Go_riverside] 河濱區  ·  10 分鐘
  82.7s [10月31日（週五） 上午 11:44]   ok  took the Metro to Riverside
  92.1s [10月31日（週五） 上午 11:58]   ok  entered Riverside Tower
  93.5s [10月31日（週五） 下午 12:00]   use "Use laptop — Company OS"
  94.3s [10月31日（週五） 下午 12:01]   click [Tab_operations] Operations
  95.1s [10月31日（週五） 下午 12:02]   click [Buy_lumina_direct_phone_stand] 購買 $864.00
  95.9s [10月31日（週五） 下午 12:03]   shot 09_settlement_escrow.png
  95.9s [10月31日（週五） 下午 12:03]   click [Settle_escrow] Pay this way
  96.6s [10月31日（週五） 下午 2:14]   click [Tab_finance] Finance
  97.0s [10月31日（週五） 下午 2:15]   click [Tab_operations] Operations
 102.2s [10月31日（週五） 下午 2:22]   shot 10_operations_escrow_order.png
 102.5s [10月31日（週五） 下午 2:23]   ok  import ordered through escrow
 102.7s [10月31日（週五） 下午 2:23]   use "Use laptop — Company OS"
 103.4s [10月31日（週五） 下午 2:24]   click [Tab_finance] Finance
 104.3s [10月31日（週五） 下午 2:25]   shot 11_finance_held_in_escrow.png
 104.8s [10月31日（週五） 下午 5:00]   toast: Riverlight Goods 咖啡 今天沒開門：吧台沒人顧。去僱一位咖啡師（人員分頁），或自己站吧台。
 112.5s [10月31日（週五） 下午 7:11]   use "Sleep"
 113.1s [10月31日（週五） 下午 7:11]   click [Sleep] Sleep until 7:00 AM
 117.0s [11月1日（週六） 上午 7:00]   shot 12_month_close_report.png
 117.0s [11月1日（週六） 上午 7:00]   click [month close] Continue
 117.7s [11月1日（週六） 下午 5:00]   toast: Riverlight Goods 咖啡 今天沒開門：吧台沒人顧。去僱一位咖啡師（人員分頁），或自己站吧台。
 118.0s [11月1日（週六） 下午 7:01]   use "Sleep"
 118.6s [11月1日（週六） 下午 7:01]   click [Sleep] Sleep until 7:00 AM
 121.1s [11月2日（週日） 下午 7:00]   use "Sleep"
 121.7s [11月2日（週日） 下午 7:00]   click [Sleep] Sleep until 7:00 AM
 124.1s [11月3日（週一） 下午 5:00]   toast: Riverlight Goods 咖啡 今天沒開門：吧台沒人顧。去僱一位咖啡師（人員分頁），或自己站吧台。
 124.3s [11月3日（週一） 下午 7:00]   use "Sleep"
 124.9s [11月3日（週一） 下午 7:00]   click [Sleep] Sleep until 7:00 AM
 127.2s [11月4日（週二） 下午 5:00]   toast: Riverlight Goods 咖啡 今天沒開門：吧台沒人顧。去僱一位咖啡師（人員分頁），或自己站吧台。
 127.5s [11月4日（週二） 下午 7:00]   use "Sleep"
 128.1s [11月4日（週二） 下午 7:00]   click [Sleep] Sleep until 7:00 AM
 130.4s [11月5日（週三） 下午 5:00]   toast: Riverlight Goods 咖啡 今天沒開門：吧台沒人顧。去僱一位咖啡師（人員分頁），或自己站吧台。
 137.2s [11月5日（週三） 下午 7:10]   use "Sleep"
 137.8s [11月5日（週三） 下午 7:10]   click [Sleep] Sleep until 7:00 AM
 140.1s [11月6日（週四） 下午 5:00]   toast: Riverlight Goods 咖啡 今天沒開門：吧台沒人顧。去僱一位咖啡師（人員分頁），或自己站吧台。
 140.4s [11月6日（週四） 下午 7:00]   use "Sleep"
 141.0s [11月6日（週四） 下午 7:00]   click [Sleep] Sleep until 7:00 AM
 143.4s [11月7日（週五） 下午 5:00]   toast: Riverlight Goods 咖啡 今天沒開門：吧台沒人顧。去僱一位咖啡師（人員分頁），或自己站吧台。
 143.6s [11月7日（週五） 下午 7:00]   shot 13_decision_supplier_price_increase.png
 143.6s [11月7日（週五） 下午 7:00]   decision supplier_price_increase → accept
 143.6s [11月7日（週五） 下午 7:00]   click [Choice_accept] 好。繼續跟你進貨。
 144.9s [11月7日（週五） 下午 7:00]   shot 14_decision_outcome_supplier_price_increase.png
 144.9s [11月7日（週五） 下午 7:00]   click "OK"
 145.6s [11月7日（週五） 下午 7:00]   use "Sleep"
 146.2s [11月7日（週五） 下午 7:00]   click [Sleep] Sleep until 7:00 AM
 148.5s [11月8日（週六） 下午 5:00]   toast: Riverlight Goods 咖啡 今天沒開門：吧台沒人顧。去僱一位咖啡師（人員分頁），或自己站吧台。
 148.8s [11月8日（週六） 下午 7:00]   use "Sleep"
 149.4s [11月8日（週六） 下午 7:00]   click [Sleep] Sleep until 7:00 AM
 151.9s [11月9日（週日） 下午 7:00]   use "Sleep"
 152.5s [11月9日（週日） 下午 7:00]   click [Sleep] Sleep until 7:00 AM
 154.8s [11月10日（週一） 下午 5:00]   toast: Riverlight Goods 咖啡 今天沒開門：吧台沒人顧。去僱一位咖啡師（人員分頁），或自己站吧台。
 161.7s [11月10日（週一） 下午 7:10]   use "Sleep"
 162.3s [11月10日（週一） 下午 7:10]   click [Sleep] Sleep until 7:00 AM
 164.7s [11月11日（週二） 下午 5:00]   toast: Riverlight Goods 咖啡 今天沒開門：吧台沒人顧。去僱一位咖啡師（人員分頁），或自己站吧台。
 164.9s [11月11日（週二） 下午 7:00]   use "Sleep"
 165.5s [11月11日（週二） 下午 7:00]   click [Sleep] Sleep until 7:00 AM
 167.9s [11月12日（週三） 下午 5:00]   toast: Riverlight Goods 咖啡 今天沒開門：吧台沒人顧。去僱一位咖啡師（人員分頁），或自己站吧台。
 168.3s [11月12日（週三） 下午 7:00]   use "Sleep"
 168.9s [11月12日（週三） 下午 7:00]   click [Sleep] Sleep until 7:00 AM
 171.2s [11月13日（週四） 上午 7:01]   ok  escrow released to the supplier on arrival
 171.2s [11月13日（週四） 上午 7:01]   ok  Chapter 10 complete
 171.2s [11月13日（週四） 上午 7:01] STEP Chapter 11 — the bridge exploit
 171.2s [11月13日（週四） 上午 7:01]   ok  Year 7: the Bridge Exploit
 174.5s [11月13日（週四） 上午 7:06]   ok  walked back outside
 177.8s [11月13日（週四） 上午 7:11]   ok  entered Bloom Coffee
 179.6s [11月13日（週四） 上午 7:13]   use "Read the news board"
 180.3s [11月13日（週四） 上午 7:19]   shot 15_news_bridge_before.png
 180.7s [11月13日（週四） 上午 7:19]   ok  read the news (bridge_before)
 183.6s [11月13日（週四） 上午 7:24]   ok  walked back outside
 186.8s [11月13日（週四） 上午 7:28]   ok  entered Riverside Tower
 188.2s [11月13日（週四） 上午 7:31]   use "Use laptop — Company OS"
 188.9s [11月13日（週四） 上午 7:32]   click [Tab_operations] Operations
 189.6s [11月13日（週四） 上午 7:33]   click [Buy_lumina_direct_phone_stand] 購買 $856.00
 190.4s [11月13日（週四） 上午 7:34]   shot 16_settlement_before_exploit.png
 190.4s [11月13日（週四） 上午 7:34]   click [Settle_escrow] Pay this way
 191.8s [11月13日（週四） 上午 7:36]   ok  restock ordered through escrow (cash $51,684)
 203.7s [11月13日（週四） 上午 7:54]   toast: 快訊：數位美元跨鏈橋遭駭。轉帳凍結，預計 11月19日 上午 7:54 前後恢復。
 205.6s [11月13日（週四） 上午 7:56]   ok  the bridge is frozen with our payment crossing it
 206.6s [11月13日（週四） 上午 7:56]   ok  the '!' badge for frozen_funds pins its card
 206.7s [11月13日（週四） 上午 7:56]   shot 17_badge_frozen_pinned.png
 206.9s [11月13日（週四） 上午 7:56]   shot 18_decision_rail_frozen.png
 206.9s [11月13日（週四） 上午 7:56]   decision rail_frozen → reroute
 206.9s [11月13日（週四） 上午 7:56]   click [Choice_reroute] 改用電匯重新付款（$890）
 208.3s [11月13日（週四） 上午 7:56]   shot 19_decision_outcome_rail_frozen.png
 208.3s [11月13日（週四） 上午 7:56]   click "OK"
 208.8s [11月13日（週四） 上午 7:56]   ok  paid again by wire
 209.1s [11月13日（週四） 上午 7:57]   use "Use laptop — Company OS"
 209.8s [11月13日（週四） 上午 7:58]   click [Tab_finance] Finance
 210.6s [11月13日（週四） 上午 7:59]   shot 20_finance_frozen_funds.png
 210.6s [11月13日（週四） 上午 7:59]   click [Tab_operations] Operations
 216.2s [11月13日（週四） 上午 8:07]   shot 21_operations_frozen_order.png
 219.2s [11月13日（週四） 上午 8:12]   ok  walked back outside
 222.5s [11月13日（週四） 上午 8:17]   ok  entered Bloom Coffee
 224.2s [11月13日（週四） 上午 8:20]   use "Read the news board"
 224.9s [11月13日（週四） 上午 8:25]   shot 22_news_bridge_frozen.png
 225.3s [11月13日（週四） 上午 8:25]   ok  read the news (bridge_frozen)
 228.3s [11月13日（週四） 上午 8:30]   ok  walked back outside
 231.7s [11月13日（週四） 上午 8:34]   ok  entered Riverside Tower
 231.8s [11月13日（週四） 下午 5:00]   toast: Riverlight Goods 咖啡 今天沒開門：吧台沒人顧。去僱一位咖啡師（人員分頁），或自己站吧台。
 233.7s [11月13日（週四） 下午 7:02]   use "Sleep"
 234.3s [11月13日（週四） 下午 7:02]   click [Sleep] Sleep until 7:00 AM
 236.7s [11月14日（週五） 下午 5:00]   toast: Riverlight Goods 咖啡 今天沒開門：吧台沒人顧。去僱一位咖啡師（人員分頁），或自己站吧台。
 236.9s [11月14日（週五） 下午 7:00]   shot 23_decision_low_cash_warning.png
 236.9s [11月14日（週五） 下午 7:00]   decision low_cash_warning → reduce
 236.9s [11月14日（週五） 下午 7:00]   click [Choice_reduce] 縮減開支（暫停廣告、生活從簡）
 238.3s [11月14日（週五） 下午 7:00]   shot 24_decision_outcome_low_cash_warning.png
 238.3s [11月14日（週五） 下午 7:00]   click "OK"
 239.0s [11月14日（週五） 下午 7:00]   use "Sleep"
 239.6s [11月14日（週五） 下午 7:00]   click [Sleep] Sleep until 7:00 AM
 241.9s [11月15日（週六） 下午 5:00]   toast: Riverlight Goods 咖啡 今天沒開門：吧台沒人顧。去僱一位咖啡師（人員分頁），或自己站吧台。
 242.2s [11月15日（週六） 下午 7:00]   use "Sleep"
 242.8s [11月15日（週六） 下午 7:00]   click [Sleep] Sleep until 7:00 AM
 245.4s [11月16日（週日） 下午 7:00]   use "Sleep"
 246.0s [11月16日（週日） 下午 7:00]   click [Sleep] Sleep until 7:00 AM
 248.4s [11月17日（週一） 下午 5:00]   toast: Riverlight Goods 咖啡 今天沒開門：吧台沒人顧。去僱一位咖啡師（人員分頁），或自己站吧台。
 248.6s [11月17日（週一） 下午 7:00]   shot 25_decision_low_cash_warning.png
 248.6s [11月17日（週一） 下午 7:00]   decision low_cash_warning → reduce
 248.6s [11月17日（週一） 下午 7:00]   click [Choice_reduce] 縮減開支（暫停廣告、生活從簡）
 249.9s [11月17日（週一） 下午 7:00]   shot 26_decision_outcome_low_cash_warning.png
 249.9s [11月17日（週一） 下午 7:00]   click "OK"
 250.6s [11月17日（週一） 下午 7:00]   use "Sleep"
 251.2s [11月17日（週一） 下午 7:00]   click [Sleep] Sleep until 7:00 AM
 253.5s [11月18日（週二） 下午 5:00]   toast: Riverlight Goods 咖啡 今天沒開門：吧台沒人顧。去僱一位咖啡師（人員分頁），或自己站吧台。
 253.8s [11月18日（週二） 下午 7:00]   use "Sleep"
 254.4s [11月18日（週二） 下午 7:00]   click [Sleep] Sleep until 7:00 AM
 256.7s [11月19日（週三） 下午 5:00]   toast: Riverlight Goods 咖啡 今天沒開門：吧台沒人顧。去僱一位咖啡師（人員分頁），或自己站吧台。
 257.0s [11月19日（週三） 下午 7:00]   use "Sleep"
 257.6s [11月19日（週三） 下午 7:00]   click [Sleep] Sleep until 7:00 AM
 259.9s [11月20日（週四） 下午 5:00]   toast: Riverlight Goods 咖啡 今天沒開門：吧台沒人顧。去僱一位咖啡師（人員分頁），或自己站吧台。
 260.1s [11月20日（週四） 下午 7:00]   shot 27_decision_low_cash_warning.png
 260.1s [11月20日（週四） 下午 7:00]   decision low_cash_warning → reduce
 260.1s [11月20日（週四） 下午 7:00]   click [Choice_reduce] 縮減開支（暫停廣告、生活從簡）
 261.5s [11月20日（週四） 下午 7:00]   shot 28_decision_outcome_low_cash_warning.png
 261.5s [11月20日（週四） 下午 7:00]   click "OK"
 262.2s [11月20日（週四） 下午 7:00]   use "Sleep"
 263.1s [11月20日（週四） 下午 7:00]   click [Sleep] Sleep until 7:00 AM
 265.5s [11月21日（週五） 下午 5:00]   toast: Riverlight Goods 咖啡 今天沒開門：吧台沒人顧。去僱一位咖啡師（人員分頁），或自己站吧台。
 265.8s [11月21日（週五） 下午 7:00]   use "Sleep"
 266.4s [11月21日（週五） 下午 7:00]   click [Sleep] Sleep until 7:00 AM
 268.9s [11月22日（週六） 下午 5:00]   toast: Riverlight Goods 咖啡 今天沒開門：吧台沒人顧。去僱一位咖啡師（人員分頁），或自己站吧台。
 269.2s [11月22日（週六） 下午 7:00]   use "Sleep"
 269.8s [11月22日（週六） 下午 7:00]   click [Sleep] Sleep until 7:00 AM
 272.4s [11月23日（週日） 下午 7:00]   shot 29_decision_low_cash_warning.png
 272.4s [11月23日（週日） 下午 7:00]   decision low_cash_warning → reduce
 272.4s [11月23日（週日） 下午 7:00]   click [Choice_reduce] 縮減開支（暫停廣告、生活從簡）
 273.8s [11月23日（週日） 下午 7:00]   shot 30_decision_outcome_low_cash_warning.png
 273.8s [11月23日（週日） 下午 7:00]   click "OK"
 274.5s [11月23日（週日） 下午 7:00]   use "Sleep"
 275.1s [11月23日（週日） 下午 7:00]   click [Sleep] Sleep until 7:00 AM
 277.5s [11月24日（週一） 下午 5:00]   toast: Riverlight Goods 咖啡 今天沒開門：吧台沒人顧。去僱一位咖啡師（人員分頁），或自己站吧台。
 277.8s [11月24日（週一） 下午 7:00]   use "Sleep"
 278.4s [11月24日（週一） 下午 7:00]   click [Sleep] Sleep until 7:00 AM
 280.8s [11月25日（週二） 下午 5:00]   toast: Riverlight Goods 咖啡 今天沒開門：吧台沒人顧。去僱一位咖啡師（人員分頁），或自己站吧台。
 281.1s [11月25日（週二） 下午 7:00]   use "Sleep"
 281.7s [11月25日（週二） 下午 7:00]   click [Sleep] Sleep until 7:00 AM
 284.1s [11月26日（週三） 下午 5:00]   toast: Riverlight Goods 咖啡 今天沒開門：吧台沒人顧。去僱一位咖啡師（人員分頁），或自己站吧台。
 284.3s [11月26日（週三） 下午 7:00]   shot 31_decision_low_cash_warning.png
 284.3s [11月26日（週三） 下午 7:00]   decision low_cash_warning → reduce
 284.3s [11月26日（週三） 下午 7:00]   click [Choice_reduce] 縮減開支（暫停廣告、生活從簡）
 285.7s [11月26日（週三） 下午 7:00]   shot 32_decision_outcome_low_cash_warning.png
 285.7s [11月26日（週三） 下午 7:00]   click "OK"
 286.2s [11月26日（週三） 下午 7:00]   shot 33_decision_supplier_price_increase.png
 286.2s [11月26日（週三） 下午 7:00]   decision supplier_price_increase → accept
 286.2s [11月26日（週三） 下午 7:00]   click [Choice_accept] 好。繼續跟你進貨。
 287.6s [11月26日（週三） 下午 7:00]   shot 34_decision_outcome_supplier_price_increase.png
 287.6s [11月26日（週三） 下午 7:00]   click "OK"
 288.3s [11月26日（週三） 下午 7:00]   use "Sleep"
 288.9s [11月26日（週三） 下午 7:00]   click [Sleep] Sleep until 7:00 AM
 291.3s [11月27日（週四） 下午 5:00]   toast: Riverlight Goods 咖啡 今天沒開門：吧台沒人顧。去僱一位咖啡師（人員分頁），或自己站吧台。
 291.6s [11月27日（週四） 下午 7:00]   use "Sleep"
 292.2s [11月27日（週四） 下午 7:00]   click [Sleep] Sleep until 7:00 AM
 294.6s [11月28日（週五） 下午 5:00]   toast: Riverlight Goods 咖啡 今天沒開門：吧台沒人顧。去僱一位咖啡師（人員分頁），或自己站吧台。
 294.9s [11月28日（週五） 下午 7:00]   use "Sleep"
 295.5s [11月28日（週五） 下午 7:00]   click [Sleep] Sleep until 7:00 AM
 297.8s [11月29日（週六） 上午 7:01]   ok  the bridge reopened
 297.8s [11月29日（週六） 上午 7:01]   ok  frozen funds settled
 297.8s [11月29日（週六） 上午 7:01]   ok  Chapter 11 complete: through the freeze and restocked
 297.8s [11月29日（週六） 上午 7:01] STEP Chapter 12 — the regulation wave: the import licence
 297.8s [11月29日（週六） 上午 7:01]   ok  Year 8: the Regulation Wave
 301.0s [11月29日（週六） 上午 7:06]   ok  walked back outside
 304.3s [11月29日（週六） 上午 7:11]   ok  entered Bloom Coffee
 306.1s [11月29日（週六） 上午 7:13]   use "Read the news board"
 306.8s [11月29日（週六） 上午 7:18]   shot 35_news_regulation.png
 307.2s [11月29日（週六） 上午 7:18]   ok  read the news (regulation)
 310.2s [11月29日（週六） 上午 7:23]   ok  walked back outside
 313.3s [11月29日（週六） 上午 7:27]   ok  entered Riverside Tower
 313.4s [11月29日（週六） 上午 7:28]   (harness) wait 2 h
 314.0s [11月29日（週六） 上午 9:28]   shot 36_decision_low_cash_warning.png
 314.1s [11月29日（週六） 上午 9:28]   decision low_cash_warning → reduce
 314.1s [11月29日（週六） 上午 9:28]   click [Choice_reduce] 縮減開支（暫停廣告、生活從簡）
 315.5s [11月29日（週六） 上午 9:28]   shot 37_decision_outcome_low_cash_warning.png
 315.5s [11月29日（週六） 上午 9:28]   click "OK"
 316.1s [11月29日（週六） 上午 9:28]   (harness) wait 2 h
 316.8s [11月29日（週六） 上午 11:29]   (harness) wait 2 h
 317.6s [11月29日（週六） 下午 1:31]   (harness) wait 2 h
 318.3s [11月29日（週六） 下午 3:32]   (harness) wait 2 h
 318.4s [11月29日（週六） 下午 5:00]   toast: Riverlight Goods 咖啡 今天沒開門：吧台沒人顧。去僱一位咖啡師（人員分頁），或自己站吧台。
 319.1s [11月29日（週六） 下午 5:33]   (harness) wait 2 h
 321.7s [11月29日（週六） 下午 7:37]   use "Sleep"
 322.3s [11月29日（週六） 下午 7:37]   click [Sleep] Sleep until 7:00 AM
 324.6s [11月30日（週日） 上午 7:01]   (harness) wait 2 h
 325.3s [11月30日（週日） 上午 9:02]   (harness) wait 2 h
 326.1s [11月30日（週日） 上午 11:03]   (harness) wait 2 h
 326.8s [11月30日（週日） 下午 1:04]   (harness) wait 2 h
 327.5s [11月30日（週日） 下午 3:05]   (harness) wait 2 h
 328.3s [11月30日（週日） 下午 5:06]   (harness) wait 2 h
 329.2s [11月30日（週日） 下午 7:08]   use "Sleep"
 329.8s [11月30日（週日） 下午 7:08]   click [Sleep] Sleep until 7:00 AM
 333.7s [12月1日（週一） 上午 7:00]   shot 38_month_close_report.png
 333.7s [12月1日（週一） 上午 7:00]   click [month close] Continue
 334.3s [12月1日（週一） 上午 7:00]   (harness) wait 2 h
 338.1s [12月1日（週一） 上午 9:07]   ok  walked back outside
 352.1s [12月1日（週一） 上午 9:28]   use "捷運——河濱區站"
 353.4s [12月1日（週一） 上午 9:29]   shot 39_metro_civic_center.png
 353.4s [12月1日（週一） 上午 9:29]   click [Go_civic_center] 市政中心  ·  12 分鐘
 354.4s [12月1日（週一） 上午 9:43]   ok  took the Metro to Civic Center
 361.5s [12月1日（週一） 上午 9:53]   ok  entered Aurelia City Hall
 363.3s [12月1日（週一） 上午 9:55]   use "Permits & regulations"
 364.0s [12月1日（週一） 上午 9:56]   shot 40_permits_import_licence.png
 364.6s [12月1日（週一） 上午 9:57]   ok  the '!' badge for company_registration pins its card
 364.7s [12月1日（週一） 上午 9:57]   shot 41_badge_licence_pinned.png
 364.8s [12月1日（週一） 上午 9:58]   click [ApplyImportLicence] 申請（$450）
 365.5s [12月1日（週一） 上午 10:19]   shot 42_permits_licence_processing.png
 365.8s [12月1日（週一） 上午 10:19]   ok  import licence applied for
 368.9s [12月1日（週一） 上午 10:24]   ok  walked back outside
 374.5s [12月1日（週一） 上午 10:33]   use "捷運——市政中心站"
 375.4s [12月1日（週一） 上午 10:34]   shot 43_metro_riverside.png
 375.4s [12月1日（週一） 上午 10:34]   click [Go_riverside] 河濱區  ·  12 分鐘
 376.5s [12月1日（週一） 上午 10:48]   ok  took the Metro to Riverside
 385.6s [12月1日（週一） 上午 11:01]   ok  entered Riverside Tower
 385.7s [12月1日（週一） 下午 5:00]   toast: Riverlight Goods 咖啡 今天沒開門：吧台沒人顧。去僱一位咖啡師（人員分頁），或自己站吧台。
 387.6s [12月1日（週一） 下午 7:03]   use "Sleep"
 388.2s [12月1日（週一） 下午 7:03]   click [Sleep] Sleep until 7:00 AM
 390.5s [12月2日（週二） 下午 5:00]   toast: Riverlight Goods 咖啡 今天沒開門：吧台沒人顧。去僱一位咖啡師（人員分頁），或自己站吧台。
 390.7s [12月2日（週二） 下午 7:00]   shot 44_decision_low_cash_warning.png
 390.7s [12月2日（週二） 下午 7:00]   decision low_cash_warning → reduce
 390.7s [12月2日（週二） 下午 7:00]   click [Choice_reduce] 縮減開支（暫停廣告、生活從簡）
 392.1s [12月2日（週二） 下午 7:00]   shot 45_decision_outcome_low_cash_warning.png
 392.1s [12月2日（週二） 下午 7:00]   click "OK"
 392.7s [12月2日（週二） 下午 7:00]   use "Sleep"
 393.3s [12月2日（週二） 下午 7:00]   click [Sleep] Sleep until 7:00 AM
 395.8s [12月3日（週三） 下午 5:00]   toast: Riverlight Goods 咖啡 今天沒開門：吧台沒人顧。去僱一位咖啡師（人員分頁），或自己站吧台。
 396.1s [12月3日（週三） 下午 7:00]   use "Sleep"
 396.7s [12月3日（週三） 下午 7:00]   click [Sleep] Sleep until 7:00 AM
 399.0s [12月4日（週四） 上午 7:01]   ok  import licence granted
 399.0s [12月4日（週四） 上午 7:01] STEP Chapter 12 — a large import goes through KYC
 400.3s [12月4日（週四） 上午 7:03]   use "Use laptop — Company OS"
 401.0s [12月4日（週四） 上午 7:04]   click [Tab_operations] Operations
 401.7s [12月4日（週四） 上午 7:05]   click [DeliverTo_riverside_studio] 河濱大樓 7C
 402.3s [12月4日（週四） 上午 7:06]   click [Buy_lumina_direct_wireless_earbuds] 購買 $2,692.00
 403.2s [12月4日（週四） 上午 7:07]   shot 46_settlement_kyc.png
 403.2s [12月4日（週四） 上午 7:07]   click [Settle_letter_of_credit] Pay this way
 404.2s [12月4日（週四） 上午 7:08]   ok  the large payment carries a KYC check
 404.4s [12月4日（週四） 下午 5:00]   toast: Riverlight Goods 咖啡 今天沒開門：吧台沒人顧。去僱一位咖啡師（人員分頁），或自己站吧台。
 411.7s [12月4日（週四） 下午 7:12]   use "Sleep"
 412.3s [12月4日（週四） 下午 7:12]   click [Sleep] Sleep until 7:00 AM
 415.0s [12月5日（週五） 下午 5:00]   toast: Riverlight Goods 咖啡 今天沒開門：吧台沒人顧。去僱一位咖啡師（人員分頁），或自己站吧台。
 415.2s [12月5日（週五） 下午 7:00]   shot 47_decision_low_cash_warning.png
 415.2s [12月5日（週五） 下午 7:00]   decision low_cash_warning → reduce
 415.2s [12月5日（週五） 下午 7:00]   click [Choice_reduce] 縮減開支（暫停廣告、生活從簡）
 416.5s [12月5日（週五） 下午 7:00]   shot 48_decision_outcome_low_cash_warning.png
 416.5s [12月5日（週五） 下午 7:00]   click "OK"
 417.2s [12月5日（週五） 下午 7:00]   use "Sleep"
 417.8s [12月5日（週五） 下午 7:00]   click [Sleep] Sleep until 7:00 AM
 420.2s [12月6日（週六） 下午 5:00]   toast: Riverlight Goods 咖啡 今天沒開門：吧台沒人顧。去僱一位咖啡師（人員分頁），或自己站吧台。
 420.4s [12月6日（週六） 下午 7:00]   use "Sleep"
 421.0s [12月6日（週六） 下午 7:00]   click [Sleep] Sleep until 7:00 AM
 423.7s [12月7日（週日） 下午 7:00]   use "Sleep"
 424.3s [12月7日（週日） 下午 7:00]   click [Sleep] Sleep until 7:00 AM
 426.6s [12月8日（週一） 上午 7:01]   ok  KYC cleared
 427.7s [12月8日（週一） 上午 7:02]   use "Use laptop — Company OS"
 428.4s [12月8日（週一） 上午 7:03]   click [Tab_finance] Finance
 429.3s [12月8日（週一） 上午 7:05]   shot 49_finance_compliance_cost.png
 429.7s [12月8日（週一） 上午 7:05] STEP Chapter 12 — Victor Hale's offer
 429.7s [12月8日（週一） 上午 7:05]   (harness) wait 2 h
 430.4s [12月8日（週一） 上午 9:05]   shot 50_decision_low_cash_warning.png
 430.4s [12月8日（週一） 上午 9:05]   decision low_cash_warning → reduce
 430.4s [12月8日（週一） 上午 9:05]   click [Choice_reduce] 縮減開支（暫停廣告、生活從簡）
 431.7s [12月8日（週一） 上午 9:05]   shot 51_decision_outcome_low_cash_warning.png
 431.7s [12月8日（週一） 上午 9:05]   click "OK"
 432.3s [12月8日（週一） 上午 9:05]   (harness) wait 2 h
 435.8s [12月8日（週一） 上午 11:11]   ok  walked back outside
 449.8s [12月8日（週一） 上午 11:32]   use "捷運——河濱區站"
 451.1s [12月8日（週一） 上午 11:34]   shot 52_metro_shopping_street.png
 451.1s [12月8日（週一） 上午 11:34]   click [Go_shopping_street] 購物街  ·  15 分鐘
 452.3s [12月8日（週一） 上午 11:50]   ok  took the Metro to Shopping Street
 460.9s [12月8日（週一） 下午 12:03]   ok  entered Crestline Flagship
 461.6s [12月8日（週一） 下午 12:04]   use "和 Victor Hale 說話"
 462.4s [12月8日（週一） 下午 12:04]   shot 53_victor_offer.png
 470.0s [12月8日（週一） 下午 12:06]   ok  the '!' badge for valuation pins its card
 470.1s [12月8日（週一） 下午 12:06]   shot 54_badge_valuation_pinned.png
 470.3s [12月8日（週一） 下午 12:06]   shot 55_decision_acquisition_offer.png
 470.3s [12月8日（週一） 下午 12:06]   decision acquisition_offer → counter
 470.3s [12月8日（週一） 下午 12:06]   click [Choice_counter] 還價：開價 $99,718
 472.4s [12月8日（週一） 下午 12:06]   shot 56_decision_outcome_acquisition_offer.png
 472.4s [12月8日（週一） 下午 12:06]   click "OK"
 472.9s [12月8日（週一） 下午 12:06]   ok  countered Hale Group's offer
 474.3s [12月8日（週一） 下午 12:08]   shot 57_ending_card.png
 477.1s [12月8日（週一） 下午 12:12]   ok  Chapter 12 complete
 477.1s [12月8日（週一） 下午 12:12]   ok  the main story is complete
 477.1s [12月8日（週一） 下午 12:12]   ok  season two continues after Chapter 12
 477.1s [12月8日（週一） 下午 12:12]   ok  ledger balanced after chapters 10–12
 479.1s [12月8日（週一） 下午 12:16]   ok  walked back outside
 486.3s [12月8日（週一） 下午 12:27]   use "捷運——購物街站"
 487.5s [12月8日（週一） 下午 12:28]   shot 58_metro_riverside.png
 487.5s [12月8日（週一） 下午 12:28]   click [Go_riverside] 河濱區  ·  15 分鐘
 488.6s [12月8日（週一） 下午 12:44]   ok  took the Metro to Riverside
 497.8s [12月8日（週一） 下午 12:57]   ok  entered Riverside Tower
 505.8s [12月8日（週一） 下午 1:09] STEP Chapter 13 — Year 9 news and Marcus's international banking explanation
 507.3s [12月8日（週一） 下午 1:12]   ok  walked back outside
 510.7s [12月8日（週一） 下午 1:16]   ok  entered Bloom Coffee
 512.4s [12月8日（週一） 下午 1:19]   use "Read the news board"
 513.4s [12月8日（週一） 下午 1:24]   shot 59_news_global_markets.png
 513.7s [12月8日（週一） 下午 1:24]   ok  read the news (global_markets)
 516.7s [12月8日（週一） 下午 1:29]   ok  walked back outside
 520.1s [12月8日（週一） 下午 1:33]   ok  entered Riverside Tower
 521.6s [12月8日（週一） 下午 1:36]   ok  walked back outside
 535.7s [12月8日（週一） 下午 1:57]   use "捷運——河濱區站"
 537.0s [12月8日（週一） 下午 1:59]   shot 60_metro_financial.png
 537.0s [12月8日（週一） 下午 1:59]   click [Go_financial] 金融區  ·  10 分鐘
 538.3s [12月8日（週一） 下午 2:10]   ok  took the Metro to Financial District
 546.0s [12月8日（週一） 下午 2:21]   ok  entered Nexus Bank
 547.8s [12月8日（週一） 下午 2:24]   use "和 Marcus Reed 說話"
 550.0s [12月8日（週一） 下午 2:24]   choose "› 我會在每週撥款後換匯。"
 551.8s [12月8日（週一） 下午 2:25]   click [OpenInternationalAccount] 開立國際帳戶（$150.00）
 552.2s [12月8日（週一） 下午 2:55]   shot 61_ch13_international_account.png
 558.5s [12月8日（週一） 下午 3:05]   ok  walked back outside
 564.7s [12月8日（週一） 下午 3:14]   use "捷運——金融區站"
 565.8s [12月8日（週一） 下午 3:15]   shot 62_metro_riverside.png
 565.8s [12月8日（週一） 下午 3:15]   click [Go_riverside] 河濱區  ·  10 分鐘
 567.1s [12月8日（週一） 下午 3:27]   ok  took the Metro to Riverside
 576.3s [12月8日（週一） 下午 3:40]   ok  entered Riverside Tower
 576.4s [12月8日（週一） 下午 3:40] STEP Chapter 13 — Northridge price and first export
 577.8s [12月8日（週一） 下午 3:42]   use "Use laptop — Company OS"
 578.8s [12月8日（週一） 下午 3:44]   click [Tab_sales] Ecommerce
 579.6s [12月8日（週一） 下午 3:45]   click [SalesPage_overseas] Overseas
 579.7s [12月8日（週一） 下午 3:45]   click [OpenGlobalStore_northridge] Open storefront
 580.6s [12月8日（週一） 下午 3:46]   use "Use laptop — Company OS"
 581.5s [12月8日（週一） 下午 3:47]   click [Tab_operations] Operations
 582.9s [12月8日（週一） 下午 3:50]   click [DeliverTo_riverside_studio] 河濱大樓 7C
 584.2s [12月8日（週一） 下午 3:51]   click [Buy_tradelink_wholesale_wireless_earbuds] 購買 $918.00
 585.8s [12月8日（週一） 下午 5:00]   toast: Riverlight Goods 咖啡 今天沒開門：吧台沒人顧。去僱一位咖啡師（人員分頁），或自己站吧台。
 594.1s [12月8日（週一） 下午 7:11]   use "Sleep"
 594.9s [12月8日（週一） 下午 7:11]   click [Sleep] Sleep until 7:00 AM
 602.0s [12月9日（週二） 下午 5:00]   toast: Riverlight Goods 咖啡 今天沒開門：吧台沒人顧。去僱一位咖啡師（人員分頁），或自己站吧台。
 602.9s [12月9日（週二） 下午 7:00]   use "Sleep"
 603.7s [12月9日（週二） 下午 7:00]   click [Sleep] Sleep until 7:00 AM
 610.9s [12月10日（週三） 下午 5:00]   toast: Riverlight Goods 咖啡 今天沒開門：吧台沒人顧。去僱一位咖啡師（人員分頁），或自己站吧台。
 611.8s [12月10日（週三） 下午 7:00]   use "Sleep"
 612.6s [12月10日（週三） 下午 7:00]   click [Sleep] Sleep until 7:00 AM
 626.4s [12月11日（週四） 上午 7:14]   use "Packing table"
 627.4s [12月11日（週四） 上午 7:15]   shot 63_packing_table.png
 627.4s [12月11日（週四） 上午 7:15]   click [Pack] 打包 3 筆訂單（24 分鐘）
 628.2s [12月11日（週四） 上午 7:40]   click [CourierEconomy] 快遞 · 經濟 3 天（$19.86）
 631.0s [12月11日（週四） 上午 7:45]   use "Use laptop — Company OS"
 631.9s [12月11日（週四） 上午 7:45]   click [Tab_sales] Ecommerce
 633.4s [12月11日（週四） 上午 7:48]   click [SalesPage_overseas] Overseas
 634.9s [12月11日（週四） 上午 7:50]   click [SaveGlobalPrice_L2] Save local price
 635.8s [12月11日（週四） 上午 7:51]   ok  selected export listing really has a saved price
 635.8s [12月11日（週四） 上午 7:51]   shot 64_ch13_storefront.png
 638.5s [12月11日（週四） 下午 5:00]   toast: Riverlight Goods 咖啡 今天沒開門：吧台沒人顧。去僱一位咖啡師（人員分頁），或自己站吧台。
 646.9s [12月11日（週四） 下午 7:11]   use "Sleep"
 647.6s [12月11日（週四） 下午 7:11]   click [Sleep] Sleep until 7:00 AM
 661.5s [12月12日（週五） 上午 7:14]   use "Packing table"
 662.3s [12月12日（週五） 上午 7:15]   click [Pack] 打包 20 筆訂單（2 小時 40 分）
 663.9s [12月12日（週五） 上午 9:56]   click [CourierEconomy] 經濟快遞／國際 7–14 天（$260.54）
 666.8s [12月12日（週五） 下午 5:00]   toast: Riverlight Goods 咖啡 今天沒開門：吧台沒人顧。去僱一位咖啡師（人員分頁），或自己站吧台。
 676.7s [12月12日（週五） 下午 7:13]   use "Sleep"
 677.5s [12月12日（週五） 下午 7:13]   click [Sleep] Sleep until 7:00 AM
 691.3s [12月13日（週六） 上午 7:14]   use "Packing table"
 692.2s [12月13日（週六） 上午 7:15]   click [Pack] 打包 15 筆訂單（2 h）
 693.8s [12月13日（週六） 上午 9:16]   click [CourierEconomy] 經濟快遞／國際 7–14 天（$193.22）
 696.9s [12月13日（週六） 下午 5:00]   toast: Riverlight Goods 咖啡 今天沒開門：吧台沒人顧。去僱一位咖啡師（人員分頁），或自己站吧台。
 706.7s [12月13日（週六） 下午 7:13]   use "Sleep"
 707.5s [12月13日（週六） 下午 7:13]   click [Sleep] Sleep until 7:00 AM
 721.5s [12月14日（週日） 上午 7:14]   use "Packing table"
 722.3s [12月14日（週日） 上午 7:15]   click [Pack] 打包 12 筆訂單（1 小時 36 分）
 723.7s [12月14日（週日） 上午 8:52]   click [CourierEconomy] 經濟快遞／國際 7–14 天（$135.14）
 736.5s [12月14日（週日） 下午 7:13]   use "Sleep"
 737.3s [12月14日（週日） 下午 7:13]   click [Sleep] Sleep until 7:00 AM
 745.5s [12月15日（週一） 下午 5:00]   toast: Riverlight Goods 咖啡 今天沒開門：吧台沒人顧。去僱一位咖啡師（人員分頁），或自己站吧台。
 746.5s [12月15日（週一） 下午 7:00]   use "Sleep"
 747.3s [12月15日（週一） 下午 7:00]   click [Sleep] Sleep until 7:00 AM
 755.1s [12月16日（週二） 下午 5:00]   toast: Riverlight Goods 咖啡 今天沒開門：吧台沒人顧。去僱一位咖啡師（人員分頁），或自己站吧台。
 756.2s [12月16日（週二） 下午 7:00]   use "Sleep"
 757.0s [12月16日（週二） 下午 7:00]   click [Sleep] Sleep until 7:00 AM
 764.5s [12月17日（週三） 下午 5:00]   toast: Riverlight Goods 咖啡 今天沒開門：吧台沒人顧。去僱一位咖啡師（人員分頁），或自己站吧台。
 765.5s [12月17日（週三） 下午 7:00]   shot 65_decision_supplier_price_increase.png
 765.5s [12月17日（週三） 下午 7:00]   decision supplier_price_increase → accept
 765.5s [12月17日（週三） 下午 7:00]   click [Choice_accept] 好。繼續跟你進貨。
 766.8s [12月17日（週三） 下午 7:00]   shot 66_decision_outcome_supplier_price_increase.png
 766.8s [12月17日（週三） 下午 7:00]   click "OK"
 767.5s [12月17日（週三） 下午 7:00]   use "Sleep"
 768.3s [12月17日（週三） 下午 7:00]   click [Sleep] Sleep until 7:00 AM
 782.4s [12月18日（週四） 上午 7:14]   use "Packing table"
 783.2s [12月18日（週四） 上午 7:15]   click [Pack] 打包 1 筆訂單（8 分鐘）
 784.1s [12月18日（週四） 上午 7:24]   click [CourierEconomy] 經濟快遞／國際 7–14 天（$25.36）
 788.2s [12月18日（週四） 下午 5:00]   toast: Riverlight Goods 咖啡 今天沒開門：吧台沒人顧。去僱一位咖啡師（人員分頁），或自己站吧台。
 798.0s [12月18日（週四） 下午 7:14]   use "Sleep"
 798.8s [12月18日（週四） 下午 7:14]   click [Sleep] Sleep until 7:00 AM
 806.1s [12月19日（週五） 下午 5:00]   toast: Riverlight Goods 咖啡 今天沒開門：吧台沒人顧。去僱一位咖啡師（人員分頁），或自己站吧台。
 813.3s [12月19日（週五） 下午 7:09]   use "Sleep"
 814.1s [12月19日（週五） 下午 7:09]   click [Sleep] Sleep until 7:00 AM
 828.3s [12月20日（週六） 上午 7:14]   use "Packing table"
 829.2s [12月20日（週六） 上午 7:15]   click [Pack] 打包 16 筆訂單（2 小時 8 分）
 830.8s [12月20日（週六） 上午 9:24]   click [CourierEconomy] 經濟快遞／國際 7–14 天（$197.84）
 833.8s [12月20日（週六） 下午 5:00]   toast: Riverlight Goods 咖啡 今天沒開門：吧台沒人顧。去僱一位咖啡師（人員分頁），或自己站吧台。
 843.5s [12月20日（週六） 下午 7:13]   use "Sleep"
 844.2s [12月20日（週六） 下午 7:13]   click [Sleep] Sleep until 7:00 AM
 858.2s [12月21日（週日） 上午 7:14]   use "Packing table"
 859.1s [12月21日（週日） 上午 7:15]   click [Pack] 打包 24 筆訂單（3 小時 12 分）
 860.9s [12月21日（週日） 上午 10:28]   click [CourierEconomy] 經濟快遞／國際 7–14 天（$323.24）
 873.5s [12月21日（週日） 下午 7:13]   use "Sleep"
 874.3s [12月21日（週日） 下午 7:13]   click [Sleep] Sleep until 7:00 AM
 888.3s [12月22日（週一） 上午 7:14]   use "Packing table"
 889.1s [12月22日（週一） 上午 7:15]   click [Pack] 打包 22 筆訂單（2 小時 56 分）
 891.0s [12月22日（週一） 上午 10:12]   click [CourierEconomy] 經濟快遞／國際 7–14 天（$358.22）
 893.7s [12月22日（週一） 下午 5:00]   toast: Riverlight Goods 咖啡 今天沒開門：吧台沒人顧。去僱一位咖啡師（人員分頁），或自己站吧台。
 903.4s [12月22日（週一） 下午 7:13]   use "Sleep"
 904.2s [12月22日（週一） 下午 7:13]   click [Sleep] Sleep until 7:00 AM
 918.0s [12月23日（週二） 上午 7:14]   use "Packing table"
 918.9s [12月23日（週二） 上午 7:15]   click [Pack] 打包 20 筆訂單（2 小時 40 分）
 920.5s [12月23日（週二） 上午 9:56]   click [CourierEconomy] 經濟快遞／國際 7–14 天（$334.24）
 923.5s [12月23日（週二） 下午 5:00]   toast: Riverlight Goods 咖啡 今天沒開門：吧台沒人顧。去僱一位咖啡師（人員分頁），或自己站吧台。
 933.2s [12月23日（週二） 下午 7:13]   use "Sleep"
 933.9s [12月23日（週二） 下午 7:13]   click [Sleep] Sleep until 7:00 AM
 947.8s [12月24日（週三） 上午 7:14]   use "Packing table"
 948.7s [12月24日（週三） 上午 7:15]   click [Pack] 打包 13 筆訂單（1 小時 44 分）
 950.1s [12月24日（週三） 上午 9:00]   click [CourierEconomy] 經濟快遞／國際 7–14 天（$198.72）
 953.2s [12月24日（週三） 下午 5:00]   toast: Riverlight Goods 咖啡 今天沒開門：吧台沒人顧。去僱一位咖啡師（人員分頁），或自己站吧台。
 963.0s [12月24日（週三） 下午 7:13]   use "Sleep"
 963.8s [12月24日（週三） 下午 7:13]   click [Sleep] Sleep until 7:00 AM
 977.9s [12月25日（週四） 上午 7:14]   use "Packing table"
 978.8s [12月25日（週四） 上午 7:15]   click [Pack] 打包 22 筆訂單（2 小時 56 分）
 980.6s [12月25日（週四） 上午 10:12]   click [CourierEconomy] 經濟快遞／國際 7–14 天（$269.78）
 983.5s [12月25日（週四） 下午 5:00]   toast: Riverlight Goods 咖啡 今天沒開門：吧台沒人顧。去僱一位咖啡師（人員分頁），或自己站吧台。
 993.3s [12月25日（週四） 下午 7:13]   use "Sleep"
 994.0s [12月25日（週四） 下午 7:13]   click [Sleep] Sleep until 7:00 AM
1008.1s [12月26日（週五） 上午 7:14]   use "Packing table"
1009.0s [12月26日（週五） 上午 7:15]   click [Pack] 打包 16 筆訂單（2 小時 8 分）
1010.6s [12月26日（週五） 上午 9:24]   click [CourierEconomy] 經濟快遞／國際 7–14 天（$242.06）
1013.6s [12月26日（週五） 下午 5:00]   toast: Riverlight Goods 咖啡 今天沒開門：吧台沒人顧。去僱一位咖啡師（人員分頁），或自己站吧台。
1023.3s [12月26日（週五） 下午 7:13]   use "Sleep"
1024.1s [12月26日（週五） 下午 7:13]   click [Sleep] Sleep until 7:00 AM
1024.9s [12月26日（週五） 下午 8:45]   toast: 新評價 #4754：★「壞掉了，賣家不處理。」
1038.0s [12月27日（週六） 上午 7:14]   use "Packing table"
1038.9s [12月27日（週六） 上午 7:15]   click [Pack] 打包 14 筆訂單（1 小時 52 分）
1040.5s [12月27日（週六） 上午 9:08]   click [CourierEconomy] 經濟快遞／國際 7–14 天（$188.60）
1043.5s [12月27日（週六） 下午 5:00]   toast: Riverlight Goods 咖啡 今天沒開門：吧台沒人顧。去僱一位咖啡師（人員分頁），或自己站吧台。
1053.3s [12月27日（週六） 下午 7:13]   use "Sleep"
1054.1s [12月27日（週六） 下午 7:13]   click [Sleep] Sleep until 7:00 AM
1068.0s [12月28日（週日） 上午 7:14]   use "Packing table"
1069.0s [12月28日（週日） 上午 7:15]   click [Pack] 打包 26 筆訂單（3 小時 28 分）
1070.9s [12月28日（週日） 上午 10:44]   click [CourierEconomy] 經濟快遞／國際 7–14 天（$361.96）
1074.4s [12月28日（週日） 下午 7:00]   shot 67_decision_cafe_inspection.png
1074.4s [12月28日（週日） 下午 7:00]   decision cafe_inspection → prepare
1074.4s [12月28日（週日） 下午 7:00]   click [Choice_prepare] 清潔十五分鐘後接受檢查
1075.8s [12月28日（週日） 下午 7:15]   shot 68_decision_outcome_cafe_inspection.png
1075.8s [12月28日（週日） 下午 7:15]   click "OK"
1085.4s [12月28日（週日） 下午 7:29]   use "Sleep"
1086.3s [12月28日（週日） 下午 7:29]   click [Sleep] Sleep until 7:00 AM
1100.2s [12月29日（週一） 上午 7:14]   use "Packing table"
1101.1s [12月29日（週一） 上午 7:15]   click [Pack] 打包 13 筆訂單（1 小時 44 分）
1102.4s [12月29日（週一） 上午 9:00]   click [CourierEconomy] 經濟快遞／國際 7–14 天（$183.98）
1105.2s [12月29日（週一） 上午 9:04]   use "Use laptop — Company OS"
1106.4s [12月29日（週一） 上午 9:05]   click [Tab_finance] Finance
1107.2s [12月29日（週一） 上午 9:06]   click [ConvertGlobal_NRD] 換匯入帳（$501.83）
1112.1s [12月29日（週一） 上午 9:13]   shot 69_ch13_real_income.png
1112.9s [12月29日（週一） 上午 9:14]   ok  Chapter 13 actual export and conversion complete
1116.9s [12月29日（週一） 上午 9:20] STEP Chapter 14 — Ines in the open Customs House
1119.6s [12月29日（週一） 上午 9:25]   ok  walked back outside
1133.6s [12月29日（週一） 上午 9:46]   use "捷運——河濱區站"
1135.1s [12月29日（週一） 上午 9:48]   shot 70_metro_harbor.png
1135.1s [12月29日（週一） 上午 9:48]   click [Go_harbor] 港區  ·  8 分鐘
1136.5s [12月29日（週一） 上午 9:57]   ok  took the Metro to Harbor
1143.0s [12月29日（週一） 上午 10:05]   ok  entered Aurelia Customs House
1143.2s [12月29日（週一） 上午 10:06]   use "和 Ines Duarte 說話"
1143.6s [12月29日（週一） 上午 10:06]   shot 71_ch14_ines.png
1145.4s [12月29日（週一） 上午 10:06]   choose "› 我先付關稅，選 DDP。"
1147.4s [12月29日（週一） 上午 10:07]   ok  real Ines dialogue completed
1149.1s [12月29日（週一） 上午 10:10]   ok  walked back outside
1160.1s [12月29日（週一） 上午 10:26]   use "捷運——港區站"
1161.3s [12月29日（週一） 上午 10:28]   shot 72_metro_riverside.png
1161.3s [12月29日（週一） 上午 10:28]   click [Go_riverside] 河濱區  ·  8 分鐘
1162.4s [12月29日（週一） 上午 10:37]   ok  took the Metro to Riverside
1171.6s [12月29日（週一） 上午 10:50]   ok  entered Riverside Tower
1171.6s [12月29日（週一） 上午 10:50] STEP Chapter 14 — DDP declaration and accurate tariff classification
1173.1s [12月29日（週一） 上午 10:52]   use "Use laptop — Company OS"
1174.0s [12月29日（週一） 上午 10:54]   click [Tab_sales] Ecommerce
1174.8s [12月29日（週一） 上午 10:55]   click [SalesPage_overseas] Overseas
1176.0s [12月29日（週一） 上午 10:57]   click [ExportPolicy_ddp_L2] DDP
1176.9s [12月29日（週一） 上午 10:58]   click [TariffCode_L2] 一般商品
1178.7s [12月29日（週一） 上午 11:00]   shot 73_ch14_declaration.png
1179.0s [12月29日（週一） 上午 11:00]   ok  real policy and tariff inputs recorded
1179.1s [12月29日（週一） 上午 11:00] STEP Chapter 14 — trial deliveries and return risk
1188.8s [12月29日（週一） 下午 7:12]   use "Sleep"
1189.9s [12月29日（週一） 下午 7:12]   click [Sleep] Sleep until 7:00 AM
1204.0s [12月30日（週二） 上午 7:14]   use "Packing table"
1204.8s [12月30日（週二） 上午 7:15]   click [Pack] 打包 11 筆訂單（1 小時 28 分）
1206.2s [12月30日（週二） 上午 8:44]   click [CourierEconomy] 經濟快遞／國際 7–14 天（$174.74）
1209.7s [12月30日（週二） 下午 5:00]   toast: Riverlight Goods 咖啡 今天沒開門：吧台沒人顧。去僱一位咖啡師（人員分頁），或自己站吧台。
1219.6s [12月30日（週二） 下午 7:13]   use "Sleep"
1220.4s [12月30日（週二） 下午 7:13]   click [Sleep] Sleep until 7:00 AM
1228.3s [12月31日（週三） 下午 5:00]   toast: Riverlight Goods 咖啡 今天沒開門：吧台沒人顧。去僱一位咖啡師（人員分頁），或自己站吧台。
1229.3s [12月31日（週三） 下午 7:00]   use "Sleep"
1230.1s [12月31日（週三） 下午 7:00]   click [Sleep] Sleep until 7:00 AM
1237.1s [1月1日（週四） 上午 7:00]   shot 74_month_close_report.png
1237.1s [1月1日（週四） 上午 7:00]   click [month close] Continue
1240.2s [1月1日（週四） 下午 5:00]   toast: Riverlight Goods 咖啡 今天沒開門：吧台沒人顧。去僱一位咖啡師（人員分頁），或自己站吧台。
1241.2s [1月1日（週四） 下午 7:01]   use "Sleep"
1242.0s [1月1日（週四） 下午 7:01]   click [Sleep] Sleep until 7:00 AM
1250.1s [1月2日（週五） 下午 5:00]   toast: Riverlight Goods 咖啡 今天沒開門：吧台沒人顧。去僱一位咖啡師（人員分頁），或自己站吧台。
1251.2s [1月2日（週五） 下午 7:00]   use "Sleep"
1252.0s [1月2日（週五） 下午 7:00]   click [Sleep] Sleep until 7:00 AM
1266.2s [1月3日（週六） 上午 7:14]   use "Packing table"
1267.1s [1月3日（週六） 上午 7:15]   click [Pack] 打包 1 筆訂單（8 分鐘）
1268.0s [1月3日（週六） 上午 7:24]   click [CourierEconomy] 經濟快遞／國際 7–14 天（$25.36）
1271.5s [1月3日（週六） 下午 5:00]   toast: Riverlight Goods 咖啡 今天沒開門：吧台沒人顧。去僱一位咖啡師（人員分頁），或自己站吧台。
1281.3s [1月3日（週六） 下午 7:13]   use "Sleep"
1282.1s [1月3日（週六） 下午 7:13]   click [Sleep] Sleep until 7:00 AM
1290.7s [1月4日（週日） 下午 7:00]   shot 75_decision_supplier_price_increase.png
1290.7s [1月4日（週日） 下午 7:00]   decision supplier_price_increase → accept
1290.7s [1月4日（週日） 下午 7:00]   click [Choice_accept] 好。繼續跟你進貨。
1292.0s [1月4日（週日） 下午 7:00]   shot 76_decision_outcome_supplier_price_increase.png
1292.0s [1月4日（週日） 下午 7:00]   click "OK"
1298.9s [1月4日（週日） 下午 7:10]   use "Sleep"
1299.7s [1月4日（週日） 下午 7:10]   click [Sleep] Sleep until 7:00 AM
1307.6s [1月5日（週一） 下午 5:00]   toast: Riverlight Goods 咖啡 今天沒開門：吧台沒人顧。去僱一位咖啡師（人員分頁），或自己站吧台。
1308.8s [1月5日（週一） 下午 7:00]   use "Sleep"
1309.6s [1月5日（週一） 下午 7:00]   click [Sleep] Sleep until 7:00 AM
1317.5s [1月6日（週二） 下午 5:00]   toast: Riverlight Goods 咖啡 今天沒開門：吧台沒人顧。去僱一位咖啡師（人員分頁），或自己站吧台。
1318.4s [1月6日（週二） 下午 7:00]   use "Sleep"
1319.2s [1月6日（週二） 下午 7:00]   click [Sleep] Sleep until 7:00 AM
1327.1s [1月7日（週三） 下午 5:00]   toast: Riverlight Goods 咖啡 今天沒開門：吧台沒人顧。去僱一位咖啡師（人員分頁），或自己站吧台。
1328.2s [1月7日（週三） 下午 7:00]   use "Sleep"
1328.9s [1月7日（週三） 下午 7:00]   click [Sleep] Sleep until 7:00 AM
1336.7s [1月8日（週四） 下午 5:00]   toast: Riverlight Goods 咖啡 今天沒開門：吧台沒人顧。去僱一位咖啡師（人員分頁），或自己站吧台。
1337.8s [1月8日（週四） 下午 7:00]   use "Sleep"
1338.6s [1月8日（週四） 下午 7:00]   click [Sleep] Sleep until 7:00 AM
1346.4s [1月9日（週五） 下午 5:00]   toast: Riverlight Goods 咖啡 今天沒開門：吧台沒人顧。去僱一位咖啡師（人員分頁），或自己站吧台。
1347.4s [1月9日（週五） 下午 7:00]   use "Sleep"
1348.1s [1月9日（週五） 下午 7:00]   click [Sleep] Sleep until 7:00 AM
1356.1s [1月10日（週六） 下午 5:00]   toast: Riverlight Goods 咖啡 今天沒開門：吧台沒人顧。去僱一位咖啡師（人員分頁），或自己站吧台。
1363.7s [1月10日（週六） 下午 7:10]   use "Sleep"
1364.5s [1月10日（週六） 下午 7:10]   click [Sleep] Sleep until 7:00 AM
1374.2s [1月11日（週日） 下午 7:00]   use "Sleep"
1374.9s [1月11日（週日） 下午 7:00]   click [Sleep] Sleep until 7:00 AM
1383.2s [1月12日（週一） 下午 5:00]   toast: Riverlight Goods 咖啡 今天沒開門：吧台沒人顧。去僱一位咖啡師（人員分頁），或自己站吧台。
1384.5s [1月12日（週一） 下午 7:00]   use "Sleep"
1385.3s [1月12日（週一） 下午 7:00]   click [Sleep] Sleep until 7:00 AM
1392.5s [1月13日（週二） 上午 7:02]   use "Use laptop — Company OS"
1393.6s [1月13日（週二） 上午 7:03]   click [Tab_sales] Ecommerce
1394.3s [1月13日（週二） 上午 7:05]   click [SalesPage_overseas] Overseas
1394.5s [1月13日（週二） 上午 7:05]   click [PauseGlobalExpansion] Review results and pause expansion
1395.0s [1月13日（週二） 上午 7:05]   shot 77_ch14_trial_results.png
1395.5s [1月13日（週二） 上午 7:06]   shot 78_ch14_trial_observed.png
1395.8s [1月13日（週二） 上午 7:07]   ok  Chapter 14 trial completes
1395.8s [1月13日（週二） 上午 7:07]   ok  chapters 13–14 Ledger balanced
1399.9s [1月13日（週二） 上午 7:13] STEP Chapter 15 — currency briefing and real bank hedge
1402.8s [1月13日（週二） 上午 7:17]   ok  walked back outside
1406.3s [1月13日（週二） 上午 7:22]   ok  entered Bloom Coffee
1408.0s [1月13日（週二） 上午 7:25]   use "Read the news board"
1409.0s [1月13日（週二） 上午 7:30]   shot 79_news_fx_risk.png
1409.3s [1月13日（週二） 上午 7:30]   ok  read the news (fx_risk)
1412.5s [1月13日（週二） 上午 7:35]   ok  walked back outside
1415.8s [1月13日（週二） 上午 7:39]   ok  entered Riverside Tower
1415.8s [1月13日（週二） 上午 7:39]   (harness) wait 2 h
1416.7s [1月13日（週二） 上午 9:40]   (harness) wait 2 h
1417.6s [1月13日（週二） 上午 11:40]   (harness) wait 2 h
1420.3s [1月13日（週二） 下午 1:43]   ok  walked back outside
1434.7s [1月13日（週二） 下午 2:04]   use "捷運——河濱區站"
1436.1s [1月13日（週二） 下午 2:06]   shot 80_metro_financial.png
1436.1s [1月13日（週二） 下午 2:06]   click [Go_financial] 金融區  ·  10 分鐘
1437.3s [1月13日（週二） 下午 2:17]   ok  took the Metro to Financial District
1445.0s [1月13日（週二） 下午 2:28]   ok  entered Nexus Bank
1446.7s [1月13日（週二） 下午 2:31]   use "和 Marcus Reed 說話"
1449.8s [1月13日（週二） 下午 2:31]   choose "› 讓我看看費用與風險。"
1451.6s [1月13日（週二） 下午 2:32]   click [BankFXRisk] Manage exchange risk
1451.8s [1月13日（週二） 下午 2:32]   shot 81_ch15_forward_quote.png
1451.8s [1月13日（週二） 下午 2:32]   click [ChooseHomeInvoices] Choose home-currency invoices
1452.1s [1月13日（週二） 下午 2:32]   ok  native risk response recorded
1458.7s [1月13日（週二） 下午 2:42]   ok  walked back outside
1464.9s [1月13日（週二） 下午 2:51]   use "捷運——金融區站"
1466.1s [1月13日（週二） 下午 2:53]   shot 82_metro_riverside.png
1466.1s [1月13日（週二） 下午 2:53]   click [Go_riverside] 河濱區  ·  10 分鐘
1467.5s [1月13日（週二） 下午 3:04]   ok  took the Metro to Riverside
1476.9s [1月13日（週二） 下午 3:18]   ok  entered Riverside Tower
1477.5s [1月13日（週二） 下午 5:00]   toast: Riverlight Goods 咖啡 今天沒開門：吧台沒人顧。去僱一位咖啡師（人員分頁），或自己站吧台。
1480.0s [1月13日（週二） 下午 7:03]   use "Sleep"
1480.8s [1月13日（週二） 下午 7:03]   click [Sleep] Sleep until 7:00 AM
1488.8s [1月14日（週三） 下午 5:00]   toast: Riverlight Goods 咖啡 今天沒開門：吧台沒人顧。去僱一位咖啡師（人員分頁），或自己站吧台。
1489.9s [1月14日（週三） 下午 7:00]   use "Sleep"
1490.7s [1月14日（週三） 下午 7:00]   click [Sleep] Sleep until 7:00 AM
1499.1s [1月15日（週四） 下午 5:00]   toast: Riverlight Goods 咖啡 今天沒開門：吧台沒人顧。去僱一位咖啡師（人員分頁），或自己站吧台。
1500.1s [1月15日（週四） 下午 7:00]   use "Sleep"
1500.8s [1月15日（週四） 下午 7:00]   click [Sleep] Sleep until 7:00 AM
1508.8s [1月16日（週五） 下午 5:00]   toast: Riverlight Goods 咖啡 今天沒開門：吧台沒人顧。去僱一位咖啡師（人員分頁），或自己站吧台。
1509.8s [1月16日（週五） 下午 7:00]   use "Sleep"
1510.6s [1月16日（週五） 下午 7:00]   click [Sleep] Sleep until 7:00 AM
1518.5s [1月17日（週六） 下午 5:00]   toast: Riverlight Goods 咖啡 今天沒開門：吧台沒人顧。去僱一位咖啡師（人員分頁），或自己站吧台。
1519.4s [1月17日（週六） 下午 7:00]   use "Sleep"
1520.2s [1月17日（週六） 下午 7:00]   click [Sleep] Sleep until 7:00 AM
1529.2s [1月18日（週日） 下午 7:00]   use "Sleep"
1529.9s [1月18日（週日） 下午 7:00]   click [Sleep] Sleep until 7:00 AM
1537.8s [1月19日（週一） 下午 5:00]   toast: Riverlight Goods 咖啡 今天沒開門：吧台沒人顧。去僱一位咖啡師（人員分頁），或自己站吧台。
1539.0s [1月19日（週一） 下午 7:00]   use "Sleep"
1539.8s [1月19日（週一） 下午 7:00]   click [Sleep] Sleep until 7:00 AM
1547.8s [1月20日（週二） 下午 5:00]   toast: Riverlight Goods 咖啡 今天沒開門：吧台沒人顧。去僱一位咖啡師（人員分頁），或自己站吧台。
1548.9s [1月20日（週二） 下午 7:00]   use "Sleep"
1549.7s [1月20日（週二） 下午 7:00]   click [Sleep] Sleep until 7:00 AM
1557.6s [1月21日（週三） 下午 5:00]   toast: Riverlight Goods 咖啡 今天沒開門：吧台沒人顧。去僱一位咖啡師（人員分頁），或自己站吧台。
1558.6s [1月21日（週三） 下午 7:00]   use "Sleep"
1559.4s [1月21日（週三） 下午 7:00]   click [Sleep] Sleep until 7:00 AM
1567.3s [1月22日（週四） 下午 5:00]   toast: Riverlight Goods 咖啡 今天沒開門：吧台沒人顧。去僱一位咖啡師（人員分頁），或自己站吧台。
1568.3s [1月22日（週四） 下午 7:00]   use "Sleep"
1569.1s [1月22日（週四） 下午 7:00]   click [Sleep] Sleep until 7:00 AM
1577.1s [1月23日（週五） 下午 5:00]   toast: Riverlight Goods 咖啡 今天沒開門：吧台沒人顧。去僱一位咖啡師（人員分頁），或自己站吧台。
1578.0s [1月23日（週五） 下午 7:00]   shot 83_decision_supplier_price_increase.png
1578.0s [1月23日（週五） 下午 7:00]   decision supplier_price_increase → accept
1578.0s [1月23日（週五） 下午 7:00]   click [Choice_accept] 好。繼續跟你進貨。
1579.4s [1月23日（週五） 下午 7:00]   shot 84_decision_outcome_supplier_price_increase.png
1579.4s [1月23日（週五） 下午 7:00]   click "OK"
1580.0s [1月23日（週五） 下午 7:00]   use "Sleep"
1580.9s [1月23日（週五） 下午 7:00]   click [Sleep] Sleep until 7:00 AM
1588.7s [1月24日（週六） 下午 5:00]   toast: Riverlight Goods 咖啡 今天沒開門：吧台沒人顧。去僱一位咖啡師（人員分頁），或自己站吧台。
1589.7s [1月24日（週六） 下午 7:00]   use "Sleep"
1590.5s [1月24日（週六） 下午 7:00]   click [Sleep] Sleep until 7:00 AM
1599.3s [1月25日（週日） 下午 7:00]   use "Sleep"
1600.1s [1月25日（週日） 下午 7:00]   click [Sleep] Sleep until 7:00 AM
1607.8s [1月26日（週一） 下午 5:00]   toast: Riverlight Goods 咖啡 今天沒開門：吧台沒人顧。去僱一位咖啡師（人員分頁），或自己站吧台。
1608.9s [1月26日（週一） 下午 7:00]   use "Sleep"
1609.7s [1月26日（週一） 下午 7:00]   click [Sleep] Sleep until 7:00 AM
1617.5s [1月27日（週二） 下午 5:00]   toast: Riverlight Goods 咖啡 今天沒開門：吧台沒人顧。去僱一位咖啡師（人員分頁），或自己站吧台。
1618.4s [1月27日（週二） 下午 7:00]   use "Sleep"
1619.2s [1月27日（週二） 下午 7:00]   click [Sleep] Sleep until 7:00 AM
1627.0s [1月28日（週三） 下午 5:00]   toast: Riverlight Goods 咖啡 今天沒開門：吧台沒人顧。去僱一位咖啡師（人員分頁），或自己站吧台。
1627.9s [1月28日（週三） 下午 7:00]   use "Sleep"
1628.7s [1月28日（週三） 下午 7:00]   click [Sleep] Sleep until 7:00 AM
1636.6s [1月29日（週四） 下午 5:00]   toast: Riverlight Goods 咖啡 今天沒開門：吧台沒人顧。去僱一位咖啡師（人員分頁），或自己站吧台。
1637.6s [1月29日（週四） 下午 7:00]   use "Sleep"
1638.5s [1月29日（週四） 下午 7:00]   click [Sleep] Sleep until 7:00 AM
1646.2s [1月30日（週五） 下午 5:00]   toast: Riverlight Goods 咖啡 今天沒開門：吧台沒人顧。去僱一位咖啡師（人員分頁），或自己站吧台。
1647.1s [1月30日（週五） 下午 7:00]   use "Sleep"
1647.9s [1月30日（週五） 下午 7:00]   click [Sleep] Sleep until 7:00 AM
1655.7s [1月31日（週六） 下午 5:00]   toast: Riverlight Goods 咖啡 今天沒開門：吧台沒人顧。去僱一位咖啡師（人員分頁），或自己站吧台。
1656.7s [1月31日（週六） 下午 7:00]   use "Sleep"
1657.5s [1月31日（週六） 下午 7:00]   click [Sleep] Sleep until 7:00 AM
1662.8s [2月1日（週日） 上午 7:00]   info card: Exchange response — compare the assumptions
1662.9s [2月1日（週日） 上午 7:00]   shot 85_info_exchange_response_—_comp.png
1662.9s [2月1日（週日） 上午 7:00]   click "Close"
1664.8s [2月1日（週日） 上午 7:00]   shot 86_month_close_report.png
1664.8s [2月1日（週日） 上午 7:00]   click [month close] Continue
1666.1s [2月1日（週日） 上午 7:01]   shot 87_ch15_comparison.png
1666.1s [2月1日（週日） 上午 7:01]   ok  chapter15 completes from actual response and viewed month close
1666.1s [2月1日（週日） 上午 7:01] STEP Chapter 16 — Omar video, flight and distributor contract
1667.4s [2月1日（週日） 上午 7:03]   use "Use laptop — Company OS"
1668.4s [2月1日（週日） 上午 7:05]   click [Tab_sales] Ecommerce
1669.1s [2月1日（週日） 上午 7:06]   click [SalesPage_overseas] Overseas
1669.3s [2月1日（週日） 上午 7:06]   click [CompareLuminaPartners] Compare Lumina partners
1669.4s [2月1日（週日） 上午 7:06]   click [CallOmar] Video call Omar
1672.5s [2月1日（週日） 上午 7:06]   choose "› 讓我看看費用與風險。"
1674.3s [2月1日（週日） 上午 7:07]   shot 88_ch16_channel_choices.png
1674.3s [2月1日（週日） 上午 7:07]   click [LuminaFlight_co_riverlight_goods] 前往 Lumina — 公司帳戶
1681.2s [2月2日（週一） 上午 7:07]   info card: Lumina journey
1681.3s [2月2日（週一） 上午 7:07]   shot 89_info_lumina_journey.png
1681.3s [2月2日（週一） 上午 7:07]   click "Close"
1681.7s [2月2日（週一） 上午 7:07]   shot 90_ch16_trip_return.png
1681.7s [2月2日（週一） 上午 7:07]   click [LuminaFlight_player] 回程 — 個人帳戶
1684.3s [2月2日（週一） 下午 5:00]   toast: Riverlight Goods 咖啡 今天沒開門：吧台沒人顧。去僱一位咖啡師（人員分頁），或自己站吧台。
1688.9s [2月3日（週二） 上午 7:07]   info card: Lumina journey
1689.0s [2月3日（週二） 上午 7:07]   shot 91_info_lumina_journey.png
1689.0s [2月3日（週二） 上午 7:07]   click "Close"
1690.0s [2月3日（週二） 上午 7:07]   use "Use laptop — Company OS"
1690.9s [2月3日（週二） 上午 7:09]   click [Tab_operations] Operations
1692.4s [2月3日（週二） 上午 7:11]   click [DeliverTo_riverside_studio] 河濱大樓 7C
1693.6s [2月3日（週二） 上午 7:13]   click [Buy_tradelink_wholesale_wireless_earbuds] 購買 $918.00
1697.4s [2月3日（週二） 下午 5:00]   toast: Riverlight Goods 咖啡 今天沒開門：吧台沒人顧。去僱一位咖啡師（人員分頁），或自己站吧台。
1705.5s [2月3日（週二） 下午 7:11]   use "Sleep"
1706.3s [2月3日（週二） 下午 7:11]   click [Sleep] Sleep until 7:00 AM
1714.3s [2月4日（週三） 下午 5:00]   toast: Riverlight Goods 咖啡 今天沒開門：吧台沒人顧。去僱一位咖啡師（人員分頁），或自己站吧台。
1721.5s [2月4日（週三） 下午 7:09]   use "Sleep"
1722.3s [2月4日（週三） 下午 7:09]   click [Sleep] Sleep until 7:00 AM
1730.5s [2月5日（週四） 下午 5:00]   toast: Riverlight Goods 咖啡 今天沒開門：吧台沒人顧。去僱一位咖啡師（人員分頁），或自己站吧台。
1731.5s [2月5日（週四） 下午 7:00]   use "Sleep"
1732.3s [2月5日（週四） 下午 7:00]   click [Sleep] Sleep until 7:00 AM
1747.0s [2月6日（週五） 上午 7:14]   use "Packing table"
1747.8s [2月6日（週五） 上午 7:15]   click [Pack] 打包 5 筆訂單（40 分鐘）
1748.8s [2月6日（週五） 上午 7:56]   click [CourierEconomy] 快遞 · 經濟 3 天（$29.10）
1749.9s [2月6日（週五） 上午 7:58]   ok  real purchase supplies upcoming export or distributor shipment
1751.8s [2月6日（週五） 上午 8:00]   use "Use laptop — Company OS"
1752.9s [2月6日（週五） 上午 8:01]   click [Tab_sales] Ecommerce
1754.4s [2月6日（週五） 上午 8:04]   click [SalesPage_overseas] Overseas
1755.6s [2月6日（週五） 上午 8:05]   click [CompareLuminaPartners] Compare Lumina partners
1756.1s [2月6日（週五） 上午 8:06]   click [RequestOmarContract] Request distributor contract
1757.2s [2月6日（週五） 上午 8:07]   ok  a fresh distributor quote is accepted before contract controls
1757.2s [2月6日（週五） 上午 8:07]   shot 92_ch16_distributor_offer.png
1757.2s [2月6日（週五） 上午 8:07]   click [AcceptContract] Accept
1757.9s [2月6日（週五） 上午 8:08]   click [DeliverContract] 寄送 10 件到 Lumina；現在支付運費與關稅
1758.5s [2月6日（週五） 上午 9:38]   ok  native signing and dispatch put goods in transit
1758.6s [2月6日（週五） 上午 9:38]   shot 93_ch16_goods_in_transit.png
1761.8s [2月6日（週五） 下午 5:00]   toast: Riverlight Goods 咖啡 今天沒開門：吧台沒人顧。去僱一位咖啡師（人員分頁），或自己站吧台。
1770.1s [2月6日（週五） 下午 7:12]   use "Sleep"
1770.9s [2月6日（週五） 下午 7:12]   click [Sleep] Sleep until 7:00 AM
1785.5s [2月7日（週六） 上午 7:14]   use "Packing table"
1786.4s [2月7日（週六） 上午 7:15]   click [Pack] 打包 8 筆訂單（1 小時 4 分）
1787.8s [2月7日（週六） 上午 8:20]   click [CourierEconomy] 快遞 · 經濟 3 天（$42.96）
1791.4s [2月7日（週六） 下午 5:00]   toast: Riverlight Goods 咖啡 今天沒開門：吧台沒人顧。去僱一位咖啡師（人員分頁），或自己站吧台。
1801.2s [2月7日（週六） 下午 7:14]   use "Sleep"
1801.9s [2月7日（週六） 下午 7:14]   click [Sleep] Sleep until 7:00 AM
1816.3s [2月8日（週日） 上午 7:14]   use "Packing table"
1817.2s [2月8日（週日） 上午 7:15]   click [Pack] 打包 9 筆訂單（1 小時 12 分）
1818.6s [2月8日（週日） 上午 8:28]   click [CourierEconomy] 快遞 · 經濟 3 天（$47.58）
1831.8s [2月8日（週日） 下午 7:13]   use "Sleep"
1832.6s [2月8日（週日） 下午 7:13]   click [Sleep] Sleep until 7:00 AM
1846.8s [2月9日（週一） 上午 7:14]   use "Packing table"
1847.7s [2月9日（週一） 上午 7:15]   click [Pack] 打包 5 筆訂單（40 分鐘）
1848.6s [2月9日（週一） 上午 7:56]   click [CourierEconomy] 快遞 · 經濟 3 天（$29.10）
1852.3s [2月9日（週一） 下午 5:00]   toast: Riverlight Goods 咖啡 今天沒開門：吧台沒人顧。去僱一位咖啡師（人員分頁），或自己站吧台。
1862.1s [2月9日（週一） 下午 7:13]   use "Sleep"
1862.9s [2月9日（週一） 下午 7:13]   click [Sleep] Sleep until 7:00 AM
1877.1s [2月10日（週二） 上午 7:14]   use "Packing table"
1878.0s [2月10日（週二） 上午 7:15]   click [Pack] 打包 12 筆訂單（1 小時 36 分）
1879.5s [2月10日（週二） 上午 8:52]   click [CourierEconomy] 快遞 · 經濟 3 天（$61.44）
1882.9s [2月10日（週二） 下午 5:00]   toast: Riverlight Goods 咖啡 今天沒開門：吧台沒人顧。去僱一位咖啡師（人員分頁），或自己站吧台。
1892.7s [2月10日（週二） 下午 7:13]   use "Sleep"
1893.6s [2月10日（週二） 下午 7:13]   click [Sleep] Sleep until 7:00 AM
1908.1s [2月11日（週三） 上午 7:14]   use "Packing table"
1909.1s [2月11日（週三） 上午 7:15]   click [Pack] 打包 1 筆訂單（8 分鐘）
1909.9s [2月11日（週三） 上午 7:24]   click [CourierEconomy] 快遞 · 經濟 3 天（$10.62）
1913.5s [2月11日（週三） 下午 5:00]   toast: Riverlight Goods 咖啡 今天沒開門：吧台沒人顧。去僱一位咖啡師（人員分頁），或自己站吧台。
1914.4s [2月11日（週三） 下午 7:00]   shot 94_decision_supplier_price_increase.png
1914.4s [2月11日（週三） 下午 7:00]   decision supplier_price_increase → accept
1914.4s [2月11日（週三） 下午 7:00]   click [Choice_accept] 好。繼續跟你進貨。
1915.8s [2月11日（週三） 下午 7:00]   shot 95_decision_outcome_supplier_price_increase.png
1915.8s [2月11日（週三） 下午 7:00]   click "OK"
1925.5s [2月11日（週三） 下午 7:14]   use "Sleep"
1926.3s [2月11日（週三） 下午 7:14]   click [Sleep] Sleep until 7:00 AM
1934.0s [2月12日（週四） 下午 5:00]   toast: Riverlight Goods 咖啡 今天沒開門：吧台沒人顧。去僱一位咖啡師（人員分頁），或自己站吧台。
1941.1s [2月12日（週四） 下午 7:09]   use "Sleep"
1941.9s [2月12日（週四） 下午 7:09]   click [Sleep] Sleep until 7:00 AM
1949.8s [2月13日（週五） 下午 5:00]   toast: Riverlight Goods 咖啡 今天沒開門：吧台沒人顧。去僱一位咖啡師（人員分頁），或自己站吧台。
1950.7s [2月13日（週五） 下午 7:00]   use "Sleep"
1951.5s [2月13日（週五） 下午 7:00]   click [Sleep] Sleep until 7:00 AM
1959.6s [2月14日（週六） 下午 5:00]   toast: Riverlight Goods 咖啡 今天沒開門：吧台沒人顧。去僱一位咖啡師（人員分頁），或自己站吧台。
1960.6s [2月14日（週六） 下午 7:00]   use "Sleep"
1961.3s [2月14日（週六） 下午 7:00]   click [Sleep] Sleep until 7:00 AM
1970.3s [2月15日（週日） 下午 7:00]   use "Sleep"
1971.1s [2月15日（週日） 下午 7:00]   click [Sleep] Sleep until 7:00 AM
1978.9s [2月16日（週一） 下午 5:00]   toast: Riverlight Goods 咖啡 今天沒開門：吧台沒人顧。去僱一位咖啡師（人員分頁），或自己站吧台。
1979.9s [2月16日（週一） 下午 7:00]   use "Sleep"
1980.7s [2月16日（週一） 下午 7:00]   click [Sleep] Sleep until 7:00 AM
1994.9s [2月17日（週二） 上午 7:14]   use "Packing table"
1995.8s [2月17日（週二） 上午 7:15]   click [Pack] 打包 1 筆訂單（8 分鐘）
1996.7s [2月17日（週二） 上午 7:24]   click [CourierEconomy] 快遞 · 經濟 3 天（$10.62）
2000.2s [2月17日（週二） 下午 5:00]   toast: Riverlight Goods 咖啡 今天沒開門：吧台沒人顧。去僱一位咖啡師（人員分頁），或自己站吧台。
2010.0s [2月17日（週二） 下午 7:13]   use "Sleep"
2010.8s [2月17日（週二） 下午 7:13]   click [Sleep] Sleep until 7:00 AM
2018.9s [2月18日（週三） 下午 5:00]   toast: Riverlight Goods 咖啡 今天沒開門：吧台沒人顧。去僱一位咖啡師（人員分頁），或自己站吧台。
2026.1s [2月18日（週三） 下午 7:09]   use "Sleep"
2026.9s [2月18日（週三） 下午 7:09]   click [Sleep] Sleep until 7:00 AM
2035.1s [2月19日（週四） 下午 5:00]   toast: Riverlight Goods 咖啡 今天沒開門：吧台沒人顧。去僱一位咖啡師（人員分頁），或自己站吧台。
2036.1s [2月19日（週四） 下午 7:00]   use "Sleep"
2036.9s [2月19日（週四） 下午 7:00]   click [Sleep] Sleep until 7:00 AM
2044.8s [2月20日（週五） 下午 5:00]   toast: Riverlight Goods 咖啡 今天沒開門：吧台沒人顧。去僱一位咖啡師（人員分頁），或自己站吧台。
2045.8s [2月20日（週五） 下午 7:00]   use "Sleep"
2046.6s [2月20日（週五） 下午 7:00]   click [Sleep] Sleep until 7:00 AM
2054.7s [2月21日（週六） 下午 5:00]   toast: Riverlight Goods 咖啡 今天沒開門：吧台沒人顧。去僱一位咖啡師（人員分頁），或自己站吧台。
2055.8s [2月21日（週六） 下午 7:00]   use "Sleep"
2056.5s [2月21日（週六） 下午 7:00]   click [Sleep] Sleep until 7:00 AM
2065.3s [2月22日（週日） 下午 7:00]   use "Sleep"
2066.1s [2月22日（週日） 下午 7:00]   click [Sleep] Sleep until 7:00 AM
2074.0s [2月23日（週一） 下午 5:00]   toast: Riverlight Goods 咖啡 今天沒開門：吧台沒人顧。去僱一位咖啡師（人員分頁），或自己站吧台。
2075.0s [2月23日（週一） 下午 7:00]   use "Sleep"
2075.8s [2月23日（週一） 下午 7:00]   click [Sleep] Sleep until 7:00 AM
2083.7s [2月24日（週二） 下午 5:00]   toast: Riverlight Goods 咖啡 今天沒開門：吧台沒人顧。去僱一位咖啡師（人員分頁），或自己站吧台。
2091.2s [2月24日（週二） 下午 7:10]   use "Sleep"
2091.9s [2月24日（週二） 下午 7:10]   click [Sleep] Sleep until 7:00 AM
2099.9s [2月25日（週三） 下午 5:00]   toast: Riverlight Goods 咖啡 今天沒開門：吧台沒人顧。去僱一位咖啡師（人員分頁），或自己站吧台。
2100.9s [2月25日（週三） 下午 7:00]   use "Sleep"
2101.7s [2月25日（週三） 下午 7:00]   click [Sleep] Sleep until 7:00 AM
2109.5s [2月26日（週四） 下午 5:00]   toast: Riverlight Goods 咖啡 今天沒開門：吧台沒人顧。去僱一位咖啡師（人員分頁），或自己站吧台。
2110.5s [2月26日（週四） 下午 7:00]   use "Sleep"
2111.3s [2月26日（週四） 下午 7:00]   click [Sleep] Sleep until 7:00 AM
2119.3s [2月27日（週五） 下午 5:00]   toast: Riverlight Goods 咖啡 今天沒開門：吧台沒人顧。去僱一位咖啡師（人員分頁），或自己站吧台。
2120.4s [2月27日（週五） 下午 7:00]   info card: Customer ownership — 90-day estimate
2120.4s [2月27日（週五） 下午 7:00]   shot 96_info_customer_ownership_—_90-.png
2120.4s [2月27日（週五） 下午 7:00]   click "Close"
2121.0s [2月27日（週五） 下午 7:00]   use "Sleep"
2121.8s [2月27日（週五） 下午 7:00]   click [Sleep] Sleep until 7:00 AM
2127.2s [2月28日（週六） 上午 7:00]   shot 97_decision_rival_undercut.png
2127.2s [2月28日（週六） 上午 7:00]   decision rival_undercut → niche
2127.2s [2月28日（週六） 上午 7:00]   click [Choice_niche] 選擇利基市場
2128.6s [2月28日（週六） 上午 7:00]   shot 98_decision_outcome_rival_undercut.png
2128.6s [2月28日（週六） 上午 7:00]   click "OK"
2129.9s [2月28日（週六） 上午 7:01]   shot 99_ch16_90_day_comparison.png
2129.9s [2月28日（週六） 上午 7:01]   ok  chapter16 recognizes collected partner income
2129.9s [2月28日（週六） 上午 7:01] STEP Overseas warehouse — real lease and sea batch input
2131.1s [2月28日（週六） 上午 7:03]   use "Use laptop — Company OS"
2132.1s [2月28日（週六） 上午 7:04]   click [Tab_operations] Operations
2133.5s [2月28日（週六） 上午 7:07]   click [DeliverTo_riverside_studio] 河濱大樓 7C
2134.7s [2月28日（週六） 上午 7:08]   click [Buy_tradelink_wholesale_wireless_earbuds] 購買 $918.00
2138.4s [2月28日（週六） 下午 5:00]   toast: Riverlight Goods 咖啡 今天沒開門：吧台沒人顧。去僱一位咖啡師（人員分頁），或自己站吧台。
2146.8s [2月28日（週六） 下午 7:11]   use "Sleep"
2147.6s [2月28日（週六） 下午 7:11]   click [Sleep] Sleep until 7:00 AM
2156.5s [2月29日（週日） 下午 7:00]   use "Sleep"
2157.3s [2月29日（週日） 下午 7:00]   click [Sleep] Sleep until 7:00 AM
2164.3s [3月1日（週一） 上午 7:00]   shot 100_month_close_report.png
2164.3s [3月1日（週一） 上午 7:00]   click [month close] Continue
2167.5s [3月1日（週一） 下午 5:00]   toast: Riverlight Goods 咖啡 今天沒開門：吧台沒人顧。去僱一位咖啡師（人員分頁），或自己站吧台。
2168.5s [3月1日（週一） 下午 7:01]   use "Sleep"
2169.3s [3月1日（週一） 下午 7:01]   click [Sleep] Sleep until 7:00 AM
2183.5s [3月2日（週二） 上午 7:14]   use "Packing table"
2184.4s [3月2日（週二） 上午 7:15]   click [Pack] 打包 1 筆訂單（8 分鐘）
2185.3s [3月2日（週二） 上午 7:24]   click [CourierEconomy] 快遞 · 經濟 3 天（$10.62）
2186.5s [3月2日（週二） 上午 7:26]   ok  real purchase supplies upcoming export or distributor shipment
2188.1s [3月2日（週二） 上午 7:29]   use "Use laptop — Company OS"
2189.1s [3月2日（週二） 上午 7:29]   click [Tab_sales] Ecommerce
2189.8s [3月2日（週二） 上午 7:30]   click [SalesPage_overseas] Overseas
2190.0s [3月2日（週二） 上午 7:31]   click [CompareLuminaPartners] Compare Lumina partners
2190.1s [3月2日（週二） 上午 7:31]   click [PartnerChannel_warehouse] Overseas warehouse
2190.3s [3月2日（週二） 上午 7:31]   click [OpenLuminaWarehouse] 開設 Lumina 海外倉（$100.00）
2190.4s [3月2日（週二） 上午 7:31]   click [SendLuminaStock] Send stock by sea
2190.9s [3月2日（週二） 上午 7:32]   shot 101_ch16_warehouse_batch.png
2191.7s [3月2日（週二） 上午 7:33]   ok  warehouse batch really dispatched
2191.7s [3月2日（週二） 上午 7:33]   ok  chapters15–16 books balanced
2191.7s [3月2日（週二） 上午 7:33] STEP Chapter17 — native market news and real niche response
2192.2s [3月2日（週二） 上午 7:34]   use "Use laptop — Company OS"
2193.2s [3月2日（週二） 上午 7:35]   click [Tab_overview] Overview
2194.0s [3月2日（週二） 上午 7:36]   click [OpenLegacyStory] Consolidation and legacy
2194.2s [3月2日（週二） 上午 7:36]   click [read_consolidation_news] Read the consolidation news
2194.6s [3月2日（週二） 上午 7:41]   shot 102_ch17_news.png
2194.6s [3月2日（週二） 上午 7:41]   click [CloseInfo] Close
2195.1s [3月2日（週二） 上午 7:41]   shot 103_ch17_market_choice.png
2196.1s [3月2日（週二） 上午 7:41]   click [Strategy_niche] 利基 ✓
2197.8s [3月2日（週二） 上午 7:41]   click [apply_market_response] Apply price and operating response
2198.7s [3月2日（週二） 上午 7:41]   shot 104_ch17_price_and_campaign.png
2198.7s [3月2日（週二） 上午 7:41]   ok  real price and operating action recorded
2202.1s [3月2日（週二） 下午 5:00]   toast: Riverlight Goods 咖啡 今天沒開門：吧台沒人顧。去僱一位咖啡師（人員分頁），或自己站吧台。
2210.7s [3月2日（週二） 下午 7:11]   use "Sleep"
2211.5s [3月2日（週二） 下午 7:11]   click [Sleep] Sleep until 7:00 AM
2225.7s [3月3日（週三） 上午 7:14]   use "Packing table"
2226.6s [3月3日（週三） 上午 7:15]   click [Pack] 打包 1 筆訂單（8 分鐘）
2227.5s [3月3日（週三） 上午 7:24]   click [CourierEconomy] 快遞 · 經濟 3 天（$10.62）
2231.2s [3月3日（週三） 下午 5:00]   toast: Riverlight Goods 咖啡 今天沒開門：吧台沒人顧。去僱一位咖啡師（人員分頁），或自己站吧台。
2240.9s [3月3日（週三） 下午 7:13]   use "Sleep"
2241.7s [3月3日（週三） 下午 7:13]   click [Sleep] Sleep until 7:00 AM
2256.0s [3月4日（週四） 上午 7:14]   use "Packing table"
2256.9s [3月4日（週四） 上午 7:15]   click [Pack] 打包 6 筆訂單（48 分鐘）
2258.3s [3月4日（週四） 上午 8:04]   click [CourierEconomy] 快遞 · 經濟 3 天（$33.72）
2261.7s [3月4日（週四） 下午 5:00]   toast: Riverlight Goods 咖啡 今天沒開門：吧台沒人顧。去僱一位咖啡師（人員分頁），或自己站吧台。
2271.5s [3月4日（週四） 下午 7:13]   use "Sleep"
2272.3s [3月4日（週四） 下午 7:13]   click [Sleep] Sleep until 7:00 AM
2286.6s [3月5日（週五） 上午 7:14]   use "Packing table"
2287.4s [3月5日（週五） 上午 7:15]   click [Pack] 打包 5 筆訂單（40 分鐘）
2288.4s [3月5日（週五） 上午 7:56]   click [CourierEconomy] 快遞 · 經濟 3 天（$29.10）
2292.2s [3月5日（週五） 下午 5:00]   toast: Riverlight Goods 咖啡 今天沒開門：吧台沒人顧。去僱一位咖啡師（人員分頁），或自己站吧台。
2293.1s [3月5日（週五） 下午 7:00]   shot 105_decision_supplier_price_increase.png
2293.1s [3月5日（週五） 下午 7:00]   decision supplier_price_increase → accept
2293.2s [3月5日（週五） 下午 7:00]   click [Choice_accept] 好。繼續跟你進貨。
2294.5s [3月5日（週五） 下午 7:00]   shot 106_decision_outcome_supplier_price_increase.png
2294.5s [3月5日（週五） 下午 7:00]   click "OK"
2304.3s [3月5日（週五） 下午 7:14]   use "Sleep"
2305.1s [3月5日（週五） 下午 7:14]   click [Sleep] Sleep until 7:00 AM
2319.4s [3月6日（週六） 上午 7:14]   use "Packing table"
2320.3s [3月6日（週六） 上午 7:15]   click [Pack] 打包 2 筆訂單（16 分鐘）
2321.2s [3月6日（週六） 上午 7:32]   click [CourierEconomy] 快遞 · 經濟 3 天（$15.24）
2324.9s [3月6日（週六） 下午 5:00]   toast: Riverlight Goods 咖啡 今天沒開門：吧台沒人顧。去僱一位咖啡師（人員分頁），或自己站吧台。
2334.7s [3月6日（週六） 下午 7:13]   use "Sleep"
2335.5s [3月6日（週六） 下午 7:13]   click [Sleep] Sleep until 7:00 AM
2349.7s [3月7日（週日） 上午 7:14]   use "Packing table"
2350.6s [3月7日（週日） 上午 7:15]   click [Pack] 打包 6 筆訂單（48 分鐘）
2352.0s [3月7日（週日） 上午 8:04]   click [CourierEconomy] 快遞 · 經濟 3 天（$33.72）
2365.4s [3月7日（週日） 下午 7:13]   use "Sleep"
2366.2s [3月7日（週日） 下午 7:13]   click [Sleep] Sleep until 7:00 AM
2380.5s [3月8日（週一） 上午 7:14]   use "Packing table"
2381.5s [3月8日（週一） 上午 7:15]   click [Pack] 打包 5 筆訂單（40 分鐘）
2382.6s [3月8日（週一） 上午 7:56]   click [CourierEconomy] 快遞 · 經濟 3 天（$29.10）
2386.5s [3月8日（週一） 下午 5:00]   toast: Riverlight Goods 咖啡 今天沒開門：吧台沒人顧。去僱一位咖啡師（人員分頁），或自己站吧台。
2386.8s [3月8日（週一） 下午 6:13]   toast: 新評價 #5584：★★★「品質普通。」
2396.3s [3月8日（週一） 下午 7:13]   use "Sleep"
2397.0s [3月8日（週一） 下午 7:13]   click [Sleep] Sleep until 7:00 AM
2411.3s [3月9日（週二） 上午 7:14]   use "Packing table"
2412.2s [3月9日（週二） 上午 7:15]   click [Pack] 打包 4 筆訂單（32 分鐘）
2413.1s [3月9日（週二） 上午 7:48]   click [CourierEconomy] 快遞 · 經濟 3 天（$24.48）
2416.7s [3月9日（週二） 下午 5:00]   toast: Riverlight Goods 咖啡 今天沒開門：吧台沒人顧。去僱一位咖啡師（人員分頁），或自己站吧台。
2426.6s [3月9日（週二） 下午 7:13]   use "Sleep"
2427.4s [3月9日（週二） 下午 7:13]   click [Sleep] Sleep until 7:00 AM
2441.7s [3月10日（週三） 上午 7:14]   use "Packing table"
2442.6s [3月10日（週三） 上午 7:15]   click [Pack] 打包 2 筆訂單（16 分鐘）
2443.5s [3月10日（週三） 上午 7:32]   click [CourierEconomy] 快遞 · 經濟 3 天（$15.24）
2447.2s [3月10日（週三） 下午 5:00]   toast: Riverlight Goods 咖啡 今天沒開門：吧台沒人顧。去僱一位咖啡師（人員分頁），或自己站吧台。
2456.9s [3月10日（週三） 下午 7:13]   use "Sleep"
2457.7s [3月10日（週三） 下午 7:13]   click [Sleep] Sleep until 7:00 AM
2472.0s [3月11日（週四） 上午 7:14]   use "Packing table"
2472.9s [3月11日（週四） 上午 7:15]   click [Pack] 打包 5 筆訂單（40 分鐘）
2473.8s [3月11日（週四） 上午 7:56]   click [CourierEconomy] 快遞 · 經濟 3 天（$29.10）
2477.5s [3月11日（週四） 下午 5:00]   toast: Riverlight Goods 咖啡 今天沒開門：吧台沒人顧。去僱一位咖啡師（人員分頁），或自己站吧台。
2487.4s [3月11日（週四） 下午 7:13]   use "Sleep"
2488.2s [3月11日（週四） 下午 7:13]   click [Sleep] Sleep until 7:00 AM
2502.4s [3月12日（週五） 上午 7:14]   use "Packing table"
2503.3s [3月12日（週五） 上午 7:15]   click [Pack] 打包 2 筆訂單（16 分鐘）
2504.2s [3月12日（週五） 上午 7:32]   click [CourierEconomy] 快遞 · 經濟 3 天（$15.24）
2507.9s [3月12日（週五） 下午 5:00]   toast: Riverlight Goods 咖啡 今天沒開門：吧台沒人顧。去僱一位咖啡師（人員分頁），或自己站吧台。
2517.7s [3月12日（週五） 下午 7:13]   use "Sleep"
2518.5s [3月12日（週五） 下午 7:13]   click [Sleep] Sleep until 7:00 AM
2526.2s [3月13日（週六） 下午 5:00]   toast: Riverlight Goods 咖啡 今天沒開門：吧台沒人顧。去僱一位咖啡師（人員分頁），或自己站吧台。
2527.2s [3月13日（週六） 下午 7:00]   use "Sleep"
2528.0s [3月13日（週六） 下午 7:00]   click [Sleep] Sleep until 7:00 AM
2533.3s [3月14日（週日） 上午 7:00]   shot 107_decision_cafe_inspection.png
2533.3s [3月14日（週日） 上午 7:00]   decision cafe_inspection → prepare
2533.3s [3月14日（週日） 上午 7:00]   click [Choice_prepare] 清潔十五分鐘後接受檢查
2534.7s [3月14日（週日） 上午 7:15]   shot 108_decision_outcome_cafe_inspection.png
2534.7s [3月14日（週日） 上午 7:15]   click "OK"
2538.7s [3月14日（週日） 下午 7:01]   use "Sleep"
2539.4s [3月14日（週日） 下午 7:01]   click [Sleep] Sleep until 7:00 AM
2547.3s [3月15日（週一） 下午 5:00]   toast: Riverlight Goods 咖啡 今天沒開門：吧台沒人顧。去僱一位咖啡師（人員分頁），或自己站吧台。
2548.3s [3月15日（週一） 下午 7:00]   use "Sleep"
2549.1s [3月15日（週一） 下午 7:00]   click [Sleep] Sleep until 7:00 AM
2556.9s [3月16日（週二） 下午 5:00]   toast: Riverlight Goods 咖啡 今天沒開門：吧台沒人顧。去僱一位咖啡師（人員分頁），或自己站吧台。
2564.4s [3月16日（週二） 下午 7:10]   use "Sleep"
2565.1s [3月16日（週二） 下午 7:10]   click [Sleep] Sleep until 7:00 AM
2573.1s [3月17日（週三） 下午 5:00]   toast: Riverlight Goods 咖啡 今天沒開門：吧台沒人顧。去僱一位咖啡師（人員分頁），或自己站吧台。
2574.1s [3月17日（週三） 下午 7:00]   use "Sleep"
2574.9s [3月17日（週三） 下午 7:00]   click [Sleep] Sleep until 7:00 AM
2582.7s [3月18日（週四） 下午 5:00]   toast: Riverlight Goods 咖啡 今天沒開門：吧台沒人顧。去僱一位咖啡師（人員分頁），或自己站吧台。
2583.7s [3月18日（週四） 下午 7:00]   use "Sleep"
2584.5s [3月18日（週四） 下午 7:00]   click [Sleep] Sleep until 7:00 AM
2592.4s [3月19日（週五） 下午 5:00]   toast: Riverlight Goods 咖啡 今天沒開門：吧台沒人顧。去僱一位咖啡師（人員分頁），或自己站吧台。
2593.4s [3月19日（週五） 下午 7:00]   use "Sleep"
2594.1s [3月19日（週五） 下午 7:00]   click [Sleep] Sleep until 7:00 AM
2602.0s [3月20日（週六） 下午 5:00]   toast: Riverlight Goods 咖啡 今天沒開門：吧台沒人顧。去僱一位咖啡師（人員分頁），或自己站吧台。
2602.9s [3月20日（週六） 下午 7:00]   use "Sleep"
2603.7s [3月20日（週六） 下午 7:00]   click [Sleep] Sleep until 7:00 AM
2618.9s [3月21日（週日） 下午 7:10]   use "Sleep"
2619.7s [3月21日（週日） 下午 7:10]   click [Sleep] Sleep until 7:00 AM
2627.8s [3月22日（週一） 下午 5:00]   toast: Riverlight Goods 咖啡 今天沒開門：吧台沒人顧。去僱一位咖啡師（人員分頁），或自己站吧台。
2628.9s [3月22日（週一） 下午 7:00]   use "Sleep"
2629.7s [3月22日（週一） 下午 7:00]   click [Sleep] Sleep until 7:00 AM
2637.5s [3月23日（週二） 下午 5:00]   toast: Riverlight Goods 咖啡 今天沒開門：吧台沒人顧。去僱一位咖啡師（人員分頁），或自己站吧台。
2638.5s [3月23日（週二） 下午 7:00]   use "Sleep"
2639.3s [3月23日（週二） 下午 7:00]   click [Sleep] Sleep until 7:00 AM
2647.0s [3月24日（週三） 下午 5:00]   toast: Riverlight Goods 咖啡 今天沒開門：吧台沒人顧。去僱一位咖啡師（人員分頁），或自己站吧台。
2647.9s [3月24日（週三） 下午 7:00]   shot 109_decision_supplier_price_increase.png
2647.9s [3月24日（週三） 下午 7:00]   decision supplier_price_increase → accept
2647.9s [3月24日（週三） 下午 7:00]   click [Choice_accept] 好。繼續跟你進貨。
2649.3s [3月24日（週三） 下午 7:00]   shot 110_decision_outcome_supplier_price_increase.png
2649.3s [3月24日（週三） 下午 7:00]   click "OK"
2650.0s [3月24日（週三） 下午 7:00]   use "Sleep"
2650.7s [3月24日（週三） 下午 7:00]   click [Sleep] Sleep until 7:00 AM
2658.6s [3月25日（週四） 下午 5:00]   toast: Riverlight Goods 咖啡 今天沒開門：吧台沒人顧。去僱一位咖啡師（人員分頁），或自己站吧台。
2659.6s [3月25日（週四） 下午 7:00]   use "Sleep"
2660.4s [3月25日（週四） 下午 7:00]   click [Sleep] Sleep until 7:00 AM
2668.3s [3月26日（週五） 下午 5:00]   toast: Riverlight Goods 咖啡 今天沒開門：吧台沒人顧。去僱一位咖啡師（人員分頁），或自己站吧台。
2675.7s [3月26日（週五） 下午 7:10]   use "Sleep"
2676.5s [3月26日（週五） 下午 7:10]   click [Sleep] Sleep until 7:00 AM
2684.4s [3月27日（週六） 下午 5:00]   toast: Riverlight Goods 咖啡 今天沒開門：吧台沒人顧。去僱一位咖啡師（人員分頁），或自己站吧台。
2685.4s [3月27日（週六） 下午 7:00]   use "Sleep"
2686.2s [3月27日（週六） 下午 7:00]   click [Sleep] Sleep until 7:00 AM
2695.1s [3月28日（週日） 下午 7:00]   use "Sleep"
2695.9s [3月28日（週日） 下午 7:00]   click [Sleep] Sleep until 7:00 AM
2704.0s [3月29日（週一） 下午 5:00]   toast: Riverlight Goods 咖啡 今天沒開門：吧台沒人顧。去僱一位咖啡師（人員分頁），或自己站吧台。
2705.0s [3月29日（週一） 下午 7:00]   use "Sleep"
2705.8s [3月29日（週一） 下午 7:00]   click [Sleep] Sleep until 7:00 AM
2713.7s [3月30日（週二） 下午 5:00]   toast: Riverlight Goods 咖啡 今天沒開門：吧台沒人顧。去僱一位咖啡師（人員分頁），或自己站吧台。
2714.7s [3月30日（週二） 下午 7:00]   use "Sleep"
2715.4s [3月30日（週二） 下午 7:00]   click [Sleep] Sleep until 7:00 AM
2723.3s [3月31日（週三） 下午 5:00]   toast: Riverlight Goods 咖啡 今天沒開門：吧台沒人顧。去僱一位咖啡師（人員分頁），或自己站吧台。
2730.8s [3月31日（週三） 下午 7:10]   use "Sleep"
2731.5s [3月31日（週三） 下午 7:10]   click [Sleep] Sleep until 7:00 AM
2738.6s [4月1日（週四） 上午 7:00]   shot 111_month_close_report.png
2738.6s [4月1日（週四） 上午 7:00]   click [month close] Continue
2741.7s [4月1日（週四） 下午 5:00]   toast: Riverlight Goods 咖啡 今天沒開門：吧台沒人顧。去僱一位咖啡師（人員分頁），或自己站吧台。
2742.7s [4月1日（週四） 下午 7:01]   use "Sleep"
2743.5s [4月1日（週四） 下午 7:01]   click [Sleep] Sleep until 7:00 AM
2751.4s [4月2日（週五） 下午 5:00]   toast: Riverlight Goods 咖啡 今天沒開門：吧台沒人顧。去僱一位咖啡師（人員分頁），或自己站吧台。
2752.3s [4月2日（週五） 下午 7:00]   shot 112_decision_low_cash_warning.png
2752.3s [4月2日（週五） 下午 7:00]   decision low_cash_warning → reduce
2752.3s [4月2日（週五） 下午 7:00]   click [Choice_reduce] 縮減開支（暫停廣告、生活從簡）
