Godot Engine v4.5.1.stable.official.f62fdbde1 - https://godotengine.org
OpenGL API 3.3.0 NVIDIA 462.59 - Compatibility - Using Device: NVIDIA - Quadro RTX 4000

   0.0s STEP resume_ch17: genuine saved operating history, including actual insolvency if present
   0.9s [4月2日（週五） 上午 7:00]   ok  actual chapter17 checkpoint loaded
   2.0s [4月2日（週五） 上午 7:00] STEP Chapter17 — native market news and real niche response
   3.5s [4月2日（週五） 上午 7:02]   use "Use laptop — Company OS"
   4.5s [4月2日（週五） 上午 7:04]   click [Tab_overview] Overview
   5.3s [4月2日（週五） 上午 7:05]   click [OpenLegacyStory] Consolidation and legacy
   8.8s [4月2日（週五） 下午 5:00]   toast: Riverlight Goods 咖啡 今天沒開門：吧台沒人顧。去僱一位咖啡師（人員分頁），或自己站吧台。
   9.7s [4月2日（週五） 下午 7:00]   shot 01_decision_low_cash_warning.png
   9.7s [4月2日（週五） 下午 7:00]   decision low_cash_warning → reduce
   9.7s [4月2日（週五） 下午 7:00]   click [Choice_reduce] 縮減開支（暫停廣告、生活從簡）
  11.3s [4月2日（週五） 下午 7:00]   shot 02_decision_outcome_low_cash_warning.png
  11.3s [4月2日（週五） 下午 7:00]   click "OK"
  19.2s [4月2日（週五） 下午 7:11]   use "Sleep"
  20.0s [4月2日（週五） 下午 7:11]   click [Sleep] Sleep until 7:00 AM
  28.1s [4月3日（週六） 下午 5:00]   toast: Riverlight Goods 咖啡 今天沒開門：吧台沒人顧。去僱一位咖啡師（人員分頁），或自己站吧台。
  29.1s [4月3日（週六） 下午 7:00]   use "Sleep"
  29.9s [4月3日（週六） 下午 7:00]   click [Sleep] Sleep until 7:00 AM
  38.9s [4月4日（週日） 下午 7:00]   use "Sleep"
  39.7s [4月4日（週日） 下午 7:00]   click [Sleep] Sleep until 7:00 AM
  47.6s [4月5日（週一） 下午 5:00]   toast: Riverlight Goods 咖啡 今天沒開門：吧台沒人顧。去僱一位咖啡師（人員分頁），或自己站吧台。
  48.5s [4月5日（週一） 下午 7:00]   shot 03_decision_low_cash_warning.png
  48.5s [4月5日（週一） 下午 7:00]   decision low_cash_warning → reduce
  48.5s [4月5日（週一） 下午 7:00]   click [Choice_reduce] 縮減開支（暫停廣告、生活從簡）
  50.1s [4月5日（週一） 下午 7:00]   shot 04_decision_outcome_low_cash_warning.png
  50.1s [4月5日（週一） 下午 7:00]   click "OK"
  50.7s [4月5日（週一） 下午 7:00]   use "Sleep"
  51.5s [4月5日（週一） 下午 7:00]   click [Sleep] Sleep until 7:00 AM
  59.5s [4月6日（週二） 下午 5:00]   toast: Riverlight Goods 咖啡 今天沒開門：吧台沒人顧。去僱一位咖啡師（人員分頁），或自己站吧台。
  60.4s [4月6日（週二） 下午 7:00]   use "Sleep"
  61.2s [4月6日（週二） 下午 7:00]   click [Sleep] Sleep until 7:00 AM
  69.1s [4月7日（週三） 下午 5:00]   toast: Riverlight Goods 咖啡 今天沒開門：吧台沒人顧。去僱一位咖啡師（人員分頁），或自己站吧台。
  76.6s [4月7日（週三） 下午 7:10]   use "Sleep"
  77.3s [4月7日（週三） 下午 7:10]   click [Sleep] Sleep until 7:00 AM
  85.2s [4月8日（週四） 下午 5:00]   toast: Riverlight Goods 咖啡 今天沒開門：吧台沒人顧。去僱一位咖啡師（人員分頁），或自己站吧台。
  86.1s [4月8日（週四） 下午 7:00]   shot 05_decision_low_cash_warning.png
  86.1s [4月8日（週四） 下午 7:00]   decision low_cash_warning → reduce
  86.1s [4月8日（週四） 下午 7:00]   click [Choice_reduce] 縮減開支（暫停廣告、生活從簡）
  87.7s [4月8日（週四） 下午 7:00]   shot 06_decision_outcome_low_cash_warning.png
  87.7s [4月8日（週四） 下午 7:00]   click "OK"
  88.3s [4月8日（週四） 下午 7:00]   use "Sleep"
  89.1s [4月8日（週四） 下午 7:00]   click [Sleep] Sleep until 7:00 AM
  96.1s [4月9日（週五） 下午 1:20]   toast: Nexus 銀行要求貸款 L1 立即清償：7 天內須還 $7,925。
  97.1s [4月9日（週五） 下午 5:00]   toast: 薪水發不出來：現金不夠付 $675。公司欠團隊 $675。
  97.1s [4月9日（週五） 下午 5:00]   toast: Riverlight Goods 咖啡 今天沒開門：吧台沒人顧。去僱一位咖啡師（人員分頁），或自己站吧台。
  98.5s [4月9日（週五） 下午 7:00]   use "Sleep"
  99.3s [4月9日（週五） 下午 7:00]   click [Sleep] Sleep until 7:00 AM
 107.3s [4月10日（週六） 下午 5:00]   toast: Riverlight Goods 咖啡 今天沒開門：吧台沒人顧。去僱一位咖啡師（人員分頁），或自己站吧台。
 108.3s [4月10日（週六） 下午 7:00]   use "Sleep"
 109.1s [4月10日（週六） 下午 7:00]   click [Sleep] Sleep until 7:00 AM
 117.9s [4月11日（週日） 下午 7:00]   shot 07_decision_low_cash_warning.png
 117.9s [4月11日（週日） 下午 7:00]   decision low_cash_warning → reduce
 117.9s [4月11日（週日） 下午 7:00]   click [Choice_reduce] 縮減開支（暫停廣告、生活從簡）
 119.5s [4月11日（週日） 下午 7:00]   shot 08_decision_outcome_low_cash_warning.png
 119.5s [4月11日（週日） 下午 7:00]   click "OK"
 120.2s [4月11日（週日） 下午 7:00]   use "Sleep"
 120.9s [4月11日（週日） 下午 7:00]   click [Sleep] Sleep until 7:00 AM
 129.1s [4月12日（週一） 下午 5:00]   toast: Riverlight Goods 咖啡 今天沒開門：吧台沒人顧。去僱一位咖啡師（人員分頁），或自己站吧台。
 130.0s [4月12日（週一） 下午 7:00]   shot 09_decision_supplier_price_increase.png
 130.0s [4月12日（週一） 下午 7:00]   decision supplier_price_increase → accept
 130.0s [4月12日（週一） 下午 7:00]   click [Choice_accept] 好。繼續跟你進貨。
 131.4s [4月12日（週一） 下午 7:00]   shot 10_decision_outcome_supplier_price_increase.png
 131.4s [4月12日（週一） 下午 7:00]   click "OK"
 138.4s [4月12日（週一） 下午 7:10]   use "Sleep"
 139.2s [4月12日（週一） 下午 7:10]   click [Sleep] Sleep until 7:00 AM
 147.2s [4月13日（週二） 下午 5:00]   toast: Riverlight Goods 咖啡 今天沒開門：吧台沒人顧。去僱一位咖啡師（人員分頁），或自己站吧台。
 148.2s [4月13日（週二） 下午 7:00]   use "Sleep"
 149.0s [4月13日（週二） 下午 7:00]   click [Sleep] Sleep until 7:00 AM
 157.1s [4月14日（週三） 下午 5:00]   toast: Riverlight Goods 咖啡 今天沒開門：吧台沒人顧。去僱一位咖啡師（人員分頁），或自己站吧台。
 158.1s [4月14日（週三） 下午 7:00]   shot 11_decision_low_cash_warning.png
 158.1s [4月14日（週三） 下午 7:00]   decision low_cash_warning → reduce
 158.1s [4月14日（週三） 下午 7:00]   click [Choice_reduce] 縮減開支（暫停廣告、生活從簡）
 159.7s [4月14日（週三） 下午 7:00]   shot 12_decision_outcome_low_cash_warning.png
 159.7s [4月14日（週三） 下午 7:00]   click "OK"
 160.3s [4月14日（週三） 下午 7:00]   use "Sleep"
 161.1s [4月14日（週三） 下午 7:00]   click [Sleep] Sleep until 7:00 AM
 169.3s [4月15日（週四） 下午 5:00]   toast: Riverlight Goods 咖啡 今天沒開門：吧台沒人顧。去僱一位咖啡師（人員分頁），或自己站吧台。
 170.3s [4月15日（週四） 下午 7:00]   use "Sleep"
 171.0s [4月15日（週四） 下午 7:00]   click [Sleep] Sleep until 7:00 AM
 178.0s [4月16日（週五） 下午 1:20]   toast: Riverlight Goods 付不出債務了，你必須決定接下來怎麼做。
 179.5s [4月16日（週五） 下午 5:00]   toast: 薪水發不出來：現金不夠付 $1,350。公司欠團隊 $1,350。
 179.7s [4月16日（週五） 下午 5:00]   toast: Luis Novak 離職了。
 179.7s [4月16日（週五） 下午 5:00]   toast: Riverlight Goods 咖啡 今天沒開門：吧台沒人顧。去僱一位咖啡師（人員分頁），或自己站吧台。
 180.6s [4月16日（週五） 下午 7:00]   shot 13_actual_insolvency_choices.png
 180.6s [4月16日（週五） 下午 7:00]   click [Rescue] 拿出自己的 $10,844
 180.9s [4月16日（週五） 下午 7:00]   ok  actual founder savings resolve insolvency
 180.9s [4月16日（週五） 下午 7:00]   ok  rescue spends existing personal savings without invented capital
 180.9s [4月16日（週五） 下午 7:00]   ok  actual insolvency choice preserves balanced books
 181.1s [4月16日（週五） 下午 7:00]   use "Sleep"
 181.9s [4月16日（週五） 下午 7:00]   click [Sleep] Sleep until 7:00 AM
 190.0s [4月17日（週六） 下午 5:00]   toast: Riverlight Goods 咖啡 今天沒開門：吧台沒人顧。去僱一位咖啡師（人員分頁），或自己站吧台。
 197.4s [4月17日（週六） 下午 7:10]   use "Sleep"
 198.2s [4月17日（週六） 下午 7:10]   click [Sleep] Sleep until 7:00 AM
 207.1s [4月18日（週日） 下午 7:00]   use "Sleep"
 207.9s [4月18日（週日） 下午 7:00]   click [Sleep] Sleep until 7:00 AM
 216.0s [4月19日（週一） 下午 5:00]   toast: Riverlight Goods 咖啡 今天沒開門：吧台沒人顧。去僱一位咖啡師（人員分頁），或自己站吧台。
 217.1s [4月19日（週一） 下午 7:00]   use "Sleep"
 217.9s [4月19日（週一） 下午 7:00]   click [Sleep] Sleep until 7:00 AM
 225.9s [4月20日（週二） 下午 5:00]   toast: Riverlight Goods 咖啡 今天沒開門：吧台沒人顧。去僱一位咖啡師（人員分頁），或自己站吧台。
 226.9s [4月20日（週二） 下午 7:00]   use "Sleep"
 227.7s [4月20日（週二） 下午 7:00]   click [Sleep] Sleep until 7:00 AM
 235.8s [4月21日（週三） 下午 5:00]   toast: Riverlight Goods 咖啡 今天沒開門：吧台沒人顧。去僱一位咖啡師（人員分頁），或自己站吧台。
 236.7s [4月21日（週三） 下午 7:00]   use "Sleep"
 237.5s [4月21日（週三） 下午 7:00]   click [Sleep] Sleep until 7:00 AM
 245.5s [4月22日（週四） 下午 5:00]   toast: Riverlight Goods 咖啡 今天沒開門：吧台沒人顧。去僱一位咖啡師（人員分頁），或自己站吧台。
 252.9s [4月22日（週四） 下午 7:10]   use "Sleep"
 253.7s [4月22日（週四） 下午 7:10]   click [Sleep] Sleep until 7:00 AM
 261.6s [4月23日（週五） 下午 5:00]   toast: Riverlight Goods 咖啡 今天沒開門：吧台沒人顧。去僱一位咖啡師（人員分頁），或自己站吧台。
 262.6s [4月23日（週五） 下午 7:00]   use "Sleep"
 263.4s [4月23日（週五） 下午 7:00]   click [Sleep] Sleep until 7:00 AM
 271.4s [4月24日（週六） 下午 5:00]   toast: Riverlight Goods 咖啡 今天沒開門：吧台沒人顧。去僱一位咖啡師（人員分頁），或自己站吧台。
 272.4s [4月24日（週六） 下午 7:00]   use "Sleep"
 273.1s [4月24日（週六） 下午 7:00]   click [Sleep] Sleep until 7:00 AM
 282.2s [4月25日（週日） 下午 7:00]   use "Sleep"
 283.0s [4月25日（週日） 下午 7:00]   click [Sleep] Sleep until 7:00 AM
 290.9s [4月26日（週一） 下午 5:00]   toast: Riverlight Goods 咖啡 今天沒開門：吧台沒人顧。去僱一位咖啡師（人員分頁），或自己站吧台。
 291.9s [4月26日（週一） 下午 7:00]   use "Sleep"
 292.6s [4月26日（週一） 下午 7:00]   click [Sleep] Sleep until 7:00 AM
 300.7s [4月27日（週二） 下午 5:00]   toast: Riverlight Goods 咖啡 今天沒開門：吧台沒人顧。去僱一位咖啡師（人員分頁），或自己站吧台。
 308.1s [4月27日（週二） 下午 7:10]   use "Sleep"
 308.8s [4月27日（週二） 下午 7:10]   click [Sleep] Sleep until 7:00 AM
 316.8s [4月28日（週三） 下午 5:00]   toast: Riverlight Goods 咖啡 今天沒開門：吧台沒人顧。去僱一位咖啡師（人員分頁），或自己站吧台。
 317.8s [4月28日（週三） 下午 7:00]   use "Sleep"
 318.6s [4月28日（週三） 下午 7:00]   click [Sleep] Sleep until 7:00 AM
 326.5s [4月29日（週四） 下午 5:00]   toast: Riverlight Goods 咖啡 今天沒開門：吧台沒人顧。去僱一位咖啡師（人員分頁），或自己站吧台。
 327.5s [4月29日（週四） 下午 7:00]   use "Sleep"
 328.3s [4月29日（週四） 下午 7:00]   click [Sleep] Sleep until 7:00 AM
 336.5s [4月30日（週五） 下午 5:00]   toast: Riverlight Goods 咖啡 今天沒開門：吧台沒人顧。去僱一位咖啡師（人員分頁），或自己站吧台。
 337.5s [4月30日（週五） 下午 7:00]   use "Sleep"
 338.3s [4月30日（週五） 下午 7:00]   click [Sleep] Sleep until 7:00 AM
 345.4s [5月1日（週六） 上午 7:00]   shot 14_month_close_report.png
 345.4s [5月1日（週六） 上午 7:00]   click [month close] Continue
 348.5s [5月1日（週六） 下午 5:00]   toast: Riverlight Goods 咖啡 今天沒開門：吧台沒人顧。去僱一位咖啡師（人員分頁），或自己站吧台。
 349.5s [5月1日（週六） 下午 7:01]   use "Sleep"
 350.3s [5月1日（週六） 下午 7:01]   click [Sleep] Sleep until 7:00 AM
 356.8s [5月2日（週日） 上午 7:02]   use "Use laptop — Company OS"
 357.8s [5月2日（週日） 上午 7:03]   click [Tab_overview] Overview
 358.6s [5月2日（週日） 上午 7:05]   click [OpenLegacyStory] Consolidation and legacy
 358.8s [5月2日（週日） 上午 7:05]   shot 15_ch17_survival_review.png
 359.8s [5月2日（週日） 上午 7:05]   click [kai_interview] Accept Kai's interview
 360.9s [5月2日（週日） 上午 7:05]   shot 16_ch17_comparison.png
 360.9s [5月2日（週日） 上午 7:05]   info card: Compare consolidation routes
 361.0s [5月2日（週日） 上午 7:05]   shot 17_info_compare_consolidation_ro.png
 361.0s [5月2日（週日） 上午 7:05]   click "Close"
 361.3s [5月2日（週日） 上午 7:05]   ok  chapter17 complete or honestly unavailable
 361.3s [5月2日（週日） 上午 7:05] STEP Chapter18 — actual Maya dialogue, ending and every epilogue card
 361.3s [5月2日（週日） 上午 7:05]   click [meet_maya_legacy] Call Maya or meet at Bloom Coffee
 364.4s [5月2日（週日） 上午 7:05]   choose "› 我想繼續經營。"
 367.5s [5月2日（週日） 上午 7:05]   shot 18_ch18_ending_choices.png
 367.5s [5月2日（週日） 上午 7:05]   ok  actual legacy conversation completed
 368.5s [5月2日（週日） 上午 7:05]   click [LegacyChoice_independent] Keep building
 369.2s [5月2日（週日） 上午 7:05]   shot 19_ch18_independent_card_1.png
 370.4s [5月2日（週日） 上午 7:05]   click [legacy_next_card] Next card
 371.1s [5月2日（週日） 上午 7:05]   shot 20_ch18_independent_card_2.png
 372.1s [5月2日（週日） 上午 7:05]   click [legacy_next_card] Next card
 372.8s [5月2日（週日） 上午 7:05]   shot 21_ch18_independent_card_3.png
 373.8s [5月2日（週日） 上午 7:05]   click [legacy_next_card] Next card
 374.5s [5月2日（週日） 上午 7:05]   shot 22_ch18_independent_card_4.png
 375.4s [5月2日（週日） 上午 7:05]   click [legacy_next_card] Next card
 376.1s [5月2日（週日） 上午 7:05]   shot 23_ch18_independent_card_5.png
 377.1s [5月2日（週日） 上午 7:05]   click [legacy_next_card] Finish epilogue
 378.1s [5月2日（週日） 上午 7:05]   ok  all epilogue cards viewed: independent
 378.1s [5月2日（週日） 上午 7:05]   click [KeepThisLife] Keep living this life
 378.2s [5月2日（週日） 上午 7:05]   click [legacy_free_play] Return to free play
 378.6s [5月2日（週日） 上午 7:05]   ok  all chapter17–18 books balance
 378.6s [5月2日（週日） 上午 7:05] STEP Growth — three optional goals, achievements and actual timeline
 379.4s [5月2日（週日） 上午 7:05]   click [GrowthAcknowledge] Put the card in your timeline
 379.8s [5月2日（週日） 上午 7:05]   click [GrowthAcknowledge] Put the card in your timeline
 380.2s [5月2日（週日） 上午 7:05]   click [GrowthAcknowledge] Put the card in your timeline
 380.6s [5月2日（週日） 上午 7:05]   click [GrowthAcknowledge] Put the card in your timeline
 380.9s [5月2日（週日） 上午 7:05]   click [GrowthAcknowledge] Put the card in your timeline
 381.3s [5月2日（週日） 上午 7:05]   ok  at least three free-play goals
 381.4s [5月2日（週日） 上午 7:05]   shot 24_growth_three_goals.png
 381.4s [5月2日（週日） 上午 7:05]   click [GrowthTab_achievements] Achievements
 381.7s [5月2日（週日） 上午 7:05]   shot 25_growth_achievements.png
 381.7s [5月2日（週日） 上午 7:05]   click [GrowthTab_timeline] The journey so far
 382.3s [5月2日（週日） 上午 7:05]   shot 26_growth_timeline.png
 382.3s [5月2日（週日） 上午 7:05]   click [GrowthReturn] Back to playing
 382.8s [5月2日（週日） 上午 7:05]   click [PauseAchievements] Achievements
 383.7s [5月2日（週日） 上午 7:05]   ok  pause menu opens achievements
 383.7s [5月2日（週日） 上午 7:05]   shot 27_growth_pause_achievements.png
 383.7s [5月2日（週日） 上午 7:05]   ok  growth UI never changes financial books
 383.7s [5月2日（週日） 上午 7:05] STEP Save → reload → same state
 386.1s [5月2日（週日） 上午 7:06]   ok  cash restored after load
 386.1s [5月2日（週日） 上午 7:06]   ok  time restored after load
 386.1s [5月2日（週日） 上午 7:06]   ok  location restored (riverside_apartment)
 386.2s [5月2日（週日） 上午 7:06]   shot 28_after_load.png
 386.2s [5月2日（週日） 上午 7:06] STEP Summary
 386.2s [5月2日（週日） 上午 7:06]   business entity co_riverlight_goods cash $4,048.78 · personal $27,009.47 · orders delivered 3345 · chapters done ["ch1_arrival", "ch2_first_customer", "ch3_open_for_business", "ch4_growing_pains", "ch5_big_contract", "ch6_cash_is_oxygen", "ch7_supply_shock", "ch8_green_shift", "ch9_clearing_crisis", "ch10_digital_rails", "ch11_other_side_of_trust", "ch12_regulation_scale", "ch13_first_order_abroad", "ch14_customs", "ch15_currency_swing", "ch16_partner_overseas", "ch17_consolidation", "ch18_legacy"]
 386.2s [5月2日（週日） 上午 7:06]   ok  ledger balanced at the end
 386.3s [5月2日（週日） 上午 7:06]   ok  story objective completed: ch1_phone
 386.3s [5月2日（週日） 上午 7:06]   ok  story objective completed: ch1_outside
 386.3s [5月2日（週日） 上午 7:06]   ok  story objective completed: ch1_coffee
 386.3s [5月2日（週日） 上午 7:06]   ok  story objective completed: ch1_cowork
 386.3s [5月2日（週日） 上午 7:06]   ok  story objective completed: ch1_board
 386.3s [5月2日（週日） 上午 7:06]   ok  story objective completed: ch2_supplier
 386.3s [5月2日（週日） 上午 7:06]   ok  story objective completed: ch2_stock
 386.3s [5月2日（週日） 上午 7:06]   ok  story objective completed: ch2_listing
 386.3s [5月2日（週日） 上午 7:06]   ok  story objective completed: ch2_order
 386.5s [5月2日（週日） 上午 7:06]   ok  story objective completed: ch2_ship
 386.5s [5月2日（週日） 上午 7:06]   ok  story objective completed: ch2_first_dollar
 386.5s [5月2日（週日） 上午 7:06]   ok  story objective completed: ch2_issue
 386.5s [5月2日（週日） 上午 7:06]   ok  story objective completed: ch3_register
 386.5s [5月2日（週日） 上午 7:06]   ok  story objective completed: ch3_bank
 386.5s [5月2日（週日） 上午 7:06]   ok  story objective completed: ch3_workspace
 386.5s [5月2日（週日） 上午 7:06]   ok  story objective completed: ch3_os
 386.5s [5月2日（週日） 上午 7:06]   ok  story objective completed: ch4_employer
 386.5s [5月2日（週日） 上午 7:06]   ok  story objective completed: ch4_post
 386.5s [5月2日（週日） 上午 7:06]   ok  story objective completed: ch4_hire
 386.7s [5月2日（週日） 上午 7:06]   ok  story objective completed: ch4_payroll
 386.7s [5月2日（週日） 上午 7:06]   ok  story objective completed: ch4_forecast
 386.7s [5月2日（週日） 上午 7:06]   ok  story objective completed: ch5_meet
 386.7s [5月2日（週日） 上午 7:06]   ok  story objective completed: ch5_decide
 386.7s [5月2日（週日） 上午 7:06]   ok  story objective completed: ch5_stock
 386.7s [5月2日（週日） 上午 7:06]   ok  story objective completed: ch5_deliver
 386.7s [5月2日（週日） 上午 7:06]   ok  story objective completed: ch6_forecast
 386.7s [5月2日（週日） 上午 7:06]   ok  story objective completed: ch6_bridge
 386.7s [5月2日（週日） 上午 7:06]   ok  story objective completed: ch6_collect
 386.9s [5月2日（週日） 上午 7:06]   ok  story objective completed: ch6_close
 386.9s [5月2日（週日） 上午 7:06]   ok  story objective completed: ch7_news
 386.9s [5月2日（週日） 上午 7:06]   ok  story objective completed: ch7_ken
 386.9s [5月2日（週日） 上午 7:06]   ok  story objective completed: ch7_stock
 386.9s [5月2日（週日） 上午 7:06]   ok  story objective completed: ch7_price
 386.9s [5月2日（週日） 上午 7:06]   ok  story objective completed: ch7_close
 386.9s [5月2日（週日） 上午 7:06]   ok  story objective completed: ch8_news
 386.9s [5月2日（週日） 上午 7:06]   ok  story objective completed: ch8_pack
 386.9s [5月2日（週日） 上午 7:06]   ok  story objective completed: ch8_product
 387.1s [5月2日（週日） 上午 7:06]   ok  story objective completed: ch8_grant
 387.1s [5月2日（週日） 上午 7:06]   ok  story objective completed: ch9_news
 387.1s [5月2日（週日） 上午 7:06]   ok  story objective completed: ch9_import
 387.1s [5月2日（週日） 上午 7:06]   ok  story objective completed: ch9_lina
 387.1s [5月2日（週日） 上午 7:06]   ok  story objective completed: ch9_settle
 387.1s [5月2日（週日） 上午 7:06]   ok  story objective completed: ch9_arrive
 387.1s [5月2日（週日） 上午 7:06]   ok  story objective completed: ch10_news
 387.1s [5月2日（週日） 上午 7:06]   ok  story objective completed: ch10_lina
 387.1s [5月2日（週日） 上午 7:06]   ok  story objective completed: ch10_import
 387.1s [5月2日（週日） 上午 7:06]   ok  story objective completed: ch10_arrive
 387.3s [5月2日（週日） 上午 7:06]   ok  story objective completed: ch11_news
 387.3s [5月2日（週日） 上午 7:06]   ok  story objective completed: ch11_order
 387.3s [5月2日（週日） 上午 7:06]   ok  story objective completed: ch11_freeze
 387.3s [5月2日（週日） 上午 7:06]   ok  story objective completed: ch11_restock
 387.3s [5月2日（週日） 上午 7:06]   ok  story objective completed: ch12_news
 387.3s [5月2日（週日） 上午 7:06]   ok  story objective completed: ch12_licence
 387.3s [5月2日（週日） 上午 7:06]   ok  story objective completed: ch12_kyc
 387.3s [5月2日（週日） 上午 7:06]   ok  story objective completed: ch12_offer
 387.3s [5月2日（週日） 上午 7:06]   ok  story objective completed: ch13_news
 387.3s [5月2日（週日） 上午 7:06]   ok  story objective completed: ch13_bank
 387.5s [5月2日（週日） 上午 7:06]   ok  story objective completed: ch13_listing
 387.5s [5月2日（週日） 上午 7:06]   ok  story objective completed: ch13_ship
 387.5s [5月2日（週日） 上午 7:06]   ok  story objective completed: ch13_convert
 387.5s [5月2日（週日） 上午 7:06]   ok  story objective completed: ch14_ines
 387.5s [5月2日（週日） 上午 7:06]   ok  story objective completed: ch14_policy
 387.5s [5月2日（週日） 上午 7:06]   ok  story objective completed: ch14_code
 387.5s [5月2日（週日） 上午 7:06]   ok  story objective completed: ch14_trial
 387.5s [5月2日（週日） 上午 7:06]   ok  story objective completed: ch15_news
 387.5s [5月2日（週日） 上午 7:06]   ok  story objective completed: ch15_marcus
 387.5s [5月2日（週日） 上午 7:06]   ok  story objective completed: ch15_response
 387.7s [5月2日（週日） 上午 7:06]   ok  story objective completed: ch15_month
 387.7s [5月2日（週日） 上午 7:06]   ok  story objective completed: ch16_omar
 387.7s [5月2日（週日） 上午 7:06]   ok  story objective completed: ch16_channel
 387.7s [5月2日（週日） 上午 7:06]   ok  story objective completed: ch16_income
 387.7s [5月2日（週日） 上午 7:06]   ok  story objective completed: ch17_news
 387.7s [5月2日（週日） 上午 7:06]   ok  story objective completed: ch17_response
 387.7s [5月2日（週日） 上午 7:06]   ok  story objective completed: ch17_survive
 387.7s [5月2日（週日） 上午 7:06]   ok  story objective completed: ch17_interview
 387.7s [5月2日（週日） 上午 7:06]   ok  story objective completed: ch18_maya
 387.7s [5月2日（週日） 上午 7:06]   ok  story objective completed: ch18_choice
 387.9s [5月2日（週日） 上午 7:06]   ok  story objective completed: ch18_cards
 388.0s [6月1日（週日） 下午 2:00] STEP (harness) skip to Chapter 10
 389.3s [6月1日（週日） 下午 2:02] STEP Industrial — factory lease, machine, technician and first OEM invoice
 393.6s [6月1日（週日） 下午 2:08]   ok  walked back outside
 407.6s [6月1日（週日） 下午 2:29]   use "捷運——河濱區站"
 408.5s [6月1日（週日） 下午 2:31]   shot 29_metro_industrial.png
 408.5s [6月1日（週日） 下午 2:31]   click [Go_industrial] 工業區  ·  14 分鐘
 409.6s [6月1日（週日） 下午 2:46]   ok  took the Metro to Industrial
 409.7s [6月1日（週日） 下午 2:46]   shot 30_industrial_day.png
 421.4s [6月1日（週日） 下午 3:04]   ok  entered Unit 12 Light Industrial
 424.4s [6月1日（週日） 下午 3:08]   use "Lease Unit 12"
 424.5s [6月1日（週日） 下午 3:09]   click [SignLease_unit12_factory] Sign the lease
 425.0s [6月1日（週日） 下午 3:09]   ok  factory lease signed with actual company funds
 425.2s [6月1日（週日） 下午 3:09]   shot 31_factory_interior.png
 426.0s [6月1日（週日） 下午 3:11]   use "Open Line Planner"
 426.1s [6月1日（週日） 下午 3:11]   click [OpenFactory] Open the factory
 426.2s [6月1日（週日） 下午 3:11]   click [RentMachine] Rent machine · $1,400/month
 426.4s [6月1日（週日） 下午 3:11]   click [HireTomas] Hire Tomas · $1,100/week
 426.5s [6月1日（週日） 下午 3:12]   ok  hired a production technician
 426.5s [6月1日（週日） 下午 3:12]   click [Quote_RFQ-1] Send quote
 426.7s [6月1日（週日） 下午 3:12]   ok  OEM quote became a Jobs contract with deposit
 426.7s [6月1日（週日） 下午 3:12]   click [MaterialMore] +100 units
 426.8s [6月1日（週日） 下午 3:12]   click [MaterialMore] +100 units
 427.0s [6月1日（週日） 下午 3:12]   click [MaterialMore] +100 units
 427.1s [6月1日（週日） 下午 3:12]   click [MaterialMore] +100 units
 427.3s [6月1日（週日） 下午 3:13]   click [MaterialMore] +100 units
 427.4s [6月1日（週日） 下午 3:13]   click [MaterialMore] +100 units
 427.6s [6月1日（週日） 下午 3:13]   click [MaterialMore] +100 units
 427.7s [6月1日（週日） 下午 3:13]   click [MaterialMore] +100 units
 427.9s [6月1日（週日） 下午 3:14]   click [MaterialMore] +100 units
 428.0s [6月1日（週日） 下午 3:14]   click [MaterialMore] +100 units
 428.2s [6月1日（週日） 下午 3:14]   click [BuyMaterials] Order Ferro materials
 429.0s [6月3日（週二） 下午 3:15]   use "Open Line Planner"
 429.1s [6月3日（週二） 下午 3:15]   click [Select_JOB-1] Schedule this order
 429.2s [6月3日（週二） 下午 3:16]   click [FactoryOvertime] ✗ 加班 · 工資 ×1.5、良率降低 2 個百分點
 429.4s [6月3日（週二） 下午 3:16]   click [More_hours] +
 429.5s [6月3日（週二） 下午 3:16]   click [More_hours] +
 430.4s [6月3日（週二） 下午 3:16]   click [More_hours] +
 430.5s [6月3日（週二） 下午 3:17]   click [More_hours] +
 430.7s [6月3日（週二） 下午 3:17]   click [More_hours] +
 430.8s [6月3日（週二） 下午 3:17]   click [More_hours] +
 431.0s [6月3日（週二） 下午 3:17]   click [More_hours] +
 431.1s [6月3日（週二） 下午 3:18]   click [More_hours] +
 431.3s [6月3日（週二） 下午 3:18]   shot 32_line_planner.png
 431.3s [6月3日（週二） 下午 3:18]   click [ReserveSlot] Reserve production slot
 432.1s [6月5日（週四） 上午 1:00]   use "Open Line Planner"
 432.2s [6月5日（週四） 上午 1:00]   click [Deliver_JOB-1] Deliver and invoice
 432.3s [6月5日（週四） 上午 1:00]   ok  first factory revenue has a completed traceable order
 432.4s [6月5日（週四） 上午 1:00]   click [FactoryTab_quality] Quality results
 432.5s [6月5日（週四） 上午 1:01]   shot 33_factory_quality.png
 432.5s [6月5日（週四） 上午 1:01]   ok  OEM material, overtime, invoice and return journals balanced
 437.2s [6月5日（週四） 上午 1:09]   ok  walked back outside
 437.4s [6月5日（週四） 下午 9:00]   shot 34_industrial_night.png
 437.7s [6月5日（週四） 下午 9:00]   shot 35_decision_manufacturing_recall.png
 437.7s [6月5日（週四） 下午 9:00]   decision manufacturing_recall → recall
 437.7s [6月5日（週四） 下午 9:00]   click [Choice_recall] 為受影響批次退款
 439.1s [6月5日（週四） 下午 9:00]   shot 36_decision_outcome_manufacturing_recall.png
 439.1s [6月5日（週四） 下午 9:00]   click "OK"
 449.8s [6月5日（週四） 下午 9:15]   use "捷運——工業區站"
 450.7s [6月5日（週四） 下午 9:17]   shot 37_metro_riverside.png
 450.7s [6月5日（週四） 下午 9:17]   click [Go_riverside] 河濱區  ·  14 分鐘
 451.7s [6月5日（週四） 下午 9:32]   ok  took the Metro to Riverside
 460.9s [6月5日（週四） 下午 9:46]   ok  entered Riverside Tower
 460.9s [6月5日（週四） 下午 9:46] STEP Save → reload → same state
 461.8s [6月5日（週四） 下午 9:48]   ok  cash restored after load
 461.8s [6月5日（週四） 下午 9:48]   ok  time restored after load
 461.8s [6月5日（週四） 下午 9:48]   ok  location restored (riverside_apartment)
 462.0s [6月5日（週四） 下午 9:48]   shot 38_after_load.png
 462.1s [6月1日（週日） 下午 2:00] STEP (harness) skip to Chapter 10
 463.6s [6月1日（週日） 下午 2:02] STEP Residential — licence, brokerage office, client match and first commission
 467.0s [6月3日（週二） 上午 10:06]   ok  walked back outside
 480.9s [6月3日（週二） 上午 10:27]   use "捷運——河濱區站"
 481.9s [6月3日（週二） 上午 10:29]   shot 39_metro_civic_center.png
 481.9s [6月3日（週二） 上午 10:29]   click [Go_civic_center] 市政中心  ·  12 分鐘
 482.9s [6月3日（週二） 上午 10:42]   ok  took the Metro to Civic Center
 490.0s [6月3日（週二） 上午 10:53]   ok  entered Aurelia City Hall
 491.8s [6月3日（週二） 上午 10:55]   use "Permits & regulations"
 491.9s [6月3日（週二） 上午 10:56]   click [PropertyPermits] Property permits
 492.0s [6月3日（週二） 上午 10:56]   click [ApplyRealtyPermit_brokerage] 申請：$250.00 · 3 天
 493.0s [6月6日（週五） 上午 10:57]   ok  brokerage licence followed City Hall fee and three-day process
 496.0s [6月6日（週五） 上午 11:03]   ok  walked back outside
 501.6s [6月6日（週五） 上午 11:11]   use "捷運——市政中心站"
 502.6s [6月6日（週五） 上午 11:13]   shot 40_metro_residential.png
 502.6s [6月6日（週五） 上午 11:13]   click [Go_residential] 住宅區  ·  32 分鐘
 503.6s [6月6日（週五） 上午 11:46]   ok  took the Metro to Residential
 503.6s [6月6日（週五） 上午 11:46]   shot 41_residential_day.png
 508.9s [6月6日（週五） 上午 11:54]   ok  entered Harlow & Finch Realty
 509.2s [6月6日（週五） 上午 11:55]   use "Lease the brokerage office"
 509.3s [6月6日（週五） 上午 11:55]   click [SignLease_realty_office] Sign the lease
 510.6s [6月6日（週五） 上午 11:57]   use "Open Matchmaker"
 510.7s [6月6日（週五） 上午 11:57]   click [OpenBrokerage] Open the brokerage
 510.9s [6月6日（週五） 上午 11:57]   shot 42_matchmaker.png
 511.4s [6月6日（週五） 上午 11:58]   use "Open Matchmaker"
 511.5s [6月6日（週五） 上午 11:58]   click [Mandate_M-1] 選擇物件
 511.7s [6月6日（週五） 上午 11:58]   click [Client_C-4] 選擇客戶
 511.8s [6月6日（週五） 上午 11:59]   click [Negotiate_soft] 柔性議價
 512.0s [6月6日（週五） 上午 11:59]   click [ArrangeViewing] 安排帶看：$180.00 · 90 分鐘
 512.8s [6月6日（週五） 下午 1:30]   use "Open Matchmaker"
 512.9s [6月6日（週五） 下午 1:30]   click [Mandate_M-2] 選擇物件
 513.0s [6月6日（週五） 下午 1:30]   click [Client_C-3] 選擇客戶
 513.2s [6月6日（週五） 下午 1:31]   click [Negotiate_soft] 柔性議價
 513.3s [6月6日（週五） 下午 1:31]   click [ArrangeViewing] 安排帶看：$180.00 · 90 分鐘
 514.1s [6月6日（週五） 下午 3:02]   use "Open Matchmaker"
 514.2s [6月6日（週五） 下午 3:02]   click [Mandate_M-2] 選擇物件
 514.4s [6月6日（週五） 下午 3:02]   click [Client_C-5] 選擇客戶
 514.5s [6月6日（週五） 下午 3:03]   click [Negotiate_soft] 柔性議價
 514.7s [6月6日（週五） 下午 3:03]   click [ArrangeViewing] 安排帶看：$180.00 · 90 分鐘
 515.6s [6月13日（週五） 下午 4:34]   shot 43_decision_real_estate_arrears.png
 515.6s [6月13日（週五） 下午 4:34]   decision real_estate_arrears → respond
 515.6s [6月13日（週五） 下午 4:34]   click [Choice_respond] 檢視物件並處理
 517.0s [6月13日（週五） 下午 4:34]   shot 44_decision_outcome_real_estate_arrears.png
 517.0s [6月13日（週五） 下午 4:34]   click "OK"
 517.7s [6月13日（週五） 下午 4:35]   use "Open Matchmaker"
 517.8s [6月13日（週五） 下午 4:35]   click [Mandate_M-7] 選擇物件
 517.9s [6月13日（週五） 下午 4:35]   click [Client_C-8] 選擇客戶
 518.1s [6月13日（週五） 下午 4:35]   click [Negotiate_soft] 柔性議價
 518.2s [6月13日（週五） 下午 4:35]   click [ArrangeViewing] 安排帶看：$180.00 · 90 分鐘
 519.0s [6月13日（週五） 下午 6:07]   use "Open Matchmaker"
 519.1s [6月13日（週五） 下午 6:07]   click [Mandate_M-7] 選擇物件
 519.3s [6月13日（週五） 下午 6:07]   click [Client_C-10] 選擇客戶
 519.4s [6月13日（週五） 下午 6:07]   click [Negotiate_soft] 柔性議價
 519.6s [6月13日（週五） 下午 6:07]   click [ArrangeViewing] 安排帶看：$180.00 · 90 分鐘
 520.2s [6月13日（週五） 下午 7:38]   ok  first brokerage income from a real client deal
 520.2s [6月13日（週五） 下午 7:38]   ok  viewing and commission ledger balanced
 520.4s [6月13日（週五） 下午 7:39]   use "Open Matchmaker"
 520.5s [6月13日（週五） 下午 7:39]   click [RealtyTab_properties] Properties
 520.6s [6月13日（週五） 下午 7:39]   shot 45_property_management.png
 523.2s [6月13日（週五） 下午 7:44]   ok  walked back outside
 527.0s [6月13日（週五） 下午 7:49]   use "捷運——住宅區站"
 528.0s [6月13日（週五） 下午 7:51]   shot 46_metro_riverside.png
 528.0s [6月13日（週五） 下午 7:51]   click [Go_riverside] 河濱區  ·  19 分鐘
 529.0s [6月13日（週五） 下午 8:11]   ok  took the Metro to Riverside
 538.1s [6月13日（週五） 下午 8:25]   ok  entered Riverside Tower
 538.1s [6月13日（週五） 下午 8:25] STEP Save → reload → same state
 539.0s [6月13日（週五） 下午 8:27]   ok  cash restored after load
 539.0s [6月13日（週五） 下午 8:27]   ok  time restored after load
 539.0s [6月13日（週五） 下午 8:27]   ok  location restored (riverside_apartment)
 539.2s [6月13日（週五） 下午 8:27]   shot 47_after_load.png
 539.3s [6月1日（週日） 下午 2:00] STEP (harness) skip to Chapter 10
 540.8s [6月1日（週日） 下午 2:02] STEP University — lease studio, creative pitch, media mix and first client invoice
 544.2s [6月1日（週日） 下午 2:08]   ok  walked back outside
 558.2s [6月1日（週日） 下午 2:29]   use "捷運——河濱區站"
 559.2s [6月1日（週日） 下午 2:31]   shot 48_metro_university.png
 559.2s [6月1日（週日） 下午 2:31]   click [Go_university] 大學城  ·  13 分鐘
 560.2s [6月1日（週日） 下午 2:45]   ok  took the Metro to University
 560.2s [6月1日（週日） 下午 2:45]   shot 49_university_day.png
 568.1s [6月1日（週日） 下午 2:57]   ok  entered The Loft
 568.4s [6月1日（週日） 下午 2:58]   use "Lease The Loft studio"
 568.5s [6月1日（週日） 下午 2:58]   click [SignLease_loft_office] Sign the lease
 569.8s [6月1日（週日） 下午 3:00]   use "Open Campaign Mixer"
 569.9s [6月1日（週日） 下午 3:00]   click [OpenAgency] Open the campaign studio
 570.7s [6月1日（週日） 下午 3:01]   use "Open Campaign Mixer"
 570.8s [6月1日（週日） 下午 3:01]   click [CreativePitch_JOB-1] Build Creative Pitch
 571.3s [6月1日（週日） 下午 3:01]   click [StartGame] Start
 571.4s [6月1日（週日） 下午 3:01]   click [CreativeCard_slogan_2] Care for every home
 571.5s [6月1日（週日） 下午 3:01]   click [CreativeCard_visual_3] Minimal luxury
 571.6s [6月1日（週日） 下午 3:01]   click [CreativeCard_tone_2] Reassuring
 571.8s [6月1日（週日） 下午 3:01]   shot 50_creative_pitch_result.png
 571.8s [6月1日（週日） 下午 3:01]   click [FinishGame] Continue
 571.8s [6月1日（週日） 下午 5:01]   click [Propose_JOB-1] 提出提案 · $280 · 180 分鐘
 572.6s [6月1日（週日） 下午 8:02]   use "Open Campaign Mixer"
 572.7s [6月1日（週日） 下午 8:02]   click [CreativePitch_JOB-2] Build Creative Pitch
 573.2s [6月1日（週日） 下午 8:02]   click [StartGame] Start
 573.3s [6月1日（週日） 下午 8:02]   click [CreativeCard_slogan_1] Make work easier
 573.4s [6月1日（週日） 下午 8:02]   click [CreativeCard_visual_3] Minimal luxury
 573.5s [6月1日（週日） 下午 8:02]   click [CreativeCard_tone_3] Refined
 573.7s [6月1日（週日） 下午 8:02]   shot 51_creative_pitch_result.png
 573.7s [6月1日（週日） 下午 8:02]   click [FinishGame] Continue
 573.7s [6月1日（週日） 下午 10:02]   click [Propose_JOB-2] 提出提案 · $280 · 180 分鐘
 574.3s [6月2日（週一） 上午 1:02]   ok  actual creative cards and proposal win a client job
 574.5s [6月2日（週一） 上午 1:03]   use "Open Campaign Mixer"
 574.6s [6月2日（週一） 上午 1:03]   click [MediaTab_mixer] Media mix
 574.7s [6月2日（週一） 上午 1:03]   click [SelectCampaign_JOB-2] Finch Families
 574.8s [6月2日（週一） 上午 1:03]   click [MixMore_radio] +
 575.0s [6月2日（週一） 上午 1:03]   shot 52_campaign_mixer.png
 575.9s [6月16日（週一） 上午 1:04]   ok  daily campaign finishes actual client work
 575.9s [6月16日（週一） 上午 1:04]   ok  first agency income is a traceable Jobs invoice
 575.9s [6月16日（週一） 上午 1:04]   ok  campaign costs and invoice balance
 576.1s [6月16日（週一） 上午 1:05]   use "Open Campaign Mixer"
 576.2s [6月16日（週一） 上午 1:05]   click [MediaTab_reports] Campaign reports
 576.4s [6月16日（週一） 上午 1:05]   shot 53_campaign_report.png
 579.0s [6月16日（週一） 上午 1:10]   ok  walked back outside
 585.4s [6月16日（週一） 上午 1:20]   use "捷運——大學區站"
 586.4s [6月16日（週一） 上午 1:21]   shot 54_metro_riverside.png
 586.4s [6月16日（週一） 上午 1:21]   click [Go_riverside] 河濱區  ·  13 分鐘
 587.4s [6月16日（週一） 上午 1:36]   ok  took the Metro to Riverside
 596.5s [6月16日（週一） 上午 1:49]   ok  entered Riverside Tower
 596.5s [6月16日（週一） 上午 1:49] STEP Save → reload → same state
 597.5s [6月16日（週一） 上午 1:51]   ok  cash restored after load
 597.5s [6月16日（週一） 上午 1:51]   ok  time restored after load
 597.5s [6月16日（週一） 上午 1:51]   ok  location restored (riverside_apartment)
 597.7s [6月16日（週一） 上午 1:51]   shot 55_after_load.png
 597.8s [6月1日（週日） 下午 2:00] STEP (harness) skip to Chapter 10
 599.2s [6月1日（週日） 下午 2:02] STEP Luxury Heights — take over the Aster Inn, set the Rate Board, staff up and sell the first nights
 602.7s [6月1日（週日） 下午 2:08]   ok  walked back outside
 616.6s [6月1日（週日） 下午 2:29]   use "捷運——河濱區站"
 617.6s [6月1日（週日） 下午 2:31]   shot 56_metro_luxury_heights.png
 617.6s [6月1日（週日） 下午 2:31]   click [Go_luxury_heights] 豪景高地  ·  18 分鐘
 618.6s [6月1日（週日） 下午 2:50]   ok  took the Metro to Luxury Heights
 618.7s [6月1日（週日） 下午 2:50]   shot 57_luxury_heights_day.png
 630.6s [6月1日（週日） 下午 3:08]   ok  entered The Aster
 631.4s [6月1日（週日） 下午 3:09]   use "Open the Rate Board"
 631.5s [6月1日（週日） 下午 3:09]   click [TakeoverAster] 頂下 Aster 小旅館 · $150,000
 631.7s [6月1日（週日） 下午 3:10]   ok  actual takeover opens the 12-room Aster Inn
 631.7s [6月1日（週日） 下午 3:10]   shot 58_rate_board.png
 631.7s [6月1日（週日） 下午 3:10]   click [Price_standard_10] +$10
 631.9s [6月1日（週日） 下午 3:10]   click [BoardNextOps] Next: daily operations
 632.1s [6月1日（週日） 下午 3:10]   shot 59_hotel_operations.png
 633.0s [6月13日（週五） 下午 9:11]   shot 60_decision_hotel_event_cancelled.png
 633.0s [6月13日（週五） 下午 9:11]   decision hotel_event_cancelled → promo
 633.0s [6月13日（週五） 下午 9:11]   click [Choice_promo] 推出 $1,200 的限時特賣
 634.3s [6月13日（週五） 下午 9:11]   shot 61_decision_outcome_hotel_event_cancelled.png
 634.3s [6月13日（週五） 下午 9:11]   click "OK"
 634.9s [6月13日（週五） 下午 9:11]   ok  night audits sell rooms and book room revenue
 634.9s [6月13日（週五） 下午 9:11]   ok  hotel books balance
 635.0s [6月13日（週五） 下午 9:11]   use "Open the Rate Board"
 635.2s [6月13日（週五） 下午 9:12]   click [HotelTab_reviews] Guest reviews
 635.3s [6月13日（週五） 下午 9:12]   shot 62_guest_reviews.png
 635.3s [6月1日（週日） 下午 2:00] STEP (harness) skip to Chapter 10
 636.7s [6月1日（週日） 下午 2:02] STEP Industrial - lease warehouse, Roof Survey, subsidy, install and first solar invoice
 640.2s [6月1日（週日） 下午 2:08]   ok  walked back outside
 654.1s [6月1日（週日） 下午 2:29]   use "捷運——河濱區站"
 655.1s [6月1日（週日） 下午 2:30]   shot 63_metro_industrial.png
 655.1s [6月1日（週日） 下午 2:30]   click [Go_industrial] 工業區  ·  14 分鐘
 656.1s [6月1日（週日） 下午 2:46]   ok  took the Metro to Industrial
 656.2s [6月1日（週日） 下午 2:46]   shot 64_industrial_energy_day.png
 661.5s [6月1日（週日） 下午 2:54]   ok  entered Helio Warehouse Office
 664.6s [6月1日（週日） 下午 2:59]   use "Lease the Helio warehouse office"
 664.7s [6月1日（週日） 下午 2:59]   click [SignLease_helio_warehouse] Sign the lease
 666.2s [6月1日（週日） 下午 3:01]   use "Open Energy Console"
 666.3s [6月1日（週日） 下午 3:01]   click [OpenEnergy] 開辦太陽能事業
 667.0s [6月1日（週日） 下午 3:02]   use "Open Energy Console"
 667.1s [6月1日（週日） 下午 3:03]   click [Survey_ROOF-1] 勘查這個屋頂
 667.3s [6月1日（週日） 下午 3:03]   click [AutoLayout] 自動擺放最佳位置
 667.5s [6月1日（週日） 下午 3:03]   shot 65_roof_survey.png
 667.5s [6月1日（週日） 下午 3:03]   click [SendQuote] 送出報價 · $15,632
 668.0s [6月1日（週日） 下午 3:49]   ok  actual Roof Survey quote wins a client job
 668.2s [6月1日（週日） 下午 3:49]   use "Open Energy Console"
 668.3s [6月1日（週日） 下午 3:49]   click [EnergyTab_installs] Installs & warranty
 668.4s [6月1日（週日） 下午 3:49]   click [StartInstall_JOB-1] 訂購材料並開工 · $11,880
 671.5s [7月1日（週二） 下午 3:51]   shot 66_month_close_report.png
 671.5s [7月1日（週二） 下午 3:51]   click [month close] Continue
 672.2s [7月1日（週二） 下午 3:51]   shot 67_decision_energy_shortage.png
 672.3s [7月1日（週二） 下午 3:51]   decision energy_shortage → premium
 672.3s [7月1日（週二） 下午 3:51]   click [Choice_premium] 付 Helio 優先配額費
 673.7s [7月1日（週二） 下午 3:51]   shot 68_decision_outcome_energy_shortage.png
 673.7s [7月1日（週二） 下午 3:51]   click "OK"
 674.2s [7月1日（週二） 下午 3:51]   ok  crew-days finish the install
 674.2s [7月1日（週二） 下午 3:51]   ok  first solar income is a traceable Jobs invoice
 674.2s [7月1日（週二） 下午 3:51]   ok  materials, install and invoice balance
 674.4s [7月1日（週二） 下午 3:51]   use "Open Energy Console"
 674.5s [7月1日（週二） 下午 3:52]   click [EnergyTab_installs] Installs & warranty
 674.6s [7月1日（週二） 下午 3:52]   shot 69_energy_installs.png
 679.4s [7月1日（週二） 下午 4:00]   ok  walked back outside
 683.4s [7月1日（週二） 下午 4:06]   use "捷運——工業區站"
 684.3s [7月1日（週二） 下午 4:07]   shot 70_metro_riverside.png
 684.3s [7月1日（週二） 下午 4:07]   click [Go_riverside] 河濱區  ·  14 分鐘
 685.4s [7月1日（週二） 下午 4:23]   ok  took the Metro to Riverside
 694.5s [7月1日（週二） 下午 4:37]   ok  entered Riverside Tower
 694.5s [6月1日（週日） 下午 2:00] STEP (harness) skip to Chapter 10
 695.9s [6月1日（週日） 下午 2:02] STEP Airport - open the auto desk, win a Wednesday auction car, recondition, list and sell it
 699.4s [6月1日（週日） 下午 2:08]   ok  walked back outside
 713.3s [6月1日（週日） 下午 2:29]   use "捷運——河濱區站"
 714.3s [6月1日（週日） 下午 2:30]   shot 71_metro_airport.png
 714.3s [6月1日（週日） 下午 2:30]   click [Go_airport] 國際機場  ·  24 分鐘
 715.3s [6月1日（週日） 下午 2:56]   ok  took the Metro to Airport
 715.4s [6月1日（週日） 下午 2:56]   shot 72_airport_day.png
 724.4s [6月1日（週日） 下午 3:09]   ok  entered Gateway Car Rental
 725.3s [6月1日（週日） 下午 3:11]   use "Open the fleet desk"
 725.4s [6月1日（週日） 下午 3:11]   click [OpenAutoDesk] 開設汽車櫃台 · 執照費 $400
 725.7s [6月1日（週日） 下午 3:11]   ok  actual licence opens the auto desk
 725.8s [6月4日（週三） 上午 10:00]   shot 73_auction_lots.png
 726.4s [6月25日（週三） 上午 10:00]   ok  auto books balance
 726.4s [6月25日（週三） 上午 10:00] STEP Save → reload → same state
 727.3s [6月25日（週三） 上午 10:02]   ok  cash restored after load
 727.3s [6月25日（週三） 上午 10:02]   ok  time restored after load
 727.3s [6月25日（週三） 上午 10:02]   ok  location restored (gateway_car_rental)
 727.3s [6月25日（週三） 上午 10:02]   shot 74_after_load.png
 727.3s [6月25日（週三） 上午 10:02] BOT FINISHED — 0 failure(s) · 727.3s real
 727.3s [6月25日（週三） 上午 10:02] English audit: 30 on-screen text(s) with untranslated words
