Godot Engine v4.5.1.stable.official.f62fdbde1 - https://godotengine.org
OpenGL API 3.3.0 NVIDIA 462.59 - Compatibility - Using Device: NVIDIA - Quadro RTX 4000

   0.0s STEP Main menu → New Game
   0.6s   shot 01_main_menu.png
   0.6s   click [NewGame] New Game
   1.9s STEP Character Creator
   2.0s   shot 02_creator_default.png
   2.0s   click [Tab_hair] Hair
   2.1s   click [Next_hair] ▶
   2.5s   click [Tab_face] Face
   2.6s   click [Next_face] ▶
   2.7s   click [Next_eye_shape] ▶
   2.8s   click [Tab_body] Body
   2.9s   click [Next_presentation] ▶
   3.5s   shot 03_creator_customised.png
   3.5s   click [Tab_outfit] Outfit
   3.6s   click "Startup Casual"
   4.2s   ok  appearance changed from default (short_neat)
   4.3s   shot 04_creator_final.png
   4.3s   click [Start] Start in Aurelia  →
   4.3s [6月1日（週日） 下午 2:00] STEP Arrival sequence
   7.0s [6月1日（週日） 下午 2:00]   shot 05_arrival_train.png
  10.6s [6月1日（週日） 下午 2:00]   shot 06_arrival_phone.png
  15.7s [6月1日（週日） 下午 2:01]   ok  spawned in the Riverside apartment
  15.7s [6月1日（週日） 下午 2:01]   ok  starting cash $30,000
  15.7s [6月1日（週日） 下午 2:01]   ok  name saved
  17.5s [6月1日（週日） 下午 2:03]   shot 07_apartment_arrival.png
  21.2s [6月1日（週日） 下午 2:09] STEP Weekend pop-up: real stock, checkout, automatic return and report
  22.6s [6月1日（週日） 下午 2:11]   use "Reserve a weekend pop-up"
  23.1s [6月1日（週日） 下午 2:11]   shot 08_popup_weekend_reservation.png
  24.0s [6月1日（週日） 下午 2:11]   click [SignPopup] Reserve this weekend
  24.7s [6月1日（週日） 下午 2:11]   ok  real notice reserved weekend
  24.7s [6月1日（週日） 下午 2:11]   ok  fifty available units for pop-up
  25.7s [6月1日（週日） 下午 2:11]   click [PopupStock_water_bottle] Move selected stock
  26.4s [6月1日（週日） 下午 3:11]   ok  fifty units physically transferred
  26.4s [6月1日（週日） 下午 3:11]   shot 09_popup_stock_and_unit_price.png
  28.0s [6月7日（週六） 上午 10:02]   shot 10_popup_open_shop_and_customer.png
  28.4s [6月7日（週六） 上午 10:03]   use "Reserve a weekend pop-up"
  29.9s [6月7日（週六） 上午 10:03]   click [PopupTill] Work checkout for one hour
  30.5s [6月7日（週六） 上午 11:03]   ok  one-hour checkout actual sales
  31.8s [6月8日（週日） 下午 6:00]   shot 11_popup_weekend_report.png
  31.8s [6月8日（週日） 下午 6:00]   ok  weekend settles automatically
  31.8s [6月8日（週日） 下午 6:00]   ok  pop-up all journals balanced
  31.8s [6月8日（週日） 下午 6:00]   ok  played pop-up save
  34.8s [6月8日（週日） 下午 6:04]   ok  walked back outside
  45.4s [6月8日（週日） 下午 6:20]   use "捷運——購物街站"
  46.4s [6月8日（週日） 下午 6:21]   shot 12_metro_riverside.png
  46.4s [6月8日（週日） 下午 6:21]   click [Go_riverside] 河濱區  ·  15 分鐘
  47.7s [6月8日（週日） 下午 6:38]   ok  took the Metro to Riverside
  56.8s [6月8日（週日） 下午 6:51]   ok  entered Riverside Tower
  56.8s [6月8日（週日） 下午 6:51]   ok  pop-up handoff returns to the home bed
  56.8s [6月8日（週日） 下午 6:51] BOT FINISHED — 0 failure(s) · 56.8s real
  56.8s [6月8日（週日） 下午 6:51] English audit: 3 on-screen text(s) with untranslated words
