   0.0s STEP Main menu → New Game
   0.7s   shot 01_main_menu.png
   0.9s   click [NewGame] New Game
   2.2s STEP Character Creator
   2.3s   shot 02_creator_default.png
   2.3s   click [Tab_hair] Hair
   2.4s   click [Next_hair] ▶
   2.8s   click [Tab_face] Face
   2.9s   click [Next_face] ▶
   3.0s   click [Next_eye_shape] ▶
   3.1s   click [Tab_body] Body
   3.2s   click [Next_presentation] ▶
   3.8s   shot 03_creator_customised.png
   3.8s   click [Tab_outfit] Outfit
   3.9s   click "Startup Casual"
   4.5s   ok  appearance changed from default (short_neat)
   4.6s   shot 04_creator_final.png
   4.6s   click [Start] Start in Aurelia  →
   4.6s [6月1日（週日） 下午 2:00] STEP Arrival sequence
   7.3s [6月1日（週日） 下午 2:00]   shot 05_arrival_train.png
  10.9s [6月1日（週日） 下午 2:00]   shot 06_arrival_phone.png
  16.0s [6月1日（週日） 下午 2:01]   ok  spawned in the Riverside apartment
  16.0s [6月1日（週日） 下午 2:01]   ok  starting cash $30,000
  16.0s [6月1日（週日） 下午 2:01]   ok  name saved
  17.7s [6月1日（週日） 下午 2:03]   shot 07_apartment_arrival.png
  21.5s [6月1日（週日） 下午 2:09] STEP Chapter 15 — currency briefing and real bank hedge
  22.0s [6月1日（週日） 下午 2:14]   shot 08_ch15_fx_news.png
  24.7s [6月2日（週一） 下午 1:03]   use "和 Marcus Reed 說話"
  27.7s [6月2日（週一） 下午 1:04]   choose "› 讓我看看費用與風險。"
  29.3s [6月2日（週一） 下午 1:04]   click [BankFXRisk] Manage exchange risk
  29.5s [6月2日（週一） 下午 1:05]   shot 09_ch15_forward_quote.png
  29.5s [6月2日（週一） 下午 1:05]   click [ChooseHomeInvoices] Choose home-currency invoices
  29.6s [6月2日（週一） 下午 1:05]   ok  native risk response recorded
  30.9s [7月3日（週四） 下午 1:06]   shot 10_ch15_exchange_month_close.png
  30.9s [7月3日（週四） 下午 1:06]   click "Continue"
  31.6s [7月3日（週四） 下午 1:06]   shot 11_ch15_comparison.png
  31.6s [7月3日（週四） 下午 1:06]   info card: Exchange response — compare the assumptions
  31.8s [7月3日（週四） 下午 1:06]   shot 12_info_exchange_response_—_comp.png
  31.8s [7月3日（週四） 下午 1:06]   click "Close"
  32.1s [7月3日（週四） 下午 1:06]   ok  chapter15 completes from actual response and viewed month close
  32.2s [7月3日（週四） 下午 1:06] STEP Chapter 16 — Omar video, flight and distributor contract
  34.2s [7月3日（週四） 下午 1:09]   use "Use laptop — Company OS"
  34.8s [7月3日（週四） 下午 1:10]   click [Tab_sales] Ecommerce
  35.4s [7月3日（週四） 下午 1:11]   click [SalesPage_overseas] Overseas
  35.6s [7月3日（週四） 下午 1:11]   click [CompareLuminaPartners] Compare Lumina partners
  35.7s [7月3日（週四） 下午 1:11]   click [CallOmar] Video call Omar
  38.8s [7月3日（週四） 下午 1:12]   choose "› 讓我看看費用與風險。"
  40.4s [7月3日（週四） 下午 1:12]   shot 13_ch16_channel_choices.png
  40.4s [7月3日（週四） 下午 1:12]   click [LuminaFlight_co_riverlight_global] 前往 Lumina — 公司帳戶
  41.1s [7月4日（週五） 下午 1:13]   info card: Lumina journey
  41.1s [7月4日（週五） 下午 1:13]   shot 14_info_lumina_journey.png
  41.1s [7月4日（週五） 下午 1:13]   click "Close"
  41.5s [7月4日（週五） 下午 1:13]   shot 15_ch16_trip_return.png
  41.5s [7月4日（週五） 下午 1:13]   click [LuminaFlight_player] 回程 — 個人帳戶
  42.2s [7月5日（週六） 下午 1:13]   info card: Lumina journey
  42.2s [7月5日（週六） 下午 1:13]   shot 16_info_lumina_journey.png
  42.2s [7月5日（週六） 下午 1:13]   click "Close"
  42.6s [7月5日（週六） 下午 1:13]   click [RequestOmarContract] Request distributor contract
  43.3s [7月5日（週六） 下午 1:14]   home-currency distributor quote declined; wait for a new quote
  50.8s [7月5日（週六） 下午 7:11]   use "Sleep"
  51.4s [7月5日（週六） 下午 7:11]   click [Sleep] Sleep until 7:00 AM
  62.1s [7月6日（週日） 上午 7:14]   use "Packing table"
  62.9s [7月6日（週日） 上午 7:15]   shot 17_packing_table.png
  62.9s [7月6日（週日） 上午 7:15]   click [Pack] 打包 36 筆訂單（4 小時 48 分）
  63.8s [7月6日（週日） 下午 12:04]   click [CourierEconomy] 經濟快遞／國際 7–14 天（$515.52）
  73.7s [7月6日（週日） 下午 7:13]   use "Sleep"
  74.3s [7月6日（週日） 下午 7:13]   click [Sleep] Sleep until 7:00 AM
  85.0s [7月7日（週一） 上午 7:14]   use "Packing table"
  85.7s [7月7日（週一） 上午 7:15]   click [Pack] 打包 11 筆訂單（1 小時 28 分）
  86.6s [7月7日（週一） 上午 8:44]   click [CourierEconomy] 經濟快遞／國際 7–14 天（$136.02）
  89.2s [7月7日（週一） 上午 8:48]   use "Use laptop — Company OS"
  89.8s [7月7日（週一） 上午 8:49]   click [Tab_sales] Ecommerce
  91.2s [7月7日（週一） 上午 8:51]   click [SalesPage_overseas] Overseas
  92.4s [7月7日（週一） 上午 8:53]   click [CompareLuminaPartners] Compare Lumina partners
  92.8s [7月7日（週一） 上午 8:54]   click [RequestOmarContract] Request distributor contract
  93.5s [7月7日（週一） 上午 8:54]   ok  a fresh distributor quote is accepted before contract controls
  93.6s [7月7日（週一） 上午 8:54]   shot 18_ch16_distributor_offer.png
  93.6s [7月7日（週一） 上午 8:54]   click [AcceptContract] Accept
  93.7s [7月7日（週一） 上午 8:55]   click [DeliverContract] 寄送 10 件到 Lumina；現在支付運費與關稅
  93.8s [7月7日（週一） 上午 10:25]   ok  native signing and dispatch put goods in transit
  93.9s [7月7日（週一） 上午 10:25]   shot 19_ch16_goods_in_transit.png
  95.7s [7月28日（週一） 上午 8:55]   shot 20_ch16_90_day_comparison.png
  95.7s [7月28日（週一） 上午 8:55]   info card: Customer ownership — 90-day estimate
  95.7s [7月28日（週一） 上午 8:55]   shot 21_info_customer_ownership_—_90-.png
  95.7s [7月28日（週一） 上午 8:55]   click "Close"
  96.1s [7月28日（週一） 上午 8:55]   ok  chapter16 recognizes collected partner income
  96.1s [7月28日（週一） 上午 8:55] STEP Overseas warehouse — real lease and sea batch input
  96.3s [7月28日（週一） 上午 8:55]   use "Use laptop — Company OS"
  96.9s [7月28日（週一） 上午 8:56]   click [Tab_sales] Ecommerce
  97.6s [7月28日（週一） 上午 8:57]   click [SalesPage_overseas] Overseas
  97.7s [7月28日（週一） 上午 8:57]   click [CompareLuminaPartners] Compare Lumina partners
  97.9s [7月28日（週一） 上午 8:58]   click [PartnerChannel_warehouse] Overseas warehouse
  98.0s [7月28日（週一） 上午 8:58]   click [OpenLuminaWarehouse] 開設 Lumina 海外倉（$100.00）
  98.2s [7月28日（週一） 上午 8:58]   click [SendLuminaStock] Send stock by sea
  98.4s [7月28日（週一） 上午 8:58]   shot 22_ch16_warehouse_batch.png
  99.1s [7月28日（週一） 上午 9:00]   ok  warehouse batch really dispatched
  99.3s [8月11日（週一） 上午 8:58]   use "Use laptop — Company OS"
  99.8s [8月11日（週一） 上午 8:59]   toast: 新評價 #1024：★★★「還行。」
  99.8s [8月11日（週一） 上午 8:59]   toast: 新評價 #1036：★★★「品質普通。」
  99.9s [8月11日（週一） 上午 8:59]   click [Tab_sales] Ecommerce
 100.6s [8月11日（週一） 上午 9:00]   click [SalesPage_overseas] Overseas
 100.7s [8月11日（週一） 上午 9:00]   click [GlobalRegion] 北嶺
 103.5s [8月11日（週一） 上午 9:04]   click [SaveGlobalPrice_L2] Save local price
 104.2s [8月11日（週一） 上午 9:05]   shot 23_ch16_warehouse_local_price.png
 104.6s [8月11日（週一） 上午 9:06]   ok  actual warehouse fulfilment and fee
 104.8s [8月16日（週六） 上午 9:06]   use "Use laptop — Company OS"
 105.1s [8月16日（週六） 上午 9:07]   toast: 新評價 #1046：★★★「等了好一陣子才到。」
 105.1s [8月16日（週六） 上午 9:07]   toast: 新評價 #1040：★★★「品質普通。」
 105.4s [8月16日（週六） 上午 9:07]   click [Tab_finance] Finance
 106.0s [8月16日（週六） 上午 9:08]   click [ConvertGlobal_LUM] 換匯入帳（$53.19）
 106.8s [8月16日（週六） 上午 9:09]   shot 24_ch16_warehouse_income.png
 107.4s [8月16日（週六） 上午 9:10]   ok  chapters15–16 books balanced
 107.4s [8月16日（週六） 上午 9:10] BOT FINISHED — 0 failure(s) · 107.4s real