Godot Engine v4.5.1.stable.official.f62fdbde1 - https://godotengine.org
OpenGL API 3.3.0 NVIDIA 462.59 - Compatibility - Using Device: NVIDIA - Quadro RTX 4000

   0.0s STEP Main menu → New Game
   0.3s   shot 01_main_menu.png
   0.3s   click [NewGame] New Game
   1.6s STEP Character Creator
   1.7s   shot 02_creator_default.png
   1.7s   click [Tab_hair] Hair
   1.8s   click [Next_hair] ▶
   2.2s   click [Tab_face] Face
   2.3s   click [Next_face] ▶
   2.5s   click [Next_eye_shape] ▶
   2.7s   click [Tab_body] Body
   2.8s   click [Next_presentation] ▶
   3.5s   shot 03_creator_customised.png
   3.5s   click [Tab_outfit] Outfit
   3.6s   click "Startup Casual"
   4.1s   ok  appearance changed from default (short_neat)
   4.2s   shot 04_creator_final.png
   4.2s   click [Start] Start in Aurelia  →
   4.3s [6月1日（週日） 下午 2:00] STEP Arrival sequence
   7.0s [6月1日（週日） 下午 2:00]   shot 05_arrival_train.png
  10.5s [6月1日（週日） 下午 2:00]   shot 06_arrival_phone.png
  16.3s [6月1日（週日） 下午 2:01]   ok  spawned in the Riverside apartment
  16.3s [6月1日（週日） 下午 2:01]   ok  starting cash $30,000
  16.3s [6月1日（週日） 下午 2:01]   ok  name saved
  18.1s [6月1日（週日） 下午 2:03]   shot 07_apartment_arrival.png
  21.8s [6月1日（週日） 下午 2:09] STEP Weekend pop-up: real stock, checkout, automatic return and report
  23.2s [6月1日（週日） 下午 2:11]   use "Reserve a weekend pop-up"
  23.6s [6月1日（週日） 下午 2:11]   shot 08_popup_weekend_reservation.png
  24.6s [6月1日（週日） 下午 2:11]   click [SignPopup] Reserve this weekend
  25.2s [6月1日（週日） 下午 2:11]   ok  real notice reserved weekend
  25.2s [6月1日（週日） 下午 2:11]   ok  fifty available units for pop-up
  26.3s [6月1日（週日） 下午 2:11]   click [PopupStock_water_bottle] Move selected stock
  26.9s [6月1日（週日） 下午 3:11]   ok  fifty units physically transferred
  27.0s [6月1日（週日） 下午 3:11]   shot 09_popup_stock_and_unit_price.png
  28.5s [6月7日（週六） 上午 10:01]   shot 10_popup_open_shop_and_customer.png
  29.0s [6月7日（週六） 上午 10:02]   use "Reserve a weekend pop-up"
  30.4s [6月7日（週六） 上午 10:02]   click [PopupTill] Work checkout for one hour
  31.1s [6月7日（週六） 上午 11:02]   ok  one-hour checkout actual sales
  32.4s [6月8日（週日） 下午 6:00]   shot 11_popup_weekend_report.png
  32.4s [6月8日（週日） 下午 6:00]   ok  weekend settles automatically
  32.4s [6月8日（週日） 下午 6:00]   ok  pop-up all journals balanced
  32.4s [6月8日（週日） 下午 6:00]   ok  played pop-up save
  38.5s [6月8日（週日） 下午 6:04]   ok  walked back outside
  49.2s [6月8日（週日） 下午 6:20]   use "捷運——購物街站"
  50.2s [6月8日（週日） 下午 6:21]   shot 12_metro_riverside.png
  50.2s [6月8日（週日） 下午 6:21]   click [Go_riverside] 河濱區  ·  15 分鐘
  52.9s [6月8日（週日） 下午 6:38]   ok  took the Metro to Riverside
  62.0s [6月8日（週日） 下午 6:51]   ok  entered Riverside Tower
  62.0s [6月8日（週日） 下午 6:51]   ok  pop-up handoff returns to the home bed
  62.0s [6月8日（週日） 下午 6:51] BOT FINISHED — 0 failure(s) · 62.0s real
  62.0s [6月8日（週日） 下午 6:51] English audit: 3 on-screen text(s) with untranslated words
