Godot Engine v4.5.1.stable.official.f62fdbde1 - https://godotengine.org
OpenGL API 3.3.0 NVIDIA 462.59 - Compatibility - Using Device: NVIDIA - Quadro RTX 4000

   0.0s STEP Main menu → New Game
   0.3s   shot 01_main_menu.png
   0.4s   click [NewGame] New Game
   1.6s STEP Character Creator
   1.7s   shot 02_creator_default.png
   1.7s   click [Tab_hair] Hair
   1.8s   click [Next_hair] ▶
   2.2s   click [Tab_face] Face
   2.3s   click [Next_face] ▶
   2.5s   click [Next_eye_shape] ▶
   2.7s   click [Tab_body] Body
   2.8s   click [Next_presentation] ▶
   3.5s   shot 03_creator_customised.png
   3.5s   click [Tab_outfit] Outfit
   3.5s   click "Startup Casual"
   4.1s   ok  appearance changed from default (short_neat)
   4.2s   shot 04_creator_final.png
   4.2s   click [Start] Start in Aurelia  →
   4.3s [6月1日（週日） 下午 2:00] STEP Arrival sequence
   7.0s [6月1日（週日） 下午 2:00]   shot 05_arrival_train.png
  10.5s [6月1日（週日） 下午 2:00]   shot 06_arrival_phone.png
  16.3s [6月1日（週日） 下午 2:01]   ok  spawned in the Riverside apartment
  16.3s [6月1日（週日） 下午 2:01]   ok  starting cash $30,000
  16.3s [6月1日（週日） 下午 2:01]   ok  name saved
  18.1s [6月1日（週日） 下午 2:03]   shot 07_apartment_arrival.png
  22.0s [6月3日（週二） 下午 5:00]   toast: Lantern Café 咖啡 今天沒開門：吧台沒人顧。去僱一位咖啡師（人員分頁），或自己站吧台。
  22.0s [6月4日（週三） 下午 5:00]   toast: Lantern Café 咖啡 今天沒開門：吧台沒人顧。去僱一位咖啡師（人員分頁），或自己站吧台。
  23.2s [6月5日（週四） 上午 9:09]   shot 08_cafe_six_item_menu.png
  24.2s [6月5日（週四） 上午 9:09]   click [CafeMaterial_milk] 購買 牛奶補貨包：$40.00
  25.8s [6月5日（週四） 上午 9:09]   click [CafeMaterial_tea] 購買 茶葉補貨包：$45.00
  27.5s [6月5日（週四） 上午 9:09]   click [CafeMaterial_food] 購買 食品食材補貨包：$100.00
  28.2s [6月5日（週四） 上午 9:09]   click [CafePage_shifts] Weekly café shifts
  28.7s [6月5日（週四） 上午 9:09]   shot 09_cafe_weekly_roster.png
  28.7s [6月5日（週四） 上午 9:09]   click [CafeShop_popup_cafe] Pop-up Unit 5 咖啡館分店
  29.8s [6月5日（週四） 上午 9:09]   click [CafeDepthLease] Lease this café
  31.5s [6月5日（週四） 上午 9:09]   click [CafeDepthFit] Fit out this café
  33.2s [6月5日（週四） 上午 9:09]   click [CafeDepthPermit] Apply for this café's food licence
  33.8s [6月5日（週四） 上午 9:09]   ok  second premises require own licence
  33.8s [6月5日（週四） 下午 5:00]   toast: Lantern Café 咖啡 今天沒開門：吧台沒人顧。去僱一位咖啡師（人員分頁），或自己站吧台。
  33.9s [6月7日（週六） 下午 5:00]   toast: Lantern Café 咖啡 今天沒開門：吧台沒人顧。去僱一位咖啡師（人員分頁），或自己站吧台。
  33.9s [6月7日（週六） 下午 5:00]   toast: Lantern Café 咖啡 今天沒開門：吧台沒人顧。去僱一位咖啡師（人員分頁），或自己站吧台。
  34.0s [6月9日（週一） 上午 9:09]   ok  actual second café open requirements
  34.2s [6月9日（週一） 上午 9:09]   click [CafePage_menu] Menu and ingredients
  34.4s [6月9日（週一） 上午 9:09]   shot 10_cafe_second_location.png
  34.4s [6月9日（週一） 上午 9:09]   click [CafePage_inspection] Health inspection
  35.6s [6月9日（週一） 上午 9:09]   click [CafeClosingClean] Closing clean: fifteen minutes
  36.6s [6月9日（週一） 上午 9:24]   click [CafePage_inspection] Health inspection
  37.7s [6月9日（週一） 上午 9:24]   click [CafeInspectNow] Inspect current shop now
  38.4s [6月9日（週一） 上午 9:24]   shot 11_cafe_inspection_outcome.png
  38.4s [6月16日（週一） 上午 10:00]   ok  actual owner counter shift
  38.4s [6月16日（週一） 下午 5:00]   toast: Lantern Café 咖啡 今天沒開門：吧台沒人顧。去僱一位咖啡師（人員分頁），或自己站吧台。
  38.4s [6月16日（週一） 下午 5:00]   ok  actual counter customers create till revenue
  38.7s [6月16日（週一） 下午 5:00]   click [CafePage_report] Thirty-day café report
  38.9s [6月16日（週一） 下午 5:00]   shot 12_cafe_thirty_day_actual_report.png
  38.9s [6月16日（週一） 下午 5:00]   ok  two cafés books balance
  38.9s [6月16日（週一） 下午 5:00]   ok  played two café save
  38.9s [6月16日（週一） 下午 5:00] BOT FINISHED — 0 failure(s) · 38.9s real
  38.9s [6月16日（週一） 下午 5:00] English audit: 6 on-screen text(s) with untranslated words
