Godot Engine v4.5.1.stable.official.f62fdbde1 - https://godotengine.org
OpenGL API 3.3.0 NVIDIA 462.59 - Compatibility - Using Device: NVIDIA - Quadro RTX 4000

   1.4s [6月1日（週日） 下午 2:00]   click [App_messages] 訊息 1
   1.5s [6月1日（週日） 下午 2:00]   click [Thread_maya] Maya  (1) 6月1日 下午 2:00 真的辭了？
   3.6s [6月1日（週日） 下午 2:00]   choose "› 嗯。"
   6.6s [6月1日（週日） 下午 2:00]   choose "› 我要開公司。"
   9.7s [6月1日（週日） 下午 2:00]   ok  Maya phone conversation unlocks the first chapter
   9.7s [6月1日（週日） 下午 2:00]   ok  completed call has a saved receipt
  10.2s [6月1日（週日） 下午 2:00]   click [App_messages] 訊息 1
  10.5s [6月1日（週日） 下午 2:01]   shot 01_message_threads.png
  10.5s [6月1日（週日） 下午 2:01]   click [Thread_marcus] Marcus Reed  (1) 6月1日 下午 2:00 貸款預約：6月2日（週一） 下午 1:0
  10.8s [6月1日（週日） 下午 2:01]   shot 02_quick_replies.png
  10.8s [6月1日（週日） 下午 2:01]   click [PhoneMessagesHelp] ?
  10.9s [6月1日（週日） 下午 2:01]   ok  phone help card is available
  11.0s [6月1日（週日） 下午 2:01]   shot 03_phone_help.png
  11.0s [6月1日（週日） 下午 2:01]   click [CloseInfo] Got it
  11.1s [6月1日（週日） 下午 2:01]   click [Reply_MSG-3_confirm] ✓ 確認約見
  11.3s [6月1日（週日） 下午 2:01]   ok  reply creates real agenda
  11.4s [6月1日（週日） 下午 2:01]   shot 04_reply_history.png
  11.7s [6月1日（週日） 下午 2:01]   shot 05_meeting_agenda.png
  12.0s [6月1日（週日） 下午 2:02]   shot 06_proactive_templates.png
  12.5s [6月2日（週一） 下午 1:00]   ok  arrival starts appointment conversation
  12.8s [6月2日（週一） 下午 1:00]   click [Send_marcus_coffee] ✓ 要不要約見喝杯咖啡？
  12.9s [6月2日（週一） 下午 1:00]   ok  proactive invitation creates next meeting
  13.1s [6月2日（週一） 下午 1:01]   ok  latest outgoing reply is visible without losing history
  13.3s [6月2日（週一） 下午 1:01]   shot 07_proactive_result.png
  13.3s [6月2日（週一） 下午 1:01] BOT FINISHED — 0 failure(s) · 13.3s real
  13.3s [6月2日（週一） 下午 1:01] English audit: 0 on-screen text(s) with untranslated words
