Godot Engine v4.5.1.stable.official.f62fdbde1 - https://godotengine.org

sim cautious day 0 chapter ch2_first_customer cash 25377
sim cautious day 30 chapter ch4_growing_pains cash 22078
sim cautious day 60 chapter ch7_supply_shock cash 74989
sim cautious day 90 chapter ch7_supply_shock cash 75067
ch7_month_profit: 85.70; survived_losses=false
sim cautious day 120 chapter ch10_digital_rails cash 78999
sim cautious day 150 chapter ch12_regulation_scale cash 76388
sim cautious day 180 chapter ch12_regulation_scale cash 77689
sim cautious day 210 chapter ch12_regulation_scale cash 83271
sim cautious day 240 chapter ch12_regulation_scale cash 85034
sim cautious day 270 chapter ch12_regulation_scale cash 87204
sim cautious day 300 chapter ch12_regulation_scale cash 88735
sim cautious day 330 chapter ch12_regulation_scale cash 93181
sim cautious day 360 chapter ch12_regulation_scale cash 93337
sim cautious day 390 chapter ch12_regulation_scale cash 95436
sim cautious day 420 chapter ch12_regulation_scale cash 97563
sim cautious day 450 chapter ch12_regulation_scale cash 98921
sim cautious day 480 chapter ch12_regulation_scale cash 98985
sim cautious day 510 chapter ch12_regulation_scale cash 101116
sim cautious day 540 chapter ch12_regulation_scale cash 103582
sim aggressive day 0 chapter ch2_first_customer cash 23610
sim aggressive day 30 chapter ch4_growing_pains cash 17647
sim aggressive day 60 chapter ch7_supply_shock cash 81003
sim aggressive day 90 chapter ch7_supply_shock cash 70440
ch7_month_profit: 2364.62; survived_losses=false
sim aggressive day 120 chapter ch10_digital_rails cash 79412
sim aggressive day 150 chapter ch11_other_side_of_trust cash 82595
sim aggressive day 180 chapter ch11_other_side_of_trust cash 89643
sim aggressive day 210 chapter ch12_regulation_scale cash 97683
sim aggressive day 240 chapter ch12_regulation_scale cash 100367
sim aggressive day 270 chapter ch12_regulation_scale cash 101401
sim aggressive day 300 chapter ch12_regulation_scale cash 99595
sim aggressive day 330 chapter ch12_regulation_scale cash 102484
sim aggressive day 360 chapter ch12_regulation_scale cash 102107
sim aggressive day 390 chapter ch12_regulation_scale cash 103570
sim aggressive day 420 chapter ch12_regulation_scale cash 106131
sim aggressive day 450 chapter ch12_regulation_scale cash 106313
sim aggressive day 480 chapter ch12_regulation_scale cash 106209
sim aggressive day 510 chapter ch12_regulation_scale cash 104814
sim aggressive day 540 chapter ch12_regulation_scale cash 106600
sim casual day 0 chapter ch2_first_customer cash 29964
sim casual day 30 chapter ch4_growing_pains cash 21847
sim casual day 60 chapter ch7_supply_shock cash 72635
sim casual day 90 chapter ch7_supply_shock cash 71472
sim casual day 120 chapter ch7_supply_shock cash 71041
sim casual day 150 chapter ch7_supply_shock cash 68082
sim casual day 180 chapter ch7_supply_shock cash 67666
sim casual day 210 chapter ch7_supply_shock cash 70057
sim casual day 240 chapter ch7_supply_shock cash 69597
sim casual day 270 chapter ch7_supply_shock cash 69282
sim casual day 300 chapter ch7_supply_shock cash 68139
sim casual day 330 chapter ch7_supply_shock cash 71843
sim casual day 360 chapter ch7_supply_shock cash 70521
sim casual day 390 chapter ch7_supply_shock cash 70336
sim casual day 420 chapter ch7_supply_shock cash 75128
sim casual day 450 chapter ch7_supply_shock cash 73900
sim casual day 480 chapter ch7_supply_shock cash 75038
sim casual day 510 chapter ch7_supply_shock cash 74337
sim casual day 540 chapter ch7_supply_shock cash 76967
sim cautious day 0 chapter ch2_first_customer cash 25377
sim cautious day 30 chapter ch4_growing_pains cash 22563
sim cautious day 60 chapter ch7_supply_shock cash 75678
sim cautious day 90 chapter ch7_supply_shock cash 73601
ch7_month_profit: 657.44; survived_losses=false
sim cautious day 120 chapter ch10_digital_rails cash 78577
sim cautious day 150 chapter ch12_regulation_scale cash 77030
sim cautious day 180 chapter ch12_regulation_scale cash 77078
sim cautious day 210 chapter ch12_regulation_scale cash 83311
sim cautious day 240 chapter ch12_regulation_scale cash 87426
sim cautious day 270 chapter ch12_regulation_scale cash 90158
sim cautious day 300 chapter ch12_regulation_scale cash 93746
sim cautious day 330 chapter ch12_regulation_scale cash 98773
sim cautious day 360 chapter ch12_regulation_scale cash 102152
sim cautious day 390 chapter ch12_regulation_scale cash 106676
sim cautious day 420 chapter ch12_regulation_scale cash 110864
sim cautious day 450 chapter ch12_regulation_scale cash 113848
sim cautious day 480 chapter ch12_regulation_scale cash 116897
sim cautious day 510 chapter ch12_regulation_scale cash 121427
sim cautious day 540 chapter ch12_regulation_scale cash 123750
sim aggressive day 0 chapter ch2_first_customer cash 23610
sim aggressive day 30 chapter ch4_growing_pains cash 16251
sim aggressive day 60 chapter ch7_supply_shock cash 72282
sim aggressive day 90 chapter ch7_supply_shock cash 71140
ch7_month_profit: 2452.78; survived_losses=false
sim aggressive day 120 chapter ch10_digital_rails cash 79479
sim aggressive day 150 chapter ch10_digital_rails cash 83877
sim aggressive day 180 chapter ch11_other_side_of_trust cash 94597
sim aggressive day 210 chapter ch12_regulation_scale cash 95827
sim aggressive day 240 chapter ch12_regulation_scale cash 95010
sim aggressive day 270 chapter ch12_regulation_scale cash 93202
sim aggressive day 300 chapter ch12_regulation_scale cash 92196
sim aggressive day 330 chapter ch12_regulation_scale cash 98847
sim aggressive day 360 chapter ch12_regulation_scale cash 104291
sim aggressive day 390 chapter ch12_regulation_scale cash 100681
sim aggressive day 420 chapter ch12_regulation_scale cash 103287
sim aggressive day 450 chapter ch12_regulation_scale cash 103309
sim aggressive day 480 chapter ch12_regulation_scale cash 102264
sim aggressive day 510 chapter ch12_regulation_scale cash 103134
sim aggressive day 540 chapter ch12_regulation_scale cash 104937
sim casual day 0 chapter ch2_first_customer cash 29964
sim casual day 30 chapter ch4_growing_pains cash 21218
sim casual day 60 chapter ch7_supply_shock cash 72223
sim casual day 90 chapter ch7_supply_shock cash 70131
sim casual day 120 chapter ch7_supply_shock cash 70323
sim casual day 150 chapter ch7_supply_shock cash 68002
sim casual day 180 chapter ch7_supply_shock cash 64800
sim casual day 210 chapter ch7_supply_shock cash 65620
sim casual day 240 chapter ch7_supply_shock cash 63991
sim casual day 270 chapter ch7_supply_shock cash 60645
sim casual day 300 chapter ch7_supply_shock cash 57296
sim casual day 330 chapter ch7_supply_shock cash 57880
sim casual day 360 chapter ch7_supply_shock cash 55521
sim casual day 390 chapter ch7_supply_shock cash 52176
sim casual day 420 chapter ch7_supply_shock cash 51269
sim casual day 450 chapter ch7_supply_shock cash 49206
sim casual day 480 chapter ch7_supply_shock cash 46670
sim casual day 510 chapter ch7_supply_shock cash 43579
sim casual day 540 chapter ch7_supply_shock cash 44282
sim cautious day 0 chapter ch2_first_customer cash 25377
sim cautious day 30 chapter ch4_growing_pains cash 22532
sim cautious day 60 chapter ch7_supply_shock cash 75581
sim cautious day 90 chapter ch7_supply_shock cash 73503
ch7_month_profit: 68.13; survived_losses=false
sim cautious day 120 chapter ch10_digital_rails cash 78700
sim cautious day 150 chapter ch12_regulation_scale cash 78234
sim cautious day 180 chapter ch12_regulation_scale cash 79212
sim cautious day 210 chapter ch12_regulation_scale cash 82814
sim cautious day 240 chapter ch12_regulation_scale cash 84070
sim cautious day 270 chapter ch12_regulation_scale cash 85333
sim cautious day 300 chapter ch12_regulation_scale cash 86362
sim cautious day 330 chapter ch12_regulation_scale cash 91887
sim cautious day 360 chapter ch12_regulation_scale cash 92749
sim cautious day 390 chapter ch12_regulation_scale cash 93123
sim cautious day 420 chapter ch12_regulation_scale cash 97462
sim cautious day 450 chapter ch12_regulation_scale cash 98017
sim cautious day 480 chapter ch12_regulation_scale cash 102879
sim cautious day 510 chapter ch12_regulation_scale cash 103253
sim cautious day 540 chapter ch12_regulation_scale cash 105941
sim aggressive day 0 chapter ch2_first_customer cash 23610
sim aggressive day 30 chapter ch4_growing_pains cash 16553
sim aggressive day 60 chapter ch7_supply_shock cash 80855
sim aggressive day 90 chapter ch7_supply_shock cash 70660
ch7_month_profit: 2792.04; survived_losses=false
sim aggressive day 120 chapter ch10_digital_rails cash 74637
sim aggressive day 150 chapter ch10_digital_rails cash 82637
sim aggressive day 180 chapter ch11_other_side_of_trust cash 92896
sim aggressive day 210 chapter ch12_regulation_scale cash 99134
sim aggressive day 240 chapter ch12_regulation_scale cash 102923
sim aggressive day 270 chapter ch12_regulation_scale cash 104143
sim aggressive day 300 chapter ch12_regulation_scale cash 104229
sim aggressive day 330 chapter ch12_regulation_scale cash 107364
sim aggressive day 360 chapter ch12_regulation_scale cash 106359
sim aggressive day 390 chapter ch12_regulation_scale cash 105366
sim aggressive day 420 chapter ch12_regulation_scale cash 106816
sim aggressive day 450 chapter ch12_regulation_scale cash 106158
sim aggressive day 480 chapter ch12_regulation_scale cash 107503
sim aggressive day 510 chapter ch12_regulation_scale cash 104120
sim aggressive day 540 chapter ch12_regulation_scale cash 105912
sim casual day 0 chapter ch2_first_customer cash 29964
sim casual day 30 chapter ch4_growing_pains cash 20245
sim casual day 60 chapter ch7_supply_shock cash 73965
sim casual day 90 chapter ch7_supply_shock cash 69889
sim casual day 120 chapter ch7_supply_shock cash 71709
sim casual day 150 chapter ch7_supply_shock cash 69297
sim casual day 180 chapter ch7_supply_shock cash 65602
sim casual day 210 chapter ch7_supply_shock cash 66879
sim casual day 240 chapter ch7_supply_shock cash 64352
sim casual day 270 chapter ch7_supply_shock cash 62549
sim casual day 300 chapter ch7_supply_shock cash 58143
sim casual day 330 chapter ch7_supply_shock cash 60605
sim casual day 360 chapter ch7_supply_shock cash 57445
sim casual day 390 chapter ch7_supply_shock cash 54339
sim casual day 420 chapter ch7_supply_shock cash 54841
sim casual day 450 chapter ch7_supply_shock cash 52458
sim casual day 480 chapter ch7_supply_shock cash 50681
sim casual day 510 chapter ch7_supply_shock cash 47277
sim casual day 540 chapter ch7_supply_shock cash 48841
