Godot Engine v4.5.1.stable.official.f62fdbde1 - https://godotengine.org

sim cautious day 0 chapter ch2_first_customer cash 28638
sim cautious day 30 chapter ch4_growing_pains cash 18478
sim cautious day 60 chapter ch7_supply_shock cash 68259
sim cautious day 90 chapter ch7_supply_shock cash 65579
sim cautious day 120 chapter ch7_supply_shock cash 62711
ch7_month_profit: -3098.51; survived_losses=true
sim cautious day 150 chapter ch10_digital_rails cash 60491
sim cautious day 180 chapter ch12_regulation_scale cash 53597
sim cautious day 210 chapter ch12_regulation_scale cash 52131
sim cautious day 240 chapter ch12_regulation_scale cash 50040
sim cautious day 270 chapter ch12_regulation_scale cash 47841
sim cautious day 300 chapter ch12_regulation_scale cash 45733
sim cautious day 330 chapter ch12_regulation_scale cash 44054
sim cautious day 360 chapter ch12_regulation_scale cash 42483
sim cautious day 390 chapter ch12_regulation_scale cash 37916
sim cautious day 420 chapter ch12_regulation_scale cash 36692
sim cautious day 450 chapter ch12_regulation_scale cash 33520
sim cautious day 480 chapter ch12_regulation_scale cash 30739
sim cautious day 510 chapter ch12_regulation_scale cash 27752
sim cautious day 540 chapter ch12_regulation_scale cash 25511
sim aggressive day 0 chapter ch2_first_customer cash 26010
sim aggressive day 30 chapter ch4_growing_pains cash 20061
sim aggressive day 60 chapter ch7_supply_shock cash 70487
sim aggressive day 90 chapter ch7_supply_shock cash 66760
sim aggressive day 120 chapter ch7_supply_shock cash 65806
ch7_month_profit: -2177.63; survived_losses=true
sim aggressive day 150 chapter ch10_digital_rails cash 63707
sim aggressive day 180 chapter ch12_regulation_scale cash 57453
sim aggressive day 210 chapter ch12_regulation_scale cash 58296
sim aggressive day 240 chapter ch12_regulation_scale cash 57522
sim aggressive day 270 chapter ch12_regulation_scale cash 56525
sim aggressive day 300 chapter ch12_regulation_scale cash 55158
sim aggressive day 330 chapter ch12_regulation_scale cash 55089
sim aggressive day 360 chapter ch12_regulation_scale cash 53506
sim aggressive day 390 chapter ch12_regulation_scale cash 51059
sim aggressive day 420 chapter ch12_regulation_scale cash 51365
sim aggressive day 450 chapter ch12_regulation_scale cash 48610
sim aggressive day 480 chapter ch12_regulation_scale cash 46009
sim aggressive day 510 chapter ch12_regulation_scale cash 44847
sim aggressive day 540 chapter ch12_regulation_scale cash 43890
sim casual day 0 chapter ch2_first_customer cash 29964
sim casual day 30 chapter ch4_growing_pains cash 18524
sim casual day 60 chapter ch7_supply_shock cash 68567
sim casual day 90 chapter ch7_supply_shock cash 63874
sim casual day 120 chapter ch7_supply_shock cash 60488
sim casual day 150 chapter ch7_supply_shock cash 56920
sim casual day 180 chapter ch7_supply_shock cash 52616
sim casual day 210 chapter ch7_supply_shock cash 49704
sim casual day 240 chapter ch7_supply_shock cash 46893
sim casual day 270 chapter ch7_supply_shock cash 41960
sim casual day 300 chapter ch7_supply_shock cash 38425
sim casual day 330 chapter ch7_supply_shock cash 35980
sim casual day 360 chapter ch7_supply_shock cash 31265
sim casual day 390 chapter ch7_supply_shock cash 27632
sim casual day 420 chapter ch7_supply_shock cash 23855
sim casual day 450 chapter ch7_supply_shock cash 20638
sim casual day 480 chapter ch7_supply_shock cash 17344
sim casual day 510 chapter ch7_supply_shock cash 11533
sim casual day 540 chapter ch7_supply_shock cash 9409
sim cautious day 0 chapter ch2_first_customer cash 28638
sim cautious day 30 chapter ch4_growing_pains cash 19232
sim cautious day 60 chapter ch7_supply_shock cash 68672
sim cautious day 90 chapter ch7_supply_shock cash 65627
sim cautious day 120 chapter ch7_supply_shock cash 63359
ch7_month_profit: -2989.08; survived_losses=true
sim cautious day 150 chapter ch10_digital_rails cash 61419
sim cautious day 180 chapter ch12_regulation_scale cash 55659
sim cautious day 210 chapter ch12_regulation_scale cash 57241
sim cautious day 240 chapter ch12_regulation_scale cash 56965
sim cautious day 270 chapter ch12_regulation_scale cash 57941
sim cautious day 300 chapter ch12_regulation_scale cash 58194
sim cautious day 330 chapter ch12_regulation_scale cash 58553
sim cautious day 360 chapter ch12_regulation_scale cash 57374
sim cautious day 390 chapter ch12_regulation_scale cash 56987
sim cautious day 420 chapter ch12_regulation_scale cash 56592
sim cautious day 450 chapter ch12_regulation_scale cash 56755
sim cautious day 480 chapter ch12_regulation_scale cash 56602
sim cautious day 510 chapter ch12_regulation_scale cash 55731
sim cautious day 540 chapter ch12_regulation_scale cash 56382
sim aggressive day 0 chapter ch2_first_customer cash 26010
sim aggressive day 30 chapter ch4_growing_pains cash 20643
sim aggressive day 60 chapter ch7_supply_shock cash 70849
sim aggressive day 90 chapter ch7_supply_shock cash 66757
sim aggressive day 120 chapter ch7_supply_shock cash 64474
ch7_month_profit: -2470.58; survived_losses=true
sim aggressive day 150 chapter ch10_digital_rails cash 63703
sim aggressive day 180 chapter ch11_other_side_of_trust cash 60073
sim aggressive day 210 chapter ch12_regulation_scale cash 56176
sim aggressive day 240 chapter ch12_regulation_scale cash 55897
sim aggressive day 270 chapter ch12_regulation_scale cash 54608
sim aggressive day 300 chapter ch12_regulation_scale cash 52673
sim aggressive day 330 chapter ch12_regulation_scale cash 53497
sim aggressive day 360 chapter ch12_regulation_scale cash 51038
sim aggressive day 390 chapter ch12_regulation_scale cash 47639
sim aggressive day 420 chapter ch12_regulation_scale cash 47712
sim aggressive day 450 chapter ch12_regulation_scale cash 45040
sim aggressive day 480 chapter ch12_regulation_scale cash 43039
sim aggressive day 510 chapter ch12_regulation_scale cash 40869
sim aggressive day 540 chapter ch12_regulation_scale cash 39808
sim casual day 0 chapter ch2_first_customer cash 29964
sim casual day 30 chapter ch4_growing_pains cash 18989
sim casual day 60 chapter ch7_supply_shock cash 68271
sim casual day 90 chapter ch7_supply_shock cash 62617
sim casual day 120 chapter ch7_supply_shock cash 59773
sim casual day 150 chapter ch7_supply_shock cash 54868
sim casual day 180 chapter ch7_supply_shock cash 50224
sim casual day 210 chapter ch7_supply_shock cash 47082
sim casual day 240 chapter ch7_supply_shock cash 43135
sim casual day 270 chapter ch7_supply_shock cash 39484
sim casual day 300 chapter ch7_supply_shock cash 33476
sim casual day 330 chapter ch7_supply_shock cash 30352
sim casual day 360 chapter ch7_supply_shock cash 25778
sim casual day 390 chapter ch7_supply_shock cash 21480
sim casual day 420 chapter ch7_supply_shock cash 17981
sim casual day 450 chapter ch7_supply_shock cash 13459
sim casual day 480 chapter ch7_supply_shock cash 9730
sim casual day 510 chapter ch7_supply_shock cash 4666
sim casual day 540 chapter ch7_supply_shock cash 1510
sim cautious day 0 chapter ch2_first_customer cash 28638
sim cautious day 30 chapter ch4_growing_pains cash 19168
sim cautious day 60 chapter ch7_supply_shock cash 68410
sim cautious day 90 chapter ch7_supply_shock cash 64645
sim cautious day 120 chapter ch7_supply_shock cash 62606
ch7_month_profit: -3199.10; survived_losses=true
sim cautious day 150 chapter ch10_digital_rails cash 60602
sim cautious day 180 chapter ch12_regulation_scale cash 54404
sim cautious day 210 chapter ch12_regulation_scale cash 50442
sim cautious day 240 chapter ch12_regulation_scale cash 48230
sim cautious day 270 chapter ch12_regulation_scale cash 46209
sim cautious day 300 chapter ch12_regulation_scale cash 42923
sim cautious day 330 chapter ch12_regulation_scale cash 41425
sim cautious day 360 chapter ch12_regulation_scale cash 37763
sim cautious day 390 chapter ch12_regulation_scale cash 34395
sim cautious day 420 chapter ch12_regulation_scale cash 32540
sim cautious day 450 chapter ch12_regulation_scale cash 29948
sim cautious day 480 chapter ch12_regulation_scale cash 27077
sim cautious day 510 chapter ch12_regulation_scale cash 22217
sim cautious day 540 chapter ch12_regulation_scale cash 20418
sim aggressive day 0 chapter ch2_first_customer cash 26010
sim aggressive day 30 chapter ch4_growing_pains cash 19815
sim aggressive day 60 chapter ch7_supply_shock cash 70058
sim aggressive day 90 chapter ch7_supply_shock cash 67736
sim aggressive day 120 chapter ch7_supply_shock cash 65272
ch7_month_profit: -2429.20; survived_losses=true
sim aggressive day 150 chapter ch10_digital_rails cash 63976
sim aggressive day 180 chapter ch12_regulation_scale cash 56995
sim aggressive day 210 chapter ch12_regulation_scale cash 59264
sim aggressive day 240 chapter ch12_regulation_scale cash 60788
sim aggressive day 270 chapter ch12_regulation_scale cash 61715
sim aggressive day 300 chapter ch12_regulation_scale cash 62722
sim aggressive day 330 chapter ch12_regulation_scale cash 65177
sim aggressive day 360 chapter ch12_regulation_scale cash 65364
sim aggressive day 390 chapter ch12_regulation_scale cash 66064
sim aggressive day 420 chapter ch12_regulation_scale cash 66966
sim aggressive day 450 chapter ch12_regulation_scale cash 68014
sim aggressive day 480 chapter ch12_regulation_scale cash 67949
sim aggressive day 510 chapter ch12_regulation_scale cash 68179
sim aggressive day 540 chapter ch12_regulation_scale cash 69688
sim casual day 0 chapter ch2_first_customer cash 29964
sim casual day 30 chapter ch4_growing_pains cash 19266
sim casual day 60 chapter ch7_supply_shock cash 67830
sim casual day 90 chapter ch7_supply_shock cash 63140
sim casual day 120 chapter ch7_supply_shock cash 59450
sim casual day 150 chapter ch7_supply_shock cash 55410
sim casual day 180 chapter ch7_supply_shock cash 51312
sim casual day 210 chapter ch7_supply_shock cash 50363
sim casual day 240 chapter ch7_supply_shock cash 48457
sim casual day 270 chapter ch7_supply_shock cash 47142
sim casual day 300 chapter ch7_supply_shock cash 45653
sim casual day 330 chapter ch7_supply_shock cash 44432
sim casual day 360 chapter ch7_supply_shock cash 43379
sim casual day 390 chapter ch7_supply_shock cash 40666
sim casual day 420 chapter ch7_supply_shock cash 40786
sim casual day 450 chapter ch7_supply_shock cash 39400
sim casual day 480 chapter ch7_supply_shock cash 37672
sim casual day 510 chapter ch7_supply_shock cash 35607
sim casual day 540 chapter ch7_supply_shock cash 35621
