Godot Engine v4.5.1.stable.official.f62fdbde1 - https://godotengine.org
OpenGL API 3.3.0 NVIDIA 462.59 - Compatibility - Using Device: NVIDIA - Quadro RTX 4000

SHOT frontage_airport_0
SHOT frontage_airport_1
SHOT frontage_airport_2
SHOT frontage_airport_3
SHOT frontage_civic_center_0
SHOT frontage_civic_center_1
SHOT frontage_civic_center_2
SHOT frontage_financial_0
SHOT frontage_financial_1
SHOT frontage_financial_2
SHOT frontage_harbor_0
SHOT frontage_harbor_1
SHOT frontage_harbor_2
SHOT frontage_harbor_3
SHOT frontage_industrial_0
SHOT frontage_industrial_1
SHOT frontage_industrial_2
SHOT frontage_industrial_3
SHOT frontage_luxury_heights_0
SHOT frontage_luxury_heights_1
SHOT frontage_luxury_heights_2
SHOT frontage_luxury_heights_3
SHOT frontage_old_town_0
SHOT frontage_old_town_1
SHOT frontage_old_town_2
SHOT frontage_residential_0
SHOT frontage_residential_1
SHOT frontage_residential_2
SHOT frontage_residential_3
SHOT frontage_residential_4
SHOT frontage_riverside_0
SHOT frontage_riverside_1
SHOT frontage_riverside_2
SHOT frontage_riverside_3
SHOT frontage_shopping_street_0
SHOT frontage_shopping_street_1
SHOT frontage_shopping_street_2
SHOT frontage_startup_hub_0
SHOT frontage_startup_hub_1
SHOT frontage_startup_hub_2
SHOT frontage_startup_hub_3
SHOT frontage_university_0
SHOT frontage_university_1
SHOT frontage_university_2
SHOT frontage_university_3
