Godot Engine v4.5.1.stable.official.f62fdbde1 - https://godotengine.org
OpenGL API 3.3.0 NVIDIA 462.59 - Compatibility - Using Device: NVIDIA - Quadro RTX 4000

SHOT creator
SHOT riverside_east
SHOT startup_west
SHOT dialogue_choices
SHOT company_os
SHOT district_airport
SHOT district_civic_center
SHOT district_financial
SHOT district_harbor
SHOT district_industrial
SHOT district_luxury_heights
SHOT district_old_town
SHOT district_residential
SHOT district_riverside
SHOT district_shopping_street
SHOT district_startup_hub
SHOT district_university
SHOT os_en_overview
SHOT os_en_finance
SHOT os_en_operations
SHOT os_en_inventory
SHOT os_en_people
SHOT os_en_contracts
SHOT os_en_segments
SHOT os_en_group
SHOT os_en_market
SHOT os_zh_TW_overview
SHOT os_zh_TW_finance
SHOT os_zh_TW_operations
SHOT os_zh_TW_inventory
SHOT os_zh_TW_people
SHOT os_zh_TW_contracts
SHOT os_zh_TW_segments
SHOT os_zh_TW_group
SHOT os_zh_TW_market
SHOT os_large_text
SHOT dialogue_large_text
