   0.2s STEP Main menu → New Game
   0.4s   shot 01_main_menu.png
   0.4s   click [NewGame] New Game
   0.5s   click [CreateRunCharacter] Create character
   1.9s STEP Character Creator
   1.9s   shot 02_creator_default.png
   1.9s   click [Tab_hair] Hair
   2.1s   click [Next_hair] ▶
   2.5s   click [Tab_face] Face
   2.7s   click [Next_face] ▶
   2.8s   click [Next_eye_shape] ▶
   3.0s   click [Tab_body] Body
   3.1s   click [Next_presentation] ▶
   3.8s   shot 03_creator_customised.png
   3.8s   click [Tab_outfit] Outfit
   3.9s   click "Startup Casual"
   4.5s   ok  appearance changed from default (short_neat)
   4.6s   shot 04_creator_final.png
   4.6s   click [Start] Start in Aurelia  →
   4.7s [6月1日（週日） 下午 2:00] STEP Arrival sequence
   7.4s [6月1日（週日） 下午 2:00]   shot 05_arrival_train.png
  11.0s [6月1日（週日） 下午 2:00]   shot 06_arrival_phone.png
  16.1s [6月1日（週日） 下午 2:01]   ok  spawned in the Riverside apartment
  16.1s [6月1日（週日） 下午 2:01]   ok  starting cash $30,000
  16.1s [6月1日（週日） 下午 2:01]   ok  name saved
  17.9s [6月1日（週日） 下午 2:03]   shot 07_apartment_arrival.png
  17.9s [6月1日（週日） 下午 2:03] STEP Chapter 1 — phone & Maya
  21.0s [6月1日（週日） 下午 2:08]   shot 08_phone_home.png
  21.0s [6月1日（週日） 下午 2:08]   click [App_messages] 通知中心
  21.5s [6月1日（週日） 下午 2:09]   ok  first chapter continues by reading notifications, without replying
  21.5s [6月1日（週日） 下午 2:09] STEP Head outside
  25.5s [6月1日（週日） 下午 2:14]   ok  walked back outside
  25.5s [6月1日（週日） 下午 2:14]   ok  visited Riverside
  25.7s [6月1日（週日） 下午 2:14]   shot 09_riverside_outside_home.png
  25.7s [6月1日（週日） 下午 2:14] STEP Bloom Coffee
  28.9s [6月1日（週日） 下午 2:19]   ok  entered Bloom Coffee
  29.1s [6月1日（週日） 下午 2:19]   shot 10_bloom_coffee_inside.png
  30.4s [6月1日（週日） 下午 2:21]   use "Order coffee ($4.50)"
  32.4s [6月1日（週日） 下午 2:21]   choose "› 麻煩了。"
  37.4s [6月1日（週日） 下午 2:32]   ok  bought a coffee from Jun
  40.2s [6月1日（週日） 下午 2:37]   ok  walked back outside
  40.2s [6月1日（週日） 下午 2:37] STEP Walk east to Startup Hub
  41.7s [6月1日（週日） 下午 2:39]   shot 11_riverside_street.png
  56.6s [6月1日（週日） 下午 3:13]   ok  walked to Startup Hub
  56.8s [6月1日（週日） 下午 3:13]   shot 12_startup_hub_arrive.png
  56.8s [6月1日（週日） 下午 3:13] STEP Nexus Co-work
  60.5s [6月1日（週日） 下午 3:19]   ok  entered Nexus Co-work
  60.7s [6月1日（週日） 下午 3:19]   shot 13_cowork_inside.png
  61.9s [6月1日（週日） 下午 3:21]   use "Reception — desks & day passes"
  64.5s [6月1日（週日） 下午 3:21]   choose "› 對。先看看。"
  67.4s [6月1日（週日） 下午 3:22]   click [DayPass] Buy a day pass ($15)
  68.4s [6月1日（週日） 下午 3:23] STEP Business Board
  75.9s [6月1日（週日） 下午 3:35]   use "Business Board"
  76.7s [6月1日（週日） 下午 3:36]   shot 14_business_board.png
  76.7s [6月1日（週日） 下午 3:36]   click [Biz_saas] ● SaaS／軟體
  77.3s [6月1日（週日） 下午 3:37]   shot 15_business_board_planned_saas.png
  77.3s [6月1日（週日） 下午 3:37]   click [Biz_ecommerce] ● 電商
  77.4s [6月1日（週日） 下午 3:37]   click [StartEcommerce] Start an ecommerce side business
  79.0s [6月1日（週日） 下午 3:39]   ok  picked ecommerce as first business
  81.5s [6月1日（週日） 下午 3:43]   ok  Chapter 1 complete
  81.5s [6月1日（週日） 下午 3:43] STEP Chapter 2 — buy stock at a hot desk (Company OS)
  90.4s [6月1日（週日） 下午 3:56]   use "Work at a hot desk — Company OS"
  91.1s [6月1日（週日） 下午 3:57]   shot 16_company_os_overview_personal.png
  91.1s [6月1日（週日） 下午 3:57]   click [Tab_operations] Stock and orders
  91.8s [6月1日（週日） 下午 3:58]   shot 17_company_os_suppliers.png
  91.8s [6月1日（週日） 下午 3:58]   click [FeaturePracticeNext] 練習下一步
  91.9s [6月1日（週日） 下午 3:58]   click [FeaturePracticeNext] 開始探索
  92.1s [6月1日（週日） 下午 3:58]   click [Buy_tradelink_wholesale_wireless_earbuds] 購買 $899.50
  92.6s [6月1日（週日） 下午 4:08]   click [Buy_tradelink_wholesale_water_bottle] 購買 $408.00
  93.1s [6月1日（週日） 下午 4:19]   click [Buy_tradelink_wholesale_desk_lamp] 購買 $460.00
  93.6s [6月1日（週日） 下午 4:30]   click [Buy_tradelink_wholesale_phone_stand] 購買 $272.00
  94.1s [6月1日（週日） 下午 4:41]   ok  placed purchase orders (MOQ, prepaid): 4 POs, cash $27,941.00
  94.2s [6月1日（週日） 下午 4:41]   shot 18_company_os_purchase_orders.png
  94.6s [6月1日（週日） 下午 4:41] STEP Home to wait for stock
  97.9s [6月1日（週日） 下午 4:47]   ok  walked back outside
 101.7s [6月1日（週日） 下午 5:05]   ok  walked to Riverside
 119.7s [6月1日（週日） 下午 5:32]   ok  entered Riverside Tower
 119.7s [6月1日（週日） 下午 5:32]   (harness) wait 2 h
 122.3s [6月1日（週日） 下午 7:36]   use "Sleep"
 122.9s [6月1日（週日） 下午 7:36]   click [Sleep] Sleep until 7:00 AM
 124.8s [6月2日（週一） 上午 7:01]   (harness) wait 2 h
 125.5s [6月2日（週一） 上午 9:02]   (harness) wait 2 h
 126.2s [6月2日（週一） 上午 11:03]   (harness) wait 2 h
 126.9s [6月2日（週一） 下午 1:04]   (harness) wait 2 h
 127.6s [6月2日（週一） 下午 3:05]   (harness) wait 2 h
 128.3s [6月2日（週一） 下午 5:06]   (harness) wait 2 h
 129.1s [6月2日（週一） 下午 7:07]   use "Sleep"
 129.7s [6月2日（週一） 下午 7:07]   click [Sleep] Sleep until 7:00 AM
 131.7s [6月3日（週二） 上午 7:01]   (harness) wait 2 h
 132.3s [6月3日（週二） 上午 9:02]   (harness) wait 2 h
 133.0s [6月3日（週二） 上午 11:03]   (harness) wait 2 h
 133.7s [6月3日（週二） 下午 1:04]   ok  stock delivered to the apartment
 134.4s [6月3日（週二） 下午 1:05]   shot 19_apartment_with_stock.png
 134.4s [6月3日（週二） 下午 1:05] STEP List products on ShopLane
 135.7s [6月3日（週二） 下午 1:07]   use "Use laptop — Company OS"
 136.3s [6月3日（週二） 下午 1:08]   click [Tab_sales] 電商 · 新
 137.1s [6月3日（週二） 下午 1:08]   shot 20_company_os_sales_ready.png
 137.1s [6月3日（週二） 下午 1:08]   click [FeaturePracticeNext] 練習下一步
 137.2s [6月3日（週二） 下午 1:08]   click [FeaturePracticeNext] 開始探索
 137.4s [6月3日（週二） 下午 1:08]   click [ListSelf_wireless_earbuds] Shoot photos myself & list (1 h 20 min)
 138.0s [6月3日（週二） 下午 2:29]   click [ListSelf_water_bottle] Shoot photos myself & list (1 h 20 min)
 138.6s [6月3日（週二） 下午 3:49]   click [ListSelf_desk_lamp] Shoot photos myself & list (1 h 20 min)
 139.2s [6月3日（週二） 下午 5:10]   click [ListSelf_phone_stand] Shoot photos myself & list (1 h 20 min)
 139.8s [6月3日（週二） 下午 6:31]   click [AdPlus_wireless_earbuds] +
 140.5s [6月3日（週二） 下午 6:32]   shot 21_company_os_listings_live.png
 140.5s [6月3日（週二） 下午 6:32]   ok  listings live
 140.9s [6月3日（週二） 下午 6:33] STEP First order → pack → ship
 149.1s [6月3日（週二） 下午 6:45]   use "Packing table"
 149.9s [6月3日（週二） 下午 6:46]   shot 22_packing_table.png
 149.9s [6月3日（週二） 下午 6:46]   click [Pack] 打包 5 筆訂單（40 分鐘）
 150.8s [6月3日（週二） 下午 7:28]   click [CourierEconomy] 快遞 · 經濟 3 天（$25.25）
 152.0s [6月3日（週二） 下午 7:29]   ok  first order came in
 152.0s [6月3日（週二） 下午 7:29]   ok  handed to the courier (pickup booked)
 152.0s [6月3日（週二） 下午 7:29] STEP Delivery → first dollar
 160.9s [6月3日（週二） 下午 7:43]   use "Sleep"
 161.5s [6月3日（週二） 下午 7:43]   click [Sleep] Sleep until 7:00 AM
 172.2s [6月4日（週三） 上午 7:14]   use "Packing table"
 172.9s [6月4日（週三） 上午 7:15]   click [Pack] 打包 11 筆訂單（1 小時 28 分）
 173.8s [6月4日（週三） 上午 8:44]   click [CourierEconomy] 快遞 · 經濟 3 天（$50.95）
 175.1s [6月4日（週三） 上午 8:46]   ok  first order delivered (Earn Your First Dollar)
 175.1s [6月4日（週三） 上午 8:46]   revenue booked $154.22 · ShopLane balance $145.75 · cash $27,754.52
 175.2s [6月4日（週三） 上午 8:46]   shot 23_first_dollar.png
 175.2s [6月4日（週三） 上午 8:46] STEP First customer issue
 175.2s [6月4日（週三） 上午 8:46]   (harness) wait 2 h
 182.3s [6月4日（週三） 上午 10:57]   use "Packing table"
 183.0s [6月4日（週三） 上午 10:58]   click [Pack] 打包 14 筆訂單（1 小時 52 分）
 183.9s [6月4日（週三） 下午 12:51]   click [CourierEconomy] 快遞 · 經濟 3 天（$57.30）
 185.1s [6月4日（週三） 下午 12:53]   (harness) wait 2 h
 186.0s [6月4日（週三） 下午 2:54]   use "Packing table"
 186.6s [6月4日（週三） 下午 2:55]   click [Pack] 打包 15 筆訂單（2 h）
 187.6s [6月4日（週三） 下午 4:57]   click [CourierEconomy] 快遞 · 經濟 3 天（$73.50）
 188.8s [6月4日（週三） 下午 4:59]   (harness) wait 2 h
 189.6s [6月4日（週三） 下午 7:00]   use "Packing table"
 190.3s [6月4日（週三） 下午 7:01]   click [Pack] 打包 10 筆訂單（1 小時 20 分）
 191.3s [6月4日（週三） 下午 8:22]   click [CourierEconomy] 快遞 · 經濟 3 天（$44.50）
 195.2s [6月4日（週三） 下午 8:28]   use "Sleep"
 195.8s [6月4日（週三） 下午 8:28]   click [Sleep] Sleep until 7:00 AM
 197.7s [6月5日（週四） 上午 7:00]   shot 24_decision_customer_return_first.png
 197.7s [6月5日（週四） 上午 7:00]   decision customer_return_first → replace
 197.7s [6月5日（週四） 上午 7:00]   click [Choice_replace] 寄一個新的（快捷）
 199.3s [6月5日（週四） 上午 7:00]   shot 25_decision_outcome_customer_return_first.png
 199.3s [6月5日（週四） 上午 7:00]   click "OK"
 208.8s [6月5日（週四） 上午 7:14]   use "Packing table"
 209.5s [6月5日（週四） 上午 7:15]   click [Pack] 打包 18 筆訂單（2 小時 24 分）
 210.4s [6月5日（週四） 上午 9:40]   click [CourierEconomy] 快遞 · 經濟 3 天（$73.35）
 211.7s [6月5日（週四） 上午 9:42]   ok  resolved the first customer issue
 213.7s [6月5日（週四） 上午 9:45]   ok  Chapter 2 complete
 213.7s [6月5日（週四） 上午 9:45] STEP Purchase cancellation
 215.3s [6月5日（週四） 上午 9:47]   use "Use laptop — Company OS"
 215.9s [6月5日（週四） 上午 9:48]   click [Tab_operations] Stock and orders
 216.6s [6月5日（週四） 上午 9:49]   click [Buy_tradelink_wholesale_wireless_earbuds] 購買 $899.50
 217.6s [6月5日（週四） 上午 10:01]   click [CancelPO_PO-105] Cancel purchase
 218.4s [6月5日（週四） 上午 10:01]   shot 26_purchase_cancel_confirmation.png
 218.4s [6月5日（週四） 上午 10:01]   click [ConfirmReturn] Confirm cancellation
 219.0s [6月5日（週四） 上午 10:01]   ok  extra PO cancelled through UI
 219.0s [6月5日（週四） 上午 10:01]   ok  cancellation cash equals quoted refund
 219.0s [6月5日（週四） 上午 10:01]   ok  ledger balanced after purchase cancellation
 219.5s [6月5日（週四） 上午 10:02]   shot 27_purchase_cancelled_operations.png
 219.9s [6月5日（週四） 上午 10:03] STEP Chapter 3 — wait for a weekday morning
 222.6s [6月5日（週四） 上午 10:08]   ok  walked back outside
 222.6s [6月5日（週四） 上午 10:08] STEP Metro to Civic Center → City Hall
 230.8s [6月5日（週四） 上午 10:20]   use "捷運——河濱區站"
 231.8s [6月5日（週四） 上午 10:21]   shot 28_metro_civic_center.png
 231.8s [6月5日（週四） 上午 10:21]   click [Go_civic_center] 市政中心  ·  12 分鐘
 232.9s [6月5日（週四） 上午 10:35]   ok  took the Metro to Civic Center
 233.0s [6月5日（週四） 上午 10:35]   shot 29_civic_center.png
 235.3s [6月5日（週四） 上午 10:39]   traffic collision report dismissed
 243.6s [6月5日（週四） 上午 10:51]   ok  entered Aurelia City Hall
 243.8s [6月5日（週四） 上午 10:51]   shot 30_city_hall_inside.png
 245.5s [6月5日（週四） 上午 10:54]   use "Registration counter"
 247.5s [6月5日（週四） 上午 10:54]   choose "› 我要登記公司。"
 250.3s [6月5日（週四） 上午 10:55]   shot 31_registration_form.png
 250.3s [6月5日（週四） 上午 10:55]   click [Submit] Register & pay
 251.3s [6月5日（週四） 上午 11:41]   shot 32_registration_done.png
 251.3s [6月5日（週四） 上午 11:41]   click "Thanks"
 251.4s [6月5日（週四） 上午 11:41]   ok  registered Riverlight Goods
 251.5s [6月5日（週四） 上午 11:41]   shot 33_decision_low_cash_warning.png
 251.5s [6月5日（週四） 上午 11:41]   decision low_cash_warning → reduce
 251.5s [6月5日（週四） 上午 11:41]   click [Choice_reduce] 縮減開支（暫停廣告、生活從簡）
 253.0s [6月5日（週四） 上午 11:41]   shot 34_decision_outcome_low_cash_warning.png
 253.0s [6月5日（週四） 上午 11:41]   click "OK"
 257.0s [6月5日（週四） 上午 11:47]   ok  walked back outside
 257.0s [6月5日（週四） 上午 11:47] STEP Walk to the Financial District → Nexus Bank
 263.1s [6月5日（週四） 下午 12:06]   ok  walked to Financial District
 281.9s [6月5日（週四） 下午 12:34]   ok  entered Nexus Bank
 282.1s [6月5日（週四） 下午 12:34]   shot 35_bank_inside.png
 283.6s [6月5日（週四） 下午 12:36]   use "Teller — business banking"
 284.4s [6月5日（週四） 下午 12:37]   click "$15,000"
 284.6s [6月5日（週四） 下午 12:38]   click [OpenAccount] 存入 $15,000 開戶
 285.7s [6月5日（週四） 下午 1:09]   shot 36_bank_account_opened.png
 286.1s [6月5日（週四） 下午 1:10]   ok  business account opened with founder capital
 292.6s [6月5日（週四） 下午 1:21]   ok  walked back outside
 292.6s [6月5日（週四） 下午 1:21] STEP Metro to Startup Hub → lease Suite 2B
 303.2s [6月5日（週四） 下午 1:37]   use "捷運——金融區站"
 304.2s [6月5日（週四） 下午 1:38]   shot 37_metro_startup_hub.png
 304.2s [6月5日（週四） 下午 1:38]   click [Go_startup_hub] 新創園區  ·  8 分鐘
 305.2s [6月5日（週四） 下午 1:48]   ok  took the Metro to Startup Hub
 313.0s [6月5日（週四） 下午 1:59]   ok  entered 22 Founders Lane
 313.1s [6月5日（週四） 下午 1:59]   shot 38_suite_2b_tour.png
 314.6s [6月5日（週四） 下午 2:02]   use "和 Tom 說話"
 317.1s [6月5日（週四） 下午 2:02]   click [SignLease] Sign the lease
 318.3s [6月5日（週四） 下午 2:04]   ok  leased Suite 2B
 319.0s [6月5日（週四） 下午 2:05]   shot 39_suite_2b_company_sign.png
 319.0s [6月5日（週四） 下午 2:05] STEP Sit at the desk → Company OS as the company
 320.0s [6月5日（週四） 下午 2:07]   use "Sit at your desk — Company OS"
 321.3s [6月5日（週四） 下午 2:08]   shot 40_company_os_as_company.png
 321.3s [6月5日（週四） 下午 2:08]   click [Tab_finance] Finance
 322.0s [6月5日（週四） 下午 2:09]   shot 41_company_os_finance.png
 322.0s [6月5日（週四） 下午 2:09]   click [FeaturePracticeNext] 練習下一步
 322.1s [6月5日（週四） 下午 2:09]   click [FeaturePracticeNext] 開始探索
 322.3s [6月5日（週四） 下午 2:09]   click [Tab_inventory] 庫存 · 新
 322.9s [6月5日（週四） 下午 2:09]   shot 42_company_os_inventory.png
 326.3s [6月5日（週四） 下午 2:14]   ok  Chapter 3 complete