Godot Engine v4.5.1.stable.official.f62fdbde1 - https://godotengine.org
OpenGL API 3.3.0 NVIDIA 462.59 - Compatibility - Using Device: NVIDIA - Quadro RTX 4000

   0.2s STEP Resume actual new-game chapter-three checkpoint; no fabricated story or cash
   0.2s [6月5日（週四） 下午 12:49]   ok  actual chapter-three checkpoint loaded
   0.2s [6月5日（週四） 下午 12:49]   ok  first three chapters have real receipts
   2.2s [6月5日（週四） 下午 12:50] STEP Careers — part-time job at Nexus Co-work
  12.3s [6月5日（週四） 下午 1:05]   ok  entered Nexus Co-work
  16.0s [6月5日（週四） 下午 1:10]   use "Business Board"
  16.7s [6月5日（週四） 下午 1:11]   click [Page_jobs] Part-time jobs
  17.4s [6月5日（週四） 下午 1:12]   shot 01_business_board_jobs.png
  17.4s [6月5日（週四） 下午 1:12]   click [Job_cowork_host] 詳情／應徵
  18.0s [6月5日（週四） 下午 1:13]   click [ApplyJob] Take the job
  18.6s [6月5日（週四） 下午 1:14]   shot 02_job_hired.png
  19.8s [6月5日（週四） 下午 1:16]   ok  hired as a community host
  20.6s [6月5日（週四） 下午 1:17]   use "Staff door — work a shift"
  21.4s [6月5日（週四） 下午 1:18]   shot 03_job_shift.png
  21.4s [6月5日（週四） 下午 1:18]   click [WorkShift] 開始 4 小時的班（最多 +$72.98）
  23.3s [6月5日（週四） 下午 5:20]   ok  a 4-hour shift paid by how it went ($68.60)
  23.3s [6月5日（週四） 下午 5:20] STEP Careers — freelance gig at a hot desk
  23.3s [6月5日（週四） 下午 5:20]   info card: Your first business loop
  23.4s [6月5日（週四） 下午 5:20]   shot 04_info_your_first_business_loop.png
  23.4s [6月5日（週四） 下午 5:20]   click "Let's go"
  33.7s [6月5日（週四） 下午 5:35]   use "Work at a hot desk — Company OS"
  34.4s [6月5日（週四） 下午 5:36]   click [Tab_freelance] Explore freelance consulting
  35.0s [6月5日（週四） 下午 5:36]   click [FeaturePracticeNext] 練習下一步
  35.1s [6月5日（週四） 下午 5:36]   click [FeaturePracticeNext] 開始探索
  35.2s [6月5日（週四） 下午 5:36]   click [StartFreelance] Start freelancing
  35.9s [6月5日（週四） 下午 5:37]   click [Accept_G1] Accept
  36.5s [6月5日（週四） 下午 5:38]   click [Work_G1] 開啟客戶案件
  36.7s [6月5日（週四） 下午 5:38]   click [Interview_goal] ✗ 專案目標
  36.9s [6月5日（週四） 下午 5:38]   click [Interview_audience] ✗ 目標受眾
  37.0s [6月5日（週四） 下午 5:38]   click [Interview_budget] ✗ 預算
  37.2s [6月5日（週四） 下午 5:38]   click [Proposal] Prepare proposal
  37.3s [6月5日（週四） 下午 5:38]   click [AgreeProposal] Agree quote and scope
  37.5s [6月5日（週四） 下午 5:38]   click [Session_2] Work 2 h
  38.3s [6月5日（週四） 下午 7:38]   shot 05_freelance_gig.png
  38.3s [6月5日（週四） 下午 7:38]   ok  put hours into a freelance gig
  38.4s [6月5日（週四） 下午 7:38]   SaaS stays hidden until its chapter; optional career deferred
  43.5s [6月5日（週四） 下午 7:46]   ok  walked back outside
  43.5s [6月5日（週四） 下午 7:46] STEP Run the company to month-end
  49.4s [6月5日（週四） 下午 8:07]   ok  walked to Riverside
  78.7s [6月5日（週四） 下午 8:51]   ok  entered Riverside Tower
  81.8s [6月5日（週四） 下午 8:56]   use "Sleep"
  82.4s [6月5日（週四） 下午 8:56]   click [Sleep] Sleep until 7:00 AM
  84.4s [6月6日（週五） 上午 7:00]   shot 06_assistant_fulfilment.png
  84.8s [6月6日（週五） 下午 7:00]   use "Sleep"
  85.4s [6月6日（週五） 下午 7:00]   click [Sleep] Sleep until 7:00 AM
  87.7s [6月7日（週六） 下午 7:00]   use "Sleep"
  88.3s [6月7日（週六） 下午 7:00]   click [Sleep] Sleep until 7:00 AM
  90.6s [6月8日（週日） 下午 7:00]   use "Sleep"
  91.2s [6月8日（週日） 下午 7:00]   click [Sleep] Sleep until 7:00 AM
  93.4s [6月9日（週一） 下午 7:00]   use "Sleep"
  94.0s [6月9日（週一） 下午 7:00]   click [Sleep] Sleep until 7:00 AM
  96.3s [6月10日（週二） 下午 7:00]   shot 07_decision_supplier_price_increase.png
  96.3s [6月10日（週二） 下午 7:00]   decision supplier_price_increase → accept
  96.3s [6月10日（週二） 下午 7:00]   click [Choice_accept] 好。繼續跟你進貨。
  97.7s [6月10日（週二） 下午 7:00]   shot 08_decision_outcome_supplier_price_increase.png
  97.7s [6月10日（週二） 下午 7:00]   click "OK"
  98.4s [6月10日（週二） 下午 7:00]   use "Sleep"
  99.0s [6月10日（週二） 下午 7:00]   click [Sleep] Sleep until 7:00 AM
 101.3s [6月11日（週三） 下午 7:00]   use "Sleep"
 101.9s [6月11日（週三） 下午 7:00]   click [Sleep] Sleep until 7:00 AM
 103.9s [6月12日（週四） 下午 3:31]   toast: 新評價 #1115：★「壞掉了，賣家不處理。」
 104.2s [6月12日（週四） 下午 7:00]   use "Sleep"
 104.8s [6月12日（週四） 下午 7:00]   click [Sleep] Sleep until 7:00 AM
 107.0s [6月13日（週五） 下午 7:00]   use "Sleep"
 107.6s [6月13日（週五） 下午 7:00]   click [Sleep] Sleep until 7:00 AM
 109.9s [6月14日（週六） 下午 7:00]   shot 09_decision_viral_mention.png
 109.9s [6月14日（週六） 下午 7:00]   decision viral_mention → ride
 109.9s [6月14日（週六） 下午 7:00]   click [Choice_ride] 順其自然
 111.3s [6月14日（週六） 下午 7:00]   shot 10_decision_outcome_viral_mention.png
 111.3s [6月14日（週六） 下午 7:00]   click "OK"
 112.0s [6月14日（週六） 下午 7:00]   use "Sleep"
 112.6s [6月14日（週六） 下午 7:00]   click [Sleep] Sleep until 7:00 AM
 115.0s [6月15日（週日） 下午 7:00]   use "Sleep"
 115.6s [6月15日（週日） 下午 7:00]   click [Sleep] Sleep until 7:00 AM
 117.9s [6月16日（週一） 下午 7:00]   use "Sleep"
 118.5s [6月16日（週一） 下午 7:00]   click [Sleep] Sleep until 7:00 AM
 120.8s [6月17日（週二） 下午 7:00]   shot 11_decision_unexpected_large_order.png
 120.8s [6月17日（週二） 下午 7:00]   decision unexpected_large_order → review
 120.8s [6月17日（週二） 下午 7:00]   click [Choice_review] 把合約寄給我，我看看。
 122.2s [6月17日（週二） 下午 7:00]   shot 12_decision_outcome_unexpected_large_order.png
 122.2s [6月17日（週二） 下午 7:00]   click "OK"
 122.9s [6月17日（週二） 下午 7:00]   use "Sleep"
 123.5s [6月17日（週二） 下午 7:00]   click [Sleep] Sleep until 7:00 AM
 127.4s [6月18日（週三） 上午 7:04]   use "Use laptop — Company OS"
 128.0s [6月18日（週三） 上午 7:04]   click [Tab_contracts] 合約 · 新 ●
 128.8s [6月18日（週三） 上午 7:05]   shot 13_contract_offer.png
 128.8s [6月18日（週三） 上午 7:05]   click [FeaturePracticeNext] 練習下一步
 128.9s [6月18日（週三） 上午 7:05]   click [FeaturePracticeNext] 開始探索
 129.1s [6月18日（週三） 上午 7:05]   click [AcceptContract] Accept
 138.2s [6月18日（週三） 下午 7:12]   use "Sleep"
 138.8s [6月18日（週三） 下午 7:12]   click [Sleep] Sleep until 7:00 AM
 142.6s [6月19日（週四） 上午 7:03]   use "Use laptop — Company OS"
 143.2s [6月19日（週四） 上午 7:04]   click [Tab_contracts] Contracts
 152.3s [6月19日（週四） 下午 7:12]   use "Sleep"
 152.9s [6月19日（週四） 下午 7:12]   click [Sleep] Sleep until 7:00 AM
 156.6s [6月20日（週五） 上午 7:03]   use "Use laptop — Company OS"
 157.2s [6月20日（週五） 上午 7:04]   click [Tab_contracts] Contracts
 166.3s [6月20日（週五） 下午 7:12]   use "Sleep"
 166.9s [6月20日（週五） 下午 7:12]   click [Sleep] Sleep until 7:00 AM
 175.4s [6月21日（週六） 下午 7:09]   use "Sleep"
 176.0s [6月21日（週六） 下午 7:09]   click [Sleep] Sleep until 7:00 AM
 178.3s [6月22日（週日） 下午 7:00]   use "Sleep"
 178.9s [6月22日（週日） 下午 7:00]   click [Sleep] Sleep until 7:00 AM
 181.2s [6月23日（週一） 下午 7:00]   use "Sleep"
 181.8s [6月23日（週一） 下午 7:00]   click [Sleep] Sleep until 7:00 AM
 184.1s [6月24日（週二） 下午 7:00]   use "Sleep"
 184.7s [6月24日（週二） 下午 7:00]   click [Sleep] Sleep until 7:00 AM
 186.8s [6月25日（週三） 下午 3:45]   toast: 新評價 #1575：★★「不太好。感覺很廉價。」
 187.0s [6月25日（週三） 下午 7:00]   use "Sleep"
 187.6s [6月25日（週三） 下午 7:00]   click [Sleep] Sleep until 7:00 AM
 190.0s [6月26日（週四） 下午 7:00]   use "Sleep"
 190.6s [6月26日（週四） 下午 7:00]   click [Sleep] Sleep until 7:00 AM
 192.9s [6月27日（週五） 下午 7:00]   use "Sleep"
 193.5s [6月27日（週五） 下午 7:00]   click [Sleep] Sleep until 7:00 AM
 195.8s [6月28日（週六） 下午 7:00]   shot 14_decision_supplier_price_increase.png
 195.8s [6月28日（週六） 下午 7:00]   decision supplier_price_increase → accept
 195.8s [6月28日（週六） 下午 7:00]   click [Choice_accept] 好。繼續跟你進貨。
 197.2s [6月28日（週六） 下午 7:00]   shot 15_decision_outcome_supplier_price_increase.png
 197.2s [6月28日（週六） 下午 7:00]   click "OK"
 198.0s [6月28日（週六） 下午 7:00]   use "Sleep"
 198.6s [6月28日（週六） 下午 7:00]   click [Sleep] Sleep until 7:00 AM
 207.5s [6月29日（週日） 下午 7:10]   use "Sleep"
 208.1s [6月29日（週日） 下午 7:10]   click [Sleep] Sleep until 7:00 AM
 210.4s [6月30日（週一） 下午 7:00]   use "Sleep"
 211.0s [6月30日（週一） 下午 7:00]   click [Sleep] Sleep until 7:00 AM
 214.8s [7月1日（週二） 上午 7:00]   shot 16_month_close_report.png
 214.8s [7月1日（週二） 上午 7:00]   click [month close] Continue
 216.5s [7月1日（週二） 上午 7:02]   ok  month close ran (June)
 218.3s [7月1日（週二） 上午 7:05]   use "Use laptop — Company OS"
 218.9s [7月1日（週二） 上午 7:06]   click [Tab_finance] Finance
 219.8s [7月1日（週二） 上午 7:07]   shot 17_company_os_finance_july.png
 220.2s [7月1日（週二） 上午 7:07]   ok  Chapter 4 started after the June close
 220.2s [7月1日（週二） 上午 7:07] STEP Chapter 4 — register as an employer at City Hall
 224.2s [7月1日（週二） 上午 7:14]   ok  walked back outside
 243.2s [7月1日（週二） 上午 7:43]   use "捷運——河濱區站"
 244.2s [7月1日（週二） 上午 7:44]   shot 18_metro_civic_center.png
 244.2s [7月1日（週二） 上午 7:44]   click [Go_civic_center] 市政中心  ·  12 分鐘
 245.3s [7月1日（週二） 上午 7:58]   ok  took the Metro to Civic Center
 256.7s [7月1日（週二） 上午 9:25]   ok  entered Aurelia City Hall
 259.6s [7月1日（週二） 上午 9:29]   use "Permits & regulations"
 260.3s [7月1日（週二） 上午 9:30]   shot 19_permits_kiosk.png
 260.3s [7月1日（週二） 上午 9:30]   click [RegisterEmployer] 登記（$150）
 261.4s [7月1日（週二） 上午 9:52]   ok  registered as an employer
 261.4s [7月1日（週二） 上午 9:52] STEP Chapter 4 — post a job, hire, first payroll
 265.7s [7月1日（週二） 上午 10:00]   ok  walked back outside
 274.9s [7月1日（週二） 上午 10:13]   use "捷運——市政中心站"
 275.9s [7月1日（週二） 上午 10:15]   shot 20_metro_riverside.png
 275.9s [7月1日（週二） 上午 10:15]   click [Go_riverside] 河濱區  ·  12 分鐘
 277.0s [7月1日（週二） 上午 10:29]   ok  took the Metro to Riverside
 291.5s [7月1日（週二） 上午 10:50]   ok  entered Riverside Tower
 293.7s [7月1日（週二） 上午 10:54]   use "Use laptop — Company OS"
 294.3s [7月1日（週二） 上午 10:55]   click [Tab_people] 人 · 新
 295.1s [7月1日（週二） 上午 10:55]   shot 21_people_tab.png
 295.1s [7月1日（週二） 上午 10:55]   click [FeaturePracticeNext] 練習下一步
 295.2s [7月1日（週二） 上午 10:55]   click [FeaturePracticeNext] 開始探索
 295.4s [7月1日（週二） 上午 10:55]   click [Post_support] Post job
 296.4s [7月1日（週二） 上午 10:56]   ok  job ad posted
 296.5s [7月1日（週二） 上午 10:56]   (harness) wait 2 h
 297.1s [7月1日（週二） 下午 12:57]   (harness) wait 2 h
 297.1s [7月1日（週二） 下午 12:58]   toast: 新評價 #1849：★★「晚到還有刮痕。」
 297.8s [7月1日（週二） 下午 2:58]   (harness) wait 2 h
 298.4s [7月1日（週二） 下午 4:59]   (harness) wait 2 h
 307.3s [7月1日（週二） 下午 7:12]   use "Sleep"
 307.9s [7月1日（週二） 下午 7:12]   click [Sleep] Sleep until 7:00 AM
 311.6s [7月2日（週三） 上午 7:03]   use "Use laptop — Company OS"
 312.2s [7月2日（週三） 上午 7:04]   click [Tab_people] People
 313.0s [7月2日（週三） 上午 7:05]   shot 22_applicants.png
 313.0s [7月2日（週三） 上午 7:05]   click [Hire_E1] Hire
 314.1s [7月2日（週三） 上午 7:07]   ok  hired the first employee (Tess Ferreira)
 322.1s [7月2日（週三） 下午 7:12]   use "Sleep"
 322.7s [7月2日（週三） 下午 7:12]   click [Sleep] Sleep until 7:00 AM
 323.4s [7月3日（週四） 上午 4:22]   toast: 新評價 #1835：★「浪費錢。」
 331.1s [7月3日（週四） 下午 7:10]   use "Sleep"
 331.7s [7月3日（週四） 下午 7:10]   click [Sleep] Sleep until 7:00 AM
 334.1s [7月4日（週五） 下午 7:01]   use "Sleep"
 334.7s [7月4日（週五） 下午 7:01]   click [Sleep] Sleep until 7:00 AM
 336.7s [7月5日（週六） 上午 7:00]   ok  first payroll paid
 338.5s [7月5日（週六） 上午 7:03]   use "Use laptop — Company OS"
 339.1s [7月5日（週六） 上午 7:04]   click [Tab_finance] Finance
 339.9s [7月5日（週六） 上午 7:05]   shot 23_cash_forecast.png
 341.4s [7月5日（週六） 上午 7:08]   ok  Chapter 4 complete
 341.4s [7月5日（週六） 上午 7:08] STEP Chapter 5 — Crestline's offer
 349.4s [7月5日（週六） 下午 7:12]   use "Sleep"
 350.0s [7月5日（週六） 下午 7:12]   click [Sleep] Sleep until 7:00 AM
 358.5s [7月6日（週日） 下午 7:10]   use "Sleep"
 359.1s [7月6日（週日） 下午 7:10]   click [Sleep] Sleep until 7:00 AM
 361.3s [7月7日（週一） 下午 7:00]   shot 24_decision_low_cash_warning.png
 361.3s [7月7日（週一） 下午 7:00]   decision low_cash_warning → reduce
 361.3s [7月7日（週一） 下午 7:00]   click [Choice_reduce] 縮減開支（暫停廣告、生活從簡）
 362.7s [7月7日（週一） 下午 7:00]   shot 25_decision_outcome_low_cash_warning.png
 362.7s [7月7日（週一） 下午 7:00]   click "OK"
 363.5s [7月7日（週一） 下午 7:00]   use "Sleep"
 364.1s [7月7日（週一） 下午 7:00]   click [Sleep] Sleep until 7:00 AM
 366.3s [7月8日（週二） 下午 7:01]   use "Sleep"
 366.9s [7月8日（週二） 下午 7:01]   click [Sleep] Sleep until 7:00 AM
 369.1s [7月9日（週三） 下午 7:01]   use "Sleep"
 369.7s [7月9日（週三） 下午 7:01]   click [Sleep] Sleep until 7:00 AM
 370.3s [7月9日（週三） 下午 7:18]   toast: 新評價 #2155：★「壞掉了，賣家不處理。」
 372.0s [7月10日（週四） 下午 7:01]   use "Sleep"
 372.6s [7月10日（週四） 下午 7:01]   click [Sleep] Sleep until 7:00 AM
 374.6s [7月11日（週五） 上午 7:00]   shot 26_decision_crestline_big_offer.png
 374.6s [7月11日（週五） 上午 7:00]   decision crestline_big_offer → review
 374.6s [7月11日（週五） 上午 7:00]   click [Choice_review] 把合約寄來，我看看。
 376.0s [7月11日（週五） 上午 7:00]   shot 27_decision_outcome_crestline_big_offer.png
 376.0s [7月11日（週五） 上午 7:00]   click "OK"
 376.6s [7月11日（週五） 上午 7:00]   ok  Crestline offered the big contract
 378.4s [7月11日（週五） 上午 7:03]   use "Use laptop — Company OS"
 379.0s [7月11日（週五） 上午 7:04]   click [Tab_contracts] 合約 ●
 379.8s [7月11日（週五） 上午 7:05]   shot 28_big_contract_offer.png
 379.8s [7月11日（週五） 上午 7:05]   click [AcceptContract] Accept
 380.9s [7月11日（週五） 上午 7:07]   ok  accepted Crestline's contract
 380.9s [7月11日（週五） 上午 7:07] STEP Chapter 5 — borrow from Marcus Reed at Nexus Bank
 384.9s [7月11日（週五） 上午 7:14]   ok  walked back outside
 403.9s [7月11日（週五） 上午 7:42]   use "捷運——河濱區站"
 404.9s [7月11日（週五） 上午 7:44]   shot 29_metro_financial.png
 404.9s [7月11日（週五） 上午 7:44]   click [Go_financial] 金融區  ·  10 分鐘
 406.0s [7月11日（週五） 上午 7:55]   ok  took the Metro to Financial District
 418.2s [7月11日（週五） 下午 1:24]   ok  entered Nexus Bank
 421.0s [7月11日（週五） 下午 1:28]   use "和 Marcus Reed 說話"
 424.0s [7月11日（週五） 下午 1:28]   choose "› 讓我看看你能借多少。"
 426.1s [7月11日（週五） 下午 1:28]   shot 30_loan_offer.png
 426.1s [7月11日（週五） 下午 1:28]   click [Amt_50] $38,000
 426.4s [7月11日（週五） 下午 1:28]   click [Term_12] 12 個月
 426.8s [7月11日（週五） 下午 1:28]   click [TakeLoan] 借 $38,000
 427.1s [7月11日（週五） 下午 1:28]   click [ConfirmLoan] Confirm loan signing
 427.7s [7月11日（週五） 下午 5:00]   ok  loan signing finishes the same afternoon
 428.3s [7月11日（週五） 下午 5:00]   shot 31_loan_taken.png
 428.7s [7月11日（週五） 下午 5:00]   ok  took a Nexus Bank loan (debt $38,000.00)
 428.7s [7月11日（週五） 下午 5:00] STEP Chapter 5 — order the lamps and deliver
 437.1s [7月11日（週五） 下午 5:14]   ok  walked back outside
 447.3s [7月11日（週五） 下午 5:29]   use "捷運——金融區站"
 448.2s [7月11日（週五） 下午 5:30]   shot 32_metro_riverside.png
 448.2s [7月11日（週五） 下午 5:30]   click [Go_riverside] 河濱區  ·  10 分鐘
 449.3s [7月11日（週五） 下午 5:42]   ok  took the Metro to Riverside
 463.8s [7月11日（週五） 下午 6:04]   ok  entered Riverside Tower
 466.9s [7月11日（週五） 下午 7:04]   use "Sleep"
 467.5s [7月11日（週五） 下午 7:04]   click [Sleep] Sleep until 7:00 AM
 469.7s [7月12日（週六） 下午 7:01]   use "Sleep"
 470.3s [7月12日（週六） 下午 7:01]   click [Sleep] Sleep until 7:00 AM
 472.6s [7月13日（週日） 下午 7:01]   use "Sleep"
 473.2s [7月13日（週日） 下午 7:01]   click [Sleep] Sleep until 7:00 AM
 475.4s [7月14日（週一） 上午 7:00]   shot 33_big_contract_assistant_delivered.png
 475.4s [7月14日（週一） 上午 7:00]   ok  delivered 800 lamps to Crestline
 476.2s [7月14日（週一） 上午 7:02]   ok  Chapter 5 complete
 476.2s [7月14日（週一） 上午 7:02] STEP Chapter 6 — forecast, early payment, month in the black
 478.3s [7月14日（週一） 上午 7:05]   use "Use laptop — Company OS"
 478.9s [7月14日（週一） 上午 7:06]   click [Tab_finance] Finance
 479.7s [7月14日（週一） 上午 7:07]   shot 34_cash_forecast_ch6.png
 479.7s [7月14日（週一） 上午 7:07]   click [Tab_contracts] Contracts
 480.3s [7月14日（週一） 上午 7:08]   click [EarlyPayment] 請對方提前付款（折 3%：現在拿 $21,728）
 481.1s [7月14日（週一） 上午 7:09]   shot 35_early_payment.png
 481.5s [7月14日（週一） 上午 7:10]   ok  Crestline paid early (3% discount)
 482.7s [7月14日（週一） 下午 7:02]   shot 36_decision_elena_offer.png
 482.7s [7月14日（週一） 下午 7:02]   decision elena_offer → accept
 482.7s [7月14日（週一） 下午 7:02]   click [Choice_accept] 以 20% 股份換 $40,000
 484.2s [7月14日（週一） 下午 7:02]   shot 37_decision_outcome_elena_offer.png
 484.2s [7月14日（週一） 下午 7:02]   click "OK"
 491.7s [7月14日（週一） 下午 7:13]   use "Sleep"
 492.3s [7月14日（週一） 下午 7:13]   click [Sleep] Sleep until 7:00 AM
 500.8s [7月15日（週二） 下午 7:10]   use "Sleep"
 501.4s [7月15日（週二） 下午 7:10]   click [Sleep] Sleep until 7:00 AM
 503.7s [7月16日（週三） 下午 7:01]   use "Sleep"
 504.3s [7月16日（週三） 下午 7:01]   click [Sleep] Sleep until 7:00 AM
 506.5s [7月17日（週四） 下午 7:01]   use "Sleep"
 507.1s [7月17日（週四） 下午 7:01]   click [Sleep] Sleep until 7:00 AM
 509.4s [7月18日（週五） 下午 7:01]   use "Sleep"
 510.0s [7月18日（週五） 下午 7:01]   click [Sleep] Sleep until 7:00 AM
 510.7s [7月19日（週六） 上午 2:37]   toast: 新評價 #2387：★「壞掉了，賣家不處理。」
 512.2s [7月19日（週六） 下午 7:01]   shot 38_competing_job_offer.png
 512.3s [7月19日（週六） 下午 7:01]   retention budget retain
 512.3s [7月19日（週六） 下午 7:01]   click [RetainEmployee] 以每週 $683.65 留人
 513.0s [7月19日（週六） 下午 7:02]   use "Sleep"
 513.6s [7月19日（週六） 下午 7:02]   click [Sleep] Sleep until 7:00 AM
 515.8s [7月20日（週日） 下午 7:00]   shot 39_decision_supplier_price_increase.png
 515.8s [7月20日（週日） 下午 7:00]   decision supplier_price_increase → accept
 515.8s [7月20日（週日） 下午 7:00]   click [Choice_accept] 好。繼續跟你進貨。
 517.2s [7月20日（週日） 下午 7:00]   shot 40_decision_outcome_supplier_price_increase.png
 517.2s [7月20日（週日） 下午 7:00]   click "OK"
 517.9s [7月20日（週日） 下午 7:00]   use "Sleep"
 518.5s [7月20日（週日） 下午 7:00]   click [Sleep] Sleep until 7:00 AM
 520.8s [7月21日（週一） 下午 7:01]   use "Sleep"
 521.4s [7月21日（週一） 下午 7:01]   click [Sleep] Sleep until 7:00 AM
 523.7s [7月22日（週二） 下午 7:01]   use "Sleep"
 524.3s [7月22日（週二） 下午 7:01]   click [Sleep] Sleep until 7:00 AM
 526.6s [7月23日（週三） 下午 7:01]   use "Sleep"
 527.2s [7月23日（週三） 下午 7:01]   click [Sleep] Sleep until 7:00 AM
 529.6s [7月24日（週四） 下午 7:01]   use "Sleep"
 530.2s [7月24日（週四） 下午 7:01]   click [Sleep] Sleep until 7:00 AM
 532.5s [7月25日（週五） 下午 7:01]   use "Sleep"
 533.1s [7月25日（週五） 下午 7:01]   click [Sleep] Sleep until 7:00 AM
 535.3s [7月26日（週六） 下午 7:01]   use "Sleep"
 535.9s [7月26日（週六） 下午 7:01]   click [Sleep] Sleep until 7:00 AM
 538.2s [7月27日（週日） 下午 7:01]   use "Sleep"
 538.8s [7月27日（週日） 下午 7:01]   click [Sleep] Sleep until 7:00 AM
 541.2s [7月28日（週一） 下午 7:01]   use "Sleep"
 541.8s [7月28日（週一） 下午 7:01]   click [Sleep] Sleep until 7:00 AM
 544.1s [7月29日（週二） 下午 7:01]   use "Sleep"
 544.8s [7月29日（週二） 下午 7:01]   click [Sleep] Sleep until 7:00 AM
 545.4s [7月29日（週二） 下午 8:14]   toast: 新評價 #2777：★★「晚到還有刮痕。」
 547.0s [7月30日（週三） 下午 7:01]   use "Sleep"
 547.6s [7月30日（週三） 下午 7:01]   click [Sleep] Sleep until 7:00 AM
 549.8s [7月31日（週四） 下午 7:01]   use "Sleep"
 550.4s [7月31日（週四） 下午 7:01]   click [Sleep] Sleep until 7:00 AM
 554.3s [8月1日（週五） 上午 7:00]   shot 41_month_close_report.png
 554.3s [8月1日（週五） 上午 7:00]   click [month close] Continue
 555.9s [8月1日（週五） 上午 7:02]   ok  Chapter 6 complete
 555.9s [8月1日（週五） 上午 7:02]   ok  ledger balanced after chapters 4–6
 555.9s [8月1日（週五） 上午 7:02] STEP Shopping Street — compare Crestline shelf prices
 560.7s [8月1日（週五） 上午 7:10]   ok  walked back outside
 579.8s [8月1日（週五） 上午 7:39]   use "捷運——河濱區站"
 580.7s [8月1日（週五） 上午 7:40]   shot 42_metro_shopping_street.png
 580.7s [8月1日（週五） 上午 7:40]   click [Go_shopping_street] 購物街  ·  15 分鐘
 582.0s [8月1日（週五） 上午 7:57]   ok  took the Metro to Shopping Street
 595.9s [8月1日（週五） 下午 12:18]   ok  entered Crestline Flagship
 597.0s [8月1日（週五） 下午 12:19]   use "Research shelf prices"
 597.1s [8月1日（週五） 下午 12:19]   ok  owned/listed product available for research
 597.1s [8月1日（週五） 下午 12:19]   click [Research_desk_lamp] 調查 LED 檯燈 · 30 分鐘；七天內重看免費
 597.3s [8月1日（週五） 下午 12:50]   ok  real thirty-minute research saved
 597.3s [8月1日（週五） 下午 12:50]   shot 43_crestline_competitor_research.png
 597.3s [8月1日（週五） 下午 12:50]   click [ResearchDone] Return to the store
 600.0s [8月1日（週五） 下午 12:55]   ok  walked back outside
 611.9s [8月1日（週五） 下午 1:13]   use "捷運——購物街站"
 612.9s [8月1日（週五） 下午 1:14]   shot 44_metro_riverside.png
 612.9s [8月1日（週五） 下午 1:14]   click [Go_riverside] 河濱區  ·  15 分鐘
 614.0s [8月1日（週五） 下午 1:31]   ok  took the Metro to Riverside
 628.5s [8月1日（週五） 下午 1:52]   ok  entered Riverside Tower
 630.7s [8月1日（週五） 下午 1:56]   use "Use laptop — Company OS"
 631.3s [8月1日（週五） 下午 1:57]   click [Tab_sales] Ecommerce
 632.1s [8月1日（週五） 下午 1:58]   shot 45_sales_research_badge.png
 632.6s [8月1日（週五） 下午 1:59]   ok  Chapter 7 started after Chapter 6
 632.6s [8月1日（週五） 下午 1:59]   ok  Year 3: the Supply Shock
 632.6s [8月1日（週五） 下午 1:59] STEP Chapter 7 — the news, and Ken's options
 632.7s [8月1日（週五） 下午 1:59]   ok  genuine chapter seven starting checkpoint saved
 636.2s [8月1日（週五） 下午 2:05]   ok  walked back outside
 641.1s [8月1日（週五） 下午 2:12]   ok  entered Bloom Coffee
 643.8s [8月1日（週五） 下午 2:16]   use "Read the news board"
 644.6s [8月1日（週五） 下午 2:21]   shot 46_news_supply_shock.png
 644.6s [8月1日（週五） 下午 2:21]   info card: News board
 644.6s [8月1日（週五） 下午 2:21]   shot 47_info_news_board.png
 644.6s [8月1日（週五） 下午 2:21]   click "Close"
 645.1s [8月1日（週五） 下午 2:21]   ok  read the news (supply_shock)
 649.3s [8月1日（週五） 下午 2:28]   ok  walked back outside
 653.9s [8月1日（週五） 下午 2:35]   ok  entered Riverside Tower
 657.0s [8月1日（週五） 下午 7:05]   use "Sleep"
 657.6s [8月1日（週五） 下午 7:05]   click [Sleep] Sleep until 7:00 AM
 659.8s [8月2日（週六） 下午 7:01]   use "Sleep"
 660.4s [8月2日（週六） 下午 7:01]   click [Sleep] Sleep until 7:00 AM
 662.7s [8月3日（週日） 下午 7:00]   shot 48_decision_supply_shock_plan.png
 662.7s [8月3日（週日） 下午 7:00]   decision supply_shock_plan → local
 662.7s [8月3日（週日） 下午 7:00]   click [Choice_local] 加一個在地備援：奧瑞莉亞職人合作社
 664.1s [8月3日（週日） 下午 7:00]   shot 49_decision_outcome_supply_shock_plan.png
 664.1s [8月3日（週日） 下午 7:00]   click "OK"
 664.8s [8月3日（週日） 下午 7:00]   use "Sleep"
 665.4s [8月3日（週日） 下午 7:00]   click [Sleep] Sleep until 7:00 AM
 667.4s [8月4日（週一） 上午 7:00]   ok  the local co-op is a supplier now
 667.4s [8月4日（週一） 上午 7:00] STEP Chapter 7 — order from the co-op, raise a price
 669.4s [8月4日（週一） 上午 7:04]   use "Use laptop — Company OS"
 670.0s [8月4日（週一） 上午 7:04]   click [Tab_operations] Stock and orders
 670.9s [8月4日（週一） 上午 7:06]   shot 50_operations_supply_shock.png
 671.5s [8月4日（週一） 上午 7:07]   use "Use laptop — Company OS"
 672.1s [8月4日（週一） 上午 7:08]   click [Tab_people] People
 672.8s [8月4日（週一） 上午 7:09]   click [LetGo_E1] Let go
 673.1s [8月4日（週一） 上午 7:09]   click [Tab_sales] Ecommerce
 673.7s [8月4日（週一） 上午 7:10]   click [PriceUp_wireless_earbuds] +
 674.0s [8月4日（週一） 上午 7:10]   click [PriceUp_wireless_earbuds] +
 674.2s [8月4日（週一） 上午 7:11]   click [PriceUp_wireless_earbuds] +
 674.5s [8月4日（週一） 上午 7:11]   click [PriceUp_wireless_earbuds] +
 674.7s [8月4日（週一） 上午 7:11]   click [PriceUp_wireless_earbuds] +
 675.0s [8月4日（週一） 上午 7:12]   click [PriceUp_wireless_earbuds] +
 675.2s [8月4日（週一） 上午 7:12]   click [PriceUp_wireless_earbuds] +
 675.5s [8月4日（週一） 上午 7:13]   click [PriceUp_wireless_earbuds] +
 675.7s [8月4日（週一） 上午 7:13]   click [PriceUp_wireless_earbuds] +
 676.0s [8月4日（週一） 上午 7:13]   click [PriceUp_wireless_earbuds] +
 676.2s [8月4日（週一） 上午 7:14]   click [PriceUp_wireless_earbuds] +
 676.5s [8月4日（週一） 上午 7:14]   click [PriceUp_wireless_earbuds] +
 676.7s [8月4日（週一） 上午 7:14]   click [PriceUp_wireless_earbuds] +
 677.0s [8月4日（週一） 上午 7:15]   click [PriceUp_wireless_earbuds] +
 677.2s [8月4日（週一） 上午 7:15]   click [PriceUp_wireless_earbuds] +
 677.5s [8月4日（週一） 上午 7:16]   click [PriceUp_wireless_earbuds] +
 677.7s [8月4日（週一） 上午 7:16]   click [PriceUp_wireless_earbuds] +
 678.0s [8月4日（週一） 上午 7:16]   click [PriceUp_wireless_earbuds] +
 678.2s [8月4日（週一） 上午 7:17]   click [PriceUp_wireless_earbuds] +
 678.5s [8月4日（週一） 上午 7:17]   click [PriceUp_wireless_earbuds] +
 678.7s [8月4日（週一） 上午 7:17]   click [PriceUp_wireless_earbuds] +
 679.0s [8月4日（週一） 上午 7:18]   click [PriceUp_wireless_earbuds] +
 679.2s [8月4日（週一） 上午 7:18]   click [PriceUp_wireless_earbuds] +
 679.5s [8月4日（週一） 上午 7:19]   click [PriceUp_wireless_earbuds] +
 679.7s [8月4日（週一） 上午 7:19]   click [PriceUp_wireless_earbuds] +
 680.0s [8月4日（週一） 上午 7:19]   click [PriceUp_wireless_earbuds] +
 680.2s [8月4日（週一） 上午 7:20]   click [PriceUp_wireless_earbuds] +
 680.5s [8月4日（週一） 上午 7:20]   click [PriceUp_wireless_earbuds] +
 680.7s [8月4日（週一） 上午 7:20]   click [PriceUp_wireless_earbuds] +
 681.0s [8月4日（週一） 上午 7:21]   click [PriceUp_wireless_earbuds] +
 681.2s [8月4日（週一） 上午 7:21]   click [PriceUp_wireless_earbuds] +
 681.5s [8月4日（週一） 上午 7:22]   click [PriceUp_wireless_earbuds] +
 681.7s [8月4日（週一） 上午 7:22]   click [PriceUp_wireless_earbuds] +
 682.0s [8月4日（週一） 上午 7:22]   click [PriceUp_wireless_earbuds] +
 682.2s [8月4日（週一） 上午 7:23]   click [PriceUp_wireless_earbuds] +
 682.5s [8月4日（週一） 上午 7:23]   click [PriceUp_wireless_earbuds] +
 682.7s [8月4日（週一） 上午 7:23]   click [PriceUp_wireless_earbuds] +
 683.0s [8月4日（週一） 上午 7:24]   click [PriceUp_wireless_earbuds] +
 683.2s [8月4日（週一） 上午 7:24]   click [PriceUp_wireless_earbuds] +
 683.5s [8月4日（週一） 上午 7:25]   click [PriceUp_wireless_earbuds] +
 683.7s [8月4日（週一） 上午 7:25]   click [PriceUp_wireless_earbuds] +
 684.0s [8月4日（週一） 上午 7:25]   click [PriceUp_water_bottle] +
 684.2s [8月4日（週一） 上午 7:26]   click [PriceUp_water_bottle] +
 684.5s [8月4日（週一） 上午 7:26]   click [PriceUp_water_bottle] +
 684.7s [8月4日（週一） 上午 7:26]   click [PriceUp_water_bottle] +
 685.0s [8月4日（週一） 上午 7:27]   click [PriceUp_water_bottle] +
 685.2s [8月4日（週一） 上午 7:27]   click [PriceUp_water_bottle] +
 685.5s [8月4日（週一） 上午 7:28]   click [PriceUp_water_bottle] +
 685.7s [8月4日（週一） 上午 7:28]   click [PriceUp_water_bottle] +
 686.0s [8月4日（週一） 上午 7:28]   click [PriceUp_water_bottle] +
 686.2s [8月4日（週一） 上午 7:29]   click [PriceUp_water_bottle] +
 686.5s [8月4日（週一） 上午 7:29]   click [PriceUp_water_bottle] +
 686.7s [8月4日（週一） 上午 7:29]   click [PriceUp_water_bottle] +
 687.0s [8月4日（週一） 上午 7:30]   click [PriceUp_water_bottle] +
 687.2s [8月4日（週一） 上午 7:30]   click [PriceUp_water_bottle] +
 687.5s [8月4日（週一） 上午 7:31]   click [PriceUp_water_bottle] +
 687.7s [8月4日（週一） 上午 7:31]   click [PriceUp_water_bottle] +
 688.0s [8月4日（週一） 上午 7:31]   click [PriceUp_desk_lamp] +
 688.2s [8月4日（週一） 上午 7:32]   click [PriceUp_desk_lamp] +
 688.5s [8月4日（週一） 上午 7:32]   click [PriceUp_desk_lamp] +
 688.7s [8月4日（週一） 上午 7:32]   click [PriceUp_desk_lamp] +
 689.0s [8月4日（週一） 上午 7:33]   click [PriceUp_desk_lamp] +
 689.2s [8月4日（週一） 上午 7:33]   click [PriceUp_desk_lamp] +
 689.5s [8月4日（週一） 上午 7:34]   click [PriceUp_desk_lamp] +
 689.7s [8月4日（週一） 上午 7:34]   click [PriceUp_desk_lamp] +
 690.0s [8月4日（週一） 上午 7:34]   click [PriceUp_desk_lamp] +
 690.2s [8月4日（週一） 上午 7:35]   click [PriceUp_desk_lamp] +
 690.5s [8月4日（週一） 上午 7:35]   click [PriceUp_desk_lamp] +
 690.7s [8月4日（週一） 上午 7:35]   click [PriceUp_desk_lamp] +
 691.0s [8月4日（週一） 上午 7:36]   click [PriceUp_desk_lamp] +
 691.2s [8月4日（週一） 上午 7:36]   click [PriceUp_desk_lamp] +
 691.5s [8月4日（週一） 上午 7:37]   click [PriceUp_desk_lamp] +
 691.7s [8月4日（週一） 上午 7:37]   click [PriceUp_desk_lamp] +
 692.0s [8月4日（週一） 上午 7:37]   click [PriceUp_desk_lamp] +
 692.2s [8月4日（週一） 上午 7:38]   click [PriceUp_desk_lamp] +
 692.5s [8月4日（週一） 上午 7:38]   click [PriceUp_desk_lamp] +
 692.7s [8月4日（週一） 上午 7:38]   click [PriceUp_desk_lamp] +
 693.0s [8月4日（週一） 上午 7:39]   click [PriceUp_desk_lamp] +
 693.2s [8月4日（週一） 上午 7:39]   click [PriceUp_desk_lamp] +
 693.5s [8月4日（週一） 上午 7:40]   click [PriceUp_desk_lamp] +
 693.7s [8月4日（週一） 上午 7:40]   click [PriceUp_desk_lamp] +
 694.0s [8月4日（週一） 上午 7:40]   click [PriceUp_desk_lamp] +
 694.2s [8月4日（週一） 上午 7:41]   click [PriceUp_desk_lamp] +
 694.5s [8月4日（週一） 上午 7:41]   click [PriceUp_desk_lamp] +
 694.7s [8月4日（週一） 上午 7:41]   click [PriceUp_desk_lamp] +
 695.0s [8月4日（週一） 上午 7:42]   click [PriceUp_desk_lamp] +
 695.2s [8月4日（週一） 上午 7:42]   click [PriceUp_desk_lamp] +
 695.5s [8月4日（週一） 上午 7:43]   click [PriceUp_desk_lamp] +
 695.7s [8月4日（週一） 上午 7:43]   click [PriceUp_desk_lamp] +
 696.0s [8月4日（週一） 上午 7:43]   click [PriceUp_desk_lamp] +
 696.2s [8月4日（週一） 上午 7:44]   click [PriceUp_desk_lamp] +
 696.5s [8月4日（週一） 上午 7:44]   click [PriceUp_phone_stand] +
 696.7s [8月4日（週一） 上午 7:45]   click [PriceUp_phone_stand] +
 697.0s [8月4日（週一） 上午 7:45]   click [PriceUp_phone_stand] +
 697.2s [8月4日（週一） 上午 7:45]   click [PriceUp_phone_stand] +
 697.5s [8月4日（週一） 上午 7:46]   click [PriceUp_phone_stand] +
 697.7s [8月4日（週一） 上午 7:46]   click [PriceUp_phone_stand] +
 698.0s [8月4日（週一） 上午 7:46]   click [PriceUp_phone_stand] +
 698.2s [8月4日（週一） 上午 7:47]   click [PriceUp_phone_stand] +
 698.5s [8月4日（週一） 上午 7:47]   click [PriceUp_phone_stand] +
 698.7s [8月4日（週一） 上午 7:48]   click [PriceUp_phone_stand] +
 699.0s [8月4日（週一） 上午 7:48]   click [PriceUp_phone_stand] +
 699.2s [8月4日（週一） 上午 7:48]   click [PriceUp_phone_stand] +
 699.5s [8月4日（週一） 上午 7:49]   click [PriceUp_phone_stand] +
 700.2s [8月4日（週一） 上午 7:50]   ok  stocked and repriced from actual shipping and supplier costs
 700.4s [8月4日（週一） 上午 7:50]   use "Use laptop — Company OS"
 701.1s [8月4日（週一） 上午 7:51]   click [Tab_operations] Stock and orders
 701.8s [8月4日（週一） 上午 7:52]   click [DeliverTo_riverside_studio] 河濱大樓 7C
 702.1s [8月4日（週一） 上午 7:53]   click [Buy_tradelink_wholesale_wireless_earbuds] 購買 $1,000.50
 702.4s [8月4日（週一） 上午 8:03]   click [Buy_tradelink_wholesale_wireless_earbuds] 購買 $1,000.50
 702.7s [8月4日（週一） 上午 8:13]   click [Buy_tradelink_wholesale_desk_lamp] 購買 $511.60
 703.0s [8月4日（週一） 上午 8:24]   click [Buy_tradelink_wholesale_desk_lamp] 購買 $511.60
 711.7s [8月4日（週一） 下午 7:12]   use "Sleep"
 712.3s [8月4日（週一） 下午 7:12]   click [Sleep] Sleep until 7:00 AM
 720.8s [8月5日（週二） 下午 7:09]   use "Sleep"
 721.4s [8月5日（週二） 下午 7:09]   click [Sleep] Sleep until 7:00 AM
 723.7s [8月6日（週三） 下午 7:00]   use "Sleep"
 724.3s [8月6日（週三） 下午 7:00]   click [Sleep] Sleep until 7:00 AM
 726.5s [8月7日（週四） 下午 7:00]   use "Sleep"
 727.1s [8月7日（週四） 下午 7:00]   click [Sleep] Sleep until 7:00 AM
 730.9s [8月8日（週五） 上午 7:03]   use "Use laptop — Company OS"
 731.5s [8月8日（週五） 上午 7:04]   click [Tab_operations] Stock and orders
 732.3s [8月8日（週五） 上午 7:05]   click [DeliverTo_riverside_studio] 河濱大樓 7C
 732.6s [8月8日（週五） 上午 7:06]   click [Buy_tradelink_wholesale_phone_stand] 購買 $349.60
 732.9s [8月8日（週五） 上午 7:16]   click [Buy_tradelink_wholesale_phone_stand] 購買 $349.60
 741.6s [8月8日（週五） 下午 7:12]   use "Sleep"
 742.2s [8月8日（週五） 下午 7:12]   click [Sleep] Sleep until 7:00 AM
 750.8s [8月9日（週六） 下午 7:09]   use "Sleep"
 751.4s [8月9日（週六） 下午 7:09]   click [Sleep] Sleep until 7:00 AM
 753.6s [8月10日（週日） 下午 7:00]   use "Sleep"
 754.2s [8月10日（週日） 下午 7:00]   click [Sleep] Sleep until 7:00 AM
 756.4s [8月11日（週一） 下午 7:00]   use "Sleep"
 757.0s [8月11日（週一） 下午 7:00]   click [Sleep] Sleep until 7:00 AM
 759.2s [8月12日（週二） 下午 7:00]   use "Sleep"
 759.8s [8月12日（週二） 下午 7:00]   click [Sleep] Sleep until 7:00 AM
 762.1s [8月13日（週三） 下午 7:00]   use "Sleep"
 762.7s [8月13日（週三） 下午 7:00]   click [Sleep] Sleep until 7:00 AM
 764.8s [8月14日（週四） 下午 7:00]   shot 51_decision_supplier_price_increase.png
 764.8s [8月14日（週四） 下午 7:00]   decision supplier_price_increase → accept
 764.8s [8月14日（週四） 下午 7:00]   click [Choice_accept] 好。繼續跟你進貨。
 766.3s [8月14日（週四） 下午 7:00]   shot 52_decision_outcome_supplier_price_increase.png
 766.3s [8月14日（週四） 下午 7:00]   click "OK"
 767.0s [8月14日（週四） 下午 7:00]   use "Sleep"
 767.6s [8月14日（週四） 下午 7:00]   click [Sleep] Sleep until 7:00 AM
 769.6s [8月15日（週五） 下午 5:52]   toast: 新評價 #3256：★★「不太好。感覺很廉價。」
 769.8s [8月15日（週五） 下午 7:00]   use "Sleep"
 770.4s [8月15日（週五） 下午 7:00]   click [Sleep] Sleep until 7:00 AM
 772.7s [8月16日（週六） 下午 7:00]   use "Sleep"
 773.3s [8月16日（週六） 下午 7:00]   click [Sleep] Sleep until 7:00 AM
 782.1s [8月17日（週日） 下午 7:10]   use "Sleep"
 782.7s [8月17日（週日） 下午 7:10]   click [Sleep] Sleep until 7:00 AM
 785.0s [8月18日（週一） 下午 7:00]   use "Sleep"
 785.6s [8月18日（週一） 下午 7:00]   click [Sleep] Sleep until 7:00 AM
 787.6s [8月19日（週二） 下午 3:29]   toast: 新評價 #3300：★★「晚到還有刮痕。」
 787.8s [8月19日（週二） 下午 7:00]   use "Sleep"
 788.4s [8月19日（週二） 下午 7:00]   click [Sleep] Sleep until 7:00 AM
 790.6s [8月20日（週三） 下午 7:00]   use "Sleep"
 791.2s [8月20日（週三） 下午 7:00]   click [Sleep] Sleep until 7:00 AM
 793.3s [8月21日（週四） 下午 1:30]   toast: 新評價 #3318：★★「晚到還有刮痕。」
 793.5s [8月21日（週四） 下午 7:00]   use "Sleep"
 794.1s [8月21日（週四） 下午 7:00]   click [Sleep] Sleep until 7:00 AM
 796.3s [8月22日（週五） 下午 7:00]   use "Sleep"
 796.9s [8月22日（週五） 下午 7:00]   click [Sleep] Sleep until 7:00 AM
 799.2s [8月23日（週六） 下午 7:00]   use "Sleep"
 799.8s [8月23日（週六） 下午 7:00]   click [Sleep] Sleep until 7:00 AM
 803.5s [8月24日（週日） 上午 7:03]   use "Use laptop — Company OS"
 804.1s [8月24日（週日） 上午 7:04]   click [Tab_operations] Stock and orders
 804.9s [8月24日（週日） 上午 7:05]   click [DeliverTo_riverside_studio] 河濱大樓 7C
 805.2s [8月24日（週日） 上午 7:06]   click [Buy_tradelink_wholesale_desk_lamp] 購買 $517.60
 805.5s [8月24日（週日） 上午 7:16]   click [Buy_tradelink_wholesale_desk_lamp] 購買 $517.60
 814.3s [8月24日（週日） 下午 7:12]   use "Sleep"
 814.9s [8月24日（週日） 下午 7:12]   click [Sleep] Sleep until 7:00 AM
 823.4s [8月25日（週一） 下午 7:09]   use "Sleep"
 824.0s [8月25日（週一） 下午 7:09]   click [Sleep] Sleep until 7:00 AM
 827.7s [8月26日（週二） 上午 7:03]   use "Use laptop — Company OS"
 828.4s [8月26日（週二） 上午 7:04]   click [Tab_operations] Stock and orders
 829.2s [8月26日（週二） 上午 7:05]   click [DeliverTo_riverside_studio] 河濱大樓 7C
 829.4s [8月26日（週二） 上午 7:06]   click [Buy_tradelink_wholesale_wireless_earbuds] 購買 $1,012.50
 829.7s [8月26日（週二） 上午 7:16]   click [Buy_tradelink_wholesale_wireless_earbuds] 購買 $1,012.50
 830.0s [8月26日（週二） 上午 7:27]   click [Buy_tradelink_wholesale_water_bottle] 購買 $459.00
 830.3s [8月26日（週二） 上午 7:37]   click [Buy_tradelink_wholesale_water_bottle] 購買 $459.00
 839.0s [8月26日（週二） 下午 7:12]   use "Sleep"
 839.6s [8月26日（週二） 下午 7:12]   click [Sleep] Sleep until 7:00 AM
 848.1s [8月27日（週三） 下午 7:09]   use "Sleep"
 848.7s [8月27日（週三） 下午 7:09]   click [Sleep] Sleep until 7:00 AM
 851.0s [8月28日（週四） 下午 7:00]   use "Sleep"
 851.6s [8月28日（週四） 下午 7:00]   click [Sleep] Sleep until 7:00 AM
 853.7s [8月29日（週五） 下午 3:37]   toast: 新評價 #3426：★★「晚到還有刮痕。」
 853.9s [8月29日（週五） 下午 7:00]   use "Sleep"
 854.5s [8月29日（週五） 下午 7:00]   click [Sleep] Sleep until 7:00 AM
 856.8s [8月30日（週六） 下午 7:00]   use "Sleep"
 857.4s [8月30日（週六） 下午 7:00]   click [Sleep] Sleep until 7:00 AM
 859.7s [8月31日（週日） 下午 7:00]   use "Sleep"
 860.3s [8月31日（週日） 下午 7:00]   click [Sleep] Sleep until 7:00 AM
 864.2s [9月1日（週一） 上午 7:00]   shot 53_month_close_report.png
 864.2s [9月1日（週一） 上午 7:00]   click [month close] Continue
 864.8s [9月1日（週一） 上午 7:00]   ok  Chapter 7 complete
 864.8s [9月1日（週一） 上午 7:00]   ok  Chapter 7 passed with real profit, not two losses
 864.8s [9月1日（週一） 上午 7:00]   ch7_month_profit set from actual ledger profit $5,579; survived_losses=false
 864.8s [9月1日（週一） 上午 7:00]   ok  positive chapter seven monthly profit
 864.8s [9月1日（週一） 上午 7:00] STEP Chapter 8 — the Green Shift
 864.8s [9月1日（週一） 上午 7:00]   ok  Year 4: the Green Shift
 869.6s [9月1日（週一） 上午 7:08]   ok  walked back outside
 874.5s [9月1日（週一） 上午 7:16]   ok  entered Bloom Coffee
 877.2s [9月1日（週一） 上午 7:20]   use "Read the news board"
 878.0s [9月1日（週一） 上午 7:25]   shot 54_news_green_shift.png
 878.0s [9月1日（週一） 上午 7:25]   info card: News board
 878.0s [9月1日（週一） 上午 7:25]   shot 55_info_news_board.png
 878.0s [9月1日（週一） 上午 7:25]   click "Close"
 878.5s [9月1日（週一） 上午 7:25]   ok  read the news (green_shift)
 882.7s [9月1日（週一） 上午 7:32]   ok  walked back outside
 887.3s [9月1日（週一） 上午 7:39]   ok  entered Riverside Tower
 889.5s [9月1日（週一） 上午 7:43]   use "Use laptop — Company OS"
 890.2s [9月1日（週一） 上午 7:44]   click [Tab_operations] Stock and orders
 890.9s [9月1日（週一） 上午 7:45]   click [Packaging_recycled] Recycled paper
 891.5s [9月1日（週一） 上午 7:46]   click [Buy_verdant_supply_solar_lamp] 購買 $508.20
 892.2s [9月1日（週一） 上午 7:57]   shot 56_operations_green.png
 892.6s [9月1日（週一） 上午 7:57]   ok  recycled packaging
 892.8s [9月1日（週一） 下午 7:00]   shot 57_decision_supplier_price_increase.png
 892.8s [9月1日（週一） 下午 7:00]   decision supplier_price_increase → accept
 892.8s [9月1日（週一） 下午 7:00]   click [Choice_accept] 好。繼續跟你進貨。
 894.2s [9月1日（週一） 下午 7:00]   shot 58_decision_outcome_supplier_price_increase.png
 894.2s [9月1日（週一） 下午 7:00]   click "OK"
 903.1s [9月1日（週一） 下午 7:13]   use "Sleep"
 903.7s [9月1日（週一） 下午 7:13]   click [Sleep] Sleep until 7:00 AM
 912.2s [9月2日（週二） 下午 7:10]   use "Sleep"
 912.8s [9月2日（週二） 下午 7:10]   click [Sleep] Sleep until 7:00 AM
 915.0s [9月3日（週三） 下午 7:01]   use "Sleep"
 915.6s [9月3日（週三） 下午 7:01]   click [Sleep] Sleep until 7:00 AM
 917.9s [9月4日（週四） 下午 7:01]   use "Sleep"
 918.5s [9月4日（週四） 下午 7:01]   click [Sleep] Sleep until 7:00 AM
 920.4s [9月5日（週五） 上午 7:00]   ok  solar desk lamps arrived before listing
 922.3s [9月5日（週五） 上午 7:03]   use "Use laptop — Company OS"
 923.0s [9月5日（週五） 上午 7:04]   click [Tab_sales] Ecommerce
 923.7s [9月5日（週五） 上午 7:05]   click [ListSelf_solar_lamp] Shoot photos myself & list (1 h 20 min)
 925.0s [9月5日（週五） 上午 8:27]   ok  solar desk lamps listed
 925.0s [9月5日（週五） 上午 8:27] STEP Chapter 8 — the Green Business Grant at City Hall
 925.1s [9月5日（週五） 上午 8:27]   (harness) wait 2 h
 929.7s [9月5日（週五） 上午 10:35]   ok  walked back outside
 948.7s [9月5日（週五） 上午 11:04]   use "捷運——河濱區站"
 949.7s [9月5日（週五） 上午 11:05]   shot 59_metro_civic_center.png
 949.7s [9月5日（週五） 上午 11:05]   click [Go_civic_center] 市政中心  ·  12 分鐘
 950.7s [9月5日（週五） 上午 11:19]   ok  took the Metro to Civic Center
 961.7s [9月5日（週五） 上午 11:35]   ok  entered Aurelia City Hall
 964.6s [9月5日（週五） 上午 11:40]   use "Permits & regulations"
 965.4s [9月5日（週五） 上午 11:41]   shot 60_green_grant.png
 965.4s [9月5日（週五） 上午 11:41]   click [ApplyGreenGrant] Apply
 966.4s [9月5日（週五） 下午 12:12]   ok  green grant approved
 967.5s [9月5日（週五） 下午 12:14]   ok  Chapter 8 complete
 967.5s [9月5日（週五） 下午 12:14] STEP Chapter 9 — the Clearing Crisis: an import stuck on the wire
 967.5s [9月5日（週五） 下午 12:14]   ok  Year 5: the Clearing Crisis
 971.8s [9月5日（週五） 下午 12:22]   ok  walked back outside
 981.0s [9月5日（週五） 下午 12:35]   use "捷運——市政中心站"
 982.0s [9月5日（週五） 下午 12:37]   shot 61_metro_riverside.png
 982.0s [9月5日（週五） 下午 12:37]   click [Go_riverside] 河濱區  ·  12 分鐘
 983.0s [9月5日（週五） 下午 12:50]   ok  took the Metro to Riverside
 994.7s [9月5日（週五） 下午 1:08]   ok  entered Bloom Coffee
 997.5s [9月5日（週五） 下午 1:12]   use "Read the news board"
 998.2s [9月5日（週五） 下午 1:17]   shot 62_news_clearing_crisis.png
 998.2s [9月5日（週五） 下午 1:17]   info card: News board
 998.3s [9月5日（週五） 下午 1:17]   shot 63_info_news_board.png
 998.3s [9月5日（週五） 下午 1:17]   click "Close"
 998.7s [9月5日（週五） 下午 1:17]   ok  read the news (clearing_crisis)
1003.0s [9月5日（週五） 下午 1:24]   ok  walked back outside
1007.6s [9月5日（週五） 下午 1:31]   ok  entered Riverside Tower
1009.8s [9月5日（週五） 下午 1:35]   use "Use laptop — Company OS"
1010.5s [9月5日（週五） 下午 1:36]   click [Tab_operations] Stock and orders
1011.3s [9月5日（週五） 下午 1:37]   click [Buy_lumina_direct_phone_stand] 購買 $892.00
1012.1s [9月5日（週五） 下午 1:38]   shot 64_settlement_choice.png
1012.1s [9月5日（週五） 下午 1:38]   click [Settle_international_wire] Pay this way
1013.2s [9月5日（週五） 下午 1:40]   ok  import ordered, paid by wire
1013.2s [9月5日（週五） 下午 1:40] STEP Chapter 9 — Lina Zhao at Nexus Bank
1016.8s [9月5日（週五） 下午 1:46]   ok  walked back outside
1035.9s [9月5日（週五） 下午 2:15]   use "捷運——河濱區站"
1036.8s [9月5日（週五） 下午 2:16]   shot 65_metro_financial.png
1036.8s [9月5日（週五） 下午 2:16]   click [Go_financial] 金融區  ·  10 分鐘
1037.9s [9月5日（週五） 下午 2:28]   ok  took the Metro to Financial District
1049.9s [9月5日（週五） 下午 2:46]   ok  entered Nexus Bank
1057.8s [9月5日（週五） 下午 2:58]   use "和 Lina Zhao 說話"
1058.6s [9月5日（週五） 下午 2:58]   shot 66_lina_intro.png
1064.4s [9月5日（週五） 下午 2:58]   choose "› 幫我開一個數位美元帳戶。"
1066.5s [9月5日（週五） 下午 2:58]   ok  met Lina Zhao
1069.7s [9月5日（週五） 下午 3:03]   ok  walked back outside
1079.8s [9月5日（週五） 下午 3:18]   use "捷運——金融區站"
1080.8s [9月5日（週五） 下午 3:20]   shot 67_metro_riverside.png
1080.8s [9月5日（週五） 下午 3:20]   click [Go_riverside] 河濱區  ·  10 分鐘
1081.8s [9月5日（週五） 下午 3:32]   ok  took the Metro to Riverside
1096.3s [9月5日（週五） 下午 3:53]   ok  entered Riverside Tower
1098.6s [9月5日（週五） 下午 3:57]   use "Use laptop — Company OS"
1099.2s [9月5日（週五） 下午 3:58]   click [Tab_operations] Stock and orders
1100.0s [9月5日（週五） 下午 3:59]   click [SpeedUp_PO-163] Speed up
1100.8s [9月5日（週五） 下午 4:00]   shot 68_settlement_speed_up.png
1100.8s [9月5日（週五） 下午 4:00]   click [Settle_letter_of_credit] Switch
1110.1s [9月5日（週五） 下午 7:12]   use "Sleep"
1110.7s [9月5日（週五） 下午 7:12]   click [Sleep] Sleep until 7:00 AM
1119.2s [9月6日（週六） 下午 7:10]   use "Sleep"
1119.8s [9月6日（週六） 下午 7:10]   click [Sleep] Sleep until 7:00 AM
1122.1s [9月7日（週日） 下午 7:01]   use "Sleep"
1122.7s [9月7日（週日） 下午 7:01]   click [Sleep] Sleep until 7:00 AM
1125.0s [9月8日（週一） 下午 7:01]   use "Sleep"
1125.6s [9月8日（週一） 下午 7:01]   click [Sleep] Sleep until 7:00 AM
1127.9s [9月9日（週二） 下午 7:01]   use "Sleep"
1128.5s [9月9日（週二） 下午 7:01]   click [Sleep] Sleep until 7:00 AM
1130.8s [9月10日（週三） 下午 7:01]   use "Sleep"
1131.4s [9月10日（週三） 下午 7:01]   click [Sleep] Sleep until 7:00 AM
1133.6s [9月11日（週四） 下午 7:01]   use "Sleep"
1134.3s [9月11日（週四） 下午 7:01]   click [Sleep] Sleep until 7:00 AM
1136.6s [9月12日（週五） 下午 7:01]   use "Sleep"
1137.2s [9月12日（週五） 下午 7:01]   click [Sleep] Sleep until 7:00 AM
1139.5s [9月13日（週六） 下午 7:01]   use "Sleep"
1140.1s [9月13日（週六） 下午 7:01]   click [Sleep] Sleep until 7:00 AM
1148.9s [9月14日（週日） 下午 7:11]   use "Sleep"
1149.5s [9月14日（週日） 下午 7:11]   click [Sleep] Sleep until 7:00 AM
1151.8s [9月15日（週一） 下午 7:01]   use "Sleep"
1152.4s [9月15日（週一） 下午 7:01]   click [Sleep] Sleep until 7:00 AM
1154.7s [9月16日（週二） 下午 7:01]   use "Sleep"
1155.3s [9月16日（週二） 下午 7:01]   click [Sleep] Sleep until 7:00 AM
1157.6s [9月17日（週三） 下午 7:01]   use "Sleep"
1158.2s [9月17日（週三） 下午 7:01]   click [Sleep] Sleep until 7:00 AM
1160.5s [9月18日（週四） 下午 7:01]   use "Sleep"
1161.1s [9月18日（週四） 下午 7:01]   click [Sleep] Sleep until 7:00 AM
1163.4s [9月19日（週五） 下午 7:01]   use "Sleep"
1164.0s [9月19日（週五） 下午 7:01]   click [Sleep] Sleep until 7:00 AM
1166.3s [9月20日（週六） 下午 7:01]   use "Sleep"
1166.9s [9月20日（週六） 下午 7:01]   click [Sleep] Sleep until 7:00 AM
1169.2s [9月21日（週日） 下午 7:01]   use "Sleep"
1169.8s [9月21日（週日） 下午 7:01]   click [Sleep] Sleep until 7:00 AM
1178.7s [9月22日（週一） 下午 7:11]   use "Sleep"
1179.4s [9月22日（週一） 下午 7:11]   click [Sleep] Sleep until 7:00 AM
1181.4s [9月23日（週二） 上午 7:00]   ok  Chapter 9 complete: the import got through
1181.4s [9月23日（週二） 上午 7:00]   ok  ledger balanced after chapters 7–9
1181.4s [9月23日（週二） 上午 7:00] STEP Weekend pop-up: real stock, checkout, automatic return and report
1183.0s [9月23日（週二） 上午 7:03]   use "Reserve a weekend pop-up"
1183.4s [9月23日（週二） 上午 7:03]   shot 69_popup_weekend_reservation.png
1184.4s [9月23日（週二） 上午 7:03]   click [SignPopup] Reserve this weekend
1185.2s [9月23日（週二） 上午 7:03]   ok  real notice reserved weekend
1185.2s [9月23日（週二） 上午 7:03]   ok  fifty available units for pop-up
1186.2s [9月23日（週二） 上午 7:03]   click [PopupStock_phone_stand] Move selected stock
1186.9s [9月23日（週二） 上午 8:03]   ok  fifty units physically transferred
1186.9s [9月23日（週二） 上午 8:03]   shot 70_popup_stock_and_unit_price.png
WARNING: Art: missing texture res://assets/ui/icons/.png
   at: push_warning (core/variant/variant_utility.cpp:1034)
   GDScript backtrace (most recent call first):
       [0] tex (res://autoload/art.gd:85)
       [1] icon (res://autoload/art.gd:192)
       [2] _draw (res://scripts/world/interactable.gd:81)
1188.5s [9月27日（週六） 上午 10:00]   shot 71_popup_open_shop_and_customer.png
1189.2s [9月27日（週六） 上午 10:02]   use "Reserve a weekend pop-up"
1190.7s [9月27日（週六） 上午 10:02]   click [PopupTill] Work checkout for one hour
1191.4s [9月27日（週六） 上午 11:02]   ok  one-hour checkout actual sales
1192.7s [9月28日（週日） 下午 6:00]   shot 72_popup_weekend_report.png
1192.7s [9月28日（週日） 下午 6:00]   ok  weekend settles automatically
1192.7s [9月28日（週日） 下午 6:00]   ok  pop-up all journals balanced
1192.8s [9月28日（週日） 下午 6:00]   ok  played pop-up save
1195.6s [9月28日（週日） 下午 6:04]   ok  walked back outside
1213.1s [9月28日（週日） 下午 6:31]   use "捷運——購物街站"
1214.1s [9月28日（週日） 下午 6:32]   shot 73_metro_riverside.png
1214.1s [9月28日（週日） 下午 6:32]   click [Go_riverside] 河濱區  ·  15 分鐘
1215.1s [9月28日（週日） 下午 6:49]   ok  took the Metro to Riverside
1229.6s [9月28日（週日） 下午 7:11]   ok  entered Riverside Tower
1229.6s [9月28日（週日） 下午 7:11]   ok  pop-up handoff returns to the home bed
1229.6s [9月28日（週日） 下午 7:11] STEP Old Town — lease the corner café from Mr. Okafor
1232.7s [9月28日（週日） 下午 7:15]   use "Sleep"
1233.3s [9月28日（週日） 下午 7:15]   click [Sleep] Sleep until 7:00 AM
1235.4s [9月29日（週一） 上午 7:01]   (harness) wait 2 h
1240.5s [9月29日（週一） 上午 9:09]   ok  walked back outside
1259.5s [9月29日（週一） 上午 9:38]   use "捷運——河濱區站"
1260.5s [9月29日（週一） 上午 9:39]   shot 74_metro_old_town.png
1260.5s [9月29日（週一） 上午 9:39]   click [Go_old_town] 舊城區  ·  16 分鐘
1261.7s [9月29日（週一） 上午 9:57]   ok  took the Metro to Old Town
1261.8s [9月29日（週一） 上午 9:57]   shot 75_old_town.png
1279.2s [9月29日（週一） 上午 10:23]   ok  entered Okafor Lettings
1280.0s [9月29日（週一） 上午 10:24]   use "和 Okafor 先生 說話"
1283.1s [9月29日（週一） 上午 10:24]   choose "› 這裡以前是什麼店？"
1288.1s [9月29日（週一） 上午 10:25]   shot 76_cafe_lease.png
1288.1s [9月29日（週一） 上午 10:25]   click [SignLease_corner_cafe] Sign the lease
1289.0s [9月29日（週一） 上午 10:26]   ok  leased the corner café unit
1291.3s [9月29日（週一） 上午 10:31]   ok  walked back outside
1291.5s [9月29日（週一） 上午 10:31]   shot 77_old_town_storefronts.png
1299.0s [9月29日（週一） 上午 10:42]   ok  entered Corner Café Unit
1300.3s [9月29日（週一） 上午 10:44]   use "Check the till — Company OS"
1300.9s [9月29日（週一） 上午 10:45]   click [CafeFitOut] 裝修（$5,800）
1301.4s [9月29日（週一） 上午 10:46]   click [CafeSupplies_large] 400 杯份 · $338.13
1302.0s [9月29日（週一） 上午 10:47]   shot 78_cafe_setup.png
1302.4s [9月29日（週一） 上午 10:47]   ok  fit-out under way
1302.4s [9月29日（週一） 上午 10:47]   ok  coffee supplies ordered
1302.4s [9月29日（週一） 上午 10:47] STEP Old Town — the food licence at City Hall (walking via Shopping Street)
1305.0s [9月29日（週一） 上午 10:52]   ok  walked back outside
1316.0s [9月29日（週一） 上午 11:19]   ok  walked to Shopping Street
1319.6s [9月29日（週一） 上午 11:40]   ok  walked to Harbor
1349.9s [9月29日（週一） 下午 12:33]   ok  walked to Riverside
1384.2s [9月29日（週一） 下午 1:35]   ok  walked to Civic Center
1402.4s [9月29日（週一） 下午 2:02]   ok  entered Aurelia City Hall
1405.3s [9月29日（週一） 下午 2:07]   use "Permits & regulations"
1405.9s [9月29日（週一） 下午 2:07]   click [ApplyFoodLicence] Apply
1406.5s [9月29日（週一） 下午 2:28]   shot 79_food_licence.png
1406.9s [9月29日（週一） 下午 2:29]   ok  food licence applied for
1411.2s [9月29日（週一） 下午 2:36]   ok  walked back outside
1420.5s [9月29日（週一） 下午 2:50]   use "捷運——市政中心站"
1421.4s [9月29日（週一） 下午 2:52]   shot 80_metro_riverside.png
1421.4s [9月29日（週一） 下午 2:52]   click [Go_riverside] 河濱區  ·  12 分鐘
1422.5s [9月29日（週一） 下午 3:05]   ok  took the Metro to Riverside
1437.0s [9月29日（週一） 下午 3:27]   ok  entered Riverside Tower
1437.0s [9月29日（週一） 下午 3:27]   (harness) wait 2 h
1437.7s [9月29日（週一） 下午 5:28]   (harness) wait 2 h
1441.4s [9月29日（週一） 下午 7:34]   use "Sleep"
1442.0s [9月29日（週一） 下午 7:34]   click [Sleep] Sleep until 7:00 AM
1444.0s [9月30日（週二） 上午 7:00]   (harness) wait 2 h
1444.7s [9月30日（週二） 上午 9:01]   (harness) wait 2 h
1445.3s [9月30日（週二） 上午 11:02]   (harness) wait 2 h
1445.9s [9月30日（週二） 下午 1:03]   (harness) wait 2 h
1446.6s [9月30日（週二） 下午 3:03]   shot 81_decision_supplier_price_increase.png
1446.6s [9月30日（週二） 下午 3:03]   decision supplier_price_increase → accept
1446.6s [9月30日（週二） 下午 3:03]   click [Choice_accept] 好。繼續跟你進貨。
1448.0s [9月30日（週二） 下午 3:03]   shot 82_decision_outcome_supplier_price_increase.png
1448.0s [9月30日（週二） 下午 3:03]   click "OK"
1448.6s [9月30日（週二） 下午 3:03]   (harness) wait 2 h
1449.2s [9月30日（週二） 下午 5:04]   (harness) wait 2 h
1450.0s [9月30日（週二） 下午 7:05]   use "Sleep"
1450.6s [9月30日（週二） 下午 7:05]   click [Sleep] Sleep until 7:00 AM
1454.3s [10月1日（週三） 上午 7:00]   shot 83_month_close_report.png
1454.3s [10月1日（週三） 上午 7:00]   click [month close] Continue
1454.9s [10月1日（週三） 上午 7:00]   (harness) wait 2 h
1455.5s [10月1日（週三） 上午 9:01]   (harness) wait 2 h
1456.2s [10月1日（週三） 上午 11:02]   (harness) wait 2 h
1456.8s [10月1日（週三） 下午 1:03]   (harness) wait 2 h
1457.4s [10月1日（週三） 下午 3:04]   (harness) wait 2 h
1457.4s [10月1日（週三） 下午 5:00]   toast: Riverlight Goods 咖啡 今天沒開門：吧台沒人顧。去僱一位咖啡師（人員分頁），或自己站吧台。
1458.1s [10月1日（週三） 下午 5:05]   (harness) wait 2 h
1458.9s [10月1日（週三） 下午 7:06]   use "Sleep"
1459.5s [10月1日（週三） 下午 7:06]   click [Sleep] Sleep until 7:00 AM
1461.6s [10月2日（週四） 上午 7:00]   ok  fitted out and licensed
1461.6s [10月2日（週四） 上午 7:00] STEP Old Town — opening day behind your own counter
1466.0s [10月2日（週四） 上午 7:08]   ok  walked back outside
1485.1s [10月2日（週四） 上午 7:37]   use "捷運——河濱區站"
1486.0s [10月2日（週四） 上午 7:38]   shot 84_metro_old_town.png
1486.0s [10月2日（週四） 上午 7:38]   click [Go_old_town] 舊城區  ·  16 分鐘
1487.1s [10月2日（週四） 上午 7:56]   ok  took the Metro to Old Town
1498.8s [10月2日（週四） 上午 8:13]   ok  entered Corner Café Unit
1498.9s [10月2日（週四） 上午 8:13]   shot 85_cafe_open.png
1500.5s [10月2日（週四） 上午 8:16]   use "Work the counter (2 h)"
1501.4s [10月2日（週四） 上午 10:17]   ok  served customers at your own café
1502.1s [10月2日（週四） 上午 10:18]   use "Check the till — Company OS"
1502.8s [10月2日（週四） 上午 10:19]   shot 86_cafe_tab.png
1503.2s [10月2日（週四） 上午 10:20]   ok  ledger balanced after opening the café
1506.2s [10月2日（週四） 上午 10:25]   ok  walked back outside
1522.2s [10月2日（週四） 上午 10:49]   use "捷運——舊城區站"
1523.2s [10月2日（週四） 上午 10:51]   shot 87_metro_riverside.png
1523.2s [10月2日（週四） 上午 10:51]   click [Go_riverside] 河濱區  ·  16 分鐘
1524.3s [10月2日（週四） 上午 11:09]   ok  took the Metro to Riverside
1538.8s [10月2日（週四） 上午 11:30]   ok  entered Riverside Tower
1538.8s [10月2日（週四） 上午 11:30] STEP Harbor — metro to the docks, a used van from Sam, and Pier 7
1538.8s [10月2日（週四） 上午 11:30]   ok  actual financing covers the van, bay and working capital
1540.4s [10月2日（週四） 上午 11:34]   ok  walked back outside
1559.4s [10月2日（週四） 下午 12:02]   use "捷運——河濱區站"
1560.4s [10月2日（週四） 下午 12:04]   shot 88_metro_harbor.png
1560.4s [10月2日（週四） 下午 12:04]   click [Go_harbor] 港區  ·  8 分鐘
1561.5s [10月2日（週四） 下午 12:13]   ok  took the Metro to Harbor
1561.5s [10月2日（週四） 下午 12:13]   shot 89_harbor.png
1572.6s [10月2日（週四） 下午 12:30]   shot 90_harbor_street.png
1576.3s [10月2日（週四） 下午 12:36]   ok  entered Dockside Motors
1577.4s [10月2日（週四） 下午 12:37]   use "和 Sam Okoro 說話"
1580.4s [10月2日（週四） 下午 12:37]   choose "› 你這裡有什麼？"
1585.4s [10月2日（週四） 下午 12:38]   shot 91_van_dealer.png
1585.4s [10月2日（週四） 下午 12:38]   click [BuyVan] 買下這台貨車（$9,800.00）
1586.0s [10月2日（週四） 下午 12:39]   shot 92_van_bought.png
1586.5s [10月2日（週四） 下午 12:40]   ok  bought the van from Sam
1586.5s [10月2日（週四） 下午 12:40]   ok  the van is a vehicle expense
1589.1s [10月2日（週四） 下午 12:45]   ok  walked back outside
1597.8s [10月2日（週四） 下午 12:58]   ok  entered Pier 7 Warehouse
1603.4s [10月2日（週四） 下午 1:06]   use "Lettings desk: lease Bay 3"
1604.1s [10月2日（週四） 下午 1:07]   shot 93_pier7_lease.png
1604.1s [10月2日（週四） 下午 1:07]   click [SignLease_pier7_warehouse] Sign the lease
1605.0s [10月2日（週四） 下午 1:09]   ok  leased the Pier 7 bay
1605.0s [10月2日（週四） 下午 1:09]   ok  Pier 7 is a stock location
1605.6s [10月2日（週四） 下午 1:09]   shot 94_pier7_warehouse.png
1612.0s [10月2日（週四） 下午 1:20]   ok  walked back outside
1626.1s [10月2日（週四） 下午 1:41]   use "捷運——港區站"
1627.1s [10月2日（週四） 下午 1:42]   shot 95_metro_riverside.png
1627.1s [10月2日（週四） 下午 1:42]   click [Go_riverside] 河濱區  ·  8 分鐘
1628.1s [10月2日（週四） 下午 1:52]   ok  took the Metro to Riverside
1642.6s [10月2日（週四） 下午 2:14]   ok  entered Riverside Tower
1642.6s [10月2日（週四） 下午 2:14] STEP Harbor — the morning's delivery runs
1642.7s [10月2日（週四） 下午 2:14]   (harness) wait 2 h
1643.3s [10月2日（週四） 下午 4:15]   (harness) wait 2 h
1643.9s [10月2日（週四） 下午 6:16]   (harness) wait 2 h
1647.6s [10月2日（週四） 下午 8:21]   use "Sleep"
1648.2s [10月2日（週四） 下午 8:21]   click [Sleep] Sleep until 7:00 AM
1650.2s [10月3日（週五） 上午 7:00]   (harness) wait 2 h
1650.9s [10月3日（週五） 上午 9:01]   ok  runs were posted in the morning
1655.3s [10月3日（週五） 上午 9:09]   ok  walked back outside
1674.3s [10月3日（週五） 上午 9:38]   use "捷運——河濱區站"
1675.3s [10月3日（週五） 上午 9:39]   shot 96_metro_harbor.png
1675.3s [10月3日（週五） 上午 9:39]   click [Go_harbor] 港區  ·  8 分鐘
1676.4s [10月3日（週五） 上午 9:49]   ok  took the Metro to Harbor
1692.4s [10月3日（週五） 上午 10:13]   ok  entered Pier 7 Warehouse
1696.9s [10月3日（週五） 上午 10:19]   use "Sit at the yard office desk — Company OS"
1697.6s [10月3日（週五） 上午 10:21]   click [Tab_logistics] 物流 · 新
1698.5s [10月3日（週五） 上午 10:21]   shot 97_logistics_tab.png
1699.1s [10月3日（週五） 上午 10:21]   shot 98_logistics_badge_pinned.png
1699.1s [10月3日（週五） 上午 10:21]   click [FeaturePracticeNext] 練習下一步
1699.2s [10月3日（週五） 上午 10:21]   click [FeaturePracticeNext] 開始探索
1699.4s [10月3日（週五） 上午 10:21]   click [Tab_logistics] 物流 · 新
1699.9s [10月3日（週五） 上午 10:21]   ok  delivery runs on the board
1699.9s [10月3日（週五） 上午 10:21]   click [Accept_R3] Accept
1700.5s [10月3日（週五） 上午 10:22]   ok  accepted run R3
1700.5s [10月3日（週五） 上午 10:22]   shot 99_logistics_accepted.png
1700.5s [10月3日（週五） 上午 10:22]   click [Drive_R3] Drive it
1701.2s [10月3日（週五） 上午 10:23]   shot 100_route_game_intro.png
1701.2s [10月3日（週五） 上午 10:23]   click [StartGame] Start
1701.8s [10月3日（週五） 上午 10:23]   click [Stop_1] 
1701.9s [10月3日（週五） 上午 10:23]   click [Stop_2] 
1702.3s [10月3日（週五） 上午 10:23]   shot 101_route_game_planning.png
1702.3s [10月3日（週五） 上午 10:23]   click [Stop_4] 
1702.4s [10月3日（週五） 上午 10:23]   click [Stop_5] 
1702.6s [10月3日（週五） 上午 10:23]   click [Stop_6] 
1702.7s [10月3日（週五） 上午 10:23]   click [Stop_3] 
1703.4s [10月3日（週五） 上午 10:23]   shot 102_route_game_planned.png
1703.4s [10月3日（週五） 上午 10:23]   click [DriveRoute] Drive the route
1704.0s [10月3日（週五） 上午 10:23]   shot 103_route_game_results.png
1704.0s [10月3日（週五） 上午 10:23]   click [FinishGame] Continue
1705.0s [10月3日（週五） 下午 1:50]   ok  the run is done and in the history
1705.0s [10月3日（週五） 下午 1:50]   ok  the pay was banked as revenue ($339.69 for run R3)
1705.0s [10月3日（週五） 下午 1:50]   ok  fuel was charged
1705.0s [10月3日（週五） 下午 1:50]   ok  the best route scored 100%
1705.5s [10月3日（週五） 下午 1:50]   shot 104_logistics_tab_paid.png
1705.9s [10月3日（週五） 下午 1:51]   ok  ledger balanced after the first delivery run
1711.9s [10月3日（週五） 下午 2:01]   ok  walked back outside
1726.0s [10月3日（週五） 下午 2:22]   use "捷運——港區站"
1727.0s [10月3日（週五） 下午 2:24]   shot 105_metro_riverside.png
1727.0s [10月3日（週五） 下午 2:24]   click [Go_riverside] 河濱區  ·  8 分鐘
1728.0s [10月3日（週五） 下午 2:33]   ok  took the Metro to Riverside
1742.5s [10月3日（週五） 下午 2:55]   ok  entered Riverside Tower
1742.5s [10月3日（週五） 下午 2:55] STEP Harbor — buy a single class and meet business connections
1744.2s [10月3日（週五） 下午 2:59]   ok  walked back outside
1763.2s [10月3日（週五） 下午 3:27]   use "捷運——河濱區站"
1764.2s [10月3日（週五） 下午 3:28]   shot 106_metro_harbor.png
1764.2s [10月3日（週五） 下午 3:28]   click [Go_harbor] 港區  ·  8 分鐘
1765.3s [10月3日（週五） 下午 3:38]   ok  took the Metro to Harbor
1772.5s [10月3日（週五） 下午 3:49]   ok  entered Harbor Point Fitness
1773.0s [10月3日（週五） 下午 3:50]   use "Front desk"
1773.1s [10月3日（週五） 下午 3:50]   click [FitnessSingle] 單堂課 · $12.00
1773.3s [10月3日（週五） 下午 3:50]   ok  single class charged to personal cash
1773.3s [10月3日（週五） 下午 3:50]   shot 107_fitness_timetable.png
1773.3s [10月3日（週五） 下午 3:50]   click [FitnessWait] 等候下一堂課 · 130 分鐘
1773.4s [10月3日（週五） 下午 5:00]   toast: Riverlight Goods 咖啡 今天沒開門：吧台沒人顧。去僱一位咖啡師（人員分頁），或自己站吧台。
1773.6s [10月3日（週五） 下午 6:00]   shot 108_fitness_class_ready.png
1773.6s [10月3日（週五） 下午 6:00]   ok  timetable reaches actual class start
1773.6s [10月3日（週五） 下午 6:00]   click [FitnessClass_strength] 18:00 · 肌力訓練 · 60 分鐘
1774.9s [10月3日（週五） 下午 7:01]   ok  class consumed saved single pass
1775.0s [10月3日（週五） 下午 7:01]   shot 109_fitness_networking_opportunity.png
1775.0s [10月3日（週五） 下午 7:01]   shot 110_decision_fitness_order.png
1775.0s [10月3日（週五） 下午 7:01]   decision fitness_order → accept
1775.0s [10月3日（週五） 下午 7:01]   click [Choice_accept] 取得合約，查看條款
1776.4s [10月3日（週五） 下午 7:01]   shot 111_decision_outcome_fitness_order.png
1776.4s [10月3日（週五） 下午 7:01]   click "OK"
1777.0s [10月3日（週五） 下午 7:01]   ok  fitness and networking books balance
1779.0s [10月3日（週五） 下午 7:05]   ok  walked back outside
1784.2s [10月3日（週五） 下午 7:13]   use "捷運——港區站"
1785.2s [10月3日（週五） 下午 7:14]   shot 112_metro_riverside.png
1785.2s [10月3日（週五） 下午 7:14]   click [Go_riverside] 河濱區  ·  8 分鐘
1786.3s [10月3日（週五） 下午 7:24]   ok  took the Metro to Riverside
1800.8s [10月3日（週五） 下午 7:46]   ok  entered Riverside Tower
1800.8s [10月3日（週五） 下午 7:46]   ok  Chapter 10 started after Chapter 9
1800.8s [10月3日（週五） 下午 7:46]   ok  Year 6: the Digital Finance Boom
1800.8s [10月3日（週五） 下午 7:46] STEP Chapter 10 — the news, and Lina's escrow offer
1802.4s [10月3日（週五） 下午 7:49]   ok  walked back outside
1807.3s [10月3日（週五） 下午 7:57]   ok  entered Bloom Coffee
1810.0s [10月3日（週五） 下午 8:01]   use "Read the news board"
1810.8s [10月3日（週五） 下午 8:06]   shot 113_news_digital_rails.png
1810.8s [10月3日（週五） 下午 8:06]   info card: News board
1810.9s [10月3日（週五） 下午 8:06]   shot 114_info_news_board.png
1810.9s [10月3日（週五） 下午 8:06]   click "Close"
1811.3s [10月3日（週五） 下午 8:06]   ok  read the news (digital_rails)
1815.5s [10月3日（週五） 下午 8:13]   ok  walked back outside
1820.1s [10月3日（週五） 下午 8:20]   ok  entered Riverside Tower
1823.2s [10月3日（週五） 下午 8:25]   use "Sleep"
1823.8s [10月3日（週五） 下午 8:25]   click [Sleep] Sleep until 7:00 AM
1825.9s [10月4日（週六） 上午 7:01]   (harness) wait 2 h
1826.6s [10月4日（週六） 上午 9:02]   (harness) wait 2 h
1827.3s [10月4日（週六） 上午 11:03]   (harness) wait 2 h
1828.0s [10月4日（週六） 下午 1:04]   (harness) wait 2 h
1828.7s [10月4日（週六） 下午 3:05]   (harness) wait 2 h
1828.7s [10月4日（週六） 下午 5:00]   toast: Riverlight Goods 咖啡 今天沒開門：吧台沒人顧。去僱一位咖啡師（人員分頁），或自己站吧台。
1829.4s [10月4日（週六） 下午 5:06]   (harness) wait 2 h
1830.3s [10月4日（週六） 下午 7:07]   use "Sleep"
1830.9s [10月4日（週六） 下午 7:07]   click [Sleep] Sleep until 7:00 AM
1832.9s [10月5日（週日） 上午 7:01]   (harness) wait 2 h
1833.6s [10月5日（週日） 上午 9:02]   (harness) wait 2 h
1834.3s [10月5日（週日） 上午 11:03]   (harness) wait 2 h
1835.0s [10月5日（週日） 下午 1:04]   (harness) wait 2 h
1835.7s [10月5日（週日） 下午 3:05]   (harness) wait 2 h
1836.4s [10月5日（週日） 下午 5:06]   (harness) wait 2 h
1837.3s [10月5日（週日） 下午 7:07]   use "Sleep"
1837.9s [10月5日（週日） 下午 7:07]   click [Sleep] Sleep until 7:00 AM
1840.0s [10月6日（週一） 上午 7:00]   shot 115_decision_escrow_offer.png
1840.0s [10月6日（週一） 上午 7:00]   decision escrow_offer → try
1840.0s [10月6日（週一） 上午 7:00]   click [Choice_try] 開立託管帳戶
1841.4s [10月6日（週一） 上午 7:00]   shot 116_decision_outcome_escrow_offer.png
1841.4s [10月6日（週一） 上午 7:00]   click "OK"
1842.0s [10月6日（週一） 上午 7:00]   (harness) wait 2 h
1842.7s [10月6日（週一） 上午 9:01]   (harness) wait 2 h
1847.8s [10月6日（週一） 上午 11:10]   ok  walked back outside
1866.8s [10月6日（週一） 上午 11:39]   use "捷運——河濱區站"
1867.8s [10月6日（週一） 上午 11:40]   shot 117_metro_financial.png
1867.8s [10月6日（週一） 上午 11:40]   click [Go_financial] 金融區  ·  10 分鐘
1868.9s [10月6日（週一） 上午 11:52]   ok  took the Metro to Financial District
1880.9s [10月6日（週一） 下午 12:10]   ok  entered Nexus Bank
1888.8s [10月6日（週一） 下午 12:21]   use "和 Lina Zhao 說話"
1889.7s [10月6日（週一） 下午 12:21]   shot 118_lina_rails.png
1903.4s [10月6日（週一） 下午 12:40]   ok  opened an escrow account
1903.4s [10月6日（週一） 下午 12:40] STEP Chapter 10 — an import paid through escrow
1906.5s [10月6日（週一） 下午 12:46]   ok  walked back outside
1916.6s [10月6日（週一） 下午 1:01]   use "捷運——金融區站"
1917.6s [10月6日（週一） 下午 1:02]   shot 119_metro_riverside.png
1917.6s [10月6日（週一） 下午 1:02]   click [Go_riverside] 河濱區  ·  10 分鐘
1918.7s [10月6日（週一） 下午 1:14]   ok  took the Metro to Riverside
1933.2s [10月6日（週一） 下午 1:36]   ok  entered Riverside Tower
1935.4s [10月6日（週一） 下午 1:39]   use "Use laptop — Company OS"
1936.1s [10月6日（週一） 下午 1:40]   click [Tab_operations] Stock and orders
1936.9s [10月6日（週一） 下午 1:41]   click [Buy_lumina_direct_phone_stand] 購買 $884.00
1937.7s [10月6日（週一） 下午 1:42]   shot 120_settlement_escrow.png
1937.7s [10月6日（週一） 下午 1:42]   click [Settle_escrow] Pay this way
1938.5s [10月6日（週一） 下午 3:54]   click [Tab_finance] Finance
1938.9s [10月6日（週一） 下午 3:54]   click [Tab_operations] Stock and orders
1944.2s [10月6日（週一） 下午 4:02]   shot 121_operations_escrow_order.png
1944.6s [10月6日（週一） 下午 4:03]   ok  import ordered through escrow
1944.8s [10月6日（週一） 下午 4:03]   use "Use laptop — Company OS"
1945.5s [10月6日（週一） 下午 4:04]   click [Tab_finance] Finance
1946.5s [10月6日（週一） 下午 4:05]   shot 122_finance_held_in_escrow.png
1946.9s [10月6日（週一） 下午 5:00]   toast: Riverlight Goods 咖啡 今天沒開門：吧台沒人顧。去僱一位咖啡師（人員分頁），或自己站吧台。
1955.2s [10月6日（週一） 下午 7:12]   use "Sleep"
1955.8s [10月6日（週一） 下午 7:12]   click [Sleep] Sleep until 7:00 AM
1958.0s [10月7日（週二） 下午 5:00]   toast: Riverlight Goods 咖啡 今天沒開門：吧台沒人顧。去僱一位咖啡師（人員分頁），或自己站吧台。
1964.5s [10月7日（週二） 下午 7:10]   use "Sleep"
1965.1s [10月7日（週二） 下午 7:10]   click [Sleep] Sleep until 7:00 AM
1967.3s [10月8日（週三） 下午 5:00]   toast: Riverlight Goods 咖啡 今天沒開門：吧台沒人顧。去僱一位咖啡師（人員分頁），或自己站吧台。
1967.5s [10月8日（週三） 下午 7:01]   use "Sleep"
1968.1s [10月8日（週三） 下午 7:01]   click [Sleep] Sleep until 7:00 AM
1970.3s [10月9日（週四） 下午 5:00]   toast: Riverlight Goods 咖啡 今天沒開門：吧台沒人顧。去僱一位咖啡師（人員分頁），或自己站吧台。
1970.6s [10月9日（週四） 下午 7:01]   use "Sleep"
1971.2s [10月9日（週四） 下午 7:01]   click [Sleep] Sleep until 7:00 AM
1973.4s [10月10日（週五） 下午 5:00]   toast: Riverlight Goods 咖啡 今天沒開門：吧台沒人顧。去僱一位咖啡師（人員分頁），或自己站吧台。
1973.6s [10月10日（週五） 下午 7:01]   use "Sleep"
1974.2s [10月10日（週五） 下午 7:01]   click [Sleep] Sleep until 7:00 AM
1976.4s [10月11日（週六） 下午 5:00]   toast: Riverlight Goods 咖啡 今天沒開門：吧台沒人顧。去僱一位咖啡師（人員分頁），或自己站吧台。
1976.7s [10月11日（週六） 下午 7:01]   use "Sleep"
1977.3s [10月11日（週六） 下午 7:01]   click [Sleep] Sleep until 7:00 AM
1979.7s [10月12日（週日） 下午 7:01]   use "Sleep"
1980.3s [10月12日（週日） 下午 7:01]   click [Sleep] Sleep until 7:00 AM
1982.6s [10月13日（週一） 下午 5:00]   toast: Riverlight Goods 咖啡 今天沒開門：吧台沒人顧。去僱一位咖啡師（人員分頁），或自己站吧台。
1982.9s [10月13日（週一） 下午 7:01]   use "Sleep"
1983.5s [10月13日（週一） 下午 7:01]   click [Sleep] Sleep until 7:00 AM
1985.7s [10月14日（週二） 下午 5:00]   toast: Riverlight Goods 咖啡 今天沒開門：吧台沒人顧。去僱一位咖啡師（人員分頁），或自己站吧台。
1986.0s [10月14日（週二） 下午 7:01]   use "Sleep"
1986.6s [10月14日（週二） 下午 7:01]   click [Sleep] Sleep until 7:00 AM
1988.7s [10月15日（週三） 下午 5:00]   toast: Riverlight Goods 咖啡 今天沒開門：吧台沒人顧。去僱一位咖啡師（人員分頁），或自己站吧台。
1995.6s [10月15日（週三） 下午 7:11]   use "Sleep"
1996.2s [10月15日（週三） 下午 7:11]   click [Sleep] Sleep until 7:00 AM
1998.3s [10月16日（週四） 下午 5:00]   toast: Riverlight Goods 咖啡 今天沒開門：吧台沒人顧。去僱一位咖啡師（人員分頁），或自己站吧台。
1998.6s [10月16日（週四） 下午 7:01]   use "Sleep"
1999.2s [10月16日（週四） 下午 7:01]   click [Sleep] Sleep until 7:00 AM
2001.4s [10月17日（週五） 下午 5:00]   toast: Riverlight Goods 咖啡 今天沒開門：吧台沒人顧。去僱一位咖啡師（人員分頁），或自己站吧台。
2001.6s [10月17日（週五） 下午 7:01]   use "Sleep"
2002.2s [10月17日（週五） 下午 7:01]   click [Sleep] Sleep until 7:00 AM
2004.4s [10月18日（週六） 下午 5:00]   toast: Riverlight Goods 咖啡 今天沒開門：吧台沒人顧。去僱一位咖啡師（人員分頁），或自己站吧台。
2004.8s [10月18日（週六） 下午 7:01]   use "Sleep"
2005.4s [10月18日（週六） 下午 7:01]   click [Sleep] Sleep until 7:00 AM
2007.6s [10月19日（週日） 上午 7:01]   ok  escrow released to the supplier on arrival
2007.6s [10月19日（週日） 上午 7:01]   ok  Chapter 10 complete
2007.6s [10月19日（週日） 上午 7:01] STEP Chapter 11 — the bridge exploit
2007.6s [10月19日（週日） 上午 7:01]   ok  Year 7: the Bridge Exploit
2012.4s [10月19日（週日） 上午 7:09]   ok  walked back outside
2017.3s [10月19日（週日） 上午 7:16]   ok  entered Bloom Coffee
2020.0s [10月19日（週日） 上午 7:20]   use "Read the news board"
2020.8s [10月19日（週日） 上午 7:25]   shot 123_news_bridge_before.png
2020.8s [10月19日（週日） 上午 7:25]   info card: News board
2020.8s [10月19日（週日） 上午 7:25]   shot 124_info_news_board.png
2020.8s [10月19日（週日） 上午 7:25]   click "Close"
2021.3s [10月19日（週日） 上午 7:25]   ok  read the news (bridge_before)
2025.5s [10月19日（週日） 上午 7:32]   ok  walked back outside
2030.1s [10月19日（週日） 上午 7:39]   ok  entered Riverside Tower
2032.3s [10月19日（週日） 上午 7:43]   use "Use laptop — Company OS"
2033.1s [10月19日（週日） 上午 7:44]   click [Tab_operations] Stock and orders
2033.9s [10月19日（週日） 上午 7:45]   click [Buy_lumina_direct_phone_stand] 購買 $876.00
2034.7s [10月19日（週日） 上午 7:46]   shot 125_settlement_before_exploit.png
2034.7s [10月19日（週日） 上午 7:46]   click [Settle_escrow] Pay this way
2036.0s [10月19日（週日） 上午 7:48]   ok  restock ordered through escrow (cash $92,451)
2047.6s [10月19日（週日） 上午 8:06]   toast: 快訊：數位美元跨鏈橋遭駭。轉帳凍結，預計 10月25日 上午 8:06 前後恢復。
2049.6s [10月19日（週日） 上午 8:08]   ok  the bridge is frozen with our payment crossing it
2050.3s [10月19日（週日） 上午 8:08]   ok  the '!' badge for frozen_funds pins its card
2050.3s [10月19日（週日） 上午 8:08]   shot 126_badge_frozen_pinned.png
2050.6s [10月19日（週日） 上午 8:08]   shot 127_decision_rail_frozen.png
2050.6s [10月19日（週日） 上午 8:08]   decision rail_frozen → reroute
2050.6s [10月19日（週日） 上午 8:08]   click [Choice_reroute] 改用電匯重新付款（$910）
2052.0s [10月19日（週日） 上午 8:08]   shot 128_decision_outcome_rail_frozen.png
2052.0s [10月19日（週日） 上午 8:08]   click "OK"
2052.5s [10月19日（週日） 上午 8:08]   ok  paid again by wire
2052.8s [10月19日（週日） 上午 8:09]   use "Use laptop — Company OS"
2053.5s [10月19日（週日） 上午 8:10]   click [Tab_finance] Finance
2054.4s [10月19日（週日） 上午 8:11]   shot 129_finance_frozen_funds.png
2054.4s [10月19日（週日） 上午 8:11]   click [Tab_operations] Stock and orders
2060.1s [10月19日（週日） 上午 8:19]   shot 130_operations_frozen_order.png
2064.1s [10月19日（週日） 上午 8:26]   ok  walked back outside
2069.0s [10月19日（週日） 上午 8:34]   ok  entered Bloom Coffee
2071.7s [10月19日（週日） 上午 8:38]   use "Read the news board"
2072.5s [10月19日（週日） 上午 8:43]   shot 131_news_bridge_frozen.png
2072.5s [10月19日（週日） 上午 8:43]   info card: News board
2072.5s [10月19日（週日） 上午 8:43]   shot 132_info_news_board.png
2072.5s [10月19日（週日） 上午 8:43]   click "Close"
2073.0s [10月19日（週日） 上午 8:43]   ok  read the news (bridge_frozen)
2077.2s [10月19日（週日） 上午 8:50]   ok  walked back outside
2081.8s [10月19日（週日） 上午 8:57]   ok  entered Riverside Tower
2084.9s [10月19日（週日） 下午 7:05]   use "Sleep"
2085.5s [10月19日（週日） 下午 7:05]   click [Sleep] Sleep until 7:00 AM
2087.8s [10月20日（週一） 下午 5:00]   toast: Riverlight Goods 咖啡 今天沒開門：吧台沒人顧。去僱一位咖啡師（人員分頁），或自己站吧台。
2088.0s [10月20日（週一） 下午 7:01]   use "Sleep"
2088.6s [10月20日（週一） 下午 7:01]   click [Sleep] Sleep until 7:00 AM
2090.8s [10月21日（週二） 下午 5:00]   toast: Riverlight Goods 咖啡 今天沒開門：吧台沒人顧。去僱一位咖啡師（人員分頁），或自己站吧台。
2091.0s [10月21日（週二） 下午 7:00]   shot 133_decision_supplier_price_increase.png
2091.0s [10月21日（週二） 下午 7:00]   decision supplier_price_increase → accept
2091.0s [10月21日（週二） 下午 7:00]   click [Choice_accept] 好。繼續跟你進貨。
2092.5s [10月21日（週二） 下午 7:00]   shot 134_decision_outcome_supplier_price_increase.png
2092.5s [10月21日（週二） 下午 7:00]   click "OK"
2093.2s [10月21日（週二） 下午 7:00]   use "Sleep"
2093.8s [10月21日（週二） 下午 7:00]   click [Sleep] Sleep until 7:00 AM
2096.0s [10月22日（週三） 下午 5:00]   toast: Riverlight Goods 咖啡 今天沒開門：吧台沒人顧。去僱一位咖啡師（人員分頁），或自己站吧台。
2096.3s [10月22日（週三） 下午 7:01]   use "Sleep"
2096.9s [10月22日（週三） 下午 7:01]   click [Sleep] Sleep until 7:00 AM
2099.0s [10月23日（週四） 下午 5:00]   toast: Riverlight Goods 咖啡 今天沒開門：吧台沒人顧。去僱一位咖啡師（人員分頁），或自己站吧台。
2099.3s [10月23日（週四） 下午 7:01]   use "Sleep"
2099.9s [10月23日（週四） 下午 7:01]   click [Sleep] Sleep until 7:00 AM
2102.1s [10月24日（週五） 下午 5:00]   toast: Riverlight Goods 咖啡 今天沒開門：吧台沒人顧。去僱一位咖啡師（人員分頁），或自己站吧台。
2102.4s [10月24日（週五） 下午 7:01]   use "Sleep"
2103.0s [10月24日（週五） 下午 7:01]   click [Sleep] Sleep until 7:00 AM
2105.2s [10月25日（週六） 下午 5:00]   toast: Riverlight Goods 咖啡 今天沒開門：吧台沒人顧。去僱一位咖啡師（人員分頁），或自己站吧台。
2105.5s [10月25日（週六） 下午 7:01]   use "Sleep"
2106.1s [10月25日（週六） 下午 7:01]   click [Sleep] Sleep until 7:00 AM
2108.4s [10月26日（週日） 下午 7:01]   use "Sleep"
2109.0s [10月26日（週日） 下午 7:01]   click [Sleep] Sleep until 7:00 AM
2111.2s [10月27日（週一） 下午 5:00]   toast: Riverlight Goods 咖啡 今天沒開門：吧台沒人顧。去僱一位咖啡師（人員分頁），或自己站吧台。
2111.5s [10月27日（週一） 下午 7:01]   use "Sleep"
2112.1s [10月27日（週一） 下午 7:01]   click [Sleep] Sleep until 7:00 AM
2112.8s [10月28日（週二） 上午 1:01]   toast: 新評價 #4503：★「壞掉了，賣家不處理。」
2114.3s [10月28日（週二） 下午 5:00]   toast: Riverlight Goods 咖啡 今天沒開門：吧台沒人顧。去僱一位咖啡師（人員分頁），或自己站吧台。
2114.6s [10月28日（週二） 下午 7:01]   use "Sleep"
2115.2s [10月28日（週二） 下午 7:01]   click [Sleep] Sleep until 7:00 AM
2117.4s [10月29日（週三） 下午 5:00]   toast: Riverlight Goods 咖啡 今天沒開門：吧台沒人顧。去僱一位咖啡師（人員分頁），或自己站吧台。
2117.7s [10月29日（週三） 下午 7:01]   use "Sleep"
2118.3s [10月29日（週三） 下午 7:01]   click [Sleep] Sleep until 7:00 AM
2120.5s [10月30日（週四） 下午 5:00]   toast: Riverlight Goods 咖啡 今天沒開門：吧台沒人顧。去僱一位咖啡師（人員分頁），或自己站吧台。
2120.7s [10月30日（週四） 下午 7:00]   shot 135_decision_shipment_lost.png
2120.7s [10月30日（週四） 下午 7:00]   decision shipment_lost → reship
2120.7s [10月30日（週四） 下午 7:00]   click [Choice_reship] 請對方重新出貨
2122.1s [10月30日（週四） 下午 7:00]   shot 136_decision_outcome_shipment_lost.png
2122.1s [10月30日（週四） 下午 7:00]   click "OK"
2122.9s [10月30日（週四） 下午 7:00]   use "Sleep"
2123.5s [10月30日（週四） 下午 7:00]   click [Sleep] Sleep until 7:00 AM
2124.2s [10月31日（週五） 上午 4:23]   toast: 新評價 #4578：★「壞掉了，賣家不處理。」
2125.8s [10月31日（週五） 下午 5:00]   toast: Riverlight Goods 咖啡 今天沒開門：吧台沒人顧。去僱一位咖啡師（人員分頁），或自己站吧台。
2126.0s [10月31日（週五） 下午 7:01]   use "Sleep"
2126.6s [10月31日（週五） 下午 7:01]   click [Sleep] Sleep until 7:00 AM
2130.5s [11月1日（週六） 上午 7:00]   shot 137_month_close_report.png
2130.5s [11月1日（週六） 上午 7:00]   click [month close] Continue
2131.1s [11月1日（週六） 下午 5:00]   toast: Riverlight Goods 咖啡 今天沒開門：吧台沒人顧。去僱一位咖啡師（人員分頁），或自己站吧台。
2131.4s [11月1日（週六） 下午 7:01]   use "Sleep"
2132.0s [11月1日（週六） 下午 7:01]   click [Sleep] Sleep until 7:00 AM
2134.4s [11月2日（週日） 下午 7:01]   use "Sleep"
2135.0s [11月2日（週日） 下午 7:01]   click [Sleep] Sleep until 7:00 AM
2137.2s [11月3日（週一） 下午 5:00]   toast: Riverlight Goods 咖啡 今天沒開門：吧台沒人顧。去僱一位咖啡師（人員分頁），或自己站吧台。
2137.5s [11月3日（週一） 下午 7:01]   use "Sleep"
2138.1s [11月3日（週一） 下午 7:01]   click [Sleep] Sleep until 7:00 AM
2140.3s [11月4日（週二） 下午 5:00]   toast: Riverlight Goods 咖啡 今天沒開門：吧台沒人顧。去僱一位咖啡師（人員分頁），或自己站吧台。
2140.6s [11月4日（週二） 下午 7:01]   use "Sleep"
2141.2s [11月4日（週二） 下午 7:01]   click [Sleep] Sleep until 7:00 AM
2143.4s [11月5日（週三） 下午 5:00]   toast: Riverlight Goods 咖啡 今天沒開門：吧台沒人顧。去僱一位咖啡師（人員分頁），或自己站吧台。
2143.7s [11月5日（週三） 下午 7:01]   use "Sleep"
2144.3s [11月5日（週三） 下午 7:01]   click [Sleep] Sleep until 7:00 AM
2146.5s [11月6日（週四） 下午 5:00]   toast: Riverlight Goods 咖啡 今天沒開門：吧台沒人顧。去僱一位咖啡師（人員分頁），或自己站吧台。
2146.8s [11月6日（週四） 下午 7:01]   use "Sleep"
2147.4s [11月6日（週四） 下午 7:01]   click [Sleep] Sleep until 7:00 AM
2149.6s [11月7日（週五） 下午 5:00]   toast: Riverlight Goods 咖啡 今天沒開門：吧台沒人顧。去僱一位咖啡師（人員分頁），或自己站吧台。
2149.9s [11月7日（週五） 下午 7:01]   use "Sleep"
2150.5s [11月7日（週五） 下午 7:01]   click [Sleep] Sleep until 7:00 AM
2152.8s [11月8日（週六） 下午 5:00]   toast: Riverlight Goods 咖啡 今天沒開門：吧台沒人顧。去僱一位咖啡師（人員分頁），或自己站吧台。
2153.1s [11月8日（週六） 下午 7:01]   use "Sleep"
2153.7s [11月8日（週六） 下午 7:01]   click [Sleep] Sleep until 7:00 AM
2156.1s [11月9日（週日） 下午 7:01]   use "Sleep"
2156.7s [11月9日（週日） 下午 7:01]   click [Sleep] Sleep until 7:00 AM
2158.9s [11月10日（週一） 下午 5:00]   toast: Riverlight Goods 咖啡 今天沒開門：吧台沒人顧。去僱一位咖啡師（人員分頁），或自己站吧台。
2159.2s [11月10日（週一） 下午 7:01]   use "Sleep"
2159.8s [11月10日（週一） 下午 7:01]   click [Sleep] Sleep until 7:00 AM
2162.1s [11月11日（週二） 下午 5:00]   toast: Riverlight Goods 咖啡 今天沒開門：吧台沒人顧。去僱一位咖啡師（人員分頁），或自己站吧台。
2162.4s [11月11日（週二） 下午 7:01]   use "Sleep"
2163.0s [11月11日（週二） 下午 7:01]   click [Sleep] Sleep until 7:00 AM
2165.2s [11月12日（週三） 下午 5:00]   toast: Riverlight Goods 咖啡 今天沒開門：吧台沒人顧。去僱一位咖啡師（人員分頁），或自己站吧台。
2165.5s [11月12日（週三） 下午 7:01]   use "Sleep"
2166.1s [11月12日（週三） 下午 7:01]   click [Sleep] Sleep until 7:00 AM
2168.2s [11月13日（週四） 下午 5:00]   toast: Riverlight Goods 咖啡 今天沒開門：吧台沒人顧。去僱一位咖啡師（人員分頁），或自己站吧台。
2168.5s [11月13日（週四） 下午 7:01]   use "Sleep"
2169.2s [11月13日（週四） 下午 7:01]   click [Sleep] Sleep until 7:00 AM
2171.3s [11月14日（週五） 上午 7:01]   ok  the bridge reopened
2171.3s [11月14日（週五） 上午 7:01]   ok  frozen funds settled
2171.3s [11月14日（週五） 上午 7:01]   ok  Chapter 11 complete: through the freeze and restocked
2171.3s [11月14日（週五） 上午 7:01] STEP Chapter 12 — the regulation wave: the import licence
2171.3s [11月14日（週五） 上午 7:01]   ok  Year 8: the Regulation Wave
2176.0s [11月14日（週五） 上午 7:08]   ok  walked back outside
2180.8s [11月14日（週五） 上午 7:16]   ok  entered Bloom Coffee
2183.6s [11月14日（週五） 上午 7:20]   use "Read the news board"
2184.3s [11月14日（週五） 上午 7:25]   shot 138_news_regulation.png
2184.3s [11月14日（週五） 上午 7:25]   info card: News board
2184.4s [11月14日（週五） 上午 7:25]   shot 139_info_news_board.png
2184.4s [11月14日（週五） 上午 7:25]   click "Close"
2184.8s [11月14日（週五） 上午 7:25]   ok  read the news (regulation)
2189.1s [11月14日（週五） 上午 7:32]   ok  walked back outside
2193.6s [11月14日（週五） 上午 7:39]   ok  entered Riverside Tower
2193.7s [11月14日（週五） 上午 7:39]   (harness) wait 2 h
2194.3s [11月14日（週五） 上午 9:39]   shot 140_decision_low_cash_warning.png
2194.3s [11月14日（週五） 上午 9:39]   decision low_cash_warning → reduce
2194.3s [11月14日（週五） 上午 9:39]   click [Choice_reduce] 縮減開支（暫停廣告、生活從簡）
2195.7s [11月14日（週五） 上午 9:39]   shot 141_decision_outcome_low_cash_warning.png
2195.7s [11月14日（週五） 上午 9:39]   click "OK"
2197.9s [11月14日（週五） 上午 9:43]   ok  walked back outside
2216.9s [11月14日（週五） 上午 10:11]   use "捷運——河濱區站"
2217.9s [11月14日（週五） 上午 10:13]   shot 142_metro_civic_center.png
2217.9s [11月14日（週五） 上午 10:13]   click [Go_civic_center] 市政中心  ·  12 分鐘
2219.0s [11月14日（週五） 上午 10:26]   ok  took the Metro to Civic Center
2230.0s [11月14日（週五） 上午 10:43]   ok  entered Aurelia City Hall
2232.9s [11月14日（週五） 上午 10:47]   use "Permits & regulations"
2233.7s [11月14日（週五） 上午 10:48]   shot 143_permits_import_licence.png
2234.3s [11月14日（週五） 上午 10:49]   ok  the '!' badge for company_registration pins its card
2234.4s [11月14日（週五） 上午 10:49]   shot 144_badge_licence_pinned.png
2234.5s [11月14日（週五） 上午 10:50]   click [ApplyImportLicence] 申請（$450）
2235.2s [11月14日（週五） 上午 11:10]   shot 145_permits_licence_processing.png
2235.6s [11月14日（週五） 上午 11:11]   ok  import licence applied for
2239.9s [11月14日（週五） 上午 11:19]   ok  walked back outside
2249.1s [11月14日（週五） 上午 11:32]   use "捷運——市政中心站"
2250.1s [11月14日（週五） 上午 11:34]   shot 146_metro_riverside.png
2250.1s [11月14日（週五） 上午 11:34]   click [Go_riverside] 河濱區  ·  12 分鐘
2251.1s [11月14日（週五） 上午 11:47]   ok  took the Metro to Riverside
2265.6s [11月14日（週五） 下午 12:09]   ok  entered Riverside Tower
2265.7s [11月14日（週五） 下午 5:00]   toast: Riverlight Goods 咖啡 今天沒開門：吧台沒人顧。去僱一位咖啡師（人員分頁），或自己站吧台。
2268.7s [11月14日（週五） 下午 7:05]   use "Sleep"
2269.3s [11月14日（週五） 下午 7:05]   click [Sleep] Sleep until 7:00 AM
2271.5s [11月15日（週六） 下午 5:00]   toast: Riverlight Goods 咖啡 今天沒開門：吧台沒人顧。去僱一位咖啡師（人員分頁），或自己站吧台。
2271.8s [11月15日（週六） 下午 7:01]   use "Sleep"
2272.4s [11月15日（週六） 下午 7:01]   click [Sleep] Sleep until 7:00 AM
2274.7s [11月16日（週日） 下午 7:01]   use "Sleep"
2275.3s [11月16日（週日） 下午 7:01]   click [Sleep] Sleep until 7:00 AM
2277.4s [11月17日（週一） 上午 7:01]   ok  import licence granted
2277.4s [11月17日（週一） 上午 7:01] STEP Chapter 12 — a large import goes through KYC
2279.4s [11月17日（週一） 上午 7:04]   use "Use laptop — Company OS"
2280.2s [11月17日（週一） 上午 7:05]   click [Tab_operations] Stock and orders
2280.9s [11月17日（週一） 上午 7:06]   click [Buy_lumina_direct_wireless_earbuds] 購買 $2,746.00
2281.8s [11月17日（週一） 上午 7:07]   shot 147_settlement_kyc.png
2281.8s [11月17日（週一） 上午 7:07]   click [Settle_letter_of_credit] Pay this way
2283.0s [11月17日（週一） 上午 7:09]   ok  the large payment carries a KYC check
2283.2s [11月17日（週一） 下午 5:00]   toast: Riverlight Goods 咖啡 今天沒開門：吧台沒人顧。去僱一位咖啡師（人員分頁），或自己站吧台。
2283.4s [11月17日（週一） 下午 7:00]   shot 148_decision_low_cash_warning.png
2283.4s [11月17日（週一） 下午 7:00]   decision low_cash_warning → reduce
2283.4s [11月17日（週一） 下午 7:00]   click [Choice_reduce] 縮減開支（暫停廣告、生活從簡）
2284.8s [11月17日（週一） 下午 7:00]   shot 149_decision_outcome_low_cash_warning.png
2284.8s [11月17日（週一） 下午 7:00]   click "OK"
2293.3s [11月17日（週一） 下午 7:12]   use "Sleep"
2294.0s [11月17日（週一） 下午 7:12]   click [Sleep] Sleep until 7:00 AM
2296.1s [11月18日（週二） 下午 5:00]   toast: Riverlight Goods 咖啡 今天沒開門：吧台沒人顧。去僱一位咖啡師（人員分頁），或自己站吧台。
2296.3s [11月18日（週二） 下午 7:00]   shot 150_decision_supplier_price_increase.png
2296.3s [11月18日（週二） 下午 7:00]   decision supplier_price_increase → accept
2296.3s [11月18日（週二） 下午 7:00]   click [Choice_accept] 好。繼續跟你進貨。
2297.7s [11月18日（週二） 下午 7:00]   shot 151_decision_outcome_supplier_price_increase.png
2297.7s [11月18日（週二） 下午 7:00]   click "OK"
2304.7s [11月18日（週二） 下午 7:10]   use "Sleep"
2305.3s [11月18日（週二） 下午 7:10]   click [Sleep] Sleep until 7:00 AM
2307.4s [11月19日（週三） 下午 5:00]   toast: Riverlight Goods 咖啡 今天沒開門：吧台沒人顧。去僱一位咖啡師（人員分頁），或自己站吧台。
2307.7s [11月19日（週三） 下午 7:01]   use "Sleep"
2308.3s [11月19日（週三） 下午 7:01]   click [Sleep] Sleep until 7:00 AM
2310.4s [11月20日（週四） 下午 5:00]   toast: Riverlight Goods 咖啡 今天沒開門：吧台沒人顧。去僱一位咖啡師（人員分頁），或自己站吧台。
2310.6s [11月20日（週四） 下午 7:00]   shot 152_decision_low_cash_warning.png
2310.6s [11月20日（週四） 下午 7:00]   decision low_cash_warning → reduce
2310.6s [11月20日（週四） 下午 7:00]   click [Choice_reduce] 縮減開支（暫停廣告、生活從簡）
2312.1s [11月20日（週四） 下午 7:00]   shot 153_decision_outcome_low_cash_warning.png
2312.1s [11月20日（週四） 下午 7:00]   click "OK"
2312.8s [11月20日（週四） 下午 7:00]   use "Sleep"
2313.4s [11月20日（週四） 下午 7:00]   click [Sleep] Sleep until 7:00 AM
2314.1s [11月21日（週五） 上午 1:42]   toast: 新評價 #4914：★★「不太好。感覺很廉價。」
2315.5s [11月21日（週五） 上午 7:01]   ok  KYC cleared
2317.3s [11月21日（週五） 上午 7:03]   use "Use laptop — Company OS"
2318.1s [11月21日（週五） 上午 7:04]   click [Tab_finance] Finance
2319.1s [11月21日（週五） 上午 7:06]   shot 154_finance_compliance_cost.png
2319.5s [11月21日（週五） 上午 7:06] STEP Chapter 12 — Victor Hale's offer
2319.5s [11月21日（週五） 上午 7:06]   (harness) wait 2 h
2320.2s [11月21日（週五） 上午 9:07]   (harness) wait 2 h
2324.8s [11月21日（週五） 上午 11:15]   ok  walked back outside
2343.8s [11月21日（週五） 上午 11:44]   use "捷運——河濱區站"
2344.8s [11月21日（週五） 上午 11:45]   shot 155_metro_shopping_street.png
2344.8s [11月21日（週五） 上午 11:45]   click [Go_shopping_street] 購物街  ·  15 分鐘
2346.1s [11月21日（週五） 下午 12:02]   ok  took the Metro to Shopping Street
2359.9s [11月21日（週五） 下午 12:22]   ok  entered Crestline Flagship
2360.8s [11月21日（週五） 下午 12:24]   use "和 Victor Hale 說話"
2361.7s [11月21日（週五） 下午 12:24]   shot 156_victor_offer.png
2369.4s [11月21日（週五） 下午 12:26]   ok  the '!' badge for valuation pins its card
2369.5s [11月21日（週五） 下午 12:26]   shot 157_badge_valuation_pinned.png
2369.7s [11月21日（週五） 下午 12:26]   shot 158_decision_acquisition_offer.png
2369.7s [11月21日（週五） 下午 12:26]   decision acquisition_offer → counter
2369.7s [11月21日（週五） 下午 12:26]   click [Choice_counter] 還價：開價 $341,539
2372.2s [11月21日（週五） 下午 12:26]   shot 159_decision_outcome_acquisition_offer.png
2372.2s [11月21日（週五） 下午 12:26]   click "OK"
2372.8s [11月21日（週五） 下午 12:26]   ok  countered Hale Group's offer
2374.2s [11月21日（週五） 下午 12:28]   shot 160_ending_card.png
2377.0s [11月21日（週五） 下午 12:33]   ok  Chapter 12 complete