Godot Engine v4.5.1.stable.official.f62fdbde1 - https://godotengine.org
OpenGL API 3.3.0 NVIDIA 462.59 - Compatibility - Using Device: NVIDIA - Quadro RTX 4000

   0.2s STEP Main menu → New Game
   0.4s   shot 01_main_menu.png
   0.4s   click [NewGame] New Game
   0.5s   click [CreateRunCharacter] Create character
   1.8s STEP Character Creator
   1.9s   shot 02_creator_default.png
   1.9s   click [Tab_hair] Hair
   2.0s   click [Next_hair] ▶
   2.5s   click [Tab_face] Face
   2.6s   click [Next_face] ▶
   2.8s   click [Next_eye_shape] ▶
   2.9s   click [Tab_body] Body
   3.1s   click [Next_presentation] ▶
   3.7s   shot 03_creator_customised.png
   3.7s   click [Tab_outfit] Outfit
   3.8s   click "Startup Casual"
   4.5s   ok  appearance changed from default (short_neat)
   4.5s   shot 04_creator_final.png
   4.5s   click [Start] Start in Aurelia  →
   4.7s [6月1日（週日） 下午 2:00] STEP Arrival sequence
   7.3s [6月1日（週日） 下午 2:00]   shot 05_arrival_train.png
  10.9s [6月1日（週日） 下午 2:00]   shot 06_arrival_phone.png
  16.0s [6月1日（週日） 下午 2:01]   ok  spawned in the Riverside apartment
  16.0s [6月1日（週日） 下午 2:01]   ok  starting cash $30,000
  16.0s [6月1日（週日） 下午 2:01]   ok  name saved
  17.8s [6月1日（週日） 下午 2:03]   shot 07_apartment_arrival.png
  17.8s [6月1日（週日） 下午 2:03] STEP Chapter 1 — phone & Maya
  20.9s [6月1日（週日） 下午 2:08]   shot 08_phone_home.png
  20.9s [6月1日（週日） 下午 2:08]   click [App_messages] 通知中心
  21.4s [6月1日（週日） 下午 2:09]   ok  first chapter continues by reading notifications, without replying
  21.4s [6月1日（週日） 下午 2:09] STEP Head outside
  25.5s [6月1日（週日） 下午 2:14]   ok  walked back outside
  25.5s [6月1日（週日） 下午 2:14]   ok  visited Riverside
  25.7s [6月1日（週日） 下午 2:14]   shot 09_riverside_outside_home.png
  25.7s [6月1日（週日） 下午 2:14] STEP Bloom Coffee
  28.9s [6月1日（週日） 下午 2:19]   ok  entered Bloom Coffee
  29.0s [6月1日（週日） 下午 2:19]   shot 10_bloom_coffee_inside.png
  30.4s [6月1日（週日） 下午 2:21]   use "Order coffee ($4.50)"
  32.4s [6月1日（週日） 下午 2:21]   choose "› 麻煩了。"
  37.3s [6月1日（週日） 下午 2:32]   ok  bought a coffee from Jun
  40.1s [6月1日（週日） 下午 2:37]   ok  walked back outside
  40.1s [6月1日（週日） 下午 2:37] STEP Walk east to Startup Hub
  41.6s [6月1日（週日） 下午 2:39]   shot 11_riverside_street.png
  56.6s [6月1日（週日） 下午 3:13]   ok  walked to Startup Hub
  56.8s [6月1日（週日） 下午 3:13]   shot 12_startup_hub_arrive.png
  56.8s [6月1日（週日） 下午 3:13] STEP Nexus Co-work
  60.4s [6月1日（週日） 下午 3:19]   ok  entered Nexus Co-work
  60.6s [6月1日（週日） 下午 3:19]   shot 13_cowork_inside.png
  61.8s [6月1日（週日） 下午 3:21]   use "Reception — desks & day passes"
  64.5s [6月1日（週日） 下午 3:21]   choose "› 對。先看看。"
  67.4s [6月1日（週日） 下午 3:22]   click [DayPass] Buy a day pass ($15)
  68.4s [6月1日（週日） 下午 3:23] STEP Business Board
  75.9s [6月1日（週日） 下午 3:35]   use "Business Board"
  76.7s [6月1日（週日） 下午 3:36]   shot 14_business_board.png
  76.7s [6月1日（週日） 下午 3:36]   click [Biz_saas] ● SaaS／軟體
  77.3s [6月1日（週日） 下午 3:37]   shot 15_business_board_planned_saas.png
  77.3s [6月1日（週日） 下午 3:37]   click [Biz_ecommerce] ● 電商
  77.4s [6月1日（週日） 下午 3:37]   click [StartEcommerce] Start an ecommerce side business
  79.0s [6月1日（週日） 下午 3:39]   ok  picked ecommerce as first business
  81.5s [6月1日（週日） 下午 3:43]   ok  Chapter 1 complete
  81.5s [6月1日（週日） 下午 3:43] STEP Chapter 2 — buy stock at a hot desk (Company OS)
  90.4s [6月1日（週日） 下午 3:56]   use "Work at a hot desk — Company OS"
  91.1s [6月1日（週日） 下午 3:57]   shot 16_company_os_overview_personal.png
  91.1s [6月1日（週日） 下午 3:57]   click [Tab_operations] Stock and orders
  91.8s [6月1日（週日） 下午 3:58]   shot 17_company_os_suppliers.png
  91.8s [6月1日（週日） 下午 3:58]   click [FeaturePracticeNext] 練習下一步
  91.9s [6月1日（週日） 下午 3:58]   click [FeaturePracticeNext] 開始探索
  92.1s [6月1日（週日） 下午 3:58]   click [Buy_tradelink_wholesale_wireless_earbuds] 購買 $901.50
  92.6s [6月1日（週日） 下午 4:08]   click [Buy_tradelink_wholesale_water_bottle] 購買 $408.60
  93.1s [6月1日（週日） 下午 4:19]   click [Buy_tradelink_wholesale_desk_lamp] 購買 $460.80
  93.7s [6月1日（週日） 下午 4:30]   click [Buy_tradelink_wholesale_phone_stand] 購買 $272.80
  94.2s [6月1日（週日） 下午 4:41]   ok  placed purchase orders (MOQ, prepaid): 4 POs, cash $27,936.80
  94.2s [6月1日（週日） 下午 4:41]   shot 18_company_os_purchase_orders.png
  94.7s [6月1日（週日） 下午 4:41] STEP Home to wait for stock
  97.9s [6月1日（週日） 下午 4:47]   ok  walked back outside
 101.7s [6月1日（週日） 下午 5:05]   ok  walked to Riverside
 119.8s [6月1日（週日） 下午 5:32]   ok  entered Riverside Tower
 119.8s [6月1日（週日） 下午 5:32]   (harness) wait 2 h
 120.5s [6月1日（週日） 下午 7:33]   shot 19_assistant_fulfilment.png
 122.5s [6月1日（週日） 下午 7:36]   use "Sleep"
 123.1s [6月1日（週日） 下午 7:36]   click [Sleep] Sleep until 7:00 AM
 125.0s [6月2日（週一） 上午 7:00]   (harness) wait 2 h
 125.6s [6月2日（週一） 上午 9:01]   (harness) wait 2 h
 126.3s [6月2日（週一） 上午 11:02]   (harness) wait 2 h
 126.9s [6月2日（週一） 下午 1:03]   (harness) wait 2 h
 127.6s [6月2日（週一） 下午 3:04]   (harness) wait 2 h
 128.2s [6月2日（週一） 下午 5:05]   (harness) wait 2 h
 129.1s [6月2日（週一） 下午 7:07]   use "Sleep"
 129.7s [6月2日（週一） 下午 7:07]   click [Sleep] Sleep until 7:00 AM
 131.5s [6月3日（週二） 上午 7:00]   (harness) wait 2 h
 132.2s [6月3日（週二） 上午 9:01]   (harness) wait 2 h
 132.8s [6月3日（週二） 上午 11:02]   (harness) wait 2 h
 133.4s [6月3日（週二） 下午 1:03]   (harness) wait 2 h
 134.1s [6月3日（週二） 下午 3:04]   ok  stock delivered to the apartment
 134.8s [6月3日（週二） 下午 3:05]   shot 20_apartment_with_stock.png
 134.8s [6月3日（週二） 下午 3:05] STEP List products on ShopLane
 136.1s [6月3日（週二） 下午 3:07]   use "Use laptop — Company OS"
 136.7s [6月3日（週二） 下午 3:08]   click [Tab_sales] 電商 · 新
 137.4s [6月3日（週二） 下午 3:08]   shot 21_company_os_sales_ready.png
 137.4s [6月3日（週二） 下午 3:08]   click [FeaturePracticeNext] 練習下一步
 137.6s [6月3日（週二） 下午 3:08]   click [FeaturePracticeNext] 開始探索
 137.7s [6月3日（週二） 下午 3:08]   click [ListSelf_wireless_earbuds] Shoot photos myself & list (1 h 20 min)
 138.3s [6月3日（週二） 下午 4:29]   click [ListSelf_water_bottle] Shoot photos myself & list (1 h 20 min)
 139.0s [6月3日（週二） 下午 5:49]   click [ListSelf_desk_lamp] Shoot photos myself & list (1 h 20 min)
 139.6s [6月3日（週二） 下午 7:10]   click [ListSelf_phone_stand] Shoot photos myself & list (1 h 20 min)
 140.3s [6月3日（週二） 下午 8:31]   click [AdPlus_wireless_earbuds] +
 141.0s [6月3日（週二） 下午 8:32]   shot 22_company_os_listings_live.png
 141.0s [6月3日（週二） 下午 8:32]   ok  listings live
 141.4s [6月3日（週二） 下午 8:33] STEP First order → pack → ship
 159.0s [6月3日（週二） 下午 9:00]   ok  first order came in
 159.0s [6月3日（週二） 下午 9:00]   ok  handed to the courier (pickup booked)
 159.0s [6月3日（週二） 下午 9:00] STEP Delivery → first dollar
 159.1s [6月3日（週二） 下午 9:00]   ok  first order delivered (Earn Your First Dollar)
 159.1s [6月3日（週二） 下午 9:00]   revenue booked $99.96 · ShopLane balance $94.47 · cash $27,814.26
 159.2s [6月3日（週二） 下午 9:00]   shot 23_first_dollar.png
 159.2s [6月3日（週二） 下午 9:00] STEP First customer issue
 166.6s [6月3日（週二） 下午 9:11]   use "Sleep"
 167.2s [6月3日（週二） 下午 9:11]   click [Sleep] Sleep until 7:00 AM
 169.1s [6月4日（週三） 上午 7:00]   (harness) wait 2 h
 169.7s [6月4日（週三） 上午 9:01]   (harness) wait 2 h
 170.4s [6月4日（週三） 上午 11:02]   (harness) wait 2 h
 171.0s [6月4日（週三） 下午 1:03]   (harness) wait 2 h
 171.7s [6月4日（週三） 下午 3:03]   shot 24_decision_customer_return_first.png
 171.7s [6月4日（週三） 下午 3:03]   decision customer_return_first → replace
 171.7s [6月4日（週三） 下午 3:03]   click [Choice_replace] 寄一個新的（快捷）
 173.4s [6月4日（週三） 下午 3:03]   shot 25_decision_outcome_customer_return_first.png
 173.4s [6月4日（週三） 下午 3:03]   click "OK"
 173.9s [6月4日（週三） 下午 3:03]   ok  resolved the first customer issue
 175.9s [6月4日（週三） 下午 3:06]   ok  Chapter 2 complete
 175.9s [6月4日（週三） 下午 3:06] STEP Purchase cancellation
 177.1s [6月4日（週三） 下午 3:08]   use "Use laptop — Company OS"
 177.7s [6月4日（週三） 下午 3:09]   click [Tab_operations] Stock and orders
 178.4s [6月4日（週三） 下午 3:10]   click [Buy_tradelink_wholesale_wireless_earbuds] 購買 $903.00
 179.5s [6月4日（週三） 下午 3:22]   click [CancelPO_PO-105] Cancel purchase
 180.2s [6月4日（週三） 下午 3:22]   shot 26_purchase_cancel_confirmation.png
 180.2s [6月4日（週三） 下午 3:22]   click [ConfirmReturn] Confirm cancellation
 180.9s [6月4日（週三） 下午 3:22]   ok  extra PO cancelled through UI
 180.9s [6月4日（週三） 下午 3:22]   ok  cancellation cash equals quoted refund
 180.9s [6月4日（週三） 下午 3:22]   ok  ledger balanced after purchase cancellation
 181.4s [6月4日（週三） 下午 3:23]   shot 27_purchase_cancelled_operations.png
 181.8s [6月4日（週三） 下午 3:24] STEP Chapter 3 — wait for a weekday morning
 181.8s [6月4日（週三） 下午 3:24]   (harness) wait 2 h
 182.5s [6月4日（週三） 下午 5:25]   (harness) wait 2 h
 213.1s [6月4日（週三） 下午 8:11]   use "Sleep"
 213.7s [6月4日（週三） 下午 8:11]   click [Sleep] Sleep until 7:00 AM
 218.7s [6月5日（週四） 上午 7:06]   ok  walked back outside
 218.7s [6月5日（週四） 上午 7:06] STEP Metro to Civic Center → City Hall
 226.9s [6月5日（週四） 上午 7:18]   use "捷運——河濱區站"
 227.9s [6月5日（週四） 上午 7:20]   shot 28_metro_civic_center.png
 227.9s [6月5日（週四） 上午 7:20]   click [Go_civic_center] 市政中心  ·  12 分鐘
 229.0s [6月5日（週四） 上午 7:34]   ok  took the Metro to Civic Center
 229.1s [6月5日（週四） 上午 7:34]   shot 29_civic_center.png
 231.7s [6月5日（週四） 上午 9:08]   traffic collision report dismissed
 240.0s [6月5日（週四） 上午 9:20]   ok  entered Aurelia City Hall
 240.2s [6月5日（週四） 上午 9:20]   shot 30_city_hall_inside.png
 242.0s [6月5日（週四） 上午 9:23]   use "Registration counter"
 244.0s [6月5日（週四） 上午 9:23]   choose "› 我要登記公司。"
 246.8s [6月5日（週四） 上午 9:24]   shot 31_registration_form.png
 246.8s [6月5日（週四） 上午 9:24]   click [Submit] Register & pay
 247.8s [6月5日（週四） 上午 10:10]   shot 32_registration_done.png
 247.8s [6月5日（週四） 上午 10:10]   click "Thanks"
 247.9s [6月5日（週四） 上午 10:10]   ok  registered Riverlight Goods
 248.0s [6月5日（週四） 上午 10:10]   shot 33_decision_low_cash_warning.png
 248.0s [6月5日（週四） 上午 10:10]   decision low_cash_warning → reduce
 248.0s [6月5日（週四） 上午 10:10]   click [Choice_reduce] 縮減開支（暫停廣告、生活從簡）
 249.5s [6月5日（週四） 上午 10:10]   shot 34_decision_outcome_low_cash_warning.png
 249.5s [6月5日（週四） 上午 10:10]   click "OK"
 253.5s [6月5日（週四） 上午 10:16]   ok  walked back outside
 253.5s [6月5日（週四） 上午 10:16] STEP Walk to the Financial District → Nexus Bank
 259.6s [6月5日（週四） 上午 10:35]   ok  walked to Financial District
 278.4s [6月5日（週四） 上午 11:03]   ok  entered Nexus Bank
 278.6s [6月5日（週四） 上午 11:03]   shot 35_bank_inside.png
 280.1s [6月5日（週四） 上午 11:05]   use "Teller — business banking"
 280.9s [6月5日（週四） 上午 11:06]   click "$15,000"
 281.1s [6月5日（週四） 上午 11:07]   click [OpenAccount] 存入 $15,000 開戶
 282.1s [6月5日（週四） 上午 11:38]   shot 36_bank_account_opened.png
 282.6s [6月5日（週四） 上午 11:39]   ok  business account opened with founder capital
 289.1s [6月5日（週四） 上午 11:50]   ok  walked back outside
 289.1s [6月5日（週四） 上午 11:50] STEP Metro to Startup Hub → lease Suite 2B
 299.7s [6月5日（週四） 下午 12:06]   use "捷運——金融區站"
 300.6s [6月5日（週四） 下午 12:07]   shot 37_metro_startup_hub.png
 300.7s [6月5日（週四） 下午 12:07]   click [Go_startup_hub] 新創園區  ·  8 分鐘
 301.7s [6月5日（週四） 下午 12:17]   ok  took the Metro to Startup Hub
 309.4s [6月5日（週四） 下午 12:28]   ok  entered 22 Founders Lane
 309.6s [6月5日（週四） 下午 12:28]   shot 38_suite_2b_tour.png
 311.1s [6月5日（週四） 下午 12:31]   use "和 Tom 說話"
 313.5s [6月5日（週四） 下午 12:31]   click [SignLease] Sign the lease
 314.7s [6月5日（週四） 下午 12:33]   ok  leased Suite 2B
 315.4s [6月5日（週四） 下午 12:34]   shot 39_suite_2b_company_sign.png
 315.4s [6月5日（週四） 下午 12:34] STEP Sit at the desk → Company OS as the company
 316.4s [6月5日（週四） 下午 12:35]   use "Sit at your desk — Company OS"
 317.7s [6月5日（週四） 下午 12:37]   shot 40_company_os_as_company.png
 317.7s [6月5日（週四） 下午 12:37]   click [Tab_finance] Finance
 318.5s [6月5日（週四） 下午 12:38]   shot 41_company_os_finance.png
 318.5s [6月5日（週四） 下午 12:38]   click [FeaturePracticeNext] 練習下一步
 318.6s [6月5日（週四） 下午 12:38]   click [FeaturePracticeNext] 開始探索
 318.7s [6月5日（週四） 下午 12:38]   click [Tab_inventory] 庫存 · 新
 319.4s [6月5日（週四） 下午 12:38]   shot 42_company_os_inventory.png
 319.4s [6月5日（週四） 下午 12:38]   click [FeaturePracticeSkip] 跳過這段導引
 323.2s [6月5日（週四） 下午 12:43]   ok  Chapter 3 complete