Godot Engine v4.5.1.stable.official.f62fdbde1 - https://godotengine.org
OpenGL API 3.3.0 NVIDIA 462.59 - Compatibility - Using Device: NVIDIA - Quadro RTX 4000

   0.4s STEP resume_ch13: genuine automatic checkpoint; existing cash, stock and operating history
   0.8s [12月4日（週四） 上午 7:00]   ok  genuine chapter13 checkpoint loaded
  10.0s [12月4日（週四） 上午 7:13] STEP Chapter 13 — Year 9 news and Marcus's international banking explanation
  15.9s [12月4日（週四） 上午 7:21]   ok  walked back outside
  21.0s [12月4日（週四） 上午 7:28]   ok  entered Bloom Coffee
  23.7s [12月4日（週四） 上午 7:32]   use "Read the news board"
  24.7s [12月4日（週四） 上午 7:37]   shot 01_news_global_markets.png
  24.7s [12月4日（週四） 上午 7:37]   info card: News board
  24.8s [12月4日（週四） 上午 7:37]   shot 02_info_news_board.png
  24.8s [12月4日（週四） 上午 7:37]   click "Close"
  25.2s [12月4日（週四） 上午 7:37]   ok  read the news (global_markets)
  29.6s [12月4日（週四） 上午 7:44]   ok  walked back outside
  34.4s [12月4日（週四） 上午 7:51]   ok  entered Riverside Tower
  34.4s [12月4日（週四） 上午 7:51]   (harness) wait 2 h
  35.4s [12月4日（週四） 上午 9:52]   shot 03_assistant_fulfilment.png
  35.5s [12月4日（週四） 上午 9:52]   (harness) wait 2 h
  36.5s [12月4日（週四） 上午 11:52]   (harness) wait 2 h
  39.3s [12月4日（週四） 下午 1:56]   ok  walked back outside
  58.8s [12月4日（週四） 下午 2:24]   use "捷運——河濱區站"
  60.1s [12月4日（週四） 下午 2:26]   shot 04_metro_financial.png
  60.1s [12月4日（週四） 下午 2:26]   click [Go_financial] 金融區  ·  10 分鐘
  61.6s [12月4日（週四） 下午 2:38]   ok  took the Metro to Financial District
  74.0s [12月4日（週四） 下午 2:56]   ok  entered Nexus Bank
  77.3s [12月4日（週四） 下午 3:00]   use "和 Marcus Reed 說話"
  80.5s [12月4日（週四） 下午 3:00]   choose "› 讓我看看你能借多少。"
  83.7s [12月4日（週四） 下午 3:00]   shot 05_ch13_international_account.png
  92.7s [12月4日（週四） 下午 3:14]   ok  walked back outside
 103.0s [12月4日（週四） 下午 3:29]   use "捷運——金融區站"
 104.2s [12月4日（週四） 下午 3:30]   shot 06_metro_riverside.png
 104.2s [12月4日（週四） 下午 3:30]   click [Go_riverside] 河濱區  ·  10 分鐘
 105.5s [12月4日（週四） 下午 3:42]   ok  took the Metro to Riverside
 120.5s [12月4日（週四） 下午 4:04]   ok  entered Riverside Tower
 120.5s [12月4日（週四） 下午 4:04] STEP Chapter 13 — Northridge price and first export
 122.8s [12月4日（週四） 下午 4:07]   use "Use laptop — Company OS"
 123.8s [12月4日（週四） 下午 4:08]   click [Tab_sales] Ecommerce
 124.6s [12月4日（週四） 下午 4:10]   click [SalesPage_overseas] Overseas
 125.5s [12月4日（週四） 下午 4:11]   use "Use laptop — Company OS"
 126.6s [12月4日（週四） 下午 4:12]   click [Tab_operations] Stock and orders
 128.1s [12月4日（週四） 下午 4:14]   click [DeliverTo_riverside_studio] 河濱大樓 7C
 129.4s [12月4日（週四） 下午 4:16]   click [Buy_tradelink_wholesale_water_bottle] 購買 $420.60
 131.1s [12月4日（週四） 下午 5:00]   toast: Riverlight Goods 咖啡 今天沒開門：吧台沒人顧。去僱一位咖啡師（人員分頁），或自己站吧台。
 140.4s [12月4日（週四） 下午 7:13]   use "Sleep"
 141.2s [12月4日（週四） 下午 7:13]   click [Sleep] Sleep until 7:00 AM
 150.0s [12月5日（週五） 下午 5:00]   toast: Riverlight Goods 咖啡 今天沒開門：吧台沒人顧。去僱一位咖啡師（人員分頁），或自己站吧台。
 157.5s [12月5日（週五） 下午 7:10]   use "Sleep"
 158.3s [12月5日（週五） 下午 7:10]   click [Sleep] Sleep until 7:00 AM
 167.1s [12月6日（週六） 下午 5:00]   toast: Riverlight Goods 咖啡 今天沒開門：吧台沒人顧。去僱一位咖啡師（人員分頁），或自己站吧台。
 168.3s [12月6日（週六） 下午 7:01]   use "Sleep"
 169.1s [12月6日（週六） 下午 7:01]   click [Sleep] Sleep until 7:00 AM
 174.9s [12月7日（週日） 上午 7:00]   ok  real purchase supplies upcoming export or distributor shipment
 176.8s [12月7日（週日） 上午 7:03]   use "Use laptop — Company OS"
 177.8s [12月7日（週日） 上午 7:04]   click [Tab_sales] Ecommerce
 179.3s [12月7日（週日） 上午 7:07]   click [SalesPage_overseas] Overseas
 180.8s [12月7日（週日） 上午 7:09]   click [SaveGlobalPrice_L3] Save local price
 181.5s [12月7日（週日） 上午 7:10]   ok  selected export listing really has a saved price
 181.6s [12月7日（週日） 上午 7:10]   shot 07_ch13_storefront.png
 194.2s [12月7日（週日） 下午 7:12]   use "Sleep"
 195.1s [12月7日（週日） 下午 7:12]   click [Sleep] Sleep until 7:00 AM
 203.9s [12月8日（週一） 下午 5:00]   toast: Riverlight Goods 咖啡 今天沒開門：吧台沒人顧。去僱一位咖啡師（人員分頁），或自己站吧台。
 211.3s [12月8日（週一） 下午 7:10]   use "Sleep"
 212.2s [12月8日（週一） 下午 7:10]   click [Sleep] Sleep until 7:00 AM
 221.1s [12月9日（週二） 下午 5:00]   toast: Riverlight Goods 咖啡 今天沒開門：吧台沒人顧。去僱一位咖啡師（人員分頁），或自己站吧台。
 222.4s [12月9日（週二） 下午 7:01]   use "Sleep"
 223.2s [12月9日（週二） 下午 7:01]   click [Sleep] Sleep until 7:00 AM
 229.3s [12月10日（週三） 上午 8:33]   toast: 新評價 #5253：★「壞掉了，賣家不處理。」
 232.1s [12月10日（週三） 下午 5:00]   toast: Riverlight Goods 咖啡 今天沒開門：吧台沒人顧。去僱一位咖啡師（人員分頁），或自己站吧台。
 233.6s [12月10日（週三） 下午 7:01]   use "Sleep"
 234.4s [12月10日（週三） 下午 7:01]   click [Sleep] Sleep until 7:00 AM
 243.5s [12月11日（週四） 下午 5:00]   toast: Riverlight Goods 咖啡 今天沒開門：吧台沒人顧。去僱一位咖啡師（人員分頁），或自己站吧台。
 244.8s [12月11日（週四） 下午 7:01]   use "Sleep"
 245.6s [12月11日（週四） 下午 7:01]   click [Sleep] Sleep until 7:00 AM
 247.9s [12月12日（週五） 上午 12:16]   toast: 新評價 #5098：★★★「等了好一陣子才到。」
 247.9s [12月12日（週五） 上午 12:19]   toast: 新評價 #5114：★★★「等了好一陣子才到。」
 248.2s [12月12日（週五） 上午 1:16]   toast: 新評價 #5118：★★★「等了好一陣子才到。」
 254.8s [12月12日（週五） 下午 5:00]   toast: Riverlight Goods 咖啡 今天沒開門：吧台沒人顧。去僱一位咖啡師（人員分頁），或自己站吧台。
 256.0s [12月12日（週五） 下午 7:01]   use "Sleep"
 256.9s [12月12日（週五） 下午 7:01]   click [Sleep] Sleep until 7:00 AM
 266.0s [12月13日（週六） 下午 5:00]   toast: Riverlight Goods 咖啡 今天沒開門：吧台沒人顧。去僱一位咖啡師（人員分頁），或自己站吧台。
 267.2s [12月13日（週六） 下午 7:00]   shot 08_decision_supplier_price_increase.png
 267.2s [12月13日（週六） 下午 7:00]   decision supplier_price_increase → accept
 267.2s [12月13日（週六） 下午 7:00]   click [Choice_accept] 好。繼續跟你進貨。
 268.6s [12月13日（週六） 下午 7:00]   shot 09_decision_outcome_supplier_price_increase.png
 268.6s [12月13日（週六） 下午 7:00]   click "OK"
 269.3s [12月13日（週六） 下午 7:00]   use "Sleep"
 270.2s [12月13日（週六） 下午 7:00]   click [Sleep] Sleep until 7:00 AM
 280.5s [12月14日（週日） 下午 7:01]   use "Sleep"
 281.3s [12月14日（週日） 下午 7:01]   click [Sleep] Sleep until 7:00 AM
 290.6s [12月15日（週一） 下午 5:00]   toast: Riverlight Goods 咖啡 今天沒開門：吧台沒人顧。去僱一位咖啡師（人員分頁），或自己站吧台。
 291.4s [12月15日（週一） 下午 7:00]   info card: What your overseas order really earned
 291.8s [12月15日（週一） 下午 7:00]   shot 10_info_what_your_overseas_order.png
 291.8s [12月15日（週一） 下午 7:00]   click "Close"
 292.5s [12月15日（週一） 下午 7:02]   use "Sleep"
 293.3s [12月15日（週一） 下午 7:02]   click [Sleep] Sleep until 7:00 AM
 307.4s [12月16日（週二） 上午 7:12]   use "Use laptop — Company OS"
 308.4s [12月16日（週二） 上午 7:14]   click [Tab_finance] Finance
 313.5s [12月16日（週二） 上午 7:21]   shot 11_ch13_real_income.png
 313.5s [12月16日（週二） 上午 7:21]   info card: What your overseas order really earned
 313.6s [12月16日（週二） 上午 7:21]   shot 12_info_what_your_overseas_order.png
 313.6s [12月16日（週二） 上午 7:21]   click "Close"
 314.4s [12月16日（週二） 上午 7:22]   ok  Chapter 13 actual export and conversion complete
 318.5s [12月16日（週二） 上午 7:28] STEP Chapter 14 — Ines in the open Customs House
 318.5s [12月16日（週二） 上午 7:28]   (harness) wait 2 h
 323.6s [12月16日（週二） 上午 9:36]   ok  walked back outside
 343.1s [12月16日（週二） 上午 10:04]   use "捷運——河濱區站"
 344.3s [12月16日（週二） 上午 10:06]   shot 13_metro_harbor.png
 344.3s [12月16日（週二） 上午 10:06]   click [Go_harbor] 港區  ·  8 分鐘
 346.4s [12月16日（週二） 上午 10:15]   ok  took the Metro to Harbor
 356.3s [12月16日（週二） 上午 10:29]   ok  entered Aurelia Customs House
 356.4s [12月16日（週二） 上午 10:30]   use "和 Ines Duarte 說話"
 356.9s [12月16日（週二） 上午 10:30]   shot 14_ch14_ines.png
 358.7s [12月16日（週二） 上午 10:30]   choose "› 我先付關稅，選 DDP。"
 360.6s [12月16日（週二） 上午 10:31]   ok  real Ines dialogue completed
 362.7s [12月16日（週二） 上午 10:34]   ok  walked back outside
 376.6s [12月16日（週二） 上午 10:55]   use "捷運——港區站"
 377.9s [12月16日（週二） 上午 10:57]   shot 15_metro_riverside.png
 377.9s [12月16日（週二） 上午 10:57]   click [Go_riverside] 河濱區  ·  8 分鐘
 379.5s [12月16日（週二） 上午 11:07]   ok  took the Metro to Riverside
 394.2s [12月16日（週二） 上午 11:28]   ok  entered Riverside Tower
 394.2s [12月16日（週二） 上午 11:28] STEP Chapter 14 — DDP declaration and accurate tariff classification
 396.4s [12月16日（週二） 上午 11:32]   use "Use laptop — Company OS"
 397.5s [12月16日（週二） 上午 11:33]   click [Tab_sales] Ecommerce
 398.3s [12月16日（週二） 上午 11:34]   click [SalesPage_overseas] Overseas
 399.5s [12月16日（週二） 上午 11:36]   click [ExportPolicy_ddp_L3] DDP
 401.1s [12月16日（週二） 上午 11:38]   shot 16_ch14_declaration.png
 401.6s [12月16日（週二） 上午 11:39]   ok  real policy and tariff inputs recorded
 401.6s [12月16日（週二） 上午 11:39] STEP Chapter 14 — trial deliveries and return risk
 403.5s [12月16日（週二） 下午 5:00]   toast: Riverlight Goods 咖啡 今天沒開門：吧台沒人顧。去僱一位咖啡師（人員分頁），或自己站吧台。
 412.7s [12月16日（週二） 下午 7:12]   use "Sleep"
 413.6s [12月16日（週二） 下午 7:12]   click [Sleep] Sleep until 7:00 AM
 422.9s [12月17日（週三） 下午 5:00]   toast: Riverlight Goods 咖啡 今天沒開門：吧台沒人顧。去僱一位咖啡師（人員分頁），或自己站吧台。
 430.6s [12月17日（週三） 下午 7:10]   use "Sleep"
 431.5s [12月17日（週三） 下午 7:10]   click [Sleep] Sleep until 7:00 AM
 440.8s [12月18日（週四） 下午 5:00]   toast: Riverlight Goods 咖啡 今天沒開門：吧台沒人顧。去僱一位咖啡師（人員分頁），或自己站吧台。
 442.1s [12月18日（週四） 下午 7:01]   use "Sleep"
 442.9s [12月18日（週四） 下午 7:01]   click [Sleep] Sleep until 7:00 AM
 445.2s [12月19日（週五） 上午 12:49]   toast: 新評價 #5238：★★★「等了好一陣子才到。」
 452.5s [12月19日（週五） 下午 5:00]   toast: Riverlight Goods 咖啡 今天沒開門：吧台沒人顧。去僱一位咖啡師（人員分頁），或自己站吧台。
 453.7s [12月19日（週五） 下午 7:01]   use "Sleep"
 454.6s [12月19日（週五） 下午 7:01]   click [Sleep] Sleep until 7:00 AM
 464.0s [12月20日（週六） 下午 5:00]   toast: Riverlight Goods 咖啡 今天沒開門：吧台沒人顧。去僱一位咖啡師（人員分頁），或自己站吧台。
 465.3s [12月20日（週六） 下午 7:01]   use "Sleep"
 466.2s [12月20日（週六） 下午 7:01]   click [Sleep] Sleep until 7:00 AM
 476.7s [12月21日（週日） 下午 7:00]   shot 17_decision_cafe_inspection.png
 476.7s [12月21日（週日） 下午 7:00]   decision cafe_inspection → prepare
 476.7s [12月21日（週日） 下午 7:00]   click [Choice_prepare] 清潔十五分鐘後接受檢查
 478.4s [12月21日（週日） 下午 7:15]   shot 18_decision_outcome_cafe_inspection.png
 478.4s [12月21日（週日） 下午 7:15]   click "OK"
 479.1s [12月21日（週日） 下午 7:15]   use "Sleep"
 480.0s [12月21日（週日） 下午 7:15]   click [Sleep] Sleep until 7:00 AM
 490.6s [12月22日（週一） 下午 7:01]   use "Sleep"
 491.6s [12月22日（週一） 下午 7:01]   click [Sleep] Sleep until 7:00 AM
 494.2s [12月23日（週二） 上午 1:25]   toast: 新評價 #5311：★★★「等了好一陣子才到。」
 494.2s [12月23日（週二） 上午 1:34]   toast: 新評價 #5289：★★★「等了好一陣子才到。」
 501.1s [12月23日（週二） 下午 5:00]   toast: Riverlight Goods 咖啡 今天沒開門：吧台沒人顧。去僱一位咖啡師（人員分頁），或自己站吧台。
 502.4s [12月23日（週二） 下午 7:01]   use "Sleep"
 503.3s [12月23日（週二） 下午 7:01]   click [Sleep] Sleep until 7:00 AM
 506.5s [12月24日（週三） 上午 3:45]   toast: 新評價 #5310：★★★「品質普通。」
 512.8s [12月24日（週三） 下午 5:00]   toast: Riverlight Goods 咖啡 今天沒開門：吧台沒人顧。去僱一位咖啡師（人員分頁），或自己站吧台。
 514.1s [12月24日（週三） 下午 7:01]   use "Sleep"
 515.0s [12月24日（週三） 下午 7:01]   click [Sleep] Sleep until 7:00 AM
 519.3s [12月25日（週四） 上午 6:35]   toast: 新評價 #5353：★★★「等了好一陣子才到。」
 524.7s [12月25日（週四） 下午 5:00]   toast: Riverlight Goods 咖啡 今天沒開門：吧台沒人顧。去僱一位咖啡師（人員分頁），或自己站吧台。
 532.5s [12月25日（週四） 下午 7:11]   use "Sleep"
 533.5s [12月25日（週四） 下午 7:11]   click [Sleep] Sleep until 7:00 AM
 543.1s [12月26日（週五） 下午 5:00]   toast: Riverlight Goods 咖啡 今天沒開門：吧台沒人顧。去僱一位咖啡師（人員分頁），或自己站吧台。
 544.4s [12月26日（週五） 下午 7:01]   use "Sleep"
 545.3s [12月26日（週五） 下午 7:01]   click [Sleep] Sleep until 7:00 AM
 552.0s [12月27日（週六） 上午 8:19]   toast: 新評價 #5391：★★★「品質普通。」
 555.0s [12月27日（週六） 下午 5:00]   toast: Riverlight Goods 咖啡 今天沒開門：吧台沒人顧。去僱一位咖啡師（人員分頁），或自己站吧台。
 556.3s [12月27日（週六） 下午 7:01]   use "Sleep"
 557.2s [12月27日（週六） 下午 7:01]   click [Sleep] Sleep until 7:00 AM
 565.9s [12月28日（週日） 下午 2:00]   toast: 新評價 #5421：★★★「還行。」
 566.6s [12月28日（週日） 下午 4:39]   toast: 新評價 #5400：★★★「等了好一陣子才到。」
 568.1s [12月28日（週日） 下午 7:01]   use "Sleep"
 569.0s [12月28日（週日） 下午 7:01]   click [Sleep] Sleep until 7:00 AM
 569.9s [12月28日（週日） 下午 8:29]   toast: 新評價 #5387：★★★「還行。」
 578.5s [12月29日（週一） 下午 4:47]   toast: 新評價 #5433：★★★「品質普通。」
 578.9s [12月29日（週一） 下午 5:00]   toast: Riverlight Goods 咖啡 今天沒開門：吧台沒人顧。去僱一位咖啡師（人員分頁），或自己站吧台。
 580.2s [12月29日（週一） 下午 7:01]   use "Sleep"
 581.1s [12月29日（週一） 下午 7:01]   click [Sleep] Sleep until 7:00 AM
 583.4s [12月30日（週二） 上午 12:24]   toast: 新評價 #5434：★★★「等了好一陣子才到。」
 584.4s [12月30日（週二） 上午 3:13]   toast: 新評價 #5438：★★★「還行。」
 589.3s [12月30日（週二） 上午 7:03]   use "Use laptop — Company OS"
 590.5s [12月30日（週二） 上午 7:04]   click [Tab_sales] Ecommerce
 591.2s [12月30日（週二） 上午 7:06]   click [SalesPage_overseas] Overseas
 591.5s [12月30日（週二） 上午 7:06]   click [PauseGlobalExpansion] Review results and pause expansion
 592.1s [12月30日（週二） 上午 7:06]   shot 19_ch14_trial_results.png
 592.5s [12月30日（週二） 上午 7:07]   shot 20_ch14_trial_observed.png
 593.0s [12月30日（週二） 上午 7:08]   ok  Chapter 14 trial completes
 593.0s [12月30日（週二） 上午 7:08]   ok  chapters 13–14 Ledger balanced
 597.0s [12月30日（週二） 上午 7:14] STEP Chapter 15 — currency briefing and real bank hedge
 601.1s [12月30日（週二） 上午 7:21]   ok  walked back outside
 606.2s [12月30日（週二） 上午 7:28]   ok  entered Bloom Coffee
 609.0s [12月30日（週二） 上午 7:32]   use "Read the news board"
 610.0s [12月30日（週二） 上午 7:37]   shot 21_news_fx_risk.png
 610.0s [12月30日（週二） 上午 7:37]   info card: News board
 610.1s [12月30日（週二） 上午 7:37]   shot 22_info_news_board.png
 610.1s [12月30日（週二） 上午 7:37]   click "Close"
 610.5s [12月30日（週二） 上午 7:37]   ok  read the news (fx_risk)
 615.2s [12月30日（週二） 上午 7:44]   ok  walked back outside
 620.0s [12月30日（週二） 上午 7:51]   ok  entered Riverside Tower
 620.0s [12月30日（週二） 上午 7:51]   (harness) wait 2 h
 621.3s [12月30日（週二） 上午 9:52]   (harness) wait 2 h
 622.5s [12月30日（週二） 上午 11:52]   (harness) wait 2 h
 625.6s [12月30日（週二） 下午 1:56]   ok  walked back outside
 645.2s [12月30日（週二） 下午 2:24]   use "捷運——河濱區站"
 646.5s [12月30日（週二） 下午 2:26]   shot 23_metro_financial.png
 646.5s [12月30日（週二） 下午 2:26]   click [Go_financial] 金融區  ·  10 分鐘
 647.9s [12月30日（週二） 下午 2:37]   ok  took the Metro to Financial District
 660.0s [12月30日（週二） 下午 2:55]   ok  entered Nexus Bank
 663.4s [12月30日（週二） 下午 3:00]   use "和 Marcus Reed 說話"
 666.4s [12月30日（週二） 下午 3:00]   choose "› 讓我看看費用與風險。"
 668.3s [12月30日（週二） 下午 3:01]   click [BankFXRisk] Manage exchange risk
 668.5s [12月30日（週二） 下午 3:01]   shot 24_ch15_forward_quote.png
 668.5s [12月30日（週二） 下午 3:01]   click [ChooseHomeInvoices] Choose home-currency invoices
 669.0s [12月30日（週二） 下午 3:01]   ok  native risk response recorded
 678.8s [12月30日（週二） 下午 3:16]   ok  walked back outside
 688.9s [12月30日（週二） 下午 3:32]   use "捷運——金融區站"
 690.2s [12月30日（週二） 下午 3:33]   shot 25_metro_riverside.png
 690.2s [12月30日（週二） 下午 3:33]   click [Go_riverside] 河濱區  ·  10 分鐘
 691.5s [12月30日（週二） 下午 3:45]   ok  took the Metro to Riverside
 707.0s [12月30日（週二） 下午 4:07]   ok  entered Riverside Tower
 707.3s [12月30日（週二） 下午 5:00]   toast: Riverlight Goods 咖啡 今天沒開門：吧台沒人顧。去僱一位咖啡師（人員分頁），或自己站吧台。
 711.4s [12月30日（週二） 下午 7:04]   use "Sleep"
 712.2s [12月30日（週二） 下午 7:04]   click [Sleep] Sleep until 7:00 AM
 722.0s [12月31日（週三） 下午 5:00]   toast: Riverlight Goods 咖啡 今天沒開門：吧台沒人顧。去僱一位咖啡師（人員分頁），或自己站吧台。
 723.3s [12月31日（週三） 下午 7:01]   use "Sleep"
 724.3s [12月31日（週三） 下午 7:01]   click [Sleep] Sleep until 7:00 AM
 731.2s [1月1日（週四） 上午 7:00]   info card: Exchange response — compare the assumptions
 731.2s [1月1日（週四） 上午 7:00]   shot 26_info_exchange_response_—_comp.png
 731.2s [1月1日（週四） 上午 7:00]   click "Close"
 733.2s [1月1日（週四） 上午 7:00]   shot 27_month_close_report.png
 733.2s [1月1日（週四） 上午 7:00]   click [month close] Continue
 734.5s [1月1日（週四） 上午 7:01]   shot 28_ch15_comparison.png
 734.5s [1月1日（週四） 上午 7:01]   ok  chapter15 completes from actual response and viewed month close
 734.5s [1月1日（週四） 上午 7:01] STEP Chapter 16 — Omar video, flight and distributor contract
 736.6s [1月1日（週四） 上午 7:04]   use "Use laptop — Company OS"
 737.7s [1月1日（週四） 上午 7:06]   click [Tab_sales] Ecommerce
 738.4s [1月1日（週四） 上午 7:07]   click [SalesPage_overseas] Overseas
 738.7s [1月1日（週四） 上午 7:07]   click [CompareLuminaPartners] Compare Lumina partners
 738.9s [1月1日（週四） 上午 7:07]   click [CallOmar] Video call Omar
 742.0s [1月1日（週四） 上午 7:08]   choose "› 讓我看看費用與風險。"
 743.9s [1月1日（週四） 上午 7:09]   shot 29_ch16_channel_choices.png
 743.9s [1月1日（週四） 上午 7:09]   click [LuminaFlight_co_riverlight_goods] 前往 Lumina — 公司帳戶
 747.4s [1月1日（週四） 下午 5:00]   toast: Riverlight Goods 咖啡 今天沒開門：吧台沒人顧。去僱一位咖啡師（人員分頁），或自己站吧台。
 753.3s [1月2日（週五） 上午 7:09]   info card: Lumina journey
 753.4s [1月2日（週五） 上午 7:09]   shot 30_info_lumina_journey.png
 753.4s [1月2日（週五） 上午 7:09]   click "Close"
 753.8s [1月2日（週五） 上午 7:09]   shot 31_ch16_trip_return.png
 753.8s [1月2日（週五） 上午 7:09]   click [LuminaFlight_player] 回程 — 個人帳戶
 757.4s [1月2日（週五） 下午 5:00]   toast: Riverlight Goods 咖啡 今天沒開門：吧台沒人顧。去僱一位咖啡師（人員分頁），或自己站吧台。
 760.6s [1月3日（週六） 上午 2:06]   toast: 新評價 #5492：★★★「品質普通。」
 763.2s [1月3日（週六） 上午 7:09]   info card: Lumina journey
 763.3s [1月3日（週六） 上午 7:09]   shot 32_info_lumina_journey.png
 763.3s [1月3日（週六） 上午 7:09]   click "Close"
 763.7s [1月3日（週六） 上午 7:09]   click [RequestOmarContract] Request distributor contract
 764.4s [1月3日（週六） 上午 7:10]   home-currency distributor quote declined; wait for a new quote
 767.8s [1月3日（週六） 下午 5:00]   toast: Riverlight Goods 咖啡 今天沒開門：吧台沒人顧。去僱一位咖啡師（人員分頁），或自己站吧台。
 777.3s [1月3日（週六） 下午 7:12]   use "Sleep"
 778.2s [1月3日（週六） 下午 7:12]   click [Sleep] Sleep until 7:00 AM
 789.8s [1月4日（週日） 下午 7:00]   shot 33_decision_supplier_price_increase.png
 789.8s [1月4日（週日） 下午 7:00]   decision supplier_price_increase → accept
 789.8s [1月4日（週日） 下午 7:00]   click [Choice_accept] 好。繼續跟你進貨。
 791.2s [1月4日（週日） 下午 7:00]   shot 34_decision_outcome_supplier_price_increase.png
 791.2s [1月4日（週日） 下午 7:00]   click "OK"
 798.2s [1月4日（週日） 下午 7:10]   use "Sleep"
 799.0s [1月4日（週日） 下午 7:10]   click [Sleep] Sleep until 7:00 AM
 800.7s [1月4日（週日） 下午 10:29]   toast: 新評價 #5542：★★★「還行。」
 807.3s [1月5日（週一） 上午 7:03]   use "Use laptop — Company OS"
 808.4s [1月5日（週一） 上午 7:04]   click [Tab_sales] Ecommerce
 809.9s [1月5日（週一） 上午 7:07]   click [SalesPage_overseas] Overseas
 811.2s [1月5日（週一） 上午 7:09]   click [CompareLuminaPartners] Compare Lumina partners
 811.7s [1月5日（週一） 上午 7:09]   click [RequestOmarContract] Request distributor contract
 813.1s [1月5日（週一） 上午 7:10]   ok  a fresh distributor quote is accepted before contract controls
 813.1s [1月5日（週一） 上午 7:10]   shot 35_ch16_distributor_offer.png
 813.1s [1月5日（週一） 上午 7:10]   click [AcceptContract] Accept
 818.9s [1月5日（週一） 下午 5:00]   toast: Riverlight Goods 咖啡 今天沒開門：吧台沒人顧。去僱一位咖啡師（人員分頁），或自己站吧台。
 828.1s [1月5日（週一） 下午 7:12]   use "Sleep"
 828.9s [1月5日（週一） 下午 7:12]   click [Sleep] Sleep until 7:00 AM
 835.5s [1月6日（週二） 上午 7:00]   ok  native signing and dispatch put goods in transit
 835.6s [1月6日（週二） 上午 7:00]   shot 36_ch16_goods_in_transit.png
 839.1s [1月6日（週二） 下午 5:00]   toast: Riverlight Goods 咖啡 今天沒開門：吧台沒人顧。去僱一位咖啡師（人員分頁），或自己站吧台。
 846.7s [1月6日（週二） 下午 7:10]   use "Sleep"
 847.6s [1月6日（週二） 下午 7:10]   click [Sleep] Sleep until 7:00 AM
 851.3s [1月7日（週三） 上午 4:32]   toast: 新評價 #5771：★★「晚到還有刮痕。」
 857.6s [1月7日（週三） 下午 5:00]   toast: Riverlight Goods 咖啡 今天沒開門：吧台沒人顧。去僱一位咖啡師（人員分頁），或自己站吧台。
 859.0s [1月7日（週三） 下午 7:01]   use "Sleep"
 859.9s [1月7日（週三） 下午 7:01]   click [Sleep] Sleep until 7:00 AM
 869.8s [1月8日（週四） 下午 5:00]   toast: Riverlight Goods 咖啡 今天沒開門：吧台沒人顧。去僱一位咖啡師（人員分頁），或自己站吧台。
 871.2s [1月8日（週四） 下午 7:01]   use "Sleep"
 872.1s [1月8日（週四） 下午 7:01]   click [Sleep] Sleep until 7:00 AM
 873.8s [1月8日（週四） 下午 10:16]   toast: 新評價 #5621：★★★「品質普通。」
 882.2s [1月9日（週五） 下午 5:00]   toast: Riverlight Goods 咖啡 今天沒開門：吧台沒人顧。去僱一位咖啡師（人員分頁），或自己站吧台。
 883.6s [1月9日（週五） 下午 7:01]   use "Sleep"
 884.5s [1月9日（週五） 下午 7:01]   click [Sleep] Sleep until 7:00 AM
 894.6s [1月10日（週六） 下午 5:00]   toast: Riverlight Goods 咖啡 今天沒開門：吧台沒人顧。去僱一位咖啡師（人員分頁），或自己站吧台。
 896.0s [1月10日（週六） 下午 7:01]   use "Sleep"
 896.9s [1月10日（週六） 下午 7:01]   click [Sleep] Sleep until 7:00 AM
 908.7s [1月11日（週日） 下午 7:01]   use "Sleep"
 909.6s [1月11日（週日） 下午 7:01]   click [Sleep] Sleep until 7:00 AM
 916.6s [1月12日（週一） 上午 8:12]   toast: 新評價 #5668：★★★「還行。」
 919.8s [1月12日（週一） 下午 5:00]   toast: Riverlight Goods 咖啡 今天沒開門：吧台沒人顧。去僱一位咖啡師（人員分頁），或自己站吧台。
 921.2s [1月12日（週一） 下午 7:01]   use "Sleep"
 922.1s [1月12日（週一） 下午 7:01]   click [Sleep] Sleep until 7:00 AM
 931.6s [1月13日（週二） 下午 3:25]   toast: 新評價 #5675：★★★「還行。」
 931.6s [1月13日（週二） 下午 3:40]   toast: 新評價 #5687：★★★「等了好一陣子才到。」
 932.3s [1月13日（週二） 下午 5:00]   toast: Riverlight Goods 咖啡 今天沒開門：吧台沒人顧。去僱一位咖啡師（人員分頁），或自己站吧台。
 933.7s [1月13日（週二） 下午 7:01]   use "Sleep"
 934.6s [1月13日（週二） 下午 7:01]   click [Sleep] Sleep until 7:00 AM
 944.8s [1月14日（週三） 下午 5:00]   toast: Riverlight Goods 咖啡 今天沒開門：吧台沒人顧。去僱一位咖啡師（人員分頁），或自己站吧台。
 946.2s [1月14日（週三） 下午 7:01]   use "Sleep"
 947.1s [1月14日（週三） 下午 7:01]   click [Sleep] Sleep until 7:00 AM
 957.4s [1月15日（週四） 下午 5:00]   toast: Riverlight Goods 咖啡 今天沒開門：吧台沒人顧。去僱一位咖啡師（人員分頁），或自己站吧台。
 965.3s [1月15日（週四） 下午 7:11]   use "Sleep"
 966.2s [1月15日（週四） 下午 7:11]   click [Sleep] Sleep until 7:00 AM
 975.2s [1月16日（週五） 下午 5:00]   toast: Riverlight Goods 咖啡 今天沒開門：吧台沒人顧。去僱一位咖啡師（人員分頁），或自己站吧台。
 975.5s [1月16日（週五） 下午 7:01]   use "Sleep"
 976.1s [1月16日（週五） 下午 7:01]   click [Sleep] Sleep until 7:00 AM
 978.4s [1月17日（週六） 下午 5:00]   toast: Riverlight Goods 咖啡 今天沒開門：吧台沒人顧。去僱一位咖啡師（人員分頁），或自己站吧台。
 978.8s [1月17日（週六） 下午 7:01]   use "Sleep"
 979.4s [1月17日（週六） 下午 7:01]   click [Sleep] Sleep until 7:00 AM
 981.8s [1月18日（週日） 下午 7:01]   use "Sleep"
 982.4s [1月18日（週日） 下午 7:01]   click [Sleep] Sleep until 7:00 AM
 984.6s [1月19日（週一） 下午 5:00]   toast: Riverlight Goods 咖啡 今天沒開門：吧台沒人顧。去僱一位咖啡師（人員分頁），或自己站吧台。
 984.9s [1月19日（週一） 下午 7:01]   use "Sleep"
 985.5s [1月19日（週一） 下午 7:01]   click [Sleep] Sleep until 7:00 AM
 987.8s [1月20日（週二） 下午 5:00]   toast: Riverlight Goods 咖啡 今天沒開門：吧台沒人顧。去僱一位咖啡師（人員分頁），或自己站吧台。
 988.1s [1月20日（週二） 下午 7:01]   use "Sleep"
 988.7s [1月20日（週二） 下午 7:01]   click [Sleep] Sleep until 7:00 AM
 990.9s [1月21日（週三） 下午 5:00]   toast: Riverlight Goods 咖啡 今天沒開門：吧台沒人顧。去僱一位咖啡師（人員分頁），或自己站吧台。
 991.2s [1月21日（週三） 下午 7:01]   use "Sleep"
 991.8s [1月21日（週三） 下午 7:01]   click [Sleep] Sleep until 7:00 AM
 994.1s [1月22日（週四） 下午 5:00]   toast: Riverlight Goods 咖啡 今天沒開門：吧台沒人顧。去僱一位咖啡師（人員分頁），或自己站吧台。
 994.3s [1月22日（週四） 下午 7:00]   shot 37_decision_supplier_price_increase.png
 994.3s [1月22日（週四） 下午 7:00]   decision supplier_price_increase → accept
 994.3s [1月22日（週四） 下午 7:00]   click [Choice_accept] 好。繼續跟你進貨。
 995.8s [1月22日（週四） 下午 7:00]   shot 38_decision_outcome_supplier_price_increase.png
 995.8s [1月22日（週四） 下午 7:00]   click "OK"
 996.5s [1月22日（週四） 下午 7:00]   use "Sleep"
 997.1s [1月22日（週四） 下午 7:00]   click [Sleep] Sleep until 7:00 AM
 999.3s [1月23日（週五） 下午 5:00]   toast: Riverlight Goods 咖啡 今天沒開門：吧台沒人顧。去僱一位咖啡師（人員分頁），或自己站吧台。
 999.7s [1月23日（週五） 下午 7:01]   use "Sleep"
1000.3s [1月23日（週五） 下午 7:01]   click [Sleep] Sleep until 7:00 AM
1002.5s [1月24日（週六） 下午 5:00]   toast: Riverlight Goods 咖啡 今天沒開門：吧台沒人顧。去僱一位咖啡師（人員分頁），或自己站吧台。
1009.4s [1月24日（週六） 下午 7:11]   use "Sleep"
1010.0s [1月24日（週六） 下午 7:11]   click [Sleep] Sleep until 7:00 AM
1012.4s [1月25日（週日） 下午 7:01]   use "Sleep"
1013.0s [1月25日（週日） 下午 7:01]   click [Sleep] Sleep until 7:00 AM
1015.2s [1月26日（週一） 下午 5:00]   toast: Riverlight Goods 咖啡 今天沒開門：吧台沒人顧。去僱一位咖啡師（人員分頁），或自己站吧台。
1015.4s [1月26日（週一） 下午 7:00]   info card: Customer ownership — 90-day estimate
1015.5s [1月26日（週一） 下午 7:00]   shot 39_info_customer_ownership_—_90-.png
1015.5s [1月26日（週一） 下午 7:00]   click "Close"
1016.1s [1月26日（週一） 下午 7:00]   use "Sleep"
1016.7s [1月26日（週一） 下午 7:00]   click [Sleep] Sleep until 7:00 AM
1018.9s [1月27日（週二） 上午 7:00]   shot 40_decision_rival_undercut.png
1018.9s [1月27日（週二） 上午 7:00]   decision rival_undercut → niche
1018.9s [1月27日（週二） 上午 7:00]   click [Choice_niche] 選擇利基市場
1020.3s [1月27日（週二） 上午 7:00]   shot 41_decision_outcome_rival_undercut.png
1020.3s [1月27日（週二） 上午 7:00]   click "OK"
1021.6s [1月27日（週二） 上午 7:01]   shot 42_ch16_90_day_comparison.png
1021.7s [1月27日（週二） 上午 7:01]   ok  chapter16 recognizes collected partner income
1021.7s [1月27日（週二） 上午 7:01] STEP Overseas warehouse — real lease and sea batch input
1023.5s [1月27日（週二） 上午 7:04]   use "Use laptop — Company OS"
1024.3s [1月27日（週二） 上午 7:05]   click [Tab_operations] Stock and orders
1025.9s [1月27日（週二） 上午 7:07]   click [DeliverTo_riverside_studio] 河濱大樓 7C
1027.2s [1月27日（週二） 上午 7:09]   click [Buy_tradelink_wholesale_wireless_earbuds] 購買 $916.00
1028.4s [1月27日（週二） 下午 5:00]   toast: Riverlight Goods 咖啡 今天沒開門：吧台沒人顧。去僱一位咖啡師（人員分頁），或自己站吧台。
1036.4s [1月27日（週二） 下午 7:12]   use "Sleep"
1037.0s [1月27日（週二） 下午 7:12]   click [Sleep] Sleep until 7:00 AM
1039.3s [1月28日（週三） 下午 5:00]   toast: Riverlight Goods 咖啡 今天沒開門：吧台沒人顧。去僱一位咖啡師（人員分頁），或自己站吧台。
1045.8s [1月28日（週三） 下午 7:10]   use "Sleep"
1046.4s [1月28日（週三） 下午 7:10]   click [Sleep] Sleep until 7:00 AM
1048.7s [1月29日（週四） 下午 5:00]   toast: Riverlight Goods 咖啡 今天沒開門：吧台沒人顧。去僱一位咖啡師（人員分頁），或自己站吧台。
1049.0s [1月29日（週四） 下午 7:01]   use "Sleep"
1049.7s [1月29日（週四） 下午 7:01]   click [Sleep] Sleep until 7:00 AM
1051.8s [1月30日（週五） 上午 7:00]   ok  real purchase supplies upcoming export or distributor shipment
1059.8s [1月30日（週五） 上午 7:12]   use "Use laptop — Company OS"
1060.7s [1月30日（週五） 上午 7:14]   click [Tab_sales] Ecommerce
1061.4s [1月30日（週五） 上午 7:15]   click [SalesPage_overseas] Overseas
1061.7s [1月30日（週五） 上午 7:15]   click [CompareLuminaPartners] Compare Lumina partners
1061.9s [1月30日（週五） 上午 7:15]   click [PartnerChannel_warehouse] Overseas warehouse
1062.1s [1月30日（週五） 上午 7:16]   click [OpenLuminaWarehouse] 開設 Lumina 海外倉（$100.00）
1062.3s [1月30日（週五） 上午 7:16]   click [SendLuminaStock] Send stock by sea
1062.5s [1月30日（週五） 上午 7:16]   shot 43_ch16_warehouse_batch.png
1063.4s [1月30日（週五） 上午 7:18]   ok  warehouse batch really dispatched
1063.4s [1月30日（週五） 上午 7:18]   ok  chapters15–16 books balanced
1063.4s [1月30日（週五） 上午 7:18] STEP Chapter17 — native market news and real niche response
1063.6s [1月30日（週五） 上午 7:18]   use "Use laptop — Company OS"
1064.4s [1月30日（週五） 上午 7:19]   click [Tab_overview] Overview
1065.3s [1月30日（週五） 上午 7:19]   click [FeaturePracticeNext] 練習下一步
1065.5s [1月30日（週五） 上午 7:19]   click [FeaturePracticeNext] 開始探索
1065.6s [1月30日（週五） 上午 7:19]   click [OpenLegacyStory] Consolidation and legacy
1065.8s [1月30日（週五） 上午 7:19]   click [read_consolidation_news] Read the consolidation news
1066.1s [1月30日（週五） 上午 7:24]   shot 44_ch17_news.png
1066.1s [1月30日（週五） 上午 7:24]   click [CloseInfo] Close
1066.7s [1月30日（週五） 上午 7:24]   shot 45_ch17_market_choice.png
1067.7s [1月30日（週五） 上午 7:24]   click [Strategy_niche] 利基 ✓
1069.4s [1月30日（週五） 上午 7:24]   click [apply_market_response] Apply price and operating response
1070.1s [1月30日（週五） 上午 7:24]   shot 46_ch17_price_and_campaign.png
1070.1s [1月30日（週五） 上午 7:24]   ok  real price and operating action recorded
1071.2s [1月30日（週五） 下午 5:00]   toast: Riverlight Goods 咖啡 今天沒開門：吧台沒人顧。去僱一位咖啡師（人員分頁），或自己站吧台。
1079.2s [1月30日（週五） 下午 7:12]   use "Sleep"
1079.8s [1月30日（週五） 下午 7:12]   click [Sleep] Sleep until 7:00 AM
1082.0s [1月31日（週六） 下午 5:00]   toast: Riverlight Goods 咖啡 今天沒開門：吧台沒人顧。去僱一位咖啡師（人員分頁），或自己站吧台。
1088.6s [1月31日（週六） 下午 7:10]   use "Sleep"
1089.2s [1月31日（週六） 下午 7:10]   click [Sleep] Sleep until 7:00 AM
1089.9s [1月31日（週六） 下午 10:26]   toast: 新評價 #6085：★★「晚到還有刮痕。」
1093.2s [2月1日（週日） 上午 7:00]   shot 47_month_close_report.png
1093.2s [2月1日（週日） 上午 7:00]   click [month close] Continue
1094.0s [2月1日（週日） 下午 7:01]   use "Sleep"
1094.7s [2月1日（週日） 下午 7:01]   click [Sleep] Sleep until 7:00 AM
1096.9s [2月2日（週一） 下午 5:00]   toast: Riverlight Goods 咖啡 今天沒開門：吧台沒人顧。去僱一位咖啡師（人員分頁），或自己站吧台。
1097.3s [2月2日（週一） 下午 7:01]   use "Sleep"
1097.9s [2月2日（週一） 下午 7:01]   click [Sleep] Sleep until 7:00 AM
1100.1s [2月3日（週二） 下午 5:00]   toast: Riverlight Goods 咖啡 今天沒開門：吧台沒人顧。去僱一位咖啡師（人員分頁），或自己站吧台。
1100.4s [2月3日（週二） 下午 7:01]   use "Sleep"
1101.1s [2月3日（週二） 下午 7:01]   click [Sleep] Sleep until 7:00 AM
1103.3s [2月4日（週三） 下午 5:00]   toast: Riverlight Goods 咖啡 今天沒開門：吧台沒人顧。去僱一位咖啡師（人員分頁），或自己站吧台。
1103.7s [2月4日（週三） 下午 7:01]   use "Sleep"
1104.3s [2月4日（週三） 下午 7:01]   click [Sleep] Sleep until 7:00 AM
1106.5s [2月5日（週四） 下午 5:00]   toast: Riverlight Goods 咖啡 今天沒開門：吧台沒人顧。去僱一位咖啡師（人員分頁），或自己站吧台。
1106.9s [2月5日（週四） 下午 7:01]   use "Sleep"
1107.5s [2月5日（週四） 下午 7:01]   click [Sleep] Sleep until 7:00 AM
1109.8s [2月6日（週五） 下午 5:00]   toast: Riverlight Goods 咖啡 今天沒開門：吧台沒人顧。去僱一位咖啡師（人員分頁），或自己站吧台。
1110.2s [2月6日（週五） 下午 7:01]   use "Sleep"
1110.8s [2月6日（週五） 下午 7:01]   click [Sleep] Sleep until 7:00 AM
1113.1s [2月7日（週六） 下午 5:00]   toast: Riverlight Goods 咖啡 今天沒開門：吧台沒人顧。去僱一位咖啡師（人員分頁），或自己站吧台。
1113.4s [2月7日（週六） 下午 7:01]   use "Sleep"
1114.0s [2月7日（週六） 下午 7:01]   click [Sleep] Sleep until 7:00 AM
1123.1s [2月8日（週日） 下午 7:11]   use "Sleep"
1123.7s [2月8日（週日） 下午 7:11]   click [Sleep] Sleep until 7:00 AM
1125.9s [2月9日（週一） 下午 5:00]   toast: Riverlight Goods 咖啡 今天沒開門：吧台沒人顧。去僱一位咖啡師（人員分頁），或自己站吧台。
1126.2s [2月9日（週一） 下午 7:00]   shot 48_decision_supplier_price_increase.png
1126.2s [2月9日（週一） 下午 7:00]   decision supplier_price_increase → accept
1126.2s [2月9日（週一） 下午 7:00]   click [Choice_accept] 好。繼續跟你進貨。
1127.7s [2月9日（週一） 下午 7:00]   shot 49_decision_outcome_supplier_price_increase.png
1127.7s [2月9日（週一） 下午 7:00]   click "OK"
1128.4s [2月9日（週一） 下午 7:00]   use "Sleep"
1129.0s [2月9日（週一） 下午 7:00]   click [Sleep] Sleep until 7:00 AM
1131.3s [2月10日（週二） 下午 5:00]   toast: Riverlight Goods 咖啡 今天沒開門：吧台沒人顧。去僱一位咖啡師（人員分頁），或自己站吧台。
1131.6s [2月10日（週二） 下午 7:01]   use "Sleep"
1132.2s [2月10日（週二） 下午 7:01]   click [Sleep] Sleep until 7:00 AM
1134.5s [2月11日（週三） 下午 5:00]   toast: Riverlight Goods 咖啡 今天沒開門：吧台沒人顧。去僱一位咖啡師（人員分頁），或自己站吧台。
1134.9s [2月11日（週三） 下午 7:01]   use "Sleep"
1135.5s [2月11日（週三） 下午 7:01]   click [Sleep] Sleep until 7:00 AM
1137.7s [2月12日（週四） 下午 5:00]   toast: Riverlight Goods 咖啡 今天沒開門：吧台沒人顧。去僱一位咖啡師（人員分頁），或自己站吧台。
1138.1s [2月12日（週四） 下午 7:01]   use "Sleep"
1138.7s [2月12日（週四） 下午 7:01]   click [Sleep] Sleep until 7:00 AM
1141.0s [2月13日（週五） 下午 5:00]   toast: Riverlight Goods 咖啡 今天沒開門：吧台沒人顧。去僱一位咖啡師（人員分頁），或自己站吧台。
1141.4s [2月13日（週五） 下午 7:01]   use "Sleep"
1142.0s [2月13日（週五） 下午 7:01]   click [Sleep] Sleep until 7:00 AM
1144.3s [2月14日（週六） 下午 5:00]   toast: Riverlight Goods 咖啡 今天沒開門：吧台沒人顧。去僱一位咖啡師（人員分頁），或自己站吧台。
1144.6s [2月14日（週六） 下午 7:01]   use "Sleep"
1145.3s [2月14日（週六） 下午 7:01]   click [Sleep] Sleep until 7:00 AM
1147.7s [2月15日（週日） 下午 7:01]   use "Sleep"
1148.4s [2月15日（週日） 下午 7:01]   click [Sleep] Sleep until 7:00 AM
1150.6s [2月16日（週一） 下午 5:00]   toast: Riverlight Goods 咖啡 今天沒開門：吧台沒人顧。去僱一位咖啡師（人員分頁），或自己站吧台。
1157.6s [2月16日（週一） 下午 7:11]   use "Sleep"
1158.2s [2月16日（週一） 下午 7:11]   click [Sleep] Sleep until 7:00 AM
1160.5s [2月17日（週二） 下午 5:00]   toast: Riverlight Goods 咖啡 今天沒開門：吧台沒人顧。去僱一位咖啡師（人員分頁），或自己站吧台。
1160.9s [2月17日（週二） 下午 7:01]   use "Sleep"
1161.5s [2月17日（週二） 下午 7:01]   click [Sleep] Sleep until 7:00 AM
1163.8s [2月18日（週三） 下午 5:00]   toast: Riverlight Goods 咖啡 今天沒開門：吧台沒人顧。去僱一位咖啡師（人員分頁），或自己站吧台。
1164.2s [2月18日（週三） 下午 7:01]   use "Sleep"
1164.8s [2月18日（週三） 下午 7:01]   click [Sleep] Sleep until 7:00 AM
1167.1s [2月19日（週四） 下午 5:00]   toast: Riverlight Goods 咖啡 今天沒開門：吧台沒人顧。去僱一位咖啡師（人員分頁），或自己站吧台。
1167.5s [2月19日（週四） 下午 7:01]   use "Sleep"
1168.1s [2月19日（週四） 下午 7:01]   click [Sleep] Sleep until 7:00 AM
1170.4s [2月20日（週五） 下午 5:00]   toast: Riverlight Goods 咖啡 今天沒開門：吧台沒人顧。去僱一位咖啡師（人員分頁），或自己站吧台。
1170.8s [2月20日（週五） 下午 7:01]   use "Sleep"
1171.4s [2月20日（週五） 下午 7:01]   click [Sleep] Sleep until 7:00 AM
1173.8s [2月21日（週六） 下午 5:00]   toast: Riverlight Goods 咖啡 今天沒開門：吧台沒人顧。去僱一位咖啡師（人員分頁），或自己站吧台。
1174.1s [2月21日（週六） 下午 7:01]   use "Sleep"
1174.8s [2月21日（週六） 下午 7:01]   click [Sleep] Sleep until 7:00 AM
1177.0s [2月22日（週日） 上午 7:00]   shot 50_decision_cafe_inspection.png
1177.0s [2月22日（週日） 上午 7:00]   decision cafe_inspection → prepare
1177.0s [2月22日（週日） 上午 7:00]   click [Choice_prepare] 清潔十五分鐘後接受檢查
1178.4s [2月22日（週日） 上午 7:00]   shot 51_decision_outcome_cafe_inspection.png
1178.4s [2月22日（週日） 上午 7:00]   click "OK"
1179.3s [2月22日（週日） 下午 7:01]   use "Sleep"
1179.9s [2月22日（週日） 下午 7:01]   click [Sleep] Sleep until 7:00 AM
1182.1s [2月23日（週一） 下午 5:00]   toast: Riverlight Goods 咖啡 今天沒開門：吧台沒人顧。去僱一位咖啡師（人員分頁），或自己站吧台。
1182.5s [2月23日（週一） 下午 7:01]   use "Sleep"
1183.1s [2月23日（週一） 下午 7:01]   click [Sleep] Sleep until 7:00 AM
1185.4s [2月24日（週二） 下午 5:00]   toast: Riverlight Goods 咖啡 今天沒開門：吧台沒人顧。去僱一位咖啡師（人員分頁），或自己站吧台。
1185.8s [2月24日（週二） 下午 7:01]   use "Sleep"
1186.4s [2月24日（週二） 下午 7:01]   click [Sleep] Sleep until 7:00 AM
1188.8s [2月25日（週三） 下午 5:00]   toast: Riverlight Goods 咖啡 今天沒開門：吧台沒人顧。去僱一位咖啡師（人員分頁），或自己站吧台。
1189.2s [2月25日（週三） 下午 7:01]   use "Sleep"
1189.8s [2月25日（週三） 下午 7:01]   click [Sleep] Sleep until 7:00 AM
1192.1s [2月26日（週四） 下午 5:00]   toast: Riverlight Goods 咖啡 今天沒開門：吧台沒人顧。去僱一位咖啡師（人員分頁），或自己站吧台。
1199.1s [2月26日（週四） 下午 7:11]   use "Sleep"
1199.7s [2月26日（週四） 下午 7:11]   click [Sleep] Sleep until 7:00 AM
1202.0s [2月27日（週五） 下午 5:00]   toast: Riverlight Goods 咖啡 今天沒開門：吧台沒人顧。去僱一位咖啡師（人員分頁），或自己站吧台。
1202.4s [2月27日（週五） 下午 7:01]   use "Sleep"
1203.0s [2月27日（週五） 下午 7:01]   click [Sleep] Sleep until 7:00 AM
1205.3s [2月28日（週六） 下午 5:00]   toast: Riverlight Goods 咖啡 今天沒開門：吧台沒人顧。去僱一位咖啡師（人員分頁），或自己站吧台。
1205.6s [2月28日（週六） 下午 7:00]   shot 52_decision_supplier_price_increase.png
1205.6s [2月28日（週六） 下午 7:00]   decision supplier_price_increase → accept
1205.6s [2月28日（週六） 下午 7:00]   click [Choice_accept] 好。繼續跟你進貨。
1207.1s [2月28日（週六） 下午 7:00]   shot 53_decision_outcome_supplier_price_increase.png
1207.1s [2月28日（週六） 下午 7:00]   click "OK"
1207.8s [2月28日（週六） 下午 7:00]   use "Sleep"
1208.4s [2月28日（週六） 下午 7:00]   click [Sleep] Sleep until 7:00 AM
1210.9s [2月29日（週日） 下午 7:01]   use "Sleep"
1211.5s [2月29日（週日） 下午 7:01]   click [Sleep] Sleep until 7:00 AM
1215.7s [3月1日（週一） 上午 7:00]   shot 54_month_close_report.png
1215.7s [3月1日（週一） 上午 7:00]   click [month close] Continue
1216.3s [3月1日（週一） 下午 5:00]   toast: Riverlight Goods 咖啡 今天沒開門：吧台沒人顧。去僱一位咖啡師（人員分頁），或自己站吧台。
1216.7s [3月1日（週一） 下午 7:01]   use "Sleep"
1217.3s [3月1日（週一） 下午 7:01]   click [Sleep] Sleep until 7:00 AM
1219.6s [3月2日（週二） 下午 5:00]   toast: Riverlight Goods 咖啡 今天沒開門：吧台沒人顧。去僱一位咖啡師（人員分頁），或自己站吧台。
1220.0s [3月2日（週二） 下午 7:01]   use "Sleep"
1220.6s [3月2日（週二） 下午 7:01]   click [Sleep] Sleep until 7:00 AM
1223.0s [3月3日（週三） 下午 5:00]   toast: Riverlight Goods 咖啡 今天沒開門：吧台沒人顧。去僱一位咖啡師（人員分頁），或自己站吧台。
1223.3s [3月3日（週三） 下午 7:01]   use "Sleep"
1223.9s [3月3日（週三） 下午 7:01]   click [Sleep] Sleep until 7:00 AM
1226.3s [3月4日（週四） 下午 5:00]   toast: Riverlight Goods 咖啡 今天沒開門：吧台沒人顧。去僱一位咖啡師（人員分頁），或自己站吧台。
1226.7s [3月4日（週四） 下午 7:01]   use "Sleep"
1227.3s [3月4日（週四） 下午 7:01]   click [Sleep] Sleep until 7:00 AM
1229.6s [3月5日（週五） 下午 5:00]   toast: Riverlight Goods 咖啡 今天沒開門：吧台沒人顧。去僱一位咖啡師（人員分頁），或自己站吧台。
1230.0s [3月5日（週五） 下午 7:01]   use "Sleep"
1230.6s [3月5日（週五） 下午 7:01]   click [Sleep] Sleep until 7:00 AM
1232.9s [3月6日（週六） 下午 5:00]   toast: Riverlight Goods 咖啡 今天沒開門：吧台沒人顧。去僱一位咖啡師（人員分頁），或自己站吧台。
1233.3s [3月6日（週六） 下午 7:01]   use "Sleep"
1233.9s [3月6日（週六） 下午 7:01]   click [Sleep] Sleep until 7:00 AM
1236.4s [3月7日（週日） 下午 7:01]   use "Sleep"
1237.0s [3月7日（週日） 下午 7:01]   click [Sleep] Sleep until 7:00 AM
1239.3s [3月8日（週一） 下午 5:00]   toast: Riverlight Goods 咖啡 今天沒開門：吧台沒人顧。去僱一位咖啡師（人員分頁），或自己站吧台。
1246.2s [3月8日（週一） 下午 7:11]   use "Sleep"
1246.9s [3月8日（週一） 下午 7:11]   click [Sleep] Sleep until 7:00 AM
1249.2s [3月9日（週二） 下午 5:00]   toast: Riverlight Goods 咖啡 今天沒開門：吧台沒人顧。去僱一位咖啡師（人員分頁），或自己站吧台。
1249.5s [3月9日（週二） 下午 7:01]   use "Sleep"
1250.2s [3月9日（週二） 下午 7:01]   click [Sleep] Sleep until 7:00 AM
1252.4s [3月10日（週三） 下午 5:00]   toast: Riverlight Goods 咖啡 今天沒開門：吧台沒人顧。去僱一位咖啡師（人員分頁），或自己站吧台。
1252.8s [3月10日（週三） 下午 7:01]   use "Sleep"
1253.4s [3月10日（週三） 下午 7:01]   click [Sleep] Sleep until 7:00 AM
1255.8s [3月11日（週四） 下午 5:00]   toast: Riverlight Goods 咖啡 今天沒開門：吧台沒人顧。去僱一位咖啡師（人員分頁），或自己站吧台。
1256.1s [3月11日（週四） 下午 7:01]   use "Sleep"
1256.8s [3月11日（週四） 下午 7:01]   click [Sleep] Sleep until 7:00 AM
1259.1s [3月12日（週五） 下午 5:00]   toast: Riverlight Goods 咖啡 今天沒開門：吧台沒人顧。去僱一位咖啡師（人員分頁），或自己站吧台。
1259.5s [3月12日（週五） 下午 7:01]   use "Sleep"
1260.1s [3月12日（週五） 下午 7:01]   click [Sleep] Sleep until 7:00 AM
1262.5s [3月13日（週六） 下午 5:00]   toast: Riverlight Goods 咖啡 今天沒開門：吧台沒人顧。去僱一位咖啡師（人員分頁），或自己站吧台。
1262.8s [3月13日（週六） 下午 7:01]   use "Sleep"
1263.5s [3月13日（週六） 下午 7:01]   click [Sleep] Sleep until 7:00 AM
1266.0s [3月14日（週日） 下午 7:01]   use "Sleep"
1266.6s [3月14日（週日） 下午 7:01]   click [Sleep] Sleep until 7:00 AM
1269.0s [3月15日（週一） 下午 5:00]   toast: Riverlight Goods 咖啡 今天沒開門：吧台沒人顧。去僱一位咖啡師（人員分頁），或自己站吧台。
1269.4s [3月15日（週一） 下午 7:01]   use "Sleep"
1270.0s [3月15日（週一） 下午 7:01]   click [Sleep] Sleep until 7:00 AM
1272.2s [3月16日（週二） 下午 5:00]   toast: Riverlight Goods 咖啡 今天沒開門：吧台沒人顧。去僱一位咖啡師（人員分頁），或自己站吧台。
1279.2s [3月16日（週二） 下午 7:11]   use "Sleep"
1279.8s [3月16日（週二） 下午 7:11]   click [Sleep] Sleep until 7:00 AM
1282.0s [3月17日（週三） 下午 5:00]   toast: Riverlight Goods 咖啡 今天沒開門：吧台沒人顧。去僱一位咖啡師（人員分頁），或自己站吧台。
1282.4s [3月17日（週三） 下午 7:01]   use "Sleep"
1283.0s [3月17日（週三） 下午 7:01]   click [Sleep] Sleep until 7:00 AM
1285.2s [3月18日（週四） 下午 5:00]   toast: Riverlight Goods 咖啡 今天沒開門：吧台沒人顧。去僱一位咖啡師（人員分頁），或自己站吧台。
1285.6s [3月18日（週四） 下午 7:01]   use "Sleep"
1286.2s [3月18日（週四） 下午 7:01]   click [Sleep] Sleep until 7:00 AM
1288.5s [3月19日（週五） 下午 5:00]   toast: Riverlight Goods 咖啡 今天沒開門：吧台沒人顧。去僱一位咖啡師（人員分頁），或自己站吧台。
1288.8s [3月19日（週五） 下午 7:01]   use "Sleep"
1289.4s [3月19日（週五） 下午 7:01]   click [Sleep] Sleep until 7:00 AM
1291.7s [3月20日（週六） 下午 5:00]   toast: Riverlight Goods 咖啡 今天沒開門：吧台沒人顧。去僱一位咖啡師（人員分頁），或自己站吧台。
1292.1s [3月20日（週六） 下午 7:01]   use "Sleep"
1292.7s [3月20日（週六） 下午 7:01]   click [Sleep] Sleep until 7:00 AM
1295.1s [3月21日（週日） 下午 7:01]   use "Sleep"
1295.7s [3月21日（週日） 下午 7:01]   click [Sleep] Sleep until 7:00 AM
1297.9s [3月22日（週一） 下午 5:00]   toast: Riverlight Goods 咖啡 今天沒開門：吧台沒人顧。去僱一位咖啡師（人員分頁），或自己站吧台。
1298.3s [3月22日（週一） 下午 7:01]   use "Sleep"
1298.9s [3月22日（週一） 下午 7:01]   click [Sleep] Sleep until 7:00 AM
1301.1s [3月23日（週二） 下午 5:00]   toast: Riverlight Goods 咖啡 今天沒開門：吧台沒人顧。去僱一位咖啡師（人員分頁），或自己站吧台。
1301.5s [3月23日（週二） 下午 7:01]   use "Sleep"
1302.1s [3月23日（週二） 下午 7:01]   click [Sleep] Sleep until 7:00 AM
1304.3s [3月24日（週三） 下午 5:00]   toast: Riverlight Goods 咖啡 今天沒開門：吧台沒人顧。去僱一位咖啡師（人員分頁），或自己站吧台。
1311.3s [3月24日（週三） 下午 7:11]   use "Sleep"
1311.9s [3月24日（週三） 下午 7:11]   click [Sleep] Sleep until 7:00 AM
1314.1s [3月25日（週四） 下午 5:00]   toast: Riverlight Goods 咖啡 今天沒開門：吧台沒人顧。去僱一位咖啡師（人員分頁），或自己站吧台。
1314.5s [3月25日（週四） 下午 7:01]   use "Sleep"
1315.1s [3月25日（週四） 下午 7:01]   click [Sleep] Sleep until 7:00 AM
1317.3s [3月26日（週五） 下午 5:00]   toast: Riverlight Goods 咖啡 今天沒開門：吧台沒人顧。去僱一位咖啡師（人員分頁），或自己站吧台。
1317.7s [3月26日（週五） 下午 7:01]   use "Sleep"
1318.3s [3月26日（週五） 下午 7:01]   click [Sleep] Sleep until 7:00 AM
1320.6s [3月27日（週六） 下午 5:00]   toast: Riverlight Goods 咖啡 今天沒開門：吧台沒人顧。去僱一位咖啡師（人員分頁），或自己站吧台。
1320.9s [3月27日（週六） 下午 7:01]   use "Sleep"
1321.6s [3月27日（週六） 下午 7:01]   click [Sleep] Sleep until 7:00 AM
1324.0s [3月28日（週日） 下午 7:01]   use "Sleep"
1324.6s [3月28日（週日） 下午 7:01]   click [Sleep] Sleep until 7:00 AM
1326.8s [3月29日（週一） 下午 5:00]   toast: Riverlight Goods 咖啡 今天沒開門：吧台沒人顧。去僱一位咖啡師（人員分頁），或自己站吧台。
1327.2s [3月29日（週一） 下午 7:01]   use "Sleep"
1327.8s [3月29日（週一） 下午 7:01]   click [Sleep] Sleep until 7:00 AM
1330.1s [3月30日（週二） 下午 5:00]   toast: Riverlight Goods 咖啡 今天沒開門：吧台沒人顧。去僱一位咖啡師（人員分頁），或自己站吧台。
1330.5s [3月30日（週二） 下午 7:01]   use "Sleep"
1331.1s [3月30日（週二） 下午 7:01]   click [Sleep] Sleep until 7:00 AM
1335.0s [3月31日（週三） 上午 7:03]   use "Use laptop — Company OS"
1335.9s [3月31日（週三） 上午 7:04]   click [Tab_overview] Overview
1336.9s [3月31日（週三） 上午 7:05]   click [OpenLegacyStory] Consolidation and legacy
1337.2s [3月31日（週三） 上午 7:06]   shot 55_ch17_survival_review.png
1338.2s [3月31日（週三） 上午 7:06]   click [kai_interview] Accept Kai's interview
1339.3s [3月31日（週三） 上午 7:06]   shot 56_ch17_comparison.png
1339.3s [3月31日（週三） 上午 7:06]   info card: Compare consolidation routes
1339.4s [3月31日（週三） 上午 7:06]   shot 57_info_compare_consolidation_ro.png
1339.4s [3月31日（週三） 上午 7:06]   click "Close"
1339.8s [3月31日（週三） 上午 7:06]   ok  chapter17 complete or honestly unavailable
1339.8s [3月31日（週三） 上午 7:06] STEP Chapter18 — actual Maya dialogue, ending and every epilogue card
1339.8s [3月31日（週三） 上午 7:06]   click [meet_maya_legacy] Call Maya or meet at Bloom Coffee
1342.9s [3月31日（週三） 上午 7:06]   choose "› 我想繼續經營。"
1346.5s [3月31日（週三） 上午 7:06]   shot 58_ch18_ending_choices.png
1346.5s [3月31日（週三） 上午 7:06]   ok  actual legacy conversation completed
1347.5s [3月31日（週三） 上午 7:06]   click [LegacyChoice_independent] Keep building
1348.2s [3月31日（週三） 上午 7:06]   shot 59_ch18_independent_card_1.png
1349.2s [3月31日（週三） 上午 7:06]   click [legacy_next_card] Next card
1349.9s [3月31日（週三） 上午 7:06]   shot 60_ch18_independent_card_2.png
1350.9s [3月31日（週三） 上午 7:06]   click [legacy_next_card] Next card
1351.7s [3月31日（週三） 上午 7:06]   shot 61_ch18_independent_card_3.png
1352.7s [3月31日（週三） 上午 7:06]   click [legacy_next_card] Next card
1353.4s [3月31日（週三） 上午 7:06]   shot 62_ch18_independent_card_4.png
1354.4s [3月31日（週三） 上午 7:06]   click [legacy_next_card] Next card
1355.1s [3月31日（週三） 上午 7:06]   shot 63_ch18_independent_card_5.png
1356.1s [3月31日（週三） 上午 7:06]   click [legacy_next_card] Finish epilogue
1356.9s [3月31日（週三） 上午 7:06]   ok  all epilogue cards viewed: independent
1356.9s [3月31日（週三） 上午 7:06]   click [KeepThisLife] Keep living this life
1357.0s [3月31日（週三） 上午 7:06]   click [legacy_free_play] Return to free play
1357.2s [3月31日（週三） 上午 7:06]   ok  all chapter17–18 books balance
1357.6s [3月31日（週三） 上午 7:06]   use "Use laptop — Company OS"
1358.4s [3月31日（週三） 上午 7:07]   click [Tab_overview] Overview
1360.2s [3月31日（週三） 上午 7:09]   click [OpenCityFuture] 城市的未來
1361.4s [3月31日（週三） 上午 7:10]   click [city_start] 加入城市提案
1361.9s [3月31日（週三） 上午 7:10] STEP Civic chapter 19 — real supplier invoices and player decision
1362.6s [3月31日（週三） 上午 7:10]   click [city_read] 閱讀市府簡報。
1363.2s [3月31日（週三） 上午 7:10]   shot 64_city19_supplier_budget.png
1363.8s [3月31日（週三） 上午 7:10]   click [city_partner] 加入城市合作，由市府預算支付供應商
1365.1s [3月31日（週三） 上午 7:10]   click [city_wait] 回到城市，等待已付款服務交付
1365.7s [3月31日（週三） 下午 5:00]   toast: Riverlight Goods 咖啡 今天沒開門：吧台沒人顧。去僱一位咖啡師（人員分頁），或自己站吧台。
1366.5s [4月1日（週四） 下午 5:00]   toast: Riverlight Goods 咖啡 今天沒開門：吧台沒人顧。去僱一位咖啡師（人員分頁），或自己站吧台。
1366.9s [4月2日（週五） 下午 5:00]   toast: Riverlight Goods 咖啡 今天沒開門：吧台沒人顧。去僱一位咖啡師（人員分頁），或自己站吧台。
1367.3s [4月3日（週六） 下午 5:00]   toast: Riverlight Goods 咖啡 今天沒開門：吧台沒人顧。去僱一位咖啡師（人員分頁），或自己站吧台。
1368.0s [4月5日（週一） 下午 5:00]   toast: Riverlight Goods 咖啡 今天沒開門：吧台沒人顧。去僱一位咖啡師（人員分頁），或自己站吧台。
1368.4s [4月6日（週二） 下午 5:00]   toast: Riverlight Goods 咖啡 今天沒開門：吧台沒人顧。去僱一位咖啡師（人員分頁），或自己站吧台。
1368.9s [4月7日（週三） 下午 5:00]   toast: Riverlight Goods 咖啡 今天沒開門：吧台沒人顧。去僱一位咖啡師（人員分頁），或自己站吧台。
1370.9s [4月8日（週四） 上午 7:10]   shot 65_month_close_report.png
1370.9s [4月8日（週四） 上午 7:10]   click [month close] Continue
1371.6s [4月8日（週四） 上午 7:11]   use "Use laptop — Company OS"
1372.5s [4月8日（週四） 上午 7:12]   click [Tab_overview] Overview
1374.3s [4月8日（週四） 上午 7:14]   click [OpenCityFuture] 城市的未來
1374.8s [4月8日（週四） 上午 7:14]   shot 66_city19_real_decisions.png
1375.5s [4月8日（週四） 上午 7:14]   click [CityChoice_balanced] 提交均衡的博覽會申辦提案
1376.7s [4月8日（週四） 上午 7:14]   click [city_wait_result] 回到城市，等待兩天後公布成果
1377.3s [4月8日（週四） 下午 5:00]   toast: Riverlight Goods 咖啡 今天沒開門：吧台沒人顧。去僱一位咖啡師（人員分頁），或自己站吧台。
1377.7s [4月9日（週五） 下午 5:00]   toast: Riverlight Goods 咖啡 今天沒開門：吧台沒人顧。去僱一位咖啡師（人員分頁），或自己站吧台。
1378.7s [4月10日（週六） 上午 8:15]   use "Use laptop — Company OS"
1379.6s [4月10日（週六） 上午 8:16]   click [Tab_overview] Overview
1381.4s [4月10日（週六） 上午 8:18]   click [OpenCityFuture] 城市的未來
1381.9s [4月10日（週六） 上午 8:18]   shot 67_city19_recorded_result.png
1382.6s [4月10日（週六） 上午 8:18]   click [city_review] 檢視實際交付與城市成果。
1383.1s [4月10日（週六） 上午 8:18]   ok  city chapter completed from actual services and result 19
1383.1s [4月10日（週六） 上午 8:18]   ok  city chapter 19 balanced books
1383.1s [4月10日（週六） 上午 8:18] STEP Civic chapter 20 — real supplier invoices and player decision
1383.8s [4月10日（週六） 上午 8:18]   click [city_read] 閱讀市府簡報。
1384.4s [4月10日（週六） 上午 8:18]   shot 68_city20_supplier_budget.png
1385.1s [4月10日（週六） 上午 8:18]   click [city_partner] 加入城市合作，由市府預算支付供應商
1386.3s [4月10日（週六） 上午 8:18]   click [city_wait] 回到城市，等待已付款服務交付
1386.9s [4月10日（週六） 下午 5:00]   toast: Riverlight Goods 咖啡 今天沒開門：吧台沒人顧。去僱一位咖啡師（人員分頁），或自己站吧台。
1387.2s [4月10日（週六） 下午 10:15]   toast: 新評價 #7150：★「浪費錢。」
1387.7s [4月12日（週一） 下午 5:00]   toast: Riverlight Goods 咖啡 今天沒開門：吧台沒人顧。去僱一位咖啡師（人員分頁），或自己站吧台。
1388.1s [4月13日（週二） 下午 5:00]   toast: Riverlight Goods 咖啡 今天沒開門：吧台沒人顧。去僱一位咖啡師（人員分頁），或自己站吧台。
1388.6s [4月14日（週三） 下午 5:00]   toast: Riverlight Goods 咖啡 今天沒開門：吧台沒人顧。去僱一位咖啡師（人員分頁），或自己站吧台。
1389.0s [4月15日（週四） 下午 5:00]   toast: Riverlight Goods 咖啡 今天沒開門：吧台沒人顧。去僱一位咖啡師（人員分頁），或自己站吧台。
1389.5s [4月16日（週五） 下午 5:00]   toast: Riverlight Goods 咖啡 今天沒開門：吧台沒人顧。去僱一位咖啡師（人員分頁），或自己站吧台。
1389.9s [4月17日（週六） 下午 5:00]   toast: Riverlight Goods 咖啡 今天沒開門：吧台沒人顧。去僱一位咖啡師（人員分頁），或自己站吧台。
1390.6s [4月18日（週日） 上午 8:19]   use "Use laptop — Company OS"
1391.5s [4月18日（週日） 上午 8:20]   click [Tab_overview] Overview
1393.3s [4月18日（週日） 上午 8:22]   click [OpenCityFuture] 城市的未來
1393.9s [4月18日（週日） 上午 8:22]   shot 69_city20_real_decisions.png
1394.5s [4月18日（週日） 上午 8:22]   click [CityChoice_transparent] 公開招標，接受獨立監督
1395.8s [4月18日（週日） 上午 8:22]   click [city_wait_result] 回到城市，等待兩天後公布成果
1396.6s [4月19日（週一） 下午 5:00]   toast: Riverlight Goods 咖啡 今天沒開門：吧台沒人顧。去僱一位咖啡師（人員分頁），或自己站吧台。
1397.2s [4月20日（週二） 上午 9:23]   use "Use laptop — Company OS"
1398.1s [4月20日（週二） 上午 9:24]   click [Tab_overview] Overview
1399.9s [4月20日（週二） 上午 9:26]   click [OpenCityFuture] 城市的未來
1400.4s [4月20日（週二） 上午 9:26]   shot 70_city20_recorded_result.png
1401.1s [4月20日（週二） 上午 9:26]   click [city_review] 檢視實際交付與城市成果。
1401.6s [4月20日（週二） 上午 9:26]   ok  city chapter completed from actual services and result 20
1401.6s [4月20日（週二） 上午 9:26]   ok  city chapter 20 balanced books
1401.6s [4月20日（週二） 上午 9:26] STEP Civic chapter 21 — real supplier invoices and player decision
1402.3s [4月20日（週二） 上午 9:26]   click [city_read] 閱讀市府簡報。
1402.9s [4月20日（週二） 上午 9:26]   shot 71_city21_supplier_budget.png
1403.6s [4月20日（週二） 上午 9:26]   click [city_partner] 加入城市合作，由市府預算支付供應商
1404.8s [4月20日（週二） 上午 9:26]   click [city_wait] 回到城市，等待已付款服務交付
1405.4s [4月20日（週二） 下午 5:00]   toast: Riverlight Goods 咖啡 今天沒開門：吧台沒人顧。去僱一位咖啡師（人員分頁），或自己站吧台。
1405.8s [4月21日（週三） 下午 4:23]   toast: 新評價 #7279：★★「不太好。感覺很廉價。」
1405.8s [4月21日（週三） 下午 5:00]   toast: Riverlight Goods 咖啡 今天沒開門：吧台沒人顧。去僱一位咖啡師（人員分頁），或自己站吧台。
1406.3s [4月22日（週四） 下午 5:00]   toast: Riverlight Goods 咖啡 今天沒開門：吧台沒人顧。去僱一位咖啡師（人員分頁），或自己站吧台。
1406.7s [4月23日（週五） 下午 5:00]   toast: Riverlight Goods 咖啡 今天沒開門：吧台沒人顧。去僱一位咖啡師（人員分頁），或自己站吧台。
1407.1s [4月24日（週六） 下午 5:00]   toast: Riverlight Goods 咖啡 今天沒開門：吧台沒人顧。去僱一位咖啡師（人員分頁），或自己站吧台。
1407.8s [4月26日（週一） 下午 5:00]   toast: Riverlight Goods 咖啡 今天沒開門：吧台沒人顧。去僱一位咖啡師（人員分頁），或自己站吧台。
1408.2s [4月27日（週二） 下午 5:00]   toast: Riverlight Goods 咖啡 今天沒開門：吧台沒人顧。去僱一位咖啡師（人員分頁），或自己站吧台。
1408.9s [4月28日（週三） 上午 9:27]   use "Use laptop — Company OS"
1409.8s [4月28日（週三） 上午 9:28]   click [Tab_overview] Overview
1411.6s [4月28日（週三） 上午 9:30]   click [OpenCityFuture] 城市的未來
1412.1s [4月28日（週三） 上午 9:30]   shot 72_city21_real_decisions.png
1412.8s [4月28日（週三） 上午 9:30]   click [CityChoice_both] 投資小型網路，爭取分階段實施 · $6,500.00
1414.0s [4月28日（週三） 上午 9:30]   click [city_wait_result] 回到城市，等待兩天後公布成果
1414.6s [4月28日（週三） 下午 5:00]   toast: Riverlight Goods 咖啡 今天沒開門：吧台沒人顧。去僱一位咖啡師（人員分頁），或自己站吧台。
1415.1s [4月29日（週四） 下午 5:00]   toast: Riverlight Goods 咖啡 今天沒開門：吧台沒人顧。去僱一位咖啡師（人員分頁），或自己站吧台。
1415.7s [4月30日（週五） 上午 10:31]   use "Use laptop — Company OS"
1416.6s [4月30日（週五） 上午 10:32]   click [Tab_overview] Overview
1418.4s [4月30日（週五） 上午 10:34]   click [OpenCityFuture] 城市的未來
1419.0s [4月30日（週五） 上午 10:34]   shot 73_city21_recorded_result.png
1419.6s [4月30日（週五） 上午 10:34]   click [city_review] 檢視實際交付與城市成果。
1420.1s [4月30日（週五） 上午 10:34]   ok  city chapter completed from actual services and result 21
1420.1s [4月30日（週五） 上午 10:34]   ok  city chapter 21 balanced books
1420.1s [4月30日（週五） 上午 10:34] STEP Civic chapter 22 — real supplier invoices and player decision
1420.9s [4月30日（週五） 上午 10:34]   click [city_read] 閱讀市府簡報。
1421.4s [4月30日（週五） 上午 10:34]   shot 74_city22_supplier_budget.png
1422.1s [4月30日（週五） 上午 10:34]   click [city_partner] 加入城市合作，由市府預算支付供應商
1423.3s [4月30日（週五） 上午 10:34]   click [city_wait] 回到城市，等待已付款服務交付
1423.9s [4月30日（週五） 下午 5:00]   toast: Riverlight Goods 咖啡 今天沒開門：吧台沒人顧。去僱一位咖啡師（人員分頁），或自己站吧台。
1424.8s [5月1日（週六） 下午 5:00]   toast: Riverlight Goods 咖啡 今天沒開門：吧台沒人顧。去僱一位咖啡師（人員分頁），或自己站吧台。
1425.5s [5月3日（週一） 下午 5:00]   toast: Riverlight Goods 咖啡 今天沒開門：吧台沒人顧。去僱一位咖啡師（人員分頁），或自己站吧台。
1425.9s [5月4日（週二） 下午 5:00]   toast: Riverlight Goods 咖啡 今天沒開門：吧台沒人顧。去僱一位咖啡師（人員分頁），或自己站吧台。
1426.4s [5月5日（週三） 下午 5:00]   toast: Riverlight Goods 咖啡 今天沒開門：吧台沒人顧。去僱一位咖啡師（人員分頁），或自己站吧台。
1426.8s [5月6日（週四） 下午 5:00]   toast: Riverlight Goods 咖啡 今天沒開門：吧台沒人顧。去僱一位咖啡師（人員分頁），或自己站吧台。
1427.3s [5月7日（週五） 下午 5:00]   toast: Riverlight Goods 咖啡 今天沒開門：吧台沒人顧。去僱一位咖啡師（人員分頁），或自己站吧台。
1429.3s [5月8日（週六） 上午 10:34]   shot 75_month_close_report.png
1429.3s [5月8日（週六） 上午 10:34]   click [month close] Continue
1430.1s [5月8日（週六） 上午 10:35]   use "Use laptop — Company OS"
1430.9s [5月8日（週六） 上午 10:36]   click [Tab_overview] Overview
1432.7s [5月8日（週六） 上午 10:38]   click [OpenCityFuture] 城市的未來
1433.3s [5月8日（週六） 上午 10:38]   shot 76_city22_real_decisions.png
1433.9s [5月8日（週六） 上午 10:38]   click [CityChoice_culture] 舉辦 4 小時文化工作坊 · $0.00
1435.2s [5月8日（週六） 下午 2:38]   click [city_wait_result] 回到城市，等待兩天後公布成果
1435.7s [5月8日（週六） 下午 5:00]   toast: Riverlight Goods 咖啡 今天沒開門：吧台沒人顧。去僱一位咖啡師（人員分頁），或自己站吧台。
1436.7s [5月10日（週一） 下午 3:39]   use "Use laptop — Company OS"
1437.6s [5月10日（週一） 下午 3:40]   click [Tab_overview] Overview
1439.4s [5月10日（週一） 下午 3:42]   click [OpenCityFuture] 城市的未來
1439.9s [5月10日（週一） 下午 3:42]   shot 77_city22_recorded_result.png
1440.6s [5月10日（週一） 下午 3:42]   click [city_review] 檢視實際交付與城市成果。
1441.1s [5月10日（週一） 下午 3:42]   ok  city chapter completed from actual services and result 22
1441.1s [5月10日（週一） 下午 3:42]   ok  city chapter 22 balanced books
1441.1s [5月10日（週一） 下午 3:42] STEP Civic chapter 23 — real supplier invoices and player decision
1441.8s [5月10日（週一） 下午 3:42]   click [city_read] 閱讀市府簡報。
1442.4s [5月10日（週一） 下午 3:42]   shot 78_city23_supplier_budget.png
1443.1s [5月10日（週一） 下午 3:42]   click [city_partner] 加入城市合作，由市府預算支付供應商
1444.3s [5月10日（週一） 下午 3:42]   click [city_wait] 回到城市，等待已付款服務交付
1444.8s [5月10日（週一） 下午 5:00]   toast: Riverlight Goods 咖啡 今天沒開門：吧台沒人顧。去僱一位咖啡師（人員分頁），或自己站吧台。
1445.5s [5月12日（週三） 下午 5:00]   toast: Riverlight Goods 咖啡 今天沒開門：吧台沒人顧。去僱一位咖啡師（人員分頁），或自己站吧台。
1446.0s [5月13日（週四） 下午 5:00]   toast: Riverlight Goods 咖啡 今天沒開門：吧台沒人顧。去僱一位咖啡師（人員分頁），或自己站吧台。
1446.4s [5月14日（週五） 下午 5:00]   toast: Riverlight Goods 咖啡 今天沒開門：吧台沒人顧。去僱一位咖啡師（人員分頁），或自己站吧台。
1446.9s [5月15日（週六） 下午 5:00]   toast: Riverlight Goods 咖啡 今天沒開門：吧台沒人顧。去僱一位咖啡師（人員分頁），或自己站吧台。
1447.6s [5月17日（週一） 下午 5:00]   toast: Riverlight Goods 咖啡 今天沒開門：吧台沒人顧。去僱一位咖啡師（人員分頁），或自己站吧台。
1448.4s [5月18日（週二） 下午 3:43]   use "Use laptop — Company OS"
1449.3s [5月18日（週二） 下午 3:44]   click [Tab_overview] Overview
1451.1s [5月18日（週二） 下午 3:46]   click [OpenCityFuture] 城市的未來
1451.6s [5月18日（週二） 下午 3:46]   shot 79_city23_real_decisions.png
1452.2s [5月18日（週二） 下午 3:46]   click [CityChoice_neutral] 保持中立，接受選舉結果
1453.5s [5月18日（週二） 下午 3:46]   click [city_wait_result] 回到城市，等待兩天後公布成果
1454.0s [5月18日（週二） 下午 5:00]   toast: Riverlight Goods 咖啡 今天沒開門：吧台沒人顧。去僱一位咖啡師（人員分頁），或自己站吧台。
1454.4s [5月19日（週三） 下午 5:00]   toast: Riverlight Goods 咖啡 今天沒開門：吧台沒人顧。去僱一位咖啡師（人員分頁），或自己站吧台。
1455.2s [5月20日（週四） 下午 4:47]   use "Use laptop — Company OS"
1456.1s [5月20日（週四） 下午 4:48]   click [Tab_overview] Overview
1457.9s [5月20日（週四） 下午 4:50]   click [OpenCityFuture] 城市的未來
1458.4s [5月20日（週四） 下午 4:50]   shot 80_city23_recorded_result.png
1459.1s [5月20日（週四） 下午 4:50]   click [city_review] 檢視實際交付與城市成果。
1459.6s [5月20日（週四） 下午 4:50]   ok  city chapter completed from actual services and result 23
1459.6s [5月20日（週四） 下午 4:50]   ok  city chapter 23 balanced books
1459.6s [5月20日（週四） 下午 4:50] STEP Civic chapter 24 — real supplier invoices and player decision
1460.3s [5月20日（週四） 下午 4:50]   click [city_read] 閱讀市府簡報。
1460.9s [5月20日（週四） 下午 4:50]   shot 81_city24_supplier_budget.png
1461.6s [5月20日（週四） 下午 4:50]   click [city_partner] 加入城市合作，由市府預算支付供應商
1462.8s [5月20日（週四） 下午 4:50]   click [city_wait] 回到城市，等待已付款服務交付
1463.3s [5月20日（週四） 下午 5:00]   toast: Riverlight Goods 咖啡 今天沒開門：吧台沒人顧。去僱一位咖啡師（人員分頁），或自己站吧台。
1463.8s [5月21日（週五） 下午 5:00]   toast: Riverlight Goods 咖啡 今天沒開門：吧台沒人顧。去僱一位咖啡師（人員分頁），或自己站吧台。
1464.3s [5月22日（週六） 下午 5:00]   toast: Riverlight Goods 咖啡 今天沒開門：吧台沒人顧。去僱一位咖啡師（人員分頁），或自己站吧台。
1465.0s [5月24日（週一） 下午 5:00]   toast: Riverlight Goods 咖啡 今天沒開門：吧台沒人顧。去僱一位咖啡師（人員分頁），或自己站吧台。
1465.4s [5月25日（週二） 下午 5:00]   toast: Riverlight Goods 咖啡 今天沒開門：吧台沒人顧。去僱一位咖啡師（人員分頁），或自己站吧台。
1465.9s [5月26日（週三） 下午 5:00]   toast: Riverlight Goods 咖啡 今天沒開門：吧台沒人顧。去僱一位咖啡師（人員分頁），或自己站吧台。
1466.4s [5月27日（週四） 下午 5:00]   toast: Riverlight Goods 咖啡 今天沒開門：吧台沒人顧。去僱一位咖啡師（人員分頁），或自己站吧台。
1467.2s [5月28日（週五） 下午 4:51]   use "Use laptop — Company OS"
1468.1s [5月28日（週五） 下午 4:52]   click [Tab_overview] Overview
1469.9s [5月28日（週五） 下午 4:54]   click [OpenCityFuture] 城市的未來
1470.5s [5月28日（週五） 下午 4:54]   shot 82_city24_real_decisions.png
1471.2s [5月28日（週五） 下午 4:54]   click [CityChoice_resilient] 聘用待命團隊 · $1,000.00，減少危機衝擊
1472.4s [5月28日（週五） 下午 4:54]   click [city_wait_result] 回到城市，等待兩天後公布成果
1472.9s [5月28日（週五） 下午 5:00]   toast: Riverlight Goods 咖啡 今天沒開門：吧台沒人顧。去僱一位咖啡師（人員分頁），或自己站吧台。
1473.3s [5月29日（週六） 下午 5:00]   toast: Riverlight Goods 咖啡 今天沒開門：吧台沒人顧。去僱一位咖啡師（人員分頁），或自己站吧台。
1474.1s [5月30日（週日） 下午 5:55]   use "Use laptop — Company OS"
1475.1s [5月30日（週日） 下午 5:56]   click [Tab_overview] Overview
1476.9s [5月30日（週日） 下午 5:58]   click [OpenCityFuture] 城市的未來
1477.4s [5月30日（週日） 下午 5:58]   shot 83_city24_recorded_result.png
1478.1s [5月30日（週日） 下午 5:58]   click [city_review] 檢視實際交付與城市成果。
1478.6s [5月30日（週日） 下午 5:58]   ok  city chapter completed from actual services and result 24
1478.6s [5月30日（週日） 下午 5:58]   ok  city chapter 24 balanced books
1478.6s [5月30日（週日） 下午 5:58]   ok  all six civic chapters completed
1478.6s [5月30日（週日） 下午 5:58]   ok  city result preserves the earlier actual business ending
1478.6s [5月30日（週日） 下午 5:58]   shot 84_city_legacy_card_1.png
1479.3s [5月30日（週日） 下午 5:58]   click [city_next_card] 下一張城市回顧卡
1479.9s [5月30日（週日） 下午 5:58]   shot 85_city_legacy_card_2.png
1480.5s [5月30日（週日） 下午 5:58]   click [city_next_card] 下一張城市回顧卡
1481.1s [5月30日（週日） 下午 5:58]   shot 86_city_legacy_card_3.png
1481.8s [5月30日（週日） 下午 5:58]   click [city_next_card] 下一張城市回顧卡
1482.3s [5月30日（週日） 下午 5:58]   shot 87_city_legacy_card_4.png
1483.0s [5月30日（週日） 下午 5:58]   click [city_next_card] 下一張城市回顧卡
1483.6s [5月30日（週日） 下午 5:58]   shot 88_city_legacy_card_5.png
1484.2s [5月30日（週日） 下午 5:58]   click [city_next_card] 下一張城市回顧卡
1484.8s [5月30日（週日） 下午 5:58]   shot 89_city_legacy_card_6.png
1485.5s [5月30日（週日） 下午 5:58]   click [city_next_card] 下一張城市回顧卡
1486.0s [5月30日（週日） 下午 5:58]   shot 90_city_business_legacy_handoff.png
1486.7s [5月30日（週日） 下午 5:58]   click [city_legacy] 接續查看企業 Legacy 結局
1487.2s [5月30日（週日） 下午 5:58]   ok  city legacy connects to actual business legacy
1487.6s [5月30日（週日） 下午 5:58]   ok  played third-season save with real supplier receipts
1488.1s [5月30日（週日） 下午 5:58]   ok  actual played city save passes normal import validation
1488.1s [5月30日（週日） 下午 5:58] STEP Growth — three optional goals, achievements and actual timeline
1488.2s [5月30日（週日） 下午 5:58]   click [GrowthAcknowledge] Put the card in your timeline
1488.4s [5月30日（週日） 下午 5:58]   click [GrowthAcknowledge] Put the card in your timeline
1488.6s [5月30日（週日） 下午 5:58]   click [GrowthAcknowledge] Put the card in your timeline
1488.8s [5月30日（週日） 下午 5:58]   click [GrowthAcknowledge] Put the card in your timeline
1489.0s [5月30日（週日） 下午 5:58]   click [GrowthAcknowledge] Put the card in your timeline
1489.2s [5月30日（週日） 下午 5:58]   click [GrowthAcknowledge] Put the card in your timeline
1489.4s [5月30日（週日） 下午 5:58]   click [GrowthAcknowledge] Put the card in your timeline
1489.6s [5月30日（週日） 下午 5:58]   ok  at least three free-play goals
1489.6s [5月30日（週日） 下午 5:58]   shot 91_growth_three_goals.png
1489.6s [5月30日（週日） 下午 5:58]   click [GrowthTab_achievements] Achievements
1489.8s [5月30日（週日） 下午 5:58]   shot 92_growth_achievements.png
1489.8s [5月30日（週日） 下午 5:58]   click [GrowthTab_timeline] The journey so far
1490.6s [5月30日（週日） 下午 5:58]   shot 93_growth_timeline.png
1490.6s [5月30日（週日） 下午 5:58]   click [GrowthReturn] Back to playing
1491.8s [5月30日（週日） 下午 5:58]   click [PauseAchievements] Achievements
1492.4s [5月30日（週日） 下午 5:58]   ok  pause menu opens achievements
1492.5s [5月30日（週日） 下午 5:58]   shot 94_growth_pause_achievements.png
1492.5s [5月30日（週日） 下午 5:58]   ok  growth UI never changes financial books
1492.5s [5月30日（週日） 下午 5:58] STEP Save → reload → same state
1494.1s [5月30日（週日） 下午 5:59]   ok  cash restored after load
1494.1s [5月30日（週日） 下午 5:59]   ok  time restored after load
1494.1s [5月30日（週日） 下午 5:59]   ok  location restored (riverside_apartment)
1494.2s [5月30日（週日） 下午 5:59]   shot 95_after_load.png
1494.2s [5月30日（週日） 下午 5:59] STEP Summary
1494.2s [5月30日（週日） 下午 5:59]   business entity co_riverlight_goods cash $116,452.92 · personal $151,884.53 · orders delivered 6975 · chapters done ["ch1_arrival", "ch2_first_customer", "ch3_open_for_business", "ch4_growing_pains", "ch5_big_contract", "ch6_cash_is_oxygen", "ch7_supply_shock", "ch8_green_shift", "ch9_clearing_crisis", "ch10_digital_rails", "ch11_other_side_of_trust", "ch12_regulation_scale", "ch13_first_order_abroad", "ch14_customs", "ch15_currency_swing", "ch16_partner_overseas", "ch17_consolidation", "ch18_legacy", "ch19_expo_bid", "ch20_harbor_rebuild", "ch21_energy_transition", "ch22_talent_war", "ch23_city_election", "ch24_expo_opening"]
1494.2s [5月30日（週日） 下午 5:59]   ok  ledger balanced at the end
1494.2s [5月30日（週日） 下午 5:59]   ok  story objective completed: ch1_phone
1494.2s [5月30日（週日） 下午 5:59]   ok  story objective completed: ch1_outside
1494.2s [5月30日（週日） 下午 5:59]   ok  story objective completed: ch1_coffee
1494.2s [5月30日（週日） 下午 5:59]   ok  story objective completed: ch1_cowork
1494.2s [5月30日（週日） 下午 5:59]   ok  story objective completed: ch1_board
1494.2s [5月30日（週日） 下午 5:59]   ok  story objective completed: ch2_supplier
1494.2s [5月30日（週日） 下午 5:59]   ok  story objective completed: ch2_stock
1494.2s [5月30日（週日） 下午 5:59]   ok  story objective completed: ch2_listing
1494.2s [5月30日（週日） 下午 5:59]   ok  story objective completed: ch2_order
1494.2s [5月30日（週日） 下午 5:59]   ok  story objective completed: ch2_ship
1494.2s [5月30日（週日） 下午 5:59]   ok  story objective completed: ch2_first_dollar
1494.2s [5月30日（週日） 下午 5:59]   ok  story objective completed: ch2_issue
1494.2s [5月30日（週日） 下午 5:59]   ok  story objective completed: ch3_register
1494.2s [5月30日（週日） 下午 5:59]   ok  story objective completed: ch3_bank
1494.2s [5月30日（週日） 下午 5:59]   ok  story objective completed: ch3_workspace
1494.2s [5月30日（週日） 下午 5:59]   ok  story objective completed: ch3_os
1494.2s [5月30日（週日） 下午 5:59]   ok  story objective completed: ch4_employer
1494.2s [5月30日（週日） 下午 5:59]   ok  story objective completed: ch4_post
1494.2s [5月30日（週日） 下午 5:59]   ok  story objective completed: ch4_hire
1494.2s [5月30日（週日） 下午 5:59]   ok  story objective completed: ch4_payroll
1494.2s [5月30日（週日） 下午 5:59]   ok  story objective completed: ch4_forecast
1494.2s [5月30日（週日） 下午 5:59]   ok  story objective completed: ch5_meet
1494.2s [5月30日（週日） 下午 5:59]   ok  story objective completed: ch5_decide
1494.2s [5月30日（週日） 下午 5:59]   ok  story objective completed: ch5_stock
1494.2s [5月30日（週日） 下午 5:59]   ok  story objective completed: ch5_deliver
1494.2s [5月30日（週日） 下午 5:59]   ok  story objective completed: ch6_forecast
1494.2s [5月30日（週日） 下午 5:59]   ok  story objective completed: ch6_bridge
1494.2s [5月30日（週日） 下午 5:59]   ok  story objective completed: ch6_collect
1494.2s [5月30日（週日） 下午 5:59]   ok  story objective completed: ch6_close
1494.2s [5月30日（週日） 下午 5:59]   ok  story objective completed: ch7_news
1494.2s [5月30日（週日） 下午 5:59]   ok  story objective completed: ch7_ken
1494.2s [5月30日（週日） 下午 5:59]   ok  story objective completed: ch7_stock
1494.2s [5月30日（週日） 下午 5:59]   ok  story objective completed: ch7_price
1494.2s [5月30日（週日） 下午 5:59]   ok  story objective completed: ch7_close
1494.2s [5月30日（週日） 下午 5:59]   ok  story objective completed: ch8_news
1494.2s [5月30日（週日） 下午 5:59]   ok  story objective completed: ch8_pack
1494.2s [5月30日（週日） 下午 5:59]   ok  story objective completed: ch8_product
1494.2s [5月30日（週日） 下午 5:59]   ok  story objective completed: ch8_grant
1494.2s [5月30日（週日） 下午 5:59]   ok  story objective completed: ch9_news
1494.2s [5月30日（週日） 下午 5:59]   ok  story objective completed: ch9_import
1494.2s [5月30日（週日） 下午 5:59]   ok  story objective completed: ch9_lina
1494.2s [5月30日（週日） 下午 5:59]   ok  story objective completed: ch9_settle
1494.2s [5月30日（週日） 下午 5:59]   ok  story objective completed: ch9_arrive
1494.2s [5月30日（週日） 下午 5:59]   ok  story objective completed: ch10_news
1494.2s [5月30日（週日） 下午 5:59]   ok  story objective completed: ch10_lina
1494.2s [5月30日（週日） 下午 5:59]   ok  story objective completed: ch10_import
1494.2s [5月30日（週日） 下午 5:59]   ok  story objective completed: ch10_arrive
1494.2s [5月30日（週日） 下午 5:59]   ok  story objective completed: ch11_news
1494.2s [5月30日（週日） 下午 5:59]   ok  story objective completed: ch11_order
1494.2s [5月30日（週日） 下午 5:59]   ok  story objective completed: ch11_freeze
1494.2s [5月30日（週日） 下午 5:59]   ok  story objective completed: ch11_restock
1494.2s [5月30日（週日） 下午 5:59]   ok  story objective completed: ch12_news
1494.2s [5月30日（週日） 下午 5:59]   ok  story objective completed: ch12_licence
1494.2s [5月30日（週日） 下午 5:59]   ok  story objective completed: ch12_kyc
1494.2s [5月30日（週日） 下午 5:59]   ok  story objective completed: ch12_offer
1494.2s [5月30日（週日） 下午 5:59]   ok  story objective completed: ch13_news
1494.2s [5月30日（週日） 下午 5:59]   ok  story objective completed: ch13_bank
1494.2s [5月30日（週日） 下午 5:59]   ok  story objective completed: ch13_listing
1494.2s [5月30日（週日） 下午 5:59]   ok  story objective completed: ch13_ship
1494.2s [5月30日（週日） 下午 5:59]   ok  story objective completed: ch13_convert
1494.2s [5月30日（週日） 下午 5:59]   ok  story objective completed: ch14_ines
1494.2s [5月30日（週日） 下午 5:59]   ok  story objective completed: ch14_policy
1494.2s [5月30日（週日） 下午 5:59]   ok  story objective completed: ch14_code
1494.2s [5月30日（週日） 下午 5:59]   ok  story objective completed: ch14_trial
1494.2s [5月30日（週日） 下午 5:59]   ok  story objective completed: ch15_news
1494.2s [5月30日（週日） 下午 5:59]   ok  story objective completed: ch15_marcus
1494.2s [5月30日（週日） 下午 5:59]   ok  story objective completed: ch15_response
1494.2s [5月30日（週日） 下午 5:59]   ok  story objective completed: ch15_month
1494.2s [5月30日（週日） 下午 5:59]   ok  story objective completed: ch16_omar
1494.2s [5月30日（週日） 下午 5:59]   ok  story objective completed: ch16_channel
1494.2s [5月30日（週日） 下午 5:59]   ok  story objective completed: ch16_income
1494.2s [5月30日（週日） 下午 5:59]   ok  story objective completed: ch17_news
1494.2s [5月30日（週日） 下午 5:59]   ok  story objective completed: ch17_response
1494.2s [5月30日（週日） 下午 5:59]   ok  story objective completed: ch17_survive
1494.2s [5月30日（週日） 下午 5:59]   ok  story objective completed: ch17_interview
1494.2s [5月30日（週日） 下午 5:59]   ok  story objective completed: ch18_maya
1494.2s [5月30日（週日） 下午 5:59]   ok  story objective completed: ch18_choice
1494.2s [5月30日（週日） 下午 5:59]   ok  story objective completed: ch18_cards
1494.2s [5月30日（週日） 下午 5:59]   ok  story objective completed: city19_read
1494.2s [5月30日（週日） 下午 5:59]   ok  story objective completed: city19_plan
1494.2s [5月30日（週日） 下午 5:59]   ok  story objective completed: city19_choice
1494.2s [5月30日（週日） 下午 5:59]   ok  story objective completed: city19_review
1494.2s [5月30日（週日） 下午 5:59]   ok  story objective completed: city20_read
1494.2s [5月30日（週日） 下午 5:59]   ok  story objective completed: city20_plan
1494.2s [5月30日（週日） 下午 5:59]   ok  story objective completed: city20_choice
1494.2s [5月30日（週日） 下午 5:59]   ok  story objective completed: city20_review
1494.2s [5月30日（週日） 下午 5:59]   ok  story objective completed: city21_read
1494.2s [5月30日（週日） 下午 5:59]   ok  story objective completed: city21_plan
1494.2s [5月30日（週日） 下午 5:59]   ok  story objective completed: city21_choice
1494.2s [5月30日（週日） 下午 5:59]   ok  story objective completed: city21_review
1494.2s [5月30日（週日） 下午 5:59]   ok  story objective completed: city22_read
1494.2s [5月30日（週日） 下午 5:59]   ok  story objective completed: city22_plan
1494.2s [5月30日（週日） 下午 5:59]   ok  story objective completed: city22_choice
1494.2s [5月30日（週日） 下午 5:59]   ok  story objective completed: city22_review
1494.2s [5月30日（週日） 下午 5:59]   ok  story objective completed: city23_read
1494.2s [5月30日（週日） 下午 5:59]   ok  story objective completed: city23_plan
1494.2s [5月30日（週日） 下午 5:59]   ok  story objective completed: city23_choice
1494.2s [5月30日（週日） 下午 5:59]   ok  story objective completed: city23_review
1494.2s [5月30日（週日） 下午 5:59]   ok  story objective completed: city24_read
1494.2s [5月30日（週日） 下午 5:59]   ok  story objective completed: city24_plan
1494.2s [5月30日（週日） 下午 5:59]   ok  story objective completed: city24_choice
1494.2s [5月30日（週日） 下午 5:59]   ok  story objective completed: city24_review
1494.2s [5月30日（週日） 下午 5:59]   ok  all assistant switches enabled throughout full main story
1494.2s [5月30日（週日） 下午 5:59] STEP Save → reload → same state
1495.9s [5月30日（週日） 下午 6:00]   ok  cash restored after load
1495.9s [5月30日（週日） 下午 6:00]   ok  time restored after load
1495.9s [5月30日（週日） 下午 6:00]   ok  location restored (riverside_apartment)
1496.0s [5月30日（週日） 下午 6:00]   shot 96_after_load.png
1496.0s [5月30日（週日） 下午 6:00] BOT FINISHED — 0 failure(s) · 1496.0s real
1496.0s [5月30日（週日） 下午 6:00] English audit: 7 on-screen text(s) with untranslated words
