Godot Engine v4.5.1.stable.official.f62fdbde1 - https://godotengine.org
OpenGL API 3.3.0 NVIDIA 462.59 - Compatibility - Using Device: NVIDIA - Quadro RTX 4000

   1.6s [6月1日（週日） 下午 2:00]   shot 01_packing_instructions.png
   1.6s [6月1日（週日） 下午 2:00]   click [StartGame] Start
   1.6s [6月1日（週日） 下午 2:00]   click [Box_medium] Medium box
   1.8s [6月1日（週日） 下午 2:00]   click [PackItem_0] 1 · 鋁合金手機架 ✗
   1.9s [6月1日（週日） 下午 2:00]   click [Grid_0_0]
   2.0s [6月1日（週日） 下午 2:00]   click [PackItem_1] 2 · 鋁合金手機架 ✗
   2.2s [6月1日（週日） 下午 2:00]   click [Grid_2_0]
   2.3s [6月1日（週日） 下午 2:00]   click [PackItem_2] 3 · LED 檯燈 ✗
   2.4s [6月1日（週日） 下午 2:00]   click [Grid_0_1]
   2.5s [6月1日（週日） 下午 2:00]   ok  every item placed through real grid input
   2.5s [6月1日（週日） 下午 2:00]   click [Pad] Add bubble wrap
   2.7s [6月1日（週日） 下午 2:00]   click [Pad] Add bubble wrap
   2.8s [6月1日（週日） 下午 2:00]   click [Pad] Add bubble wrap
   3.0s [6月1日（週日） 下午 2:00]   click [Pad] Add bubble wrap
   3.1s [6月1日（週日） 下午 2:00]   click [Seam_0] 貼第 1 條接縫
   3.2s [6月1日（週日） 下午 2:00]   click [Seam_1] 貼第 2 條接縫
   3.3s [6月1日（週日） 下午 2:00]   click [Seam_2] 貼第 3 條接縫
   3.4s [6月1日（週日） 下午 2:00]   click [Label_2] Alex Chen · 河濱區
   3.7s [6月1日（週日） 下午 2:00]   shot 02_packing_medium_ready.png
   3.7s [6月1日（週日） 下午 2:00]   click [Seal] Seal & next
   3.9s [6月1日（週日） 下午 2:00]   click [Box_large] Large box
   4.1s [6月1日（週日） 下午 2:00]   click [PackItem_0] 1 · 桌上型螢幕 ✗
   4.2s [6月1日（週日） 下午 2:00]   click [Grid_0_0]
   4.3s [6月1日（週日） 下午 2:00]   ok  every item placed through real grid input
   4.3s [6月1日（週日） 下午 2:00]   click [Pad] Add bubble wrap
   4.5s [6月1日（週日） 下午 2:00]   click [Pad] Add bubble wrap
   4.6s [6月1日（週日） 下午 2:00]   click [Pad] Add bubble wrap
   4.8s [6月1日（週日） 下午 2:00]   click [Pad] Add bubble wrap
   4.9s [6月1日（週日） 下午 2:00]   click [Seam_0] 貼第 1 條接縫
   5.0s [6月1日（週日） 下午 2:00]   click [Seam_1] 貼第 2 條接縫
   5.1s [6月1日（週日） 下午 2:00]   click [Seam_2] 貼第 3 條接縫
   5.2s [6月1日（週日） 下午 2:00]   click [Label_0] Alex Chen · 新創園區
   5.4s [6月1日（週日） 下午 2:00]   shot 03_packing_large_ready.png
   5.4s [6月1日（週日） 下午 2:00]   click [Seal] Seal & next
   5.8s [6月1日（週日） 下午 2:00]   shot 04_packing_result.png
   5.8s [6月1日（週日） 下午 2:00]   click [FinishGame] Continue
   6.1s [6月1日（週日） 下午 2:00]   ok  basket and bulky stock packed atomically
   6.1s [6月1日（週日） 下午 2:00]   ok  pack ledger balanced
   6.6s [6月1日（週日） 下午 2:00]   shot 05_packing_postage_quote.png
   6.6s [6月1日（週日） 下午 2:00] BOT FINISHED — 0 failure(s) · 6.6s real
   6.6s [6月1日（週日） 下午 2:00] English audit: 0 on-screen text(s) with untranslated words
