Godot Engine v4.5.1.stable.official.f62fdbde1 - https://godotengine.org
OpenGL API 3.3.0 NVIDIA 462.59 - Compatibility - Using Device: NVIDIA - Quadro RTX 4000

   0.6s [6月1日（週日） 下午 2:00]   shot 01_new_game_first_job.png
   0.6s [6月1日（週日） 下午 2:00]   click [ApplyJob] Take the job
   0.7s [6月1日（週日） 下午 2:00]   click [WorkShift] 開始 4 小時的班（最多 +$68.00）
   1.1s [6月1日（週日） 下午 2:00]   ok  first actual work shift automatically enters practice
   1.1s [6月1日（週日） 下午 2:00]   shot 02_barista_first_practice_card.png
   1.1s [6月1日（週日） 下午 2:00]   click [StartGame] Begin practice
   1.4s [6月1日（週日） 下午 2:00]   shot 03_barista_step_0.png
   1.4s [6月1日（週日） 下午 2:00]   click [ConfirmOrder] Confirm order
   1.7s [6月1日（週日） 下午 2:00]   shot 04_barista_step_1.png
   1.7s [6月1日（週日） 下午 2:00]   click [Size_S] Small cup
   2.0s [6月1日（週日） 下午 2:00]   shot 05_barista_step_2.png
   2.0s [6月1日（週日） 下午 2:00]   click [Drink_americano] Americano
   2.3s [6月1日（週日） 下午 2:00]   shot 06_barista_step_3.png
   2.3s [6月1日（週日） 下午 2:00]   click [Milk_none] No milk
   2.6s [6月1日（週日） 下午 2:00]   shot 07_barista_step_4.png
   2.6s [6月1日（週日） 下午 2:00]   click [Shots_1] Single shot
   2.8s [6月1日（週日） 下午 2:00]   shot 08_barista_step_5.png
   2.8s [6月1日（週日） 下午 2:00]   click [Serve] Serve
   3.1s [6月1日（週日） 下午 2:00]   shot 09_barista_step_6.png
   3.1s [6月1日（週日） 下午 2:00]   click [Deliver_0] Pickup counter
   3.4s [6月1日（週日） 下午 2:00]   shot 10_barista_step_7.png
   3.4s [6月1日（週日） 下午 2:00]   click [CleanTable] Clean table / counter
   3.7s [6月1日（週日） 下午 2:00]   ok  barista tutorial completes
   3.7s [6月1日（週日） 下午 2:00]   shot 11_barista_ready.png
   3.7s [6月1日（週日） 下午 2:00]   click [StartFormalWork] Start work
   3.9s [6月1日（週日） 下午 2:00]   ok  practice changes no pay or promotion
   3.9s [6月1日（週日） 下午 2:00]   ok  ready button naturally starts formal shift
   4.0s [6月1日（週日） 下午 2:00]   shot 12_barista_formal_start.png
   4.0s [6月1日（週日） 下午 2:00]   click [ConfirmOrder] Confirm order
   4.1s [6月1日（週日） 下午 2:00]   click [Size_S] Small cup
   4.3s [6月1日（週日） 下午 2:00]   click [Drink_americano] Americano
   4.5s [6月1日（週日） 下午 2:00]   click [Milk_none] No milk
   4.7s [6月1日（週日） 下午 2:00]   click [Shots_1] Single shot
   4.9s [6月1日（週日） 下午 2:00]   click [Serve] Serve
   5.1s [6月1日（週日） 下午 2:00]   click [Deliver_0] Pickup counter
   5.3s [6月1日（週日） 下午 2:00]   click [CleanTable] Clean table / counter
   5.5s [6月1日（週日） 下午 2:00]   click [ConfirmOrder] Confirm order
   5.7s [6月1日（週日） 下午 2:00]   click [Size_M] Medium cup
   5.9s [6月1日（週日） 下午 2:00]   click [Drink_latte] Latte
   6.1s [6月1日（週日） 下午 2:00]   click [Milk_oat] Oat milk
   6.3s [6月1日（週日） 下午 2:00]   click [Shots_1] Single shot
   6.5s [6月1日（週日） 下午 2:00]   click [Serve] Serve
   6.7s [6月1日（週日） 下午 2:00]   click [Deliver_1] 第 1 桌
   6.9s [6月1日（週日） 下午 2:00]   click [CleanTable] Clean table / counter
   7.1s [6月1日（週日） 下午 2:00]   click [ConfirmOrder] Confirm order
   7.3s [6月1日（週日） 下午 2:00]   click [Size_S] Small cup
   7.5s [6月1日（週日） 下午 2:00]   click [Drink_cappuccino] Cappuccino
   7.7s [6月1日（週日） 下午 2:00]   click [Milk_oat] Oat milk
   7.9s [6月1日（週日） 下午 2:00]   click [Shots_2] Double shot
   8.1s [6月1日（週日） 下午 2:00]   click [Serve] Serve
   8.3s [6月1日（週日） 下午 2:00]   click [Deliver_2] 第 2 桌
   8.5s [6月1日（週日） 下午 2:00]   click [CleanTable] Clean table / counter
   8.7s [6月1日（週日） 下午 2:00]   click [ConfirmOrder] Confirm order
   8.9s [6月1日（週日） 下午 2:00]   click [Size_M] Medium cup
   9.1s [6月1日（週日） 下午 2:00]   click [Drink_flat_white] Flat white
   9.3s [6月1日（週日） 下午 2:00]   click [Milk_whole] Whole milk
   9.5s [6月1日（週日） 下午 2:00]   click [Shots_2] Double shot
   9.7s [6月1日（週日） 下午 2:00]   click [Serve] Serve
   9.9s [6月1日（週日） 下午 2:00]   click [Deliver_0] Pickup counter
  10.1s [6月1日（週日） 下午 2:00]   click [CleanTable] Clean table / counter
  10.3s [6月1日（週日） 下午 2:00]   click [ConfirmOrder] Confirm order
  10.5s [6月1日（週日） 下午 2:00]   click [Size_M] Medium cup
  10.7s [6月1日（週日） 下午 2:00]   click [Drink_americano] Americano
  10.9s [6月1日（週日） 下午 2:00]   click [Milk_none] No milk
  11.1s [6月1日（週日） 下午 2:00]   click [Shots_1] Single shot
  11.3s [6月1日（週日） 下午 2:00]   click [Serve] Serve
  11.5s [6月1日（週日） 下午 2:00]   click [Deliver_1] 第 1 桌
  11.7s [6月1日（週日） 下午 2:00]   click [CleanTable] Clean table / counter
  11.9s [6月1日（週日） 下午 2:00]   click [ConfirmOrder] Confirm order
  12.1s [6月1日（週日） 下午 2:00]   click [Size_M] Medium cup
  12.3s [6月1日（週日） 下午 2:00]   click [Drink_americano] Americano
  12.5s [6月1日（週日） 下午 2:00]   click [Milk_none] No milk
  12.7s [6月1日（週日） 下午 2:00]   click [Shots_1] Single shot
  12.9s [6月1日（週日） 下午 2:00]   click [Serve] Serve
  13.1s [6月1日（週日） 下午 2:00]   click [Deliver_2] 第 2 桌
  13.3s [6月1日（週日） 下午 2:00]   click [CleanTable] Clean table / counter
  13.6s [6月1日（週日） 下午 2:00]   shot 13_barista_formal_results.png
  13.6s [6月1日（週日） 下午 2:00]   ok  all six formal orders complete
  13.6s [6月1日（週日） 下午 2:00]   click [FinishGame] Continue
  14.5s [6月1日（週日） 下午 6:01]   ok  formal shift pays and counts
  14.5s [6月1日（週日） 下午 6:01]   ok  full normal wage and normal tips paid: $80.00
  14.5s [6月1日（週日） 下午 6:01]   ok  scheduled shift 240 minutes; game time advanced 241
  14.7s [6月1日（週日） 下午 6:01]   shot 14_barista_real_payout.png
  14.7s [6月1日（週日） 下午 6:01]   ok  experienced player sees compact card without automatic practice
  14.8s [6月1日（週日） 下午 6:01]   shot 15_experienced_compact_card.png
  14.8s [6月1日（週日） 下午 6:01]   click [PracticeHelp] ?
  15.0s [6月1日（週日） 下午 6:01]   ok  experienced player can replay with ?
  15.1s [6月1日（週日） 下午 6:01]   shot 16_experienced_replay.png
  15.1s [6月1日（週日） 下午 6:01]   click [SkipPractice] Skip tutorial
  15.4s [6月1日（週日） 下午 6:01]   ok  skip returns to original work
  15.9s [6月1日（週日） 下午 6:01]   shot 17_barista_game_card.png
  15.9s [6月1日（週日） 下午 6:01]   click [StartGame] Begin practice
  16.1s [6月1日（週日） 下午 6:01]   shot 18_barista_game_step_0.png
  16.1s [6月1日（週日） 下午 6:01]   click [ConfirmOrder] Confirm order
  16.3s [6月1日（週日） 下午 6:01]   click [Size_S] Small cup
  16.6s [6月1日（週日） 下午 6:01]   click [Drink_americano] Americano
  16.9s [6月1日（週日） 下午 6:01]   click [Milk_none] No milk
  17.1s [6月1日（週日） 下午 6:01]   click [Shots_2] Double shot
  17.4s [6月1日（週日） 下午 6:01]   click [Serve] Serve
  17.7s [6月1日（週日） 下午 6:01]   click [Deliver_0] Pickup counter
  17.9s [6月1日（週日） 下午 6:01]   click [CleanTable] Clean table / counter
  18.2s [6月1日（週日） 下午 6:01]   ok  barista_game tutorial completes
  18.3s [6月1日（週日） 下午 6:01]   shot 19_barista_game_ready.png
  18.3s [6月1日（週日） 下午 6:01]   click [StartFormalWork] Start work
  18.5s [6月1日（週日） 下午 6:01]   ok  barista_game practice preserves ledger
  18.7s [6月1日（週日） 下午 6:01]   shot 20_parcel_sort_game_card.png
  18.7s [6月1日（週日） 下午 6:01]   click [StartGame] Begin practice
  18.9s [6月1日（週日） 下午 6:01]   shot 21_parcel_sort_game_step_0.png
  18.9s [6月1日（週日） 下午 6:01]   click [Bin_shopping_street] 5  購物街 5xxx
  19.2s [6月1日（週日） 下午 6:01]   click [Damage_quarantine] Record damage and quarantine
  19.4s [6月1日（週日） 下午 6:01]   ok  parcel_sort_game tutorial completes
  19.5s [6月1日（週日） 下午 6:01]   shot 22_parcel_sort_game_ready.png
  19.5s [6月1日（週日） 下午 6:01]   click [StartFormalWork] Start work
  19.7s [6月1日（週日） 下午 6:01]   ok  parcel_sort_game practice preserves ledger
  20.0s [6月1日（週日） 下午 6:01]   shot 23_clerk_forms_game_card.png
  20.0s [6月1日（週日） 下午 6:01]   click [StartGame] Begin practice
  20.2s [6月1日（週日） 下午 6:01]   shot 24_clerk_forms_game_step_0.png
  20.2s [6月1日（週日） 下午 6:01]   click [Field_id] 身分證號:  F5064617
  20.4s [6月1日（週日） 下午 6:01]   click [Reject] Reject
  20.7s [6月1日（週日） 下午 6:01]   click [Complaint_verify] Verify reference and escalate
  21.0s [6月1日（週日） 下午 6:01]   ok  clerk_forms_game tutorial completes
  21.0s [6月1日（週日） 下午 6:01]   shot 25_clerk_forms_game_ready.png
  21.0s [6月1日（週日） 下午 6:01]   click [StartFormalWork] Start work
  21.2s [6月1日（週日） 下午 6:01]   ok  clerk_forms_game practice preserves ledger
  21.5s [6月1日（週日） 下午 6:01]   shot 26_cowork_host_game_card.png
  21.5s [6月1日（週日） 下午 6:01]   click [StartGame] Begin practice
  21.7s [6月1日（週日） 下午 6:01]   shot 27_cowork_host_game_step_0.png
  21.7s [6月1日（週日） 下午 6:01]   click [Desk_checkin] Check in
  22.0s [6月1日（週日） 下午 6:01]   click [Room_A_10] Reserve this slot
  22.2s [6月1日（週日） 下午 6:01]   ok  cowork_host_game tutorial completes
  22.3s [6月1日（週日） 下午 6:01]   shot 28_cowork_host_game_ready.png
  22.3s [6月1日（週日） 下午 6:01]   click [StartFormalWork] Start work
  22.5s [6月1日（週日） 下午 6:01]   ok  cowork_host_game practice preserves ledger
  22.8s [6月1日（週日） 下午 6:01]   shot 29_teller_cash_game_card.png
  22.8s [6月1日（週日） 下午 6:01]   click [StartGame] Begin practice
  23.0s [6月1日（週日） 下午 6:01]   shot 30_teller_cash_game_step_0.png
  23.0s [6月1日（週日） 下午 6:01]   click [Note_50] $50.00
  23.2s [6月1日（週日） 下午 6:01]   click [Note_10] $10.00
  23.5s [6月1日（週日） 下午 6:01]   click [Note_1] $1.00
  23.8s [6月1日（週日） 下午 6:01]   click [Note_1] $1.00
  24.0s [6月1日（週日） 下午 6:01]   click [HandOver] Hand it over
  24.3s [6月1日（週日） 下午 6:01]   click [Refund_yes] Authorize refund
  24.6s [6月1日（週日） 下午 6:01]   ok  teller_cash_game tutorial completes
  24.6s [6月1日（週日） 下午 6:01]   shot 31_teller_cash_game_ready.png
  24.6s [6月1日（週日） 下午 6:01]   click [StartFormalWork] Start work
  24.8s [6月1日（週日） 下午 6:01]   ok  teller_cash_game practice preserves ledger
  25.1s [6月1日（週日） 下午 6:01]   shot 32_pack_game_card.png
  25.1s [6月1日（週日） 下午 6:01]   click [StartGame] Begin practice
  25.3s [6月1日（週日） 下午 6:01]   shot 33_pack_game_step_0.png
  25.3s [6月1日（週日） 下午 6:01]   click [Box_small] Small box
  25.6s [6月1日（週日） 下午 6:01]   click [PackItem_0] 1 · 鋁合金手機架 ✗
  25.9s [6月1日（週日） 下午 6:01]   click [Grid_0_0] 
  26.2s [6月1日（週日） 下午 6:01]   click [PackItem_1] 2 · 鋁合金手機架 ✗
  26.5s [6月1日（週日） 下午 6:01]   click [Grid_2_0] 
  26.8s [6月1日（週日） 下午 6:01]   click [Pad] Add bubble wrap
  27.1s [6月1日（週日） 下午 6:01]   click [Pad] Add bubble wrap
  27.4s [6月1日（週日） 下午 6:01]   click [Pad] Add bubble wrap
  27.7s [6月1日（週日） 下午 6:01]   click [Pad] Add bubble wrap
  28.1s [6月1日（週日） 下午 6:01]   click [Seam_0] 貼第 1 條接縫
  28.3s [6月1日（週日） 下午 6:01]   click [Seam_1] 貼第 2 條接縫
  28.6s [6月1日（週日） 下午 6:01]   click [Seam_2] 貼第 3 條接縫
  28.9s [6月1日（週日） 下午 6:01]   click [Label_2] Rin Tanaka · 河濱區
  29.2s [6月1日（週日） 下午 6:01]   click [Seal] Seal & next
  29.4s [6月1日（週日） 下午 6:01]   ok  pack_game tutorial completes
  29.5s [6月1日（週日） 下午 6:01]   shot 34_pack_game_ready.png
  29.5s [6月1日（週日） 下午 6:01]   click [StartFormalWork] Start work
  29.7s [6月1日（週日） 下午 6:01]   ok  pack_game practice preserves ledger
  30.0s [6月1日（週日） 下午 6:01]   shot 35_photo_shoot_game_card.png
  30.0s [6月1日（週日） 下午 6:01]   click [StartGame] Begin practice
  30.2s [6月1日（週日） 下午 6:01]   shot 36_photo_shoot_game_step_0.png
  30.2s [6月1日（週日） 下午 6:01]   click [Backdrop_white] White sweep
  30.4s [6月1日（週日） 下午 6:01]   click [Light_window] Window light
  30.7s [6月1日（週日） 下午 6:01]   click [ZoomIn] +
  31.1s [6月1日（週日） 下午 6:01]   click [Shutter] ◉  Shutter
  31.3s [6月1日（週日） 下午 6:01]   ok  photo_shoot_game tutorial completes
  31.4s [6月1日（週日） 下午 6:01]   shot 37_photo_shoot_game_ready.png
  31.4s [6月1日（週日） 下午 6:01]   click [StartFormalWork] Start work
  31.6s [6月1日（週日） 下午 6:01]   ok  photo_shoot_game practice preserves ledger
  31.9s [6月1日（週日） 下午 6:01]   shot 38_typing_game_card.png
  31.9s [6月1日（週日） 下午 6:01]   click [StartGame] Begin practice
  32.1s [6月1日（週日） 下午 6:01]   shot 39_typing_game_step_0.png
  32.1s [6月1日（週日） 下午 6:01]   ok  typing_game tutorial completes
  32.2s [6月1日（週日） 下午 6:01]   shot 40_typing_game_ready.png
  32.2s [6月1日（週日） 下午 6:01]   click [StartFormalWork] Start work
  32.4s [6月1日（週日） 下午 6:01]   ok  typing_game practice preserves ledger
  32.6s [6月1日（週日） 下午 6:01]   shot 41_consulting_game_market_card.png
  32.6s [6月1日（週日） 下午 6:01]   click [StartGame] Begin practice
  32.9s [6月1日（週日） 下午 6:01]   shot 42_consulting_game_market_step_0.png
  32.9s [6月1日（週日） 下午 6:01]   click [ConsultChoice_0] 送貨可靠性
  33.1s [6月1日（週日） 下午 6:01]   ok  consulting_game_market tutorial completes
  33.1s [6月1日（週日） 下午 6:01]   shot 43_consulting_game_market_ready.png
  33.1s [6月1日（週日） 下午 6:01]   click [StartFormalWork] Start work
  33.4s [6月1日（週日） 下午 6:01]   ok  consulting_game_market practice preserves ledger
  33.6s [6月1日（週日） 下午 6:01]   shot 44_consulting_game_finance_card.png
  33.6s [6月1日（週日） 下午 6:01]   click [StartGame] Begin practice
  33.9s [6月1日（週日） 下午 6:01]   shot 45_consulting_game_finance_step_0.png
  33.9s [6月1日（週日） 下午 6:01]   click [ConsultChoice_0] $60.00
  34.1s [6月1日（週日） 下午 6:01]   ok  consulting_game_finance tutorial completes
  34.1s [6月1日（週日） 下午 6:01]   shot 46_consulting_game_finance_ready.png
  34.1s [6月1日（週日） 下午 6:01]   click [StartFormalWork] Start work
  34.3s [6月1日（週日） 下午 6:01]   ok  consulting_game_finance practice preserves ledger
  34.6s [6月1日（週日） 下午 6:01]   shot 47_consulting_game_operations_card.png
  34.6s [6月1日（週日） 下午 6:01]   click [StartGame] Begin practice
  34.8s [6月1日（週日） 下午 6:01]   shot 48_consulting_game_operations_step_0.png
  34.8s [6月1日（週日） 下午 6:01]   click [ConsultChoice_1] 核對訂單
  35.1s [6月1日（週日） 下午 6:01]   click [ConsultChoice_2] 包裝商品
  35.3s [6月1日（週日） 下午 6:01]   click [ConsultChoice_0] 出貨
  35.6s [6月1日（週日） 下午 6:01]   ok  consulting_game_operations tutorial completes
  35.7s [6月1日（週日） 下午 6:01]   shot 49_consulting_game_operations_ready.png
  35.7s [6月1日（週日） 下午 6:01]   click [StartFormalWork] Start work
  35.9s [6月1日（週日） 下午 6:01]   ok  consulting_game_operations practice preserves ledger
  36.1s [6月1日（週日） 下午 6:01]   shot 50_consulting_game_brand_card.png
  36.1s [6月1日（週日） 下午 6:01]   click [StartGame] Begin practice
  36.4s [6月1日（週日） 下午 6:01]   shot 51_consulting_game_brand_step_0.png
  36.4s [6月1日（週日） 下午 6:01]   click [ConsultChoice_0] 通勤時的便攜便利
  36.6s [6月1日（週日） 下午 6:01]   click [ConfirmFit] Confirm client fit
  36.9s [6月1日（週日） 下午 6:01]   ok  consulting_game_brand tutorial completes
  36.9s [6月1日（週日） 下午 6:01]   shot 52_consulting_game_brand_ready.png
  36.9s [6月1日（週日） 下午 6:01]   click [StartFormalWork] Start work
  37.1s [6月1日（週日） 下午 6:01]   ok  consulting_game_brand practice preserves ledger
  37.4s [6月1日（週日） 下午 6:01]   shot 53_creative_pitch_card.png
  37.4s [6月1日（週日） 下午 6:01]   click [StartGame] Begin practice
  37.6s [6月1日（週日） 下午 6:01]   shot 54_creative_pitch_step_0.png
  37.6s [6月1日（週日） 下午 6:01]   click [CreativeCard_slogan_0] Belong together
  37.9s [6月1日（週日） 下午 6:01]   click [CreativeCard_visual_1] Clean charts
  38.1s [6月1日（週日） 下午 6:01]   click [CreativeCard_tone_2] Reassuring
  38.4s [6月1日（週日） 下午 6:01]   ok  creative_pitch tutorial completes
  38.5s [6月1日（週日） 下午 6:01]   shot 55_creative_pitch_ready.png
  38.5s [6月1日（週日） 下午 6:01]   click [StartFormalWork] Start work
  38.7s [6月1日（週日） 下午 6:01]   ok  creative_pitch practice preserves ledger
  38.9s [6月1日（週日） 下午 6:01]   shot 56_popup_checkout_game_card.png
  38.9s [6月1日（週日） 下午 6:01]   click [StartGame] Begin practice
  39.2s [6月1日（週日） 下午 6:01]   shot 57_popup_checkout_game_step_0.png
  39.2s [6月1日（週日） 下午 6:01]   click [PopupCharge_2] 刷卡收取 $24.00
  39.4s [6月1日（週日） 下午 6:01]   ok  popup_checkout_game tutorial completes
  39.5s [6月1日（週日） 下午 6:01]   shot 58_popup_checkout_game_ready.png
  39.5s [6月1日（週日） 下午 6:01]   click [StartFormalWork] Start work
  39.7s [6月1日（週日） 下午 6:01]   ok  popup_checkout_game practice preserves ledger
  39.9s [6月1日（週日） 下午 6:01]   shot 59_personal_request_game_card.png
  39.9s [6月1日（週日） 下午 6:01]   click [StartGame] Begin practice
  40.2s [6月1日（週日） 下午 6:01]   shot 60_personal_request_game_step_0.png
  40.2s [6月1日（週日） 下午 6:01]   click [PersonalAnswer_document] 採用無階梯步道，並說明路程較長 45 分鐘・物料 $0.00・信任 +10
  40.4s [6月1日（週日） 下午 6:01]   ok  personal_request_game tutorial completes
  40.5s [6月1日（週日） 下午 6:01]   shot 61_personal_request_game_ready.png
  40.5s [6月1日（週日） 下午 6:01]   click [StartFormalWork] Start work
  40.7s [6月1日（週日） 下午 6:01]   ok  personal_request_game practice preserves ledger
  40.9s [6月1日（週日） 下午 6:01]   shot 62_route_game_card.png
  40.9s [6月1日（週日） 下午 6:01]   click [StartGame] Begin practice
  41.3s [6月1日（週日） 下午 6:01]   shot 63_route_game_step_0.png
  41.4s [6月1日（週日） 下午 6:01]   click [Stop_1] 
  41.6s [6月1日（週日） 下午 6:01]   click [Stop_2] 
  41.8s [6月1日（週日） 下午 6:01]   click [Stop_3] 
  42.1s [6月1日（週日） 下午 6:01]   click [Stop_4] 
  42.4s [6月1日（週日） 下午 6:01]   click [Stop_5] 
ERROR: Must be an ancestor of the control.
   at: ensure_control_visible (scene/gui/scroll_container.cpp:327)
   GDScript backtrace (most recent call first):
       [0] practice_refresh (res://scripts/ui/minigames/mini_game.gd:641)
       [1] _process (res://scripts/ui/minigames/mini_game.gd:601)
  42.6s [6月1日（週日） 下午 6:01]   click [DriveRoute] Drive the route
  42.9s [6月1日（週日） 下午 6:01]   ok  route_game tutorial completes
  42.9s [6月1日（週日） 下午 6:01]   shot 64_route_game_ready.png
  42.9s [6月1日（週日） 下午 6:01]   click [StartFormalWork] Start work
  43.1s [6月1日（週日） 下午 6:01]   ok  route_game practice preserves ledger
  43.4s [6月1日（週日） 下午 6:01]   shot 65_pitch_game_card.png
  43.4s [6月1日（週日） 下午 6:01]   click [StartGame] Begin practice
  43.6s [6月1日（週日） 下午 6:01]   shot 66_pitch_game_step_0.png
  43.6s [6月1日（週日） 下午 6:01]   click [DeckFact_loss] 近 12 個月營業虧損（已揭露）: $400.00
  43.9s [6月1日（週日） 下午 6:01]   click [DeckFact_cash] 公司現金: $24,600.00
  44.2s [6月1日（週日） 下午 6:01]   click [DeckFact_runway] 現金可支應的成本月數: 184.5
  44.5s [6月1日（週日） 下午 6:01]   click [Answer_numbers] 逐項說明營收與已交付的訂單。 有簡報數字佐證
  44.8s [6月1日（週日） 下午 6:01]   click [Answer_numbers] 以回頭客訂單與已交付量作為佐證。 有簡報數字佐證
  45.1s [6月1日（週日） 下午 6:01]   click [Answer_numbers] 說明人數，以及每個職位替公司帶來什麼。 有簡報數字佐證
  45.3s [6月1日（週日） 下午 6:01]   ok  pitch_game tutorial completes
  45.4s [6月1日（週日） 下午 6:01]   shot 67_pitch_game_ready.png
  45.4s [6月1日（週日） 下午 6:01]   click [StartFormalWork] Start work
  45.6s [6月1日（週日） 下午 6:01]   ok  pitch_game practice preserves ledger
  45.9s [6月1日（週日） 下午 6:01]   shot 68_auction_game_card.png
  45.9s [6月1日（週日） 下午 6:01]   click [StartGame] Begin practice
  46.1s [6月1日（週日） 下午 6:01]   shot 69_auction_game_step_0.png
  46.1s [6月1日（週日） 下午 6:01]   click [AuctionBid] 出價 $9,100
  46.3s [6月1日（週日） 下午 6:01]   click [AuctionStop] Stop bidding
  46.6s [6月1日（週日） 下午 6:01]   ok  auction_game tutorial completes
  46.7s [6月1日（週日） 下午 6:01]   shot 70_auction_game_ready.png
  46.7s [6月1日（週日） 下午 6:01]   click [StartFormalWork] Start work
  46.9s [6月1日（週日） 下午 6:01]   ok  auction_game practice preserves ledger
  46.9s [6月1日（週日） 下午 6:01]   ok  tour ledger balanced
  46.9s [6月1日（週日） 下午 6:01] BOT FINISHED — 0 failure(s) · 46.9s real
  46.9s [6月1日（週日） 下午 6:01] English audit: 0 on-screen text(s) with untranslated words
