Godot Engine v4.5.1.stable.official.f62fdbde1 - https://godotengine.org

  PASS test_assistant.gd::test_default_switches_save_and_manual_recovery (0 ms)
  PASS test_assistant.gd::test_actual_pre_assistant_chapter_three_save_continues (122 ms)
  PASS test_assistant.gd::test_new_games_default_on_loaded_old_saves_default_off_with_one_calm_note (1 ms)
  PASS test_assistant.gd::test_real_old_save_fixture_stays_manual_and_loads_messages (19 ms)
  PASS test_automotive.gd::test_old_saves_and_round_trip (138 ms)
  PASS test_beta_cleanup.gd::test_old_hidden_room_save_returns_to_same_street_door (844 ms)
  PASS test_cafe_depth.gd::test_legacy_single_store_defaults_save_roundtrip_and_closure (125 ms)
  PASS test_cafe_depth.gd::test_genuine_pre_depth_played_save_loads_old_cafe_defaults (8 ms)
  PASS test_capital_market.gd::test_owned_context_old_save_reload_and_next_company_do_not_inherit_public_obligations (80 ms)
  PASS test_city_future.gd::test_old_save_has_no_city_effect_and_effects_expire (11 ms)
  PASS test_city_future.gd::test_pending_purchase_save_load_and_closed_owner_can_use_partner (25 ms)
  PASS test_contract_closure.gd::test_closed_old_save_reconciles_without_liquidating_again (9 ms)
  PASS test_destination_hours.gd::test_private_home_and_old_save_need_no_new_state (0 ms)
  PASS test_discoverability.gd::test_old_save_counts_added_lazily_and_round_trip (10 ms)
  PASS test_energy.gd::test_save_old_save_and_company_closure (25 ms)
  PASS test_fundraising.gd::test_old_elena_save_loads_and_keeps_its_equity (11 ms)
  PASS test_fundraising.gd::test_save_roundtrip_keeps_rounds_reports_and_network (23 ms)
  PASS test_global.gd::test_old_save_and_fx_rng_roundtrip (5 ms)
  PASS test_governance.gd::test_registry_save_old_schema_closed_company_and_single_primary (74 ms)
  PASS test_growth.gd::test_ledger_history_detects_transient_overdraft_and_retains_it_across_save (12 ms)
  PASS test_growth.gd::test_old_save_backfills_met_conditions_without_repaying_rewards (22 ms)
  PASS test_holding_groups.gd::test_old_single_company_schedule_migration_and_save_reload_preserve_views (12 ms)
  PASS test_holding_groups.gd::test_actual_trade_contract_schedule_and_save_are_isolated_when_switching_company (118 ms)
  PASS test_hotel.gd::test_save_load_old_save_and_company_close (154 ms)
  PASS test_housing.gd::test_old_save_default_and_new_save_pending_notice_survive_reload (21 ms)
  PASS test_industries.gd::test_rented_asset_deposit_return_and_lazy_old_save_state (1 ms)
  PASS test_industries.gd::test_old_save_load_preserves_jobs_assets_and_segment_reports (9 ms)
  PASS test_industry_introductions.gd::test_expiry_decline_and_old_save_guides_never_lock (12 ms)
  PASS test_industry_introductions.gd::test_industry_guide_preserves_shared_tutorial_and_partial_old_saves (9 ms)
  PASS test_lease_end.gd::test_damage_event_and_usage_remain_capped_and_saveable (1 ms)
  PASS test_legacy.gd::test_save_load_mid_response_and_epilogue_and_old_save_without_keys (34 ms)
  PASS test_legacy.gd::test_second_offer_uses_recorded_ch12_price_and_old_saves_disclose_missing_history (8 ms)
  PASS test_life_legacy.gd::test_new_life_preserves_prior_save_and_separates_money_ownership_and_difficulty (13 ms)
  PASS test_loan_access.gd::test_actual_older_save_without_appointment_loads_and_keeps_books (4 ms)
  PASS test_loan_access.gd::test_appointment_weekend_and_saved_schedule (9 ms)
  PASS test_logistics.gd::test_van_colour_old_save_roundtrip_and_closed_guard (2 ms)
  PASS test_logistics_depth.gd::test_buy_second_vehicle_model_cost_capacity_and_save (11 ms)
  PASS test_logistics_depth.gd::test_genuine_pre_fleet_save_and_single_van_defaults (8 ms)
  PASS test_manufacturing.gd::test_old_save_lazy_state_and_roundtrip_with_slots (12 ms)
  PASS test_map_adjacency.gd::test_walking_diagram_builds_and_does_not_change_travel_or_save (50 ms)
  PASS test_market.gd::test_seeded_path_and_saved_rng_resume (23 ms)
  PASS test_media.gd::test_crisis_pause_cancel_save_old_save_and_closure (30 ms)
  PASS test_minigame_practice.gd::test_seen_persists_and_legacy_save_lazily_adds_it (8 ms)
  PASS test_minigame_practice.gd::test_old_save_with_work_history_counts_as_seen (0 ms)
  PASS test_no_softlocks.gd::test_old_save_news_and_contract_receipts (8 ms)
  PASS test_old_saves.gd::test_historical_money_is_formatted_only_for_display (240 ms)
  PASS test_old_saves.gd::test_real_historical_chapter_three_saves_continue_for_three_days (2011 ms)
  PASS test_onboarding.gd::test_tutorial_state_for_new_and_old_saves (0 ms)
  PASS test_overseas_partners.gd::test_both_chapters_no_longer_possible_without_company_and_old_save_initialization (14 ms)
  PASS test_packing.gd::test_old_order_save_and_new_placement_roundtrip (2 ms)
  PASS test_performance.gd::test_new_and_loaded_saves_rebuild_derived_index (1 ms)
  PASS test_performance.gd::test_big_saves_are_gzip_and_the_active_company_is_written_once (151 ms)
WARNING: incorrect header check
   at: decompress_dynamic (core/io/compression.cpp:344)
   GDScript backtrace (most recent call first):
       [0] _decode_part (res://scripts/save_codec.gd:56)
       [1] <anonymous lambda> (res://scripts/save_codec.gd:123)
ERROR: Decompression failed.
   at: func_PackedByteArray_decompress_dynamic (core/variant/variant_call.cpp:844)
   GDScript backtrace (most recent call first):
       [0] _decode_part (res://scripts/save_codec.gd:56)
       [1] <anonymous lambda> (res://scripts/save_codec.gd:123)
  PASS test_performance.gd::test_big_journal_and_schedule_round_trip_through_packed_saves (619 ms)
  PASS test_personal_assets.gd::test_legacy_save_and_company_closure_leave_personal_assets (2 ms)
  PASS test_personal_assets.gd::test_actual_old_fixture_and_personal_save_roundtrip (18 ms)
  PASS test_personal_life.gd::test_old_save_lazy_state_and_save_load_preserves_contact_health_and_no_double_reward (19 ms)
  PASS test_phone_messages.gd::test_every_legacy_wait_node_without_saved_financial_effect (1 ms)
  PASS test_phone_messages.gd::test_notification_save_roundtrip (1 ms)
  PASS test_popup.gd::test_old_save_lazy_defaults_save_load_and_finite_price (15 ms)
  PASS test_purchase_returns.gd::test_return_schedule_survives_save_load_and_registration (15 ms)
  PASS test_purchase_returns.gd::test_save_made_before_purchase_returns_loads (2 ms)
  PASS test_real_estate.gd::test_renovation_completion_budget_and_save_load (821 ms)
  PASS test_real_estate.gd::test_old_save_lazy_state_and_segment_totals (2298 ms)
  PASS test_replay.gd::test_difficulty_bounds_and_old_save_rules (50 ms)
  PASS test_replay.gd::test_weekly_seed_history_dedup_and_save_round_trip (57 ms)
  PASS test_review_fixes.gd::test_autosave_does_not_rotate_backups_every_time (34 ms)
  PASS test_review_fixes.gd::test_save_list_only_looks_for_backups_of_corrupt_slots (30 ms)
  PASS test_save_bytes.gd::test_decode_bytes_reads_plain_and_gzip_saves (0 ms)
  PASS test_save_bytes.gd::test_big_save_file_is_gzip_and_reads_back_for_import (35666 ms)
  PASS test_save_compat.gd::test_old_save_gets_new_sections (0 ms)
  PASS test_save_compat.gd::test_walked_away_offer_settles_the_story_step (1 ms)
  PASS test_save_transfer.gd::test_roundtrip_import_uses_free_slot_and_keeps_running_game (21 ms)
  PASS test_save_transfer.gd::test_full_slots_require_explicit_replacement_and_keep_archive (17 ms)
  PASS test_save_transfer.gd::test_backup_failure_prevents_replacing_a_slot (9 ms)
  PASS test_save_transfer.gd::test_rotation_recovers_corrupt_primary_without_losing_it (39 ms)
  PASS test_save_transfer.gd::test_invalid_imports_preserve_every_existing_byte_and_game (14 ms)
  PASS test_shop_life.gd::test_single_class_time_duplicate_and_saved_state (3 ms)
  PASS test_shopping_street.gd::test_old_saves_get_a_wardrobe (0 ms)
  PASS test_side_stories.gd::test_save_roundtrip_resumes_and_old_save_initializes (13 ms)
  PASS test_story_endgame.gd::test_old_saves_parked_after_chapter_9_carry_on_into_chapter_10 (62 ms)
  PASS test_synergies.gd::test_state_survives_save_and_load_and_old_saves_lack_it (2080 ms)
  PASS test_systems.gd::test_save_load_round_trip (668 ms)
  PASS test_systems.gd::test_a_new_game_never_overwrites_another_save (34 ms)
  PASS test_trade_execution.gd::test_capacity_old_save_and_roundtrip (19 ms)
  PASS test_trade_quote.gd::test_read_only_quote_needs_no_stock_company_or_new_saved_state (0 ms)
  PASS test_traffic_safety.gd::test_save_roundtrip_and_old_save_lazy_default (2 ms)
  PASS test_traffic_safety.gd::test_actual_save_system_preserves_pending_claim_and_no_duplicate_bill (10 ms)
  PASS test_workflows.gd::test_daily_hours_quote_guard_save_and_closed_company (8 ms)

88/88 tests passed in 53.9s
WARNING: 1 RID of type "CanvasItem" was leaked.
   at: _free_rids (servers/rendering/renderer_canvas_cull.cpp:2676)
ERROR: 1 RID allocations of type 'PN13RendererDummy14TextureStorage12DummyTextureE' were leaked at exit.
ERROR: 2 RID allocations of type 'PN18TextServerAdvanced22ShapedTextDataAdvancedE' were leaked at exit.
ERROR: 1 RID allocations of type 'PN18TextServerAdvanced12FontAdvancedE' were leaked at exit.
WARNING: ObjectDB instances leaked at exit (run with --verbose for details).
   at: cleanup (core/object/object.cpp:2514)
