Godot Engine v4.7.2.stable.official.ed1daf0bf - https://godotengine.org

[   0% ] [90m[1mfirst_scan_filesystem[22m | Started 專案初始化中 (5 steps)[39m[0m
[   0% ] [90m[1mfirst_scan_filesystem[22m | 正在掃描檔案結構…[39m[0m
[  16% ] [90m[1mfirst_scan_filesystem[22m | 正在載入全域類別名稱…[39m[0m
[  33% ] [90m[1mfirst_scan_filesystem[22m | 正在驗證 GDExtension…[39m[0m
[  50% ] [90m[1mfirst_scan_filesystem[22m | 正在建立自動載入腳本…[39m[0m
[  66% ] [90m[1mfirst_scan_filesystem[22m | 初始化外掛程式...[39m[0m
[  83% ] [90m[1mfirst_scan_filesystem[22m | 開始掃描檔案...[39m[0m
[92m[ DONE ][39m [1mfirst_scan_filesystem[22m
[0m
[   0% ] [90m[1m_update_scan_actions[22m | Started 掃描動作中... (51 steps)[39m[0m
[   0% ] [90m[1m_update_scan_actions[22m | arrival.png[39m[0m
[   1% ] [90m[1m_update_scan_actions[22m | chapter_1.png[39m[0m
[   3% ] [90m[1m_update_scan_actions[22m | chapter_2.png[39m[0m
[   5% ] [90m[1m_update_scan_actions[22m | chapter_3.png[39m[0m
[   7% ] [90m[1m_update_scan_actions[22m | chapter_4.png[39m[0m
[   9% ] [90m[1m_update_scan_actions[22m | chapter_5.png[39m[0m
[  11% ] [90m[1m_update_scan_actions[22m | chapter_6.png[39m[0m
[  13% ] [90m[1m_update_scan_actions[22m | insolvency.png[39m[0m
[  15% ] [90m[1m_update_scan_actions[22m | menu.png[39m[0m
[  17% ] [90m[1m_update_scan_actions[22m | skyline_day.png[39m[0m
[  19% ] [90m[1m_update_scan_actions[22m | skyline_dusk.png[39m[0m
[  21% ] [90m[1m_update_scan_actions[22m | skyline_night.png[39m[0m
[  23% ] [90m[1m_update_scan_actions[22m | wardrobe.png[39m[0m
[  25% ] [90m[1m_update_scan_actions[22m | bloom_coffee.png[39m[0m
[  26% ] [90m[1m_update_scan_actions[22m | byte_and_bean.png[39m[0m
[  28% ] [90m[1m_update_scan_actions[22m | city_hall.png[39m[0m
[  30% ] [90m[1m_update_scan_actions[22m | civic_center.png[39m[0m
[  32% ] [90m[1m_update_scan_actions[22m | financial.png[39m[0m
[  34% ] [90m[1m_update_scan_actions[22m | nexus_bank.png[39m[0m
[  36% ] [90m[1m_update_scan_actions[22m | nexus_cowork.png[39m[0m
[  38% ] [90m[1m_update_scan_actions[22m | postpoint_riverside.png[39m[0m
[  40% ] [90m[1m_update_scan_actions[22m | riverside.png[39m[0m
[  42% ] [90m[1m_update_scan_actions[22m | riverside_apartment.png[39m[0m
[  44% ] [90m[1m_update_scan_actions[22m | small_office.png[39m[0m
[  46% ] [90m[1m_update_scan_actions[22m | startup_hub.png[39m[0m
[  48% ] [90m[1m_update_scan_actions[22m | npc_ana.png[39m[0m
[  50% ] [90m[1m_update_scan_actions[22m | npc_daniel.png[39m[0m
[  51% ] [90m[1m_update_scan_actions[22m | npc_dara.png[39m[0m
[  53% ] [90m[1m_update_scan_actions[22m | npc_elena.png[39m[0m
[  55% ] [90m[1m_update_scan_actions[22m | npc_jun.png[39m[0m
[  57% ] [90m[1m_update_scan_actions[22m | npc_ken.png[39m[0m
[  59% ] [90m[1m_update_scan_actions[22m | npc_lee.png[39m[0m
[  61% ] [90m[1m_update_scan_actions[22m | npc_marcus.png[39m[0m
[  63% ] [90m[1m_update_scan_actions[22m | npc_maya.png[39m[0m
[  65% ] [90m[1m_update_scan_actions[22m | npc_priya.png[39m[0m
[  67% ] [90m[1m_update_scan_actions[22m | npc_sofia.png[39m[0m
[  69% ] [90m[1m_update_scan_actions[22m | npc_tom.png[39m[0m
[  71% ] [90m[1m_update_scan_actions[22m | bar_bg.png[39m[0m
[  73% ] [90m[1m_update_scan_actions[22m | bar_fill.png[39m[0m
[  75% ] [90m[1m_update_scan_actions[22m | bar_fill_green.png[39m[0m
[  76% ] [90m[1m_update_scan_actions[22m | button_danger.png[39m[0m
[  78% ] [90m[1m_update_scan_actions[22m | button_disabled.png[39m[0m
[  80% ] [90m[1m_update_scan_actions[22m | button_pressed.png[39m[0m
[  82% ] [90m[1m_update_scan_actions[22m | card_gold.png[39m[0m
[  84% ] [90m[1m_update_scan_actions[22m | field.png[39m[0m
[  86% ] [90m[1m_update_scan_actions[22m | header.png[39m[0m
[  88% ] [90m[1m_update_scan_actions[22m | inset.png[39m[0m
[  90% ] [90m[1m_update_scan_actions[22m | prompt_key.png[39m[0m
[  92% ] [90m[1m_update_scan_actions[22m | tab.png[39m[0m
[  94% ] [90m[1m_update_scan_actions[22m | tab_active.png[39m[0m
[  96% ] [90m[1m_update_scan_actions[22m | tooltip.png[39m[0m
[92m[ DONE ][39m [1m_update_scan_actions[22m
[0m
[   0% ] [90m[1mreimport[22m | Started （重新）匯入素材 (32 steps)[39m[0m
[   0% ] [90m[1mreimport[22m | 正在準備重新匯入檔案…[39m[0m
[   3% ] [90m[1mreimport[22m | 正在準備重新匯入檔案…[39m[0m
[   6% ] [90m[1mreimport[22m | 正在準備重新匯入檔案…[39m[0m
[   9% ] [90m[1mreimport[22m | 正在準備重新匯入檔案…[39m[0m
[  12% ] [90m[1mreimport[22m | 正在準備重新匯入檔案…[39m[0m
[  15% ] [90m[1mreimport[22m | 正在準備重新匯入檔案…[39m[0m
[  18% ] [90m[1mreimport[22m | 正在準備重新匯入檔案…[39m[0m
[  21% ] [90m[1mreimport[22m | 正在準備重新匯入檔案…[39m[0m
[  24% ] [90m[1mreimport[22m | 正在準備重新匯入檔案…[39m[0m
[  27% ] [90m[1mreimport[22m | 正在準備重新匯入檔案…[39m[0m
[  30% ] [90m[1mreimport[22m | 正在準備重新匯入檔案…[39m[0m
[  33% ] [90m[1mreimport[22m | 正在準備重新匯入檔案…[39m[0m
[  36% ] [90m[1mreimport[22m | 正在準備重新匯入檔案…[39m[0m
[  39% ] [90m[1mreimport[22m | 正在準備重新匯入檔案…[39m[0m
[  42% ] [90m[1mreimport[22m | 正在準備重新匯入檔案…[39m[0m
[  45% ] [90m[1mreimport[22m | 正在準備重新匯入檔案…[39m[0m
[  48% ] [90m[1mreimport[22m | 正在準備重新匯入檔案…[39m[0m
[  51% ] [90m[1mreimport[22m | 正在準備重新匯入檔案…[39m[0m
[  54% ] [90m[1mreimport[22m | 正在準備重新匯入檔案…[39m[0m
[  57% ] [90m[1mreimport[22m | 正在準備重新匯入檔案…[39m[0m
[  60% ] [90m[1mreimport[22m | 正在準備重新匯入檔案…[39m[0m
[  63% ] [90m[1mreimport[22m | 正在準備重新匯入檔案…[39m[0m
[  66% ] [90m[1mreimport[22m | 正在準備重新匯入檔案…[39m[0m
[  69% ] [90m[1mreimport[22m | 正在準備重新匯入檔案…[39m[0m
[  72% ] [90m[1mreimport[22m | 正在準備重新匯入檔案…[39m[0m
[  75% ] [90m[1mreimport[22m | 正在準備重新匯入檔案…[39m[0m
[  78% ] [90m[1mreimport[22m | 正在準備重新匯入檔案…[39m[0m
[  81% ] [90m[1mreimport[22m | 正在準備重新匯入檔案…[39m[0m
[  84% ] [90m[1mreimport[22m | 正在準備重新匯入檔案…[39m[0m
[  87% ] [90m[1mreimport[22m | 正在準備重新匯入檔案…[39m[0m
[  90% ] [90m[1mreimport[22m | 正在準備重新匯入檔案…[39m[0m
[  93% ] [90m[1mreimport[22m | 正在準備重新匯入檔案…[39m[0m
[   0% ] [90m[1mreimport[22m | 執行預先重新匯入作業…[39m[0m
[   0% ] [90m[1mreimport[22m | tooltip.png[39m[0m
[   3% ] [90m[1mreimport[22m | tab_active.png[39m[0m
[   6% ] [90m[1mreimport[22m | tab.png[39m[0m
[   9% ] [90m[1mreimport[22m | prompt_key.png[39m[0m
[  12% ] [90m[1mreimport[22m | inset.png[39m[0m
[  15% ] [90m[1mreimport[22m | header.png[39m[0m
[  18% ] [90m[1mreimport[22m | field.png[39m[0m
[  21% ] [90m[1mreimport[22m | card_gold.png[39m[0m
[  24% ] [90m[1mreimport[22m | button_pressed.png[39m[0m
[  27% ] [90m[1mreimport[22m | button_disabled.png[39m[0m
[  30% ] [90m[1mreimport[22m | button_danger.png[39m[0m
[  33% ] [90m[1mreimport[22m | bar_fill_green.png[39m[0m
[  36% ] [90m[1mreimport[22m | bar_fill.png[39m[0m
[  39% ] [90m[1mreimport[22m | bar_bg.png[39m[0m
[  42% ] [90m[1mreimport[22m | startup_hub.png[39m[0m
[  45% ] [90m[1mreimport[22m | postpoint_riverside.png[39m[0m
[  48% ] [90m[1mreimport[22m | nexus_cowork.png[39m[0m
[  51% ] [90m[1mreimport[22m | financial.png[39m[0m
[  54% ] [90m[1mreimport[22m | civic_center.png[39m[0m
[  57% ] [90m[1mreimport[22m | city_hall.png[39m[0m
[  60% ] [90m[1mreimport[22m | byte_and_bean.png[39m[0m
[  63% ] [90m[1mreimport[22m | bloom_coffee.png[39m[0m
[  66% ] [90m[1mreimport[22m | wardrobe.png[39m[0m
[  69% ] [90m[1mreimport[22m | skyline_night.png[39m[0m
[  72% ] [90m[1mreimport[22m | skyline_dusk.png[39m[0m
[  75% ] [90m[1mreimport[22m | skyline_day.png[39m[0m
[  78% ] [90m[1mreimport[22m | insolvency.png[39m[0m
[  81% ] [90m[1mreimport[22m | chapter_6.png[39m[0m
[  84% ] [90m[1mreimport[22m | chapter_5.png[39m[0m
[  87% ] [90m[1mreimport[22m | chapter_3.png[39m[0m
[  90% ] [90m[1mreimport[22m | chapter_1.png[39m[0m
[  93% ] [90m[1mreimport[22m | arrival.png[39m[0m
[  96% ] [90m[1mreimport[22m | 完成素材匯入...[39m[0m
[92m[ DONE ][39m [1mreimport[22m
[0m
[   0% ] [90m[1mreimport[22m | Started （重新）匯入素材 (32 steps)[39m[0m
[   0% ] [90m[1mreimport[22m | 執行重新匯入後續處理作業…[39m[0m
[92m[ DONE ][39m [1mreimport[22m
[0m
[   0% ] [90m[1mloading_editor_layout[22m | Started 正在載入編輯器 (5 steps)[39m[0m
[   0% ] [90m[1mloading_editor_layout[22m | 正在載入編輯器佈局…[39m[0m
[  16% ] [90m[1mloading_editor_layout[22m | 正在載入面板…[39m[0m
[92m[ DONE ][39m [1mloading_editor_layout[22m
[0m
