Godot Engine v4.7.2.stable.official.ed1daf0bf - https://godotengine.org
OpenGL API 3.3.0 NVIDIA 462.59 - Compatibility - Using Device: NVIDIA - Quadro RTX 4000

   0.1s   shot 01_main_menu.png
   0.3s   ok  F12 bug report written (C:/Users/User/AppData/Roaming/CityVenture/reports/20260930_083640)
   1.0s   shot 02_creator.png
   7.2s [6月1日（週日） 下午 2:00]   shot 03_arrival.png
  10.3s [6月1日（週日） 下午 2:00]   shot 04_district_riverside_riverside_apartment.png
  11.1s [6月1日（週日） 下午 2:01]   shot 05_district_riverside_bloom_coffee.png
  12.1s [6月1日（週日） 下午 2:03]   shot 06_district_riverside_postpoint_riverside.png
  12.7s [6月1日（週日） 下午 2:03]   shot 07_district_riverside_south.png
  13.7s [6月1日（週日） 下午 2:04]   shot 08_district_startup_hub_nexus_cowork.png
  14.7s [6月1日（週日） 下午 2:06]   shot 09_district_startup_hub_byte_and_bean.png
  15.7s [6月1日（週日） 下午 2:07]   shot 10_district_startup_hub_small_office.png
  16.3s [6月1日（週日） 下午 2:08]   shot 11_district_startup_hub_south.png
  17.3s [6月1日（週日） 下午 2:09]   shot 12_district_civic_center_city_hall.png
  17.9s [6月1日（週日） 下午 2:10]   shot 13_district_civic_center_south.png
  19.0s [6月1日（週日） 下午 2:11]   shot 14_district_financial_nexus_bank.png
  19.5s [6月1日（週日） 下午 2:12]   shot 15_district_financial_south.png
  20.0s [6月1日（週日） 下午 2:12]   shot 16_city_map.png
  20.4s [6月1日（週日） 下午 2:12]   shot 17_world_map.png
  22.0s [6月1日（週日） 下午 2:12]   shot 18_interior_bloom_coffee.png
  22.8s [6月1日（週日） 下午 2:12]   shot 19_interior_byte_and_bean.png
  23.7s [6月1日（週日） 下午 2:12]   shot 20_interior_city_hall.png
  24.5s [6月1日（週日） 下午 2:13]   shot 21_interior_nexus_bank.png
  25.3s [6月1日（週日） 下午 2:13]   shot 22_interior_nexus_cowork.png
  26.0s [6月1日（週日） 下午 2:14]   shot 23_interior_postpoint_riverside.png
  26.9s [6月1日（週日） 下午 2:15]   shot 24_interior_riverside_apartment.png
  27.7s [6月1日（週日） 下午 2:16]   shot 25_interior_small_office.png
  28.6s [6月1日（週日） 下午 7:17]   shot 26_riverside_dusk.png
  29.1s [6月1日（週日） 下午 11:18]   shot 27_riverside_night.png
  30.2s [6月1日（週日） 下午 11:19]   shot 28_startup_hub_night.png
  30.2s [6月1日（週日） 下午 11:19] BOT FINISHED — 0 failure(s) · 30.2s real
