Godot Engine v4.7.2.stable.official.ed1daf0bf - https://godotengine.org

[   0% ] [90m[1mfirst_scan_filesystem[22m | Started 專案初始化中 (5 steps)[39m[0m
[   0% ] [90m[1mfirst_scan_filesystem[22m | 正在掃描檔案結構…[39m[0m
[  16% ] [90m[1mfirst_scan_filesystem[22m | 正在載入全域類別名稱…[39m[0m
[  33% ] [90m[1mfirst_scan_filesystem[22m | 正在驗證 GDExtension…[39m[0m
[  50% ] [90m[1mfirst_scan_filesystem[22m | 正在建立自動載入腳本…[39m[0m
[  66% ] [90m[1mfirst_scan_filesystem[22m | 初始化外掛程式...[39m[0m
[  83% ] [90m[1mfirst_scan_filesystem[22m | 開始掃描檔案...[39m[0m
[92m[ DONE ][39m [1mfirst_scan_filesystem[22m
[0m
[   0% ] [90m[1mupdate_scripts_classes[22m | Started 註冊全域類別中... (5 steps)[39m[0m
[   0% ] [90m[1mupdate_scripts_classes[22m | [39m[0m
[  16% ] [90m[1mupdate_scripts_classes[22m | DialogueBox[39m[0m
[  33% ] [90m[1mupdate_scripts_classes[22m | AmbientPerson[39m[0m
[  50% ] [90m[1mupdate_scripts_classes[22m | Interior[39m[0m
[  66% ] [90m[1mupdate_scripts_classes[22m | WorldScene[39m[0m
[92m[ DONE ][39m [1mupdate_scripts_classes[22m
[0m
[   0% ] [90m[1m_update_scan_actions[22m | Started 掃描動作中... (92 steps)[39m[0m
[   0% ] [90m[1m_update_scan_actions[22m | npc_ana.png[39m[0m
[   1% ] [90m[1m_update_scan_actions[22m | npc_daniel_sit.png[39m[0m
[   2% ] [90m[1m_update_scan_actions[22m | npc_elena.png[39m[0m
[   3% ] [90m[1m_update_scan_actions[22m | npc_elena_sit.png[39m[0m
[   4% ] [90m[1m_update_scan_actions[22m | npc_guest_0.png[39m[0m
[   5% ] [90m[1m_update_scan_actions[22m | npc_guest_0_sit.png[39m[0m
[   6% ] [90m[1m_update_scan_actions[22m | npc_guest_1.png[39m[0m
[   7% ] [90m[1m_update_scan_actions[22m | npc_guest_1_sit.png[39m[0m
[   8% ] [90m[1m_update_scan_actions[22m | npc_guest_2.png[39m[0m
[   9% ] [90m[1m_update_scan_actions[22m | npc_guest_2_sit.png[39m[0m
[  10% ] [90m[1m_update_scan_actions[22m | npc_guest_3.png[39m[0m
[  11% ] [90m[1m_update_scan_actions[22m | npc_guest_3_sit.png[39m[0m
[  12% ] [90m[1m_update_scan_actions[22m | npc_guest_4.png[39m[0m
[  13% ] [90m[1m_update_scan_actions[22m | npc_guest_4_sit.png[39m[0m
[  15% ] [90m[1m_update_scan_actions[22m | npc_guest_5.png[39m[0m
[  16% ] [90m[1m_update_scan_actions[22m | npc_guest_5_sit.png[39m[0m
[  17% ] [90m[1m_update_scan_actions[22m | npc_jun.png[39m[0m
[  18% ] [90m[1m_update_scan_actions[22m | npc_ken_sit.png[39m[0m
[  19% ] [90m[1m_update_scan_actions[22m | npc_marcus_sit.png[39m[0m
[  20% ] [90m[1m_update_scan_actions[22m | npc_maya.png[39m[0m
[  21% ] [90m[1m_update_scan_actions[22m | npc_maya_sit.png[39m[0m
[  22% ] [90m[1m_update_scan_actions[22m | player_default.png[39m[0m
[  23% ] [90m[1m_update_scan_actions[22m | atm.png[39m[0m
[  24% ] [90m[1m_update_scan_actions[22m | bank_counter.png[39m[0m
[  25% ] [90m[1m_update_scan_actions[22m | bed.png[39m[0m
[  26% ] [90m[1m_update_scan_actions[22m | bench_civic.png[39m[0m
[  27% ] [90m[1m_update_scan_actions[22m | bookshelf.png[39m[0m
[  29% ] [90m[1m_update_scan_actions[22m | brochure.png[39m[0m
[  30% ] [90m[1m_update_scan_actions[22m | brochure_stand.png[39m[0m
[  31% ] [90m[1m_update_scan_actions[22m | cafe_chair.png[39m[0m
[  32% ] [90m[1m_update_scan_actions[22m | cafe_counter.png[39m[0m
[  33% ] [90m[1m_update_scan_actions[22m | cafe_table.png[39m[0m
[  34% ] [90m[1m_update_scan_actions[22m | chair.png[39m[0m
[  35% ] [90m[1m_update_scan_actions[22m | civic_counter.png[39m[0m
[  36% ] [90m[1m_update_scan_actions[22m | coffee_table.png[39m[0m
[  37% ] [90m[1m_update_scan_actions[22m | community_table.png[39m[0m
[  38% ] [90m[1m_update_scan_actions[22m | desk.png[39m[0m
[  39% ] [90m[1m_update_scan_actions[22m | desk_laptop.png[39m[0m
[  40% ] [90m[1m_update_scan_actions[22m | display_case.png[39m[0m
[  41% ] [90m[1m_update_scan_actions[22m | exec_desk.png[39m[0m
[  43% ] [90m[1m_update_scan_actions[22m | filing_cabinet.png[39m[0m
[  44% ] [90m[1m_update_scan_actions[22m | floor_carpet_navy.png[39m[0m
[  45% ] [90m[1m_update_scan_actions[22m | floor_concrete.png[39m[0m
[  46% ] [90m[1m_update_scan_actions[22m | floor_marble.png[39m[0m
[  47% ] [90m[1m_update_scan_actions[22m | floor_tile_white.png[39m[0m
[  48% ] [90m[1m_update_scan_actions[22m | floor_wood_cafe.png[39m[0m
[  49% ] [90m[1m_update_scan_actions[22m | floor_wood_dark.png[39m[0m
[  50% ] [90m[1m_update_scan_actions[22m | floor_wood_warm.png[39m[0m
[  51% ] [90m[1m_update_scan_actions[22m | fridge.png[39m[0m
[  52% ] [90m[1m_update_scan_actions[22m | glass_wall.png[39m[0m
[  53% ] [90m[1m_update_scan_actions[22m | hanging_light.png[39m[0m
[  54% ] [90m[1m_update_scan_actions[22m | info_kiosk.png[39m[0m
[  55% ] [90m[1m_update_scan_actions[22m | kitchen.png[39m[0m
[  56% ] [90m[1m_update_scan_actions[22m | lounge_sofa.png[39m[0m
[  58% ] [90m[1m_update_scan_actions[22m | menu_board.png[39m[0m
[  59% ] [90m[1m_update_scan_actions[22m | monitor_desk.png[39m[0m
[  60% ] [90m[1m_update_scan_actions[22m | office_chair.png[39m[0m
[  61% ] [90m[1m_update_scan_actions[22m | packing_table.png[39m[0m
[  62% ] [90m[1m_update_scan_actions[22m | parcel_shelf.png[39m[0m
[  63% ] [90m[1m_update_scan_actions[22m | phone_booth.png[39m[0m
[  64% ] [90m[1m_update_scan_actions[22m | plant.png[39m[0m
[  65% ] [90m[1m_update_scan_actions[22m | plant_bank.png[39m[0m
[  66% ] [90m[1m_update_scan_actions[22m | plant_big.png[39m[0m
[  67% ] [90m[1m_update_scan_actions[22m | postpoint_counter.png[39m[0m
[  68% ] [90m[1m_update_scan_actions[22m | printer.png[39m[0m
[  69% ] [90m[1m_update_scan_actions[22m | rug.png[39m[0m
[  70% ] [90m[1m_update_scan_actions[22m | rug_navy.png[39m[0m
[  72% ] [90m[1m_update_scan_actions[22m | rug_small.png[39m[0m
[  73% ] [90m[1m_update_scan_actions[22m | sconce.png[39m[0m
[  74% ] [90m[1m_update_scan_actions[22m | sofa.png[39m[0m
[  75% ] [90m[1m_update_scan_actions[22m | ticket_machine.png[39m[0m
[  76% ] [90m[1m_update_scan_actions[22m | tv.png[39m[0m
[  77% ] [90m[1m_update_scan_actions[22m | waiting_sofa.png[39m[0m
[  78% ] [90m[1m_update_scan_actions[22m | wall_plaster.png[39m[0m
[  79% ] [90m[1m_update_scan_actions[22m | wardrobe.png[39m[0m
[  80% ] [90m[1m_update_scan_actions[22m | water_cooler.png[39m[0m
[  81% ] [90m[1m_update_scan_actions[22m | whiteboard.png[39m[0m
[  82% ] [90m[1m_update_scan_actions[22m | window_day.png[39m[0m
[  83% ] [90m[1m_update_scan_actions[22m | window_night.png[39m[0m
[  84% ] [90m[1m_update_scan_actions[22m | npc_ana.png[39m[0m
[  86% ] [90m[1m_update_scan_actions[22m | npc_daniel.png[39m[0m
[  87% ] [90m[1m_update_scan_actions[22m | npc_dara.png[39m[0m
[  88% ] [90m[1m_update_scan_actions[22m | npc_elena.png[39m[0m
[  89% ] [90m[1m_update_scan_actions[22m | npc_jun.png[39m[0m
[  90% ] [90m[1m_update_scan_actions[22m | npc_ken.png[39m[0m
[  91% ] [90m[1m_update_scan_actions[22m | npc_lee.png[39m[0m
[  92% ] [90m[1m_update_scan_actions[22m | npc_marcus.png[39m[0m
[  93% ] [90m[1m_update_scan_actions[22m | npc_maya.png[39m[0m
[  94% ] [90m[1m_update_scan_actions[22m | npc_priya.png[39m[0m
[  95% ] [90m[1m_update_scan_actions[22m | npc_sofia.png[39m[0m
[  96% ] [90m[1m_update_scan_actions[22m | npc_tom.png[39m[0m
[  97% ] [90m[1m_update_scan_actions[22m | player_default.png[39m[0m
[92m[ DONE ][39m [1m_update_scan_actions[22m
[0m
[   0% ] [90m[1mreimport[22m | Started （重新）匯入素材 (23 steps)[39m[0m
[   0% ] [90m[1mreimport[22m | 正在準備重新匯入檔案…[39m[0m
[   4% ] [90m[1mreimport[22m | 正在準備重新匯入檔案…[39m[0m
[   8% ] [90m[1mreimport[22m | 正在準備重新匯入檔案…[39m[0m
[  12% ] [90m[1mreimport[22m | 正在準備重新匯入檔案…[39m[0m
[  16% ] [90m[1mreimport[22m | 正在準備重新匯入檔案…[39m[0m
[  20% ] [90m[1mreimport[22m | 正在準備重新匯入檔案…[39m[0m
[  25% ] [90m[1mreimport[22m | 正在準備重新匯入檔案…[39m[0m
[  29% ] [90m[1mreimport[22m | 正在準備重新匯入檔案…[39m[0m
[  33% ] [90m[1mreimport[22m | 正在準備重新匯入檔案…[39m[0m
[  37% ] [90m[1mreimport[22m | 正在準備重新匯入檔案…[39m[0m
[  41% ] [90m[1mreimport[22m | 正在準備重新匯入檔案…[39m[0m
[  45% ] [90m[1mreimport[22m | 正在準備重新匯入檔案…[39m[0m
[  50% ] [90m[1mreimport[22m | 正在準備重新匯入檔案…[39m[0m
[  54% ] [90m[1mreimport[22m | 正在準備重新匯入檔案…[39m[0m
[  58% ] [90m[1mreimport[22m | 正在準備重新匯入檔案…[39m[0m
[  62% ] [90m[1mreimport[22m | 正在準備重新匯入檔案…[39m[0m
[  66% ] [90m[1mreimport[22m | 正在準備重新匯入檔案…[39m[0m
[  70% ] [90m[1mreimport[22m | 正在準備重新匯入檔案…[39m[0m
[  75% ] [90m[1mreimport[22m | 正在準備重新匯入檔案…[39m[0m
[  79% ] [90m[1mreimport[22m | 正在準備重新匯入檔案…[39m[0m
[  83% ] [90m[1mreimport[22m | 正在準備重新匯入檔案…[39m[0m
[  87% ] [90m[1mreimport[22m | 正在準備重新匯入檔案…[39m[0m
[  91% ] [90m[1mreimport[22m | 正在準備重新匯入檔案…[39m[0m
[   0% ] [90m[1mreimport[22m | 執行預先重新匯入作業…[39m[0m
[   0% ] [90m[1mreimport[22m | player_default.png[39m[0m
[   4% ] [90m[1mreimport[22m | wall_plaster.png[39m[0m
[   8% ] [90m[1mreimport[22m | npc_maya_sit.png[39m[0m
[  12% ] [90m[1mreimport[22m | npc_maya.png[39m[0m
[  16% ] [90m[1mreimport[22m | npc_marcus_sit.png[39m[0m
[  20% ] [90m[1mreimport[22m | npc_ken_sit.png[39m[0m
[  25% ] [90m[1mreimport[22m | npc_jun.png[39m[0m
[  29% ] [90m[1mreimport[22m | npc_guest_5_sit.png[39m[0m
[  33% ] [90m[1mreimport[22m | npc_guest_5.png[39m[0m
[  37% ] [90m[1mreimport[22m | npc_guest_4_sit.png[39m[0m
[  41% ] [90m[1mreimport[22m | npc_guest_4.png[39m[0m
[  45% ] [90m[1mreimport[22m | npc_guest_3_sit.png[39m[0m
[  50% ] [90m[1mreimport[22m | npc_guest_3.png[39m[0m
[  54% ] [90m[1mreimport[22m | npc_guest_2_sit.png[39m[0m
[  58% ] [90m[1mreimport[22m | npc_guest_2.png[39m[0m
[  62% ] [90m[1mreimport[22m | npc_guest_1_sit.png[39m[0m
[  66% ] [90m[1mreimport[22m | npc_guest_1.png[39m[0m
[  70% ] [90m[1mreimport[22m | npc_guest_0_sit.png[39m[0m
[  75% ] [90m[1mreimport[22m | npc_guest_0.png[39m[0m
[  79% ] [90m[1mreimport[22m | npc_elena_sit.png[39m[0m
[  83% ] [90m[1mreimport[22m | npc_elena.png[39m[0m
[  87% ] [90m[1mreimport[22m | npc_daniel_sit.png[39m[0m
[  91% ] [90m[1mreimport[22m | npc_ana.png[39m[0m
[  95% ] [90m[1mreimport[22m | 完成素材匯入...[39m[0m
[92m[ DONE ][39m [1mreimport[22m
[0m
[   0% ] [90m[1mreimport[22m | Started （重新）匯入素材 (23 steps)[39m[0m
[   0% ] [90m[1mreimport[22m | 執行重新匯入後續處理作業…[39m[0m
[92m[ DONE ][39m [1mreimport[22m
[0m
[   0% ] [90m[1mloading_editor_layout[22m | Started 正在載入編輯器 (5 steps)[39m[0m
[   0% ] [90m[1mloading_editor_layout[22m | 正在載入編輯器佈局…[39m[0m
[  16% ] [90m[1mloading_editor_layout[22m | 正在載入面板…[39m[0m
[92m[ DONE ][39m [1mloading_editor_layout[22m
[0m
