Godot Engine v4.5.1.stable.official.f62fdbde1 - https://godotengine.org
OpenGL API 3.3.0 NVIDIA 462.59 - Compatibility - Using Device: NVIDIA - Quadro RTX 4000

   0.0s STEP Main menu → New Game
   0.8s   shot 01_main_menu.png
   0.8s   click [NewGame] New Game
   2.1s STEP Character Creator
   2.2s   shot 02_creator_default.png
   2.2s   click [Tab_hair] Hair
   2.2s   click [Next_hair] ▶
   2.6s   click [Tab_face] Face
   2.7s   click [Next_face] ▶
   2.8s   click [Next_eye_shape] ▶
   2.9s   click [Tab_body] Body
   3.0s   click [Next_presentation] ▶
   3.7s   shot 03_creator_customised.png
   3.7s   click [Tab_outfit] Outfit
   3.7s   click "Startup Casual"
   4.3s   ok  appearance changed from default (short_neat)
   4.4s   shot 04_creator_final.png
   4.4s   click [Start] Start in Aurelia  →
   4.5s [6月1日（週日） 下午 2:00] STEP Arrival sequence
   7.1s [6月1日（週日） 下午 2:00]   shot 05_arrival_train.png
  10.7s [6月1日（週日） 下午 2:00]   shot 06_arrival_phone.png
  15.8s [6月1日（週日） 下午 2:01]   ok  spawned in the Riverside apartment
  15.8s [6月1日（週日） 下午 2:01]   ok  starting cash $30,000
  15.8s [6月1日（週日） 下午 2:01]   ok  name saved
  17.6s [6月1日（週日） 下午 2:03]   shot 07_apartment_arrival.png
  18.0s [6月1日（週日） 下午 2:04] STEP Chapter17 — native market news and real niche response
  25.6s [6月1日（週日） 下午 2:15]   use "Use laptop — Company OS"
  26.2s [6月1日（週日） 下午 2:16]   click [Tab_overview] Overview
  26.8s [6月1日（週日） 下午 2:17]   click [OpenLegacyStory] Consolidation and legacy
  27.0s [6月1日（週日） 下午 2:17]   click [read_consolidation_news] Read the consolidation news
  27.2s [6月1日（週日） 下午 2:22]   shot 08_ch17_news.png
  27.2s [6月1日（週日） 下午 2:22]   click [CloseInfo] Close
  27.7s [6月1日（週日） 下午 2:22]   shot 09_ch17_market_choice.png
  28.7s [6月1日（週日） 下午 2:22]   click [Strategy_niche] 利基
  30.3s [6月1日（週日） 下午 2:22]   click [apply_market_response] Apply price and operating response
  31.1s [6月1日（週日） 下午 2:22]   shot 10_ch17_price_and_campaign.png
  31.1s [6月1日（週日） 下午 2:22]   ok  real price and operating action recorded
  32.0s [7月31日（週四） 下午 2:23]   use "Use laptop — Company OS"
  32.6s [7月31日（週四） 下午 2:24]   click [Tab_overview] Overview
  33.2s [7月31日（週四） 下午 2:25]   click [OpenLegacyStory] Consolidation and legacy
  33.4s [7月31日（週四） 下午 2:25]   shot 11_ch17_survival_review.png
  34.4s [7月31日（週四） 下午 2:25]   click [kai_interview] Accept Kai's interview
  35.5s [7月31日（週四） 下午 2:25]   shot 12_ch17_comparison.png
  35.5s [7月31日（週四） 下午 2:25]   info card: Compare consolidation routes
  35.6s [7月31日（週四） 下午 2:25]   shot 13_info_compare_consolidation_ro.png
  35.6s [7月31日（週四） 下午 2:25]   click "Close"
  36.0s [7月31日（週四） 下午 2:25]   ok  chapter17 complete or honestly unavailable
  36.0s [7月31日（週四） 下午 2:25] STEP Chapter18 — actual Maya dialogue, ending and every epilogue card
  36.0s [7月31日（週四） 下午 2:25]   click [meet_maya_legacy] Call Maya or meet at Bloom Coffee
  39.0s [7月31日（週四） 下午 2:25]   choose "› 我想繼續經營。"
  41.7s [7月31日（週四） 下午 2:25]   shot 14_ch18_ending_choices.png
  41.7s [7月31日（週四） 下午 2:25]   ok  actual legacy conversation completed
  42.7s [7月31日（週四） 下午 2:25]   click [LegacyChoice_independent] Keep building
  43.4s [7月31日（週四） 下午 2:25]   shot 15_ch18_independent_card_1.png
  44.4s [7月31日（週四） 下午 2:25]   click [legacy_next_card] Next card
  45.1s [7月31日（週四） 下午 2:25]   shot 16_ch18_independent_card_2.png
  46.1s [7月31日（週四） 下午 2:25]   click [legacy_next_card] Next card
  46.8s [7月31日（週四） 下午 2:25]   shot 17_ch18_independent_card_3.png
  47.8s [7月31日（週四） 下午 2:25]   click [legacy_next_card] Next card
  48.5s [7月31日（週四） 下午 2:25]   shot 18_ch18_independent_card_4.png
  49.4s [7月31日（週四） 下午 2:25]   click [legacy_next_card] Next card
  50.1s [7月31日（週四） 下午 2:25]   shot 19_ch18_independent_card_5.png
  51.1s [7月31日（週四） 下午 2:25]   click [legacy_next_card] Finish epilogue
  51.8s [7月31日（週四） 下午 2:25]   ok  all epilogue cards viewed: independent
  51.8s [7月31日（週四） 下午 2:25]   click [legacy_free_play] Return to free play
  53.5s [7月31日（週四） 下午 2:25]   click [LegacyChoice_sale] A change of ownership
  54.2s [7月31日（週四） 下午 2:25]   shot 20_ch18_sale_card_1.png
  55.1s [7月31日（週四） 下午 2:25]   click [legacy_next_card] Next card
  55.8s [7月31日（週四） 下午 2:25]   shot 21_ch18_sale_card_2.png
  56.8s [7月31日（週四） 下午 2:25]   click [legacy_next_card] Next card
  57.5s [7月31日（週四） 下午 2:25]   shot 22_ch18_sale_card_3.png
  58.5s [7月31日（週四） 下午 2:25]   click [legacy_next_card] Next card
  59.2s [7月31日（週四） 下午 2:25]   shot 23_ch18_sale_card_4.png
  60.2s [7月31日（週四） 下午 2:25]   click [legacy_next_card] Next card
  60.9s [7月31日（週四） 下午 2:25]   shot 24_ch18_sale_card_5.png
  61.9s [7月31日（週四） 下午 2:25]   click [legacy_next_card] Finish epilogue
  62.5s [7月31日（週四） 下午 2:25]   ok  all epilogue cards viewed: sale
  62.5s [7月31日（週四） 下午 2:25]   click [legacy_free_play] Return to free play
  64.2s [7月31日（週四） 下午 2:25]   click [LegacyChoice_employees] Built with the team
  64.9s [7月31日（週四） 下午 2:25]   shot 25_ch18_employees_card_1.png
  65.9s [7月31日（週四） 下午 2:25]   click [legacy_next_card] Next card
  66.6s [7月31日（週四） 下午 2:25]   shot 26_ch18_employees_card_2.png
  67.6s [7月31日（週四） 下午 2:25]   click [legacy_next_card] Next card
  68.3s [7月31日（週四） 下午 2:25]   shot 27_ch18_employees_card_3.png
  69.3s [7月31日（週四） 下午 2:25]   click [legacy_next_card] Next card
  70.0s [7月31日（週四） 下午 2:25]   shot 28_ch18_employees_card_4.png
  70.9s [7月31日（週四） 下午 2:25]   click [legacy_next_card] Next card
  71.6s [7月31日（週四） 下午 2:25]   shot 29_ch18_employees_card_5.png
  72.6s [7月31日（週四） 下午 2:25]   click [legacy_next_card] Finish epilogue
  73.3s [7月31日（週四） 下午 2:25]   ok  all epilogue cards viewed: employees
  73.3s [7月31日（週四） 下午 2:25]   click [legacy_free_play] Return to free play
  75.0s [7月31日（週四） 下午 2:25]   click [LegacyChoice_mentor] Make room for new founders
  75.7s [7月31日（週四） 下午 2:25]   shot 30_ch18_mentor_card_1.png
  76.6s [7月31日（週四） 下午 2:25]   click [legacy_next_card] Next card
  77.4s [7月31日（週四） 下午 2:25]   shot 31_ch18_mentor_card_2.png
  78.3s [7月31日（週四） 下午 2:25]   click [legacy_next_card] Next card
  79.0s [7月31日（週四） 下午 2:25]   shot 32_ch18_mentor_card_3.png
  80.0s [7月31日（週四） 下午 2:25]   click [legacy_next_card] Next card
  80.7s [7月31日（週四） 下午 2:25]   shot 33_ch18_mentor_card_4.png
  81.7s [7月31日（週四） 下午 2:25]   click [legacy_next_card] Next card
  82.4s [7月31日（週四） 下午 2:25]   shot 34_ch18_mentor_card_5.png
  83.3s [7月31日（週四） 下午 2:25]   click [legacy_next_card] Finish epilogue
  84.0s [7月31日（週四） 下午 2:25]   ok  all epilogue cards viewed: mentor
  84.0s [7月31日（週四） 下午 2:25]   click [legacy_free_play] Return to free play
  86.7s [7月31日（週四） 下午 2:28]   use "Mentor a new founder"
  86.9s [7月31日（週四） 下午 2:28]   shot 35_ch18_real_mentoring.png
  86.9s [7月31日（週四） 下午 2:28]   click [MentorTopic_pricing] Discuss pricing and margin
  87.0s [7月31日（週四） 下午 3:28]   ok  actual one-hour mentoring recorded
  87.0s [7月31日（週四） 下午 3:28]   ok  all chapter17–18 books balance
  87.0s [7月31日（週四） 下午 3:28] BOT FINISHED — 0 failure(s) · 87.0s real
  87.0s [7月31日（週四） 下午 3:28] English audit: 11 on-screen text(s) with untranslated words
