Godot Engine v4.5.1.stable.official.f62fdbde1 - https://godotengine.org
OpenGL API 3.3.0 NVIDIA 462.59 - Compatibility - Using Device: NVIDIA - Quadro RTX 4000

   0.0s STEP Main menu → New Game
   0.5s   shot 01_main_menu.png
   0.5s   click [NewGame] New Game
   1.8s STEP Character Creator
   1.9s   shot 02_creator_default.png
   1.9s   click [Tab_hair] Hair
   1.9s   click [Next_hair] ▶
   2.4s   click [Tab_face] Face
   2.5s   click [Next_face] ▶
   2.7s   click [Next_eye_shape] ▶
   2.9s   click [Tab_body] Body
   3.0s   click [Next_presentation] ▶
   3.7s   shot 03_creator_customised.png
   3.7s   click [Tab_outfit] Outfit
   3.8s   click "Startup Casual"
   4.4s   ok  appearance changed from default (short_neat)
   4.5s   shot 04_creator_final.png
   4.5s   click [Start] Start in Aurelia  →
   4.5s [6月1日（週日） 下午 2:00] STEP Arrival sequence
   7.2s [6月1日（週日） 下午 2:00]   shot 05_arrival_train.png
  10.8s [6月1日（週日） 下午 2:00]   shot 06_arrival_phone.png
  16.6s [6月1日（週日） 下午 2:01]   ok  spawned in the Riverside apartment
  16.6s [6月1日（週日） 下午 2:01]   ok  starting cash $30,000
  16.6s [6月1日（週日） 下午 2:01]   ok  name saved
  18.4s [6月1日（週日） 下午 2:03]   shot 07_apartment_arrival.png
  18.7s [6月1日（週日） 下午 2:04] STEP Chapter17 — native market news and real niche response
  26.3s [6月1日（週日） 下午 2:15]   use "Use laptop — Company OS"
  27.0s [6月1日（週日） 下午 2:16]   click [Tab_overview] Overview
  27.6s [6月1日（週日） 下午 2:17]   click [OpenLegacyStory] Consolidation and legacy
  27.8s [6月1日（週日） 下午 2:17]   click [read_consolidation_news] Read the consolidation news
  28.0s [6月1日（週日） 下午 2:22]   shot 08_ch17_news.png
  28.0s [6月1日（週日） 下午 2:22]   click [CloseInfo] Close
  28.5s [6月1日（週日） 下午 2:22]   shot 09_ch17_market_choice.png
  29.4s [6月1日（週日） 下午 2:22]   click [Strategy_niche] 利基
  31.1s [6月1日（週日） 下午 2:22]   click [apply_market_response] Apply price and operating response
  31.8s [6月1日（週日） 下午 2:22]   shot 10_ch17_price_and_campaign.png
  31.8s [6月1日（週日） 下午 2:22]   ok  real price and operating action recorded
  32.8s [7月31日（週四） 下午 2:23]   use "Use laptop — Company OS"
  33.4s [7月31日（週四） 下午 2:24]   click [Tab_overview] Overview
  34.0s [7月31日（週四） 下午 2:25]   click [OpenLegacyStory] Consolidation and legacy
  34.2s [7月31日（週四） 下午 2:25]   shot 11_ch17_survival_review.png
  35.2s [7月31日（週四） 下午 2:25]   click [kai_interview] Accept Kai's interview
  36.3s [7月31日（週四） 下午 2:25]   shot 12_ch17_comparison.png
  36.4s [7月31日（週四） 下午 2:25]   info card: Compare consolidation routes
  36.4s [7月31日（週四） 下午 2:25]   shot 13_info_compare_consolidation_ro.png
  36.4s [7月31日（週四） 下午 2:25]   click "Close"
  36.8s [7月31日（週四） 下午 2:25]   ok  chapter17 complete or honestly unavailable
  36.8s [7月31日（週四） 下午 2:25] STEP Chapter18 — actual Maya dialogue, ending and every epilogue card
  36.8s [7月31日（週四） 下午 2:25]   click [meet_maya_legacy] Call Maya or meet at Bloom Coffee
  39.8s [7月31日（週四） 下午 2:25]   choose "› 我想繼續經營。"
  42.5s [7月31日（週四） 下午 2:25]   shot 14_ch18_ending_choices.png
  42.5s [7月31日（週四） 下午 2:25]   ok  actual legacy conversation completed
  43.5s [7月31日（週四） 下午 2:25]   click [LegacyChoice_independent] Keep building
  44.2s [7月31日（週四） 下午 2:25]   shot 15_ch18_independent_card_1.png
  45.1s [7月31日（週四） 下午 2:25]   click [legacy_next_card] Next card
  45.8s [7月31日（週四） 下午 2:25]   shot 16_ch18_independent_card_2.png
  46.8s [7月31日（週四） 下午 2:25]   click [legacy_next_card] Next card
  47.5s [7月31日（週四） 下午 2:25]   shot 17_ch18_independent_card_3.png
  48.5s [7月31日（週四） 下午 2:25]   click [legacy_next_card] Next card
  49.2s [7月31日（週四） 下午 2:25]   shot 18_ch18_independent_card_4.png
  50.2s [7月31日（週四） 下午 2:25]   click [legacy_next_card] Next card
  50.9s [7月31日（週四） 下午 2:25]   shot 19_ch18_independent_card_5.png
  51.9s [7月31日（週四） 下午 2:25]   click [legacy_next_card] Finish epilogue
  52.5s [7月31日（週四） 下午 2:25]   ok  all epilogue cards viewed: independent
  52.5s [7月31日（週四） 下午 2:25]   click [legacy_free_play] Return to free play
  54.2s [7月31日（週四） 下午 2:25]   click [LegacyChoice_sale] A change of ownership
  54.9s [7月31日（週四） 下午 2:25]   shot 20_ch18_sale_card_1.png
  55.9s [7月31日（週四） 下午 2:25]   click [legacy_next_card] Next card
  56.6s [7月31日（週四） 下午 2:25]   shot 21_ch18_sale_card_2.png
  57.6s [7月31日（週四） 下午 2:25]   click [legacy_next_card] Next card
  58.3s [7月31日（週四） 下午 2:25]   shot 22_ch18_sale_card_3.png
  59.3s [7月31日（週四） 下午 2:25]   click [legacy_next_card] Next card
  60.0s [7月31日（週四） 下午 2:25]   shot 23_ch18_sale_card_4.png
  60.9s [7月31日（週四） 下午 2:25]   click [legacy_next_card] Next card
  61.6s [7月31日（週四） 下午 2:25]   shot 24_ch18_sale_card_5.png
  62.6s [7月31日（週四） 下午 2:25]   click [legacy_next_card] Finish epilogue
  63.3s [7月31日（週四） 下午 2:25]   ok  all epilogue cards viewed: sale
  63.3s [7月31日（週四） 下午 2:25]   click [legacy_free_play] Return to free play
  65.0s [7月31日（週四） 下午 2:25]   click [LegacyChoice_employees] Built with the team
  65.7s [7月31日（週四） 下午 2:25]   shot 25_ch18_employees_card_1.png
  66.6s [7月31日（週四） 下午 2:25]   click [legacy_next_card] Next card
  67.3s [7月31日（週四） 下午 2:25]   shot 26_ch18_employees_card_2.png
  68.3s [7月31日（週四） 下午 2:25]   click [legacy_next_card] Next card
  69.0s [7月31日（週四） 下午 2:25]   shot 27_ch18_employees_card_3.png
  70.0s [7月31日（週四） 下午 2:25]   click [legacy_next_card] Next card
  70.7s [7月31日（週四） 下午 2:25]   shot 28_ch18_employees_card_4.png
  71.7s [7月31日（週四） 下午 2:25]   click [legacy_next_card] Next card
  72.4s [7月31日（週四） 下午 2:25]   shot 29_ch18_employees_card_5.png
  73.4s [7月31日（週四） 下午 2:25]   click [legacy_next_card] Finish epilogue
  74.0s [7月31日（週四） 下午 2:25]   ok  all epilogue cards viewed: employees
  74.0s [7月31日（週四） 下午 2:25]   click [legacy_free_play] Return to free play
  75.7s [7月31日（週四） 下午 2:25]   click [LegacyChoice_mentor] Make room for new founders
  76.4s [7月31日（週四） 下午 2:25]   shot 30_ch18_mentor_card_1.png
  77.4s [7月31日（週四） 下午 2:25]   click [legacy_next_card] Next card
  78.1s [7月31日（週四） 下午 2:25]   shot 31_ch18_mentor_card_2.png
  79.1s [7月31日（週四） 下午 2:25]   click [legacy_next_card] Next card
  79.8s [7月31日（週四） 下午 2:25]   shot 32_ch18_mentor_card_3.png
  80.8s [7月31日（週四） 下午 2:25]   click [legacy_next_card] Next card
  81.5s [7月31日（週四） 下午 2:25]   shot 33_ch18_mentor_card_4.png
  82.4s [7月31日（週四） 下午 2:25]   click [legacy_next_card] Next card
  83.1s [7月31日（週四） 下午 2:25]   shot 34_ch18_mentor_card_5.png
  84.1s [7月31日（週四） 下午 2:25]   click [legacy_next_card] Finish epilogue
  84.8s [7月31日（週四） 下午 2:25]   ok  all epilogue cards viewed: mentor
  84.8s [7月31日（週四） 下午 2:25]   click [legacy_free_play] Return to free play
  87.6s [7月31日（週四） 下午 2:28]   use "Mentor a new founder"
  87.8s [7月31日（週四） 下午 2:28]   shot 35_ch18_real_mentoring.png
  87.8s [7月31日（週四） 下午 2:28]   click [MentorTopic_pricing] Discuss pricing and margin
  87.8s [7月31日（週四） 下午 3:28]   ok  actual one-hour mentoring recorded
  87.8s [7月31日（週四） 下午 3:28]   ok  all chapter17–18 books balance
  87.8s [7月31日（週四） 下午 3:28] BOT FINISHED — 0 failure(s) · 87.8s real
  87.8s [7月31日（週四） 下午 3:28] English audit: 10 on-screen text(s) with untranslated words
