Godot Engine v4.5.1.stable.official.f62fdbde1 - https://godotengine.org
OpenGL API 3.3.0 NVIDIA 462.59 - Compatibility - Using Device: NVIDIA - Quadro RTX 4000

   0.0s STEP Main menu → New Game
   1.0s   shot 01_main_menu.png
   1.0s   click [NewGame] New Game
   2.2s STEP Character Creator
   2.3s   shot 02_creator_default.png
   2.3s   click [Tab_hair] Hair
   2.4s   click [Next_hair] ▶
   2.8s   click [Tab_face] Face
   2.9s   click [Next_face] ▶
   3.0s   click [Next_eye_shape] ▶
   3.1s   click [Tab_body] Body
   3.2s   click [Next_presentation] ▶
   3.7s   shot 03_creator_customised.png
   3.7s   click [Tab_outfit] Outfit
   3.8s   click "Startup Casual"
   4.4s   ok  appearance changed from default (short_neat)
   4.5s   shot 04_creator_final.png
   4.5s   click [Start] Start in Aurelia  →
   4.5s [Sun, Jun 1 2:00 PM] STEP Arrival sequence
   7.0s [Sun, Jun 1 2:00 PM]   shot 05_arrival_train.png
  10.6s [Sun, Jun 1 2:00 PM]   shot 06_arrival_phone.png
  15.6s [Sun, Jun 1 2:01 PM]   ok  spawned in the Riverside apartment
  15.6s [Sun, Jun 1 2:01 PM]   ok  starting cash $30,000
  15.6s [Sun, Jun 1 2:01 PM]   ok  name saved
  17.3s [Sun, Jun 1 2:03 PM]   shot 07_apartment_arrival.png
  20.1s [Mon, Jun 2 2:04 PM]   ok  chapter card cleared before destination screenshots
  20.1s [Mon, Jun 2 2:04 PM] STEP Beta district: civic_center
  20.5s [Mon, Jun 2 2:05 PM]   shot 08_beta_district_civic_center.png
  20.5s [Mon, Jun 2 2:05 PM]   ok  door belongs to active building: city_hall
  20.8s [Mon, Jun 2 2:05 PM]   ok  working interaction or present NPC: city_hall
  21.0s [Mon, Jun 2 2:05 PM]   shot 09_beta_interior_city_hall.png
  21.0s [Mon, Jun 2 2:05 PM] STEP Beta district: financial
  21.2s [Mon, Jun 2 2:05 PM]   shot 10_beta_district_financial.png
  21.2s [Mon, Jun 2 2:05 PM]   ok  door belongs to active building: nexus_bank
  21.4s [Mon, Jun 2 2:06 PM]   ok  working interaction or present NPC: nexus_bank
  21.6s [Mon, Jun 2 2:06 PM]   shot 11_beta_interior_nexus_bank.png
  21.6s [Mon, Jun 2 2:06 PM] STEP Beta district: harbor
  21.9s [Mon, Jun 2 2:06 PM]   shot 12_beta_district_harbor.png
  21.9s [Mon, Jun 2 2:06 PM]   ok  door belongs to active building: pier7_warehouse
  21.9s [Mon, Jun 2 2:06 PM]   ok  door belongs to active building: dockside_motors
  22.1s [Mon, Jun 2 2:07 PM]   ok  working interaction or present NPC: dockside_motors
  22.2s [Mon, Jun 2 2:07 PM]   shot 13_beta_interior_dockside_motors.png
  22.5s [Mon, Jun 2 2:07 PM]   ok  working interaction or present NPC: pier7_warehouse
  22.7s [Mon, Jun 2 2:07 PM]   shot 14_beta_interior_pier7_warehouse.png
  22.7s [Mon, Jun 2 2:07 PM] STEP Beta district: old_town
  22.9s [Mon, Jun 2 2:07 PM]   shot 15_beta_district_old_town.png
  22.9s [Mon, Jun 2 2:07 PM]   ok  door belongs to active building: okafor_lettings
  22.9s [Mon, Jun 2 2:07 PM]   ok  door belongs to active building: corner_cafe_unit
  23.1s [Mon, Jun 2 2:08 PM]   ok  working interaction or present NPC: okafor_lettings
  23.2s [Mon, Jun 2 2:08 PM]   shot 16_beta_interior_okafor_lettings.png
  23.2s [Mon, Jun 2 2:08 PM] STEP Beta district: riverside
  23.6s [Mon, Jun 2 2:08 PM]   shot 17_beta_district_riverside.png
  23.6s [Mon, Jun 2 2:08 PM]   ok  door belongs to active building: riverside_apartment
  23.6s [Mon, Jun 2 2:08 PM]   ok  door belongs to active building: bloom_coffee
  23.6s [Mon, Jun 2 2:08 PM]   ok  door belongs to active building: postpoint_riverside
  23.8s [Mon, Jun 2 2:09 PM]   ok  working interaction or present NPC: bloom_coffee
  23.9s [Mon, Jun 2 2:09 PM]   shot 18_beta_interior_bloom_coffee.png
  24.2s [Mon, Jun 2 2:09 PM]   ok  working interaction or present NPC: postpoint_riverside
  24.3s [Mon, Jun 2 2:09 PM]   shot 19_beta_interior_postpoint_riverside.png
  24.5s [Mon, Jun 2 2:10 PM]   ok  working interaction or present NPC: riverside_apartment
  24.7s [Mon, Jun 2 2:10 PM]   shot 20_beta_interior_riverside_apartment.png
  24.7s [Mon, Jun 2 2:10 PM] STEP Beta district: shopping_street
  24.9s [Mon, Jun 2 2:10 PM]   shot 21_beta_district_shopping_street.png
  24.9s [Mon, Jun 2 2:10 PM]   ok  door belongs to active building: threadline_apparel
  24.9s [Mon, Jun 2 2:10 PM]   ok  door belongs to active building: lantern_bistro
  24.9s [Mon, Jun 2 2:10 PM]   ok  door belongs to active building: crestline_flagship
  25.2s [Mon, Jun 2 2:11 PM]   ok  working interaction or present NPC: lantern_bistro
  25.3s [Mon, Jun 2 2:11 PM]   shot 22_beta_interior_lantern_bistro.png
  25.5s [Mon, Jun 2 2:11 PM]   ok  working interaction or present NPC: threadline_apparel
  25.7s [Mon, Jun 2 2:11 PM]   shot 23_beta_interior_threadline_apparel.png
  25.7s [Mon, Jun 2 2:11 PM] STEP Beta district: startup_hub
  26.0s [Mon, Jun 2 2:12 PM]   shot 24_beta_district_startup_hub.png
  26.0s [Mon, Jun 2 2:12 PM]   ok  door belongs to active building: nexus_cowork
  26.0s [Mon, Jun 2 2:12 PM]   ok  door belongs to active building: byte_and_bean
  26.0s [Mon, Jun 2 2:12 PM]   ok  door belongs to active building: small_office
  26.2s [Mon, Jun 2 2:12 PM]   ok  working interaction or present NPC: byte_and_bean
  26.4s [Mon, Jun 2 2:12 PM]   shot 25_beta_interior_byte_and_bean.png
  26.6s [Mon, Jun 2 2:13 PM]   ok  working interaction or present NPC: nexus_cowork
  26.8s [Mon, Jun 2 2:13 PM]   shot 26_beta_interior_nexus_cowork.png
  26.9s [Mon, Jun 2 2:13 PM]   ok  working interaction or present NPC: small_office
  27.1s [Mon, Jun 2 2:13 PM]   shot 27_beta_interior_small_office.png
  27.3s [Mon, Jun 2 2:14 PM]   ok  first action is company registration before applications
  27.4s [Mon, Jun 2 2:14 PM]   shot 28_beta_registration_next.png
  27.4s [Mon, Jun 2 2:14 PM]   click [CompanyRegistrationNext] Go to the company registration counter
  27.5s [Mon, Jun 2 2:14 PM]   ok  primary registration step starts a usable route
  27.8s [Sun, Jun 8 2:01 PM]   ok  later destination has working interaction or real NPC: corner_cafe_unit
  27.9s [Sun, Jun 8 2:01 PM]   shot 29_beta_story_corner_cafe_unit.png
  28.2s [Sun, Jun 8 2:01 PM]   ok  later destination has working interaction or real NPC: crestline_flagship
  28.4s [Sun, Jun 8 2:01 PM]   shot 30_beta_story_crestline_flagship.png
  28.6s [Sun, Jun 8 2:01 PM]   shot 31_beta_later_city_guide.png
  28.9s [Mon, Jun 9 2:00 PM] STEP Beta screen: BusinessBoard
  29.3s [Mon, Jun 9 2:01 PM]   ok  board follows business status: automotive
  29.3s [Mon, Jun 9 2:01 PM]   ok  board follows business status: cafe
  29.3s [Mon, Jun 9 2:01 PM]   ok  board follows business status: consulting
  29.3s [Mon, Jun 9 2:01 PM]   ok  board follows business status: ecommerce
  29.3s [Mon, Jun 9 2:01 PM]   ok  board follows business status: energy
  29.3s [Mon, Jun 9 2:01 PM]   ok  board follows business status: hotel
  29.3s [Mon, Jun 9 2:01 PM]   ok  board follows business status: international_trade
  29.3s [Mon, Jun 9 2:01 PM]   ok  board follows business status: logistics
  29.3s [Mon, Jun 9 2:01 PM]   ok  board follows business status: manufacturing
  29.3s [Mon, Jun 9 2:01 PM]   ok  board follows business status: media
  29.3s [Mon, Jun 9 2:01 PM]   ok  board follows business status: real_estate
  29.3s [Mon, Jun 9 2:01 PM]   ok  board follows business status: saas
  29.4s [Mon, Jun 9 2:01 PM]   shot 32_beta_screen_BusinessBoard.png
  29.5s [Mon, Jun 9 2:01 PM] STEP Beta screen: CityMapModal
  30.1s [Mon, Jun 9 2:02 PM]   shot 33_beta_screen_CityMapModal.png
  30.2s [Mon, Jun 9 2:02 PM] STEP Beta screen: MetroModal
  30.7s [Mon, Jun 9 2:02 PM]   shot 34_beta_screen_MetroModal.png
  30.8s [Mon, Jun 9 2:03 PM] STEP Beta screen: PermitsModal
  31.3s [Mon, Jun 9 2:03 PM]   shot 35_beta_screen_PermitsModal.png
  31.4s [Mon, Jun 9 2:04 PM] STEP Beta screen: CityGuideModal
  31.9s [Mon, Jun 9 2:04 PM]   shot 36_beta_screen_CityGuideModal.png
  32.0s [Mon, Jun 9 2:04 PM] STEP Beta screen: CompanyOS
  32.5s [Mon, Jun 9 2:04 PM]   shot 37_beta_screen_CompanyOS.png
  33.0s [Mon, Jun 9 2:05 PM]   ok  world map is absent from phone
  33.0s [Mon, Jun 9 2:05 PM]   shot 38_beta_phone.png
  33.1s [Sun, Jun 1 2:00 PM]   ok  real old-save fixture loads from hidden room
  33.9s [Sun, Jun 1 2:02 PM]   ok  old save returns to original street
  34.1s [Sun, Jun 1 2:02 PM]   shot 39_beta_old_save_return.png
  34.1s [Sun, Jun 1 2:02 PM]   ok  beta fixture preserves balanced ledger
  34.1s [Sun, Jun 1 2:02 PM] BOT FINISHED — 0 failure(s) · 34.1s real
