Godot Engine v4.5.1.stable.official.f62fdbde1 - https://godotengine.org
OpenGL API 3.3.0 NVIDIA 462.59 - Compatibility - Using Device: NVIDIA - Quadro RTX 4000

   0.0s STEP Main menu → New Game
   0.9s   shot 01_main_menu.png
   0.9s   click [NewGame] New Game
   2.1s STEP Character Creator
   2.2s   shot 02_creator_default.png
   2.2s   click [Tab_hair] Hair
   2.3s   click [Next_hair] ▶
   2.7s   click [Tab_face] Face
   2.8s   click [Next_face] ▶
   2.9s   click [Next_eye_shape] ▶
   3.0s   click [Tab_body] Body
   3.1s   click [Next_presentation] ▶
   3.7s   shot 03_creator_customised.png
   3.7s   click [Tab_outfit] Outfit
   3.8s   click "Startup Casual"
   4.4s   ok  appearance changed from default (short_neat)
   4.5s   shot 04_creator_final.png
   4.5s   click [Start] Start in Aurelia  →
   4.5s [6月1日（週日） 下午 2:00] STEP Arrival sequence
   7.1s [6月1日（週日） 下午 2:00]   shot 05_arrival_train.png
  10.7s [6月1日（週日） 下午 2:00]   shot 06_arrival_phone.png
  16.0s [6月1日（週日） 下午 2:01]   ok  spawned in the Riverside apartment
  16.0s [6月1日（週日） 下午 2:01]   ok  starting cash $30,000
  16.0s [6月1日（週日） 下午 2:01]   ok  name saved
  17.6s [6月1日（週日） 下午 2:03]   shot 07_apartment_arrival.png
  20.5s [6月2日（週一） 下午 2:04]   ok  chapter card cleared before destination screenshots
  20.5s [6月2日（週一） 下午 2:04] STEP Beta district: civic_center
  21.1s [6月2日（週一） 下午 2:05]   shot 08_beta_district_civic_center.png
  21.1s [6月2日（週一） 下午 2:05]   ok  door belongs to active building: city_hall
  21.5s [6月2日（週一） 下午 2:05]   ok  working interaction or present NPC: city_hall
  21.7s [6月2日（週一） 下午 2:05]   shot 09_beta_interior_city_hall.png
  21.7s [6月2日（週一） 下午 2:05] STEP Beta district: financial
  22.1s [6月2日（週一） 下午 2:05]   shot 10_beta_district_financial.png
  22.1s [6月2日（週一） 下午 2:05]   ok  door belongs to active building: nexus_bank
  22.3s [6月2日（週一） 下午 2:05]   ok  working interaction or present NPC: nexus_bank
  22.5s [6月2日（週一） 下午 2:05]   shot 11_beta_interior_nexus_bank.png
  22.5s [6月2日（週一） 下午 2:05] STEP Beta district: harbor
  22.9s [6月2日（週一） 下午 2:05]   shot 12_beta_district_harbor.png
  22.9s [6月2日（週一） 下午 2:05]   ok  door belongs to active building: pier7_warehouse
  22.9s [6月2日（週一） 下午 2:05]   ok  door belongs to active building: dockside_motors
  23.1s [6月2日（週一） 下午 2:06]   ok  working interaction or present NPC: dockside_motors
  23.2s [6月2日（週一） 下午 2:06]   shot 13_beta_interior_dockside_motors.png
  23.5s [6月2日（週一） 下午 2:06]   ok  working interaction or present NPC: pier7_warehouse
  23.6s [6月2日（週一） 下午 2:06]   shot 14_beta_interior_pier7_warehouse.png
  23.6s [6月2日（週一） 下午 2:06] STEP Beta district: old_town
  23.9s [6月2日（週一） 下午 2:07]   shot 15_beta_district_old_town.png
  23.9s [6月2日（週一） 下午 2:07]   ok  door belongs to active building: okafor_lettings
  23.9s [6月2日（週一） 下午 2:07]   ok  door belongs to active building: corner_cafe_unit
  24.1s [6月2日（週一） 下午 2:07]   ok  working interaction or present NPC: okafor_lettings
  24.2s [6月2日（週一） 下午 2:07]   shot 16_beta_interior_okafor_lettings.png
  24.2s [6月2日（週一） 下午 2:07] STEP Beta district: riverside
  24.6s [6月2日（週一） 下午 2:07]   shot 17_beta_district_riverside.png
  24.6s [6月2日（週一） 下午 2:07]   ok  door belongs to active building: riverside_apartment
  24.6s [6月2日（週一） 下午 2:07]   ok  door belongs to active building: bloom_coffee
  24.6s [6月2日（週一） 下午 2:07]   ok  door belongs to active building: postpoint_riverside
  24.8s [6月2日（週一） 下午 2:08]   ok  working interaction or present NPC: bloom_coffee
  25.0s [6月2日（週一） 下午 2:08]   shot 18_beta_interior_bloom_coffee.png
  25.2s [6月2日（週一） 下午 2:08]   ok  working interaction or present NPC: postpoint_riverside
  25.3s [6月2日（週一） 下午 2:08]   shot 19_beta_interior_postpoint_riverside.png
  25.5s [6月2日（週一） 下午 2:08]   ok  working interaction or present NPC: riverside_apartment
  25.7s [6月2日（週一） 下午 2:08]   shot 20_beta_interior_riverside_apartment.png
  25.7s [6月2日（週一） 下午 2:08] STEP Beta district: shopping_street
  25.9s [6月2日（週一） 下午 2:09]   shot 21_beta_district_shopping_street.png
  25.9s [6月2日（週一） 下午 2:09]   ok  door belongs to active building: threadline_apparel
  25.9s [6月2日（週一） 下午 2:09]   ok  door belongs to active building: lantern_bistro
  25.9s [6月2日（週一） 下午 2:09]   ok  door belongs to active building: crestline_flagship
  26.2s [6月2日（週一） 下午 2:09]   ok  working interaction or present NPC: lantern_bistro
  26.3s [6月2日（週一） 下午 2:09]   shot 22_beta_interior_lantern_bistro.png
  26.6s [6月2日（週一） 下午 2:09]   ok  working interaction or present NPC: threadline_apparel
  26.7s [6月2日（週一） 下午 2:09]   shot 23_beta_interior_threadline_apparel.png
  26.7s [6月2日（週一） 下午 2:09] STEP Beta district: startup_hub
  27.0s [6月2日（週一） 下午 2:10]   shot 24_beta_district_startup_hub.png
  27.0s [6月2日（週一） 下午 2:10]   ok  door belongs to active building: nexus_cowork
  27.0s [6月2日（週一） 下午 2:10]   ok  door belongs to active building: byte_and_bean
  27.0s [6月2日（週一） 下午 2:10]   ok  door belongs to active building: small_office
  27.3s [6月2日（週一） 下午 2:10]   ok  working interaction or present NPC: byte_and_bean
  27.4s [6月2日（週一） 下午 2:10]   shot 25_beta_interior_byte_and_bean.png
  27.6s [6月2日（週一） 下午 2:10]   ok  working interaction or present NPC: nexus_cowork
  27.8s [6月2日（週一） 下午 2:10]   shot 26_beta_interior_nexus_cowork.png
  28.0s [6月2日（週一） 下午 2:11]   ok  working interaction or present NPC: small_office
  28.1s [6月2日（週一） 下午 2:11]   shot 27_beta_interior_small_office.png
  28.4s [6月2日（週一） 下午 2:11]   ok  first action is company registration before applications
  28.4s [6月2日（週一） 下午 2:11]   shot 28_beta_registration_next.png
  28.4s [6月2日（週一） 下午 2:11]   click [CompanyRegistrationNext] Go to the company registration counter
  28.5s [6月2日（週一） 下午 2:12]   ok  primary registration step starts a usable route
  28.8s [6月8日（週日） 下午 2:00]   ok  later destination has working interaction or real NPC: corner_cafe_unit
  29.0s [6月8日（週日） 下午 2:00]   shot 29_beta_story_corner_cafe_unit.png
  29.2s [6月8日（週日） 下午 2:01]   ok  later destination has working interaction or real NPC: crestline_flagship
  29.4s [6月8日（週日） 下午 2:01]   shot 30_beta_story_crestline_flagship.png
  29.7s [6月8日（週日） 下午 2:01]   shot 31_beta_later_city_guide.png
  29.9s [6月9日（週一） 下午 2:00] STEP Beta screen: BusinessBoard
  30.3s [6月9日（週一） 下午 2:01]   ok  board follows business status: automotive
  30.3s [6月9日（週一） 下午 2:01]   ok  board follows business status: cafe
  30.3s [6月9日（週一） 下午 2:01]   ok  board follows business status: consulting
  30.3s [6月9日（週一） 下午 2:01]   ok  board follows business status: ecommerce
  30.3s [6月9日（週一） 下午 2:01]   ok  board follows business status: energy
  30.3s [6月9日（週一） 下午 2:01]   ok  board follows business status: hotel
  30.3s [6月9日（週一） 下午 2:01]   ok  board follows business status: international_trade
  30.3s [6月9日（週一） 下午 2:01]   ok  board follows business status: logistics
  30.3s [6月9日（週一） 下午 2:01]   ok  board follows business status: manufacturing
  30.3s [6月9日（週一） 下午 2:01]   ok  board follows business status: media
  30.3s [6月9日（週一） 下午 2:01]   ok  board follows business status: real_estate
  30.3s [6月9日（週一） 下午 2:01]   ok  board follows business status: saas
  30.4s [6月9日（週一） 下午 2:01]   shot 32_beta_screen_BusinessBoard.png
  30.5s [6月9日（週一） 下午 2:01] STEP Beta screen: CityMapModal
  31.0s [6月9日（週一） 下午 2:01]   shot 33_beta_screen_CityMapModal.png
  31.1s [6月9日（週一） 下午 2:02] STEP Beta screen: MetroModal
  31.6s [6月9日（週一） 下午 2:02]   shot 34_beta_screen_MetroModal.png
  31.8s [6月9日（週一） 下午 2:03] STEP Beta screen: PermitsModal
  32.2s [6月9日（週一） 下午 2:03]   shot 35_beta_screen_PermitsModal.png
  32.4s [6月9日（週一） 下午 2:04] STEP Beta screen: CityGuideModal
  32.8s [6月9日（週一） 下午 2:04]   shot 36_beta_screen_CityGuideModal.png
  33.0s [6月9日（週一） 下午 2:04] STEP Beta screen: CompanyOS
  33.4s [6月9日（週一） 下午 2:04]   shot 37_beta_screen_CompanyOS.png
  33.9s [6月9日（週一） 下午 2:05]   ok  world map is absent from phone
  34.0s [6月9日（週一） 下午 2:05]   shot 38_beta_phone.png
  34.0s [6月1日（週日） 下午 2:00]   ok  real old-save fixture loads from hidden room
  34.9s [6月1日（週日） 下午 2:02]   ok  old save returns to original street
  35.0s [6月1日（週日） 下午 2:02]   shot 39_beta_old_save_return.png
  35.0s [6月1日（週日） 下午 2:02]   ok  beta fixture preserves balanced ledger
  35.0s [6月1日（週日） 下午 2:02] BOT FINISHED — 0 failure(s) · 35.0s real
  35.0s [6月1日（週日） 下午 2:02] English audit: 3 on-screen text(s) with untranslated words
