   0.0s STEP Main menu → New Game
   0.5s   shot 01_main_menu.png
   0.5s   click [NewGame] New Game
   1.8s STEP Character Creator
   1.9s   shot 02_creator_default.png
   1.9s   click [Tab_hair] Hair
   1.9s   click [Next_hair] ▶
   2.4s   click [Tab_face] Face
   2.5s   click [Next_face] ▶
   2.6s   click [Next_eye_shape] ▶
   2.8s   click [Tab_body] Body
   3.0s   click [Next_presentation] ▶
   3.7s   shot 03_creator_customised.png
   3.7s   click [Tab_outfit] Outfit
   3.7s   click "Startup Casual"
   4.3s   ok  appearance changed from default (short_neat)
   4.4s   shot 04_creator_final.png
   4.4s   click [Start] Start in Aurelia  →
   4.5s [6月1日（週日） 下午 2:00] STEP Arrival sequence
   7.1s [6月1日（週日） 下午 2:00]   shot 05_arrival_train.png
  10.7s [6月1日（週日） 下午 2:00]   shot 06_arrival_phone.png
  16.3s [6月1日（週日） 下午 2:01]   ok  spawned in the Riverside apartment
  16.4s [6月1日（週日） 下午 2:01]   ok  starting cash $30,000
  16.4s [6月1日（週日） 下午 2:01]   ok  name saved
  18.1s [6月1日（週日） 下午 2:03]   shot 07_apartment_arrival.png
  21.9s [6月1日（週日） 下午 2:09] STEP Chapter 15 — currency briefing and real bank hedge
  22.3s [6月1日（週日） 下午 2:14]   shot 08_ch15_fx_news.png
  25.1s [6月2日（週一） 下午 1:03]   use "和 Marcus Reed 說話"
  28.1s [6月2日（週一） 下午 1:03]   choose "› 讓我看看費用與風險。"
  29.7s [6月2日（週一） 下午 1:03]   click [BankFXRisk] Manage exchange risk
  29.9s [6月2日（週一） 下午 1:04]   shot 09_ch15_forward_quote.png
  29.9s [6月2日（週一） 下午 1:04]   click [SignForward] Sign forward hedge
  30.0s [6月2日（週一） 下午 1:04]   ok  native risk response recorded
  31.3s [7月3日（週四） 下午 1:05]   shot 10_ch15_exchange_month_close.png
  31.3s [7月3日（週四） 下午 1:05]   click "Continue"
  32.1s [7月3日（週四） 下午 1:05]   shot 11_ch15_comparison.png
  32.1s [7月3日（週四） 下午 1:05]   info card: Exchange response — compare the assumptions
  32.1s [7月3日（週四） 下午 1:05]   shot 12_info_exchange_response_—_comp.png
  32.1s [7月3日（週四） 下午 1:05]   click "Close"
  32.5s [7月3日（週四） 下午 1:05]   ok  chapter15 completes from actual response and viewed month close
  32.5s [7月3日（週四） 下午 1:05] STEP Chapter 16 — Omar video, flight and distributor contract
  34.5s [7月3日（週四） 下午 1:08]   use "Use laptop — Company OS"
  35.2s [7月3日（週四） 下午 1:09]   click [Tab_sales] Ecommerce
  35.8s [7月3日（週四） 下午 1:10]   click [SalesPage_overseas] Overseas
  36.0s [7月3日（週四） 下午 1:10]   click [CompareLuminaPartners] Compare Lumina partners
  36.1s [7月3日（週四） 下午 1:10]   click [CallOmar] Video call Omar
  39.5s [7月3日（週四） 下午 1:11]   choose "› 讓我看看費用與風險。"
  41.1s [7月3日（週四） 下午 1:11]   shot 13_ch16_channel_choices.png
  41.1s [7月3日（週四） 下午 1:11]   click [LuminaFlight_co_riverlight_global] 前往 Lumina — 公司帳戶
  41.8s [7月4日（週五） 下午 1:12]   info card: Lumina journey
  41.8s [7月4日（週五） 下午 1:12]   shot 14_info_lumina_journey.png
  41.8s [7月4日（週五） 下午 1:12]   click "Close"
  42.2s [7月4日（週五） 下午 1:12]   shot 15_ch16_trip_return.png
  42.2s [7月4日（週五） 下午 1:12]   click [LuminaFlight_player] 回程 — 個人帳戶
  42.8s [7月5日（週六） 下午 1:12]   info card: Lumina journey
  42.9s [7月5日（週六） 下午 1:12]   shot 16_info_lumina_journey.png
  42.9s [7月5日（週六） 下午 1:12]   click "Close"
  43.3s [7月5日（週六） 下午 1:12]   click [RequestOmarContract] Request distributor contract
  44.0s [7月5日（週六） 下午 1:13]   shot 17_ch16_distributor_offer.png
  44.0s [7月5日（週六） 下午 1:13]   click [AcceptContract] Accept
  44.1s [7月5日（週六） 下午 1:13]   click [DeliverContract] 寄送 10 件到 Lumina；現在支付運費與關稅
  44.3s [7月5日（週六） 下午 2:44]   ok  native signing and dispatch put goods in transit
  44.3s [7月5日（週六） 下午 2:44]   shot 18_ch16_goods_in_transit.png
  46.1s [7月26日（週六） 下午 1:13]   shot 19_ch16_90_day_comparison.png
  46.1s [7月26日（週六） 下午 1:13]   info card: Customer ownership — 90-day estimate
  46.1s [7月26日（週六） 下午 1:13]   shot 20_info_customer_ownership_—_90-.png
  46.2s [7月26日（週六） 下午 1:13]   click "Close"
  46.6s [7月26日（週六） 下午 1:13]   ok  chapter16 recognizes collected partner income
  46.6s [7月26日（週六） 下午 1:13] STEP Overseas warehouse — real lease and sea batch input
  46.8s [7月26日（週六） 下午 1:13]   use "Use laptop — Company OS"
  47.4s [7月26日（週六） 下午 1:14]   click [Tab_sales] Ecommerce
  48.0s [7月26日（週六） 下午 1:15]   click [SalesPage_overseas] Overseas
  48.2s [7月26日（週六） 下午 1:15]   click [CompareLuminaPartners] Compare Lumina partners
  48.3s [7月26日（週六） 下午 1:16]   click [PartnerChannel_warehouse] Overseas warehouse
  48.5s [7月26日（週六） 下午 1:16]   click [OpenLuminaWarehouse] 開設 Lumina 海外倉（$100.00）
  48.6s [7月26日（週六） 下午 1:16]   click [SendLuminaStock] Send stock by sea
  48.8s [7月26日（週六） 下午 1:16]   shot 21_ch16_warehouse_batch.png
  49.6s [7月26日（週六） 下午 1:18]   ok  warehouse batch really dispatched
  49.8s [8月9日（週六） 下午 1:16]   use "Use laptop — Company OS"
  50.4s [8月9日（週六） 下午 1:17]   click [Tab_sales] Ecommerce
  51.0s [8月9日（週六） 下午 1:18]   click [SalesPage_overseas] Overseas
  51.2s [8月9日（週六） 下午 1:18]   click [GlobalRegion] 北嶺
  54.0s [8月9日（週六） 下午 1:22]   click [SaveGlobalPrice_L2] Save local price
  54.7s [8月9日（週六） 下午 1:23]   shot 22_ch16_warehouse_local_price.png
  55.0s [8月9日（週六） 下午 1:24]   ok  actual warehouse fulfilment and fee
  55.2s [8月14日（週四） 下午 1:24]   use "Use laptop — Company OS"
  55.8s [8月14日（週四） 下午 1:25]   click [Tab_finance] Finance
  56.5s [8月14日（週四） 下午 1:26]   click [ConvertGlobal_LUM] 換匯入帳（$53.19）
  57.2s [8月14日（週四） 下午 1:27]   shot 23_ch16_warehouse_income.png
  57.9s [8月14日（週四） 下午 1:28]   ok  chapters15–16 books balanced
  57.9s [8月14日（週四） 下午 1:28] BOT FINISHED — 0 failure(s) · 57.9s real