Godot Engine v4.5.1.stable.official.f62fdbde1 - https://godotengine.org

   0.0s STEP Main menu → New Game
   0.0s   (shot main_menu skipped: headless)
   0.0s   click [NewGame] New Game
   0.1s STEP Character Creator
   0.1s   (shot creator_default skipped: headless)
   0.1s   click [Tab_hair] Hair
   0.1s   click [Next_hair] ▶
   0.1s   click [Tab_face] Face
   0.1s   click [Next_face] ▶
   0.1s   click [Next_eye_shape] ▶
   0.1s   click [Tab_body] Body
   0.1s   click [Next_presentation] ▶
   0.1s   (shot creator_customised skipped: headless)
   0.1s   click [Tab_outfit] Outfit
   0.1s   click "Startup Casual"
   0.1s   ok  appearance changed from default (short_neat)
   0.1s   (shot creator_final skipped: headless)
   0.1s   click [Start] Start in Aurelia  →
   0.1s [Sun, Jun 1 2:00 PM] STEP Arrival sequence
   0.2s [Sun, Jun 1 2:00 PM]   (shot arrival_train skipped: headless)
   0.2s [Sun, Jun 1 2:00 PM]   (shot arrival_phone skipped: headless)
   0.3s [Sun, Jun 1 2:01 PM]   ok  spawned in the Riverside apartment
   0.3s [Sun, Jun 1 2:01 PM]   ok  starting cash $30,000
   0.3s [Sun, Jun 1 2:01 PM]   ok  name saved
   0.3s [Sun, Jun 1 2:03 PM]   (shot apartment_arrival skipped: headless)
   0.3s [Sun, Jun 1 2:03 PM] STEP Chapter 1 — phone & Maya
   0.4s [Sun, Jun 1 2:08 PM]   (shot phone_home skipped: headless)
   0.4s [Sun, Jun 1 2:08 PM]   click [App_messages] Messages 2
   0.5s [Sun, Jun 1 2:09 PM]   click [Thread_maya] Maya  ● Call me. Or text. Or whate
   0.5s [Sun, Jun 1 2:09 PM]   choose "› Yeah."
   0.6s [Sun, Jun 1 2:09 PM]   choose "› I'm starting a company."
   0.7s [Sun, Jun 1 2:09 PM]   ok  Maya conversation done
   0.7s [Sun, Jun 1 2:09 PM] STEP Head outside
   1.0s [Sun, Jun 1 2:15 PM]   ok  walked back outside
   1.0s [Sun, Jun 1 2:15 PM]   ok  visited Riverside
   1.0s [Sun, Jun 1 2:15 PM]   (shot riverside_outside_home skipped: headless)
   1.0s [Sun, Jun 1 2:15 PM] STEP Bloom Coffee
   1.2s [Sun, Jun 1 2:20 PM]   ok  entered Bloom Coffee
   1.2s [Sun, Jun 1 2:20 PM]   (shot bloom_coffee_inside skipped: headless)
   1.3s [Sun, Jun 1 2:22 PM]   use "Order coffee ($4.50)"
   1.4s [Sun, Jun 1 2:22 PM]   choose "› Please."
   1.5s [Sun, Jun 1 2:33 PM]   ok  bought a coffee from Jun
   1.7s [Sun, Jun 1 2:38 PM]   ok  walked back outside
   1.7s [Sun, Jun 1 2:38 PM] STEP Walk east to Startup Hub
   1.7s [Sun, Jun 1 2:40 PM]   (shot riverside_street skipped: headless)
   2.3s [Sun, Jun 1 3:11 PM]   ok  walked to Startup Hub
   2.3s [Sun, Jun 1 3:11 PM]   (shot startup_hub_arrive skipped: headless)
   2.3s [Sun, Jun 1 3:11 PM] STEP Nexus Co-work
   2.6s [Sun, Jun 1 3:17 PM]   ok  entered Nexus Co-work
   2.6s [Sun, Jun 1 3:17 PM]   (shot cowork_inside skipped: headless)
   2.6s [Sun, Jun 1 3:19 PM]   use "Reception — desks & day passes"
   2.7s [Sun, Jun 1 3:19 PM]   choose "› Yeah. Just looking."
   2.9s [Sun, Jun 1 3:20 PM]   click [DayPass] Buy a day pass ($15)
   2.9s [Sun, Jun 1 3:21 PM] STEP Business Board
   3.2s [Sun, Jun 1 3:32 PM]   use "Business Board"
   3.2s [Sun, Jun 1 3:34 PM]   (shot business_board skipped: headless)
   3.2s [Sun, Jun 1 3:34 PM]   click [Biz_saas] ● SaaS / Software
   3.3s [Sun, Jun 1 3:34 PM]   (shot business_board_planned_saas skipped: headless)
   3.3s [Sun, Jun 1 3:34 PM]   click [Biz_ecommerce] ● Ecommerce
   3.3s [Sun, Jun 1 3:34 PM]   click [StartEcommerce] Start an ecommerce side business
   3.3s [Sun, Jun 1 3:36 PM]   ok  picked ecommerce as first business
   3.4s [Sun, Jun 1 3:40 PM]   ok  Chapter 1 complete
   3.4s [Sun, Jun 1 3:40 PM] STEP Chapter 2 — buy stock at a hot desk (Company OS)
   3.7s [Sun, Jun 1 3:53 PM]   use "Work at a hot desk — Company OS"
   3.7s [Sun, Jun 1 3:54 PM]   (shot company_os_overview_personal skipped: headless)
   3.7s [Sun, Jun 1 3:54 PM]   click [Tab_operations] Operations
   3.8s [Sun, Jun 1 3:55 PM]   (shot company_os_suppliers skipped: headless)
   3.8s [Sun, Jun 1 3:55 PM]   click [Buy_tradelink_wholesale_wireless_earbuds] Buy $900
   3.8s [Sun, Jun 1 4:06 PM]   click [Buy_tradelink_wholesale_water_bottle] Buy $408
   3.9s [Sun, Jun 1 4:17 PM]   click [Buy_tradelink_wholesale_desk_lamp] Buy $460
   4.0s [Sun, Jun 1 4:27 PM]   click [Buy_tradelink_wholesale_phone_stand] Buy $272
   4.1s [Sun, Jun 1 4:38 PM]   ok  placed purchase orders (MOQ, prepaid): 4 POs, cash $27,940.50
   4.1s [Sun, Jun 1 4:38 PM]   (shot company_os_purchase_orders skipped: headless)
   4.1s [Sun, Jun 1 4:39 PM] STEP Home to wait for stock
   4.2s [Sun, Jun 1 4:44 PM]   ok  walked back outside
   4.5s [Sun, Jun 1 5:02 PM]   ok  walked to Riverside
   5.2s [Sun, Jun 1 5:26 PM]   ok  entered Riverside Tower
   5.2s [Sun, Jun 1 5:26 PM]   (harness) wait 2 h
   5.3s [Sun, Jun 1 7:30 PM]   use "Sleep"
   5.3s [Sun, Jun 1 7:30 PM]   click [Sleep] Sleep until 7:00 AM
   5.4s [Mon, Jun 2 7:01 AM]   (harness) wait 2 h
   5.4s [Mon, Jun 2 9:02 AM]   (harness) wait 2 h
   5.4s [Mon, Jun 2 11:03 AM]   (harness) wait 2 h
   5.4s [Mon, Jun 2 1:04 PM]   (harness) wait 2 h
   5.4s [Mon, Jun 2 3:05 PM]   (harness) wait 2 h
   5.5s [Mon, Jun 2 5:06 PM]   (harness) wait 2 h
   5.5s [Mon, Jun 2 7:07 PM]   use "Sleep"
   5.5s [Mon, Jun 2 7:07 PM]   click [Sleep] Sleep until 7:00 AM
   5.6s [Tue, Jun 3 7:01 AM]   (harness) wait 2 h
   5.6s [Tue, Jun 3 9:02 AM]   (harness) wait 2 h
   5.6s [Tue, Jun 3 11:03 AM]   (harness) wait 2 h
   5.6s [Tue, Jun 3 1:04 PM]   (harness) wait 2 h
   5.6s [Tue, Jun 3 3:05 PM]   (harness) wait 2 h
   5.7s [Tue, Jun 3 5:06 PM]   ok  stock delivered to the apartment
   5.7s [Tue, Jun 3 5:07 PM]   (shot apartment_with_stock skipped: headless)
   5.7s [Tue, Jun 3 5:07 PM] STEP List products on ShopLane
   5.7s [Tue, Jun 3 5:08 PM]   use "Use laptop — Company OS"
   5.8s [Tue, Jun 3 5:09 PM]   click [Tab_sales] Sales
   5.8s [Tue, Jun 3 5:10 PM]   (shot company_os_sales_ready skipped: headless)
   5.8s [Tue, Jun 3 5:10 PM]   click [ListSelf_wireless_earbuds] Shoot photos myself & list (1 h 20 min)
   5.8s [Tue, Jun 3 6:31 PM]   click [ListSelf_water_bottle] Shoot photos myself & list (1 h 20 min)
   5.9s [Tue, Jun 3 7:52 PM]   click [ListSelf_desk_lamp] Shoot photos myself & list (1 h 20 min)
   5.9s [Tue, Jun 3 9:13 PM]   click [ListSelf_phone_stand] Shoot photos myself & list (1 h 20 min)
   6.0s [Tue, Jun 3 10:34 PM]   click [AdPlus_wireless_earbuds] +
   6.1s [Tue, Jun 3 10:34 PM]   (shot company_os_listings_live skipped: headless)
   6.1s [Tue, Jun 3 10:34 PM]   ok  listings live
   6.1s [Tue, Jun 3 10:35 PM] STEP First order → pack → ship
   6.3s [Tue, Jun 3 10:47 PM]   use "Packing table"
   6.4s [Tue, Jun 3 10:48 PM]   (shot packing_table skipped: headless)
   6.4s [Tue, Jun 3 10:48 PM]   click [Pack] Pack 7 orders (56 min)
   6.4s [Tue, Jun 3 11:46 PM]   click [CourierEconomy] Courier · Economy 3 days ($30)
   6.4s [Tue, Jun 3 11:47 PM]   ok  first order came in
   6.4s [Tue, Jun 3 11:47 PM]   ok  handed to the courier (pickup booked)
   6.4s [Tue, Jun 3 11:47 PM] STEP Delivery → first dollar
   6.7s [Wed, Jun 4 12:01 AM]   use "Sleep"
   6.7s [Wed, Jun 4 12:01 AM]   click [Sleep] Sleep until 7:00 AM
   7.1s [Wed, Jun 4 7:14 AM]   use "Packing table"
   7.1s [Wed, Jun 4 7:15 AM]   click [Pack] Pack 8 orders (1 h 4 min)
   7.1s [Wed, Jun 4 8:20 AM]   click [CourierEconomy] Courier · Economy 3 days ($34)
   7.2s [Wed, Jun 4 8:22 AM]   ok  first order delivered (Earn Your First Dollar)
   7.2s [Wed, Jun 4 8:22 AM]   revenue booked $155.93 · ShopLane balance $140.33 · cash $27,767.30
   7.2s [Wed, Jun 4 8:22 AM]   (shot first_dollar skipped: headless)
   7.2s [Wed, Jun 4 8:22 AM] STEP First customer issue
   7.2s [Wed, Jun 4 8:22 AM]   (harness) wait 2 h
   7.4s [Wed, Jun 4 10:32 AM]   use "Packing table"
   7.4s [Wed, Jun 4 10:33 AM]   click [Pack] Pack 6 orders (48 min)
   7.5s [Wed, Jun 4 11:23 AM]   click [CourierEconomy] Courier · Economy 3 days ($25)
   7.5s [Wed, Jun 4 11:24 AM]   (harness) wait 2 h
   7.5s [Wed, Jun 4 1:26 PM]   use "Packing table"
   7.6s [Wed, Jun 4 1:27 PM]   click [Pack] Pack 10 orders (1 h 20 min)
   7.6s [Wed, Jun 4 2:48 PM]   click [CourierEconomy] Courier · Economy 3 days ($40)
   7.7s [Wed, Jun 4 2:50 PM]   (harness) wait 2 h
   7.7s [Wed, Jun 4 4:51 PM]   use "Packing table"
   7.7s [Wed, Jun 4 4:52 PM]   click [Pack] Pack 17 orders (2 h 16 min)
   7.8s [Wed, Jun 4 7:09 PM]   click [CourierEconomy] Courier · Economy 3 days ($62)
   7.9s [Wed, Jun 4 7:15 PM]   use "Sleep"
   7.9s [Wed, Jun 4 7:15 PM]   click [Sleep] Sleep until 7:00 AM
   8.0s [Thu, Jun 5 7:00 AM]   (shot decision_customer_return_first skipped: headless)
   8.0s [Thu, Jun 5 7:00 AM]   decision customer_return_first → replace
   8.0s [Thu, Jun 5 7:00 AM]   click [Choice_replace] Send a replacement (express)
   8.0s [Thu, Jun 5 7:00 AM]   (shot decision_outcome_customer_return_first skipped: headless)
   8.0s [Thu, Jun 5 7:00 AM]   click "OK"
   8.3s [Thu, Jun 5 7:14 AM]   use "Packing table"
   8.3s [Thu, Jun 5 7:15 AM]   click [Pack] Pack 23 orders (3 h 4 min)
   8.4s [Thu, Jun 5 10:20 AM]   click [CourierEconomy] Courier · Economy 3 days ($82)
   8.4s [Thu, Jun 5 10:22 AM]   ok  resolved the first customer issue
   8.5s [Thu, Jun 5 10:25 AM]   ok  Chapter 2 complete
   8.5s [Thu, Jun 5 10:25 AM] STEP Purchase cancellation
   8.5s [Thu, Jun 5 10:27 AM]   use "Use laptop — Company OS"
   8.6s [Thu, Jun 5 10:28 AM]   click [Tab_operations] Operations
   8.6s [Thu, Jun 5 10:29 AM]   click [Buy_tradelink_wholesale_wireless_earbuds] Buy $900
   8.7s [Thu, Jun 5 10:40 AM]   click [CancelPO_PO-105] Cancel purchase
   8.7s [Thu, Jun 5 10:40 AM]   (shot purchase_cancel_confirmation skipped: headless)
   8.8s [Thu, Jun 5 10:40 AM]   click [ConfirmReturn] Confirm cancellation
   8.8s [Thu, Jun 5 10:40 AM]   ok  extra PO cancelled through UI
   8.8s [Thu, Jun 5 10:40 AM]   ok  cancellation cash equals quoted refund
   8.8s [Thu, Jun 5 10:40 AM]   ok  ledger balanced after purchase cancellation
   8.8s [Thu, Jun 5 10:41 AM]   (shot purchase_cancelled_operations skipped: headless)
   8.9s [Thu, Jun 5 10:42 AM] STEP Chapter 3 — wait for a weekday morning
   9.0s [Thu, Jun 5 10:47 AM]   ok  walked back outside
   9.0s [Thu, Jun 5 10:47 AM] STEP Metro to Civic Center → City Hall
   9.4s [Thu, Jun 5 10:59 AM]   use "Metro — Riverside Station"
   9.4s [Thu, Jun 5 11:00 AM]   (shot metro_civic_center skipped: headless)
   9.5s [Thu, Jun 5 11:00 AM]   click [Go_civic_center] Civic Center  ·  12 min
   9.5s [Thu, Jun 5 11:14 AM]   ok  took the Metro to Civic Center
   9.5s [Thu, Jun 5 11:14 AM]   (shot civic_center skipped: headless)
   9.9s [Thu, Jun 5 11:24 AM]   ok  entered Aurelia City Hall
   9.9s [Thu, Jun 5 11:24 AM]   (shot city_hall_inside skipped: headless)
   9.9s [Thu, Jun 5 11:26 AM]   use "Registration counter"
  10.0s [Thu, Jun 5 11:26 AM]   choose "› I want to register a company."
  10.1s [Thu, Jun 5 11:27 AM]   (shot registration_form skipped: headless)
  10.1s [Thu, Jun 5 11:27 AM]   click [Submit] Register & pay
  10.1s [Thu, Jun 5 12:13 PM]   (shot registration_done skipped: headless)
  10.1s [Thu, Jun 5 12:13 PM]   click "Thanks"
  10.2s [Thu, Jun 5 12:13 PM]   ok  registered Riverlight Goods
  10.2s [Thu, Jun 5 12:13 PM]   (shot decision_low_cash_warning skipped: headless)
  10.2s [Thu, Jun 5 12:13 PM]   decision low_cash_warning → reduce
  10.2s [Thu, Jun 5 12:13 PM]   click [Choice_reduce] Cut spending (pause ads, cheaper living)
  10.2s [Thu, Jun 5 12:13 PM]   (shot decision_outcome_low_cash_warning skipped: headless)
  10.2s [Thu, Jun 5 12:13 PM]   click "OK"
  10.4s [Thu, Jun 5 12:18 PM]   ok  walked back outside
  10.4s [Thu, Jun 5 12:18 PM] STEP Walk to the Financial District → Nexus Bank
  10.8s [Thu, Jun 5 12:38 PM]   ok  walked to Financial District
  11.0s [Thu, Jun 5 12:44 PM]   ok  entered Nexus Bank
  11.0s [Thu, Jun 5 12:44 PM]   (shot bank_inside skipped: headless)
  11.1s [Thu, Jun 5 12:46 PM]   use "Teller — business banking"
  11.1s [Thu, Jun 5 12:47 PM]   click "$15,000"
  11.2s [Thu, Jun 5 12:47 PM]   click [OpenAccount] Open account with $15,000
  11.3s [Thu, Jun 5 1:19 PM]   (shot bank_account_opened skipped: headless)
  11.3s [Thu, Jun 5 1:19 PM]   ok  business account opened with founder capital
  11.4s [Thu, Jun 5 1:24 PM]   ok  walked back outside
  11.4s [Thu, Jun 5 1:24 PM] STEP Metro to Startup Hub → lease Suite 2B
  11.7s [Thu, Jun 5 1:33 PM]   use "Metro — Financial District Station"
  11.8s [Thu, Jun 5 1:35 PM]   (shot metro_startup_hub skipped: headless)
  11.8s [Thu, Jun 5 1:35 PM]   click [Go_startup_hub] Startup Hub  ·  8 min
  11.9s [Thu, Jun 5 1:44 PM]   ok  took the Metro to Startup Hub
  12.2s [Thu, Jun 5 1:52 PM]   ok  entered 22 Founders Lane
  12.2s [Thu, Jun 5 1:52 PM]   (shot suite_2b_tour skipped: headless)
  12.2s [Thu, Jun 5 1:53 PM]   use "Talk to Tom"
  12.4s [Thu, Jun 5 1:53 PM]   click [SignLease] Sign the lease
  12.4s [Thu, Jun 5 1:55 PM]   ok  leased Suite 2B
  12.4s [Thu, Jun 5 1:56 PM]   (shot suite_2b_company_sign skipped: headless)
  12.4s [Thu, Jun 5 1:56 PM] STEP Sit at the desk → Company OS as the company
  12.5s [Thu, Jun 5 1:57 PM]   use "Sit at your desk — Company OS"
  12.5s [Thu, Jun 5 1:58 PM]   (shot company_os_as_company skipped: headless)
  12.5s [Thu, Jun 5 1:58 PM]   click [Tab_finance] Finance
  12.6s [Thu, Jun 5 1:59 PM]   (shot company_os_finance skipped: headless)
  12.6s [Thu, Jun 5 1:59 PM]   click [Tab_inventory] Inventory
  12.6s [Thu, Jun 5 2:00 PM]   (shot company_os_inventory skipped: headless)
  12.7s [Thu, Jun 5 2:05 PM]   ok  Chapter 3 complete
  12.9s [Thu, Jun 5 2:10 PM]   ok  walked back outside
  12.9s [Thu, Jun 5 2:10 PM]   (shot startup_hub_office_sign skipped: headless)
  12.9s [Thu, Jun 5 2:10 PM]   ok  genuine chapter-three save captured
  12.9s [Thu, Jun 5 2:10 PM] BOT FINISHED — 0 failure(s) · 12.9s real
