Godot Engine v4.5.1.stable.official.f62fdbde1 - https://godotengine.org
OpenGL API OpenGL ES 3.0 (WebGL 2.0 (OpenGL ES 3.0 Chromium)) - Compatibility - Using Device: WebKit - WebKit WebGL
Build configuration: Emscripten 4.0.10, single-threaded, no GDExtension support.
   4.4s [6月1日（週日） 下午 2:05]   ok  step 2 is the phone (phone)
   4.6s [6月1日（週日） 下午 2:05]   shot 01_tut_phone_button.png
   5.3s [6月1日（週日） 下午 2:06]   shot 02_tut_phone_open.png
   6.9s [6月1日（週日） 下午 2:08]   shot 03_tut_exit.png
   9.1s [6月1日（週日） 下午 2:11]   shot 04_tut_riverside_arrow.png
  10.7s [6月1日（週日） 下午 2:13]   shot 05_tut_walk_east.png
  14.0s [6月1日（週日） 下午 2:18]   ok  at the co-work: buy a day pass (cowork)
  14.3s [6月1日（週日） 下午 2:18]   shot 06_tut_cowork_arrow.png
  15.0s [6月1日（週日） 下午 2:19]   shot 07_tut_cowork_daypass.png
  15.0s [6月1日（週日） 下午 2:19]   click [DayPass] Buy a day pass ($15)
  18.3s [6月1日（週日） 下午 2:24]   shot 08_tut_board.png
  18.3s [6月1日（週日） 下午 2:24]   click [Biz_ecommerce] ● 電商
  19.2s [6月1日（週日） 下午 2:25]   shot 09_tut_board_ecommerce.png
  19.2s [6月1日（週日） 下午 2:25]   click [StartEcommerce] Start an ecommerce side business
  22.9s [6月1日（週日） 下午 2:30]   shot 10_tut_os_overview.png
  22.9s [6月1日（週日） 下午 2:30]   click [Tab_operations] Operations
  24.1s [6月1日（週日） 下午 2:32]   shot 11_tut_os_buy.png
  24.1s [6月1日（週日） 下午 2:32]   click [Buy_tradelink_wholesale_phone_stand] 購買 $272
  26.2s [6月1日（週日） 下午 2:45]   ok  the first stock arrives at once: list it (shoot)
  26.2s [6月1日（週日） 下午 2:45]   ok  stock delivered on the spot
  26.4s [6月1日（週日） 下午 2:45]   shot 12_tut_os_sales.png
  26.4s [6月1日（週日） 下午 2:45]   click [Tab_sales] Sales
  27.3s [6月1日（週日） 下午 2:47]   click [ListSelf_phone_stand] Shoot photos myself & list (1 h 20 min)
  33.3s [6月1日（週日） 下午 4:16]   ok  listed: wait for or pack the first order (pack)
  35.0s [6月1日（週日） 下午 4:18]   shot 13_tut_order_wait.png
  35.0s [6月1日（週日） 下午 4:18]   ok  the first order comes in within minutes
  36.4s [6月1日（週日） 下午 4:20]   ok  pack it (pack)
  37.8s [6月1日（週日） 下午 4:22]   use "Packing table"
  38.8s [6月1日（週日） 下午 4:23]   shot 14_tut_pack.png
  38.8s [6月1日（週日） 下午 4:23]   click [Pack] 打包 1 筆訂單（8 分鐘）
  40.3s [6月1日（週日） 下午 4:34]   ok  then send it (ship)
  40.4s [6月1日（週日） 下午 4:34]   shot 15_tut_ship.png
  40.4s [6月1日（週日） 下午 4:34]   click [Carry] Carry them to PostPoint yourself (cheaper, costs y
  42.4s [6月1日（週日） 下午 4:37]   ok  carry it to PostPoint (dropoff)
  45.2s [6月1日（週日） 下午 4:41]   use "Drop off parcels"
  46.1s [6月1日（週日） 下午 4:42]   shot 16_tut_dropoff.png
  46.1s [6月1日（週日） 下午 4:42]   click [DropEconomy] 經濟件 · 3 天——$3
  48.1s [6月1日（週日） 下午 4:50]   ok  on its way (paid)
  56.1s [6月1日（週日） 下午 5:03]   ok  the first parcel is delivered within minutes
  57.7s [6月1日（週日） 下午 5:05]   ok  first sale done: now a job on the side (job)
  60.0s [6月1日（週日） 下午 5:08]   shot 17_tut_job_door.png
  61.5s [6月1日（週日） 下午 5:10]   use "Staff door — work a shift"
  62.2s [6月1日（週日） 下午 5:11]   click [ApplyJob] Take the job
  64.1s [6月1日（週日） 下午 5:14]   ok  hired: work a shift (shift)
  64.3s [6月1日（週日） 下午 5:14]   shot 18_tut_shift_ready.png
  64.3s [6月1日（週日） 下午 5:14]   click [WorkShift] 開始 2 小時的班（最多 +$34）
  71.0s [6月1日（週日） 下午 7:24]   after the shift: 6月1日（週日） 下午 7:24, step sleep
  72.8s [6月1日（週日） 下午 7:27]   shot 19_tut_sleep.png
  74.8s [6月1日（週日） 下午 7:30]   use "Sleep"
  75.5s [6月1日（週日） 下午 7:30]   click [Sleep] Sleep until 7:00 AM
  78.9s [6月2日（週一） 上午 7:00]   shot 20_tut_graduate.png
  78.9s [6月2日（週一） 上午 7:00]   ok  the first venture ends with the what's-next card
  78.9s [6月2日（週一） 上午 7:00]   ok  the guided first venture is complete
  78.9s [6月2日（週一） 上午 7:00]   tutorial at step done
  78.9s [6月2日（週一） 上午 7:00] BOT FINISHED — 0 failure(s) · 78.9s real
  78.9s [6月2日（週一） 上午 7:00] English audit: 47 on-screen text(s) with untranslated words