Godot Engine v4.5.1.stable.official.f62fdbde1 - https://godotengine.org
OpenGL API 3.3.0 NVIDIA 462.59 - Compatibility - Using Device: NVIDIA - Quadro RTX 4000

   0.0s STEP Main menu → New Game
   0.3s   shot 01_main_menu.png
   0.4s   click [NewGame] New Game
   1.6s STEP Character Creator
   1.7s   shot 02_creator_default.png
   1.7s   click [Tab_hair] Hair
   1.8s   click [Next_hair] ▶
   2.3s   click [Tab_face] Face
   2.4s   click [Next_face] ▶
   2.5s   click [Next_eye_shape] ▶
   2.7s   click [Tab_body] Body
   2.9s   click [Next_presentation] ▶
   3.6s   shot 03_creator_customised.png
   3.6s   click [Tab_outfit] Outfit
   3.8s   click "Startup Casual"
   4.4s   ok  appearance changed from default (short_neat)
   4.5s   shot 04_creator_final.png
   4.5s   click [Start] Start in Aurelia  →
   4.5s [6月1日（週日） 下午 2:00] STEP Arrival sequence
   7.2s [6月1日（週日） 下午 2:00]   shot 05_arrival_train.png
  10.8s [6月1日（週日） 下午 2:00]   shot 06_arrival_phone.png
  16.5s [6月1日（週日） 下午 2:01]   ok  spawned in the Riverside apartment
  16.5s [6月1日（週日） 下午 2:01]   ok  starting cash $30,000
  16.5s [6月1日（週日） 下午 2:01]   ok  name saved
  18.3s [6月1日（週日） 下午 2:03]   shot 07_apartment_arrival.png
  26.7s [6月2日（週一） 上午 9:07] STEP Home lease: two real exit options
  27.6s [6月2日（週一） 上午 9:08]   use "Find a home — rent and moving"
  28.2s [6月2日（週一） 上午 9:08]   shot 08_moving_home_choices.png
  29.2s [6月2日（週一） 上午 9:08]   click [HomeNow_old_town_studio] 今天搬走：違約金 $1,375.00
  29.9s [6月2日（週一） 上午 9:08]   ok  real lease and immediate termination
  29.9s [6月2日（週一） 上午 9:08]   shot 09_moving_home_receipt.png
  30.8s [6月2日（週一） 上午 9:09]   shot 10_moving_studio_1a.png
  30.8s [6月2日（週一） 上午 9:09]   ok  wake at configured new bed spot
  37.7s [6月2日（週一） 上午 9:09]   use "Use laptop — Company OS"
  38.3s [6月2日（週一） 上午 9:09]   shot 11_moving_home_company_os.png
  45.3s [6月2日（週一） 上午 9:09]   use "Packing table"
  45.9s [6月2日（週一） 上午 9:09]   shot 12_moving_home_packing_table.png
  46.3s [6月2日（週一） 上午 9:09]   shot 13_moving_notice_and_cancel.png
  46.7s [6月2日（週一） 上午 9:09]   click [CancelHomeMove] Cancel reservation and return deposit
  47.3s [6月2日（週一） 上午 9:09]   ok  notice cancellation returns deposit
  47.3s [6月2日（週一） 上午 9:09]   ok  moving ledger balances
  47.3s [6月2日（週一） 上午 9:09]   ok  home and stock save
  47.3s [6月2日（週一） 上午 9:09] BOT FINISHED — 0 failure(s) · 47.3s real
  47.3s [6月2日（週一） 上午 9:09] English audit: 2 on-screen text(s) with untranslated words
