Godot Engine v4.5.1.stable.official.f62fdbde1 - https://godotengine.org
OpenGL API 3.3.0 NVIDIA 462.59 - Compatibility - Using Device: NVIDIA - Quadro RTX 4000

   0.1s [6月1日（週日） 下午 2:00] STEP Closed destination at the first tutorial instruction
   1.6s [6月2日（週一） 下午 10:00]   ok  first prompt states next opening
   1.8s [6月2日（週一） 下午 10:00]   shot 01_tutorial_closed_hours.png
   1.8s [6月2日（週一） 下午 10:00]   click [TutorialWaitOpening] Fast-forward to opening
   2.9s [6月3日（週二） 上午 7:01]   ok  wait goes through normal clock simulation to opening
   2.9s [6月3日（週二） 上午 7:01]   ok  open prompt states closing time
   3.1s [6月3日（週二） 上午 7:01]   shot 02_tutorial_open_hours.png
   3.1s [6月3日（週二） 上午 7:01] STEP City Guide gives live hours and explicit waiting
   4.4s [6月6日（週五） 下午 6:00]   ok  closed City Hall has a wait option
   4.5s [6月6日（週五） 下午 6:00]   shot 03_city_guide_weekend_hours.png
   4.5s [6月6日（週五） 下午 6:00] STEP Every coffee ticket names the espresso count
   4.9s [6月6日（週五） 下午 6:00]   click [StartGame] Start
   5.5s [6月6日（週五） 下午 6:00]   ok  single shot named
   5.6s [6月6日（週五） 下午 6:00]   shot 04_barista_single_shot.png
   5.7s [6月6日（週五） 下午 6:00]   shot 05_barista_flat_white_double_shot.png
   5.7s [6月6日（週五） 下午 6:00] STEP Payment terms explanation beside suppliers and contracts
   6.7s [6月6日（週五） 下午 6:01]   shot 06_supplier_terms_badge.png
   7.9s [6月6日（週五） 下午 6:03]   shot 07_payment_terms_explanation.png
   7.9s [6月6日（週五） 下午 6:03]   ok  normal wait and company registration preserve ledger
   7.9s [6月6日（週五） 下午 6:03] BOT FINISHED — 0 failure(s) · 7.9s real
   7.9s [6月6日（週五） 下午 6:03] English audit: 3 on-screen text(s) with untranslated words
