Godot Engine v4.5.1.stable.official.f62fdbde1 - https://godotengine.org

  PASS test_city_future.gd::test_chapter19_already_done_and_impossible (12 ms)
  PASS test_city_future.gd::test_chapter20_already_done_and_impossible (9 ms)
  PASS test_city_future.gd::test_chapter21_already_done_and_impossible (9 ms)
  PASS test_city_future.gd::test_chapter22_already_done_and_impossible (15 ms)
  PASS test_city_future.gd::test_chapter23_already_done_and_impossible (9 ms)
  PASS test_city_future.gd::test_chapter24_already_done_and_impossible (8 ms)
  PASS test_city_future.gd::test_paid_services_are_purchase_jobs_and_never_owner_revenue (2 ms)
  PASS test_city_future.gd::test_old_save_has_no_city_effect_and_effects_expire (4 ms)
  PASS test_city_future.gd::test_pending_purchase_save_load_and_closed_owner_can_use_partner (75 ms)
  PASS test_city_future.gd::test_insufficient_cash_double_purchase_and_invalid_choices_preserve_money (2 ms)
  PASS test_city_future.gd::test_secret_favor_is_disqualified_without_a_bribe_transaction (4 ms)
  PASS test_city_future.gd::test_unowned_team_has_multiple_available_civic_choices_and_event_risks (16 ms)
  PASS test_city_future.gd::test_civic_modal_builds_and_never_recommends_a_political_choice (3 ms)
  PASS test_city_future.gd::test_talent_salary_and_volunteer_have_real_time_payroll_and_brand_tradeoffs (14 ms)
  PASS test_city_future.gd::test_options_vest_only_for_surviving_staff_without_cash_or_share_creation (5 ms)
  PASS test_city_future.gd::test_departed_team_forfeits_unvested_options_and_cannot_resurrect_closed_owner (7 ms)
  PASS test_city_future.gd::test_material_returns_reduce_a_cost_actually_paid_and_never_repeat (5 ms)
  PASS test_city_future.gd::test_election_changes_real_subsidy_quotes_and_keeps_rent_independent (9 ms)
  PASS test_city_future.gd::test_every_industry_has_temporary_peak_and_crises_fade_gradually (5 ms)
  PASS test_city_future.gd::test_transition_changes_actual_automotive_demand_and_paid_energy_asset (4 ms)
  PASS test_city_future.gd::test_zoning_changes_actual_construction_due_and_property_tax_ledger (360 ms)
  PASS test_city_future.gd::test_viewing_options_does_not_cast_board_vote_or_spend_money (4 ms)
  PASS test_city_future.gd::test_failed_suppliers_cannot_make_negative_quality_or_material_refund (4 ms)
  PASS test_city_future.gd::test_late_submission_cannot_buy_assurance_or_change_failed_outcome (4 ms)
  PASS test_city_future.gd::test_return_to_world_closes_the_underlying_company_os (58 ms)
  PASS test_city_future.gd::test_early_invalid_city_fixture_is_rejected_and_civic_schema_roundtrips (24 ms)
  PASS test_city_future.gd::test_actual_completed_city_capture_loads_receipts_cards_and_legacy (13 ms)
  PASS test_city_future.gd::test_inactive_issuer_vests_only_its_own_basis_and_restores_viewer (18 ms)
  PASS test_city_future.gd::test_inactive_talent_poaching_affects_only_recorded_team (28 ms)
  PASS test_city_future.gd::test_sold_founder_cannot_create_employee_shares_at_vesting (5 ms)

30/30 tests passed in 4.5s
JUnit report: D:/City-Venture-99/.qa-city99-portfolio-fixed.xml
