Godot Engine v4.5.1.stable.official.f62fdbde1 - https://godotengine.org
OpenGL API 3.3.0 NVIDIA 462.59 - Compatibility - Using Device: NVIDIA - Quadro RTX 4000

   0.0s STEP Main menu → New Game
   0.5s   shot 01_main_menu.png
   0.5s   click [NewGame] New Game
   1.8s STEP Character Creator
   1.9s   shot 02_creator_default.png
   1.9s   click [Tab_hair] Hair
   2.0s   click [Next_hair] ▶
   2.4s   click [Tab_face] Face
   2.5s   click [Next_face] ▶
   2.6s   click [Next_eye_shape] ▶
   2.8s   click [Tab_body] Body
   2.9s   click [Next_presentation] ▶
   3.5s   shot 03_creator_customised.png
   3.5s   click [Tab_outfit] Outfit
   3.5s   click "Startup Casual"
   4.1s   ok  appearance changed from default (short_neat)
   4.2s   shot 04_creator_final.png
   4.2s   click [Start] Start in Aurelia  →
   4.3s [6月1日（週日） 下午 2:00] STEP Arrival sequence
   6.9s [6月1日（週日） 下午 2:00]   shot 05_arrival_train.png
  10.5s [6月1日（週日） 下午 2:00]   shot 06_arrival_phone.png
  15.6s [6月1日（週日） 下午 2:01]   ok  spawned in the Riverside apartment
  15.6s [6月1日（週日） 下午 2:01]   ok  starting cash $30,000
  15.6s [6月1日（週日） 下午 2:01]   ok  name saved
  17.4s [6月1日（週日） 下午 2:03]   shot 07_apartment_arrival.png
  21.2s [6月1日（週日） 下午 2:09] STEP Controlled civic team fixture — actual hiring, options and inactive issuer deadline
  21.2s [6月1日（週日） 下午 2:09]   ok  issuer genuinely registered
  21.2s [6月1日（週日） 下午 2:09]   ok  issuer capital actually transferred
  21.2s [6月1日（週日） 下午 2:09]   ok  actual advertised employee hired
  23.4s [6月1日（週日） 下午 2:12]   use "City proposal desk"
  24.2s [6月1日（週日） 下午 2:12]   click [city_read] 閱讀市府簡報。
  25.4s [6月1日（週日） 下午 2:12]   click [city_partner] 加入城市合作，由市府預算支付供應商
  26.6s [6月1日（週日） 下午 2:12]   click [city_wait] 回到城市，等待已付款服務交付
  27.7s [6月9日（週一） 下午 2:13]   use "City proposal desk"
  27.9s [6月9日（週一） 下午 2:13]   shot 08_city_portfolio_actual_option_choices.png
  28.6s [6月9日（週一） 下午 2:13]   click [CityChoice_options] 提供員工 5% 選擇權，持續任職三十天後歸屬
  29.1s [6月9日（週一） 下午 2:13]   shot 09_city_portfolio_actual_option_commitment.png
  29.1s [6月9日（週一） 下午 2:13]   ok  actual founder option commitment
  29.1s [6月9日（週一） 下午 2:13]   ok  second company genuinely registered
  29.1s [6月9日（週一） 下午 2:13]   ok  second company paid opening capital
  30.6s [7月9日（週三） 下午 2:13]   ok  inactive issuer processing restores selected viewer
  30.6s [7月9日（週三） 下午 2:13]   ok  real retained or departed team resolves options on deadline
  30.6s [7月9日（週三） 下午 2:13]   ok  other cap table and cost remain untouched
  30.6s [7月9日（週三） 下午 2:13]   ok  only actual issuer basis transferred once
  30.6s [7月9日（週三） 下午 2:13]   ok  actual remaining employee controls vesting outcome
  30.6s [7月9日（週三） 下午 2:13]   ok  only actual founder shares become employee shares
  33.1s [7月9日（週三） 下午 2:13]   shot 10_month_close_report.png
  33.1s [7月9日（週三） 下午 2:13]   click [month close] Continue
  33.6s [7月9日（週三） 下午 2:13] FAIL month close did not close (pending 0, hovered none)
  35.3s [7月9日（週三） 下午 2:15]   shot 11_month_close_report.png
  35.4s [7月9日（週三） 下午 2:15] FAIL interactable not found: laptop
  43.7s [7月9日（週三） 下午 2:28] FAIL button 'Tab_finance' not found
  43.7s [7月9日（週三） 下午 2:28]       diag: modal=none dialogue=false phone=false
  44.4s [7月9日（週三） 下午 2:28]   shot 12_city_portfolio_issuer_actual_books.png
  44.4s [7月9日（週三） 下午 2:28]   ok  cross-company options and real payroll balance
  44.4s [7月9日（週三） 下午 2:28]   ok  save actual payroll and option ownership outcome
  44.4s [7月9日（週三） 下午 2:28]   ok  normal played save validation
  44.4s [7月9日（週三） 下午 2:28] BOT FINISHED — 3 failure(s) · 44.4s real
  44.4s [7月9日（週三） 下午 2:28] English audit: 6 on-screen text(s) with untranslated words
