Godot Engine v4.5.1.stable.official.f62fdbde1 - https://godotengine.org
OpenGL API 3.3.0 NVIDIA 462.59 - Compatibility - Using Device: NVIDIA - Quadro RTX 4000

   0.0s STEP Main menu → New Game
   0.7s   shot 01_main_menu.png
   0.7s   click [NewGame] New Game
   2.0s STEP Character Creator
   2.0s   shot 02_creator_default.png
   2.1s   click [Tab_hair] Hair
   2.1s   click [Next_hair] ▶
   2.5s   click [Tab_face] Face
   2.6s   click [Next_face] ▶
   2.7s   click [Next_eye_shape] ▶
   2.8s   click [Tab_body] Body
   2.9s   click [Next_presentation] ▶
   3.5s   shot 03_creator_customised.png
   3.5s   click [Tab_outfit] Outfit
   3.6s   click "Startup Casual"
   4.2s   ok  appearance changed from default (short_neat)
   4.3s   shot 04_creator_final.png
   4.3s   click [Start] Start in Aurelia  →
   4.3s [6月1日（週日） 下午 2:00] STEP Arrival sequence
   7.0s [6月1日（週日） 下午 2:00]   shot 05_arrival_train.png
  10.6s [6月1日（週日） 下午 2:00]   shot 06_arrival_phone.png
  15.7s [6月1日（週日） 下午 2:01]   ok  spawned in the Riverside apartment
  15.7s [6月1日（週日） 下午 2:01]   ok  starting cash $30,000
  15.7s [6月1日（週日） 下午 2:01]   ok  name saved
  17.4s [6月1日（週日） 下午 2:03]   shot 07_apartment_arrival.png
  21.2s [6月1日（週日） 下午 2:09] STEP Third-season fixture: existing second-season eligibility; all city deliveries, spending and choices played below
  28.5s [6月1日（週日） 下午 2:20]   use "Use laptop — Company OS"
  29.2s [6月1日（週日） 下午 2:21]   click [Tab_overview] Overview
  30.5s [6月1日（週日） 下午 2:23]   click [OpenCityFuture] 城市的未來
  31.7s [6月1日（週日） 下午 2:23]   click [city_start] 加入城市提案
  32.2s [6月1日（週日） 下午 2:23] STEP Civic chapter 19 — real supplier invoices and player decision
  32.9s [6月1日（週日） 下午 2:23]   click [city_read] 閱讀市府簡報。
  33.4s [6月1日（週日） 下午 2:23]   shot 08_city19_supplier_budget.png
  34.1s [6月1日（週日） 下午 2:23]   click [city_partner] 加入城市合作，由市府預算支付供應商
  35.3s [6月1日（週日） 下午 2:23]   click [city_wait] 回到城市，等待已付款服務交付
  36.5s [6月9日（週一） 下午 2:24]   use "Use laptop — Company OS"
  37.0s [6月9日（週一） 下午 2:25]   click [Tab_overview] Overview
  38.4s [6月9日（週一） 下午 2:27]   click [OpenCityFuture] 城市的未來
  38.9s [6月9日（週一） 下午 2:27]   shot 09_city19_real_decisions.png
  39.6s [6月9日（週一） 下午 2:27]   click [CityChoice_balanced] 提交均衡的博覽會申辦提案
  40.8s [6月9日（週一） 下午 2:27]   click [city_wait_result] 回到城市，等待兩天後公布成果
  42.0s [6月11日（週三） 下午 3:28]   use "Use laptop — Company OS"
  42.6s [6月11日（週三） 下午 3:29]   click [Tab_overview] Overview
  44.0s [6月11日（週三） 下午 3:31]   click [OpenCityFuture] 城市的未來
  44.5s [6月11日（週三） 下午 3:31]   shot 10_city19_recorded_result.png
  45.1s [6月11日（週三） 下午 3:31]   click [city_review] 檢視實際交付與城市成果。
  45.6s [6月11日（週三） 下午 3:31]   ok  city chapter completed from actual services and result 19
  45.6s [6月11日（週三） 下午 3:31]   ok  city chapter 19 balanced books
  45.6s [6月11日（週三） 下午 3:31] STEP Civic chapter 20 — real supplier invoices and player decision
  46.3s [6月11日（週三） 下午 3:31]   click [city_read] 閱讀市府簡報。
  46.8s [6月11日（週三） 下午 3:31]   shot 11_city20_supplier_budget.png
  47.5s [6月11日（週三） 下午 3:31]   click [city_partner] 加入城市合作，由市府預算支付供應商
  48.7s [6月11日（週三） 下午 3:31]   click [city_wait] 回到城市，等待已付款服務交付
  49.9s [6月19日（週四） 下午 3:32]   use "Use laptop — Company OS"
  50.5s [6月19日（週四） 下午 3:33]   click [Tab_overview] Overview
  51.8s [6月19日（週四） 下午 3:35]   click [OpenCityFuture] 城市的未來
  52.3s [6月19日（週四） 下午 3:35]   shot 12_city20_real_decisions.png
  53.0s [6月19日（週四） 下午 3:35]   click [CityChoice_transparent] 公開招標，接受獨立監督
  54.2s [6月19日（週四） 下午 3:35]   click [city_wait_result] 回到城市，等待兩天後公布成果
  55.4s [6月21日（週六） 下午 4:36]   use "Use laptop — Company OS"
  56.0s [6月21日（週六） 下午 4:37]   click [Tab_overview] Overview
  57.4s [6月21日（週六） 下午 4:39]   click [OpenCityFuture] 城市的未來
  57.9s [6月21日（週六） 下午 4:39]   shot 13_city20_recorded_result.png
  58.6s [6月21日（週六） 下午 4:39]   click [city_review] 檢視實際交付與城市成果。
  59.0s [6月21日（週六） 下午 4:39]   ok  city chapter completed from actual services and result 20
  59.0s [6月21日（週六） 下午 4:39]   ok  city chapter 20 balanced books
  59.0s [6月21日（週六） 下午 4:39] STEP Civic chapter 21 — real supplier invoices and player decision
  59.8s [6月21日（週六） 下午 4:39]   click [city_read] 閱讀市府簡報。
  60.3s [6月21日（週六） 下午 4:39]   shot 14_city21_supplier_budget.png
  60.9s [6月21日（週六） 下午 4:39]   click [city_partner] 加入城市合作，由市府預算支付供應商
  62.1s [6月21日（週六） 下午 4:39]   click [city_wait] 回到城市，等待已付款服務交付
  63.3s [6月29日（週日） 下午 4:40]   use "Use laptop — Company OS"
  63.9s [6月29日（週日） 下午 4:41]   click [Tab_overview] Overview
  65.3s [6月29日（週日） 下午 4:43]   click [OpenCityFuture] 城市的未來
  65.8s [6月29日（週日） 下午 4:43]   shot 15_city21_real_decisions.png
  66.5s [6月29日（週日） 下午 4:43]   click [CityChoice_both] 投資小型網路，爭取分階段實施 · $2,500.00
  67.6s [6月29日（週日） 下午 4:43]   click [city_wait_result] 回到城市，等待兩天後公布成果
  70.2s [7月1日（週二） 下午 5:43]   shot 16_month_close_report.png
  70.2s [7月1日（週二） 下午 5:43]   click [month close] Continue
  70.9s [7月1日（週二） 下午 5:43]   use "Use laptop — Company OS"
  71.5s [7月1日（週二） 下午 5:44]   click [Tab_overview] Overview
  72.8s [7月1日（週二） 下午 5:46]   click [OpenCityFuture] 城市的未來
  73.3s [7月1日（週二） 下午 5:47]   shot 17_city21_recorded_result.png
  74.0s [7月1日（週二） 下午 5:47]   click [city_review] 檢視實際交付與城市成果。
  74.5s [7月1日（週二） 下午 5:47]   ok  city chapter completed from actual services and result 21
  74.5s [7月1日（週二） 下午 5:47]   ok  city chapter 21 balanced books
  74.5s [7月1日（週二） 下午 5:47] STEP Civic chapter 22 — real supplier invoices and player decision
  75.2s [7月1日（週二） 下午 5:47]   click [city_read] 閱讀市府簡報。
  75.7s [7月1日（週二） 下午 5:47]   shot 18_city22_supplier_budget.png
  76.4s [7月1日（週二） 下午 5:47]   click [city_partner] 加入城市合作，由市府預算支付供應商
  77.6s [7月1日（週二） 下午 5:47]   click [city_wait] 回到城市，等待已付款服務交付
  78.8s [7月9日（週三） 下午 5:48]   use "Use laptop — Company OS"
  79.4s [7月9日（週三） 下午 5:49]   click [Tab_overview] Overview
  80.7s [7月9日（週三） 下午 5:51]   click [OpenCityFuture] 城市的未來
  81.2s [7月9日（週三） 下午 5:51]   shot 19_city22_real_decisions.png
  81.9s [7月9日（週三） 下午 5:51]   click [CityChoice_culture] 舉辦 4 小時文化工作坊 · $0.00
  83.1s [7月9日（週三） 下午 9:51]   click [city_wait_result] 回到城市，等待兩天後公布成果
  84.3s [7月11日（週五） 下午 10:52]   use "Use laptop — Company OS"
  84.9s [7月11日（週五） 下午 10:53]   click [Tab_overview] Overview
  86.3s [7月11日（週五） 下午 10:55]   click [OpenCityFuture] 城市的未來
  86.9s [7月11日（週五） 下午 10:55]   shot 20_city22_recorded_result.png
  87.6s [7月11日（週五） 下午 10:55]   click [city_review] 檢視實際交付與城市成果。
  88.0s [7月11日（週五） 下午 10:55]   ok  city chapter completed from actual services and result 22
  88.0s [7月11日（週五） 下午 10:55]   ok  city chapter 22 balanced books
  88.0s [7月11日（週五） 下午 10:55] STEP Civic chapter 23 — real supplier invoices and player decision
  88.8s [7月11日（週五） 下午 10:55]   click [city_read] 閱讀市府簡報。
  89.3s [7月11日（週五） 下午 10:55]   shot 21_city23_supplier_budget.png
  89.9s [7月11日（週五） 下午 10:55]   click [city_partner] 加入城市合作，由市府預算支付供應商
  91.1s [7月11日（週五） 下午 10:55]   click [city_wait] 回到城市，等待已付款服務交付
  92.3s [7月19日（週六） 下午 10:56]   use "Use laptop — Company OS"
  92.9s [7月19日（週六） 下午 10:57]   click [Tab_overview] Overview
  94.3s [7月19日（週六） 下午 10:59]   click [OpenCityFuture] 城市的未來
  94.8s [7月19日（週六） 下午 10:59]   shot 22_city23_real_decisions.png
  95.5s [7月19日（週六） 下午 10:59]   click [CityChoice_neutral] 保持中立，接受選舉結果
  96.7s [7月19日（週六） 下午 10:59]   click [city_wait_result] 回到城市，等待兩天後公布成果
  97.9s [7月22日（週二） 上午 12:00]   use "Use laptop — Company OS"
  98.5s [7月22日（週二） 上午 12:01]   click [Tab_overview] Overview
  99.8s [7月22日（週二） 上午 12:03]   click [OpenCityFuture] 城市的未來
 100.3s [7月22日（週二） 上午 12:03]   shot 23_city23_recorded_result.png
 101.0s [7月22日（週二） 上午 12:03]   click [city_review] 檢視實際交付與城市成果。
 101.5s [7月22日（週二） 上午 12:03]   ok  city chapter completed from actual services and result 23
 101.5s [7月22日（週二） 上午 12:03]   ok  city chapter 23 balanced books
 101.5s [7月22日（週二） 上午 12:03] STEP Civic chapter 24 — real supplier invoices and player decision
 102.2s [7月22日（週二） 上午 12:03]   click [city_read] 閱讀市府簡報。
 102.7s [7月22日（週二） 上午 12:03]   shot 24_city24_supplier_budget.png
 103.4s [7月22日（週二） 上午 12:03]   click [city_partner] 加入城市合作，由市府預算支付供應商
 104.6s [7月22日（週二） 上午 12:03]   click [city_wait] 回到城市，等待已付款服務交付
 105.8s [7月30日（週三） 上午 12:04]   use "Use laptop — Company OS"
 106.4s [7月30日（週三） 上午 12:05]   click [Tab_overview] Overview
 107.7s [7月30日（週三） 上午 12:07]   click [OpenCityFuture] 城市的未來
 108.2s [7月30日（週三） 上午 12:07]   shot 25_city24_real_decisions.png
 108.9s [7月30日（週三） 上午 12:07]   click [CityChoice_resilient] 聘用待命團隊 · $1,000.00，減少危機衝擊
 110.1s [7月30日（週三） 上午 12:07]   click [city_wait_result] 回到城市，等待兩天後公布成果
 112.7s [8月1日（週五） 上午 1:07]   shot 26_month_close_report.png
 112.7s [8月1日（週五） 上午 1:07]   click [month close] Continue
 113.3s [8月1日（週五） 上午 1:07]   use "Use laptop — Company OS"
 114.0s [8月1日（週五） 上午 1:08]   click [Tab_overview] Overview
 115.3s [8月1日（週五） 上午 1:10]   click [OpenCityFuture] 城市的未來
 115.8s [8月1日（週五） 上午 1:11]   shot 27_city24_recorded_result.png
 116.5s [8月1日（週五） 上午 1:11]   click [city_review] 檢視實際交付與城市成果。
 117.0s [8月1日（週五） 上午 1:11]   ok  city chapter completed from actual services and result 24
 117.0s [8月1日（週五） 上午 1:11]   ok  city chapter 24 balanced books
 117.0s [8月1日（週五） 上午 1:11]   ok  all six civic chapters completed
 117.0s [8月1日（週五） 上午 1:11]   ok  city result preserves the earlier actual business ending
 117.0s [8月1日（週五） 上午 1:11]   shot 28_city_legacy_card_1.png
 117.7s [8月1日（週五） 上午 1:11]   click [city_next_card] 下一張城市回顧卡
 118.2s [8月1日（週五） 上午 1:11]   shot 29_city_legacy_card_2.png
 118.9s [8月1日（週五） 上午 1:11]   click [city_next_card] 下一張城市回顧卡
 119.4s [8月1日（週五） 上午 1:11]   shot 30_city_legacy_card_3.png
 120.1s [8月1日（週五） 上午 1:11]   click [city_next_card] 下一張城市回顧卡
 120.6s [8月1日（週五） 上午 1:11]   shot 31_city_legacy_card_4.png
 121.3s [8月1日（週五） 上午 1:11]   click [city_next_card] 下一張城市回顧卡
 121.8s [8月1日（週五） 上午 1:11]   shot 32_city_legacy_card_5.png
 122.4s [8月1日（週五） 上午 1:11]   click [city_next_card] 下一張城市回顧卡
 122.9s [8月1日（週五） 上午 1:11]   shot 33_city_legacy_card_6.png
 123.6s [8月1日（週五） 上午 1:11]   click [city_next_card] 下一張城市回顧卡
 124.1s [8月1日（週五） 上午 1:11]   shot 34_city_business_legacy_handoff.png
 124.8s [8月1日（週五） 上午 1:11]   click [city_legacy] 接續查看企業 Legacy 結局
 125.3s [8月1日（週五） 上午 1:11]   ok  city legacy connects to actual business legacy
 125.3s [8月1日（週五） 上午 1:11]   ok  played third-season save with real supplier receipts
 125.3s [8月1日（週五） 上午 1:11] BOT FINISHED — 0 failure(s) · 125.3s real
 125.3s [8月1日（週五） 上午 1:11] English audit: 6 on-screen text(s) with untranslated words
