Godot Engine v4.5.1.stable.official.f62fdbde1 - https://godotengine.org
OpenGL API 3.3.0 NVIDIA 462.59 - Compatibility - Using Device: NVIDIA - Quadro RTX 4000

   0.0s STEP Main menu → New Game
   0.6s   shot 01_main_menu.png
   0.6s   click [NewGame] New Game
   1.9s STEP Character Creator
   2.0s   shot 02_creator_default.png
   2.0s   click [Tab_hair] Hair
   2.0s   click [Next_hair] ▶
   2.4s   click [Tab_face] Face
   2.5s   click [Next_face] ▶
   2.6s   click [Next_eye_shape] ▶
   2.7s   click [Tab_body] Body
   2.8s   click [Next_presentation] ▶
   3.4s   shot 03_creator_customised.png
   3.5s   click [Tab_outfit] Outfit
   3.5s   click "Startup Casual"
   4.1s   ok  appearance changed from default (short_neat)
   4.2s   shot 04_creator_final.png
   4.2s   click [Start] Start in Aurelia  →
   4.3s [6月1日（週日） 下午 2:00] STEP Arrival sequence
   6.9s [6月1日（週日） 下午 2:00]   shot 05_arrival_train.png
  10.5s [6月1日（週日） 下午 2:00]   shot 06_arrival_phone.png
  15.6s [6月1日（週日） 下午 2:01]   ok  spawned in the Riverside apartment
  15.6s [6月1日（週日） 下午 2:01]   ok  starting cash $30,000
  15.6s [6月1日（週日） 下午 2:01]   ok  name saved
  17.4s [6月1日（週日） 下午 2:03]   shot 07_apartment_arrival.png
  21.2s [6月1日（週日） 下午 2:09] STEP Third-season fixture: existing second-season eligibility; all city deliveries, spending and choices played below
  23.6s [6月1日（週日） 下午 2:12]   use "City proposal desk"
  24.4s [6月1日（週日） 下午 2:12]   click [city_start] 加入城市提案
  24.9s [6月1日（週日） 下午 2:12] STEP Civic chapter 19 — real supplier invoices and player decision
  25.6s [6月1日（週日） 下午 2:12]   click [city_read] 閱讀市府簡報。
  26.1s [6月1日（週日） 下午 2:12]   shot 08_city19_supplier_budget.png
  26.8s [6月1日（週日） 下午 2:12]   click [city_partner] 加入城市合作，由市府預算支付供應商
  28.0s [6月1日（週日） 下午 2:12]   click [city_wait] 回到城市，等待已付款服務交付
  29.1s [6月9日（週一） 下午 2:13]   use "City proposal desk"
  29.3s [6月9日（週一） 下午 2:13]   shot 09_city19_real_decisions.png
  29.9s [6月9日（週一） 下午 2:13]   click [CityChoice_balanced] 提交均衡的博覽會申辦提案
  31.1s [6月9日（週一） 下午 2:13]   click [city_wait_result] 回到城市，等待兩天後公布成果
  32.2s [6月11日（週三） 下午 3:14]   use "City proposal desk"
  32.4s [6月11日（週三） 下午 3:14]   shot 10_city19_recorded_result.png
  33.1s [6月11日（週三） 下午 3:14]   click [city_review] 檢視實際交付與城市成果。
  33.5s [6月11日（週三） 下午 3:14]   ok  city chapter completed from actual services and result 19
  33.5s [6月11日（週三） 下午 3:14]   ok  city chapter 19 balanced books
  33.5s [6月11日（週三） 下午 3:14] STEP Civic chapter 20 — real supplier invoices and player decision
  34.2s [6月11日（週三） 下午 3:14]   click [city_read] 閱讀市府簡報。
  34.7s [6月11日（週三） 下午 3:14]   shot 11_city20_supplier_budget.png
  35.4s [6月11日（週三） 下午 3:14]   click [city_partner] 加入城市合作，由市府預算支付供應商
  36.6s [6月11日（週三） 下午 3:14]   click [city_wait] 回到城市，等待已付款服務交付
  37.8s [6月19日（週四） 下午 3:15]   use "City proposal desk"
  37.9s [6月19日（週四） 下午 3:15]   shot 12_city20_real_decisions.png
  38.6s [6月19日（週四） 下午 3:15]   click [CityChoice_transparent] 公開招標，接受獨立監督
  39.8s [6月19日（週四） 下午 3:15]   click [city_wait_result] 回到城市，等待兩天後公布成果
  40.9s [6月21日（週六） 下午 4:16]   use "City proposal desk"
  41.1s [6月21日（週六） 下午 4:16]   shot 13_city20_recorded_result.png
  41.7s [6月21日（週六） 下午 4:16]   click [city_review] 檢視實際交付與城市成果。
  42.2s [6月21日（週六） 下午 4:16]   ok  city chapter completed from actual services and result 20
  42.2s [6月21日（週六） 下午 4:16]   ok  city chapter 20 balanced books
  42.2s [6月21日（週六） 下午 4:16] STEP Civic chapter 21 — real supplier invoices and player decision
  42.9s [6月21日（週六） 下午 4:16]   click [city_read] 閱讀市府簡報。
  43.4s [6月21日（週六） 下午 4:16]   shot 14_city21_supplier_budget.png
  44.1s [6月21日（週六） 下午 4:16]   click [city_partner] 加入城市合作，由市府預算支付供應商
  45.3s [6月21日（週六） 下午 4:16]   click [city_wait] 回到城市，等待已付款服務交付
  46.4s [6月29日（週日） 下午 4:17]   use "City proposal desk"
  46.6s [6月29日（週日） 下午 4:17]   shot 15_city21_real_decisions.png
  47.2s [6月29日（週日） 下午 4:17]   click [CityChoice_both] 投資小型網路，爭取分階段實施 · $2,500.00
  48.4s [6月29日（週日） 下午 4:17]   click [city_wait_result] 回到城市，等待兩天後公布成果
  51.0s [7月1日（週二） 下午 5:17]   shot 16_month_close_report.png
  51.0s [7月1日（週二） 下午 5:17]   click [month close] Continue
  51.6s [7月1日（週二） 下午 5:17]   use "City proposal desk"
  51.8s [7月1日（週二） 下午 5:18]   shot 17_city21_recorded_result.png
  52.5s [7月1日（週二） 下午 5:18]   click [city_review] 檢視實際交付與城市成果。
  52.9s [7月1日（週二） 下午 5:18]   ok  city chapter completed from actual services and result 21
  52.9s [7月1日（週二） 下午 5:18]   ok  city chapter 21 balanced books
  52.9s [7月1日（週二） 下午 5:18] STEP Civic chapter 22 — real supplier invoices and player decision
  53.7s [7月1日（週二） 下午 5:18]   click [city_read] 閱讀市府簡報。
  54.2s [7月1日（週二） 下午 5:18]   shot 18_city22_supplier_budget.png
  54.8s [7月1日（週二） 下午 5:18]   click [city_partner] 加入城市合作，由市府預算支付供應商
  56.0s [7月1日（週二） 下午 5:18]   click [city_wait] 回到城市，等待已付款服務交付
  57.2s [7月9日（週三） 下午 5:19]   use "City proposal desk"
  57.3s [7月9日（週三） 下午 5:19]   shot 19_city22_real_decisions.png
  58.0s [7月9日（週三） 下午 5:19]   click [CityChoice_culture] 舉辦 4 小時文化工作坊 · $0.00
  59.2s [7月9日（週三） 下午 9:19]   click [city_wait_result] 回到城市，等待兩天後公布成果
  60.3s [7月11日（週五） 下午 10:20]   use "City proposal desk"
  60.5s [7月11日（週五） 下午 10:20]   shot 20_city22_recorded_result.png
  61.1s [7月11日（週五） 下午 10:20]   click [city_review] 檢視實際交付與城市成果。
  61.6s [7月11日（週五） 下午 10:20]   ok  city chapter completed from actual services and result 22
  61.6s [7月11日（週五） 下午 10:20]   ok  city chapter 22 balanced books
  61.6s [7月11日（週五） 下午 10:20] STEP Civic chapter 23 — real supplier invoices and player decision
  62.3s [7月11日（週五） 下午 10:20]   click [city_read] 閱讀市府簡報。
  62.8s [7月11日（週五） 下午 10:20]   shot 21_city23_supplier_budget.png
  63.5s [7月11日（週五） 下午 10:20]   click [city_partner] 加入城市合作，由市府預算支付供應商
  64.7s [7月11日（週五） 下午 10:20]   click [city_wait] 回到城市，等待已付款服務交付
  65.8s [7月19日（週六） 下午 10:21]   use "City proposal desk"
  66.0s [7月19日（週六） 下午 10:21]   shot 22_city23_real_decisions.png
  66.6s [7月19日（週六） 下午 10:21]   click [CityChoice_neutral] 保持中立，接受選舉結果
  67.8s [7月19日（週六） 下午 10:21]   click [city_wait_result] 回到城市，等待兩天後公布成果
  69.0s [7月21日（週一） 下午 11:22]   use "City proposal desk"
  69.1s [7月21日（週一） 下午 11:22]   shot 23_city23_recorded_result.png
  69.8s [7月21日（週一） 下午 11:22]   click [city_review] 檢視實際交付與城市成果。
  70.2s [7月21日（週一） 下午 11:22]   ok  city chapter completed from actual services and result 23
  70.2s [7月21日（週一） 下午 11:22]   ok  city chapter 23 balanced books
  70.2s [7月21日（週一） 下午 11:22] STEP Civic chapter 24 — real supplier invoices and player decision
  71.0s [7月21日（週一） 下午 11:22]   click [city_read] 閱讀市府簡報。
  71.5s [7月21日（週一） 下午 11:22]   shot 24_city24_supplier_budget.png
  72.1s [7月21日（週一） 下午 11:22]   click [city_partner] 加入城市合作，由市府預算支付供應商
  73.3s [7月21日（週一） 下午 11:22]   click [city_wait] 回到城市，等待已付款服務交付
  74.5s [7月29日（週二） 下午 11:23]   use "City proposal desk"
  74.6s [7月29日（週二） 下午 11:23]   shot 25_city24_real_decisions.png
  75.3s [7月29日（週二） 下午 11:23]   click [CityChoice_resilient] 聘用待命團隊 · $1,000.00，減少危機衝擊
  76.5s [7月29日（週二） 下午 11:23]   click [city_wait_result] 回到城市，等待兩天後公布成果
  79.0s [8月1日（週五） 上午 12:23]   shot 26_month_close_report.png
  79.0s [8月1日（週五） 上午 12:23]   click [month close] Continue
  79.7s [8月1日（週五） 上午 12:23]   use "City proposal desk"
  79.9s [8月1日（週五） 上午 12:24]   shot 27_city24_recorded_result.png
  80.6s [8月1日（週五） 上午 12:24]   click [city_review] 檢視實際交付與城市成果。
  81.0s [8月1日（週五） 上午 12:24]   ok  city chapter completed from actual services and result 24
  81.0s [8月1日（週五） 上午 12:24]   ok  city chapter 24 balanced books
  81.0s [8月1日（週五） 上午 12:24]   ok  all six civic chapters completed
  81.1s [8月1日（週五） 上午 12:24]   shot 28_city_legacy_card_1.png
  81.7s [8月1日（週五） 上午 12:24]   click [city_next_card] 下一張城市回顧卡
  82.2s [8月1日（週五） 上午 12:24]   shot 29_city_legacy_card_2.png
  82.9s [8月1日（週五） 上午 12:24]   click [city_next_card] 下一張城市回顧卡
  83.4s [8月1日（週五） 上午 12:24]   shot 30_city_legacy_card_3.png
  84.1s [8月1日（週五） 上午 12:24]   click [city_next_card] 下一張城市回顧卡
  84.6s [8月1日（週五） 上午 12:24]   shot 31_city_legacy_card_4.png
  85.3s [8月1日（週五） 上午 12:24]   click [city_next_card] 下一張城市回顧卡
  85.8s [8月1日（週五） 上午 12:24]   shot 32_city_legacy_card_5.png
  86.5s [8月1日（週五） 上午 12:24]   click [city_next_card] 下一張城市回顧卡
  87.0s [8月1日（週五） 上午 12:24]   shot 33_city_legacy_card_6.png
  87.7s [8月1日（週五） 上午 12:24]   click [city_next_card] 下一張城市回顧卡
  88.2s [8月1日（週五） 上午 12:24]   shot 34_city_business_legacy_handoff.png
  88.8s [8月1日（週五） 上午 12:24]   click [city_legacy] 接續查看企業 Legacy 結局
  89.3s [8月1日（週五） 上午 12:24]   ok  city legacy connects to actual business legacy
  89.3s [8月1日（週五） 上午 12:24]   ok  played third-season save with real supplier receipts
  89.3s [8月1日（週五） 上午 12:24] BOT FINISHED — 0 failure(s) · 89.3s real
  89.3s [8月1日（週五） 上午 12:24] English audit: 5 on-screen text(s) with untranslated words
