Godot Engine v4.5.1.stable.official.f62fdbde1 - https://godotengine.org

[   0% ] [90m[1mfirst_scan_filesystem[22m | Started 專案初始化中 (5 steps)[39m[0m
[   0% ] [90m[1mfirst_scan_filesystem[22m | 正在掃描檔案結構…[39m[0m
[  16% ] [90m[1mfirst_scan_filesystem[22m | 載入全域類別名稱中…[39m[0m
[  33% ] [90m[1mfirst_scan_filesystem[22m | 正在驗證GD擴充功能...[39m[0m
[  50% ] [90m[1mfirst_scan_filesystem[22m | 正在建立自動載入腳本…[39m[0m
[  66% ] [90m[1mfirst_scan_filesystem[22m | 初始化外掛程式...[39m[0m
[  83% ] [90m[1mfirst_scan_filesystem[22m | 開始掃描檔案...[39m[0m
[92m[ DONE ][39m [1mfirst_scan_filesystem[22m
[0m
[   0% ] [90m[1mupdate_scripts_classes[22m | Started 註冊全域類別中... (6 steps)[39m[0m
[   0% ] [90m[1mupdate_scripts_classes[22m | FX[39m[0m
[  14% ] [90m[1mupdate_scripts_classes[22m | BankModal[39m[0m
[  28% ] [90m[1mupdate_scripts_classes[22m | PackShipModal[39m[0m
[  42% ] [90m[1mupdate_scripts_classes[22m | GlobalMarketUI[39m[0m
[  57% ] [90m[1mupdate_scripts_classes[22m | [39m[0m
[  71% ] [90m[1mupdate_scripts_classes[22m | Walkthrough[39m[0m
[92m[ DONE ][39m [1mupdate_scripts_classes[22m
[0m
[   0% ] [90m[1mloading_editor_layout[22m | Started 載入編輯器 (5 steps)[39m[0m
[   0% ] [90m[1mloading_editor_layout[22m | 載入編輯器版面配置中…[39m[0m
[92m[ DONE ][39m [1mloading_editor_layout[22m
[0m
