Godot Engine v4.5.1.stable.official.f62fdbde1 - https://godotengine.org
OpenGL API 3.3.0 NVIDIA 462.59 - Compatibility - Using Device: NVIDIA - Quadro RTX 4000

   0.0s STEP Main menu → New Game
   1.0s   shot 01_main_menu.png
   1.0s   click [NewGame] New Game
   2.3s STEP Character Creator
   2.4s   shot 02_creator_default.png
   2.4s   click [Tab_hair] Hair
   2.4s   click [Next_hair] ▶
   2.8s   click [Tab_face] Face
   2.9s   click [Next_face] ▶
   3.0s   click [Next_eye_shape] ▶
   3.1s   click [Tab_body] Body
   3.2s   click [Next_presentation] ▶
   3.8s   shot 03_creator_customised.png
   3.8s   click [Tab_outfit] Outfit
   3.9s   click "Startup Casual"
   4.5s   ok  appearance changed from default (short_neat)
   4.5s   shot 04_creator_final.png
   4.5s   click [Start] Start in Aurelia  →
   4.6s [6月1日（週日） 下午 2:00] STEP Arrival sequence
   7.1s [6月1日（週日） 下午 2:00]   shot 05_arrival_train.png
  10.7s [6月1日（週日） 下午 2:00]   shot 06_arrival_phone.png
  15.8s [6月1日（週日） 下午 2:01]   ok  spawned in the Riverside apartment
  15.8s [6月1日（週日） 下午 2:01]   ok  starting cash $30,000
  15.8s [6月1日（週日） 下午 2:01]   ok  name saved
  17.4s [6月1日（週日） 下午 2:03]   shot 07_apartment_arrival.png
  21.3s [6月1日（週日） 下午 2:09] STEP International bank account
  21.9s [6月1日（週日） 下午 2:10]   shot 08_global_bank_fee.png
  21.9s [6月1日（週日） 下午 2:10]   click [OpenInternationalAccount] 開立國際帳戶（$150.00）
  21.9s [6月1日（週日） 下午 2:40]   ok  actual bank button opens international account
  22.3s [6月1日（週日） 下午 2:40] STEP Local currency storefront and price
  22.8s [6月1日（週日） 下午 2:41]   click [Tab_sales] Sales
  22.9s [6月1日（週日） 下午 2:41]   click [SalesPage_overseas] Overseas
  23.1s [6月1日（週日） 下午 2:42]   click [OpenGlobalStore_northridge] Open storefront
  23.2s [6月1日（週日） 下午 2:42]   click [SaveGlobalPrice_L2] Save local price
  23.4s [6月1日（週日） 下午 2:42]   ok  saved price allows regional orders
  23.4s [6月1日（週日） 下午 2:42]   shot 09_global_local_price.png
  23.8s [6月1日（週日） 下午 2:43] STEP International economy shipping
  24.3s [6月1日（週日） 下午 2:43]   click [Pack] 打包 1 筆訂單（8 分鐘）
  25.0s [6月1日（週日） 下午 2:52]   shot 10_global_courier_choices.png
  25.0s [6月1日（週日） 下午 2:52]   click [CourierEconomy] 經濟快遞／國際 7–14 天（$23.60）
  25.4s [6月1日（週日） 下午 2:53]   ok  courier uses international route
  25.4s [6月18日（週三） 下午 2:53] STEP Foreign wallet conversion
  25.9s [6月18日（週三） 下午 2:54]   click [Tab_finance] Finance
  26.1s [6月18日（週三） 下午 2:54]   shot 11_global_foreign_wallet.png
  26.1s [6月18日（週三） 下午 2:54]   click [ConvertGlobal_NRD] 換匯入帳（$53.19）
  26.3s [6月18日（週三） 下午 2:54]   ok  real finance button converts wallet once
  26.3s [6月18日（週三） 下午 2:54]   shot 12_global_realized_fx.png
  26.7s [6月18日（週三） 下午 2:55] STEP World map regional facts
  27.2s [6月18日（週三） 下午 2:56]   click [Region_northridge] 
  27.3s [6月18日（週三） 下午 2:56]   ok  region card opens facts without travel
  27.4s [6月18日（週三） 下午 2:56]   shot 13_global_region_facts.png
  27.4s [6月18日（週三） 下午 2:56]   ok  global tour ledger balanced
  27.4s [6月18日（週三） 下午 2:56] BOT FINISHED — 0 failure(s) · 27.4s real
  27.4s [6月18日（週三） 下午 2:56] English audit: 1 on-screen text(s) with untranslated words
