   0.0s STEP Main menu → New Game
   0.8s   shot 01_main_menu.png
   0.8s   click [NewGame] New Game
   2.1s STEP Character Creator
   2.2s   shot 02_creator_default.png
   2.2s   click [Tab_hair] Hair
   2.3s   click [Next_hair] ▶
   2.7s   click [Tab_face] Face
   2.8s   click [Next_face] ▶
   2.9s   click [Next_eye_shape] ▶
   3.0s   click [Tab_body] Body
   3.1s   click [Next_presentation] ▶
   3.7s   shot 03_creator_customised.png
   3.7s   click [Tab_outfit] Outfit
   3.8s   click "Startup Casual"
   4.3s   ok  appearance changed from default (short_neat)
   4.4s   shot 04_creator_final.png
   4.4s   click [Start] Start in Aurelia  →
   4.5s [6月1日（週日） 下午 2:00] STEP Arrival sequence
   7.2s [6月1日（週日） 下午 2:00]   shot 05_arrival_train.png
  10.8s [6月1日（週日） 下午 2:00]   shot 06_arrival_phone.png
  15.9s [6月1日（週日） 下午 2:01]   ok  spawned in the Riverside apartment
  15.9s [6月1日（週日） 下午 2:01]   ok  starting cash $30,000
  15.9s [6月1日（週日） 下午 2:01]   ok  name saved
  17.6s [6月1日（週日） 下午 2:03]   shot 07_apartment_arrival.png
  17.7s [6月1日（週日） 下午 2:00] STEP (harness) skip to Chapter 10
  19.1s [6月1日（週日） 下午 2:02] STEP Industrial — factory lease, machine, technician and first OEM invoice
  24.3s [6月1日（週日） 下午 2:08]   ok  walked back outside
  38.2s [6月1日（週日） 下午 2:29]   use "捷運——河濱區站"
  39.2s [6月1日（週日） 下午 2:31]   shot 08_metro_industrial.png
  39.2s [6月1日（週日） 下午 2:31]   click [Go_industrial] 工業區  ·  14 分鐘
  40.7s [6月1日（週日） 下午 2:46]   ok  took the Metro to Industrial
  40.7s [6月1日（週日） 下午 2:46]   shot 09_industrial_day.png
  52.4s [6月1日（週日） 下午 3:04]   ok  entered Unit 12 Light Industrial
  55.5s [6月1日（週日） 下午 3:08]   use "Lease Unit 12"
  55.6s [6月1日（週日） 下午 3:09]   click [SignLease_unit12_factory] Sign the lease
  56.1s [6月1日（週日） 下午 3:09]   ok  factory lease signed with actual company funds
  56.3s [6月1日（週日） 下午 3:09]   shot 10_factory_interior.png
  57.1s [6月1日（週日） 下午 3:11]   use "Open Line Planner"
  57.2s [6月1日（週日） 下午 3:11]   click [OpenFactory] Open the factory
  57.3s [6月1日（週日） 下午 3:11]   click [RentMachine] Rent machine · $1,400/month
  57.5s [6月1日（週日） 下午 3:11]   click [HireTomas] Hire Tomas · $1,100/week
  57.6s [6月1日（週日） 下午 3:12]   ok  hired a production technician
  57.6s [6月1日（週日） 下午 3:12]   click [Quote_RFQ-1] Send quote
  57.8s [6月1日（週日） 下午 3:12]   ok  OEM quote became a Jobs contract with deposit
  57.8s [6月1日（週日） 下午 3:12]   click [MaterialMore] +100 units
  57.9s [6月1日（週日） 下午 3:12]   click [MaterialMore] +100 units
  58.1s [6月1日（週日） 下午 3:12]   click [MaterialMore] +100 units
  58.2s [6月1日（週日） 下午 3:12]   click [MaterialMore] +100 units
  58.4s [6月1日（週日） 下午 3:13]   click [MaterialMore] +100 units
  58.5s [6月1日（週日） 下午 3:13]   click [MaterialMore] +100 units
  58.7s [6月1日（週日） 下午 3:13]   click [MaterialMore] +100 units
  58.8s [6月1日（週日） 下午 3:13]   click [MaterialMore] +100 units
  59.0s [6月1日（週日） 下午 3:14]   click [MaterialMore] +100 units
  59.1s [6月1日（週日） 下午 3:14]   click [MaterialMore] +100 units
  59.3s [6月1日（週日） 下午 3:14]   click [BuyMaterials] Order Ferro materials
  60.1s [6月3日（週二） 下午 3:15]   use "Open Line Planner"
  60.2s [6月3日（週二） 下午 3:15]   click [Select_JOB-1] Schedule this order
  60.3s [6月3日（週二） 下午 3:16]   click [FactoryOvertime] ✗ 加班 · 工資 ×1.5、良率降低 2 個百分點
  60.5s [6月3日（週二） 下午 3:16]   click [More_hours] +
  60.6s [6月3日（週二） 下午 3:16]   click [More_hours] +
  60.8s [6月3日（週二） 下午 3:16]   click [More_hours] +
  61.4s [6月3日（週二） 下午 3:17]   click [More_hours] +
  61.5s [6月3日（週二） 下午 3:17]   click [More_hours] +
  61.7s [6月3日（週二） 下午 3:17]   click [More_hours] +
  61.8s [6月3日（週二） 下午 3:17]   click [More_hours] +
  62.0s [6月3日（週二） 下午 3:18]   click [More_hours] +
  62.2s [6月3日（週二） 下午 3:18]   shot 11_line_planner.png
  62.2s [6月3日（週二） 下午 3:18]   click [ReserveSlot] Reserve production slot
  62.9s [6月5日（週四） 上午 1:00]   use "Open Line Planner"
  63.0s [6月5日（週四） 上午 1:00]   click [Deliver_JOB-1] Deliver and invoice
  63.2s [6月5日（週四） 上午 1:00]   ok  first factory revenue has a completed traceable order
  63.2s [6月5日（週四） 上午 1:00]   click [FactoryTab_quality] Quality results
  63.3s [6月5日（週四） 上午 1:01]   shot 12_factory_quality.png
  63.3s [6月5日（週四） 上午 1:01]   ok  OEM material, overtime, invoice and return journals balanced
  68.1s [6月5日（週四） 上午 1:09]   ok  walked back outside
  68.3s [6月5日（週四） 下午 9:00]   shot 13_industrial_night.png
  68.6s [6月5日（週四） 下午 9:00]   shot 14_decision_manufacturing_recall.png
  68.6s [6月5日（週四） 下午 9:00]   decision manufacturing_recall → recall
  68.6s [6月5日（週四） 下午 9:00]   click [Choice_recall] 為受影響批次退款
  70.0s [6月5日（週四） 下午 9:00]   shot 15_decision_outcome_manufacturing_recall.png
  70.0s [6月5日（週四） 下午 9:00]   click "OK"
  80.6s [6月5日（週四） 下午 9:15]   use "捷運——工業區站"
  81.6s [6月5日（週四） 下午 9:17]   shot 16_metro_riverside.png
  81.6s [6月5日（週四） 下午 9:17]   click [Go_riverside] 河濱區  ·  14 分鐘
  82.6s [6月5日（週四） 下午 9:32]   ok  took the Metro to Riverside
  91.8s [6月5日（週四） 下午 9:46]   ok  entered Riverside Tower
  91.8s [6月5日（週四） 下午 9:46] STEP Save → reload → same state
  92.8s [6月5日（週四） 下午 9:48]   ok  cash restored after load
  92.8s [6月5日（週四） 下午 9:48]   ok  time restored after load
  92.8s [6月5日（週四） 下午 9:48]   ok  location restored (riverside_apartment)
  92.9s [6月5日（週四） 下午 9:48]   shot 17_after_load.png
  93.1s [6月1日（週日） 下午 2:00] STEP (harness) skip to Chapter 10
  94.5s [6月1日（週日） 下午 2:02] STEP Residential — licence, brokerage office, client match and first commission
  98.0s [6月3日（週二） 上午 10:06]   ok  walked back outside
 112.0s [6月3日（週二） 上午 10:27]   use "捷運——河濱區站"
 112.9s [6月3日（週二） 上午 10:29]   shot 18_metro_civic_center.png
 112.9s [6月3日（週二） 上午 10:29]   click [Go_civic_center] 市政中心  ·  12 分鐘
 114.2s [6月3日（週二） 上午 10:42]   ok  took the Metro to Civic Center
 121.5s [6月3日（週二） 上午 10:53]   ok  entered Aurelia City Hall
 123.3s [6月3日（週二） 上午 10:56]   use "Permits & regulations"
 123.4s [6月3日（週二） 上午 10:56]   click [PropertyPermits] Property permits
 123.5s [6月3日（週二） 上午 10:56]   click [ApplyRealtyPermit_brokerage] 申請：$250.00 · 3 天
 124.5s [6月6日（週五） 上午 10:57]   ok  brokerage licence followed City Hall fee and three-day process
 127.5s [6月6日（週五） 上午 11:03]   ok  walked back outside
 133.1s [6月6日（週五） 上午 11:11]   use "捷運——市政中心站"
 134.1s [6月6日（週五） 上午 11:13]   shot 19_metro_residential.png
 134.1s [6月6日（週五） 上午 11:13]   click [Go_residential] 住宅區  ·  32 分鐘
 135.1s [6月6日（週五） 上午 11:46]   ok  took the Metro to Residential
 135.2s [6月6日（週五） 上午 11:46]   shot 20_residential_day.png
 140.6s [6月6日（週五） 上午 11:54]   ok  entered Harlow & Finch Realty
 141.0s [6月6日（週五） 上午 11:55]   use "Lease the brokerage office"
 141.1s [6月6日（週五） 上午 11:55]   click [SignLease_realty_office] Sign the lease
 142.4s [6月6日（週五） 上午 11:57]   use "Open Matchmaker"
 142.5s [6月6日（週五） 上午 11:57]   click [OpenBrokerage] Open the brokerage
 142.7s [6月6日（週五） 上午 11:57]   shot 21_matchmaker.png
 143.2s [6月6日（週五） 上午 11:58]   use "Open Matchmaker"
 143.3s [6月6日（週五） 上午 11:58]   click [Mandate_M-1] 選擇物件
 143.5s [6月6日（週五） 上午 11:58]   click [Client_C-4] 選擇客戶
 143.6s [6月6日（週五） 上午 11:59]   click [Negotiate_soft] 柔性議價
 143.8s [6月6日（週五） 上午 11:59]   click [ArrangeViewing] 安排帶看：$180.00 · 90 分鐘
 144.6s [6月6日（週五） 下午 1:30]   use "Open Matchmaker"
 144.7s [6月6日（週五） 下午 1:30]   click [Mandate_M-2] 選擇物件
 144.8s [6月6日（週五） 下午 1:30]   click [Client_C-3] 選擇客戶
 145.0s [6月6日（週五） 下午 1:31]   click [Negotiate_soft] 柔性議價
 145.1s [6月6日（週五） 下午 1:31]   click [ArrangeViewing] 安排帶看：$180.00 · 90 分鐘
 145.9s [6月6日（週五） 下午 3:02]   use "Open Matchmaker"
 146.0s [6月6日（週五） 下午 3:02]   click [Mandate_M-2] 選擇物件
 146.1s [6月6日（週五） 下午 3:02]   click [Client_C-5] 選擇客戶
 146.3s [6月6日（週五） 下午 3:03]   click [Negotiate_soft] 柔性議價
 146.4s [6月6日（週五） 下午 3:03]   click [ArrangeViewing] 安排帶看：$180.00 · 90 分鐘
 147.3s [6月13日（週五） 下午 4:34]   shot 22_decision_real_estate_arrears.png
 147.3s [6月13日（週五） 下午 4:34]   decision real_estate_arrears → respond
 147.3s [6月13日（週五） 下午 4:34]   click [Choice_respond] 檢視物件並處理
 148.7s [6月13日（週五） 下午 4:34]   shot 23_decision_outcome_real_estate_arrears.png
 148.7s [6月13日（週五） 下午 4:34]   click "OK"
 149.4s [6月13日（週五） 下午 4:34]   use "Open Matchmaker"
 149.5s [6月13日（週五） 下午 4:35]   click [Mandate_M-7] 選擇物件
 149.6s [6月13日（週五） 下午 4:35]   click [Client_C-8] 選擇客戶
 149.8s [6月13日（週五） 下午 4:35]   click [Negotiate_soft] 柔性議價
 149.9s [6月13日（週五） 下午 4:35]   click [ArrangeViewing] 安排帶看：$180.00 · 90 分鐘
 150.7s [6月13日（週五） 下午 6:06]   use "Open Matchmaker"
 150.8s [6月13日（週五） 下午 6:07]   click [Mandate_M-7] 選擇物件
 151.0s [6月13日（週五） 下午 6:07]   click [Client_C-10] 選擇客戶
 151.1s [6月13日（週五） 下午 6:07]   click [Negotiate_soft] 柔性議價
 151.3s [6月13日（週五） 下午 6:07]   click [ArrangeViewing] 安排帶看：$180.00 · 90 分鐘
 151.9s [6月13日（週五） 下午 7:38]   ok  first brokerage income from a real client deal
 151.9s [6月13日（週五） 下午 7:38]   ok  viewing and commission ledger balanced
 152.0s [6月13日（週五） 下午 7:38]   use "Open Matchmaker"
 152.1s [6月13日（週五） 下午 7:39]   click [RealtyTab_properties] Properties
 152.3s [6月13日（週五） 下午 7:39]   shot 24_property_management.png
 154.9s [6月13日（週五） 下午 7:44]   ok  walked back outside
 158.7s [6月13日（週五） 下午 7:49]   use "捷運——住宅區站"
 159.6s [6月13日（週五） 下午 7:51]   shot 25_metro_riverside.png
 159.6s [6月13日（週五） 下午 7:51]   click [Go_riverside] 河濱區  ·  19 分鐘
 160.6s [6月13日（週五） 下午 8:11]   ok  took the Metro to Riverside
 169.7s [6月13日（週五） 下午 8:25]   ok  entered Riverside Tower
 169.7s [6月13日（週五） 下午 8:25] STEP Save → reload → same state
 170.7s [6月13日（週五） 下午 8:26]   ok  cash restored after load
 170.7s [6月13日（週五） 下午 8:26]   ok  time restored after load
 170.7s [6月13日（週五） 下午 8:26]   ok  location restored (riverside_apartment)
 170.9s [6月13日（週五） 下午 8:26]   shot 26_after_load.png
 171.0s [6月1日（週日） 下午 2:00] STEP (harness) skip to Chapter 10
 172.4s [6月1日（週日） 下午 2:02] STEP University — lease studio, creative pitch, media mix and first client invoice
 175.9s [6月1日（週日） 下午 2:08]   ok  walked back outside
 189.8s [6月1日（週日） 下午 2:29]   use "捷運——河濱區站"
 190.8s [6月1日（週日） 下午 2:31]   shot 27_metro_university.png
 190.8s [6月1日（週日） 下午 2:31]   click [Go_university] 大學城  ·  13 分鐘
 191.8s [6月1日（週日） 下午 2:45]   ok  took the Metro to University
 191.9s [6月1日（週日） 下午 2:45]   shot 28_university_day.png
 199.8s [6月1日（週日） 下午 2:57]   ok  entered The Loft
 200.1s [6月1日（週日） 下午 2:58]   use "Lease The Loft studio"
 200.2s [6月1日（週日） 下午 2:58]   click [SignLease_loft_office] Sign the lease
 201.5s [6月1日（週日） 下午 3:00]   use "Open Campaign Mixer"
 201.6s [6月1日（週日） 下午 3:00]   click [OpenAgency] Open the campaign studio
 202.3s [6月1日（週日） 下午 3:01]   use "Open Campaign Mixer"
 202.4s [6月1日（週日） 下午 3:01]   click [CreativePitch_JOB-1] Build Creative Pitch
 203.0s [6月1日（週日） 下午 3:01]   click [StartGame] Start
 203.1s [6月1日（週日） 下午 3:01]   click [CreativeCard_slogan_2] Care for every home
 203.2s [6月1日（週日） 下午 3:01]   click [CreativeCard_visual_3] Minimal luxury
 203.3s [6月1日（週日） 下午 3:01]   click [CreativeCard_tone_2] Reassuring
 203.4s [6月1日（週日） 下午 3:01]   shot 29_creative_pitch_result.png
 203.4s [6月1日（週日） 下午 3:01]   click [FinishGame] Continue
 203.5s [6月1日（週日） 下午 5:01]   click [Propose_JOB-1] 提出提案 · $280 · 180 分鐘
 204.2s [6月1日（週日） 下午 8:02]   use "Open Campaign Mixer"
 204.3s [6月1日（週日） 下午 8:02]   click [CreativePitch_JOB-2] Build Creative Pitch
 204.9s [6月1日（週日） 下午 8:02]   click [StartGame] Start
 205.0s [6月1日（週日） 下午 8:02]   click [CreativeCard_slogan_1] Make work easier
 205.1s [6月1日（週日） 下午 8:02]   click [CreativeCard_visual_3] Minimal luxury
 205.2s [6月1日（週日） 下午 8:02]   click [CreativeCard_tone_3] Refined
 205.3s [6月1日（週日） 下午 8:02]   shot 30_creative_pitch_result.png
 205.3s [6月1日（週日） 下午 8:02]   click [FinishGame] Continue
 205.4s [6月1日（週日） 下午 10:02]   click [Propose_JOB-2] 提出提案 · $280 · 180 分鐘
 206.0s [6月2日（週一） 上午 1:02]   ok  actual creative cards and proposal win a client job
 206.1s [6月2日（週一） 上午 1:03]   use "Open Campaign Mixer"
 206.2s [6月2日（週一） 上午 1:03]   click [MediaTab_mixer] Media mix
 206.3s [6月2日（週一） 上午 1:03]   click [SelectCampaign_JOB-2] Finch Families
 206.5s [6月2日（週一） 上午 1:03]   click [MixMore_radio] +
 206.7s [6月2日（週一） 上午 1:03]   shot 31_campaign_mixer.png
 207.4s [6月16日（週一） 上午 1:04]   ok  daily campaign finishes actual client work
 207.4s [6月16日（週一） 上午 1:04]   ok  first agency income is a traceable Jobs invoice
 207.4s [6月16日（週一） 上午 1:04]   ok  campaign costs and invoice balance
 207.6s [6月16日（週一） 上午 1:05]   use "Open Campaign Mixer"
 207.7s [6月16日（週一） 上午 1:05]   click [MediaTab_reports] Campaign reports
 207.8s [6月16日（週一） 上午 1:05]   shot 32_campaign_report.png
 210.4s [6月16日（週一） 上午 1:10]   ok  walked back outside
 216.8s [6月16日（週一） 上午 1:19]   use "捷運——大學區站"
 217.8s [6月16日（週一） 上午 1:21]   shot 33_metro_riverside.png
 217.8s [6月16日（週一） 上午 1:21]   click [Go_riverside] 河濱區  ·  13 分鐘
 218.7s [6月16日（週一） 上午 1:35]   ok  took the Metro to Riverside
 227.9s [6月16日（週一） 上午 1:49]   ok  entered Riverside Tower
 227.9s [6月16日（週一） 上午 1:49] STEP Save → reload → same state
 228.8s [6月16日（週一） 上午 1:51]   ok  cash restored after load
 228.8s [6月16日（週一） 上午 1:51]   ok  time restored after load
 228.8s [6月16日（週一） 上午 1:51]   ok  location restored (riverside_apartment)
 229.0s [6月16日（週一） 上午 1:51]   shot 34_after_load.png
 229.1s [6月1日（週日） 下午 2:00] STEP (harness) skip to Chapter 10
 230.5s [6月1日（週日） 下午 2:02] STEP Luxury Heights — take over the Aster Inn, set the Rate Board, staff up and sell the first nights
 234.0s [6月1日（週日） 下午 2:08]   ok  walked back outside
 247.9s [6月1日（週日） 下午 2:29]   use "捷運——河濱區站"
 248.9s [6月1日（週日） 下午 2:31]   shot 35_metro_luxury_heights.png
 248.9s [6月1日（週日） 下午 2:31]   click [Go_luxury_heights] 豪景高地  ·  18 分鐘
 249.9s [6月1日（週日） 下午 2:50]   ok  took the Metro to Luxury Heights
 250.0s [6月1日（週日） 下午 2:50]   shot 36_luxury_heights_day.png
 261.7s [6月1日（週日） 下午 3:08]   ok  entered The Aster
 262.5s [6月1日（週日） 下午 3:09]   use "Open the Rate Board"
 262.6s [6月1日（週日） 下午 3:09]   click [TakeoverAster] 頂下 Aster 小旅館 · $150,000
 262.8s [6月1日（週日） 下午 3:09]   ok  actual takeover opens the 12-room Aster Inn
 262.8s [6月1日（週日） 下午 3:09]   shot 37_rate_board.png
 262.8s [6月1日（週日） 下午 3:09]   click [Price_standard_10] +$10
 262.9s [6月1日（週日） 下午 3:10]   click [BoardNextOps] Next: daily operations
 263.2s [6月1日（週日） 下午 3:10]   shot 38_hotel_operations.png
 264.0s [6月13日（週五） 下午 9:11]   shot 39_decision_hotel_event_cancelled.png
 264.0s [6月13日（週五） 下午 9:11]   decision hotel_event_cancelled → promo
 264.0s [6月13日（週五） 下午 9:11]   click [Choice_promo] 推出 $1,200 的限時特賣
 265.3s [6月13日（週五） 下午 9:11]   shot 40_decision_outcome_hotel_event_cancelled.png
 265.3s [6月13日（週五） 下午 9:11]   click "OK"
 265.8s [6月13日（週五） 下午 9:11]   ok  night audits sell rooms and book room revenue
 265.9s [6月13日（週五） 下午 9:11]   ok  hotel books balance
 266.0s [6月13日（週五） 下午 9:11]   use "Open the Rate Board"
 266.1s [6月13日（週五） 下午 9:12]   click [HotelTab_reviews] Guest reviews
 266.3s [6月13日（週五） 下午 9:12]   shot 41_guest_reviews.png
 266.3s [6月1日（週日） 下午 2:00] STEP (harness) skip to Chapter 10
 267.7s [6月1日（週日） 下午 2:02] STEP Industrial - lease warehouse, Roof Survey, subsidy, install and first solar invoice
 271.1s [6月1日（週日） 下午 2:08]   ok  walked back outside
 285.1s [6月1日（週日） 下午 2:29]   use "捷運——河濱區站"
 286.1s [6月1日（週日） 下午 2:30]   shot 42_metro_industrial.png
 286.1s [6月1日（週日） 下午 2:30]   click [Go_industrial] 工業區  ·  14 分鐘
 287.1s [6月1日（週日） 下午 2:46]   ok  took the Metro to Industrial
 287.1s [6月1日（週日） 下午 2:46]   shot 43_industrial_energy_day.png
 292.5s [6月1日（週日） 下午 2:54]   ok  entered Helio Warehouse Office
 295.6s [6月1日（週日） 下午 2:59]   use "Lease the Helio warehouse office"
 295.7s [6月1日（週日） 下午 2:59]   click [SignLease_helio_warehouse] Sign the lease
 297.1s [6月1日（週日） 下午 3:01]   use "Open Energy Console"
 297.2s [6月1日（週日） 下午 3:01]   click [OpenEnergy] 開辦太陽能事業
 298.0s [6月1日（週日） 下午 3:02]   use "Open Energy Console"
 298.1s [6月1日（週日） 下午 3:03]   click [Survey_ROOF-1] 勘查這個屋頂
 298.2s [6月1日（週日） 下午 3:03]   click [AutoLayout] 自動擺放最佳位置
 298.4s [6月1日（週日） 下午 3:03]   shot 44_roof_survey.png
 298.4s [6月1日（週日） 下午 3:03]   click [SendQuote] 送出報價 · $15,632
 298.9s [6月1日（週日） 下午 3:49]   ok  actual Roof Survey quote wins a client job
 299.1s [6月1日（週日） 下午 3:49]   use "Open Energy Console"
 299.2s [6月1日（週日） 下午 3:49]   click [EnergyTab_installs] Installs & warranty
 299.3s [6月1日（週日） 下午 3:49]   click [StartInstall_JOB-1] 訂購材料並開工 · $11,880
 302.1s [7月1日（週二） 下午 3:50]   shot 45_month_close_report.png
 302.1s [7月1日（週二） 下午 3:50]   click [month close] Continue
 302.7s [7月1日（週二） 下午 3:50]   shot 46_decision_energy_shortage.png
 302.7s [7月1日（週二） 下午 3:50]   decision energy_shortage → premium
 302.7s [7月1日（週二） 下午 3:50]   click [Choice_premium] 付 Helio 優先配額費
 304.1s [7月1日（週二） 下午 3:50]   shot 47_decision_outcome_energy_shortage.png
 304.1s [7月1日（週二） 下午 3:50]   click "OK"
 304.6s [7月1日（週二） 下午 3:50]   ok  crew-days finish the install
 304.6s [7月1日（週二） 下午 3:50]   ok  first solar income is a traceable Jobs invoice
 304.6s [7月1日（週二） 下午 3:50]   ok  materials, install and invoice balance
 304.8s [7月1日（週二） 下午 3:50]   use "Open Energy Console"
 304.9s [7月1日（週二） 下午 3:51]   click [EnergyTab_installs] Installs & warranty
 305.1s [7月1日（週二） 下午 3:51]   shot 48_energy_installs.png
 309.9s [7月1日（週二） 下午 3:59]   ok  walked back outside
 313.9s [7月1日（週二） 下午 4:05]   use "捷運——工業區站"
 314.9s [7月1日（週二） 下午 4:06]   shot 49_metro_riverside.png
 314.9s [7月1日（週二） 下午 4:06]   click [Go_riverside] 河濱區  ·  14 分鐘
 315.9s [7月1日（週二） 下午 4:22]   ok  took the Metro to Riverside
 325.0s [7月1日（週二） 下午 4:36]   ok  entered Riverside Tower
 325.0s [6月1日（週日） 下午 2:00] STEP (harness) skip to Chapter 10
 326.4s [6月1日（週日） 下午 2:02] STEP Airport - open the auto desk, win a Wednesday auction car, recondition, list and sell it
 329.9s [6月1日（週日） 下午 2:08]   ok  walked back outside
 343.8s [6月1日（週日） 下午 2:29]   use "捷運——河濱區站"
 344.8s [6月1日（週日） 下午 2:30]   shot 50_metro_airport.png
 344.8s [6月1日（週日） 下午 2:30]   click [Go_airport] 國際機場  ·  24 分鐘
 346.2s [6月1日（週日） 下午 2:56]   ok  took the Metro to Airport
 346.2s [6月1日（週日） 下午 2:56]   shot 51_airport_day.png
 355.3s [6月1日（週日） 下午 3:09]   ok  entered Gateway Car Rental
 356.2s [6月1日（週日） 下午 3:11]   use "Open the fleet desk"
 356.3s [6月1日（週日） 下午 3:11]   click [OpenAutoDesk] 開設汽車櫃台 · 執照費 $400.00
 356.4s [6月1日（週日） 下午 3:11]   ok  actual licence opens the auto desk
 356.5s [6月4日（週三） 上午 10:00]   shot 52_auction_lots.png
 357.0s [6月25日（週三） 上午 10:00]   ok  auto books balance
 357.0s [6月25日（週三） 上午 10:00] STEP Save → reload → same state
 357.9s [6月25日（週三） 上午 10:02]   ok  cash restored after load
 357.9s [6月25日（週三） 上午 10:02]   ok  time restored after load
 357.9s [6月25日（週三） 上午 10:02]   ok  location restored (gateway_car_rental)
 357.9s [6月25日（週三） 上午 10:02]   shot 53_after_load.png
 357.9s [6月25日（週三） 上午 10:02]   ok  ledger balanced after the industry fixtures
 357.9s [6月25日（週三） 上午 10:02] BOT FINISHED — 0 failure(s) · 357.9s real