Godot Engine v4.5.1.stable.official.f62fdbde1 - https://godotengine.org

[   0% ] [90m[1mfirst_scan_filesystem[22m | Started 專案初始化中 (5 steps)[39m[0m
[   0% ] [90m[1mfirst_scan_filesystem[22m | 正在掃描檔案結構…[39m[0m
[  16% ] [90m[1mfirst_scan_filesystem[22m | 載入全域類別名稱中…[39m[0m
[  33% ] [90m[1mfirst_scan_filesystem[22m | 正在驗證GD擴充功能...[39m[0m
[  50% ] [90m[1mfirst_scan_filesystem[22m | 正在建立自動載入腳本…[39m[0m
[  66% ] [90m[1mfirst_scan_filesystem[22m | 初始化外掛程式...[39m[0m
[  83% ] [90m[1mfirst_scan_filesystem[22m | 開始掃描檔案...[39m[0m
[92m[ DONE ][39m [1mfirst_scan_filesystem[22m
[0m
[   0% ] [90m[1m_update_scan_actions[22m | Started 掃描動作中... (48 steps)[39m[0m
[   0% ] [90m[1m_update_scan_actions[22m | bike_rack.png[39m[0m
[   2% ] [90m[1m_update_scan_actions[22m | billboard.png[39m[0m
[   4% ] [90m[1m_update_scan_actions[22m | bollard.png[39m[0m
[   6% ] [90m[1m_update_scan_actions[22m | business_board.png[39m[0m
[   8% ] [90m[1m_update_scan_actions[22m | bus_stop.png[39m[0m
[  10% ] [90m[1m_update_scan_actions[22m | cafe_board.png[39m[0m
[  12% ] [90m[1m_update_scan_actions[22m | cone.png[39m[0m
[  14% ] [90m[1m_update_scan_actions[22m | digital_sign.png[39m[0m
[  16% ] [90m[1m_update_scan_actions[22m | digital_sign_lights.png[39m[0m
[  18% ] [90m[1m_update_scan_actions[22m | direction_sign.png[39m[0m
[  20% ] [90m[1m_update_scan_actions[22m | flagpole.png[39m[0m
[  22% ] [90m[1m_update_scan_actions[22m | fountain.png[39m[0m
[  24% ] [90m[1m_update_scan_actions[22m | hydrant.png[39m[0m
[  26% ] [90m[1m_update_scan_actions[22m | kiosk_flower.png[39m[0m
[  28% ] [90m[1m_update_scan_actions[22m | market_stall_cream.png[39m[0m
[  30% ] [90m[1m_update_scan_actions[22m | market_stall_rose.png[39m[0m
[  32% ] [90m[1m_update_scan_actions[22m | market_stall_sage.png[39m[0m
[  34% ] [90m[1m_update_scan_actions[22m | metro_sign.png[39m[0m
[  36% ] [90m[1m_update_scan_actions[22m | parking_meter.png[39m[0m
[  38% ] [90m[1m_update_scan_actions[22m | railing.png[39m[0m
[  40% ] [90m[1m_update_scan_actions[22m | string_lights.png[39m[0m
[  42% ] [90m[1m_update_scan_actions[22m | string_lights_lights.png[39m[0m
[  44% ] [90m[1m_update_scan_actions[22m | trash_bin.png[39m[0m
[  46% ] [90m[1m_update_scan_actions[22m | umbrella_table_blue.png[39m[0m
[  48% ] [90m[1m_update_scan_actions[22m | bike_rack.png[39m[0m
[  51% ] [90m[1m_update_scan_actions[22m | billboard.png[39m[0m
[  53% ] [90m[1m_update_scan_actions[22m | bollard.png[39m[0m
[  55% ] [90m[1m_update_scan_actions[22m | business_board.png[39m[0m
[  57% ] [90m[1m_update_scan_actions[22m | bus_stop.png[39m[0m
[  59% ] [90m[1m_update_scan_actions[22m | cafe_board.png[39m[0m
[  61% ] [90m[1m_update_scan_actions[22m | cone.png[39m[0m
[  63% ] [90m[1m_update_scan_actions[22m | digital_sign.png[39m[0m
[  65% ] [90m[1m_update_scan_actions[22m | digital_sign_lights.png[39m[0m
[  67% ] [90m[1m_update_scan_actions[22m | direction_sign.png[39m[0m
[  69% ] [90m[1m_update_scan_actions[22m | flagpole.png[39m[0m
[  71% ] [90m[1m_update_scan_actions[22m | fountain.png[39m[0m
[  73% ] [90m[1m_update_scan_actions[22m | hydrant.png[39m[0m
[  75% ] [90m[1m_update_scan_actions[22m | kiosk_flower.png[39m[0m
[  77% ] [90m[1m_update_scan_actions[22m | market_stall_cream.png[39m[0m
[  79% ] [90m[1m_update_scan_actions[22m | market_stall_rose.png[39m[0m
[  81% ] [90m[1m_update_scan_actions[22m | market_stall_sage.png[39m[0m
[  83% ] [90m[1m_update_scan_actions[22m | metro_sign.png[39m[0m
[  85% ] [90m[1m_update_scan_actions[22m | parking_meter.png[39m[0m
[  87% ] [90m[1m_update_scan_actions[22m | railing.png[39m[0m
[  89% ] [90m[1m_update_scan_actions[22m | string_lights.png[39m[0m
[  91% ] [90m[1m_update_scan_actions[22m | string_lights_lights.png[39m[0m
[  93% ] [90m[1m_update_scan_actions[22m | trash_bin.png[39m[0m
[  95% ] [90m[1m_update_scan_actions[22m | umbrella_table_blue.png[39m[0m
[92m[ DONE ][39m [1m_update_scan_actions[22m
[0m
[   0% ] [90m[1mreimport[22m | Started （重新）匯入素材 (10 steps)[39m[0m
[   0% ] [90m[1mreimport[22m | 正在準備重新匯入檔案…[39m[0m
[   9% ] [90m[1mreimport[22m | 正在準備重新匯入檔案…[39m[0m
[  18% ] [90m[1mreimport[22m | 正在準備重新匯入檔案…[39m[0m
[  27% ] [90m[1mreimport[22m | 正在準備重新匯入檔案…[39m[0m
[  36% ] [90m[1mreimport[22m | 正在準備重新匯入檔案…[39m[0m
[  45% ] [90m[1mreimport[22m | 正在準備重新匯入檔案…[39m[0m
[  54% ] [90m[1mreimport[22m | 正在準備重新匯入檔案…[39m[0m
[  63% ] [90m[1mreimport[22m | 正在準備重新匯入檔案…[39m[0m
[  72% ] [90m[1mreimport[22m | 正在準備重新匯入檔案…[39m[0m
[  81% ] [90m[1mreimport[22m | 正在準備重新匯入檔案…[39m[0m
[   0% ] [90m[1mreimport[22m | 執行預先重新匯入作業…[39m[0m
[   0% ] [90m[1mreimport[22m | bike_rack.png[39m[0m
[   9% ] [90m[1mreimport[22m | bus_stop.png[39m[0m
[  18% ] [90m[1mreimport[22m | flagpole.png[39m[0m
[  27% ] [90m[1mreimport[22m | metro_sign.png[39m[0m
[  36% ] [90m[1mreimport[22m | parking_meter.png[39m[0m
[  45% ] [90m[1mreimport[22m | bike_rack.png[39m[0m
[  54% ] [90m[1mreimport[22m | bus_stop.png[39m[0m
[  63% ] [90m[1mreimport[22m | flagpole.png[39m[0m
[  72% ] [90m[1mreimport[22m | metro_sign.png[39m[0m
[  81% ] [90m[1mreimport[22m | parking_meter.png[39m[0m
[  90% ] [90m[1mreimport[22m | 完成素材匯入...[39m[0m
[92m[ DONE ][39m [1mreimport[22m
[0m
[   0% ] [90m[1mreimport[22m | Started （重新）匯入素材 (10 steps)[39m[0m
[   0% ] [90m[1mreimport[22m | 執行重新匯入後續處理作業…[39m[0m
[92m[ DONE ][39m [1mreimport[22m
[0m
[   0% ] [90m[1mloading_editor_layout[22m | Started 載入編輯器 (5 steps)[39m[0m
[   0% ] [90m[1mloading_editor_layout[22m | 載入編輯器版面配置中…[39m[0m
[92m[ DONE ][39m [1mloading_editor_layout[22m
[0m
