Godot Engine v4.5.1.stable.official.f62fdbde1 - https://godotengine.org
OpenGL API 3.3.0 NVIDIA 462.59 - Compatibility - Using Device: NVIDIA - Quadro RTX 4000

   0.0s STEP Main menu → New Game
   0.6s   shot 01_main_menu.png
   0.6s   click [NewGame] New Game
   1.9s STEP Character Creator
   2.0s   shot 02_creator_default.png
   2.0s   click [Tab_hair] Hair
   2.1s   click [Next_hair] ▶
   2.5s   click [Tab_face] Face
   2.6s   click [Next_face] ▶
   2.7s   click [Next_eye_shape] ▶
   2.8s   click [Tab_body] Body
   2.9s   click [Next_presentation] ▶
   3.5s   shot 03_creator_customised.png
   3.5s   click [Tab_outfit] Outfit
   3.6s   click "Startup Casual"
   4.2s   ok  appearance changed from default (short_neat)
   4.3s   shot 04_creator_final.png
   4.3s   click [Start] Start in Aurelia  →
   4.3s [6月1日（週日） 下午 2:00] STEP Arrival sequence
   7.0s [6月1日（週日） 下午 2:00]   shot 05_arrival_train.png
  10.6s [6月1日（週日） 下午 2:00]   shot 06_arrival_phone.png
  15.7s [6月1日（週日） 下午 2:01]   ok  spawned in the Riverside apartment
  15.7s [6月1日（週日） 下午 2:01]   ok  starting cash $30,000
  15.7s [6月1日（週日） 下午 2:01]   ok  name saved
  17.5s [6月1日（週日） 下午 2:03]   shot 07_apartment_arrival.png
  17.5s [6月1日（週日） 下午 2:03] STEP Chapter 1 — phone & Maya
  20.6s [6月1日（週日） 下午 2:08]   shot 08_phone_home.png
  20.6s [6月1日（週日） 下午 2:08]   click [App_messages] 訊息 2
  21.1s [6月1日（週日） 下午 2:09]   click [Thread_maya] Maya  (2) 6月1日 下午 2:00 打給我。或傳訊息。隨便。
  23.1s [6月1日（週日） 下午 2:09]   choose "› 嗯。"
  26.2s [6月1日（週日） 下午 2:09]   choose "› 我要開公司。"
  29.6s [6月1日（週日） 下午 2:09]   ok  Maya conversation done
  29.6s [6月1日（週日） 下午 2:09] STEP Head outside
  33.6s [6月1日（週日） 下午 2:15]   ok  walked back outside
  33.6s [6月1日（週日） 下午 2:15]   ok  visited Riverside
  33.8s [6月1日（週日） 下午 2:15]   shot 09_riverside_outside_home.png
  33.9s [6月1日（週日） 下午 2:15] STEP Bloom Coffee
  37.1s [6月1日（週日） 下午 2:20]   ok  entered Bloom Coffee
  37.3s [6月1日（週日） 下午 2:20]   shot 10_bloom_coffee_inside.png
  38.6s [6月1日（週日） 下午 2:22]   use "Order coffee ($4.50)"
  40.6s [6月1日（週日） 下午 2:22]   choose "› 麻煩了。"
  45.6s [6月1日（週日） 下午 2:33]   ok  bought a coffee from Jun
  48.4s [6月1日（週日） 下午 2:38]   ok  walked back outside
  48.4s [6月1日（週日） 下午 2:38] STEP Walk east to Startup Hub
  49.9s [6月1日（週日） 下午 2:40]   shot 11_riverside_street.png
  64.8s [6月1日（週日） 下午 3:14]   ok  walked to Startup Hub
  65.0s [6月1日（週日） 下午 3:14]   shot 12_startup_hub_arrive.png
  65.0s [6月1日（週日） 下午 3:14] STEP Nexus Co-work
  68.7s [6月1日（週日） 下午 3:20]   ok  entered Nexus Co-work
  68.9s [6月1日（週日） 下午 3:20]   shot 13_cowork_inside.png
  70.1s [6月1日（週日） 下午 3:22]   use "Reception — desks & day passes"
  72.7s [6月1日（週日） 下午 3:22]   choose "› 對。先看看。"
  75.7s [6月1日（週日） 下午 3:23]   click [DayPass] Buy a day pass ($15)
  76.6s [6月1日（週日） 下午 3:24] STEP Business Board
  84.0s [6月1日（週日） 下午 3:35]   use "Business Board"
  84.8s [6月1日（週日） 下午 3:37]   shot 14_business_board.png
  84.8s [6月1日（週日） 下午 3:37]   click [Biz_saas] ● SaaS／軟體
  85.4s [6月1日（週日） 下午 3:37]   shot 15_business_board_planned_saas.png
  85.4s [6月1日（週日） 下午 3:37]   click [Biz_ecommerce] ● 電商
  85.4s [6月1日（週日） 下午 3:38]   click [StartEcommerce] Start an ecommerce side business
  86.9s [6月1日（週日） 下午 3:40]   ok  picked ecommerce as first business
  89.4s [6月1日（週日） 下午 3:44]   ok  Chapter 1 complete
  89.4s [6月1日（週日） 下午 3:44] STEP Chapter 2 — buy stock at a hot desk (Company OS)
  98.3s [6月1日（週日） 下午 3:57]   use "Work at a hot desk — Company OS"
  98.9s [6月1日（週日） 下午 3:58]   shot 16_company_os_overview_personal.png
  98.9s [6月1日（週日） 下午 3:58]   click [Tab_operations] Operations
  99.6s [6月1日（週日） 下午 3:59]   shot 17_company_os_suppliers.png
  99.6s [6月1日（週日） 下午 3:59]   click [Buy_tradelink_wholesale_wireless_earbuds] 購買 $900.00
 100.1s [6月1日（週日） 下午 4:10]   click [Buy_tradelink_wholesale_water_bottle] 購買 $408.00
 100.6s [6月1日（週日） 下午 4:20]   click [Buy_tradelink_wholesale_desk_lamp] 購買 $460.00
 101.0s [6月1日（週日） 下午 4:31]   click [Buy_tradelink_wholesale_phone_stand] 購買 $272.00
 101.5s [6月1日（週日） 下午 4:42]   ok  placed purchase orders (MOQ, prepaid): 4 POs, cash $27,940.50
 101.6s [6月1日（週日） 下午 4:42]   shot 18_company_os_purchase_orders.png
 102.0s [6月1日（週日） 下午 4:42] STEP Home to wait for stock
 105.2s [6月1日（週日） 下午 4:48]   ok  walked back outside
 109.0s [6月1日（週日） 下午 5:06]   ok  walked to Riverside
 127.0s [6月1日（週日） 下午 5:33]   ok  entered Riverside Tower
 127.1s [6月1日（週日） 下午 5:33]   (harness) wait 2 h
 129.7s [6月1日（週日） 下午 7:37]   use "Sleep"
 130.3s [6月1日（週日） 下午 7:37]   click [Sleep] Sleep until 7:00 AM
 132.1s [6月2日（週一） 上午 7:01]   (harness) wait 2 h
 132.8s [6月2日（週一） 上午 9:02]   (harness) wait 2 h
 133.5s [6月2日（週一） 上午 11:03]   (harness) wait 2 h
 134.2s [6月2日（週一） 下午 1:04]   (harness) wait 2 h
 134.8s [6月2日（週一） 下午 3:05]   (harness) wait 2 h
 135.5s [6月2日（週一） 下午 5:06]   (harness) wait 2 h
 136.4s [6月2日（週一） 下午 7:07]   use "Sleep"
 137.0s [6月2日（週一） 下午 7:07]   click [Sleep] Sleep until 7:00 AM
 138.9s [6月3日（週二） 上午 7:01]   (harness) wait 2 h
 139.6s [6月3日（週二） 上午 9:02]   (harness) wait 2 h
 140.2s [6月3日（週二） 上午 11:03]   (harness) wait 2 h
 140.9s [6月3日（週二） 下午 1:04]   (harness) wait 2 h
 141.6s [6月3日（週二） 下午 3:05]   (harness) wait 2 h
 142.3s [6月3日（週二） 下午 5:06]   ok  stock delivered to the apartment
 143.0s [6月3日（週二） 下午 5:07]   shot 19_apartment_with_stock.png
 143.0s [6月3日（週二） 下午 5:07] STEP List products on ShopLane
 144.1s [6月3日（週二） 下午 5:08]   use "Use laptop — Company OS"
 144.7s [6月3日（週二） 下午 5:09]   click [Tab_sales] Ecommerce
 145.4s [6月3日（週二） 下午 5:10]   shot 20_company_os_sales_ready.png
 145.4s [6月3日（週二） 下午 5:10]   click [ListSelf_wireless_earbuds] Shoot photos myself & list (1 h 20 min)
 146.0s [6月3日（週二） 下午 6:31]   click [ListSelf_water_bottle] Shoot photos myself & list (1 h 20 min)
 146.5s [6月3日（週二） 下午 7:52]   click [ListSelf_desk_lamp] Shoot photos myself & list (1 h 20 min)
 147.1s [6月3日（週二） 下午 9:13]   click [ListSelf_phone_stand] Shoot photos myself & list (1 h 20 min)
 147.7s [6月3日（週二） 下午 10:34]   click [AdPlus_wireless_earbuds] +
 148.3s [6月3日（週二） 下午 10:35]   shot 21_company_os_listings_live.png
 148.3s [6月3日（週二） 下午 10:35]   ok  listings live
 148.7s [6月3日（週二） 下午 10:35] STEP First order → pack → ship
 156.9s [6月3日（週二） 下午 10:48]   use "Packing table"
 157.6s [6月3日（週二） 下午 10:49]   shot 22_packing_table.png
 157.6s [6月3日（週二） 下午 10:49]   click [Pack] 打包 8 筆訂單（1 小時 4 分）
 158.5s [6月3日（週二） 下午 11:54]   click [CourierEconomy] 快遞 · 經濟 3 天（$38.10）
 159.6s [6月3日（週二） 下午 11:56]   ok  first order came in
 159.6s [6月3日（週二） 下午 11:56]   ok  handed to the courier (pickup booked)
 159.6s [6月3日（週二） 下午 11:56] STEP Delivery → first dollar
 168.4s [6月4日（週三） 上午 12:09]   use "Sleep"
 169.0s [6月4日（週三） 上午 12:09]   click [Sleep] Sleep until 7:00 AM
 179.7s [6月4日（週三） 上午 7:14]   use "Packing table"
 180.4s [6月4日（週三） 上午 7:15]   click [Pack] 打包 6 筆訂單（48 分鐘）
 181.3s [6月4日（週三） 上午 8:04]   click [CourierEconomy] 快遞 · 經濟 3 天（$28.45）
 182.4s [6月4日（週三） 上午 8:06]   ok  first order delivered (Earn Your First Dollar)
 182.4s [6月4日（週三） 上午 8:06]   revenue booked $238.92 · ShopLane balance $215.02 · cash $27,765.74
 182.6s [6月4日（週三） 上午 8:06]   shot 23_first_dollar.png
 182.6s [6月4日（週三） 上午 8:06] STEP First customer issue
 182.6s [6月4日（週三） 上午 8:06]   (harness) wait 2 h
 189.6s [6月4日（週三） 上午 10:17]   use "Packing table"
 190.3s [6月4日（週三） 上午 10:18]   click [Pack] 打包 4 筆訂單（32 分鐘）
 191.2s [6月4日（週三） 上午 10:51]   click [CourierEconomy] 快遞 · 經濟 3 天（$22.05）
 192.4s [6月4日（週三） 上午 10:53]   (harness) wait 2 h
 193.2s [6月4日（週三） 下午 12:54]   use "Packing table"
 193.9s [6月4日（週三） 下午 12:55]   click [Pack] 打包 7 筆訂單（56 分鐘）
 194.8s [6月4日（週三） 下午 1:52]   click [CourierEconomy] 快遞 · 經濟 3 天（$31.65）
 195.9s [6月4日（週三） 下午 1:54]   (harness) wait 2 h
 196.8s [6月4日（週三） 下午 3:55]   use "Packing table"
 197.4s [6月4日（週三） 下午 3:56]   click [Pack] 打包 13 筆訂單（1 小時 44 分）
 198.3s [6月4日（週三） 下午 5:42]   click [CourierEconomy] 快遞 · 經濟 3 天（$54.10）
 199.5s [6月4日（週三） 下午 5:43]   (harness) wait 2 h
 200.3s [6月4日（週三） 下午 7:45]   use "Packing table"
 201.0s [6月4日（週三） 下午 7:46]   click [Pack] 打包 11 筆訂單（1 小時 28 分）
 201.9s [6月4日（週三） 下午 9:15]   click [CourierEconomy] 快遞 · 經濟 3 天（$44.45）
 205.7s [6月4日（週三） 下午 9:21]   use "Sleep"
 206.3s [6月4日（週三） 下午 9:21]   click [Sleep] Sleep until 7:00 AM
 208.1s [6月5日（週四） 上午 7:00]   shot 24_decision_customer_return_first.png
 208.1s [6月5日（週四） 上午 7:00]   decision customer_return_first → replace
 208.1s [6月5日（週四） 上午 7:00]   click [Choice_replace] 寄一個新的（快捷）
 209.7s [6月5日（週四） 上午 7:00]   shot 25_decision_outcome_customer_return_first.png
 209.7s [6月5日（週四） 上午 7:00]   click "OK"
 219.1s [6月5日（週四） 上午 7:14]   use "Packing table"
 219.8s [6月5日（週四） 上午 7:15]   click [Pack] 打包 20 筆訂單（2 小時 40 分）
 220.8s [6月5日（週四） 上午 9:56]   click [CourierEconomy] 快遞 · 經濟 3 天（$79.75）
 221.9s [6月5日（週四） 上午 9:58]   ok  resolved the first customer issue
 223.9s [6月5日（週四） 上午 10:01]   ok  Chapter 2 complete
 223.9s [6月5日（週四） 上午 10:01] STEP Purchase cancellation
 225.4s [6月5日（週四） 上午 10:03]   use "Use laptop — Company OS"
 226.0s [6月5日（週四） 上午 10:04]   click [Tab_operations] Operations
 226.7s [6月5日（週四） 上午 10:05]   click [Buy_tradelink_wholesale_wireless_earbuds] 購買 $900.00
 227.7s [6月5日（週四） 上午 10:16]   click [CancelPO_PO-105] Cancel purchase
 228.4s [6月5日（週四） 上午 10:17]   shot 26_purchase_cancel_confirmation.png
 228.4s [6月5日（週四） 上午 10:17]   click [ConfirmReturn] Confirm cancellation
 229.0s [6月5日（週四） 上午 10:17]   ok  extra PO cancelled through UI
 229.0s [6月5日（週四） 上午 10:17]   ok  cancellation cash equals quoted refund
 229.0s [6月5日（週四） 上午 10:17]   ok  ledger balanced after purchase cancellation
 229.4s [6月5日（週四） 上午 10:18]   shot 27_purchase_cancelled_operations.png
 229.8s [6月5日（週四） 上午 10:19] STEP Chapter 3 — wait for a weekday morning
 232.5s [6月5日（週四） 上午 10:24]   ok  walked back outside
 232.5s [6月5日（週四） 上午 10:24] STEP Metro to Civic Center → City Hall
 240.7s [6月5日（週四） 上午 10:36]   use "捷運——河濱區站"
 241.7s [6月5日（週四） 上午 10:37]   shot 28_metro_civic_center.png
 241.7s [6月5日（週四） 上午 10:37]   click [Go_civic_center] 市政中心  ·  12 分鐘
 242.7s [6月5日（週四） 上午 10:51]   ok  took the Metro to Civic Center
 242.7s [6月5日（週四） 上午 10:51]   shot 29_civic_center.png
 249.9s [6月5日（週四） 上午 11:01]   ok  entered Aurelia City Hall
 250.1s [6月5日（週四） 上午 11:01]   shot 30_city_hall_inside.png
 251.2s [6月5日（週四） 上午 11:03]   use "Registration counter"
 253.2s [6月5日（週四） 上午 11:03]   choose "› 我要登記公司。"
 256.0s [6月5日（週四） 上午 11:04]   shot 31_registration_form.png
 256.1s [6月5日（週四） 上午 11:04]   click [Submit] Register & pay
 257.0s [6月5日（週四） 上午 11:50]   shot 32_registration_done.png
 257.0s [6月5日（週四） 上午 11:50]   click "Thanks"
 257.1s [6月5日（週四） 上午 11:50]   ok  registered Riverlight Goods
 259.5s [6月5日（週四） 上午 11:55]   ok  walked back outside
 259.6s [6月5日（週四） 上午 11:55] STEP Walk to the Financial District → Nexus Bank
 262.7s [6月5日（週四） 下午 12:00]   shot 33_decision_low_cash_warning.png
 262.7s [6月5日（週四） 下午 12:00]   decision low_cash_warning → reduce
 262.7s [6月5日（週四） 下午 12:00]   click [Choice_reduce] 縮減開支（暫停廣告、生活從簡）
 264.1s [6月5日（週四） 下午 12:00]   shot 34_decision_outcome_low_cash_warning.png
 264.1s [6月5日（週四） 下午 12:00]   click "OK"
 265.8s [6月5日（週四） 下午 12:11]   ok  walked to Financial District
 277.5s [6月5日（週四） 下午 12:28]   ok  entered Nexus Bank
 277.7s [6月5日（週四） 下午 12:28]   shot 35_bank_inside.png
 278.6s [6月5日（週四） 下午 12:30]   use "Teller — business banking"
 279.4s [6月5日（週四） 下午 12:31]   click "$15,000"
 279.5s [6月5日（週四） 下午 12:31]   click [OpenAccount] 存入 $15,000 開戶
 280.6s [6月5日（週四） 下午 1:03]   shot 36_bank_account_opened.png
 280.9s [6月5日（週四） 下午 1:04]   ok  business account opened with founder capital
 283.3s [6月5日（週四） 下午 1:08]   ok  walked back outside
 283.3s [6月5日（週四） 下午 1:08] STEP Metro to Startup Hub → lease Suite 2B
 289.7s [6月5日（週四） 下午 1:18]   use "捷運——金融區站"
 290.7s [6月5日（週四） 下午 1:19]   shot 37_metro_startup_hub.png
 290.7s [6月5日（週四） 下午 1:19]   click [Go_startup_hub] 新創園區  ·  8 分鐘
 291.7s [6月5日（週四） 下午 1:29]   ok  took the Metro to Startup Hub
 296.8s [6月5日（週四） 下午 1:36]   ok  entered 22 Founders Lane
 296.9s [6月5日（週四） 下午 1:36]   shot 38_suite_2b_tour.png
 297.9s [6月5日（週四） 下午 1:38]   use "和 Tom 說話"
 300.3s [6月5日（週四） 下午 1:38]   click [SignLease] Sign the lease
 301.3s [6月5日（週四） 下午 1:40]   ok  leased Suite 2B
 302.1s [6月5日（週四） 下午 1:41]   shot 39_suite_2b_company_sign.png
 302.1s [6月5日（週四） 下午 1:41] STEP Sit at the desk → Company OS as the company
 302.6s [6月5日（週四） 下午 1:42]   use "Sit at your desk — Company OS"
 303.9s [6月5日（週四） 下午 1:43]   shot 40_company_os_as_company.png
 303.9s [6月5日（週四） 下午 1:43]   click [Tab_finance] Finance
 304.6s [6月5日（週四） 下午 1:44]   shot 41_company_os_finance.png
 304.6s [6月5日（週四） 下午 1:44]   click [Tab_inventory] Inventory
 305.1s [6月5日（週四） 下午 1:45]   shot 42_company_os_inventory.png
 308.6s [6月5日（週四） 下午 1:51]   ok  Chapter 3 complete
 310.9s [6月5日（週四） 下午 1:55]   ok  walked back outside
 311.1s [6月5日（週四） 下午 1:55]   shot 43_startup_hub_office_sign.png
 311.1s [6月5日（週四） 下午 1:55] STEP Careers — part-time job at Nexus Co-work
 317.5s [6月5日（週四） 下午 2:05]   ok  entered Nexus Co-work
 319.7s [6月5日（週四） 下午 2:08]   use "Business Board"
 320.4s [6月5日（週四） 下午 2:09]   click [Page_jobs] Part-time jobs
 321.1s [6月5日（週四） 下午 2:10]   shot 44_business_board_jobs.png
 321.1s [6月5日（週四） 下午 2:10]   click [Job_cowork_host] 詳情／應徵
 321.7s [6月5日（週四） 下午 2:11]   click [ApplyJob] Take the job
 322.2s [6月5日（週四） 下午 2:12]   shot 45_job_hired.png
 323.3s [6月5日（週四） 下午 2:14]   ok  hired as a community host
 330.0s [6月5日（週四） 下午 2:24]   use "Staff door — work a shift"
 330.8s [6月5日（週四） 下午 2:25]   shot 46_job_shift.png
 330.8s [6月5日（週四） 下午 2:25]   click [WorkShift] 開始 4 小時的班（最多 +$72.00）
 332.7s [6月5日（週四） 下午 6:27]   ok  a 4-hour shift paid by how it went ($67.68)
 332.7s [6月5日（週四） 下午 6:27] STEP Careers — freelance gig at a hot desk
 332.7s [6月5日（週四） 下午 6:27]   info card: Your first business loop
 332.7s [6月5日（週四） 下午 6:27]   shot 47_info_your_first_business_loop.png
 332.8s [6月5日（週四） 下午 6:27]   click "Let's go"
 341.7s [6月5日（週四） 下午 6:40]   use "Work at a hot desk — Company OS"
 342.3s [6月5日（週四） 下午 6:41]   click [Tab_freelance] Explore freelance consulting
 342.9s [6月5日（週四） 下午 6:42]   click [StartFreelance] Start freelancing
 343.5s [6月5日（週四） 下午 6:43]   click [Accept_G1] Accept
 344.1s [6月5日（週四） 下午 6:43]   click [Work_G1] 開啟客戶案件
 344.2s [6月5日（週四） 下午 6:44]   click [Interview_goal] ✗ 專案目標
 344.3s [6月5日（週四） 下午 6:44]   click [Interview_audience] ✗ 目標受眾
 344.4s [6月5日（週四） 下午 6:44]   click [Interview_budget] ✗ 預算
 344.5s [6月5日（週四） 下午 6:44]   click [Proposal] Prepare proposal
 344.6s [6月5日（週四） 下午 6:44]   click [AgreeProposal] Agree quote and scope
 344.7s [6月5日（週四） 下午 6:44]   click [Session_2] Work 2 h
 345.5s [6月5日（週四） 下午 8:44]   shot 48_freelance_gig.png
 345.5s [6月5日（週四） 下午 8:44]   ok  put hours into a freelance gig
 345.6s [6月5日（週四） 下午 8:44] STEP Careers — start a SaaS product
 345.6s [6月5日（週四） 下午 8:44]   click [Tab_saas] Start a software product
 346.2s [6月5日（週四） 下午 8:45]   shot 49_saas_ideas.png
 346.2s [6月5日（週四） 下午 8:45]   click [Saas_freelancer_invoicing] Build this
 346.7s [6月5日（週四） 下午 8:45]   click [SaasCode] 寫程式 2 小時
 347.4s [6月5日（週四） 下午 10:46]   shot 50_saas_building.png
 347.4s [6月5日（週四） 下午 10:46]   ok  started building a SaaS product (2 dev h)
 351.0s [6月5日（週四） 下午 10:53]   ok  walked back outside
 351.0s [6月5日（週四） 下午 10:53] STEP Run the company to month-end
 354.8s [6月5日（週四） 下午 11:11]   ok  walked to Riverside
 372.9s [6月5日（週四） 下午 11:38]   ok  entered Riverside Tower
 374.3s [6月5日（週四） 下午 11:40]   use "Use laptop — Company OS"
 374.9s [6月5日（週四） 下午 11:41]   click [Tab_operations] Operations
 375.1s [6月5日（週四） 下午 11:41]   click [DeliverTo_riverside_studio] 河濱大樓 7C
 375.3s [6月5日（週四） 下午 11:41]   click [Buy_tradelink_wholesale_water_bottle] 購買 $408.00
 383.5s [6月6日（週五） 上午 12:04]   use "Sleep"
 384.1s [6月6日（週五） 上午 12:04]   click [Sleep] Sleep until 7:00 AM
 394.8s [6月6日（週五） 上午 7:14]   use "Packing table"
 395.4s [6月6日（週五） 上午 7:15]   click [Pack] 打包 62 筆訂單（8 小時 16 分）
 396.4s [6月6日（週五） 下午 3:32]   click [CourierEconomy] 快遞 · 經濟 3 天（$265.15）
 399.2s [6月6日（週五） 下午 3:36]   use "Use laptop — Company OS"
 399.8s [6月6日（週五） 下午 3:37]   click [Tab_operations] Operations
 399.9s [6月6日（週五） 下午 3:38]   click [DeliverTo_riverside_studio] 河濱大樓 7C
 400.1s [6月6日（週五） 下午 3:38]   click [Buy_tradelink_wholesale_water_bottle] 購買 $408.00
 400.3s [6月6日（週五） 下午 3:48]   click [Buy_tradelink_wholesale_wireless_earbuds] 購買 $900.00
 408.7s [6月6日（週五） 下午 7:12]   use "Sleep"
 409.3s [6月6日（週五） 下午 7:12]   click [Sleep] Sleep until 7:00 AM
 420.0s [6月7日（週六） 上午 7:14]   use "Packing table"
 420.6s [6月7日（週六） 上午 7:15]   click [Pack] 打包 42 筆訂單（5 小時 36 分）
 421.6s [6月7日（週六） 下午 12:52]   click [CourierEconomy] 快遞 · 經濟 3 天（$185.65）
 424.3s [6月7日（週六） 下午 12:56]   use "Use laptop — Company OS"
 424.9s [6月7日（週六） 下午 12:57]   click [Tab_operations] Operations
 425.1s [6月7日（週六） 下午 12:57]   click [DeliverTo_riverside_studio] 河濱大樓 7C
 425.3s [6月7日（週六） 下午 12:58]   click [Buy_tradelink_wholesale_wireless_earbuds] 購買 $900.00
 426.1s [6月7日（週六） 下午 7:00]   shot 51_decision_viral_mention.png
 426.1s [6月7日（週六） 下午 7:00]   decision viral_mention → ride
 426.1s [6月7日（週六） 下午 7:00]   click [Choice_ride] 順其自然
 427.5s [6月7日（週六） 下午 7:00]   shot 52_decision_outcome_viral_mention.png
 427.5s [6月7日（週六） 下午 7:00]   click "OK"
 435.7s [6月7日（週六） 下午 7:12]   use "Sleep"
 436.3s [6月7日（週六） 下午 7:12]   click [Sleep] Sleep until 7:00 AM
 447.0s [6月8日（週日） 上午 7:14]   use "Packing table"
 447.7s [6月8日（週日） 上午 7:15]   click [Pack] 打包 16 筆訂單（2 小時 8 分）
 448.6s [6月8日（週日） 上午 9:24]   click [CourierEconomy] 快遞 · 經濟 3 天（$61.70）
 451.3s [6月8日（週日） 上午 9:28]   use "Use laptop — Company OS"
 451.9s [6月8日（週日） 上午 9:29]   click [Tab_operations] Operations
 452.1s [6月8日（週日） 上午 9:29]   click [DeliverTo_riverside_studio] 河濱大樓 7C
 452.3s [6月8日（週日） 上午 9:30]   click [Buy_tradelink_wholesale_wireless_earbuds] 購買 $900.00
 460.6s [6月8日（週日） 下午 7:11]   use "Sleep"
 461.2s [6月8日（週日） 下午 7:11]   click [Sleep] Sleep until 7:00 AM
 471.9s [6月9日（週一） 上午 7:14]   use "Packing table"
 472.6s [6月9日（週一） 上午 7:15]   click [Pack] 打包 16 筆訂單（2 小時 8 分）
 473.5s [6月9日（週一） 上午 9:24]   click [CourierEconomy] 快遞 · 經濟 3 天（$69.45）
 474.9s [6月9日（週一） 下午 7:00]   shot 53_decision_customer_return.png
 475.0s [6月9日（週一） 下午 7:00]   decision customer_return → replace
 475.0s [6月9日（週一） 下午 7:00]   click [Choice_replace] 寄一個新的
 476.3s [6月9日（週一） 下午 7:00]   shot 54_decision_outcome_customer_return.png
 476.3s [6月9日（週一） 下午 7:00]   click "OK"
 485.7s [6月9日（週一） 下午 7:14]   use "Sleep"
 486.3s [6月9日（週一） 下午 7:14]   click [Sleep] Sleep until 7:00 AM
 497.0s [6月10日（週二） 上午 7:14]   use "Packing table"
 497.7s [6月10日（週二） 上午 7:15]   click [Pack] 打包 19 筆訂單（2 小時 32 分）
 498.6s [6月10日（週二） 上午 9:48]   click [CourierEconomy] 快遞 · 經濟 3 天（$70.05）
 500.0s [6月10日（週二） 下午 7:00]   shot 55_decision_customer_return.png
 500.0s [6月10日（週二） 下午 7:00]   decision customer_return → refund
 500.0s [6月10日（週二） 下午 7:00]   click [Choice_refund] 退款＋收回商品
 501.4s [6月10日（週二） 下午 7:00]   shot 56_decision_outcome_customer_return.png
 501.4s [6月10日（週二） 下午 7:00]   click "OK"
 510.7s [6月10日（週二） 下午 7:14]   use "Sleep"
 511.3s [6月10日（週二） 下午 7:14]   click [Sleep] Sleep until 7:00 AM
 511.9s [6月11日（週三） 上午 12:06]   toast: 新評價 #1135：★「壞掉了，賣家不處理。」
 522.0s [6月11日（週三） 上午 7:14]   use "Packing table"
 522.7s [6月11日（週三） 上午 7:15]   click [Pack] 打包 20 筆訂單（2 小時 40 分）
 523.6s [6月11日（週三） 上午 9:56]   click [CourierEconomy] 快遞 · 經濟 3 天（$81.50）
 533.7s [6月11日（週三） 下午 7:13]   use "Sleep"
 534.3s [6月11日（週三） 下午 7:13]   click [Sleep] Sleep until 7:00 AM
 536.1s [6月12日（週四） 上午 7:00]   shot 57_decision_customer_return.png
 536.3s [6月12日（週四） 上午 7:00]   decision customer_return → refund
 536.3s [6月12日（週四） 上午 7:00]   click [Choice_refund] 退款＋收回商品
 537.6s [6月12日（週四） 上午 7:00]   shot 58_decision_outcome_customer_return.png
 537.6s [6月12日（週四） 上午 7:00]   click "OK"
 538.2s [6月12日（週四） 上午 7:00]   shot 59_decision_customer_return.png
 538.2s [6月12日（週四） 上午 7:00]   decision customer_return → replace
 538.2s [6月12日（週四） 上午 7:00]   click [Choice_replace] 寄一個新的
 539.5s [6月12日（週四） 上午 7:00]   shot 60_decision_outcome_customer_return.png
 539.5s [6月12日（週四） 上午 7:00]   click "OK"
 548.9s [6月12日（週四） 上午 7:13]   use "Packing table"
 549.6s [6月12日（週四） 上午 7:15]   click [Pack] 打包 25 筆訂單（3 小時 20 分）
 549.7s [6月12日（週四） 上午 9:23]   toast: 新評價 #1150：★「壞掉了，賣家不處理。」
 550.5s [6月12日（週四） 上午 10:36]   click [CourierEconomy] 快遞 · 經濟 3 天（$91.75）
 551.7s [6月12日（週四） 上午 10:37]   shot 61_decision_supplier_price_increase.png
 551.7s [6月12日（週四） 上午 10:37]   decision supplier_price_increase → accept
 551.7s [6月12日（週四） 上午 10:37]   click [Choice_accept] 好。繼續跟你進貨。
 553.1s [6月12日（週四） 上午 10:37]   shot 62_decision_outcome_supplier_price_increase.png
 553.1s [6月12日（週四） 上午 10:37]   click "OK"
 553.8s [6月12日（週四） 下午 7:00]   shot 63_decision_customer_return.png
 553.8s [6月12日（週四） 下午 7:00]   decision customer_return → replace
 553.8s [6月12日（週四） 下午 7:00]   click [Choice_replace] 寄一個新的
 555.2s [6月12日（週四） 下午 7:00]   shot 64_decision_outcome_customer_return.png
 555.2s [6月12日（週四） 下午 7:00]   click "OK"
 555.7s [6月12日（週四） 下午 7:00]   shot 65_decision_customer_return.png
 555.7s [6月12日（週四） 下午 7:00]   decision customer_return → refund
 555.7s [6月12日（週四） 下午 7:00]   click [Choice_refund] 退款＋收回商品
 557.1s [6月12日（週四） 下午 7:00]   shot 66_decision_outcome_customer_return.png
 557.1s [6月12日（週四） 下午 7:00]   click "OK"
 557.6s [6月12日（週四） 下午 7:00]   shot 67_decision_customer_return.png
 557.6s [6月12日（週四） 下午 7:00]   decision customer_return → replace
 557.6s [6月12日（週四） 下午 7:00]   click [Choice_replace] 寄一個新的
 559.0s [6月12日（週四） 下午 7:00]   shot 68_decision_outcome_customer_return.png
 559.0s [6月12日（週四） 下午 7:00]   click "OK"
 568.3s [6月12日（週四） 下午 7:13]   use "Sleep"
 568.9s [6月12日（週四） 下午 7:14]   click [Sleep] Sleep until 7:00 AM
 579.6s [6月13日（週五） 上午 7:14]   use "Packing table"
 580.3s [6月13日（週五） 上午 7:15]   click [Pack] 打包 23 筆訂單（3 小時 4 分）
 581.2s [6月13日（週五） 上午 10:20]   click [CourierEconomy] 快遞 · 經濟 3 天（$95.10）
 583.9s [6月13日（週五） 上午 10:24]   use "Use laptop — Company OS"
 584.5s [6月13日（週五） 上午 10:25]   click [Tab_operations] Operations
 584.7s [6月13日（週五） 上午 10:25]   click [DeliverTo_riverside_studio] 河濱大樓 7C
 584.9s [6月13日（週五） 上午 10:26]   click [Buy_tradelink_wholesale_water_bottle] 購買 $408.00
 593.2s [6月13日（週五） 下午 7:11]   use "Sleep"
 593.8s [6月13日（週五） 下午 7:11]   click [Sleep] Sleep until 7:00 AM
 595.7s [6月14日（週六） 上午 7:00]   shot 69_decision_customer_return.png
 595.7s [6月14日（週六） 上午 7:00]   decision customer_return → refund
 595.7s [6月14日（週六） 上午 7:00]   click [Choice_refund] 退款＋收回商品
 597.1s [6月14日（週六） 上午 7:00]   shot 70_decision_outcome_customer_return.png
 597.1s [6月14日（週六） 上午 7:00]   click "OK"
 606.4s [6月14日（週六） 上午 7:13]   use "Packing table"
 607.1s [6月14日（週六） 上午 7:15]   click [Pack] 打包 19 筆訂單（2 小時 32 分）
 608.0s [6月14日（週六） 上午 9:48]   click [CourierEconomy] 快遞 · 經濟 3 天（$73.80）
 610.7s [6月14日（週六） 上午 9:52]   use "Use laptop — Company OS"
 611.3s [6月14日（週六） 上午 9:53]   click [Tab_operations] Operations
 611.5s [6月14日（週六） 上午 9:53]   click [DeliverTo_riverside_studio] 河濱大樓 7C
 611.7s [6月14日（週六） 上午 9:53]   click [Buy_tradelink_wholesale_water_bottle] 購買 $469.20
 620.1s [6月14日（週六） 下午 7:12]   use "Sleep"
 620.7s [6月14日（週六） 下午 7:12]   click [Sleep] Sleep until 7:00 AM
 631.4s [6月15日（週日） 上午 7:14]   use "Packing table"
 632.1s [6月15日（週日） 上午 7:15]   click [Pack] 打包 7 筆訂單（56 分鐘）
 633.0s [6月15日（週日） 上午 8:12]   click [CourierEconomy] 快遞 · 經濟 3 天（$28.40）
 635.7s [6月15日（週日） 上午 8:16]   use "Use laptop — Company OS"
 636.3s [6月15日（週日） 上午 8:17]   click [Tab_operations] Operations
 636.5s [6月15日（週日） 上午 8:17]   click [DeliverTo_riverside_studio] 河濱大樓 7C
 636.7s [6月15日（週日） 上午 8:18]   click [Buy_tradelink_wholesale_water_bottle] 購買 $469.20
 645.0s [6月15日（週日） 下午 7:11]   use "Sleep"
 645.6s [6月15日（週日） 下午 7:11]   click [Sleep] Sleep until 7:00 AM
 647.5s [6月16日（週一） 上午 7:00]   shot 71_decision_customer_return.png
 647.5s [6月16日（週一） 上午 7:00]   decision customer_return → replace
 647.5s [6月16日（週一） 上午 7:00]   click [Choice_replace] 寄一個新的
 648.8s [6月16日（週一） 上午 7:00]   shot 72_decision_outcome_customer_return.png
 648.8s [6月16日（週一） 上午 7:00]   click "OK"
 658.2s [6月16日（週一） 上午 7:13]   use "Packing table"
 658.9s [6月16日（週一） 上午 7:15]   click [Pack] 打包 17 筆訂單（2 小時 16 分）
 659.8s [6月16日（週一） 上午 9:32]   click [CourierEconomy] 快遞 · 經濟 3 天（$64.90）
 660.9s [6月16日（週一） 上午 9:33]   shot 73_decision_unexpected_large_order.png
 660.9s [6月16日（週一） 上午 9:33]   decision unexpected_large_order → review
 660.9s [6月16日（週一） 上午 9:33]   click [Choice_review] 把合約寄給我，我看看。
 662.3s [6月16日（週一） 上午 9:33]   shot 74_decision_outcome_unexpected_large_order.png
 662.3s [6月16日（週一） 上午 9:33]   click "OK"
 664.4s [6月16日（週一） 上午 9:36]   use "Use laptop — Company OS"
 665.0s [6月16日（週一） 上午 9:37]   click [Tab_contracts] 合約 ●
 665.7s [6月16日（週一） 上午 9:37]   shot 75_contract_offer.png
 665.7s [6月16日（週一） 上午 9:37]   click [AcceptContract] Accept
 674.4s [6月16日（週一） 下午 7:12]   use "Sleep"
 675.0s [6月16日（週一） 下午 7:12]   click [Sleep] Sleep until 7:00 AM
 685.7s [6月17日（週二） 上午 7:14]   use "Packing table"
 686.4s [6月17日（週二） 上午 7:15]   click [Pack] 打包 9 筆訂單（1 小時 12 分）
 687.3s [6月17日（週二） 上午 8:28]   click [CourierEconomy] 快遞 · 經濟 3 天（$34.80）
 690.0s [6月17日（週二） 上午 8:32]   use "Use laptop — Company OS"
 690.7s [6月17日（週二） 上午 8:33]   click [Tab_operations] Operations
 690.8s [6月17日（週二） 上午 8:33]   click [DeliverTo_riverside_studio] 河濱大樓 7C
 691.0s [6月17日（週二） 上午 8:34]   click [Buy_tradelink_wholesale_water_bottle] 購買 $469.20
 691.2s [6月17日（週二） 上午 8:44]   click [Buy_tradelink_wholesale_water_bottle] 購買 $469.20
 691.4s [6月17日（週二） 上午 8:54]   click [Tab_contracts] Contracts
 692.5s [6月17日（週二） 下午 7:00]   shot 76_decision_customer_return.png
 692.5s [6月17日（週二） 下午 7:00]   decision customer_return → replace
 692.6s [6月17日（週二） 下午 7:00]   click [Choice_replace] 寄一個新的
 693.9s [6月17日（週二） 下午 7:00]   shot 77_decision_outcome_customer_return.png
 693.9s [6月17日（週二） 下午 7:00]   click "OK"
 694.4s [6月17日（週二） 下午 7:00]   shot 78_decision_customer_return.png
 694.4s [6月17日（週二） 下午 7:00]   decision customer_return → replace
 694.4s [6月17日（週二） 下午 7:00]   click [Choice_replace] 寄一個新的
 695.8s [6月17日（週二） 下午 7:00]   shot 79_decision_outcome_customer_return.png
 695.8s [6月17日（週二） 下午 7:00]   click "OK"
 704.0s [6月17日（週二） 下午 7:12]   use "Sleep"
 704.7s [6月17日（週二） 下午 7:12]   click [Sleep] Sleep until 7:00 AM
 706.5s [6月18日（週三） 上午 7:00]   shot 80_decision_customer_return.png
 706.5s [6月18日（週三） 上午 7:00]   decision customer_return → replace
 706.5s [6月18日（週三） 上午 7:00]   click [Choice_replace] 寄一個新的
 707.9s [6月18日（週三） 上午 7:00]   shot 81_decision_outcome_customer_return.png
 708.0s [6月18日（週三） 上午 7:00]   click "OK"
 708.5s [6月18日（週三） 上午 7:00]   shot 82_decision_customer_return.png
 708.5s [6月18日（週三） 上午 7:00]   decision customer_return → replace
 708.5s [6月18日（週三） 上午 7:00]   click [Choice_replace] 寄一個新的
 709.9s [6月18日（週三） 上午 7:00]   shot 83_decision_outcome_customer_return.png
 709.9s [6月18日（週三） 上午 7:00]   click "OK"
 719.2s [6月18日（週三） 上午 7:13]   use "Packing table"
 719.9s [6月18日（週三） 上午 7:15]   click [Pack] 打包 10 筆訂單（1 小時 20 分）
 720.8s [6月18日（週三） 上午 8:36]   click [CourierEconomy] 快遞 · 經濟 3 天（$42.50）
 723.5s [6月18日（週三） 上午 8:40]   use "Use laptop — Company OS"
 724.1s [6月18日（週三） 上午 8:41]   click [Tab_contracts] Contracts
 724.7s [6月18日（週三） 上午 8:42]   click [DeliverContract] 打包並交貨 120 件（B2B 貨運 $40）
 725.4s [6月18日（週三） 上午 10:13]   shot 84_contract_delivered.png
 733.4s [6月18日（週三） 下午 7:12]   use "Sleep"
 734.0s [6月18日（週三） 下午 7:12]   click [Sleep] Sleep until 7:00 AM
 735.9s [6月19日（週四） 上午 7:00]   shot 85_decision_customer_return.png
 735.9s [6月19日（週四） 上午 7:00]   decision customer_return → refund
 735.9s [6月19日（週四） 上午 7:00]   click [Choice_refund] 退款＋收回商品
 737.3s [6月19日（週四） 上午 7:00]   shot 86_decision_outcome_customer_return.png
 737.3s [6月19日（週四） 上午 7:00]   click "OK"
 737.8s [6月19日（週四） 上午 7:00]   shot 87_decision_customer_return.png
 737.8s [6月19日（週四） 上午 7:00]   decision customer_return → refund
 737.8s [6月19日（週四） 上午 7:00]   click [Choice_refund] 退款＋收回商品
 739.2s [6月19日（週四） 上午 7:00]   shot 88_decision_outcome_customer_return.png
 739.2s [6月19日（週四） 上午 7:00]   click "OK"
 748.5s [6月19日（週四） 上午 7:13]   use "Packing table"
 749.2s [6月19日（週四） 上午 7:15]   click [Pack] 打包 19 筆訂單（2 小時 32 分）
 750.1s [6月19日（週四） 上午 9:48]   click [CourierEconomy] 快遞 · 經濟 3 天（$66.80）
 752.8s [6月19日（週四） 上午 9:52]   use "Use laptop — Company OS"
 753.4s [6月19日（週四） 上午 9:53]   click [Tab_operations] Operations
 753.6s [6月19日（週四） 上午 9:53]   click [DeliverTo_riverside_studio] 河濱大樓 7C
 753.9s [6月19日（週四） 上午 9:53]   click [Buy_tradelink_wholesale_wireless_earbuds] 購買 $900.00
 762.2s [6月19日（週四） 下午 7:12]   use "Sleep"
 762.8s [6月19日（週四） 下午 7:12]   click [Sleep] Sleep until 7:00 AM
 773.5s [6月20日（週五） 上午 7:14]   use "Packing table"
 774.2s [6月20日（週五） 上午 7:15]   click [Pack] 打包 10 筆訂單（1 小時 20 分）
 775.1s [6月20日（週五） 上午 8:36]   click [CourierEconomy] 快遞 · 經濟 3 天（$42.50）
 777.8s [6月20日（週五） 上午 8:40]   use "Use laptop — Company OS"
 778.4s [6月20日（週五） 上午 8:41]   click [Tab_operations] Operations
 778.7s [6月20日（週五） 上午 8:42]   click [DeliverTo_riverside_studio] 河濱大樓 7C
 779.0s [6月20日（週五） 上午 8:42]   click [Buy_tradelink_wholesale_wireless_earbuds] 購買 $900.00
 787.3s [6月20日（週五） 下午 7:11]   use "Sleep"
 787.9s [6月20日（週五） 下午 7:12]   click [Sleep] Sleep until 7:00 AM
 798.6s [6月21日（週六） 上午 7:14]   use "Packing table"
 799.3s [6月21日（週六） 上午 7:15]   click [Pack] 打包 5 筆訂單（40 分鐘）
 800.2s [6月21日（週六） 上午 7:56]   click [CourierEconomy] 快遞 · 經濟 3 天（$25.25）
 803.0s [6月21日（週六） 上午 8:00]   use "Use laptop — Company OS"
 803.6s [6月21日（週六） 上午 8:01]   click [Tab_operations] Operations
 803.8s [6月21日（週六） 上午 8:01]   click [DeliverTo_riverside_studio] 河濱大樓 7C
 804.0s [6月21日（週六） 上午 8:02]   click [Buy_tradelink_wholesale_wireless_earbuds] 購買 $900.00
 804.6s [6月21日（週六） 上午 9:34]   toast: 新評價 #1339：★「壞掉了，賣家不處理。」
 812.3s [6月21日（週六） 下午 7:11]   use "Sleep"
 812.9s [6月21日（週六） 下午 7:11]   click [Sleep] Sleep until 7:00 AM
 823.6s [6月22日（週日） 上午 7:14]   use "Packing table"
 824.3s [6月22日（週日） 上午 7:15]   click [Pack] 打包 14 筆訂單（1 小時 52 分）
 825.2s [6月22日（週日） 上午 9:08]   click [CourierEconomy] 快遞 · 經濟 3 天（$52.05）
 826.6s [6月22日（週日） 下午 7:00]   shot 89_decision_customer_return.png
 826.6s [6月22日（週日） 下午 7:00]   decision customer_return → replace
 826.6s [6月22日（週日） 下午 7:00]   click [Choice_replace] 寄一個新的
 828.0s [6月22日（週日） 下午 7:00]   shot 90_decision_outcome_customer_return.png
 828.0s [6月22日（週日） 下午 7:00]   click "OK"
 837.4s [6月22日（週日） 下午 7:13]   use "Sleep"
 838.0s [6月22日（週日） 下午 7:14]   click [Sleep] Sleep until 7:00 AM
 848.6s [6月23日（週一） 上午 7:14]   use "Packing table"
 849.3s [6月23日（週一） 上午 7:15]   click [Pack] 打包 21 筆訂單（2 小時 48 分）
 850.2s [6月23日（週一） 上午 10:04]   click [CourierEconomy] 快遞 · 經濟 3 天（$74.45）
 860.3s [6月23日（週一） 下午 7:13]   use "Sleep"
 860.9s [6月23日（週一） 下午 7:13]   click [Sleep] Sleep until 7:00 AM
 862.8s [6月24日（週二） 上午 7:00]   shot 91_decision_customer_return.png
 862.8s [6月24日（週二） 上午 7:00]   decision customer_return → replace
 862.8s [6月24日（週二） 上午 7:00]   click [Choice_replace] 寄一個新的
 864.1s [6月24日（週二） 上午 7:00]   shot 92_decision_outcome_customer_return.png
 864.2s [6月24日（週二） 上午 7:00]   click "OK"
 864.7s [6月24日（週二） 上午 7:00]   shot 93_decision_customer_return.png
 864.7s [6月24日（週二） 上午 7:00]   decision customer_return → replace
 864.7s [6月24日（週二） 上午 7:00]   click [Choice_replace] 寄一個新的
 866.1s [6月24日（週二） 上午 7:00]   shot 94_decision_outcome_customer_return.png
 866.1s [6月24日（週二） 上午 7:00]   click "OK"
 875.5s [6月24日（週二） 上午 7:14]   use "Packing table"
 876.2s [6月24日（週二） 上午 7:15]   click [Pack] 打包 25 筆訂單（3 小時 20 分）
 877.1s [6月24日（週二） 上午 10:36]   click [CourierEconomy] 快遞 · 經濟 3 天（$86.00）
 878.4s [6月24日（週二） 下午 7:00]   shot 95_decision_customer_return.png
 878.4s [6月24日（週二） 下午 7:00]   decision customer_return → replace
 878.4s [6月24日（週二） 下午 7:00]   click [Choice_replace] 寄一個新的
 879.8s [6月24日（週二） 下午 7:00]   shot 96_decision_outcome_customer_return.png
 879.8s [6月24日（週二） 下午 7:00]   click "OK"
 889.2s [6月24日（週二） 下午 7:13]   use "Sleep"
 889.8s [6月24日（週二） 下午 7:14]   click [Sleep] Sleep until 7:00 AM
 891.6s [6月25日（週三） 上午 7:00]   shot 97_decision_customer_return.png
 891.7s [6月25日（週三） 上午 7:00]   decision customer_return → replace
 891.7s [6月25日（週三） 上午 7:00]   click [Choice_replace] 寄一個新的
 893.0s [6月25日（週三） 上午 7:00]   shot 98_decision_outcome_customer_return.png
 893.0s [6月25日（週三） 上午 7:00]   click "OK"
 902.4s [6月25日（週三） 上午 7:13]   use "Packing table"
 903.1s [6月25日（週三） 上午 7:15]   click [Pack] 打包 17 筆訂單（2 小時 16 分）
 904.0s [6月25日（週三） 上午 9:32]   click [CourierEconomy] 快遞 · 經濟 3 天（$66.15）
 914.0s [6月25日（週三） 下午 7:13]   use "Sleep"
 914.6s [6月25日（週三） 下午 7:13]   click [Sleep] Sleep until 7:00 AM
 916.5s [6月26日（週四） 上午 7:00]   shot 99_decision_customer_return.png
 916.5s [6月26日（週四） 上午 7:00]   decision customer_return → replace
 916.5s [6月26日（週四） 上午 7:00]   click [Choice_replace] 寄一個新的
 917.8s [6月26日（週四） 上午 7:00]   shot 100_decision_outcome_customer_return.png
 917.9s [6月26日（週四） 上午 7:00]   click "OK"
 927.3s [6月26日（週四） 上午 7:14]   use "Packing table"
 928.0s [6月26日（週四） 上午 7:15]   click [Pack] 打包 17 筆訂單（2 小時 16 分）
 928.9s [6月26日（週四） 上午 9:32]   click [CourierEconomy] 快遞 · 經濟 3 天（$66.90）
 938.9s [6月26日（週四） 下午 7:13]   use "Sleep"
 939.5s [6月26日（週四） 下午 7:13]   click [Sleep] Sleep until 7:00 AM
 950.2s [6月27日（週五） 上午 7:14]   use "Packing table"
 950.9s [6月27日（週五） 上午 7:15]   click [Pack] 打包 21 筆訂單（2 小時 48 分）
 951.9s [6月27日（週五） 上午 10:04]   click [CourierEconomy] 快遞 · 經濟 3 天（$78.95）
 953.2s [6月27日（週五） 下午 7:00]   shot 101_decision_customer_return.png
 953.2s [6月27日（週五） 下午 7:00]   decision customer_return → replace
 953.2s [6月27日（週五） 下午 7:00]   click [Choice_replace] 寄一個新的
 954.6s [6月27日（週五） 下午 7:00]   shot 102_decision_outcome_customer_return.png
 954.6s [6月27日（週五） 下午 7:00]   click "OK"
 964.0s [6月27日（週五） 下午 7:14]   use "Sleep"
 964.6s [6月27日（週五） 下午 7:14]   click [Sleep] Sleep until 7:00 AM
 975.3s [6月28日（週六） 上午 7:14]   use "Packing table"
 976.0s [6月28日（週六） 上午 7:15]   click [Pack] 打包 17 筆訂單（2 小時 16 分）
 976.9s [6月28日（週六） 上午 9:32]   click [CourierEconomy] 快遞 · 經濟 3 天（$63.65）
 986.9s [6月28日（週六） 下午 7:13]   use "Sleep"
 987.5s [6月28日（週六） 下午 7:13]   click [Sleep] Sleep until 7:00 AM
 989.4s [6月29日（週日） 上午 7:00]   shot 103_decision_customer_return.png
 989.4s [6月29日（週日） 上午 7:00]   decision customer_return → replace
 989.4s [6月29日（週日） 上午 7:00]   click [Choice_replace] 寄一個新的
 990.8s [6月29日（週日） 上午 7:00]   shot 104_decision_outcome_customer_return.png
 990.8s [6月29日（週日） 上午 7:00]   click "OK"
1000.1s [6月29日（週日） 上午 7:13]   use "Packing table"
1000.8s [6月29日（週日） 上午 7:15]   click [Pack] 打包 15 筆訂單（2 h）
1001.7s [6月29日（週日） 上午 9:16]   click [CourierEconomy] 快遞 · 經濟 3 天（$54.00）
1011.8s [6月29日（週日） 下午 7:13]   use "Sleep"
1012.4s [6月29日（週日） 下午 7:13]   click [Sleep] Sleep until 7:00 AM
1023.1s [6月30日（週一） 上午 7:14]   use "Packing table"
1023.8s [6月30日（週一） 上午 7:15]   click [Pack] 打包 15 筆訂單（2 h）
1024.7s [6月30日（週一） 上午 9:16]   click [CourierEconomy] 快遞 · 經濟 3 天（$61.75）
1025.9s [6月30日（週一） 上午 9:17]   shot 105_decision_customer_return.png
1025.9s [6月30日（週一） 上午 9:17]   decision customer_return → replace
1025.9s [6月30日（週一） 上午 9:17]   click [Choice_replace] 寄一個新的
1027.3s [6月30日（週一） 上午 9:17]   shot 106_decision_outcome_customer_return.png
1027.3s [6月30日（週一） 上午 9:17]   click "OK"
1036.7s [6月30日（週一） 下午 7:14]   use "Sleep"
1037.3s [6月30日（週一） 下午 7:14]   click [Sleep] Sleep until 7:00 AM
1041.2s [7月1日（週二） 上午 7:00]   shot 107_month_close_report.png
1041.2s [7月1日（週二） 上午 7:00]   click [month close] Continue
1041.9s [7月1日（週二） 上午 7:00]   shot 108_decision_customer_return.png
1042.0s [7月1日（週二） 上午 7:00]   decision customer_return → replace
1042.0s [7月1日（週二） 上午 7:00]   click [Choice_replace] 寄一個新的
1043.5s [7月1日（週二） 上午 7:00]   shot 109_decision_outcome_customer_return.png
1043.6s [7月1日（週二） 上午 7:00]   click "OK"
1052.9s [7月1日（週二） 上午 7:13]   use "Packing table"
1053.7s [7月1日（週二） 上午 7:15]   click [Pack] 打包 22 筆訂單（2 小時 56 分）
1054.6s [7月1日（週二） 上午 10:12]   click [CourierEconomy] 快遞 · 經濟 3 天（$78.90）
1055.8s [7月1日（週二） 上午 10:13]   shot 110_decision_supplier_price_increase.png
1055.8s [7月1日（週二） 上午 10:13]   decision supplier_price_increase → accept
1055.8s [7月1日（週二） 上午 10:13]   click [Choice_accept] 好。繼續跟你進貨。
1057.2s [7月1日（週二） 上午 10:13]   shot 111_decision_outcome_supplier_price_increase.png
1057.2s [7月1日（週二） 上午 10:13]   click "OK"
1058.8s [7月1日（週二） 上午 10:15]   ok  month close ran (June)
1060.3s [7月1日（週二） 上午 10:17]   use "Use laptop — Company OS"
1060.9s [7月1日（週二） 上午 10:18]   click [Tab_finance] Finance
1061.8s [7月1日（週二） 上午 10:19]   shot 112_company_os_finance_july.png
1062.2s [7月1日（週二） 上午 10:20]   ok  Chapter 4 started after the June close
1062.2s [7月1日（週二） 上午 10:20] STEP Chapter 4 — register as an employer at City Hall
1064.8s [7月1日（週二） 上午 10:25]   ok  walked back outside
1078.8s [7月1日（週二） 上午 10:46]   use "捷運——河濱區站"
1079.8s [7月1日（週二） 上午 10:47]   shot 113_metro_civic_center.png
1079.8s [7月1日（週二） 上午 10:47]   click [Go_civic_center] 市政中心  ·  12 分鐘
1080.8s [7月1日（週二） 上午 11:01]   ok  took the Metro to Civic Center
1087.9s [7月1日（週二） 上午 11:11]   ok  entered Aurelia City Hall
1089.7s [7月1日（週二） 上午 11:14]   use "Permits & regulations"
1090.5s [7月1日（週二） 上午 11:15]   shot 114_permits_kiosk.png
1090.5s [7月1日（週二） 上午 11:15]   click [RegisterEmployer] 登記（$150）
1091.4s [7月1日（週二） 上午 11:37]   ok  registered as an employer
1091.4s [7月1日（週二） 上午 11:37] STEP Chapter 4 — post a job, hire, first payroll
1094.4s [7月1日（週二） 上午 11:42]   ok  walked back outside
1100.0s [7月1日（週二） 上午 11:51]   use "捷運——市政中心站"
1101.0s [7月1日（週二） 上午 11:52]   shot 115_metro_riverside.png
1101.0s [7月1日（週二） 上午 11:52]   click [Go_riverside] 河濱區  ·  12 分鐘
1102.0s [7月1日（週二） 下午 12:06]   ok  took the Metro to Riverside
1111.1s [7月1日（週二） 下午 12:19]   ok  entered Riverside Tower
1112.5s [7月1日（週二） 下午 12:21]   use "Use laptop — Company OS"
1113.1s [7月1日（週二） 下午 12:22]   click [Tab_people] People
1113.9s [7月1日（週二） 下午 12:23]   shot 116_people_tab.png
1113.9s [7月1日（週二） 下午 12:23]   click [Post_support] Post job
1114.8s [7月1日（週二） 下午 12:25]   ok  job ad posted
1114.9s [7月1日（週二） 下午 12:25]   (harness) wait 2 h
1123.3s [7月1日（週二） 下午 2:38]   use "Packing table"
1124.0s [7月1日（週二） 下午 2:39]   click [Pack] 打包 7 筆訂單（56 分鐘）
1124.9s [7月1日（週二） 下午 3:36]   click [CourierEconomy] 快遞 · 經濟 3 天（$28.40）
1126.1s [7月1日（週二） 下午 3:38]   (harness) wait 2 h
1127.0s [7月1日（週二） 下午 5:39]   use "Packing table"
1127.7s [7月1日（週二） 下午 5:40]   click [Pack] 打包 1 筆訂單（8 分鐘）
1128.6s [7月1日（週二） 下午 5:50]   click [CourierEconomy] 快遞 · 經濟 3 天（$9.20）
1129.7s [7月1日（週二） 下午 5:51]   (harness) wait 2 h
1130.5s [7月1日（週二） 下午 7:52]   use "Packing table"
1131.2s [7月1日（週二） 下午 7:54]   click [Pack] 打包 4 筆訂單（32 分鐘）
1132.2s [7月1日（週二） 下午 8:27]   click [CourierEconomy] 快遞 · 經濟 3 天（$22.05）
1136.0s [7月1日（週二） 下午 8:33]   use "Sleep"
1136.6s [7月1日（週二） 下午 8:33]   click [Sleep] Sleep until 7:00 AM
1137.1s [7月1日（週二） 下午 9:57]   toast: 新評價 #1493：★「浪費錢。」
1147.3s [7月2日（週三） 上午 7:14]   use "Packing table"
1148.0s [7月2日（週三） 上午 7:15]   click [Pack] 打包 1 筆訂單（8 分鐘）
1148.9s [7月2日（週三） 上午 7:24]   click [CourierEconomy] 快遞 · 經濟 3 天（$9.20）
1151.6s [7月2日（週三） 上午 7:28]   use "Use laptop — Company OS"
1152.2s [7月2日（週三） 上午 7:29]   click [Tab_people] People
1153.2s [7月2日（週三） 上午 7:30]   shot 117_applicants.png
1153.2s [7月2日（週三） 上午 7:30]   click [Hire_E1] Hire
1154.2s [7月2日（週三） 上午 7:32]   ok  hired the first employee (Hana Okoro)
1161.9s [7月2日（週三） 下午 7:11]   use "Sleep"
1162.5s [7月2日（週三） 下午 7:11]   click [Sleep] Sleep until 7:00 AM
1164.4s [7月3日（週四） 上午 7:00]   shot 118_decision_customer_return.png
1164.4s [7月3日（週四） 上午 7:00]   decision customer_return → refund
1164.4s [7月3日（週四） 上午 7:00]   click [Choice_refund] 退款＋收回商品
1165.8s [7月3日（週四） 上午 7:00]   shot 119_decision_outcome_customer_return.png
1165.8s [7月3日（週四） 上午 7:00]   click "OK"
1166.5s [7月3日（週四） 下午 7:01]   use "Sleep"
1167.1s [7月3日（週四） 下午 7:01]   click [Sleep] Sleep until 7:00 AM
1169.4s [7月4日（週五） 下午 7:00]   use "Sleep"
1170.0s [7月4日（週五） 下午 7:00]   click [Sleep] Sleep until 7:00 AM
1172.4s [7月5日（週六） 上午 7:01]   ok  first payroll paid
1173.5s [7月5日（週六） 上午 7:02]   use "Use laptop — Company OS"
1174.1s [7月5日（週六） 上午 7:03]   click [Tab_finance] Finance
1174.9s [7月5日（週六） 上午 7:04]   shot 120_cash_forecast.png
1176.3s [7月5日（週六） 上午 7:06]   ok  Chapter 4 complete
1176.3s [7月5日（週六） 上午 7:06] STEP Chapter 5 — Crestline's offer
1184.1s [7月5日（週六） 下午 7:11]   use "Sleep"
1184.7s [7月5日（週六） 下午 7:11]   click [Sleep] Sleep until 7:00 AM
1187.5s [7月6日（週日） 下午 7:00]   use "Sleep"
1188.1s [7月6日（週日） 下午 7:00]   click [Sleep] Sleep until 7:00 AM
1199.1s [7月7日（週一） 上午 7:14]   use "Packing table"
1199.8s [7月7日（週一） 上午 7:15]   click [Pack] 打包 3 筆訂單（24 分鐘）
1200.7s [7月7日（週一） 上午 7:40]   click [CourierEconomy] 快遞 · 經濟 3 天（$15.60）
1210.9s [7月7日（週一） 下午 7:13]   use "Sleep"
1211.5s [7月7日（週一） 下午 7:13]   click [Sleep] Sleep until 7:00 AM
1214.1s [7月8日（週二） 下午 7:00]   use "Sleep"
1214.7s [7月8日（週二） 下午 7:00]   click [Sleep] Sleep until 7:00 AM
1217.1s [7月9日（週三） 下午 7:00]   use "Sleep"
1217.7s [7月9日（週三） 下午 7:00]   click [Sleep] Sleep until 7:00 AM
1220.0s [7月10日（週四） 下午 7:00]   use "Sleep"
1220.7s [7月10日（週四） 下午 7:00]   click [Sleep] Sleep until 7:00 AM
1223.1s [7月11日（週五） 上午 7:00]   shot 121_decision_crestline_big_offer.png
1223.1s [7月11日（週五） 上午 7:00]   decision crestline_big_offer → review
1223.1s [7月11日（週五） 上午 7:00]   click [Choice_review] 把合約寄來，我看看。
1224.5s [7月11日（週五） 上午 7:00]   shot 122_decision_outcome_crestline_big_offer.png
1224.5s [7月11日（週五） 上午 7:00]   click "OK"
1225.0s [7月11日（週五） 上午 7:00]   ok  Crestline offered the big contract
1226.2s [7月11日（週五） 上午 7:02]   use "Use laptop — Company OS"
1226.8s [7月11日（週五） 上午 7:03]   click [Tab_contracts] 合約 ●
1227.5s [7月11日（週五） 上午 7:04]   shot 123_big_contract_offer.png
1227.5s [7月11日（週五） 上午 7:04]   click [AcceptContract] Accept
1228.5s [7月11日（週五） 上午 7:05]   ok  accepted Crestline's contract
1228.5s [7月11日（週五） 上午 7:05] STEP Chapter 5 — borrow from Marcus Reed at Nexus Bank
1231.3s [7月11日（週五） 上午 7:11]   ok  walked back outside
1245.3s [7月11日（週五） 上午 7:32]   use "捷運——河濱區站"
1246.3s [7月11日（週五） 上午 7:33]   shot 124_metro_financial.png
1246.3s [7月11日（週五） 上午 7:33]   click [Go_financial] 金融區  ·  10 分鐘
1247.3s [7月11日（週五） 上午 7:45]   ok  took the Metro to Financial District
1255.2s [7月11日（週五） 下午 1:17]   ok  entered Nexus Bank
1257.0s [7月11日（週五） 下午 1:19]   use "和 Marcus Reed 說話"
1260.0s [7月11日（週五） 下午 1:19]   choose "› 讓我看看你能借多少。"
1261.9s [7月11日（週五） 下午 1:19]   shot 125_loan_offer.png
1261.9s [7月11日（週五） 下午 1:19]   click [Amt_50] $22,000
1262.1s [7月11日（週五） 下午 1:19]   click [Term_12] 12 個月
1262.3s [7月11日（週五） 下午 1:19]   click [TakeLoan] 借 $22,000
1262.5s [7月11日（週五） 下午 1:19]   click [ConfirmLoan] Confirm loan signing
1262.8s [7月11日（週五） 下午 5:00]   ok  loan signing finishes the same afternoon
1263.3s [7月11日（週五） 下午 5:00]   shot 126_loan_taken.png
1263.7s [7月11日（週五） 下午 5:00]   ok  took a Nexus Bank loan (debt $22,000.00)
1263.7s [7月11日（週五） 下午 5:00] STEP Chapter 5 — order the lamps and deliver
1266.6s [7月11日（週五） 下午 5:05]   ok  walked back outside
1272.8s [7月11日（週五） 下午 5:15]   use "捷運——金融區站"
1273.7s [7月11日（週五） 下午 5:16]   shot 127_metro_riverside.png
1273.7s [7月11日（週五） 下午 5:16]   click [Go_riverside] 河濱區  ·  10 分鐘
1274.8s [7月11日（週五） 下午 5:28]   ok  took the Metro to Riverside
1283.9s [7月11日（週五） 下午 5:41]   ok  entered Riverside Tower
1285.3s [7月11日（週五） 下午 5:43]   use "Use laptop — Company OS"
1285.9s [7月11日（週五） 下午 5:44]   click [Tab_contracts] Contracts
1286.6s [7月11日（週五） 下午 5:45]   click [FillContract] 追加訂購 800 件，向 TradeLink 批發（$9,200）
1287.3s [7月11日（週五） 下午 5:56]   shot 128_contract_restock.png
1295.2s [7月11日（週五） 下午 7:11]   use "Sleep"
1295.9s [7月11日（週五） 下午 7:11]   click [Sleep] Sleep until 7:00 AM
1298.0s [7月12日（週六） 下午 7:00]   use "Sleep"
1298.6s [7月12日（週六） 下午 7:00]   click [Sleep] Sleep until 7:00 AM
1300.6s [7月13日（週日） 下午 7:00]   use "Sleep"
1301.2s [7月13日（週日） 下午 7:00]   click [Sleep] Sleep until 7:00 AM
1304.2s [7月14日（週一） 上午 7:02]   use "Use laptop — Company OS"
1304.8s [7月14日（週一） 上午 7:03]   click [Tab_contracts] Contracts
1305.5s [7月14日（週一） 上午 7:04]   click [DeliverContract] 打包並交貨 800 件（B2B 貨運 $40）
1306.6s [7月14日（週一） 上午 8:35]   shot 129_big_contract_delivered.png
1306.9s [7月14日（週一） 上午 8:36]   ok  delivered 800 lamps to Crestline
1308.0s [7月14日（週一） 上午 8:38]   ok  Chapter 5 complete
1308.0s [7月14日（週一） 上午 8:38] STEP Chapter 6 — forecast, early payment, month in the black
1308.1s [7月14日（週一） 上午 8:38]   use "Use laptop — Company OS"
1308.7s [7月14日（週一） 上午 8:39]   click [Tab_finance] Finance
1309.7s [7月14日（週一） 上午 8:40]   shot 130_cash_forecast_ch6.png
1309.7s [7月14日（週一） 上午 8:40]   click [Tab_contracts] Contracts
1310.2s [7月14日（週一） 上午 8:41]   click [EarlyPayment] 請對方提前付款（折 3%：現在拿 $21,728）
1310.9s [7月14日（週一） 上午 8:42]   shot 131_early_payment.png
1311.3s [7月14日（週一） 上午 8:43]   ok  Crestline paid early (3% discount)
1318.7s [7月14日（週一） 下午 7:11]   use "Sleep"
1319.3s [7月14日（週一） 下午 7:11]   click [Sleep] Sleep until 7:00 AM
1321.3s [7月15日（週二） 下午 7:00]   shot 132_decision_elena_offer.png
1321.4s [7月15日（週二） 下午 7:00]   decision elena_offer → accept
1321.4s [7月15日（週二） 下午 7:00]   click [Choice_accept] 以 20% 股份換 $40,000
1322.7s [7月15日（週二） 下午 7:00]   shot 133_decision_outcome_elena_offer.png
1322.8s [7月15日（週二） 下午 7:00]   click "OK"
1323.5s [7月15日（週二） 下午 7:00]   use "Sleep"
1324.1s [7月15日（週二） 下午 7:00]   click [Sleep] Sleep until 7:00 AM
1326.2s [7月16日（週三） 下午 7:00]   use "Sleep"
1326.8s [7月16日（週三） 下午 7:00]   click [Sleep] Sleep until 7:00 AM
1328.9s [7月17日（週四） 下午 7:00]   use "Sleep"
1329.5s [7月17日（週四） 下午 7:00]   click [Sleep] Sleep until 7:00 AM
1331.6s [7月18日（週五） 下午 7:00]   use "Sleep"
1332.2s [7月18日（週五） 下午 7:00]   click [Sleep] Sleep until 7:00 AM
1340.7s [7月19日（週六） 下午 7:09]   use "Sleep"
1341.3s [7月19日（週六） 下午 7:10]   click [Sleep] Sleep until 7:00 AM
1343.4s [7月20日（週日） 下午 7:00]   use "Sleep"
1344.0s [7月20日（週日） 下午 7:00]   click [Sleep] Sleep until 7:00 AM
1346.0s [7月21日（週一） 下午 7:00]   use "Sleep"
1346.6s [7月21日（週一） 下午 7:00]   click [Sleep] Sleep until 7:00 AM
1348.7s [7月22日（週二） 下午 7:00]   use "Sleep"
1349.3s [7月22日（週二） 下午 7:00]   click [Sleep] Sleep until 7:00 AM
1351.4s [7月23日（週三） 下午 7:00]   use "Sleep"
1352.0s [7月23日（週三） 下午 7:00]   click [Sleep] Sleep until 7:00 AM
1360.5s [7月24日（週四） 下午 7:09]   use "Sleep"
1361.1s [7月24日（週四） 下午 7:10]   click [Sleep] Sleep until 7:00 AM
1363.2s [7月25日（週五） 下午 7:00]   use "Sleep"
1363.8s [7月25日（週五） 下午 7:00]   click [Sleep] Sleep until 7:00 AM
1365.9s [7月26日（週六） 下午 7:00]   use "Sleep"
1366.5s [7月26日（週六） 下午 7:00]   click [Sleep] Sleep until 7:00 AM
1368.6s [7月27日（週日） 下午 7:00]   use "Sleep"
1369.2s [7月27日（週日） 下午 7:00]   click [Sleep] Sleep until 7:00 AM
1371.3s [7月28日（週一） 下午 7:00]   use "Sleep"
1371.9s [7月28日（週一） 下午 7:00]   click [Sleep] Sleep until 7:00 AM
1380.4s [7月29日（週二） 下午 7:10]   use "Sleep"
1381.0s [7月29日（週二） 下午 7:10]   click [Sleep] Sleep until 7:00 AM
1383.0s [7月30日（週三） 下午 7:00]   shot 134_decision_supplier_price_increase.png
1383.0s [7月30日（週三） 下午 7:00]   decision supplier_price_increase → accept
1383.0s [7月30日（週三） 下午 7:00]   click [Choice_accept] 好。繼續跟你進貨。
1384.4s [7月30日（週三） 下午 7:00]   shot 135_decision_outcome_supplier_price_increase.png
1384.4s [7月30日（週三） 下午 7:00]   click "OK"
1385.1s [7月30日（週三） 下午 7:00]   use "Sleep"
1385.7s [7月30日（週三） 下午 7:00]   click [Sleep] Sleep until 7:00 AM
1387.8s [7月31日（週四） 下午 7:00]   use "Sleep"
1388.4s [7月31日（週四） 下午 7:00]   click [Sleep] Sleep until 7:00 AM
1392.0s [8月1日（週五） 上午 7:00]   shot 136_month_close_report.png
1392.0s [8月1日（週五） 上午 7:00]   click [month close] Continue
1393.6s [8月1日（週五） 上午 7:02]   ok  Chapter 6 complete
1393.6s [8月1日（週五） 上午 7:02]   ok  ledger balanced after chapters 4–6
1393.7s [8月1日（週五） 上午 7:02]   ok  Chapter 7 started after Chapter 6
1393.7s [8月1日（週五） 上午 7:02]   ok  Year 3: the Supply Shock
1393.7s [8月1日（週五） 上午 7:02] STEP Chapter 7 — the news, and Ken's options
1397.0s [8月1日（週五） 上午 7:08]   ok  walked back outside
1400.4s [8月1日（週五） 上午 7:13]   ok  entered Bloom Coffee
1402.1s [8月1日（週五） 上午 7:15]   use "Read the news board"
1402.8s [8月1日（週五） 上午 7:20]   shot 137_news_supply_shock.png
1403.2s [8月1日（週五） 上午 7:20]   ok  read the news (supply_shock)
1406.2s [8月1日（週五） 上午 7:25]   ok  walked back outside
1409.3s [8月1日（週五） 上午 7:30]   ok  entered Riverside Tower
1411.4s [8月1日（週五） 下午 7:03]   use "Sleep"
1412.0s [8月1日（週五） 下午 7:03]   click [Sleep] Sleep until 7:00 AM
1414.4s [8月2日（週六） 下午 7:00]   use "Sleep"
1415.0s [8月2日（週六） 下午 7:00]   click [Sleep] Sleep until 7:00 AM
1417.3s [8月3日（週日） 下午 7:00]   shot 138_decision_supply_shock_plan.png
1417.3s [8月3日（週日） 下午 7:00]   decision supply_shock_plan → local
1417.3s [8月3日（週日） 下午 7:00]   click [Choice_local] 加一個在地備援：奧瑞莉亞職人合作社
1418.7s [8月3日（週日） 下午 7:00]   shot 139_decision_outcome_supply_shock_plan.png
1418.7s [8月3日（週日） 下午 7:00]   click "OK"
1419.3s [8月3日（週日） 下午 7:00]   use "Sleep"
1419.9s [8月3日（週日） 下午 7:00]   click [Sleep] Sleep until 7:00 AM
1421.8s [8月4日（週一） 上午 7:01]   ok  the local co-op is a supplier now
1421.8s [8月4日（週一） 上午 7:01] STEP Chapter 7 — order from the co-op, raise a price
1423.1s [8月4日（週一） 上午 7:02]   use "Use laptop — Company OS"
1423.7s [8月4日（週一） 上午 7:03]   click [Tab_operations] Operations
1424.4s [8月4日（週一） 上午 7:04]   shot 140_operations_supply_shock.png
1424.4s [8月4日（週一） 上午 7:04]   click [Buy_aurelia_makers_desk_lamp] 購買 $417.00
1425.0s [8月4日（週一） 上午 7:15]   click [Buy_aurelia_makers_desk_lamp] 購買 $417.00
1425.6s [8月4日（週一） 上午 7:26]   click [Buy_aurelia_makers_desk_lamp] 購買 $417.00
1426.2s [8月4日（週一） 上午 7:37]   click [Buy_aurelia_makers_desk_lamp] 購買 $417.00
1427.4s [8月4日（週一） 上午 7:49]   use "Use laptop — Company OS"
1428.0s [8月4日（週一） 上午 7:50]   click [Tab_people] People
1428.6s [8月4日（週一） 上午 7:51]   click [LetGo_E1] Let go
1428.8s [8月4日（週一） 上午 7:51]   click [Tab_sales] Ecommerce
1429.3s [8月4日（週一） 上午 7:52]   click [PriceUp_wireless_earbuds] +
1429.5s [8月4日（週一） 上午 7:52]   click [PriceUp_wireless_earbuds] +
1429.7s [8月4日（週一） 上午 7:52]   click [PriceUp_wireless_earbuds] +
1429.9s [8月4日（週一） 上午 7:53]   click [PriceUp_wireless_earbuds] +
1430.1s [8月4日（週一） 上午 7:53]   click [PriceUp_wireless_earbuds] +
1430.3s [8月4日（週一） 上午 7:53]   click [PriceUp_wireless_earbuds] +
1430.4s [8月4日（週一） 上午 7:53]   click [PriceUp_wireless_earbuds] +
1430.6s [8月4日（週一） 上午 7:54]   click [PriceUp_wireless_earbuds] +
1430.8s [8月4日（週一） 上午 7:54]   click [PriceUp_wireless_earbuds] +
1431.0s [8月4日（週一） 上午 7:54]   click [PriceUp_wireless_earbuds] +
1431.2s [8月4日（週一） 上午 7:55]   click [PriceUp_wireless_earbuds] +
1431.4s [8月4日（週一） 上午 7:55]   click [PriceUp_wireless_earbuds] +
1431.6s [8月4日（週一） 上午 7:55]   click [PriceUp_wireless_earbuds] +
1431.7s [8月4日（週一） 上午 7:55]   click [PriceUp_wireless_earbuds] +
1431.9s [8月4日（週一） 上午 7:56]   click [PriceUp_wireless_earbuds] +
1432.1s [8月4日（週一） 上午 7:56]   click [PriceUp_wireless_earbuds] +
1432.3s [8月4日（週一） 上午 7:56]   click [PriceUp_wireless_earbuds] +
1432.5s [8月4日（週一） 上午 7:57]   click [PriceUp_wireless_earbuds] +
1432.7s [8月4日（週一） 上午 7:57]   click [PriceUp_wireless_earbuds] +
1432.8s [8月4日（週一） 上午 7:57]   click [PriceUp_wireless_earbuds] +
1433.0s [8月4日（週一） 上午 7:57]   click [PriceUp_wireless_earbuds] +
1433.2s [8月4日（週一） 上午 7:58]   click [PriceUp_wireless_earbuds] +
1433.4s [8月4日（週一） 上午 7:58]   click [PriceUp_wireless_earbuds] +
1433.6s [8月4日（週一） 上午 7:58]   click [PriceUp_wireless_earbuds] +
1433.8s [8月4日（週一） 上午 7:58]   click [PriceUp_wireless_earbuds] +
1433.9s [8月4日（週一） 上午 7:59]   click [PriceUp_wireless_earbuds] +
1434.1s [8月4日（週一） 上午 7:59]   click [PriceUp_wireless_earbuds] +
1434.3s [8月4日（週一） 上午 7:59]   click [PriceUp_wireless_earbuds] +
1434.5s [8月4日（週一） 上午 8:00]   click [PriceUp_wireless_earbuds] +
1434.7s [8月4日（週一） 上午 8:00]   click [PriceUp_wireless_earbuds] +
1434.8s [8月4日（週一） 上午 8:00]   click [PriceUp_wireless_earbuds] +
1435.0s [8月4日（週一） 上午 8:00]   click [PriceUp_wireless_earbuds] +
1435.2s [8月4日（週一） 上午 8:01]   click [PriceUp_wireless_earbuds] +
1435.4s [8月4日（週一） 上午 8:01]   click [PriceUp_wireless_earbuds] +
1435.6s [8月4日（週一） 上午 8:01]   click [PriceUp_wireless_earbuds] +
1435.8s [8月4日（週一） 上午 8:02]   click [PriceUp_wireless_earbuds] +
1436.0s [8月4日（週一） 上午 8:02]   click [PriceUp_wireless_earbuds] +
1436.2s [8月4日（週一） 上午 8:02]   click [PriceUp_wireless_earbuds] +
1436.4s [8月4日（週一） 上午 8:02]   click [PriceUp_wireless_earbuds] +
1436.5s [8月4日（週一） 上午 8:03]   click [PriceUp_wireless_earbuds] +
1436.7s [8月4日（週一） 上午 8:03]   click [PriceUp_wireless_earbuds] +
1436.9s [8月4日（週一） 上午 8:03]   click [PriceUp_water_bottle] +
1437.1s [8月4日（週一） 上午 8:03]   click [PriceUp_water_bottle] +
1437.3s [8月4日（週一） 上午 8:04]   click [PriceUp_water_bottle] +
1437.5s [8月4日（週一） 上午 8:04]   click [PriceUp_water_bottle] +
1437.6s [8月4日（週一） 上午 8:04]   click [PriceUp_water_bottle] +
1437.8s [8月4日（週一） 上午 8:05]   click [PriceUp_water_bottle] +
1438.0s [8月4日（週一） 上午 8:05]   click [PriceUp_water_bottle] +
1438.2s [8月4日（週一） 上午 8:05]   click [PriceUp_water_bottle] +
1438.4s [8月4日（週一） 上午 8:05]   click [PriceUp_water_bottle] +
1438.5s [8月4日（週一） 上午 8:06]   click [PriceUp_water_bottle] +
1438.7s [8月4日（週一） 上午 8:06]   click [PriceUp_water_bottle] +
1438.9s [8月4日（週一） 上午 8:06]   click [PriceUp_water_bottle] +
1439.1s [8月4日（週一） 上午 8:06]   click [PriceUp_water_bottle] +
1439.3s [8月4日（週一） 上午 8:07]   click [PriceUp_water_bottle] +
1439.5s [8月4日（週一） 上午 8:07]   click [PriceUp_water_bottle] +
1439.6s [8月4日（週一） 上午 8:07]   click [PriceUp_water_bottle] +
1439.8s [8月4日（週一） 上午 8:08]   click [PriceUp_water_bottle] +
1440.0s [8月4日（週一） 上午 8:08]   click [PriceUp_water_bottle] +
1440.2s [8月4日（週一） 上午 8:08]   click [PriceUp_water_bottle] +
1440.4s [8月4日（週一） 上午 8:08]   click [PriceUp_desk_lamp] +
1440.6s [8月4日（週一） 上午 8:09]   click [PriceUp_desk_lamp] +
1440.7s [8月4日（週一） 上午 8:09]   click [PriceUp_desk_lamp] +
1440.9s [8月4日（週一） 上午 8:09]   click [PriceUp_desk_lamp] +
1441.1s [8月4日（週一） 上午 8:09]   click [PriceUp_desk_lamp] +
1441.3s [8月4日（週一） 上午 8:10]   click [PriceUp_desk_lamp] +
1441.5s [8月4日（週一） 上午 8:10]   click [PriceUp_desk_lamp] +
1441.7s [8月4日（週一） 上午 8:10]   click [PriceUp_desk_lamp] +
1441.9s [8月4日（週一） 上午 8:11]   click [PriceUp_desk_lamp] +
1442.0s [8月4日（週一） 上午 8:11]   click [PriceUp_desk_lamp] +
1442.2s [8月4日（週一） 上午 8:11]   click [PriceUp_desk_lamp] +
1442.4s [8月4日（週一） 上午 8:11]   click [PriceUp_desk_lamp] +
1442.6s [8月4日（週一） 上午 8:12]   click [PriceUp_desk_lamp] +
1442.8s [8月4日（週一） 上午 8:12]   click [PriceUp_desk_lamp] +
1443.0s [8月4日（週一） 上午 8:12]   click [PriceUp_desk_lamp] +
1443.2s [8月4日（週一） 上午 8:13]   click [PriceUp_desk_lamp] +
1443.3s [8月4日（週一） 上午 8:13]   click [PriceUp_desk_lamp] +
1443.5s [8月4日（週一） 上午 8:13]   click [PriceUp_desk_lamp] +
1443.7s [8月4日（週一） 上午 8:13]   click [PriceUp_desk_lamp] +
1443.9s [8月4日（週一） 上午 8:14]   click [PriceUp_desk_lamp] +
1444.0s [8月4日（週一） 上午 8:14]   click [PriceUp_desk_lamp] +
1444.2s [8月4日（週一） 上午 8:14]   click [PriceUp_desk_lamp] +
1444.4s [8月4日（週一） 上午 8:14]   click [PriceUp_desk_lamp] +
1444.6s [8月4日（週一） 上午 8:15]   click [PriceUp_desk_lamp] +
1444.8s [8月4日（週一） 上午 8:15]   click [PriceUp_desk_lamp] +
1445.0s [8月4日（週一） 上午 8:15]   click [PriceUp_desk_lamp] +
1445.2s [8月4日（週一） 上午 8:16]   click [PriceUp_desk_lamp] +
1445.4s [8月4日（週一） 上午 8:16]   click [PriceUp_desk_lamp] +
1445.5s [8月4日（週一） 上午 8:16]   click [PriceUp_desk_lamp] +
1445.7s [8月4日（週一） 上午 8:16]   click [PriceUp_desk_lamp] +
1445.9s [8月4日（週一） 上午 8:17]   click [PriceUp_desk_lamp] +
1446.1s [8月4日（週一） 上午 8:17]   click [PriceUp_desk_lamp] +
1446.3s [8月4日（週一） 上午 8:17]   click [PriceUp_desk_lamp] +
1446.5s [8月4日（週一） 上午 8:17]   click [PriceUp_desk_lamp] +
1446.6s [8月4日（週一） 上午 8:18]   click [PriceUp_phone_stand] +
1446.8s [8月4日（週一） 上午 8:18]   click [PriceUp_phone_stand] +
1447.0s [8月4日（週一） 上午 8:18]   click [PriceUp_phone_stand] +
1447.2s [8月4日（週一） 上午 8:19]   click [PriceUp_phone_stand] +
1447.4s [8月4日（週一） 上午 8:19]   click [PriceUp_phone_stand] +
1447.5s [8月4日（週一） 上午 8:19]   click [PriceUp_phone_stand] +
1447.7s [8月4日（週一） 上午 8:19]   click [PriceUp_phone_stand] +
1447.9s [8月4日（週一） 上午 8:20]   click [PriceUp_phone_stand] +
1448.1s [8月4日（週一） 上午 8:20]   click [PriceUp_phone_stand] +
1448.3s [8月4日（週一） 上午 8:20]   click [PriceUp_phone_stand] +
1448.4s [8月4日（週一） 上午 8:20]   click [PriceUp_phone_stand] +
1449.0s [8月4日（週一） 上午 8:21]   ok  stocked and repriced from actual shipping and supplier costs
1449.2s [8月4日（週一） 上午 8:22]   use "Use laptop — Company OS"
1449.8s [8月4日（週一） 上午 8:23]   click [Tab_operations] Operations
1450.5s [8月4日（週一） 上午 8:24]   click [DeliverTo_riverside_studio] 河濱大樓 7C
1450.7s [8月4日（週一） 上午 8:24]   click [Buy_tradelink_wholesale_wireless_earbuds] 購買 $1,008.00
1450.9s [8月4日（週一） 上午 8:34]   click [Buy_tradelink_wholesale_wireless_earbuds] 購買 $1,008.00
1451.2s [8月4日（週一） 上午 8:45]   click [Buy_tradelink_wholesale_wireless_earbuds] 購買 $1,008.00
1451.4s [8月4日（週一） 上午 8:55]   click [Buy_tradelink_wholesale_water_bottle] 購買 $525.60
1451.6s [8月4日（週一） 上午 9:05]   click [Buy_tradelink_wholesale_water_bottle] 購買 $525.60
1451.8s [8月4日（週一） 上午 9:16]   click [Buy_tradelink_wholesale_water_bottle] 購買 $525.60
1452.1s [8月4日（週一） 上午 9:26]   click [Buy_tradelink_wholesale_phone_stand] 購買 $304.80
1452.3s [8月4日（週一） 上午 9:36]   click [Buy_tradelink_wholesale_phone_stand] 購買 $304.80
1460.3s [8月4日（週一） 下午 7:11]   use "Sleep"
1460.9s [8月4日（週一） 下午 7:11]   click [Sleep] Sleep until 7:00 AM
1463.1s [8月5日（週二） 下午 7:00]   use "Sleep"
1463.6s [8月5日（週二） 下午 7:00]   click [Sleep] Sleep until 7:00 AM
1465.8s [8月6日（週三） 下午 7:00]   use "Sleep"
1466.4s [8月6日（週三） 下午 7:00]   click [Sleep] Sleep until 7:00 AM
1468.5s [8月7日（週四） 下午 7:00]   use "Sleep"
1469.1s [8月7日（週四） 下午 7:00]   click [Sleep] Sleep until 7:00 AM
1479.9s [8月8日（週五） 上午 7:14]   use "Packing table"
1480.6s [8月8日（週五） 上午 7:15]   click [Pack] 打包 7 筆訂單（56 分鐘）
1481.5s [8月8日（週五） 上午 8:12]   click [CourierEconomy] 快遞 · 經濟 3 天（$46.32）
1491.5s [8月8日（週五） 下午 7:13]   use "Sleep"
1492.1s [8月8日（週五） 下午 7:13]   click [Sleep] Sleep until 7:00 AM
1502.8s [8月9日（週六） 上午 7:14]   use "Packing table"
1503.5s [8月9日（週六） 上午 7:15]   click [Pack] 打包 11 筆訂單（1 小時 28 分）
1504.4s [8月9日（週六） 上午 8:44]   click [CourierEconomy] 快遞 · 經濟 3 天（$71.61）
1514.4s [8月9日（週六） 下午 7:13]   use "Sleep"
1515.0s [8月9日（週六） 下午 7:13]   click [Sleep] Sleep until 7:00 AM
1525.7s [8月10日（週日） 上午 7:14]   use "Packing table"
1526.4s [8月10日（週日） 上午 7:15]   click [Pack] 打包 12 筆訂單（1 小時 36 分）
1527.3s [8月10日（週日） 上午 8:52]   click [CourierEconomy] 快遞 · 經濟 3 天（$80.97）
1537.3s [8月10日（週日） 下午 7:13]   use "Sleep"
1537.9s [8月10日（週日） 下午 7:13]   click [Sleep] Sleep until 7:00 AM
1548.6s [8月11日（週一） 上午 7:14]   use "Packing table"
1549.3s [8月11日（週一） 上午 7:15]   click [Pack] 打包 8 筆訂單（1 小時 4 分）
1550.2s [8月11日（週一） 上午 8:20]   click [CourierEconomy] 快遞 · 經濟 3 天（$57.93）
1560.2s [8月11日（週一） 下午 7:13]   use "Sleep"
1560.8s [8月11日（週一） 下午 7:13]   click [Sleep] Sleep until 7:00 AM
1571.5s [8月12日（週二） 上午 7:14]   use "Packing table"
1572.2s [8月12日（週二） 上午 7:15]   click [Pack] 打包 8 筆訂單（1 小時 4 分）
1573.1s [8月12日（週二） 上午 8:20]   click [CourierEconomy] 快遞 · 經濟 3 天（$52.08）
1583.1s [8月12日（週二） 下午 7:13]   use "Sleep"
1583.7s [8月12日（週二） 下午 7:13]   click [Sleep] Sleep until 7:00 AM
1594.3s [8月13日（週三） 上午 7:14]   use "Packing table"
1595.0s [8月13日（週三） 上午 7:15]   click [Pack] 打包 9 筆訂單（1 小時 12 分）
1595.9s [8月13日（週三） 上午 8:28]   click [CourierEconomy] 快遞 · 經濟 3 天（$57.84）
1606.0s [8月13日（週三） 下午 7:13]   use "Sleep"
1606.6s [8月13日（週三） 下午 7:13]   click [Sleep] Sleep until 7:00 AM
1617.3s [8月14日（週四） 上午 7:14]   use "Packing table"
1618.0s [8月14日（週四） 上午 7:15]   click [Pack] 打包 13 筆訂單（1 小時 44 分）
1618.9s [8月14日（週四） 上午 9:00]   click [CourierEconomy] 快遞 · 經濟 3 天（$80.88）
1628.9s [8月14日（週四） 下午 7:13]   use "Sleep"
1629.5s [8月14日（週四） 下午 7:13]   click [Sleep] Sleep until 7:00 AM
1640.2s [8月15日（週五） 上午 7:14]   use "Packing table"
1640.9s [8月15日（週五） 上午 7:15]   click [Pack] 打包 10 筆訂單（1 小時 20 分）
1641.8s [8月15日（週五） 上午 8:36]   click [CourierEconomy] 快遞 · 經濟 3 天（$71.70）
1643.0s [8月15日（週五） 下午 1:41]   toast: 新評價 #1626：★★★「等了好一陣子才到。」
1651.8s [8月15日（週五） 下午 7:13]   use "Sleep"
1652.4s [8月15日（週五） 下午 7:13]   click [Sleep] Sleep until 7:00 AM
1663.1s [8月16日（週六） 上午 7:14]   use "Packing table"
1663.8s [8月16日（週六） 上午 7:15]   click [Pack] 打包 11 筆訂單（1 小時 28 分）
1664.7s [8月16日（週六） 上午 8:44]   click [CourierEconomy] 快遞 · 經濟 3 天（$69.36）
1665.9s [8月16日（週六） 下午 1:46]   toast: 新評價 #1610：★★★「品質普通。」
1674.7s [8月16日（週六） 下午 7:13]   use "Sleep"
1675.3s [8月16日（週六） 下午 7:13]   click [Sleep] Sleep until 7:00 AM
1686.0s [8月17日（週日） 上午 7:14]   use "Packing table"
1686.7s [8月17日（週日） 上午 7:15]   click [Pack] 打包 19 筆訂單（2 小時 32 分）
1687.6s [8月17日（週日） 上午 9:48]   click [CourierEconomy] 快遞 · 經濟 3 天（$115.44）
1697.6s [8月17日（週日） 下午 7:13]   use "Sleep"
1698.2s [8月17日（週日） 下午 7:13]   click [Sleep] Sleep until 7:00 AM
1698.8s [8月18日（週一） 上午 2:45]   toast: 新評價 #1658：★★★「等了好一陣子才到。」
1708.9s [8月18日（週一） 上午 7:14]   use "Packing table"
1709.6s [8月18日（週一） 上午 7:15]   click [Pack] 打包 11 筆訂單（1 小時 28 分）
1710.5s [8月18日（週一） 上午 8:44]   click [CourierEconomy] 快遞 · 經濟 3 天（$69.36）
1720.5s [8月18日（週一） 下午 7:13]   use "Sleep"
1721.1s [8月18日（週一） 下午 7:13]   click [Sleep] Sleep until 7:00 AM
1723.0s [8月19日（週二） 上午 7:00]   shot 141_decision_customer_return.png
1723.0s [8月19日（週二） 上午 7:00]   decision customer_return → replace
1723.0s [8月19日（週二） 上午 7:00]   click [Choice_replace] 寄一個新的
1724.4s [8月19日（週二） 上午 7:00]   shot 142_decision_outcome_customer_return.png
1724.4s [8月19日（週二） 上午 7:00]   click "OK"
1733.7s [8月19日（週二） 上午 7:13]   use "Packing table"
1734.4s [8月19日（週二） 上午 7:15]   click [Pack] 打包 9 筆訂單（1 小時 12 分）
1735.3s [8月19日（週二） 上午 8:28]   click [CourierEconomy] 快遞 · 經濟 3 天（$57.84）
1745.3s [8月19日（週二） 下午 7:13]   use "Sleep"
1745.9s [8月19日（週二） 下午 7:13]   click [Sleep] Sleep until 7:00 AM
1756.5s [8月20日（週三） 上午 7:14]   use "Packing table"
1757.2s [8月20日（週三） 上午 7:15]   click [Pack] 打包 7 筆訂單（56 分鐘）
1758.1s [8月20日（週三） 上午 8:12]   click [CourierEconomy] 快遞 · 經濟 3 天（$46.32）
1759.5s [8月20日（週三） 下午 7:00]   shot 143_decision_supplier_price_increase.png
1759.5s [8月20日（週三） 下午 7:00]   decision supplier_price_increase → accept
1759.5s [8月20日（週三） 下午 7:00]   click [Choice_accept] 好。繼續跟你進貨。
1760.8s [8月20日（週三） 下午 7:00]   shot 144_decision_outcome_supplier_price_increase.png
1760.8s [8月20日（週三） 下午 7:00]   click "OK"
1770.2s [8月20日（週三） 下午 7:13]   use "Sleep"
1770.8s [8月20日（週三） 下午 7:13]   click [Sleep] Sleep until 7:00 AM
1772.6s [8月21日（週四） 上午 7:00]   shot 145_decision_customer_return.png
1772.6s [8月21日（週四） 上午 7:00]   decision customer_return → replace
1772.6s [8月21日（週四） 上午 7:00]   click [Choice_replace] 寄一個新的
1774.0s [8月21日（週四） 上午 7:00]   shot 146_decision_outcome_customer_return.png
1774.0s [8月21日（週四） 上午 7:00]   click "OK"
1783.4s [8月21日（週四） 上午 7:13]   use "Packing table"
1784.1s [8月21日（週四） 上午 7:15]   click [Pack] 打包 13 筆訂單（1 小時 44 分）
1785.0s [8月21日（週四） 上午 9:00]   click [CourierEconomy] 快遞 · 經濟 3 天（$80.88）
1786.2s [8月21日（週四） 上午 9:01]   shot 147_decision_customer_return.png
1786.2s [8月21日（週四） 上午 9:01]   decision customer_return → replace
1786.2s [8月21日（週四） 上午 9:01]   click [Choice_replace] 寄一個新的
1787.6s [8月21日（週四） 上午 9:01]   shot 148_decision_outcome_customer_return.png
1787.6s [8月21日（週四） 上午 9:01]   click "OK"
1789.6s [8月21日（週四） 上午 9:04]   use "Use laptop — Company OS"
1790.2s [8月21日（週四） 上午 9:04]   click [Tab_operations] Operations
1790.9s [8月21日（週四） 上午 9:06]   click [DeliverTo_riverside_studio] 河濱大樓 7C
1791.2s [8月21日（週四） 上午 9:06]   click [Buy_tradelink_wholesale_phone_stand] 購買 $304.80
1791.4s [8月21日（週四） 上午 9:16]   click [Buy_tradelink_wholesale_phone_stand] 購買 $304.80
1792.1s [8月21日（週四） 上午 10:45]   toast: 新評價 #1703：★★★「等了好一陣子才到。」
1799.8s [8月21日（週四） 下午 7:12]   use "Sleep"
1800.3s [8月21日（週四） 下午 7:12]   click [Sleep] Sleep until 7:00 AM
1802.2s [8月22日（週五） 上午 7:00]   shot 149_decision_customer_return.png
1802.2s [8月22日（週五） 上午 7:00]   decision customer_return → replace
1802.2s [8月22日（週五） 上午 7:00]   click [Choice_replace] 寄一個新的
1803.5s [8月22日（週五） 上午 7:00]   shot 150_decision_outcome_customer_return.png
1803.5s [8月22日（週五） 上午 7:00]   click "OK"
1812.9s [8月22日（週五） 上午 7:13]   use "Packing table"
1813.6s [8月22日（週五） 上午 7:15]   click [Pack] 打包 10 筆訂單（1 小時 20 分）
1814.5s [8月22日（週五） 上午 8:36]   click [CourierEconomy] 快遞 · 經濟 3 天（$63.60）
1815.8s [8月22日（週五） 下午 7:00]   shot 151_decision_customer_return.png
1815.8s [8月22日（週五） 下午 7:00]   decision customer_return → replace
1815.8s [8月22日（週五） 下午 7:00]   click [Choice_replace] 寄一個新的
1817.2s [8月22日（週五） 下午 7:00]   shot 152_decision_outcome_customer_return.png
1817.2s [8月22日（週五） 下午 7:00]   click "OK"
1826.6s [8月22日（週五） 下午 7:13]   use "Sleep"
1827.2s [8月22日（週五） 下午 7:14]   click [Sleep] Sleep until 7:00 AM
1829.1s [8月23日（週六） 上午 7:00]   shot 153_decision_customer_return.png
1829.1s [8月23日（週六） 上午 7:00]   decision customer_return → replace
1829.1s [8月23日（週六） 上午 7:00]   click [Choice_replace] 寄一個新的
1830.5s [8月23日（週六） 上午 7:00]   shot 154_decision_outcome_customer_return.png
1830.5s [8月23日（週六） 上午 7:00]   click "OK"
1839.8s [8月23日（週六） 上午 7:13]   use "Packing table"
1840.5s [8月23日（週六） 上午 7:15]   click [Pack] 打包 9 筆訂單（1 小時 12 分）
1841.4s [8月23日（週六） 上午 8:28]   click [CourierEconomy] 快遞 · 經濟 3 天（$60.09）
1844.3s [8月23日（週六） 上午 8:32]   use "Use laptop — Company OS"
1844.9s [8月23日（週六） 上午 8:33]   click [Tab_operations] Operations
1845.9s [8月23日（週六） 上午 8:34]   click [DeliverTo_riverside_studio] 河濱大樓 7C
1846.1s [8月23日（週六） 上午 8:35]   click [Buy_tradelink_wholesale_wireless_earbuds] 購買 $1,008.00
1846.6s [8月23日（週六） 上午 8:45]   click [Buy_tradelink_wholesale_wireless_earbuds] 購買 $1,008.00
1847.5s [8月23日（週六） 下午 7:00]   shot 155_decision_customer_return.png
1847.7s [8月23日（週六） 下午 7:00]   decision customer_return → replace
1847.9s [8月23日（週六） 下午 7:00]   click [Choice_replace] 寄一個新的
1849.4s [8月23日（週六） 下午 7:00]   shot 156_decision_outcome_customer_return.png
1849.6s [8月23日（週六） 下午 7:00]   click "OK"
1857.9s [8月23日（週六） 下午 7:12]   use "Sleep"
1858.5s [8月23日（週六） 下午 7:12]   click [Sleep] Sleep until 7:00 AM
1869.3s [8月24日（週日） 上午 7:14]   use "Packing table"
1870.0s [8月24日（週日） 上午 7:15]   click [Pack] 打包 8 筆訂單（1 小時 4 分）
1870.9s [8月24日（週日） 上午 8:20]   click [CourierEconomy] 快遞 · 經濟 3 天（$57.93）
1880.9s [8月24日（週日） 下午 7:13]   use "Sleep"
1881.5s [8月24日（週日） 下午 7:13]   click [Sleep] Sleep until 7:00 AM
1892.2s [8月25日（週一） 上午 7:14]   use "Packing table"
1892.9s [8月25日（週一） 上午 7:15]   click [Pack] 打包 9 筆訂單（1 小時 12 分）
1893.8s [8月25日（週一） 上午 8:28]   click [CourierEconomy] 快遞 · 經濟 3 天（$57.84）
1903.8s [8月25日（週一） 下午 7:13]   use "Sleep"
1904.4s [8月25日（週一） 下午 7:13]   click [Sleep] Sleep until 7:00 AM
1906.3s [8月26日（週二） 上午 7:00]   shot 157_decision_customer_return.png
1906.3s [8月26日（週二） 上午 7:00]   decision customer_return → replace
1906.3s [8月26日（週二） 上午 7:00]   click [Choice_replace] 寄一個新的
1907.7s [8月26日（週二） 上午 7:00]   shot 158_decision_outcome_customer_return.png
1907.7s [8月26日（週二） 上午 7:00]   click "OK"
1917.0s [8月26日（週二） 上午 7:13]   use "Packing table"
1917.7s [8月26日（週二） 上午 7:15]   click [Pack] 打包 10 筆訂單（1 小時 20 分）
1918.6s [8月26日（週二） 上午 8:36]   click [CourierEconomy] 快遞 · 經濟 3 天（$65.85）
1928.6s [8月26日（週二） 下午 7:13]   use "Sleep"
1929.2s [8月26日（週二） 下午 7:13]   click [Sleep] Sleep until 7:00 AM
1939.9s [8月27日（週三） 上午 7:14]   use "Packing table"
1940.6s [8月27日（週三） 上午 7:15]   click [Pack] 打包 11 筆訂單（1 小時 28 分）
1941.5s [8月27日（週三） 上午 8:44]   click [CourierEconomy] 快遞 · 經濟 3 天（$79.71）
1951.5s [8月27日（週三） 下午 7:13]   use "Sleep"
1952.1s [8月27日（週三） 下午 7:13]   click [Sleep] Sleep until 7:00 AM
1962.8s [8月28日（週四） 上午 7:14]   use "Packing table"
1963.5s [8月28日（週四） 上午 7:15]   click [Pack] 打包 6 筆訂單（48 分鐘）
1964.4s [8月28日（週四） 上午 8:04]   click [CourierEconomy] 快遞 · 經濟 3 天（$42.81）
1974.4s [8月28日（週四） 下午 7:13]   use "Sleep"
1975.0s [8月28日（週四） 下午 7:13]   click [Sleep] Sleep until 7:00 AM
1975.6s [8月29日（週五） 上午 4:40]   toast: 新評價 #1809：★★★「還行。」
1985.7s [8月29日（週五） 上午 7:14]   use "Packing table"
1986.4s [8月29日（週五） 上午 7:15]   click [Pack] 打包 5 筆訂單（40 分鐘）
1987.3s [8月29日（週五） 上午 7:56]   click [CourierEconomy] 快遞 · 經濟 3 天（$37.05）
1997.4s [8月29日（週五） 下午 7:13]   use "Sleep"
1998.0s [8月29日（週五） 下午 7:13]   click [Sleep] Sleep until 7:00 AM
1998.5s [8月30日（週六） 上午 3:01]   toast: 新評價 #1811：★★★「等了好一陣子才到。」
2008.7s [8月30日（週六） 上午 7:14]   use "Packing table"
2009.4s [8月30日（週六） 上午 7:15]   click [Pack] 打包 7 筆訂單（56 分鐘）
2010.3s [8月30日（週六） 上午 8:12]   click [CourierEconomy] 快遞 · 經濟 3 天（$48.57）
2020.3s [8月30日（週六） 下午 7:13]   use "Sleep"
2020.9s [8月30日（週六） 下午 7:13]   click [Sleep] Sleep until 7:00 AM
2031.6s [8月31日（週日） 上午 7:14]   use "Packing table"
2032.3s [8月31日（週日） 上午 7:15]   click [Pack] 打包 6 筆訂單（48 分鐘）
2033.2s [8月31日（週日） 上午 8:04]   click [CourierEconomy] 快遞 · 經濟 3 天（$40.56）
2043.1s [8月31日（週日） 下午 7:13]   use "Sleep"
2043.7s [8月31日（週日） 下午 7:13]   click [Sleep] Sleep until 7:00 AM
2044.4s [9月1日（週一） 上午 2:14]   toast: 新評價 #1821：★★★「等了好一陣子才到。」
2044.4s [9月1日（週一） 上午 6:35]   toast: 新評價 #1844：★「壞掉了，賣家不處理。」
2047.4s [9月1日（週一） 上午 7:00]   shot 159_month_close_report.png
2047.4s [9月1日（週一） 上午 7:00]   click [month close] Continue
2056.8s [9月1日（週一） 上午 7:14]   use "Packing table"
2057.5s [9月1日（週一） 上午 7:15]   click [Pack] 打包 17 筆訂單（2 小時 16 分）
2058.4s [9月1日（週一） 上午 9:32]   click [CourierEconomy] 快遞 · 經濟 3 天（$76.72）
2059.6s [9月1日（週一） 上午 9:34]   ok  Chapter 7 complete
2059.6s [9月1日（週一） 上午 9:34]   ok  Chapter 7 passed with real profit, not two losses
2059.6s [9月1日（週一） 上午 9:34]   ch7_month_profit set from actual ledger profit $5,596; survived_losses=false
2059.6s [9月1日（週一） 上午 9:34]   ok  positive chapter seven monthly profit
2059.6s [9月1日（週一） 上午 9:34] STEP Chapter 8 — the Green Shift
2059.6s [9月1日（週一） 上午 9:34]   ok  Year 4: the Green Shift
2062.0s [9月1日（週一） 上午 9:38]   ok  walked back outside
2065.3s [9月1日（週一） 上午 9:43]   ok  entered Bloom Coffee
2067.0s [9月1日（週一） 上午 9:46]   use "Read the news board"
2067.8s [9月1日（週一） 上午 9:51]   shot 160_news_green_shift.png
2068.2s [9月1日（週一） 上午 9:51]   ok  read the news (green_shift)
2071.1s [9月1日（週一） 上午 9:56]   ok  walked back outside
2074.3s [9月1日（週一） 上午 10:01]   ok  entered Riverside Tower
2075.7s [9月1日（週一） 上午 10:03]   use "Use laptop — Company OS"
2076.3s [9月1日（週一） 上午 10:04]   click [Tab_operations] Operations
2077.0s [9月1日（週一） 上午 10:05]   click [Packaging_recycled] Recycled paper
2077.5s [9月1日（週一） 上午 10:06]   click [Buy_verdant_supply_solar_lamp] 購買 $504.00
2078.1s [9月1日（週一） 上午 10:17]   shot 161_operations_green.png
2078.5s [9月1日（週一） 上午 10:17]   ok  recycled packaging
2086.1s [9月1日（週一） 下午 7:11]   use "Sleep"
2086.7s [9月1日（週一） 下午 7:11]   click [Sleep] Sleep until 7:00 AM
2087.3s [9月2日（週二） 上午 5:26]   toast: 新評價 #1841：★「壞掉了，賣家不處理。」
2097.4s [9月2日（週二） 上午 7:14]   use "Packing table"
2098.1s [9月2日（週二） 上午 7:15]   click [Pack] 打包 12 筆訂單（1 小時 36 分）
2099.0s [9月2日（週二） 上午 8:52]   click [CourierEconomy] 快遞 · 經濟 3 天（$60.15）
2108.9s [9月2日（週二） 下午 7:13]   use "Sleep"
2109.5s [9月2日（週二） 下午 7:13]   click [Sleep] Sleep until 7:00 AM
2120.2s [9月3日（週三） 上午 7:14]   use "Packing table"
2120.9s [9月3日（週三） 上午 7:15]   click [Pack] 打包 11 筆訂單（1 小時 28 分）
2121.8s [9月3日（週三） 上午 8:44]   click [CourierEconomy] 快遞 · 經濟 3 天（$53.39）
2122.9s [9月3日（週三） 上午 8:45]   shot 162_decision_customer_return.png
2122.9s [9月3日（週三） 上午 8:45]   decision customer_return → replace
2122.9s [9月3日（週三） 上午 8:45]   click [Choice_replace] 寄一個新的
2124.3s [9月3日（週三） 上午 8:45]   shot 163_decision_outcome_customer_return.png
2124.3s [9月3日（週三） 上午 8:45]   click "OK"
2133.6s [9月3日（週三） 下午 7:13]   use "Sleep"
2134.2s [9月3日（週三） 下午 7:13]   click [Sleep] Sleep until 7:00 AM
2136.1s [9月4日（週四） 上午 7:00]   shot 164_decision_customer_return.png
2136.1s [9月4日（週四） 上午 7:00]   decision customer_return → replace
2136.1s [9月4日（週四） 上午 7:00]   click [Choice_replace] 寄一個新的
2137.5s [9月4日（週四） 上午 7:00]   shot 165_decision_outcome_customer_return.png
2137.5s [9月4日（週四） 上午 7:00]   click "OK"
2146.9s [9月4日（週四） 上午 7:13]   use "Packing table"
2147.6s [9月4日（週四） 上午 7:15]   click [Pack] 打包 8 筆訂單（1 小時 4 分）
2148.5s [9月4日（週四） 上午 8:20]   click [CourierEconomy] 快遞 · 經濟 3 天（$40.91）
2149.6s [9月4日（週四） 上午 10:01]   toast: 新評價 #1862：★「浪費錢。」
2158.4s [9月4日（週四） 下午 7:13]   use "Sleep"
2159.0s [9月4日（週四） 下午 7:13]   click [Sleep] Sleep until 7:00 AM
2159.6s [9月5日（週五） 上午 12:04]   toast: 新評價 #1863：★★★「還行。」
2160.9s [9月5日（週五） 上午 7:00]   shot 166_decision_customer_return.png
2160.9s [9月5日（週五） 上午 7:00]   decision customer_return → replace
2160.9s [9月5日（週五） 上午 7:00]   click [Choice_replace] 寄一個新的
2162.3s [9月5日（週五） 上午 7:00]   shot 167_decision_outcome_customer_return.png
2162.3s [9月5日（週五） 上午 7:00]   click "OK"
2171.6s [9月5日（週五） 上午 7:13]   use "Packing table"
2172.3s [9月5日（週五） 上午 7:15]   click [Pack] 打包 10 筆訂單（1 小時 20 分）
2173.3s [9月5日（週五） 上午 8:36]   click [CourierEconomy] 快遞 · 經濟 3 天（$49.23）
2174.4s [9月5日（週五） 上午 8:38]   ok  solar desk lamps arrived before listing
2175.9s [9月5日（週五） 上午 8:40]   use "Use laptop — Company OS"
2176.5s [9月5日（週五） 上午 8:41]   click [Tab_sales] Ecommerce
2177.2s [9月5日（週五） 上午 8:42]   click [ListSelf_solar_lamp] Shoot photos myself & list (1 h 20 min)
2178.4s [9月5日（週五） 上午 10:04]   ok  solar desk lamps listed
2178.4s [9月5日（週五） 上午 10:04] STEP Chapter 8 — the Green Business Grant at City Hall
2181.1s [9月5日（週五） 上午 10:09]   ok  walked back outside
2195.0s [9月5日（週五） 上午 10:30]   use "捷運——河濱區站"
2196.0s [9月5日（週五） 上午 10:31]   shot 168_metro_civic_center.png
2196.0s [9月5日（週五） 上午 10:31]   click [Go_civic_center] 市政中心  ·  12 分鐘
2197.0s [9月5日（週五） 上午 10:45]   ok  took the Metro to Civic Center
2204.1s [9月5日（週五） 上午 10:55]   ok  entered Aurelia City Hall
2205.9s [9月5日（週五） 上午 10:58]   use "Permits & regulations"
2206.7s [9月5日（週五） 上午 10:59]   shot 169_green_grant.png
2206.7s [9月5日（週五） 上午 10:59]   click [ApplyGreenGrant] Apply
2206.7s [9月5日（週五） 上午 11:00]   toast: 新評價 #1878：★★★「品質普通。」
2207.6s [9月5日（週五） 上午 11:30]   ok  green grant approved
2208.6s [9月5日（週五） 上午 11:32]   ok  Chapter 8 complete
2208.6s [9月5日（週五） 上午 11:32] STEP Chapter 9 — the Clearing Crisis: an import stuck on the wire
2208.6s [9月5日（週五） 上午 11:32]   ok  Year 5: the Clearing Crisis
2211.6s [9月5日（週五） 上午 11:37]   ok  walked back outside
2217.2s [9月5日（週五） 上午 11:46]   use "捷運——市政中心站"
2218.2s [9月5日（週五） 上午 11:47]   shot 170_metro_riverside.png
2218.2s [9月5日（週五） 上午 11:47]   click [Go_riverside] 河濱區  ·  12 分鐘
2219.2s [9月5日（週五） 下午 12:01]   ok  took the Metro to Riverside
2226.7s [9月5日（週五） 下午 12:12]   ok  entered Bloom Coffee
2228.4s [9月5日（週五） 下午 12:15]   use "Read the news board"
2229.2s [9月5日（週五） 下午 12:20]   shot 171_news_clearing_crisis.png
2229.6s [9月5日（週五） 下午 12:20]   ok  read the news (clearing_crisis)
2232.5s [9月5日（週五） 下午 12:25]   ok  walked back outside
2235.7s [9月5日（週五） 下午 12:30]   ok  entered Riverside Tower
2237.1s [9月5日（週五） 下午 12:32]   use "Use laptop — Company OS"
2237.7s [9月5日（週五） 下午 12:33]   click [Tab_operations] Operations
2238.4s [9月5日（週五） 下午 12:34]   click [Buy_lumina_direct_phone_stand] 購買 $884.00
2239.2s [9月5日（週五） 下午 12:35]   shot 172_settlement_choice.png
2239.2s [9月5日（週五） 下午 12:35]   click [Settle_international_wire] Pay this way
2240.2s [9月5日（週五） 下午 12:37]   ok  import ordered, paid by wire
2240.2s [9月5日（週五） 下午 12:37] STEP Chapter 9 — Lina Zhao at Nexus Bank
2242.8s [9月5日（週五） 下午 12:42]   ok  walked back outside
2256.7s [9月5日（週五） 下午 1:03]   use "捷運——河濱區站"
2257.7s [9月5日（週五） 下午 1:04]   shot 173_metro_financial.png
2257.8s [9月5日（週五） 下午 1:04]   click [Go_financial] 金融區  ·  10 分鐘
2258.9s [9月5日（週五） 下午 1:16]   ok  took the Metro to Financial District
2266.5s [9月5日（週五） 下午 1:27]   ok  entered Nexus Bank
2273.8s [9月5日（週五） 下午 1:38]   use "和 Lina Zhao 說話"
2274.6s [9月5日（週五） 下午 1:38]   shot 174_lina_intro.png
2280.4s [9月5日（週五） 下午 1:38]   choose "› 幫我開一個數位美元帳戶。"
2282.6s [9月5日（週五） 下午 1:38]   ok  met Lina Zhao
2284.8s [9月5日（週五） 下午 1:42]   ok  walked back outside
2291.0s [9月5日（週五） 下午 1:51]   use "捷運——金融區站"
2292.0s [9月5日（週五） 下午 1:53]   shot 175_metro_riverside.png
2292.0s [9月5日（週五） 下午 1:53]   click [Go_riverside] 河濱區  ·  10 分鐘
2293.0s [9月5日（週五） 下午 2:04]   ok  took the Metro to Riverside
2302.2s [9月5日（週五） 下午 2:18]   ok  entered Riverside Tower
2303.6s [9月5日（週五） 下午 2:20]   use "Use laptop — Company OS"
2304.2s [9月5日（週五） 下午 2:21]   click [Tab_operations] Operations
2304.9s [9月5日（週五） 下午 2:22]   click [SpeedUp_PO-137] Speed up
2305.6s [9月5日（週五） 下午 2:23]   shot 176_settlement_speed_up.png
2305.6s [9月5日（週五） 下午 2:23]   click [Settle_letter_of_credit] Switch
2314.4s [9月5日（週五） 下午 7:11]   use "Sleep"
2315.0s [9月5日（週五） 下午 7:11]   click [Sleep] Sleep until 7:00 AM
2316.9s [9月6日（週六） 上午 7:00]   shot 177_decision_customer_return.png
2316.9s [9月6日（週六） 上午 7:00]   decision customer_return → replace
2316.9s [9月6日（週六） 上午 7:00]   click [Choice_replace] 寄一個新的
2318.3s [9月6日（週六） 上午 7:00]   shot 178_decision_outcome_customer_return.png
2318.3s [9月6日（週六） 上午 7:00]   click "OK"
2327.6s [9月6日（週六） 上午 7:13]   use "Packing table"
2328.3s [9月6日（週六） 上午 7:15]   click [Pack] 打包 14 筆訂單（1 小時 52 分）
2329.2s [9月6日（週六） 上午 9:08]   click [CourierEconomy] 快遞 · 經濟 3 天（$61.26）
2339.1s [9月6日（週六） 下午 7:13]   use "Sleep"
2339.7s [9月6日（週六） 下午 7:13]   click [Sleep] Sleep until 7:00 AM
2350.4s [9月7日（週日） 上午 7:14]   use "Packing table"
2351.1s [9月7日（週日） 上午 7:15]   click [Pack] 打包 7 筆訂單（56 分鐘）
2352.0s [9月7日（週日） 上午 8:12]   click [CourierEconomy] 快遞 · 經濟 3 天（$32.88）
2353.3s [9月7日（週日） 下午 7:00]   shot 179_decision_customer_return.png
2353.3s [9月7日（週日） 下午 7:00]   decision customer_return → replace
2353.3s [9月7日（週日） 下午 7:00]   click [Choice_replace] 寄一個新的
2354.7s [9月7日（週日） 下午 7:00]   shot 180_decision_outcome_customer_return.png
2354.7s [9月7日（週日） 下午 7:00]   click "OK"
2355.2s [9月7日（週日） 下午 7:00]   shot 181_decision_customer_return.png
2355.2s [9月7日（週日） 下午 7:00]   decision customer_return → replace
2355.2s [9月7日（週日） 下午 7:00]   click [Choice_replace] 寄一個新的
2356.6s [9月7日（週日） 下午 7:00]   shot 182_decision_outcome_customer_return.png
2356.6s [9月7日（週日） 下午 7:00]   click "OK"
2366.0s [9月7日（週日） 下午 7:13]   use "Sleep"
2366.6s [9月7日（週日） 下午 7:14]   click [Sleep] Sleep until 7:00 AM
2367.2s [9月8日（週一） 上午 3:09]   toast: 新評價 #1923：★★★「還行。」
2368.4s [9月8日（週一） 上午 7:00]   shot 183_decision_customer_return.png
2368.4s [9月8日（週一） 上午 7:00]   decision customer_return → replace
2368.4s [9月8日（週一） 上午 7:00]   click [Choice_replace] 寄一個新的
2369.8s [9月8日（週一） 上午 7:00]   shot 184_decision_outcome_customer_return.png
2369.8s [9月8日（週一） 上午 7:00]   click "OK"
2379.2s [9月8日（週一） 上午 7:13]   use "Packing table"
2379.9s [9月8日（週一） 上午 7:15]   click [Pack] 打包 7 筆訂單（56 分鐘）
2379.9s [9月8日（週一） 上午 8:11]   toast: 新評價 #1895：★★★「還行。」
2380.8s [9月8日（週一） 上午 8:12]   click [CourierEconomy] 快遞 · 經濟 3 天（$34.38）
2390.7s [9月8日（週一） 下午 7:13]   use "Sleep"
2391.3s [9月8日（週一） 下午 7:13]   click [Sleep] Sleep until 7:00 AM
2393.2s [9月9日（週二） 上午 7:00]   shot 185_decision_customer_return.png
2393.2s [9月9日（週二） 上午 7:00]   decision customer_return → replace
2393.2s [9月9日（週二） 上午 7:00]   click [Choice_replace] 寄一個新的
2394.6s [9月9日（週二） 上午 7:00]   shot 186_decision_outcome_customer_return.png
2394.6s [9月9日（週二） 上午 7:00]   click "OK"
2395.1s [9月9日（週二） 上午 7:00]   shot 187_decision_customer_return.png
2395.1s [9月9日（週二） 上午 7:00]   decision customer_return → replace
2395.1s [9月9日（週二） 上午 7:00]   click [Choice_replace] 寄一個新的
2396.4s [9月9日（週二） 上午 7:00]   shot 188_decision_outcome_customer_return.png
2396.4s [9月9日（週二） 上午 7:00]   click "OK"
2399.1s [9月9日（週二） 上午 7:04]   toast: 新評價 #1910：★★★「等了好一陣子才到。」
2405.8s [9月9日（週二） 上午 7:13]   use "Packing table"
2406.5s [9月9日（週二） 上午 7:15]   click [Pack] 打包 9 筆訂單（1 小時 12 分）
2406.6s [9月9日（週二） 上午 7:47]   toast: 新評價 #1914：★★★「等了好一陣子才到。」
2407.4s [9月9日（週二） 上午 8:28]   click [CourierEconomy] 快遞 · 經濟 3 天（$40.56）
2408.7s [9月9日（週二） 下午 7:00]   shot 189_decision_customer_return.png
2408.7s [9月9日（週二） 下午 7:00]   decision customer_return → replace
2408.7s [9月9日（週二） 下午 7:00]   click [Choice_replace] 寄一個新的
2410.0s [9月9日（週二） 下午 7:00]   shot 190_decision_outcome_customer_return.png
2410.0s [9月9日（週二） 下午 7:00]   click "OK"
2419.4s [9月9日（週二） 下午 7:14]   use "Sleep"
2420.0s [9月9日（週二） 下午 7:14]   click [Sleep] Sleep until 7:00 AM
