Godot Engine v4.5.1.stable.official.f62fdbde1 - https://godotengine.org
OpenGL API 3.3.0 NVIDIA 462.59 - Compatibility - Using Device: NVIDIA - Quadro RTX 4000

   1.1s [9月10日（週三） 上午 7:01] STEP Resume original full replay before the unavailable basket replacement
   1.4s [9月10日（週三） 下午 7:00]   shot 01_decision_supplier_price_increase.png
   1.4s [9月10日（週三） 下午 7:00]   decision supplier_price_increase → accept
   1.4s [9月10日（週三） 下午 7:00]   click [Choice_accept] 好。繼續跟你進貨。
   2.8s [9月10日（週三） 下午 7:00]   shot 02_decision_outcome_supplier_price_increase.png
   2.8s [9月10日（週三） 下午 7:00]   click "OK"
   3.4s [9月10日（週三） 下午 7:00]   use "Sleep"
   4.0s [9月10日（週三） 下午 7:00]   click [Sleep] Sleep until 7:00 AM
  14.7s [9月11日（週四） 上午 7:14]   use "Packing table"
  15.5s [9月11日（週四） 上午 7:15]   shot 03_packing_table.png
  15.5s [9月11日（週四） 上午 7:15]   click [Pack] 打包 12 筆訂單（1 小時 36 分）
  16.3s [9月11日（週四） 上午 8:52]   click [CourierEconomy] 快遞 · 經濟 3 天（$55.98）
  26.3s [9月11日（週四） 下午 7:13]   use "Sleep"
  26.9s [9月11日（週四） 下午 7:13]   click [Sleep] Sleep until 7:00 AM
  28.8s [9月12日（週五） 上午 7:00]   shot 04_decision_customer_return.png
  28.8s [9月12日（週五） 上午 7:00]   decision customer_return → replace
  28.8s [9月12日（週五） 上午 7:00]   click [Choice_replace] 寄一個新的
  30.1s [9月12日（週五） 上午 7:00]   shot 05_decision_outcome_customer_return.png
  30.1s [9月12日（週五） 上午 7:00]   click "OK"
  39.5s [9月12日（週五） 上午 7:13]   use "Packing table"
  40.2s [9月12日（週五） 上午 7:15]   click [Pack] 打包 10 筆訂單（1 小時 20 分）
  41.1s [9月12日（週五） 上午 8:36]   click [CourierEconomy] 快遞 · 經濟 3 天（$44.40）
  51.1s [9月12日（週五） 下午 7:13]   use "Sleep"
  51.7s [9月12日（週五） 下午 7:13]   click [Sleep] Sleep until 7:00 AM
  62.4s [9月13日（週六） 上午 7:14]   use "Packing table"
  63.1s [9月13日（週六） 上午 7:15]   click [Pack] 打包 8 筆訂單（1 小時 4 分）
  64.0s [9月13日（週六） 上午 8:20]   click [CourierEconomy] 快遞 · 經濟 3 天（$40.62）
  74.0s [9月13日（週六） 下午 7:13]   use "Sleep"
  74.6s [9月13日（週六） 下午 7:13]   click [Sleep] Sleep until 7:00 AM
  85.3s [9月14日（週日） 上午 7:14]   use "Packing table"
  86.0s [9月14日（週日） 上午 7:15]   click [Pack] 打包 9 筆訂單（1 小時 12 分）
  86.9s [9月14日（週日） 上午 8:28]   click [CourierEconomy] 快遞 · 經濟 3 天（$40.56）
  96.9s [9月14日（週日） 下午 7:13]   use "Sleep"
  97.5s [9月14日（週日） 下午 7:13]   click [Sleep] Sleep until 7:00 AM
  98.1s [9月15日（週一） 上午 2:47]   toast: 新評價 #2025：★★★「品質普通。」
 108.1s [9月15日（週一） 上午 7:14]   use "Packing table"
 108.8s [9月15日（週一） 上午 7:15]   click [Pack] 打包 11 筆訂單（1 小時 28 分）
 109.7s [9月15日（週一） 上午 8:44]   click [CourierEconomy] 快遞 · 經濟 3 天（$52.14）
 110.9s [9月15日（週一） 下午 5:41]   toast: 新評價 #2024：★★★「等了好一陣子才到。」
 119.7s [9月15日（週一） 下午 7:13]   use "Sleep"
 120.3s [9月15日（週一） 下午 7:13]   click [Sleep] Sleep until 7:00 AM
 131.0s [9月16日（週二） 上午 7:14]   use "Packing table"
 131.7s [9月16日（週二） 上午 7:15]   click [Pack] 打包 10 筆訂單（1 小時 20 分）
 132.6s [9月16日（週二） 上午 8:36]   click [CourierEconomy] 快遞 · 經濟 3 天（$45.90）
 142.6s [9月16日（週二） 下午 7:13]   use "Sleep"
 143.2s [9月16日（週二） 下午 7:13]   click [Sleep] Sleep until 7:00 AM
 145.0s [9月17日（週三） 上午 7:00]   shot 06_decision_customer_return.png
 145.0s [9月17日（週三） 上午 7:00]   decision customer_return → replace
 145.0s [9月17日（週三） 上午 7:00]   click [Choice_replace] 寄一個新的
 146.4s [9月17日（週三） 上午 7:00]   shot 07_decision_outcome_customer_return.png
 146.4s [9月17日（週三） 上午 7:00]   click "OK"
 155.8s [9月17日（週三） 上午 7:13]   use "Packing table"
 156.5s [9月17日（週三） 上午 7:15]   click [Pack] 打包 9 筆訂單（1 小時 12 分）
 157.4s [9月17日（週三） 上午 8:28]   click [CourierEconomy] 快遞 · 經濟 3 天（$42.06）
 167.4s [9月17日（週三） 下午 7:13]   use "Sleep"
 168.0s [9月17日（週三） 下午 7:13]   click [Sleep] Sleep until 7:00 AM
 178.7s [9月18日（週四） 上午 7:14]   use "Packing table"
 179.4s [9月18日（週四） 上午 7:15]   click [Pack] 打包 6 筆訂單（48 分鐘）
 180.3s [9月18日（週四） 上午 8:04]   click [CourierEconomy] 快遞 · 經濟 3 天（$29.04）
 190.2s [9月18日（週四） 下午 7:13]   use "Sleep"
 190.8s [9月18日（週四） 下午 7:13]   click [Sleep] Sleep until 7:00 AM
 191.4s [9月18日（週四） 下午 10:16]   toast: 新評價 #2067：★★★「還行。」
 191.4s [9月19日（週五） 上午 5:49]   toast: 新評價 #2045：★★★「還行。」
 201.5s [9月19日（週五） 上午 7:14]   use "Packing table"
 202.2s [9月19日（週五） 上午 7:15]   click [Pack] 打包 7 筆訂單（56 分鐘）
 203.1s [9月19日（週五） 上午 8:12]   click [CourierEconomy] 快遞 · 經濟 3 天（$36.78）
 213.1s [9月19日（週五） 下午 7:13]   use "Sleep"
 213.7s [9月19日（週五） 下午 7:13]   click [Sleep] Sleep until 7:00 AM
 215.6s [9月20日（週六） 上午 7:00]   shot 08_decision_customer_return.png
 215.6s [9月20日（週六） 上午 7:00]   decision customer_return → refund
 215.6s [9月20日（週六） 上午 7:00]   click [Choice_refund] 退款＋收回商品
 217.0s [9月20日（週六） 上午 7:00]   shot 09_decision_outcome_customer_return.png
 217.0s [9月20日（週六） 上午 7:00]   click "OK"
 217.5s [9月20日（週六） 上午 7:00]   shot 10_decision_customer_return.png
 217.5s [9月20日（週六） 上午 7:00]   decision customer_return → replace
 217.5s [9月20日（週六） 上午 7:00]   click [Choice_replace] 寄一個新的
 218.9s [9月20日（週六） 上午 7:00]   shot 11_decision_outcome_customer_return.png
 218.9s [9月20日（週六） 上午 7:00]   click "OK"
 228.3s [9月20日（週六） 上午 7:14]   use "Packing table"
 229.0s [9月20日（週六） 上午 7:15]   click [Pack] 打包 7 筆訂單（56 分鐘）
 229.9s [9月20日（週六） 上午 8:12]   click [CourierEconomy] 快遞 · 經濟 3 天（$38.28）
 239.8s [9月20日（週六） 下午 7:13]   use "Sleep"
 240.4s [9月20日（週六） 下午 7:13]   click [Sleep] Sleep until 7:00 AM
 242.3s [9月21日（週日） 上午 7:00]   shot 12_decision_customer_return.png
 242.3s [9月21日（週日） 上午 7:00]   decision customer_return → refund
 242.3s [9月21日（週日） 上午 7:00]   click [Choice_refund] 退款＋收回商品
 243.6s [9月21日（週日） 上午 7:00]   shot 13_decision_outcome_customer_return.png
 243.6s [9月21日（週日） 上午 7:00]   click "OK"
 253.0s [9月21日（週日） 上午 7:13]   use "Packing table"
 253.7s [9月21日（週日） 上午 7:15]   click [Pack] 打包 1 筆訂單（8 分鐘）
 254.6s [9月21日（週日） 上午 7:24]   click [CourierEconomy] 快遞 · 經濟 3 天（$9.84）
 264.5s [9月21日（週日） 下午 7:13]   use "Sleep"
 265.1s [9月21日（週日） 下午 7:13]   click [Sleep] Sleep until 7:00 AM
 275.9s [9月22日（週一） 上午 7:14]   use "Packing table"
 276.5s [9月22日（週一） 上午 7:15]   click [Pack] 打包 2 筆訂單（16 分鐘）
 277.4s [9月22日（週一） 上午 7:32]   click [CourierEconomy] 快遞 · 經濟 3 天（$13.68）
 287.4s [9月22日（週一） 下午 7:13]   use "Sleep"
 288.0s [9月22日（週一） 下午 7:13]   click [Sleep] Sleep until 7:00 AM
 289.9s [9月23日（週二） 上午 7:00]   shot 14_decision_customer_return.png
 289.9s [9月23日（週二） 上午 7:00]   decision customer_return → replace
 289.9s [9月23日（週二） 上午 7:00]   click [Choice_replace] 寄一個新的
 291.3s [9月23日（週二） 上午 7:00]   shot 15_decision_outcome_customer_return.png
 291.3s [9月23日（週二） 上午 7:00]   click "OK"
 300.7s [9月23日（週二） 上午 7:14]   use "Packing table"
 301.4s [9月23日（週二） 上午 7:15]   click [Pack] 打包 1 筆訂單（8 分鐘）
 302.3s [9月23日（週二） 上午 7:24]   click [CourierEconomy] 快遞 · 經濟 3 天（$9.52）
 303.5s [9月23日（週二） 上午 7:26]   ok  Chapter 9 complete: actual import arrived
 303.5s [9月23日（週二） 上午 7:26]   ok  ledger balanced after original replay continuation
 303.5s [9月23日（週二） 上午 7:26] STEP Old Town — lease the corner café from Mr. Okafor
 303.5s [9月23日（週二） 上午 7:26]   (harness) wait 2 h
 307.6s [9月23日（週二） 上午 9:31]   ok  walked back outside
 321.6s [9月23日（週二） 上午 9:52]   use "捷運——河濱區站"
 322.6s [9月23日（週二） 上午 9:54]   shot 16_metro_old_town.png
 322.6s [9月23日（週二） 上午 9:54]   click [Go_old_town] 舊城區  ·  16 分鐘
 323.8s [9月23日（週二） 上午 10:11]   ok  took the Metro to Old Town
 323.9s [9月23日（週二） 上午 10:11]   shot 17_old_town.png
 334.7s [9月23日（週二） 上午 10:28]   ok  entered Okafor Lettings
 335.3s [9月23日（週二） 上午 10:29]   use "和 Okafor 先生 說話"
 338.3s [9月23日（週二） 上午 10:29]   choose "› 這裡以前是什麼店？"
 343.3s [9月23日（週二） 上午 10:30]   shot 18_cafe_lease.png
 343.3s [9月23日（週二） 上午 10:30]   click [SignLease_corner_cafe] Sign the lease
 344.1s [9月23日（週二） 上午 10:31]   ok  leased the corner café unit
 345.9s [9月23日（週二） 上午 10:35]   ok  walked back outside
 346.1s [9月23日（週二） 上午 10:35]   shot 19_old_town_storefronts.png
 351.0s [9月23日（週二） 上午 10:43]   ok  entered Corner Café Unit
 351.8s [9月23日（週二） 上午 10:44]   use "Check the till — Company OS"
 352.4s [9月23日（週二） 上午 10:45]   click [CafeFitOut] 裝修（$5,800）
 352.9s [9月23日（週二） 上午 10:45]   click [CafeSupplies_large] 400 杯份 · $330.00
 353.4s [9月23日（週二） 上午 10:46]   shot 20_cafe_setup.png
 353.7s [9月23日（週二） 上午 10:47]   ok  fit-out under way
 353.7s [9月23日（週二） 上午 10:47]   ok  coffee supplies ordered
 353.7s [9月23日（週二） 上午 10:47] STEP Old Town — the food licence at City Hall (walking via Shopping Street)
 355.8s [9月23日（週二） 上午 10:51]   ok  walked back outside
 362.9s [9月23日（週二） 上午 11:11]   ok  walked to Shopping Street
 365.9s [9月23日（週二） 上午 11:32]   ok  walked to Harbor
 384.5s [9月23日（週二） 下午 12:07]   ok  walked to Riverside
 405.6s [9月23日（週二） 下午 12:49]   ok  walked to Civic Center
 417.2s [9月23日（週二） 下午 1:06]   ok  entered Aurelia City Hall
 419.0s [9月23日（週二） 下午 1:09]   use "Permits & regulations"
 419.6s [9月23日（週二） 下午 1:10]   click [ApplyFoodLicence] Apply
 420.2s [9月23日（週二） 下午 1:31]   shot 21_food_licence.png
 420.5s [9月23日（週二） 下午 1:31]   ok  food licence applied for
 423.6s [9月23日（週二） 下午 1:37]   ok  walked back outside
 429.2s [9月23日（週二） 下午 1:45]   use "捷運——市政中心站"
 430.1s [9月23日（週二） 下午 1:46]   shot 22_metro_riverside.png
 430.1s [9月23日（週二） 下午 1:46]   click [Go_riverside] 河濱區  ·  12 分鐘
 431.1s [9月23日（週二） 下午 2:00]   ok  took the Metro to Riverside
 440.2s [9月23日（週二） 下午 2:14]   ok  entered Riverside Tower
 440.3s [9月23日（週二） 下午 2:14]   (harness) wait 2 h
 441.0s [9月23日（週二） 下午 4:15]   (harness) wait 2 h
 441.7s [9月23日（週二） 下午 6:16]   (harness) wait 2 h
 444.3s [9月23日（週二） 下午 8:20]   use "Sleep"
 444.9s [9月23日（週二） 下午 8:20]   click [Sleep] Sleep until 7:00 AM
 446.8s [9月24日（週三） 上午 7:01]   (harness) wait 2 h
 446.8s [9月24日（週三） 上午 9:01]   toast: 新評價 #2100：★★★「還行。」
 447.5s [9月24日（週三） 上午 9:02]   (harness) wait 2 h
 448.1s [9月24日（週三） 上午 11:03]   (harness) wait 2 h
 448.8s [9月24日（週三） 下午 1:04]   (harness) wait 2 h
 449.5s [9月24日（週三） 下午 3:05]   (harness) wait 2 h
 450.2s [9月24日（週三） 下午 5:06]   (harness) wait 2 h
 451.1s [9月24日（週三） 下午 7:07]   use "Sleep"
 451.7s [9月24日（週三） 下午 7:07]   click [Sleep] Sleep until 7:00 AM
 453.6s [9月25日（週四） 上午 7:01]   (harness) wait 2 h
 454.3s [9月25日（週四） 上午 9:02]   (harness) wait 2 h
 455.0s [9月25日（週四） 上午 11:03]   (harness) wait 2 h
 455.7s [9月25日（週四） 下午 1:04]   (harness) wait 2 h
 456.4s [9月25日（週四） 下午 3:05]   (harness) wait 2 h
 456.4s [9月25日（週四） 下午 5:00]   toast: Riverlight Goods 咖啡 今天沒開門：吧台沒人顧。去僱一位咖啡師（人員分頁），或自己站吧台。
 457.1s [9月25日（週四） 下午 5:06]   (harness) wait 2 h
 458.0s [9月25日（週四） 下午 7:07]   use "Sleep"
 458.6s [9月25日（週四） 下午 7:07]   click [Sleep] Sleep until 7:00 AM
 460.5s [9月26日（週五） 上午 7:00]   shot 23_decision_customer_return.png
 460.5s [9月26日（週五） 上午 7:00]   decision customer_return → replace
 460.5s [9月26日（週五） 上午 7:00]   click [Choice_replace] 寄一個新的
 461.8s [9月26日（週五） 上午 7:00]   shot 24_decision_outcome_customer_return.png
 461.8s [9月26日（週五） 上午 7:00]   click "OK"
 462.4s [9月26日（週五） 上午 7:00]   ok  fitted out and licensed
 462.4s [9月26日（週五） 上午 7:00] STEP Old Town — opening day behind your own counter
 465.6s [9月26日（週五） 上午 7:06]   ok  walked back outside
 479.5s [9月26日（週五） 上午 7:27]   use "捷運——河濱區站"
 480.5s [9月26日（週五） 上午 7:28]   shot 25_metro_old_town.png
 480.5s [9月26日（週五） 上午 7:28]   click [Go_old_town] 舊城區  ·  16 分鐘
 481.5s [9月26日（週五） 上午 7:46]   ok  took the Metro to Old Town
 489.0s [9月26日（週五） 上午 7:57]   ok  entered Corner Café Unit
 489.1s [9月26日（週五） 上午 7:57]   shot 26_cafe_open.png
 490.0s [9月26日（週五） 上午 7:59]   use "Work the counter (2 h)"
 491.0s [9月26日（週五） 上午 10:00]   ok  served customers at your own café
 491.4s [9月26日（週五） 上午 10:01]   use "Check the till — Company OS"
 492.1s [9月26日（週五） 上午 10:02]   shot 27_cafe_tab.png
 492.5s [9月26日（週五） 上午 10:02]   ok  ledger balanced after opening the café
 494.8s [9月26日（週五） 上午 10:07]   ok  walked back outside
 507.0s [9月26日（週五） 上午 10:25]   use "捷運——舊城區站"
 507.9s [9月26日（週五） 上午 10:26]   shot 28_metro_riverside.png
 507.9s [9月26日（週五） 上午 10:26]   click [Go_riverside] 河濱區  ·  16 分鐘
 508.9s [9月26日（週五） 上午 10:44]   ok  took the Metro to Riverside
 518.1s [9月26日（週五） 上午 10:58]   ok  entered Riverside Tower
 518.1s [9月26日（週五） 上午 10:58] STEP Harbor — metro to the docks, a used van from Sam, and Pier 7
 518.1s [9月26日（週五） 上午 10:58]   ok  actual financing covers the van, bay and working capital
 519.5s [9月26日（週五） 上午 11:01]   ok  walked back outside
 533.4s [9月26日（週五） 上午 11:22]   use "捷運——河濱區站"
 534.4s [9月26日（週五） 上午 11:23]   shot 29_metro_harbor.png
 534.4s [9月26日（週五） 上午 11:23]   click [Go_harbor] 港區  ·  8 分鐘
 535.4s [9月26日（週五） 上午 11:33]   ok  took the Metro to Harbor
 535.5s [9月26日（週五） 上午 11:33]   shot 30_harbor.png
 542.5s [9月26日（週五） 上午 11:43]   shot 31_harbor_street.png
 545.1s [9月26日（週五） 上午 11:47]   ok  entered Dockside Motors
 552.0s [9月26日（週五） 上午 11:58]   use "和 Sam Okoro 說話"
 555.0s [9月26日（週五） 上午 11:58]   choose "› 你這裡有什麼？"
 560.0s [9月26日（週五） 上午 11:59]   shot 32_van_dealer.png
 560.0s [9月26日（週五） 上午 11:59]   click [BuyVan] 買下這台貨車（$9,800）
 560.6s [9月26日（週五） 下午 12:00]   shot 33_van_bought.png
 561.0s [9月26日（週五） 下午 12:00]   ok  bought the van from Sam
 561.0s [9月26日（週五） 下午 12:00]   ok  the van is a vehicle expense
 562.9s [9月26日（週五） 下午 12:04]   ok  walked back outside
 568.5s [9月26日（週五） 下午 12:13]   ok  entered Pier 7 Warehouse
 572.1s [9月26日（週五） 下午 12:18]   use "Lettings desk: lease Bay 3"
 572.8s [9月26日（週五） 下午 12:19]   shot 34_pier7_lease.png
 572.8s [9月26日（週五） 下午 12:19]   click [SignLease_pier7_warehouse] Sign the lease
 573.7s [9月26日（週五） 下午 12:20]   ok  leased the Pier 7 bay
 573.7s [9月26日（週五） 下午 12:20]   ok  Pier 7 is a stock location
 574.2s [9月26日（週五） 下午 12:21]   shot 35_pier7_warehouse.png
 578.4s [9月26日（週五） 下午 12:29]   ok  walked back outside
 587.0s [9月26日（週五） 下午 12:41]   use "捷運——港區站"
 588.0s [9月26日（週五） 下午 12:43]   shot 36_metro_riverside.png
 588.0s [9月26日（週五） 下午 12:43]   click [Go_riverside] 河濱區  ·  8 分鐘
 589.0s [9月26日（週五） 下午 12:52]   ok  took the Metro to Riverside
 598.1s [9月26日（週五） 下午 1:06]   ok  entered Riverside Tower
 598.1s [9月26日（週五） 下午 1:06] STEP Harbor — the morning's delivery runs
 598.2s [9月26日（週五） 下午 1:06]   (harness) wait 2 h
 598.9s [9月26日（週五） 下午 3:07]   (harness) wait 2 h
 599.6s [9月26日（週五） 下午 5:08]   (harness) wait 2 h
 602.2s [9月26日（週五） 下午 7:12]   use "Sleep"
 602.8s [9月26日（週五） 下午 7:12]   click [Sleep] Sleep until 7:00 AM
 604.7s [9月27日（週六） 上午 7:01]   (harness) wait 2 h
 605.4s [9月27日（週六） 上午 9:02]   ok  runs were posted in the morning
 608.5s [9月27日（週六） 上午 9:07]   ok  walked back outside
 622.4s [9月27日（週六） 上午 9:28]   use "捷運——河濱區站"
 622.7s [9月27日（週六） 上午 9:29]   toast: 新評價 #2123：★★★「還行。」
 623.4s [9月27日（週六） 上午 9:30]   shot 37_metro_harbor.png
 623.4s [9月27日（週六） 上午 9:30]   click [Go_harbor] 港區  ·  8 分鐘
 624.5s [9月27日（週六） 上午 9:39]   ok  took the Metro to Harbor
 634.5s [9月27日（週六） 上午 9:54]   ok  entered Pier 7 Warehouse
 637.2s [9月27日（週六） 上午 9:58]   use "Sit at the yard office desk — Company OS"
 637.8s [9月27日（週六） 上午 9:59]   click [Tab_logistics] Logistics
 638.7s [9月27日（週六） 上午 10:00]   shot 38_logistics_tab.png
 639.3s [9月27日（週六） 上午 10:01]   shot 39_logistics_badge_pinned.png
 639.3s [9月27日（週六） 上午 10:01]   click [Tab_logistics] Logistics
 639.7s [9月27日（週六） 上午 10:02]   ok  delivery runs on the board
 639.7s [9月27日（週六） 上午 10:02]   click [Accept_R3] Accept
 640.3s [9月27日（週六） 上午 10:03]   ok  accepted run R3
 640.3s [9月27日（週六） 上午 10:03]   shot 40_logistics_accepted.png
 640.3s [9月27日（週六） 上午 10:03]   click [Drive_R3] Drive it
 641.0s [9月27日（週六） 上午 10:03]   shot 41_route_game_intro.png
 641.0s [9月27日（週六） 上午 10:03]   click [StartGame] Start
 641.5s [9月27日（週六） 上午 10:03]   click [Stop_3]
 641.6s [9月27日（週六） 上午 10:03]   click [Stop_4]
 641.9s [9月27日（週六） 上午 10:03]   shot 42_route_game_planning.png
 641.9s [9月27日（週六） 上午 10:03]   click [Stop_1]
 642.0s [9月27日（週六） 上午 10:03]   click [Stop_2]
 642.1s [9月27日（週六） 上午 10:03]   click [Stop_5]
 642.7s [9月27日（週六） 上午 10:03]   shot 43_route_game_planned.png
 642.7s [9月27日（週六） 上午 10:03]   click [DriveRoute] Drive the route
 643.4s [9月27日（週六） 上午 10:03]   shot 44_route_game_results.png
 643.4s [9月27日（週六） 上午 10:03]   click [FinishGame] Continue
 644.3s [9月27日（週六） 下午 1:19]   ok  the run is done and in the history
 644.3s [9月27日（週六） 下午 1:19]   ok  the pay was banked as revenue ($137.50 for run R3)
 644.3s [9月27日（週六） 下午 1:19]   ok  fuel was charged
 644.3s [9月27日（週六） 下午 1:19]   ok  the best route scored 100%
 644.8s [9月27日（週六） 下午 1:19]   shot 45_logistics_tab_paid.png
 645.2s [9月27日（週六） 下午 1:20]   ok  ledger balanced after the first delivery run
 649.2s [9月27日（週六） 下午 1:27]   ok  walked back outside
 657.8s [9月27日（週六） 下午 1:40]   use "捷運——港區站"
 658.7s [9月27日（週六） 下午 1:41]   shot 46_metro_riverside.png
 658.7s [9月27日（週六） 下午 1:41]   click [Go_riverside] 河濱區  ·  8 分鐘
 659.8s [9月27日（週六） 下午 1:51]   ok  took the Metro to Riverside
 668.9s [9月27日（週六） 下午 2:05]   ok  entered Riverside Tower
 668.9s [9月27日（週六） 下午 2:05]   ok  Chapter 10 started after Chapter 9
 668.9s [9月27日（週六） 下午 2:05]   ok  Year 6: the Digital Finance Boom
 668.9s [9月27日（週六） 下午 2:05] STEP Chapter 10 — the news, and Lina's escrow offer
 670.3s [9月27日（週六） 下午 2:08]   ok  walked back outside
 673.6s [9月27日（週六） 下午 2:13]   ok  entered Bloom Coffee
 675.3s [9月27日（週六） 下午 2:15]   use "Read the news board"
 676.1s [9月27日（週六） 下午 2:20]   shot 47_news_digital_rails.png
 676.5s [9月27日（週六） 下午 2:20]   ok  read the news (digital_rails)
 679.4s [9月27日（週六） 下午 2:25]   ok  walked back outside
 682.6s [9月27日（週六） 下午 2:30]   ok  entered Riverside Tower
 682.6s [9月27日（週六） 下午 2:30]   (harness) wait 2 h
 683.4s [9月27日（週六） 下午 4:31]   (harness) wait 2 h
 683.4s [9月27日（週六） 下午 5:00]   toast: Riverlight Goods 咖啡 今天沒開門：吧台沒人顧。去僱一位咖啡師（人員分頁），或自己站吧台。
 684.1s [9月27日（週六） 下午 6:32]   (harness) wait 2 h
 686.7s [9月27日（週六） 下午 8:36]   use "Sleep"
 687.3s [9月27日（週六） 下午 8:36]   click [Sleep] Sleep until 7:00 AM
 689.4s [9月28日（週日） 上午 7:01]   (harness) wait 2 h
 690.1s [9月28日（週日） 上午 9:02]   (harness) wait 2 h
 690.9s [9月28日（週日） 上午 11:03]   (harness) wait 2 h
 691.6s [9月28日（週日） 下午 1:04]   (harness) wait 2 h
 692.3s [9月28日（週日） 下午 3:05]   (harness) wait 2 h
 693.1s [9月28日（週日） 下午 5:06]   (harness) wait 2 h
 694.0s [9月28日（週日） 下午 7:08]   use "Sleep"
 694.6s [9月28日（週日） 下午 7:08]   click [Sleep] Sleep until 7:00 AM
 696.7s [9月29日（週一） 上午 7:01]   (harness) wait 2 h
 697.3s [9月29日（週一） 上午 9:02]   shot 48_decision_supplier_price_increase.png
 697.3s [9月29日（週一） 上午 9:02]   decision supplier_price_increase → accept
 697.3s [9月29日（週一） 上午 9:02]   click [Choice_accept] 好。繼續跟你進貨。
 698.7s [9月29日（週一） 上午 9:02]   shot 49_decision_outcome_supplier_price_increase.png
 698.7s [9月29日（週一） 上午 9:02]   click "OK"
 699.3s [9月29日（週一） 上午 9:02]   (harness) wait 2 h
 703.1s [9月29日（週一） 上午 11:09]   ok  walked back outside
 717.1s [9月29日（週一） 上午 11:30]   use "捷運——河濱區站"
 718.1s [9月29日（週一） 上午 11:31]   shot 50_metro_financial.png
 718.1s [9月29日（週一） 上午 11:31]   click [Go_financial] 金融區  ·  10 分鐘
 719.1s [9月29日（週一） 上午 11:43]   ok  took the Metro to Financial District
 726.7s [9月29日（週一） 上午 11:54]   ok  entered Nexus Bank
 734.0s [9月29日（週一） 下午 12:05]   use "和 Lina Zhao 說話"
 734.8s [9月29日（週一） 下午 12:05]   shot 51_lina_rails.png
 740.6s [9月29日（週一） 下午 12:05]   choose "› 有什麼但書？"
 746.4s [9月29日（週一） 下午 12:07]   ok  the '!' badge for escrow pins its card
 746.5s [9月29日（週一） 下午 12:07]   shot 52_badge_escrow_pinned.png
 746.7s [9月29日（週一） 下午 12:07]   shot 53_decision_escrow_offer.png
 746.7s [9月29日（週一） 下午 12:07]   decision escrow_offer → try
 746.7s [9月29日（週一） 下午 12:07]   click [Choice_try] 開立託管帳戶
 748.1s [9月29日（週一） 下午 12:07]   shot 54_decision_outcome_escrow_offer.png
 748.1s [9月29日（週一） 下午 12:07]   click "OK"
 748.6s [9月29日（週一） 下午 12:07]   ok  opened an escrow account
 748.6s [9月29日（週一） 下午 12:07] STEP Chapter 10 — an import paid through escrow
 750.9s [9月29日（週一） 下午 12:12]   ok  walked back outside
 757.1s [9月29日（週一） 下午 12:21]   use "捷運——金融區站"
 758.1s [9月29日（週一） 下午 12:22]   shot 55_metro_riverside.png
 758.1s [9月29日（週一） 下午 12:22]   click [Go_riverside] 河濱區  ·  10 分鐘
 759.1s [9月29日（週一） 下午 12:34]   ok  took the Metro to Riverside
 768.2s [9月29日（週一） 下午 12:48]   ok  entered Riverside Tower
 769.6s [9月29日（週一） 下午 12:50]   use "Use laptop — Company OS"
 770.3s [9月29日（週一） 下午 12:51]   click [Tab_operations] Operations
 771.0s [9月29日（週一） 下午 12:52]   click [Buy_lumina_direct_phone_stand] 購買 $864.00
 771.8s [9月29日（週一） 下午 12:53]   shot 56_settlement_escrow.png
 771.8s [9月29日（週一） 下午 12:53]   click [Settle_escrow] Pay this way
 772.5s [9月29日（週一） 下午 3:04]   click [Tab_finance] Finance
 772.8s [9月29日（週一） 下午 3:04]   click [Tab_operations] Operations
 778.0s [9月29日（週一） 下午 3:12]   shot 57_operations_escrow_order.png
 778.3s [9月29日（週一） 下午 3:13]   ok  import ordered through escrow
 778.5s [9月29日（週一） 下午 3:13]   use "Use laptop — Company OS"
 779.1s [9月29日（週一） 下午 3:14]   click [Tab_finance] Finance
 779.9s [9月29日（週一） 下午 3:15]   shot 58_finance_held_in_escrow.png
 780.3s [9月29日（週一） 下午 5:00]   toast: Riverlight Goods 咖啡 今天沒開門：吧台沒人顧。去僱一位咖啡師（人員分頁），或自己站吧台。
 787.9s [9月29日（週一） 下午 7:11]   use "Sleep"
 788.5s [9月29日（週一） 下午 7:11]   click [Sleep] Sleep until 7:00 AM
 790.4s [9月30日（週二） 下午 5:00]   toast: Riverlight Goods 咖啡 今天沒開門：吧台沒人顧。去僱一位咖啡師（人員分頁），或自己站吧台。
 790.6s [9月30日（週二） 下午 7:00]   use "Sleep"
 791.2s [9月30日（週二） 下午 7:00]   click [Sleep] Sleep until 7:00 AM
 794.7s [10月1日（週三） 上午 7:00]   shot 59_month_close_report.png
 794.7s [10月1日（週三） 上午 7:00]   click [month close] Continue
 795.2s [10月1日（週三） 下午 5:00]   toast: Riverlight Goods 咖啡 今天沒開門：吧台沒人顧。去僱一位咖啡師（人員分頁），或自己站吧台。
 795.4s [10月1日（週三） 下午 7:01]   use "Sleep"
 796.0s [10月1日（週三） 下午 7:01]   click [Sleep] Sleep until 7:00 AM
 797.9s [10月2日（週四） 下午 5:00]   toast: Riverlight Goods 咖啡 今天沒開門：吧台沒人顧。去僱一位咖啡師（人員分頁），或自己站吧台。
 798.1s [10月2日（週四） 下午 7:00]   use "Sleep"
 798.7s [10月2日（週四） 下午 7:00]   click [Sleep] Sleep until 7:00 AM
 800.6s [10月3日（週五） 下午 5:00]   toast: Riverlight Goods 咖啡 今天沒開門：吧台沒人顧。去僱一位咖啡師（人員分頁），或自己站吧台。
 800.8s [10月3日（週五） 下午 7:00]   use "Sleep"
 801.4s [10月3日（週五） 下午 7:00]   click [Sleep] Sleep until 7:00 AM
 803.3s [10月4日（週六） 下午 5:00]   toast: Riverlight Goods 咖啡 今天沒開門：吧台沒人顧。去僱一位咖啡師（人員分頁），或自己站吧台。
 809.9s [10月4日（週六） 下午 7:09]   use "Sleep"
 810.6s [10月4日（週六） 下午 7:10]   click [Sleep] Sleep until 7:00 AM
 812.7s [10月5日（週日） 下午 7:00]   use "Sleep"
 813.3s [10月5日（週日） 下午 7:00]   click [Sleep] Sleep until 7:00 AM
 815.2s [10月6日（週一） 下午 5:00]   toast: Riverlight Goods 咖啡 今天沒開門：吧台沒人顧。去僱一位咖啡師（人員分頁），或自己站吧台。
 815.4s [10月6日（週一） 下午 7:00]   use "Sleep"
 816.0s [10月6日（週一） 下午 7:00]   click [Sleep] Sleep until 7:00 AM
 818.0s [10月7日（週二） 下午 5:00]   toast: Riverlight Goods 咖啡 今天沒開門：吧台沒人顧。去僱一位咖啡師（人員分頁），或自己站吧台。
 818.1s [10月7日（週二） 下午 7:00]   use "Sleep"
 818.8s [10月7日（週二） 下午 7:00]   click [Sleep] Sleep until 7:00 AM
 820.7s [10月8日（週三） 下午 5:00]   toast: Riverlight Goods 咖啡 今天沒開門：吧台沒人顧。去僱一位咖啡師（人員分頁），或自己站吧台。
 820.9s [10月8日（週三） 下午 7:00]   use "Sleep"
 821.5s [10月8日（週三） 下午 7:00]   click [Sleep] Sleep until 7:00 AM
 823.4s [10月9日（週四） 下午 5:00]   toast: Riverlight Goods 咖啡 今天沒開門：吧台沒人顧。去僱一位咖啡師（人員分頁），或自己站吧台。
 830.2s [10月9日（週四） 下午 7:10]   use "Sleep"
 830.8s [10月9日（週四） 下午 7:10]   click [Sleep] Sleep until 7:00 AM
 832.8s [10月10日（週五） 下午 5:00]   toast: Riverlight Goods 咖啡 今天沒開門：吧台沒人顧。去僱一位咖啡師（人員分頁），或自己站吧台。
 832.9s [10月10日（週五） 下午 7:00]   use "Sleep"
 833.5s [10月10日（週五） 下午 7:00]   click [Sleep] Sleep until 7:00 AM
 835.5s [10月11日（週六） 下午 5:00]   toast: Riverlight Goods 咖啡 今天沒開門：吧台沒人顧。去僱一位咖啡師（人員分頁），或自己站吧台。
 835.8s [10月11日（週六） 下午 7:00]   use "Sleep"
 836.4s [10月11日（週六） 下午 7:00]   click [Sleep] Sleep until 7:00 AM
 838.4s [10月12日（週日） 上午 7:01]   ok  escrow released to the supplier on arrival
 838.4s [10月12日（週日） 上午 7:01]   ok  Chapter 10 complete
 838.4s [10月12日（週日） 上午 7:01] STEP Chapter 11 — the bridge exploit
 838.4s [10月12日（週日） 上午 7:01]   ok  Year 7: the Bridge Exploit
 841.7s [10月12日（週日） 上午 7:07]   ok  walked back outside
 845.0s [10月12日（週日） 上午 7:12]   ok  entered Bloom Coffee
 846.7s [10月12日（週日） 上午 7:14]   use "Read the news board"
 847.5s [10月12日（週日） 上午 7:19]   shot 60_news_bridge_before.png
 847.8s [10月12日（週日） 上午 7:19]   ok  read the news (bridge_before)
 850.8s [10月12日（週日） 上午 7:24]   ok  walked back outside
 853.9s [10月12日（週日） 上午 7:29]   ok  entered Riverside Tower
 855.3s [10月12日（週日） 上午 7:31]   use "Use laptop — Company OS"
 855.9s [10月12日（週日） 上午 7:32]   click [Tab_operations] Operations
 856.6s [10月12日（週日） 上午 7:33]   click [Buy_lumina_direct_phone_stand] 購買 $856.00
 857.4s [10月12日（週日） 上午 7:34]   shot 61_settlement_before_exploit.png
 857.4s [10月12日（週日） 上午 7:34]   click [Settle_escrow] Pay this way
 858.5s [10月12日（週日） 上午 7:36]   ok  restock ordered through escrow (cash $70,126)
 870.9s [10月12日（週日） 上午 7:55]   toast: 快訊：數位美元跨鏈橋遭駭。轉帳凍結，預計 10月18日 上午 7:55 前後恢復。
 872.8s [10月12日（週日） 上午 7:57]   ok  the bridge is frozen with our payment crossing it
 873.4s [10月12日（週日） 上午 7:57]   ok  the '!' badge for frozen_funds pins its card
 873.5s [10月12日（週日） 上午 7:57]   shot 62_badge_frozen_pinned.png
 873.7s [10月12日（週日） 上午 7:57]   shot 63_decision_rail_frozen.png
 873.7s [10月12日（週日） 上午 7:57]   decision rail_frozen → reroute
 873.7s [10月12日（週日） 上午 7:57]   click [Choice_reroute] 改用電匯重新付款（$890）
 875.1s [10月12日（週日） 上午 7:57]   shot 64_decision_outcome_rail_frozen.png
 875.1s [10月12日（週日） 上午 7:57]   click "OK"
 875.6s [10月12日（週日） 上午 7:57]   ok  paid again by wire
 875.8s [10月12日（週日） 上午 7:57]   use "Use laptop — Company OS"
 876.4s [10月12日（週日） 上午 7:58]   click [Tab_finance] Finance
 877.2s [10月12日（週日） 上午 8:00]   shot 65_finance_frozen_funds.png
 877.2s [10月12日（週日） 上午 8:00]   click [Tab_operations] Operations
 882.7s [10月12日（週日） 上午 8:08]   shot 66_operations_frozen_order.png
 885.7s [10月12日（週日） 上午 8:13]   ok  walked back outside
 889.0s [10月12日（週日） 上午 8:18]   ok  entered Bloom Coffee
 890.7s [10月12日（週日） 上午 8:21]   use "Read the news board"
 891.5s [10月12日（週日） 上午 8:26]   shot 67_news_bridge_frozen.png
 891.8s [10月12日（週日） 上午 8:26]   ok  read the news (bridge_frozen)
 894.8s [10月12日（週日） 上午 8:31]   ok  walked back outside
 897.9s [10月12日（週日） 上午 8:36]   ok  entered Riverside Tower
 899.9s [10月12日（週日） 下午 7:03]   use "Sleep"
 900.5s [10月12日（週日） 下午 7:03]   click [Sleep] Sleep until 7:00 AM
 902.4s [10月13日（週一） 下午 5:00]   toast: Riverlight Goods 咖啡 今天沒開門：吧台沒人顧。去僱一位咖啡師（人員分頁），或自己站吧台。
 902.6s [10月13日（週一） 下午 7:00]   use "Sleep"
 903.2s [10月13日（週一） 下午 7:00]   click [Sleep] Sleep until 7:00 AM
 905.1s [10月14日（週二） 下午 5:00]   toast: Riverlight Goods 咖啡 今天沒開門：吧台沒人顧。去僱一位咖啡師（人員分頁），或自己站吧台。
 905.3s [10月14日（週二） 下午 7:00]   use "Sleep"
 905.9s [10月14日（週二） 下午 7:00]   click [Sleep] Sleep until 7:00 AM
 907.8s [10月15日（週三） 下午 5:00]   toast: Riverlight Goods 咖啡 今天沒開門：吧台沒人顧。去僱一位咖啡師（人員分頁），或自己站吧台。
 908.1s [10月15日（週三） 下午 7:00]   use "Sleep"
 908.7s [10月15日（週三） 下午 7:00]   click [Sleep] Sleep until 7:00 AM
 910.6s [10月16日（週四） 下午 5:00]   toast: Riverlight Goods 咖啡 今天沒開門：吧台沒人顧。去僱一位咖啡師（人員分頁），或自己站吧台。
 910.8s [10月16日（週四） 下午 7:00]   use "Sleep"
 911.4s [10月16日（週四） 下午 7:00]   click [Sleep] Sleep until 7:00 AM
 913.4s [10月17日（週五） 下午 5:00]   toast: Riverlight Goods 咖啡 今天沒開門：吧台沒人顧。去僱一位咖啡師（人員分頁），或自己站吧台。
 913.5s [10月17日（週五） 下午 7:00]   use "Sleep"
 914.1s [10月17日（週五） 下午 7:00]   click [Sleep] Sleep until 7:00 AM
 916.1s [10月18日（週六） 下午 5:00]   toast: Riverlight Goods 咖啡 今天沒開門：吧台沒人顧。去僱一位咖啡師（人員分頁），或自己站吧台。
 916.2s [10月18日（週六） 下午 7:00]   use "Sleep"
 916.8s [10月18日（週六） 下午 7:00]   click [Sleep] Sleep until 7:00 AM
 918.9s [10月19日（週日） 下午 7:00]   shot 68_decision_supplier_price_increase.png
 918.9s [10月19日（週日） 下午 7:00]   decision supplier_price_increase → accept
 918.9s [10月19日（週日） 下午 7:00]   click [Choice_accept] 好。繼續跟你進貨。
 920.2s [10月19日（週日） 下午 7:00]   shot 69_decision_outcome_supplier_price_increase.png
 920.2s [10月19日（週日） 下午 7:00]   click "OK"
 920.9s [10月19日（週日） 下午 7:00]   use "Sleep"
 921.5s [10月19日（週日） 下午 7:00]   click [Sleep] Sleep until 7:00 AM
 923.4s [10月20日（週一） 下午 5:00]   toast: Riverlight Goods 咖啡 今天沒開門：吧台沒人顧。去僱一位咖啡師（人員分頁），或自己站吧台。
 923.6s [10月20日（週一） 下午 7:00]   use "Sleep"
 924.2s [10月20日（週一） 下午 7:00]   click [Sleep] Sleep until 7:00 AM
 926.2s [10月21日（週二） 下午 5:00]   toast: Riverlight Goods 咖啡 今天沒開門：吧台沒人顧。去僱一位咖啡師（人員分頁），或自己站吧台。
 926.3s [10月21日（週二） 下午 7:00]   use "Sleep"
 926.9s [10月21日（週二） 下午 7:00]   click [Sleep] Sleep until 7:00 AM
 928.9s [10月22日（週三） 下午 5:00]   toast: Riverlight Goods 咖啡 今天沒開門：吧台沒人顧。去僱一位咖啡師（人員分頁），或自己站吧台。
 929.1s [10月22日（週三） 下午 7:00]   use "Sleep"
 929.7s [10月22日（週三） 下午 7:00]   click [Sleep] Sleep until 7:00 AM
 931.6s [10月23日（週四） 下午 5:00]   toast: Riverlight Goods 咖啡 今天沒開門：吧台沒人顧。去僱一位咖啡師（人員分頁），或自己站吧台。
 931.8s [10月23日（週四） 下午 7:00]   use "Sleep"
 932.4s [10月23日（週四） 下午 7:00]   click [Sleep] Sleep until 7:00 AM
 934.4s [10月24日（週五） 下午 5:00]   toast: Riverlight Goods 咖啡 今天沒開門：吧台沒人顧。去僱一位咖啡師（人員分頁），或自己站吧台。
 934.5s [10月24日（週五） 下午 7:00]   use "Sleep"
 935.1s [10月24日（週五） 下午 7:00]   click [Sleep] Sleep until 7:00 AM
 937.1s [10月25日（週六） 下午 5:00]   toast: Riverlight Goods 咖啡 今天沒開門：吧台沒人顧。去僱一位咖啡師（人員分頁），或自己站吧台。
 937.3s [10月25日（週六） 下午 7:00]   use "Sleep"
 937.9s [10月25日（週六） 下午 7:00]   click [Sleep] Sleep until 7:00 AM
 940.0s [10月26日（週日） 下午 7:00]   use "Sleep"
 940.6s [10月26日（週日） 下午 7:00]   click [Sleep] Sleep until 7:00 AM
 942.6s [10月27日（週一） 下午 5:00]   toast: Riverlight Goods 咖啡 今天沒開門：吧台沒人顧。去僱一位咖啡師（人員分頁），或自己站吧台。
 942.7s [10月27日（週一） 下午 7:00]   use "Sleep"
 943.3s [10月27日（週一） 下午 7:00]   click [Sleep] Sleep until 7:00 AM
 945.3s [10月28日（週二） 下午 5:00]   toast: Riverlight Goods 咖啡 今天沒開門：吧台沒人顧。去僱一位咖啡師（人員分頁），或自己站吧台。
 945.5s [10月28日（週二） 下午 7:00]   use "Sleep"
 946.1s [10月28日（週二） 下午 7:00]   click [Sleep] Sleep until 7:00 AM
 948.1s [10月29日（週三） 上午 7:01]   ok  the bridge reopened
 948.1s [10月29日（週三） 上午 7:01]   ok  frozen funds settled
 948.1s [10月29日（週三） 上午 7:01]   ok  Chapter 11 complete: through the freeze and restocked
 948.1s [10月29日（週三） 上午 7:01] STEP Chapter 12 — the regulation wave: the import licence
 948.1s [10月29日（週三） 上午 7:01]   ok  Year 8: the Regulation Wave
 951.3s [10月29日（週三） 上午 7:06]   ok  walked back outside
 954.6s [10月29日（週三） 上午 7:11]   ok  entered Bloom Coffee
 956.3s [10月29日（週三） 上午 7:14]   use "Read the news board"
 957.1s [10月29日（週三） 上午 7:19]   shot 70_news_regulation.png
 957.4s [10月29日（週三） 上午 7:19]   ok  read the news (regulation)
 960.4s [10月29日（週三） 上午 7:24]   ok  walked back outside
 963.5s [10月29日（週三） 上午 7:29]   ok  entered Riverside Tower
 963.6s [10月29日（週三） 上午 7:29]   (harness) wait 2 h
 965.7s [10月29日（週三） 上午 9:33]   ok  walked back outside
 979.7s [10月29日（週三） 上午 9:54]   use "捷運——河濱區站"
 980.6s [10月29日（週三） 上午 9:56]   shot 71_metro_civic_center.png
 980.6s [10月29日（週三） 上午 9:56]   click [Go_civic_center] 市政中心  ·  12 分鐘
 981.6s [10月29日（週三） 上午 10:09]   ok  took the Metro to Civic Center
 988.7s [10月29日（週三） 上午 10:20]   ok  entered Aurelia City Hall
 990.5s [10月29日（週三） 上午 10:23]   use "Permits & regulations"
 991.2s [10月29日（週三） 上午 10:24]   shot 72_permits_import_licence.png
 991.8s [10月29日（週三） 上午 10:25]   ok  the '!' badge for company_registration pins its card
 991.9s [10月29日（週三） 上午 10:25]   shot 73_badge_licence_pinned.png
 992.0s [10月29日（週三） 上午 10:25]   click [ApplyImportLicence] 申請（$450）
 992.7s [10月29日（週三） 上午 10:46]   shot 74_permits_licence_processing.png
 993.1s [10月29日（週三） 上午 10:46]   ok  import licence applied for
 996.0s [10月29日（週三） 上午 10:52]   ok  walked back outside
1001.6s [10月29日（週三） 上午 11:00]   use "捷運——市政中心站"
1002.6s [10月29日（週三） 上午 11:02]   shot 75_metro_riverside.png
1002.6s [10月29日（週三） 上午 11:02]   click [Go_riverside] 河濱區  ·  12 分鐘
1003.6s [10月29日（週三） 上午 11:15]   ok  took the Metro to Riverside
1012.7s [10月29日（週三） 上午 11:29]   ok  entered Riverside Tower
1012.8s [10月29日（週三） 下午 5:00]   toast: Riverlight Goods 咖啡 今天沒開門：吧台沒人顧。去僱一位咖啡師（人員分頁），或自己站吧台。
1014.7s [10月29日（週三） 下午 7:03]   use "Sleep"
1015.3s [10月29日（週三） 下午 7:03]   click [Sleep] Sleep until 7:00 AM
1017.3s [10月30日（週四） 下午 5:00]   toast: Riverlight Goods 咖啡 今天沒開門：吧台沒人顧。去僱一位咖啡師（人員分頁），或自己站吧台。
1017.5s [10月30日（週四） 下午 7:00]   use "Sleep"
1018.1s [10月30日（週四） 下午 7:00]   click [Sleep] Sleep until 7:00 AM
1020.3s [10月31日（週五） 下午 5:00]   toast: Riverlight Goods 咖啡 今天沒開門：吧台沒人顧。去僱一位咖啡師（人員分頁），或自己站吧台。
1020.5s [10月31日（週五） 下午 7:00]   use "Sleep"
1021.1s [10月31日（週五） 下午 7:00]   click [Sleep] Sleep until 7:00 AM
1024.5s [11月1日（週六） 上午 7:00]   shot 76_month_close_report.png
1024.5s [11月1日（週六） 上午 7:00]   click [month close] Continue
1025.1s [11月1日（週六） 上午 7:00]   ok  import licence granted
1025.1s [11月1日（週六） 上午 7:00] STEP Chapter 12 — a large import goes through KYC
1026.3s [11月1日（週六） 上午 7:02]   use "Use laptop — Company OS"
1026.9s [11月1日（週六） 上午 7:03]   click [Tab_operations] Operations
1027.6s [11月1日（週六） 上午 7:04]   click [DeliverTo_riverside_studio] 河濱大樓 7C
1028.2s [11月1日（週六） 上午 7:05]   click [Buy_lumina_direct_wireless_earbuds] 購買 $2,692.00
1029.1s [11月1日（週六） 上午 7:06]   shot 77_settlement_kyc.png
1029.1s [11月1日（週六） 上午 7:06]   click [Settle_letter_of_credit] Pay this way
1030.1s [11月1日（週六） 上午 7:08]   ok  the large payment carries a KYC check
1030.2s [11月1日（週六） 下午 5:00]   toast: Riverlight Goods 咖啡 今天沒開門：吧台沒人顧。去僱一位咖啡師（人員分頁），或自己站吧台。
1037.5s [11月1日（週六） 下午 7:11]   use "Sleep"
1038.1s [11月1日（週六） 下午 7:11]   click [Sleep] Sleep until 7:00 AM
1040.3s [11月2日（週日） 下午 7:00]   use "Sleep"
1040.9s [11月2日（週日） 下午 7:00]   click [Sleep] Sleep until 7:00 AM
1042.8s [11月3日（週一） 下午 5:00]   toast: Riverlight Goods 咖啡 今天沒開門：吧台沒人顧。去僱一位咖啡師（人員分頁），或自己站吧台。
1043.0s [11月3日（週一） 下午 7:00]   use "Sleep"
1043.6s [11月3日（週一） 下午 7:00]   click [Sleep] Sleep until 7:00 AM
1045.7s [11月4日（週二） 下午 5:00]   toast: Riverlight Goods 咖啡 今天沒開門：吧台沒人顧。去僱一位咖啡師（人員分頁），或自己站吧台。
1045.8s [11月4日（週二） 下午 7:00]   use "Sleep"
1046.4s [11月4日（週二） 下午 7:00]   click [Sleep] Sleep until 7:00 AM
1048.7s [11月5日（週三） 上午 7:01]   ok  KYC cleared
1049.8s [11月5日（週三） 上午 7:02]   use "Use laptop — Company OS"
1050.4s [11月5日（週三） 上午 7:03]   click [Tab_finance] Finance
1051.2s [11月5日（週三） 上午 7:04]   shot 78_finance_compliance_cost.png
1051.5s [11月5日（週三） 上午 7:05] STEP Chapter 12 — Victor Hale's offer
1051.6s [11月5日（週三） 上午 7:05]   (harness) wait 2 h
1052.3s [11月5日（週三） 上午 9:06]   (harness) wait 2 h
1055.8s [11月5日（週三） 上午 11:12]   ok  walked back outside
1069.7s [11月5日（週三） 上午 11:33]   use "捷運——河濱區站"
1070.7s [11月5日（週三） 上午 11:35]   shot 79_metro_shopping_street.png
1070.7s [11月5日（週三） 上午 11:35]   click [Go_shopping_street] 購物街  ·  15 分鐘
1071.7s [11月5日（週三） 上午 11:51]   ok  took the Metro to Shopping Street
1080.9s [11月5日（週三） 下午 12:04]   ok  entered Crestline Flagship
1081.5s [11月5日（週三） 下午 12:05]   use "和 Victor Hale 說話"
1082.7s [11月5日（週三） 下午 12:05]   shot 80_victor_offer.png
1090.2s [11月5日（週三） 下午 12:07]   ok  the '!' badge for valuation pins its card
1090.3s [11月5日（週三） 下午 12:07]   shot 81_badge_valuation_pinned.png
1090.5s [11月5日（週三） 下午 12:07]   shot 82_decision_acquisition_offer.png
1090.5s [11月5日（週三） 下午 12:07]   decision acquisition_offer → counter
1090.5s [11月5日（週三） 下午 12:07]   click [Choice_counter] 還價：開價 $113,261
1091.9s [11月5日（週三） 下午 12:07]   shot 83_decision_outcome_acquisition_offer.png
1092.0s [11月5日（週三） 下午 12:07]   click "OK"
1092.5s [11月5日（週三） 下午 12:07]   ok  countered Hale Group's offer
1093.8s [11月5日（週三） 下午 12:09]   shot 84_ending_card.png
1096.7s [11月5日（週三） 下午 12:14]   ok  Chapter 12 complete
1096.7s [11月5日（週三） 下午 12:14]   ok  the main story is complete
1096.7s [11月5日（週三） 下午 12:14]   ok  free play: the growth goal
1096.7s [11月5日（週三） 下午 12:14]   ok  ledger balanced after chapters 10–12
1098.5s [11月5日（週三） 下午 12:17]   ok  walked back outside
1105.7s [11月5日（週三） 下午 12:28]   use "捷運——購物街站"
1106.7s [11月5日（週三） 下午 12:29]   shot 85_metro_riverside.png
1106.7s [11月5日（週三） 下午 12:29]   click [Go_riverside] 河濱區  ·  15 分鐘
1107.8s [11月5日（週三） 下午 12:46]   ok  took the Metro to Riverside
1116.9s [11月5日（週三） 下午 1:00]   ok  entered Riverside Tower
1116.9s [11月5日（週三） 下午 1:00] STEP Save → reload → same state
1118.0s [11月5日（週三） 下午 1:01]   ok  cash restored after load
1118.0s [11月5日（週三） 下午 1:01]   ok  time restored after load
1118.0s [11月5日（週三） 下午 1:01]   ok  location restored (riverside_apartment)
1118.1s [11月5日（週三） 下午 1:01]   shot 86_after_load.png
1118.1s [11月5日（週三） 下午 1:01] STEP Summary
1118.1s [11月5日（週三） 下午 1:01]   business entity co_riverlight_goods cash $61,082.93 · personal $56,980.84 · orders delivered 1005 · chapters done ["ch1_arrival", "ch2_first_customer", "ch3_open_for_business", "ch4_growing_pains", "ch5_big_contract", "ch6_cash_is_oxygen", "ch7_supply_shock", "ch8_green_shift", "ch9_clearing_crisis", "ch10_digital_rails", "ch11_other_side_of_trust", "ch12_regulation_scale"]
1118.1s [11月5日（週三） 下午 1:01]   ok  ledger balanced at the end
1118.1s [11月5日（週三） 下午 1:01]   ok  story objective completed: ch1_phone
1118.1s [11月5日（週三） 下午 1:01]   ok  story objective completed: ch1_outside
1118.1s [11月5日（週三） 下午 1:01]   ok  story objective completed: ch1_coffee
1118.1s [11月5日（週三） 下午 1:01]   ok  story objective completed: ch1_cowork
1118.1s [11月5日（週三） 下午 1:01]   ok  story objective completed: ch1_board
1118.1s [11月5日（週三） 下午 1:01]   ok  story objective completed: ch2_supplier
1118.3s [11月5日（週三） 下午 1:01]   ok  story objective completed: ch2_stock
1118.3s [11月5日（週三） 下午 1:01]   ok  story objective completed: ch2_listing
1118.3s [11月5日（週三） 下午 1:01]   ok  story objective completed: ch2_order
1118.3s [11月5日（週三） 下午 1:01]   ok  story objective completed: ch2_ship
1118.4s [11月5日（週三） 下午 1:01]   ok  story objective completed: ch2_first_dollar
1118.4s [11月5日（週三） 下午 1:01]   ok  story objective completed: ch2_issue
1118.4s [11月5日（週三） 下午 1:01]   ok  story objective completed: ch3_register
1118.4s [11月5日（週三） 下午 1:01]   ok  story objective completed: ch3_bank
1118.4s [11月5日（週三） 下午 1:01]   ok  story objective completed: ch3_workspace
1118.4s [11月5日（週三） 下午 1:01]   ok  story objective completed: ch3_os
1118.4s [11月5日（週三） 下午 1:01]   ok  story objective completed: ch4_employer
1118.4s [11月5日（週三） 下午 1:01]   ok  story objective completed: ch4_post
1118.4s [11月5日（週三） 下午 1:01]   ok  story objective completed: ch4_hire
1118.4s [11月5日（週三） 下午 1:01]   ok  story objective completed: ch4_payroll
1118.6s [11月5日（週三） 下午 1:01]   ok  story objective completed: ch4_forecast
1118.6s [11月5日（週三） 下午 1:01]   ok  story objective completed: ch5_meet
1118.6s [11月5日（週三） 下午 1:01]   ok  story objective completed: ch5_decide
1118.6s [11月5日（週三） 下午 1:01]   ok  story objective completed: ch5_stock
1118.7s [11月5日（週三） 下午 1:01]   ok  story objective completed: ch5_deliver
1118.7s [11月5日（週三） 下午 1:01]   ok  story objective completed: ch6_forecast
1118.7s [11月5日（週三） 下午 1:01]   ok  story objective completed: ch6_bridge
1118.7s [11月5日（週三） 下午 1:01]   ok  story objective completed: ch6_collect
1118.7s [11月5日（週三） 下午 1:01]   ok  story objective completed: ch6_close
1118.7s [11月5日（週三） 下午 1:01]   ok  story objective completed: ch7_news
1118.7s [11月5日（週三） 下午 1:01]   ok  story objective completed: ch7_ken
1118.8s [11月5日（週三） 下午 1:01]   ok  story objective completed: ch7_stock
1118.8s [11月5日（週三） 下午 1:01]   ok  story objective completed: ch7_price
1118.8s [11月5日（週三） 下午 1:01]   ok  story objective completed: ch7_close
1118.8s [11月5日（週三） 下午 1:01]   ok  story objective completed: ch8_news
1118.8s [11月5日（週三） 下午 1:01]   ok  story objective completed: ch8_pack
1118.8s [11月5日（週三） 下午 1:01]   ok  story objective completed: ch8_product
1118.8s [11月5日（週三） 下午 1:01]   ok  story objective completed: ch8_grant
1118.8s [11月5日（週三） 下午 1:01]   ok  story objective completed: ch9_news
1118.8s [11月5日（週三） 下午 1:01]   ok  story objective completed: ch9_import
1119.0s [11月5日（週三） 下午 1:01]   ok  story objective completed: ch9_lina
1119.0s [11月5日（週三） 下午 1:01]   ok  story objective completed: ch9_settle
1119.0s [11月5日（週三） 下午 1:01]   ok  story objective completed: ch9_arrive
1119.0s [11月5日（週三） 下午 1:01]   ok  story objective completed: ch10_news
1119.0s [11月5日（週三） 下午 1:01]   ok  story objective completed: ch10_lina
1119.0s [11月5日（週三） 下午 1:01]   ok  story objective completed: ch10_import
1119.0s [11月5日（週三） 下午 1:01]   ok  story objective completed: ch10_arrive
1119.0s [11月5日（週三） 下午 1:01]   ok  story objective completed: ch11_news
1119.0s [11月5日（週三） 下午 1:01]   ok  story objective completed: ch11_order
1119.2s [11月5日（週三） 下午 1:01]   ok  story objective completed: ch11_freeze
1119.2s [11月5日（週三） 下午 1:01]   ok  story objective completed: ch11_restock
1119.2s [11月5日（週三） 下午 1:01]   ok  story objective completed: ch12_news
1119.2s [11月5日（週三） 下午 1:01]   ok  story objective completed: ch12_licence
1119.2s [11月5日（週三） 下午 1:01]   ok  story objective completed: ch12_kyc
1119.2s [11月5日（週三） 下午 1:01]   ok  story objective completed: ch12_offer
1119.3s [6月1日（週日） 下午 2:00] STEP (harness) skip to Chapter 10
1120.7s [6月1日（週日） 下午 2:02] STEP Industrial — factory lease, machine, technician and first OEM invoice
1124.1s [6月1日（週日） 下午 2:08]   ok  walked back outside
1138.1s [6月1日（週日） 下午 2:29]   use "捷運——河濱區站"
1139.0s [6月1日（週日） 下午 2:30]   shot 87_metro_industrial.png
1139.1s [6月1日（週日） 下午 2:30]   click [Go_industrial] 工業區  ·  14 分鐘
1140.1s [6月1日（週日） 下午 2:46]   ok  took the Metro to Industrial
1140.2s [6月1日（週日） 下午 2:46]   shot 88_industrial_day.png
1151.8s [6月1日（週日） 下午 3:03]   ok  entered Unit 12 Light Industrial
1154.9s [6月1日（週日） 下午 3:08]   use "Lease Unit 12"
1155.0s [6月1日（週日） 下午 3:08]   click [SignLease_unit12_factory] Sign the lease
1155.5s [6月1日（週日） 下午 3:09]   ok  factory lease signed with actual company funds
1155.7s [6月1日（週日） 下午 3:09]   shot 89_factory_interior.png
1156.4s [6月1日（週日） 下午 3:10]   use "Open Line Planner"
1156.5s [6月1日（週日） 下午 3:10]   click [OpenFactory] Open the factory
1156.7s [6月1日（週日） 下午 3:11]   click [RentMachine] Rent machine · $1,400/month
1156.8s [6月1日（週日） 下午 3:11]   click [HireTomas] Hire Tomas · $1,100/week
1157.0s [6月1日（週日） 下午 3:11]   ok  hired a production technician
1157.0s [6月1日（週日） 下午 3:11]   click [Quote_RFQ-1] Send quote
1157.1s [6月1日（週日） 下午 3:11]   ok  OEM quote became a Jobs contract with deposit
1157.1s [6月1日（週日） 下午 3:11]   click [MaterialMore] +100 units
1157.3s [6月1日（週日） 下午 3:11]   click [MaterialMore] +100 units
1157.4s [6月1日（週日） 下午 3:12]   click [MaterialMore] +100 units
1157.6s [6月1日（週日） 下午 3:12]   click [MaterialMore] +100 units
1157.7s [6月1日（週日） 下午 3:12]   click [MaterialMore] +100 units
1157.9s [6月1日（週日） 下午 3:12]   click [MaterialMore] +100 units
1158.0s [6月1日（週日） 下午 3:13]   click [MaterialMore] +100 units
1158.2s [6月1日（週日） 下午 3:13]   click [MaterialMore] +100 units
1158.3s [6月1日（週日） 下午 3:13]   click [MaterialMore] +100 units
1158.5s [6月1日（週日） 下午 3:13]   click [MaterialMore] +100 units
1158.6s [6月1日（週日） 下午 3:13]   click [BuyMaterials] Order Ferro materials
1160.3s [6月3日（週二） 下午 3:15]   use "Open Line Planner"
1160.4s [6月3日（週二） 下午 3:15]   click [Select_JOB-1] Schedule this order
1160.6s [6月3日（週二） 下午 3:15]   click [FactoryOvertime] ✗ 加班 · 工資 ×1.5、良率降低 2 個百分點
1160.7s [6月3日（週二） 下午 3:16]   click [More_hours] +
1160.9s [6月3日（週二） 下午 3:16]   click [More_hours] +
1161.0s [6月3日（週二） 下午 3:16]   click [More_hours] +
1161.2s [6月3日（週二） 下午 3:16]   click [More_hours] +
1161.3s [6月3日（週二） 下午 3:16]   click [More_hours] +
1161.5s [6月3日（週二） 下午 3:17]   click [More_hours] +
1161.6s [6月3日（週二） 下午 3:17]   click [More_hours] +
1161.8s [6月3日（週二） 下午 3:17]   click [More_hours] +
1162.0s [6月3日（週二） 下午 3:17]   shot 90_line_planner.png
1162.0s [6月3日（週二） 下午 3:17]   click [ReserveSlot] Reserve production slot
1162.9s [6月5日（週四） 上午 1:01]   use "Open Line Planner"
1163.1s [6月5日（週四） 上午 1:01]   click [Deliver_JOB-1] Deliver and invoice
1163.2s [6月5日（週四） 上午 1:01]   ok  first factory revenue has a completed traceable order
1163.2s [6月5日（週四） 上午 1:01]   click [FactoryTab_quality] Quality results
1163.4s [6月5日（週四） 上午 1:01]   shot 91_factory_quality.png
1163.4s [6月5日（週四） 上午 1:01]   ok  OEM material, overtime, invoice and return journals balanced
1168.1s [6月5日（週四） 上午 1:10]   ok  walked back outside
1168.5s [6月5日（週四） 下午 9:00]   shot 92_industrial_night.png
1168.8s [6月5日（週四） 下午 9:00]   shot 93_decision_manufacturing_recall.png
1168.8s [6月5日（週四） 下午 9:00]   decision manufacturing_recall → recall
1168.8s [6月5日（週四） 下午 9:00]   click [Choice_recall] 為受影響批次退款
1170.2s [6月5日（週四） 下午 9:00]   shot 94_decision_outcome_manufacturing_recall.png
1170.2s [6月5日（週四） 下午 9:00]   click "OK"
1180.8s [6月5日（週四） 下午 9:15]   use "捷運——工業區站"
1181.8s [6月5日（週四） 下午 9:17]   shot 95_metro_riverside.png
1181.8s [6月5日（週四） 下午 9:17]   click [Go_riverside] 河濱區  ·  14 分鐘
1182.8s [6月5日（週四） 下午 9:32]   ok  took the Metro to Riverside
1191.9s [6月5日（週四） 下午 9:46]   ok  entered Riverside Tower
1191.9s [6月5日（週四） 下午 9:46] STEP Save → reload → same state
1192.9s [6月5日（週四） 下午 9:48]   ok  cash restored after load
1192.9s [6月5日（週四） 下午 9:48]   ok  time restored after load
1192.9s [6月5日（週四） 下午 9:48]   ok  location restored (riverside_apartment)
1193.1s [6月5日（週四） 下午 9:48]   shot 96_after_load.png
1193.2s [6月1日（週日） 下午 2:00] STEP (harness) skip to Chapter 10
1194.6s [6月1日（週日） 下午 2:02] STEP Residential — licence, brokerage office, client match and first commission
1198.3s [6月3日（週二） 上午 10:06]   ok  walked back outside
1212.3s [6月3日（週二） 上午 10:27]   use "捷運——河濱區站"
1213.2s [6月3日（週二） 上午 10:29]   shot 97_metro_civic_center.png
1213.2s [6月3日（週二） 上午 10:29]   click [Go_civic_center] 市政中心  ·  12 分鐘
1214.2s [6月3日（週二） 上午 10:42]   ok  took the Metro to Civic Center
1221.3s [6月3日（週二） 上午 10:53]   ok  entered Aurelia City Hall
1223.1s [6月3日（週二） 上午 10:56]   use "Permits & regulations"
1223.2s [6月3日（週二） 上午 10:56]   click [PropertyPermits] Property permits
1223.3s [6月3日（週二） 上午 10:56]   click [ApplyRealtyPermit_brokerage] 申請：$250.00 · 3 天
1224.8s [6月6日（週五） 上午 10:58]   ok  brokerage licence followed City Hall fee and three-day process
1227.8s [6月6日（週五） 上午 11:03]   ok  walked back outside
1233.4s [6月6日（週五） 上午 11:11]   use "捷運——市政中心站"
1234.3s [6月6日（週五） 上午 11:13]   shot 98_metro_residential.png
1234.3s [6月6日（週五） 上午 11:13]   click [Go_residential] 住宅區  ·  32 分鐘
1235.4s [6月6日（週五） 上午 11:46]   ok  took the Metro to Residential
1235.4s [6月6日（週五） 上午 11:46]   shot 99_residential_day.png
1241.0s [6月6日（週五） 上午 11:54]   ok  entered Harlow & Finch Realty
1241.4s [6月6日（週五） 上午 11:55]   use "Lease the brokerage office"
1241.5s [6月6日（週五） 上午 11:55]   click [SignLease_realty_office] Sign the lease
1242.8s [6月6日（週五） 上午 11:57]   use "Open Matchmaker"
1242.9s [6月6日（週五） 上午 11:57]   click [OpenBrokerage] Open the brokerage
1243.1s [6月6日（週五） 上午 11:57]   shot 100_matchmaker.png
1243.6s [6月6日（週五） 上午 11:58]   use "Open Matchmaker"
1243.7s [6月6日（週五） 上午 11:58]   click [Mandate_M-1] 選擇物件
1243.9s [6月6日（週五） 上午 11:59]   click [Client_C-4] 選擇客戶
1244.0s [6月6日（週五） 上午 11:59]   click [Negotiate_soft] 柔性議價
1244.2s [6月6日（週五） 上午 11:59]   click [ArrangeViewing] 安排帶看：$180.00 · 90 分鐘
1244.9s [6月6日（週五） 下午 1:30]   use "Open Matchmaker"
1245.0s [6月6日（週五） 下午 1:30]   click [Mandate_M-2] 選擇物件
1245.2s [6月6日（週五） 下午 1:31]   click [Client_C-3] 選擇客戶
1245.3s [6月6日（週五） 下午 1:31]   click [Negotiate_soft] 柔性議價
1245.5s [6月6日（週五） 下午 1:31]   click [ArrangeViewing] 安排帶看：$180.00 · 90 分鐘
1246.3s [6月6日（週五） 下午 3:02]   use "Open Matchmaker"
1246.4s [6月6日（週五） 下午 3:02]   click [Mandate_M-2] 選擇物件
1246.5s [6月6日（週五） 下午 3:03]   click [Client_C-5] 選擇客戶
1246.7s [6月6日（週五） 下午 3:03]   click [Negotiate_soft] 柔性議價
1246.8s [6月6日（週五） 下午 3:03]   click [ArrangeViewing] 安排帶看：$180.00 · 90 分鐘
1248.7s [6月13日（週五） 下午 4:34]   shot 101_decision_real_estate_arrears.png
1248.7s [6月13日（週五） 下午 4:34]   decision real_estate_arrears → respond
1248.7s [6月13日（週五） 下午 4:34]   click [Choice_respond] 檢視物件並處理
1250.1s [6月13日（週五） 下午 4:34]   shot 102_decision_outcome_real_estate_arrears.png
1250.1s [6月13日（週五） 下午 4:34]   click "OK"
1250.7s [6月13日（週五） 下午 4:34]   use "Open Matchmaker"
1250.8s [6月13日（週五） 下午 4:35]   click [Mandate_M-7] 選擇物件
1251.0s [6月13日（週五） 下午 4:35]   click [Client_C-8] 選擇客戶
1251.1s [6月13日（週五） 下午 4:35]   click [Negotiate_soft] 柔性議價
1251.3s [6月13日（週五） 下午 4:35]   click [ArrangeViewing] 安排帶看：$180.00 · 90 分鐘
1252.1s [6月13日（週五） 下午 6:06]   use "Open Matchmaker"
1252.2s [6月13日（週五） 下午 6:07]   click [Mandate_M-7] 選擇物件
1252.3s [6月13日（週五） 下午 6:07]   click [Client_C-10] 選擇客戶
1252.5s [6月13日（週五） 下午 6:07]   click [Negotiate_soft] 柔性議價
1252.6s [6月13日（週五） 下午 6:07]   click [ArrangeViewing] 安排帶看：$180.00 · 90 分鐘
1253.2s [6月13日（週五） 下午 7:38]   ok  first brokerage income from a real client deal
1253.2s [6月13日（週五） 下午 7:38]   ok  viewing and commission ledger balanced
1253.4s [6月13日（週五） 下午 7:38]   use "Open Matchmaker"
1253.5s [6月13日（週五） 下午 7:39]   click [RealtyTab_properties] Properties
1253.7s [6月13日（週五） 下午 7:39]   shot 103_property_management.png
1256.2s [6月13日（週五） 下午 7:44]   ok  walked back outside
1260.0s [6月13日（週五） 下午 7:49]   use "捷運——住宅區站"
1261.0s [6月13日（週五） 下午 7:51]   shot 104_metro_riverside.png
1261.0s [6月13日（週五） 下午 7:51]   click [Go_riverside] 河濱區  ·  19 分鐘
1262.0s [6月13日（週五） 下午 8:11]   ok  took the Metro to Riverside
1271.1s [6月13日（週五） 下午 8:25]   ok  entered Riverside Tower
1271.1s [6月13日（週五） 下午 8:25] STEP Save → reload → same state
1272.1s [6月13日（週五） 下午 8:26]   ok  cash restored after load
1272.1s [6月13日（週五） 下午 8:26]   ok  time restored after load
1272.1s [6月13日（週五） 下午 8:26]   ok  location restored (riverside_apartment)
1272.2s [6月13日（週五） 下午 8:26]   shot 105_after_load.png
1272.3s [6月1日（週日） 下午 2:00] STEP (harness) skip to Chapter 10
1273.8s [6月1日（週日） 下午 2:02] STEP University — lease studio, creative pitch, media mix and first client invoice
1277.2s [6月1日（週日） 下午 2:08]   ok  walked back outside
1291.2s [6月1日（週日） 下午 2:29]   use "捷運——河濱區站"
1292.1s [6月1日（週日） 下午 2:30]   shot 106_metro_university.png
1292.1s [6月1日（週日） 下午 2:30]   click [Go_university] 大學城  ·  13 分鐘
1293.1s [6月1日（週日） 下午 2:45]   ok  took the Metro to University
1293.2s [6月1日（週日） 下午 2:45]   shot 107_university_day.png
1301.1s [6月1日（週日） 下午 2:57]   ok  entered The Loft
1301.4s [6月1日（週日） 下午 2:57]   use "Lease The Loft studio"
1301.5s [6月1日（週日） 下午 2:58]   click [SignLease_loft_office] Sign the lease
1302.8s [6月1日（週日） 下午 3:00]   use "Open Campaign Mixer"
1302.9s [6月1日（週日） 下午 3:00]   click [OpenAgency] Open the campaign studio
1303.7s [6月1日（週日） 下午 3:01]   use "Open Campaign Mixer"
1303.8s [6月1日（週日） 下午 3:01]   click [CreativePitch_JOB-1] Build Creative Pitch
1304.3s [6月1日（週日） 下午 3:01]   click [StartGame] Start
1304.4s [6月1日（週日） 下午 3:01]   click [CreativeCard_slogan_2] Care for every home
1304.5s [6月1日（週日） 下午 3:01]   click [CreativeCard_visual_3] Minimal luxury
1304.6s [6月1日（週日） 下午 3:01]   click [CreativeCard_tone_2] Reassuring
1304.8s [6月1日（週日） 下午 3:01]   shot 108_creative_pitch_result.png
1304.8s [6月1日（週日） 下午 3:01]   click [FinishGame] Continue
1304.8s [6月1日（週日） 下午 5:01]   click [Propose_JOB-1] 提出提案 · $280 · 180 分鐘
1305.6s [6月1日（週日） 下午 8:02]   use "Open Campaign Mixer"
1305.7s [6月1日（週日） 下午 8:02]   click [CreativePitch_JOB-2] Build Creative Pitch
1306.2s [6月1日（週日） 下午 8:02]   click [StartGame] Start
1306.3s [6月1日（週日） 下午 8:02]   click [CreativeCard_slogan_1] Make work easier
1306.4s [6月1日（週日） 下午 8:02]   click [CreativeCard_visual_3] Minimal luxury
1306.5s [6月1日（週日） 下午 8:02]   click [CreativeCard_tone_3] Refined
1306.7s [6月1日（週日） 下午 8:02]   shot 109_creative_pitch_result.png
1306.7s [6月1日（週日） 下午 8:02]   click [FinishGame] Continue
1306.7s [6月1日（週日） 下午 10:02]   click [Propose_JOB-2] 提出提案 · $280 · 180 分鐘
1307.3s [6月2日（週一） 上午 1:02]   ok  actual creative cards and proposal win a client job
1307.5s [6月2日（週一） 上午 1:03]   use "Open Campaign Mixer"
1307.6s [6月2日（週一） 上午 1:03]   click [MediaTab_mixer] Media mix
1307.7s [6月2日（週一） 上午 1:03]   click [SelectCampaign_JOB-2] Finch Families
1307.9s [6月2日（週一） 上午 1:03]   click [MixMore_radio] +
1308.1s [6月2日（週一） 上午 1:03]   shot 110_campaign_mixer.png
1310.7s [6月16日（週一） 上午 1:04]   ok  daily campaign finishes actual client work
1310.7s [6月16日（週一） 上午 1:04]   ok  first agency income is a traceable Jobs invoice
1310.7s [6月16日（週一） 上午 1:04]   ok  campaign costs and invoice balance
1310.9s [6月16日（週一） 上午 1:05]   use "Open Campaign Mixer"
1311.0s [6月16日（週一） 上午 1:05]   click [MediaTab_reports] Campaign reports
1311.1s [6月16日（週一） 上午 1:05]   shot 111_campaign_report.png
1313.7s [6月16日（週一） 上午 1:10]   ok  walked back outside
1320.1s [6月16日（週一） 上午 1:20]   use "捷運——大學區站"
1321.1s [6月16日（週一） 上午 1:21]   shot 112_metro_riverside.png
1321.1s [6月16日（週一） 上午 1:21]   click [Go_riverside] 河濱區  ·  13 分鐘
1322.1s [6月16日（週一） 上午 1:36]   ok  took the Metro to Riverside
1331.3s [6月16日（週一） 上午 1:49]   ok  entered Riverside Tower
1331.3s [6月16日（週一） 上午 1:49] STEP Save → reload → same state
1332.3s [6月16日（週一） 上午 1:51]   ok  cash restored after load
1332.3s [6月16日（週一） 上午 1:51]   ok  time restored after load
1332.3s [6月16日（週一） 上午 1:51]   ok  location restored (riverside_apartment)
1332.5s [6月16日（週一） 上午 1:51]   shot 113_after_load.png
1332.6s [6月1日（週日） 下午 2:00] STEP (harness) skip to Chapter 10
1334.0s [6月1日（週日） 下午 2:02] STEP Luxury Heights — take over the Aster Inn, set the Rate Board, staff up and sell the first nights
1337.4s [6月1日（週日） 下午 2:08]   ok  walked back outside
1351.4s [6月1日（週日） 下午 2:29]   use "捷運——河濱區站"
1352.5s [6月1日（週日） 下午 2:31]   shot 114_metro_luxury_heights.png
1352.6s [6月1日（週日） 下午 2:31]   click [Go_luxury_heights] 豪景高地  ·  18 分鐘
1353.6s [6月1日（週日） 下午 2:50]   ok  took the Metro to Luxury Heights
1353.8s [6月1日（週日） 下午 2:50]   shot 115_luxury_heights_day.png
1365.5s [6月1日（週日） 下午 3:08]   ok  entered The Aster
1366.3s [6月1日（週日） 下午 3:09]   use "Open the Rate Board"
1366.4s [6月1日（週日） 下午 3:09]   click [TakeoverAster] 頂下 Aster 小旅館 · $150,000
1366.6s [6月1日（週日） 下午 3:10]   ok  actual takeover opens the 12-room Aster Inn
1366.7s [6月1日（週日） 下午 3:10]   shot 116_rate_board.png
1366.7s [6月1日（週日） 下午 3:10]   click [Price_standard_10] +$10
1366.8s [6月1日（週日） 下午 3:10]   click [BoardNextOps] Next: daily operations
1367.0s [6月1日（週日） 下午 3:10]   shot 117_hotel_operations.png
1369.5s [6月13日（週五） 下午 9:11]   shot 118_decision_hotel_event_cancelled.png
1369.5s [6月13日（週五） 下午 9:11]   decision hotel_event_cancelled → promo
1369.5s [6月13日（週五） 下午 9:11]   click [Choice_promo] 推出 $1,200 的限時特賣
1370.9s [6月13日（週五） 下午 9:11]   shot 119_decision_outcome_hotel_event_cancelled.png
1370.9s [6月13日（週五） 下午 9:11]   click "OK"
1371.4s [6月13日（週五） 下午 9:11]   ok  night audits sell rooms and book room revenue
1371.4s [6月13日（週五） 下午 9:11]   ok  hotel books balance
1371.5s [6月13日（週五） 下午 9:11]   use "Open the Rate Board"
1371.7s [6月13日（週五） 下午 9:12]   click [HotelTab_reviews] Guest reviews
1371.8s [6月13日（週五） 下午 9:12]   shot 120_guest_reviews.png
1371.8s [6月1日（週日） 下午 2:00] STEP (harness) skip to Chapter 10
1373.2s [6月1日（週日） 下午 2:02] STEP Industrial - lease warehouse, Roof Survey, subsidy, install and first solar invoice
1376.7s [6月1日（週日） 下午 2:08]   ok  walked back outside
1390.6s [6月1日（週日） 下午 2:29]   use "捷運——河濱區站"
1391.6s [6月1日（週日） 下午 2:30]   shot 121_metro_industrial.png
1391.6s [6月1日（週日） 下午 2:30]   click [Go_industrial] 工業區  ·  14 分鐘
1392.6s [6月1日（週日） 下午 2:46]   ok  took the Metro to Industrial
1392.6s [6月1日（週日） 下午 2:46]   shot 122_industrial_energy_day.png
1398.0s [6月1日（週日） 下午 2:54]   ok  entered Helio Warehouse Office
1401.1s [6月1日（週日） 下午 2:59]   use "Lease the Helio warehouse office"
1401.2s [6月1日（週日） 下午 2:59]   click [SignLease_helio_warehouse] Sign the lease
1402.6s [6月1日（週日） 下午 3:01]   use "Open Energy Console"
1402.7s [6月1日（週日） 下午 3:01]   click [OpenEnergy] 開辦太陽能事業
1403.5s [6月1日（週日） 下午 3:02]   use "Open Energy Console"
1403.6s [6月1日（週日） 下午 3:02]   click [Survey_ROOF-1] 勘查這個屋頂
1403.7s [6月1日（週日） 下午 3:03]   click [AutoLayout] 自動擺放最佳位置
1403.9s [6月1日（週日） 下午 3:03]   shot 123_roof_survey.png
1403.9s [6月1日（週日） 下午 3:03]   click [SendQuote] 送出報價 · $15,632
1404.4s [6月1日（週日） 下午 3:49]   ok  actual Roof Survey quote wins a client job
1404.6s [6月1日（週日） 下午 3:49]   use "Open Energy Console"
1404.7s [6月1日（週日） 下午 3:49]   click [EnergyTab_installs] Installs & warranty
1404.8s [6月1日（週日） 下午 3:49]   click [StartInstall_JOB-1] 訂購材料並開工 · $11,880
1412.0s [7月1日（週二） 下午 3:50]   shot 124_month_close_report.png
1412.0s [7月1日（週二） 下午 3:50]   click [month close] Continue
1412.6s [7月1日（週二） 下午 3:50]   shot 125_decision_energy_shortage.png
1412.6s [7月1日（週二） 下午 3:50]   decision energy_shortage → premium
1412.6s [7月1日（週二） 下午 3:50]   click [Choice_premium] 付 Helio 優先配額費
1414.0s [7月1日（週二） 下午 3:50]   shot 126_decision_outcome_energy_shortage.png
1414.0s [7月1日（週二） 下午 3:50]   click "OK"
1414.5s [7月1日（週二） 下午 3:50]   ok  crew-days finish the install
1414.6s [7月1日（週二） 下午 3:50]   ok  first solar income is a traceable Jobs invoice
1414.6s [7月1日（週二） 下午 3:50]   ok  materials, install and invoice balance
1414.7s [7月1日（週二） 下午 3:51]   use "Open Energy Console"
1414.8s [7月1日（週二） 下午 3:51]   click [EnergyTab_installs] Installs & warranty
1415.0s [7月1日（週二） 下午 3:51]   shot 127_energy_installs.png
1419.7s [7月1日（週二） 下午 3:59]   ok  walked back outside
1423.7s [7月1日（週二） 下午 4:05]   use "捷運——工業區站"
1424.7s [7月1日（週二） 下午 4:06]   shot 128_metro_riverside.png
1424.7s [7月1日（週二） 下午 4:06]   click [Go_riverside] 河濱區  ·  14 分鐘
1425.7s [7月1日（週二） 下午 4:22]   ok  took the Metro to Riverside
1434.8s [7月1日（週二） 下午 4:36]   ok  entered Riverside Tower
1435.5s [6月1日（週日） 下午 2:00] STEP (harness) skip to Chapter 10
1436.2s [6月1日（週日） 下午 2:01] STEP Airport - open the auto desk, win a Wednesday auction car, recondition, list and sell it
1439.6s [6月1日（週日） 下午 2:07]   ok  walked back outside
1453.6s [6月1日（週日） 下午 2:28]   use "捷運——河濱區站"
1454.5s [6月1日（週日） 下午 2:29]   shot 129_metro_airport.png
1454.5s [6月1日（週日） 下午 2:29]   click [Go_airport] 國際機場  ·  24 分鐘
1455.5s [6月1日（週日） 下午 2:55]   ok  took the Metro to Airport
1455.6s [6月1日（週日） 下午 2:55]   shot 130_airport_day.png
1464.7s [6月1日（週日） 下午 3:09]   ok  entered Gateway Car Rental
1465.5s [6月1日（週日） 下午 3:10]   use "Open the fleet desk"
1465.6s [6月1日（週日） 下午 3:10]   click [OpenAutoDesk] 開設汽車櫃台 · 執照費 $400
1465.8s [6月1日（週日） 下午 3:10]   ok  actual licence opens the auto desk
1466.3s [6月4日（週三） 上午 10:00]   shot 131_auction_lots.png
1469.7s [6月25日（週三） 上午 10:00]   ok  auto books balance
1469.7s [6月25日（週三） 上午 10:00] STEP Save → reload → same state
1470.6s [6月25日（週三） 上午 10:02]   ok  cash restored after load
1470.6s [6月25日（週三） 上午 10:02]   ok  time restored after load
1470.6s [6月25日（週三） 上午 10:02]   ok  location restored (gateway_car_rental)
1470.6s [6月25日（週三） 上午 10:02]   shot 132_after_load.png
1471.6s [6月1日（週日） 下午 2:01]   click [ToggleWalkingRoutes] Walking routes
1472.2s [6月1日（週日） 下午 2:02]   ok  actual button opens walking diagram
1472.2s [6月1日（週日） 下午 2:02]   shot 133_city_walking_connections.png
1472.2s [6月1日（週日） 下午 2:02]   ok  Euler circuit includes every directed walking link
1472.2s [6月1日（週日） 下午 2:02] STEP Walking riverside > startup_hub
1472.8s [6月1日（週日） 下午 2:03]   shot 134_exit_sign_E_riverside.png
1473.9s [6月1日（週日） 下午 2:17]   ok  actual walking transition to startup_hub
1474.4s [6月1日（週日） 下午 2:18]   ok  arrival does not retrigger a return
1474.4s [6月1日（週日） 下午 2:18] STEP Walking startup_hub > riverside
1475.1s [6月1日（週日） 下午 2:18]   shot 135_exit_sign_W_startup_hub.png
1476.2s [6月1日（週日） 下午 2:32]   ok  actual walking transition to riverside
1476.7s [6月1日（週日） 下午 2:33]   ok  arrival does not retrigger a return
1476.7s [6月1日（週日） 下午 2:33] STEP Walking riverside > civic_center
1479.8s [6月1日（週日） 下午 2:37]   shot 136_exit_sign_N_riverside.png
1480.9s [6月1日（週日） 下午 2:50]   ok  actual walking transition to civic_center
1481.4s [6月1日（週日） 下午 2:51]   ok  arrival does not retrigger a return
1481.4s [6月1日（週日） 下午 2:51] STEP Walking civic_center > riverside
1482.0s [6月1日（週日） 下午 2:52]   shot 137_exit_sign_S_civic_center.png
1483.2s [6月1日（週日） 下午 3:05]   ok  actual walking transition to riverside
1483.7s [6月1日（週日） 下午 3:05]   ok  arrival does not retrigger a return
1483.7s [6月1日（週日） 下午 3:05] STEP Walking riverside > financial
1485.7s [6月1日（週日） 下午 3:17]   ok  actual walking transition to financial
1486.2s [6月1日（週日） 下午 3:18]   ok  arrival does not retrigger a return
1486.2s [6月1日（週日） 下午 3:18] STEP Walking financial > riverside
1487.9s [6月1日（週日） 下午 3:30]   ok  actual walking transition to riverside
1488.4s [6月1日（週日） 下午 3:30]   ok  arrival does not retrigger a return
1488.4s [6月1日（週日） 下午 3:30] STEP Walking riverside > harbor
1509.4s [6月1日（週日） 下午 4:09]   ok  actual walking transition to harbor
1509.9s [6月1日（週日） 下午 4:09]   ok  arrival does not retrigger a return
1509.9s [6月1日（週日） 下午 4:09] STEP Walking harbor > financial
1514.1s [6月1日（週日） 下午 4:28]   ok  actual walking transition to financial
1514.6s [6月1日（週日） 下午 4:29]   ok  arrival does not retrigger a return
1514.6s [6月1日（週日） 下午 4:29] STEP Walking financial > civic_center
1518.9s [6月1日（週日） 下午 4:44]   ok  actual walking transition to civic_center
1519.4s [6月1日（週日） 下午 4:45]   ok  arrival does not retrigger a return
1519.4s [6月1日（週日） 下午 4:45] STEP Walking civic_center > startup_hub
1533.4s [6月1日（週日） 下午 5:17]   ok  actual walking transition to startup_hub
1533.9s [6月1日（週日） 下午 5:18]   ok  arrival does not retrigger a return
1533.9s [6月1日（週日） 下午 5:18] STEP Walking startup_hub > civic_center
1535.6s [6月1日（週日） 下午 5:31]   ok  actual walking transition to civic_center
1536.1s [6月1日（週日） 下午 5:32]   ok  arrival does not retrigger a return
1536.1s [6月1日（週日） 下午 5:32] STEP Walking civic_center > financial
1550.1s [6月1日（週日） 下午 6:02]   ok  actual walking transition to financial
1550.6s [6月1日（週日） 下午 6:02]   ok  arrival does not retrigger a return
1550.6s [6月1日（週日） 下午 6:02] STEP Walking financial > harbor
1554.7s [6月1日（週日） 下午 6:21]   ok  actual walking transition to harbor
1555.2s [6月1日（週日） 下午 6:21]   ok  arrival does not retrigger a return
1555.2s [6月1日（週日） 下午 6:21] STEP Walking harbor > shopping_street
1574.4s [6月1日（週日） 下午 7:07]   ok  actual walking transition to shopping_street
1574.9s [6月1日（週日） 下午 7:08]   ok  arrival does not retrigger a return
1574.9s [6月1日（週日） 下午 7:08] STEP Walking shopping_street > residential
1579.1s [6月1日（週日） 下午 7:22]   ok  actual walking transition to residential
1579.6s [6月1日（週日） 下午 7:23]   ok  arrival does not retrigger a return
1579.6s [6月1日（週日） 下午 7:23] STEP Walking residential > shopping_street
1581.3s [6月1日（週日） 下午 7:34]   ok  actual walking transition to shopping_street
1581.8s [6月1日（週日） 下午 7:34]   ok  arrival does not retrigger a return
1581.8s [6月1日（週日） 下午 7:34] STEP Walking shopping_street > old_town
1587.0s [6月1日（週日） 下午 7:52]   ok  actual walking transition to old_town
1587.5s [6月1日（週日） 下午 7:53]   ok  arrival does not retrigger a return
1587.5s [6月1日（週日） 下午 7:53] STEP Walking old_town > financial
1602.6s [6月1日（週日） 下午 8:22]   ok  actual walking transition to financial
1603.1s [6月1日（週日） 下午 8:23]   ok  arrival does not retrigger a return
1603.1s [6月1日（週日） 下午 8:23] STEP Walking financial > luxury_heights
1618.0s [6月1日（週日） 下午 8:56]   ok  actual walking transition to luxury_heights
1618.5s [6月1日（週日） 下午 8:56]   ok  arrival does not retrigger a return
1618.5s [6月1日（週日） 下午 8:56] STEP Walking luxury_heights > civic_center
1620.6s [6月1日（週日） 下午 9:08]   ok  actual walking transition to civic_center
1621.1s [6月1日（週日） 下午 9:09]   ok  arrival does not retrigger a return
1621.1s [6月1日（週日） 下午 9:09] STEP Walking civic_center > airport
1626.2s [6月1日（週日） 下午 9:31]   ok  actual walking transition to airport
1626.7s [6月1日（週日） 下午 9:32]   ok  arrival does not retrigger a return
1626.7s [6月1日（週日） 下午 9:32] STEP Walking airport > university
1646.3s [6月1日（週日） 下午 10:09]   ok  actual walking transition to university
1646.8s [6月1日（週日） 下午 10:10]   ok  arrival does not retrigger a return
1646.8s [6月1日（週日） 下午 10:10] STEP Walking university > startup_hub
1667.3s [6月1日（週日） 下午 10:49]   ok  actual walking transition to startup_hub
1667.8s [6月1日（週日） 下午 10:50]   ok  arrival does not retrigger a return
1667.8s [6月1日（週日） 下午 10:50] STEP Walking startup_hub > university
1669.4s [6月1日（週日） 下午 11:02]   ok  actual walking transition to university
1669.9s [6月1日（週日） 下午 11:02]   ok  arrival does not retrigger a return
1669.9s [6月1日（週日） 下午 11:02] STEP Walking university > airport
1690.4s [6月1日（週日） 下午 11:41]   ok  actual walking transition to airport
1690.9s [6月1日（週日） 下午 11:42]   ok  arrival does not retrigger a return
1690.9s [6月1日（週日） 下午 11:42] STEP Walking airport > civic_center
1710.3s [6月2日（週一） 上午 12:25]   ok  actual walking transition to civic_center
1710.8s [6月2日（週一） 上午 12:26]   ok  arrival does not retrigger a return
1710.8s [6月2日（週一） 上午 12:26] STEP Walking civic_center > luxury_heights
1715.7s [6月2日（週一） 上午 12:42]   ok  actual walking transition to luxury_heights
1716.2s [6月2日（週一） 上午 12:43]   ok  arrival does not retrigger a return
1716.2s [6月2日（週一） 上午 12:43] STEP Walking luxury_heights > financial
1718.2s [6月2日（週一） 上午 12:56]   ok  actual walking transition to financial
1718.7s [6月2日（週一） 上午 12:57]   ok  arrival does not retrigger a return
1718.7s [6月2日（週一） 上午 12:57] STEP Walking financial > old_town
1733.6s [6月2日（週一） 上午 1:26]   ok  actual walking transition to old_town
1734.1s [6月2日（週一） 上午 1:27]   ok  arrival does not retrigger a return
1734.1s [6月2日（週一） 上午 1:27] STEP Walking old_town > shopping_street
1749.2s [6月2日（週一） 上午 1:59]   ok  actual walking transition to shopping_street
1749.7s [6月2日（週一） 上午 2:00]   ok  arrival does not retrigger a return
1749.7s [6月2日（週一） 上午 2:00] STEP Walking shopping_street > industrial
1765.3s [6月2日（週一） 上午 2:31]   ok  actual walking transition to industrial
1765.8s [6月2日（週一） 上午 2:32]   ok  arrival does not retrigger a return
1765.8s [6月2日（週一） 上午 2:32] STEP Walking industrial > residential
1767.9s [6月2日（週一） 上午 2:45]   ok  actual walking transition to residential
1768.4s [6月2日（週一） 上午 2:46]   ok  arrival does not retrigger a return
1768.4s [6月2日（週一） 上午 2:46] STEP Walking residential > old_town
1786.2s [6月2日（週一） 上午 3:20]   ok  actual walking transition to old_town
1786.7s [6月2日（週一） 上午 3:21]   ok  arrival does not retrigger a return
1786.7s [6月2日（週一） 上午 3:21] STEP Walking old_town > luxury_heights
1801.7s [6月2日（週一） 上午 3:52]   ok  actual walking transition to luxury_heights
1802.2s [6月2日（週一） 上午 3:53]   ok  arrival does not retrigger a return
1802.2s [6月2日（週一） 上午 3:53] STEP Walking luxury_heights > old_town
1803.9s [6月2日（週一） 上午 4:04]   ok  actual walking transition to old_town
1804.4s [6月2日（週一） 上午 4:05]   ok  arrival does not retrigger a return
1804.4s [6月2日（週一） 上午 4:05] STEP Walking old_town > residential
1819.3s [6月2日（週一） 上午 4:35]   ok  actual walking transition to residential
1819.8s [6月2日（週一） 上午 4:35]   ok  arrival does not retrigger a return
1819.8s [6月2日（週一） 上午 4:35] STEP Walking residential > industrial
1837.6s [6月2日（週一） 上午 5:12]   ok  actual walking transition to industrial
1838.1s [6月2日（週一） 上午 5:13]   ok  arrival does not retrigger a return
1838.1s [6月2日（週一） 上午 5:13] STEP Walking industrial > shopping_street
1840.2s [6月2日（週一） 上午 5:24]   ok  actual walking transition to shopping_street
1840.7s [6月2日（週一） 上午 5:25]   ok  arrival does not retrigger a return
1840.7s [6月2日（週一） 上午 5:25] STEP Walking shopping_street > harbor
1856.3s [6月2日（週一） 上午 6:05]   ok  actual walking transition to harbor
1856.8s [6月2日（週一） 上午 6:06]   ok  arrival does not retrigger a return
1856.8s [6月2日（週一） 上午 6:06] STEP Walking harbor > riverside
1875.0s [6月2日（週一） 上午 6:40]   ok  actual walking transition to riverside
1875.5s [6月2日（週一） 上午 6:41]   ok  arrival does not retrigger a return
1875.5s [6月2日（週一） 上午 6:41]   ok  all walking time preserves ledger
1875.5s [6月2日（週一） 上午 6:41] BOT FINISHED — 0 failure(s) · 1875.5s real
1875.5s [6月2日（週一） 上午 6:41] English audit: 34 on-screen text(s) with untranslated words
