Godot Engine v4.5.1.stable.official.f62fdbde1 - https://godotengine.org
OpenGL API 3.3.0 NVIDIA 462.59 - Compatibility - Using Device: NVIDIA - Quadro RTX 4000

   0.4s [6月1日（週日） 下午 2:00]   click [StartGame] Start
   0.5s [6月1日（週日） 下午 2:00]   shot 01_barista_queue.png
   0.5s [6月1日（週日） 下午 2:00]   click [Guest_0] 客人 1・剩 60 秒
   0.6s [6月1日（週日） 下午 2:00]   click [ConfirmOrder] Confirm order
   0.7s [6月1日（週日） 下午 2:00]   click [Size_S] Small cup
   0.8s [6月1日（週日） 下午 2:00]   click [Drink_americano] Americano
   0.9s [6月1日（週日） 下午 2:00]   click [Milk_none] No milk
   1.0s [6月1日（週日） 下午 2:00]   click [Shots_1] Single shot
   1.1s [6月1日（週日） 下午 2:00]   click [Serve] Serve
   1.2s [6月1日（週日） 下午 2:00]   click [Deliver_0] Pickup counter
   1.3s [6月1日（週日） 下午 2:00]   click [CleanTable] Clean table / counter
   1.4s [6月1日（週日） 下午 2:00]   click [Guest_0] 客人 2・剩 59 秒
   1.5s [6月1日（週日） 下午 2:00]   click [ConfirmOrder] Confirm order
   1.6s [6月1日（週日） 下午 2:00]   click [Size_M] Medium cup
   1.7s [6月1日（週日） 下午 2:00]   click [Drink_latte] Latte
   1.8s [6月1日（週日） 下午 2:00]   click [Milk_oat] Oat milk
   1.9s [6月1日（週日） 下午 2:00]   click [Shots_1] Single shot
   2.0s [6月1日（週日） 下午 2:00]   click [Serve] Serve
   2.1s [6月1日（週日） 下午 2:00]   shot 02_barista_delivery.png
   2.1s [6月1日（週日） 下午 2:00]   click [Deliver_1] 第 1 桌
   2.3s [6月1日（週日） 下午 2:00]   shot 03_barista_dirty_table.png
   2.3s [6月1日（週日） 下午 2:00]   click [CleanTable] Clean table / counter
   2.3s [6月1日（週日） 下午 2:00]   click [Guest_0] 客人 3・剩 58 秒
   2.4s [6月1日（週日） 下午 2:00]   click [ConfirmOrder] Confirm order
   2.5s [6月1日（週日） 下午 2:00]   click [Size_S] Small cup
   2.6s [6月1日（週日） 下午 2:00]   click [Drink_cappuccino] Cappuccino
   2.7s [6月1日（週日） 下午 2:00]   click [Milk_oat] Oat milk
   2.8s [6月1日（週日） 下午 2:00]   click [Shots_2] Double shot
   2.9s [6月1日（週日） 下午 2:00]   click [Serve] Serve
   3.0s [6月1日（週日） 下午 2:00]   click [Deliver_2] 第 2 桌
   3.1s [6月1日（週日） 下午 2:00]   click [CleanTable] Clean table / counter
   3.2s [6月1日（週日） 下午 2:00]   click [Guest_0] 客人 4・剩 58 秒
   3.3s [6月1日（週日） 下午 2:00]   click [ConfirmOrder] Confirm order
   3.4s [6月1日（週日） 下午 2:00]   click [Size_M] Medium cup
   3.5s [6月1日（週日） 下午 2:00]   click [Drink_flat_white] Flat white
   3.6s [6月1日（週日） 下午 2:00]   click [Milk_whole] Whole milk
   3.7s [6月1日（週日） 下午 2:00]   click [Shots_2] Double shot
   3.8s [6月1日（週日） 下午 2:00]   click [Serve] Serve
   3.9s [6月1日（週日） 下午 2:00]   click [Deliver_0] Pickup counter
   4.0s [6月1日（週日） 下午 2:00]   click [CleanTable] Clean table / counter
   4.1s [6月1日（週日） 下午 2:00]   click [Guest_0] 客人 5・剩 58 秒
   4.2s [6月1日（週日） 下午 2:00]   click [ConfirmOrder] Confirm order
   4.3s [6月1日（週日） 下午 2:00]   click [Size_M] Medium cup
   4.4s [6月1日（週日） 下午 2:00]   click [Drink_americano] Americano
   4.5s [6月1日（週日） 下午 2:00]   click [Milk_none] No milk
   4.6s [6月1日（週日） 下午 2:00]   click [Shots_1] Single shot
   4.7s [6月1日（週日） 下午 2:00]   click [Serve] Serve
   4.8s [6月1日（週日） 下午 2:00]   click [Deliver_1] 第 1 桌
   4.9s [6月1日（週日） 下午 2:00]   click [CleanTable] Clean table / counter
   5.0s [6月1日（週日） 下午 2:00]   click [Guest_0] 客人 6・剩 58 秒
   5.1s [6月1日（週日） 下午 2:00]   click [ConfirmOrder] Confirm order
   5.2s [6月1日（週日） 下午 2:00]   click [Size_M] Medium cup
   5.3s [6月1日（週日） 下午 2:00]   click [Drink_americano] Americano
   5.4s [6月1日（週日） 下午 2:00]   click [Milk_none] No milk
   5.5s [6月1日（週日） 下午 2:00]   click [Shots_1] Single shot
   5.6s [6月1日（週日） 下午 2:00]   click [Serve] Serve
   5.7s [6月1日（週日） 下午 2:00]   click [Deliver_2] 第 2 桌
   5.8s [6月1日（週日） 下午 2:00]   click [CleanTable] Clean table / counter
   5.9s [6月1日（週日） 下午 2:00]   ok  six orders confirmed, made, delivered and cleaned
   6.0s [6月1日（週日） 下午 2:00]   shot 04_barista_review.png
   6.0s [6月1日（週日） 下午 2:00]   click [FinishGame] Continue
   6.1s [6月1日（週日） 下午 6:00]   ok  four-hour shift plus twelve real service tips paid
   6.3s [6月1日（週日） 下午 6:00]   click [StartGame] Start
   6.4s [6月1日（週日） 下午 6:00]   click [Desk_daypass] Sell a day pass ($15)
   6.5s [6月1日（週日） 下午 6:00]   shot 05_meeting_conflict.png
   6.5s [6月1日（週日） 下午 6:00]   click [Room_A_9] Reserve this slot
   6.6s [6月1日（週日） 下午 6:00]   ok  conflicting booking does not double book
   6.6s [6月1日（週日） 下午 6:00]   click [Room_A_10] Reserve this slot
   6.7s [6月1日（週日） 下午 6:00]   ok  free slot resolves booking
   7.1s [6月1日（週日） 下午 6:00]   click [StartGame] Start
   7.2s [6月1日（週日） 下午 6:00]   click [Bin_financial] 4  金融區 4xxx
   7.4s [6月1日（週日） 下午 6:00]   shot 06_damaged_parcel.png
   7.4s [6月1日（週日） 下午 6:00]   click [Damage_quarantine] Record damage and quarantine
   7.4s [6月1日（週日） 下午 6:00]   ok  damaged parcel recorded and quarantined
   7.8s [6月1日（週日） 下午 6:00]   click [StartGame] Start
   7.9s [6月1日（週日） 下午 6:00]   click [Field_fee] 已繳規費:  $200
   8.0s [6月1日（週日） 下午 6:00]   click [Reject] Reject
   8.2s [6月1日（週日） 下午 6:00]   shot 07_complaint_call.png
   8.2s [6月1日（週日） 下午 6:00]   click [Complaint_verify] Verify reference and escalate
   8.3s [6月1日（週日） 下午 6:00]   ok  form plus complaint handled
   8.7s [6月1日（週日） 下午 6:00]   click [StartGame] Start
   8.8s [6月1日（週日） 下午 6:00]   click [Note_20] $20.00
   8.9s [6月1日（週日） 下午 6:00]   click [Note_20] $20.00
   9.0s [6月1日（週日） 下午 6:00]   click [Note_5] $5.00
   9.1s [6月1日（週日） 下午 6:00]   click [Note_1] $1.00
   9.2s [6月1日（週日） 下午 6:00]   click [Note_1] $1.00
   9.3s [6月1日（週日） 下午 6:00]   click [Note_1] $1.00
   9.4s [6月1日（週日） 下午 6:00]   click [HandOver] Hand it over
   9.5s [6月1日（週日） 下午 6:00]   shot 08_return_policy.png
   9.5s [6月1日（週日） 下午 6:00]   click [Refund_yes] Authorize refund
   9.6s [6月1日（週日） 下午 6:00]   ok  counted cash and checked refund receipt
   9.6s [6月1日（週日） 下午 6:00]   shot 09_change_counting.png
  10.1s [6月1日（週日） 下午 6:00]   shot 10_client_interview.png
  10.1s [6月1日（週日） 下午 6:00]   click [Interview_goal] ✗ 專案目標
  10.1s [6月1日（週日） 下午 6:00]   click [Interview_audience] ✗ 目標受眾
  10.2s [6月1日（週日） 下午 6:00]   click [Interview_budget] ✗ 預算
  10.3s [6月1日（週日） 下午 6:00]   click [Proposal] Prepare proposal
  10.5s [6月1日（週日） 下午 6:00]   shot 11_client_proposal.png
  10.5s [6月1日（週日） 下午 6:00]   click [AgreeProposal] Agree quote and scope
  10.5s [6月1日（週日） 下午 6:00]   click [Session_2] Work 2 h
  10.6s [6月1日（週日） 下午 6:00]   click [StartGame] Start
  10.7s [6月1日（週日） 下午 6:00]   click [ConsultChoice_0] 送貨可靠性
  10.8s [6月1日（週日） 下午 6:00]   click [ConsultChoice_0] 通勤族
  10.9s [6月1日（週日） 下午 6:00]   click [ConsultChoice_0] 僅為方向性證據，需要更多樣本
  11.0s [6月1日（週日） 下午 6:00]   click [FinishGame] Continue
  11.4s [6月1日（週日） 下午 8:00]   shot 12_scope_growth.png
  11.4s [6月1日（週日） 下午 8:00]   click [Scope_charge] Charge for added scope
  11.6s [6月1日（週日） 下午 8:00]   click [Session_2] Work 2 h
  11.7s [6月1日（週日） 下午 8:00]   click [StartGame] Start
  11.8s [6月1日（週日） 下午 8:00]   click [ConsultChoice_0] 送貨可靠性
  11.9s [6月1日（週日） 下午 8:00]   click [ConsultChoice_0] 通勤族
  12.0s [6月1日（週日） 下午 8:00]   click [ConsultChoice_0] 僅為方向性證據，需要更多樣本
  12.1s [6月1日（週日） 下午 8:00]   click [FinishGame] Continue
  12.3s [6月1日（週日） 下午 10:00]   click [DeliverGig] Deliver to client
  12.6s [6月1日（週日） 下午 10:00]   shot 13_client_revision.png
  12.6s [6月1日（週日） 下午 10:00]   click [ReviseGig] Use included revision
  12.8s [6月1日（週日） 下午 10:00]   click [Session_2] Work 2 h
  12.9s [6月1日（週日） 下午 10:00]   click [StartGame] Start
  13.0s [6月1日（週日） 下午 10:00]   click [ConsultChoice_0] 送貨可靠性
  13.1s [6月1日（週日） 下午 10:00]   click [ConsultChoice_0] 通勤族
  13.2s [6月1日（週日） 下午 10:00]   click [ConsultChoice_0] 僅為方向性證據，需要更多樣本
  13.3s [6月1日（週日） 下午 10:00]   click [FinishGame] Continue
  13.6s [6月2日（週一） 上午 12:00]   click [DeliverGig] Deliver to client
  13.8s [6月2日（週一） 上午 12:00]   click [AcceptDelivery] Request acceptance and invoice
  14.1s [6月2日（週一） 上午 12:00]   ok  client accepts before actual revenue invoice
  14.1s [6月2日（週一） 上午 12:02]   ok  client pays actual invoice
  14.1s [6月2日（週一） 上午 12:02]   ok  consulting journal balanced
  14.3s [6月2日（週一） 上午 12:02]   click [StartGame] Start
  14.5s [6月2日（週一） 上午 12:02]   shot 14_consulting_finance.png
  14.5s [6月2日（週一） 上午 12:02]   click [ConsultChoice_0] $60.00
  14.5s [6月2日（週一） 上午 12:02]   click [ConsultChoice_0] $80.00
  14.6s [6月2日（週一） 上午 12:02]   click [ConsultChoice_0] $13.00
  14.7s [6月2日（週一） 上午 12:02]   ok  distinct finance tasks score actual answers
  14.7s [6月2日（週一） 上午 12:02]   click [FinishGame] Continue
  15.0s [6月2日（週一） 上午 12:02]   click [StartGame] Start
  15.2s [6月2日（週一） 上午 12:02]   shot 15_consulting_operations.png
  15.2s [6月2日（週一） 上午 12:02]   click [ConsultChoice_1] 核對訂單
  15.2s [6月2日（週一） 上午 12:02]   click [ConsultChoice_2] 包裝商品
  15.3s [6月2日（週一） 上午 12:02]   click [ConsultChoice_0] 出貨
  15.4s [6月2日（週一） 上午 12:02]   click [ConsultChoice_1] 檢查收據
  15.5s [6月2日（週一） 上午 12:02]   click [ConsultChoice_2] 檢查退回商品
  15.6s [6月2日（週一） 上午 12:02]   click [ConsultChoice_0] 退還核准款項
  15.7s [6月2日（週一） 上午 12:02]   click [ConsultChoice_1] 核准採購
  15.8s [6月2日（週一） 上午 12:02]   click [ConsultChoice_2] 核對到貨
  15.9s [6月2日（週一） 上午 12:02]   click [ConsultChoice_0] 支付帳單
  16.0s [6月2日（週一） 上午 12:02]   ok  distinct operations tasks score actual answers
  16.0s [6月2日（週一） 上午 12:02]   click [FinishGame] Continue
  16.3s [6月2日（週一） 上午 12:02]   click [StartGame] Start
  16.5s [6月2日（週一） 上午 12:02]   shot 16_consulting_brand.png
  16.5s [6月2日（週一） 上午 12:02]   click [ConsultChoice_0] 通勤時的便攜便利
  16.5s [6月2日（週一） 上午 12:02]   click [ConfirmFit] Confirm client fit
  16.6s [6月2日（週一） 上午 12:02]   click [ConsultChoice_0] 清楚友善
  16.7s [6月2日（週一） 上午 12:02]   click [ConfirmFit] Confirm client fit
  16.8s [6月2日（週一） 上午 12:02]   click [ConsultChoice_0] 展示樣本與限制
  16.9s [6月2日（週一） 上午 12:02]   click [ConfirmFit] Confirm client fit
  17.0s [6月2日（週一） 上午 12:02]   ok  distinct brand tasks score actual answers
  17.0s [6月2日（週一） 上午 12:02]   click [FinishGame] Continue
  17.1s [6月2日（週一） 上午 12:02] BOT FINISHED — 0 failure(s) · 17.1s real
  17.1s [6月2日（週一） 上午 12:02] English audit: 0 on-screen text(s) with untranslated words
