Godot Engine v4.5.1.stable.official.f62fdbde1 - https://godotengine.org
OpenGL API 3.3.0 NVIDIA 462.59 - Compatibility - Using Device: NVIDIA - Quadro RTX 4000

   0.0s STEP Main menu → New Game
   0.7s   shot 01_main_menu.png
   0.7s   click [NewGame] New Game
   2.0s STEP Character Creator
   2.1s   shot 02_creator_default.png
   2.1s   click [Tab_hair] Hair
   2.1s   click [Next_hair] ▶
   2.6s   click [Tab_face] Face
   2.7s   click [Next_face] ▶
   2.8s   click [Next_eye_shape] ▶
   2.9s   click [Tab_body] Body
   3.0s   click [Next_presentation] ▶
   3.6s   shot 03_creator_customised.png
   3.6s   click [Tab_outfit] Outfit
   3.6s   click "Startup Casual"
   4.2s   ok  appearance changed from default (short_neat)
   4.3s   shot 04_creator_final.png
   4.3s   click [Start] Start in Aurelia  →
   4.4s [6月1日（週日） 下午 2:00] STEP Arrival sequence
   7.1s [6月1日（週日） 下午 2:00]   shot 05_arrival_train.png
  10.6s [6月1日（週日） 下午 2:00]   shot 06_arrival_phone.png
  15.7s [6月1日（週日） 下午 2:01]   ok  spawned in the Riverside apartment
  15.7s [6月1日（週日） 下午 2:01]   ok  starting cash $30,000
  15.7s [6月1日（週日） 下午 2:01]   ok  name saved
  17.5s [6月1日（週日） 下午 2:03]   shot 07_apartment_arrival.png
  26.3s [6月10日（週五） 上午 12:00] STEP Capital ownership route — public
  26.8s [6月10日（週五） 上午 12:00]   shot 08_capital_public_proposals.png
  27.8s [6月10日（週五） 上午 12:00]   click [Underwriter_nexus] Nexus 證券：審計費 $500.00 本國元，承銷佣金 3%
  29.1s [6月10日（週五） 上午 12:00]   click [StartListingAudit] Pay for the selected listing audit
  29.8s [6月10日（週五） 上午 12:00]   shot 09_capital_paid_audit.png
  30.3s [6月24日（週五） 上午 12:00]   click [ReadListingAudit] Read the completed audit
  31.5s [6月24日（週五） 上午 12:00]   shot 10_capital_roadshow_1.png
  32.5s [6月24日（週五） 上午 12:00]   click [RoadshowTransparent] Explain unsettled receivables and the actual cash
  33.7s [6月24日（週五） 上午 12:00]   shot 11_capital_roadshow_2.png
  34.7s [6月24日（週五） 上午 12:00]   click [RoadshowTransparent] Publish the shortfall and fund measured improvemen
  35.9s [6月24日（週五） 上午 12:00]   shot 12_capital_roadshow_3.png
  36.9s [6月24日（週五） 上午 12:00]   click [RoadshowTransparent] Explain ownership dilution, reporting and board vo
  37.6s [6月24日（週五） 上午 12:00]   shot 13_capital_issue_price.png
  38.1s [6月24日（週五） 上午 12:00]   click [ConfirmListing] Issue shares and list the company
  38.9s [6月24日（週五） 上午 12:00]   shot 14_capital_listing_day.png
  38.9s [6月24日（週五） 上午 12:00]   ok  actual listing capital and governance
  39.0s [9月22日（週四） 上午 12:00]   shot 15_capital_actual_quarter.png
  39.5s [9月22日（週四） 上午 12:00]   shot 16_capital_public_life_review.png
  39.5s [9月22日（週四） 上午 12:00]   ok  save ownership route
  39.5s [9月22日（週四） 上午 12:00]   ok  ownership route double-entry balance
  39.5s [9月22日（週四） 上午 12:00] STEP Capital ownership route — acquired
  40.0s [6月10日（週五） 上午 12:00]   shot 17_capital_acquired_proposals.png
  41.0s [6月10日（週五） 上午 12:00]   click [SelectOffer_vesper] Vesper Brands 出價 $36,130 本國元
  41.9s [6月17日（週五） 上午 12:00]   shot 18_capital_sale_after_diligence.png
  42.3s [6月17日（週五） 上午 12:00]   click [ConfirmCapitalSale] Sell founder shares to the selected buyer
  43.0s [6月17日（週五） 上午 12:00]   ok  selected owner and real founder payout
  43.6s [6月17日（週五） 上午 12:00]   shot 19_capital_acquired_life_review.png
  43.6s [6月17日（週五） 上午 12:00]   ok  save ownership route
  43.6s [6月17日（週五） 上午 12:00]   ok  ownership route double-entry balance
  43.6s [6月17日（週五） 上午 12:00] STEP Capital ownership route — private
  44.1s [6月10日（週五） 上午 12:00]   shot 20_capital_private_proposals.png
  45.0s [6月10日（週五） 上午 12:00]   click [ChoosePrivateRoute] Keep the company private
  45.8s [6月10日（週五） 上午 12:00]   ok  private route retains ownership
  46.8s [6月10日（週五） 上午 12:00]   click [AcquireNPC_vesper] Acquire this company
  47.7s [6月25日（週六） 上午 12:00]   shot 21_capital_private_integration.png
  47.7s [6月25日（週六） 上午 12:00]   ok  actual purchase and integration
  48.1s [6月25日（週六） 上午 12:00]   shot 22_capital_private_life_review.png
  48.2s [6月25日（週六） 上午 12:00]   ok  save ownership route
  48.2s [6月25日（週六） 上午 12:00]   ok  ownership route double-entry balance
  48.2s [6月25日（週六） 上午 12:00] BOT FINISHED — 0 failure(s) · 48.2s real
  48.2s [6月25日（週六） 上午 12:00] English audit: 9 on-screen text(s) with untranslated words
