Godot Engine v4.5.1.stable.official.f62fdbde1 - https://godotengine.org
OpenGL API 3.3.0 NVIDIA 462.59 - Compatibility - Using Device: NVIDIA - Quadro RTX 4000

   0.0s STEP Main menu → New Game
   0.4s   shot 01_main_menu.png
   0.4s   click [NewGame] New Game
   1.7s STEP Character Creator
   1.8s   shot 02_creator_default.png
   1.8s   click [Tab_hair] Hair
   1.9s   click [Next_hair] ▶
   2.3s   click [Tab_face] Face
   2.4s   click [Next_face] ▶
   2.6s   click [Next_eye_shape] ▶
   2.8s   click [Tab_body] Body
   3.0s   click [Next_presentation] ▶
   3.6s   shot 03_creator_customised.png
   3.6s   click [Tab_outfit] Outfit
   3.7s   click "Startup Casual"
   4.3s   ok  appearance changed from default (short_neat)
   4.4s   shot 04_creator_final.png
   4.4s   click [Start] Start in Aurelia  →
   4.4s [6月1日（週日） 下午 2:00] STEP Arrival sequence
   7.1s [6月1日（週日） 下午 2:00]   shot 05_arrival_train.png
  10.7s [6月1日（週日） 下午 2:00]   shot 06_arrival_phone.png
  16.4s [6月1日（週日） 下午 2:01]   ok  spawned in the Riverside apartment
  16.4s [6月1日（週日） 下午 2:01]   ok  starting cash $30,000
  16.4s [6月1日（週日） 下午 2:01]   ok  name saved
  18.2s [6月1日（週日） 下午 2:03]   shot 07_apartment_arrival.png
  27.0s [6月10日（週五） 上午 12:00] STEP Capital ownership route — public
  27.5s [6月10日（週五） 上午 12:00]   shot 08_capital_public_proposals.png
  28.5s [6月10日（週五） 上午 12:00]   click [Underwriter_nexus] Nexus 證券：審計費 $500.00 本國元，承銷佣金 3%
  29.7s [6月10日（週五） 上午 12:00]   click [StartListingAudit] Pay for the selected listing audit
  30.5s [6月10日（週五） 上午 12:00]   shot 09_capital_paid_audit.png
  30.9s [6月24日（週五） 上午 12:00]   click [ReadListingAudit] Read the completed audit
  32.1s [6月24日（週五） 上午 12:00]   shot 10_capital_roadshow_1.png
  33.1s [6月24日（週五） 上午 12:00]   click [RoadshowTransparent] Explain unsettled receivables and the actual cash 
  34.3s [6月24日（週五） 上午 12:00]   shot 11_capital_roadshow_2.png
  35.3s [6月24日（週五） 上午 12:00]   click [RoadshowTransparent] Publish the shortfall and fund measured improvemen
  36.5s [6月24日（週五） 上午 12:00]   shot 12_capital_roadshow_3.png
  37.5s [6月24日（週五） 上午 12:00]   click [RoadshowTransparent] Explain ownership dilution, reporting and board vo
  38.2s [6月24日（週五） 上午 12:00]   shot 13_capital_issue_price.png
  38.7s [6月24日（週五） 上午 12:00]   click [ConfirmListing] Issue shares and list the company
  39.4s [6月24日（週五） 上午 12:00]   shot 14_capital_listing_day.png
  39.4s [6月24日（週五） 上午 12:00]   ok  actual listing capital and governance
  39.6s [9月22日（週四） 上午 12:00]   shot 15_capital_actual_quarter.png
  40.1s [9月22日（週四） 上午 12:00]   shot 16_capital_public_life_review.png
  40.2s [9月22日（週四） 上午 12:00]   ok  save ownership route
  40.2s [9月22日（週四） 上午 12:00]   ok  ownership route double-entry balance
  40.2s [9月22日（週四） 上午 12:00] STEP Capital ownership route — acquired
  40.6s [6月10日（週五） 上午 12:00]   shot 17_capital_acquired_proposals.png
  41.6s [6月10日（週五） 上午 12:00]   click [SelectOffer_vesper] Vesper Brands 出價 $36,130 本國元
  42.5s [6月17日（週五） 上午 12:00]   shot 18_capital_sale_after_diligence.png
  42.9s [6月17日（週五） 上午 12:00]   click [ConfirmCapitalSale] Sell founder shares to the selected buyer
  43.6s [6月17日（週五） 上午 12:00]   ok  selected owner and real founder payout
  44.1s [6月17日（週五） 上午 12:00]   shot 19_capital_acquired_life_review.png
  44.2s [6月17日（週五） 上午 12:00]   ok  save ownership route
  44.2s [6月17日（週五） 上午 12:00]   ok  ownership route double-entry balance
  44.2s [6月17日（週五） 上午 12:00] STEP Capital ownership route — private
  44.6s [6月10日（週五） 上午 12:00]   shot 20_capital_private_proposals.png
  45.6s [6月10日（週五） 上午 12:00]   click [ChoosePrivateRoute] Keep the company private
  46.4s [6月10日（週五） 上午 12:00]   ok  private route retains ownership
  47.4s [6月10日（週五） 上午 12:00]   click [AcquireNPC_vesper] Acquire this company
  48.2s [6月25日（週六） 上午 12:00]   shot 21_capital_private_integration.png
  48.2s [6月25日（週六） 上午 12:00]   ok  actual purchase and integration
  48.7s [6月25日（週六） 上午 12:00]   shot 22_capital_private_life_review.png
  48.7s [6月25日（週六） 上午 12:00]   ok  save ownership route
  48.7s [6月25日（週六） 上午 12:00]   ok  ownership route double-entry balance
  48.7s [6月25日（週六） 上午 12:00] BOT FINISHED — 0 failure(s) · 48.7s real
  48.7s [6月25日（週六） 上午 12:00] English audit: 9 on-screen text(s) with untranslated words
