Godot Engine v4.5.1.stable.official.f62fdbde1 - https://godotengine.org

[   0% ] [90m[1mfirst_scan_filesystem[22m | Started 專案初始化中 (5 steps)[39m[0m
[   0% ] [90m[1mfirst_scan_filesystem[22m | 正在掃描檔案結構…[39m[0m
[  16% ] [90m[1mfirst_scan_filesystem[22m | 載入全域類別名稱中…[39m[0m
[  33% ] [90m[1mfirst_scan_filesystem[22m | 正在驗證GD擴充功能...[39m[0m
[  50% ] [90m[1mfirst_scan_filesystem[22m | 正在建立自動載入腳本…[39m[0m
[  66% ] [90m[1mfirst_scan_filesystem[22m | 初始化外掛程式...[39m[0m
[  83% ] [90m[1mfirst_scan_filesystem[22m | 開始掃描檔案...[39m[0m
[92m[ DONE ][39m [1mfirst_scan_filesystem[22m
[0m
[   0% ] [90m[1m_update_scan_actions[22m | Started 掃描動作中... (121 steps)[39m[0m
[   0% ] [90m[1m_update_scan_actions[22m | armchair.png[39m[0m
[   0% ] [90m[1m_update_scan_actions[22m | box.png[39m[0m
[   1% ] [90m[1m_update_scan_actions[22m | checkout_counter.png[39m[0m
[   2% ] [90m[1m_update_scan_actions[22m | clothing_rack.png[39m[0m
[   3% ] [90m[1m_update_scan_actions[22m | cork_board.png[39m[0m
[   4% ] [90m[1m_update_scan_actions[22m | door_mat.png[39m[0m
[   4% ] [90m[1m_update_scan_actions[22m | fitting_room.png[39m[0m
[   5% ] [90m[1m_update_scan_actions[22m | floor_carpet_navy.png[39m[0m
[   6% ] [90m[1m_update_scan_actions[22m | floor_checker.png[39m[0m
[   7% ] [90m[1m_update_scan_actions[22m | floor_concrete.png[39m[0m
[   8% ] [90m[1m_update_scan_actions[22m | floor_marble.png[39m[0m
[   9% ] [90m[1m_update_scan_actions[22m | floor_tile_white.png[39m[0m
[   9% ] [90m[1m_update_scan_actions[22m | floor_wood_cafe.png[39m[0m
[  10% ] [90m[1m_update_scan_actions[22m | floor_wood_dark.png[39m[0m
[  11% ] [90m[1m_update_scan_actions[22m | floor_wood_warm.png[39m[0m
[  12% ] [90m[1m_update_scan_actions[22m | framed_art.png[39m[0m
[  13% ] [90m[1m_update_scan_actions[22m | framed_art_b.png[39m[0m
[  13% ] [90m[1m_update_scan_actions[22m | lockers.png[39m[0m
[  14% ] [90m[1m_update_scan_actions[22m | logo_bloom.png[39m[0m
[  15% ] [90m[1m_update_scan_actions[22m | logo_bytebean.png[39m[0m
[  16% ] [90m[1m_update_scan_actions[22m | logo_city_hall.png[39m[0m
[  17% ] [90m[1m_update_scan_actions[22m | logo_cowork.png[39m[0m
[  18% ] [90m[1m_update_scan_actions[22m | logo_nexus_bank.png[39m[0m
[  18% ] [90m[1m_update_scan_actions[22m | logo_postpoint.png[39m[0m
[  19% ] [90m[1m_update_scan_actions[22m | mannequin.png[39m[0m
[  20% ] [90m[1m_update_scan_actions[22m | mirror_full.png[39m[0m
[  21% ] [90m[1m_update_scan_actions[22m | queue_barrier.png[39m[0m
[  22% ] [90m[1m_update_scan_actions[22m | seal.png[39m[0m
[  22% ] [90m[1m_update_scan_actions[22m | server_rack.png[39m[0m
[  23% ] [90m[1m_update_scan_actions[22m | server_rack_lights.png[39m[0m
[  24% ] [90m[1m_update_scan_actions[22m | shoe_shelf.png[39m[0m
[  25% ] [90m[1m_update_scan_actions[22m | stool.png[39m[0m
[  26% ] [90m[1m_update_scan_actions[22m | window_wide_day.png[39m[0m
[  27% ] [90m[1m_update_scan_actions[22m | window_wide_night.png[39m[0m
[  27% ] [90m[1m_update_scan_actions[22m | armchair.png[39m[0m
[  28% ] [90m[1m_update_scan_actions[22m | box.png[39m[0m
[  29% ] [90m[1m_update_scan_actions[22m | checkout_counter.png[39m[0m
[  30% ] [90m[1m_update_scan_actions[22m | clothing_rack.png[39m[0m
[  31% ] [90m[1m_update_scan_actions[22m | cork_board.png[39m[0m
[  31% ] [90m[1m_update_scan_actions[22m | door_mat.png[39m[0m
[  32% ] [90m[1m_update_scan_actions[22m | fitting_room.png[39m[0m
[  33% ] [90m[1m_update_scan_actions[22m | floor_carpet_navy.png[39m[0m
[  34% ] [90m[1m_update_scan_actions[22m | floor_checker.png[39m[0m
[  35% ] [90m[1m_update_scan_actions[22m | floor_concrete.png[39m[0m
[  36% ] [90m[1m_update_scan_actions[22m | floor_marble.png[39m[0m
[  36% ] [90m[1m_update_scan_actions[22m | floor_tile_white.png[39m[0m
[  37% ] [90m[1m_update_scan_actions[22m | floor_wood_cafe.png[39m[0m
[  38% ] [90m[1m_update_scan_actions[22m | floor_wood_dark.png[39m[0m
[  39% ] [90m[1m_update_scan_actions[22m | floor_wood_warm.png[39m[0m
[  40% ] [90m[1m_update_scan_actions[22m | framed_art.png[39m[0m
[  40% ] [90m[1m_update_scan_actions[22m | framed_art_b.png[39m[0m
[  41% ] [90m[1m_update_scan_actions[22m | lockers.png[39m[0m
[  42% ] [90m[1m_update_scan_actions[22m | logo_bloom.png[39m[0m
[  43% ] [90m[1m_update_scan_actions[22m | logo_bytebean.png[39m[0m
[  44% ] [90m[1m_update_scan_actions[22m | logo_city_hall.png[39m[0m
[  45% ] [90m[1m_update_scan_actions[22m | logo_cowork.png[39m[0m
[  45% ] [90m[1m_update_scan_actions[22m | logo_nexus_bank.png[39m[0m
[  46% ] [90m[1m_update_scan_actions[22m | logo_postpoint.png[39m[0m
[  47% ] [90m[1m_update_scan_actions[22m | mannequin.png[39m[0m
[  48% ] [90m[1m_update_scan_actions[22m | mirror_full.png[39m[0m
[  49% ] [90m[1m_update_scan_actions[22m | queue_barrier.png[39m[0m
[  50% ] [90m[1m_update_scan_actions[22m | seal.png[39m[0m
[  50% ] [90m[1m_update_scan_actions[22m | server_rack.png[39m[0m
[  51% ] [90m[1m_update_scan_actions[22m | server_rack_lights.png[39m[0m
[  52% ] [90m[1m_update_scan_actions[22m | shoe_shelf.png[39m[0m
[  53% ] [90m[1m_update_scan_actions[22m | stool.png[39m[0m
[  54% ] [90m[1m_update_scan_actions[22m | window_wide_day.png[39m[0m
[  54% ] [90m[1m_update_scan_actions[22m | window_wide_night.png[39m[0m
[  55% ] [90m[1m_update_scan_actions[22m | 01_main_menu.png[39m[0m
[  56% ] [90m[1m_update_scan_actions[22m | 02_creator.png[39m[0m
[  57% ] [90m[1m_update_scan_actions[22m | 03_arrival.png[39m[0m
[  58% ] [90m[1m_update_scan_actions[22m | 04_district_riverside_riverside_apartment.png[39m[0m
[  59% ] [90m[1m_update_scan_actions[22m | 05_district_riverside_bloom_coffee.png[39m[0m
[  59% ] [90m[1m_update_scan_actions[22m | 06_district_riverside_postpoint_riverside.png[39m[0m
[  60% ] [90m[1m_update_scan_actions[22m | 07_district_riverside_south.png[39m[0m
[  61% ] [90m[1m_update_scan_actions[22m | 08_district_startup_hub_nexus_cowork.png[39m[0m
[  62% ] [90m[1m_update_scan_actions[22m | 09_district_startup_hub_byte_and_bean.png[39m[0m
[  63% ] [90m[1m_update_scan_actions[22m | 10_district_startup_hub_small_office.png[39m[0m
[  63% ] [90m[1m_update_scan_actions[22m | 11_district_startup_hub_south.png[39m[0m
[  64% ] [90m[1m_update_scan_actions[22m | 12_district_civic_center_city_hall.png[39m[0m
[  65% ] [90m[1m_update_scan_actions[22m | 13_district_civic_center_south.png[39m[0m
[  66% ] [90m[1m_update_scan_actions[22m | 14_district_financial_nexus_bank.png[39m[0m
[  67% ] [90m[1m_update_scan_actions[22m | 15_district_financial_south.png[39m[0m
[  68% ] [90m[1m_update_scan_actions[22m | 16_district_shopping_street_threadline_apparel.png[39m[0m
[  68% ] [90m[1m_update_scan_actions[22m | 17_district_shopping_street_lantern_bistro.png[39m[0m
[  69% ] [90m[1m_update_scan_actions[22m | 18_district_shopping_street_crestline_flagship.png[39m[0m
[  70% ] [90m[1m_update_scan_actions[22m | 19_district_shopping_street_popup_unit.png[39m[0m
[  71% ] [90m[1m_update_scan_actions[22m | 20_district_shopping_street_south.png[39m[0m
[  72% ] [90m[1m_update_scan_actions[22m | 21_district_harbor_pier7_warehouse.png[39m[0m
[  72% ] [90m[1m_update_scan_actions[22m | 22_district_harbor_dockside_motors.png[39m[0m
[  73% ] [90m[1m_update_scan_actions[22m | 23_district_harbor_harbor_point_fitness.png[39m[0m
[  74% ] [90m[1m_update_scan_actions[22m | 24_district_harbor_customs_house.png[39m[0m
[  75% ] [90m[1m_update_scan_actions[22m | 25_district_harbor_south.png[39m[0m
[  76% ] [90m[1m_update_scan_actions[22m | 26_city_map.png[39m[0m
[  77% ] [90m[1m_update_scan_actions[22m | 27_world_map.png[39m[0m
[  77% ] [90m[1m_update_scan_actions[22m | 28_interior_bloom_coffee.png[39m[0m
[  78% ] [90m[1m_update_scan_actions[22m | 29_interior_byte_and_bean.png[39m[0m
[  79% ] [90m[1m_update_scan_actions[22m | 30_interior_city_hall.png[39m[0m
[  80% ] [90m[1m_update_scan_actions[22m | 31_interior_corner_cafe_unit.png[39m[0m
[  81% ] [90m[1m_update_scan_actions[22m | 32_interior_crestline_flagship.png[39m[0m
[  81% ] [90m[1m_update_scan_actions[22m | 33_interior_customs_house.png[39m[0m
[  82% ] [90m[1m_update_scan_actions[22m | 34_interior_dockside_motors.png[39m[0m
[  83% ] [90m[1m_update_scan_actions[22m | 35_interior_harbor_point_fitness.png[39m[0m
[  84% ] [90m[1m_update_scan_actions[22m | 36_interior_lantern_bistro.png[39m[0m
[  85% ] [90m[1m_update_scan_actions[22m | 37_interior_nexus_bank.png[39m[0m
[  86% ] [90m[1m_update_scan_actions[22m | 38_interior_nexus_cowork.png[39m[0m
[  86% ] [90m[1m_update_scan_actions[22m | 39_interior_okafor_lettings.png[39m[0m
[  87% ] [90m[1m_update_scan_actions[22m | 40_interior_old_town_studio.png[39m[0m
[  88% ] [90m[1m_update_scan_actions[22m | 41_interior_pier7_warehouse.png[39m[0m
[  89% ] [90m[1m_update_scan_actions[22m | 42_interior_popup_unit.png[39m[0m
[  90% ] [90m[1m_update_scan_actions[22m | 43_interior_postpoint_riverside.png[39m[0m
[  90% ] [90m[1m_update_scan_actions[22m | 44_interior_riverside_apartment.png[39m[0m
[  91% ] [90m[1m_update_scan_actions[22m | 45_interior_small_office.png[39m[0m
[  92% ] [90m[1m_update_scan_actions[22m | 46_interior_threadline_apparel.png[39m[0m
[  93% ] [90m[1m_update_scan_actions[22m | 47_riverside_dusk.png[39m[0m
[  94% ] [90m[1m_update_scan_actions[22m | 48_riverside_night.png[39m[0m
[  95% ] [90m[1m_update_scan_actions[22m | 49_startup_hub_night.png[39m[0m
[  95% ] [90m[1m_update_scan_actions[22m | 50_shopping_street_night.png[39m[0m
[  96% ] [90m[1m_update_scan_actions[22m | 51_shopping_street_market.png[39m[0m
[  97% ] [90m[1m_update_scan_actions[22m | 52_threadline_shop.png[39m[0m
[  98% ] [90m[1m_update_scan_actions[22m | 53_threadline_wearing_executive.png[39m[0m
[92m[ DONE ][39m [1m_update_scan_actions[22m
[0m
[   0% ] [90m[1mreimport[22m | Started （重新）匯入素材 (121 steps)[39m[0m
[   0% ] [90m[1mreimport[22m | 正在準備重新匯入檔案…[39m[0m
[   0% ] [90m[1mreimport[22m | 正在準備重新匯入檔案…[39m[0m
[   1% ] [90m[1mreimport[22m | 正在準備重新匯入檔案…[39m[0m
[   2% ] [90m[1mreimport[22m | 正在準備重新匯入檔案…[39m[0m
[   3% ] [90m[1mreimport[22m | 正在準備重新匯入檔案…[39m[0m
[   4% ] [90m[1mreimport[22m | 正在準備重新匯入檔案…[39m[0m
[   4% ] [90m[1mreimport[22m | 正在準備重新匯入檔案…[39m[0m
[   5% ] [90m[1mreimport[22m | 正在準備重新匯入檔案…[39m[0m
[   6% ] [90m[1mreimport[22m | 正在準備重新匯入檔案…[39m[0m
[   7% ] [90m[1mreimport[22m | 正在準備重新匯入檔案…[39m[0m
[   8% ] [90m[1mreimport[22m | 正在準備重新匯入檔案…[39m[0m
[   9% ] [90m[1mreimport[22m | 正在準備重新匯入檔案…[39m[0m
[   9% ] [90m[1mreimport[22m | 正在準備重新匯入檔案…[39m[0m
[  10% ] [90m[1mreimport[22m | 正在準備重新匯入檔案…[39m[0m
[  11% ] [90m[1mreimport[22m | 正在準備重新匯入檔案…[39m[0m
[  12% ] [90m[1mreimport[22m | 正在準備重新匯入檔案…[39m[0m
[  13% ] [90m[1mreimport[22m | 正在準備重新匯入檔案…[39m[0m
[  13% ] [90m[1mreimport[22m | 正在準備重新匯入檔案…[39m[0m
[  14% ] [90m[1mreimport[22m | 正在準備重新匯入檔案…[39m[0m
[  15% ] [90m[1mreimport[22m | 正在準備重新匯入檔案…[39m[0m
[  16% ] [90m[1mreimport[22m | 正在準備重新匯入檔案…[39m[0m
[  17% ] [90m[1mreimport[22m | 正在準備重新匯入檔案…[39m[0m
[  18% ] [90m[1mreimport[22m | 正在準備重新匯入檔案…[39m[0m
[  18% ] [90m[1mreimport[22m | 正在準備重新匯入檔案…[39m[0m
[  19% ] [90m[1mreimport[22m | 正在準備重新匯入檔案…[39m[0m
[  20% ] [90m[1mreimport[22m | 正在準備重新匯入檔案…[39m[0m
[  21% ] [90m[1mreimport[22m | 正在準備重新匯入檔案…[39m[0m
[  22% ] [90m[1mreimport[22m | 正在準備重新匯入檔案…[39m[0m
[  22% ] [90m[1mreimport[22m | 正在準備重新匯入檔案…[39m[0m
[  23% ] [90m[1mreimport[22m | 正在準備重新匯入檔案…[39m[0m
[  24% ] [90m[1mreimport[22m | 正在準備重新匯入檔案…[39m[0m
[  25% ] [90m[1mreimport[22m | 正在準備重新匯入檔案…[39m[0m
[  26% ] [90m[1mreimport[22m | 正在準備重新匯入檔案…[39m[0m
[  27% ] [90m[1mreimport[22m | 正在準備重新匯入檔案…[39m[0m
[  27% ] [90m[1mreimport[22m | 正在準備重新匯入檔案…[39m[0m
[  28% ] [90m[1mreimport[22m | 正在準備重新匯入檔案…[39m[0m
[  29% ] [90m[1mreimport[22m | 正在準備重新匯入檔案…[39m[0m
[  30% ] [90m[1mreimport[22m | 正在準備重新匯入檔案…[39m[0m
[  31% ] [90m[1mreimport[22m | 正在準備重新匯入檔案…[39m[0m
[  31% ] [90m[1mreimport[22m | 正在準備重新匯入檔案…[39m[0m
[  32% ] [90m[1mreimport[22m | 正在準備重新匯入檔案…[39m[0m
[  33% ] [90m[1mreimport[22m | 正在準備重新匯入檔案…[39m[0m
[  34% ] [90m[1mreimport[22m | 正在準備重新匯入檔案…[39m[0m
[  35% ] [90m[1mreimport[22m | 正在準備重新匯入檔案…[39m[0m
[  36% ] [90m[1mreimport[22m | 正在準備重新匯入檔案…[39m[0m
[  36% ] [90m[1mreimport[22m | 正在準備重新匯入檔案…[39m[0m
[  37% ] [90m[1mreimport[22m | 正在準備重新匯入檔案…[39m[0m
[  38% ] [90m[1mreimport[22m | 正在準備重新匯入檔案…[39m[0m
[  39% ] [90m[1mreimport[22m | 正在準備重新匯入檔案…[39m[0m
[  40% ] [90m[1mreimport[22m | 正在準備重新匯入檔案…[39m[0m
[  40% ] [90m[1mreimport[22m | 正在準備重新匯入檔案…[39m[0m
[  41% ] [90m[1mreimport[22m | 正在準備重新匯入檔案…[39m[0m
[  42% ] [90m[1mreimport[22m | 正在準備重新匯入檔案…[39m[0m
[  43% ] [90m[1mreimport[22m | 正在準備重新匯入檔案…[39m[0m
[  44% ] [90m[1mreimport[22m | 正在準備重新匯入檔案…[39m[0m
[  45% ] [90m[1mreimport[22m | 正在準備重新匯入檔案…[39m[0m
[  45% ] [90m[1mreimport[22m | 正在準備重新匯入檔案…[39m[0m
[  46% ] [90m[1mreimport[22m | 正在準備重新匯入檔案…[39m[0m
[  47% ] [90m[1mreimport[22m | 正在準備重新匯入檔案…[39m[0m
[  48% ] [90m[1mreimport[22m | 正在準備重新匯入檔案…[39m[0m
[  49% ] [90m[1mreimport[22m | 正在準備重新匯入檔案…[39m[0m
[  50% ] [90m[1mreimport[22m | 正在準備重新匯入檔案…[39m[0m
[  50% ] [90m[1mreimport[22m | 正在準備重新匯入檔案…[39m[0m
[  51% ] [90m[1mreimport[22m | 正在準備重新匯入檔案…[39m[0m
[  52% ] [90m[1mreimport[22m | 正在準備重新匯入檔案…[39m[0m
[  53% ] [90m[1mreimport[22m | 正在準備重新匯入檔案…[39m[0m
[  54% ] [90m[1mreimport[22m | 正在準備重新匯入檔案…[39m[0m
[  54% ] [90m[1mreimport[22m | 正在準備重新匯入檔案…[39m[0m
[  55% ] [90m[1mreimport[22m | 正在準備重新匯入檔案…[39m[0m
[  56% ] [90m[1mreimport[22m | 正在準備重新匯入檔案…[39m[0m
[  57% ] [90m[1mreimport[22m | 正在準備重新匯入檔案…[39m[0m
[  58% ] [90m[1mreimport[22m | 正在準備重新匯入檔案…[39m[0m
[  59% ] [90m[1mreimport[22m | 正在準備重新匯入檔案…[39m[0m
[  59% ] [90m[1mreimport[22m | 正在準備重新匯入檔案…[39m[0m
[  60% ] [90m[1mreimport[22m | 正在準備重新匯入檔案…[39m[0m
[  61% ] [90m[1mreimport[22m | 正在準備重新匯入檔案…[39m[0m
[  62% ] [90m[1mreimport[22m | 正在準備重新匯入檔案…[39m[0m
[  63% ] [90m[1mreimport[22m | 正在準備重新匯入檔案…[39m[0m
[  63% ] [90m[1mreimport[22m | 正在準備重新匯入檔案…[39m[0m
[  64% ] [90m[1mreimport[22m | 正在準備重新匯入檔案…[39m[0m
[  65% ] [90m[1mreimport[22m | 正在準備重新匯入檔案…[39m[0m
[  66% ] [90m[1mreimport[22m | 正在準備重新匯入檔案…[39m[0m
[  67% ] [90m[1mreimport[22m | 正在準備重新匯入檔案…[39m[0m
[  68% ] [90m[1mreimport[22m | 正在準備重新匯入檔案…[39m[0m
[  68% ] [90m[1mreimport[22m | 正在準備重新匯入檔案…[39m[0m
[  69% ] [90m[1mreimport[22m | 正在準備重新匯入檔案…[39m[0m
[  70% ] [90m[1mreimport[22m | 正在準備重新匯入檔案…[39m[0m
[  71% ] [90m[1mreimport[22m | 正在準備重新匯入檔案…[39m[0m
[  72% ] [90m[1mreimport[22m | 正在準備重新匯入檔案…[39m[0m
[  72% ] [90m[1mreimport[22m | 正在準備重新匯入檔案…[39m[0m
[  73% ] [90m[1mreimport[22m | 正在準備重新匯入檔案…[39m[0m
[  74% ] [90m[1mreimport[22m | 正在準備重新匯入檔案…[39m[0m
[  75% ] [90m[1mreimport[22m | 正在準備重新匯入檔案…[39m[0m
[  76% ] [90m[1mreimport[22m | 正在準備重新匯入檔案…[39m[0m
[  77% ] [90m[1mreimport[22m | 正在準備重新匯入檔案…[39m[0m
[  77% ] [90m[1mreimport[22m | 正在準備重新匯入檔案…[39m[0m
[  78% ] [90m[1mreimport[22m | 正在準備重新匯入檔案…[39m[0m
[  79% ] [90m[1mreimport[22m | 正在準備重新匯入檔案…[39m[0m
[  80% ] [90m[1mreimport[22m | 正在準備重新匯入檔案…[39m[0m
[  81% ] [90m[1mreimport[22m | 正在準備重新匯入檔案…[39m[0m
[  81% ] [90m[1mreimport[22m | 正在準備重新匯入檔案…[39m[0m
[  82% ] [90m[1mreimport[22m | 正在準備重新匯入檔案…[39m[0m
[  83% ] [90m[1mreimport[22m | 正在準備重新匯入檔案…[39m[0m
[  84% ] [90m[1mreimport[22m | 正在準備重新匯入檔案…[39m[0m
[  85% ] [90m[1mreimport[22m | 正在準備重新匯入檔案…[39m[0m
[  86% ] [90m[1mreimport[22m | 正在準備重新匯入檔案…[39m[0m
[  86% ] [90m[1mreimport[22m | 正在準備重新匯入檔案…[39m[0m
[  87% ] [90m[1mreimport[22m | 正在準備重新匯入檔案…[39m[0m
[  88% ] [90m[1mreimport[22m | 正在準備重新匯入檔案…[39m[0m
[  89% ] [90m[1mreimport[22m | 正在準備重新匯入檔案…[39m[0m
[  90% ] [90m[1mreimport[22m | 正在準備重新匯入檔案…[39m[0m
[  90% ] [90m[1mreimport[22m | 正在準備重新匯入檔案…[39m[0m
[  91% ] [90m[1mreimport[22m | 正在準備重新匯入檔案…[39m[0m
[  92% ] [90m[1mreimport[22m | 正在準備重新匯入檔案…[39m[0m
[  93% ] [90m[1mreimport[22m | 正在準備重新匯入檔案…[39m[0m
[  94% ] [90m[1mreimport[22m | 正在準備重新匯入檔案…[39m[0m
[  95% ] [90m[1mreimport[22m | 正在準備重新匯入檔案…[39m[0m
[  95% ] [90m[1mreimport[22m | 正在準備重新匯入檔案…[39m[0m
[  96% ] [90m[1mreimport[22m | 正在準備重新匯入檔案…[39m[0m
[  97% ] [90m[1mreimport[22m | 正在準備重新匯入檔案…[39m[0m
[  98% ] [90m[1mreimport[22m | 正在準備重新匯入檔案…[39m[0m
[   0% ] [90m[1mreimport[22m | 執行預先重新匯入作業…[39m[0m
[   0% ] [90m[1mreimport[22m | 23_district_harbor_harbor_point_fitness.png[39m[0m
[   0% ] [90m[1mreimport[22m | 22_district_harbor_dockside_motors.png[39m[0m
[   1% ] [90m[1mreimport[22m | 21_district_harbor_pier7_warehouse.png[39m[0m
[   2% ] [90m[1mreimport[22m | 20_district_shopping_street_south.png[39m[0m
[   3% ] [90m[1mreimport[22m | 19_district_shopping_street_popup_unit.png[39m[0m
[   4% ] [90m[1mreimport[22m | 18_district_shopping_street_crestline_flagship.png[39m[0m
[   4% ] [90m[1mreimport[22m | 17_district_shopping_street_lantern_bistro.png[39m[0m
[   5% ] [90m[1mreimport[22m | 16_district_shopping_street_threadline_apparel.png[39m[0m
[   6% ] [90m[1mreimport[22m | 15_district_financial_south.png[39m[0m
[   7% ] [90m[1mreimport[22m | 14_district_financial_nexus_bank.png[39m[0m
[   8% ] [90m[1mreimport[22m | 13_district_civic_center_south.png[39m[0m
[   9% ] [90m[1mreimport[22m | 12_district_civic_center_city_hall.png[39m[0m
[   9% ] [90m[1mreimport[22m | 11_district_startup_hub_south.png[39m[0m
[  10% ] [90m[1mreimport[22m | 10_district_startup_hub_small_office.png[39m[0m
[  11% ] [90m[1mreimport[22m | 09_district_startup_hub_byte_and_bean.png[39m[0m
[  12% ] [90m[1mreimport[22m | 08_district_startup_hub_nexus_cowork.png[39m[0m
[  13% ] [90m[1mreimport[22m | 07_district_riverside_south.png[39m[0m
[  13% ] [90m[1mreimport[22m | 06_district_riverside_postpoint_riverside.png[39m[0m
[  14% ] [90m[1mreimport[22m | 05_district_riverside_bloom_coffee.png[39m[0m
[  15% ] [90m[1mreimport[22m | 04_district_riverside_riverside_apartment.png[39m[0m
[  16% ] [90m[1mreimport[22m | 03_arrival.png[39m[0m
[  17% ] [90m[1mreimport[22m | 02_creator.png[39m[0m
[  18% ] [90m[1mreimport[22m | 01_main_menu.png[39m[0m
[  18% ] [90m[1mreimport[22m | window_wide_night.png[39m[0m
[  19% ] [90m[1mreimport[22m | window_wide_day.png[39m[0m
[  20% ] [90m[1mreimport[22m | stool.png[39m[0m
[  21% ] [90m[1mreimport[22m | shoe_shelf.png[39m[0m
[  22% ] [90m[1mreimport[22m | server_rack_lights.png[39m[0m
[  22% ] [90m[1mreimport[22m | server_rack.png[39m[0m
[  23% ] [90m[1mreimport[22m | seal.png[39m[0m
[  24% ] [90m[1mreimport[22m | 53_threadline_wearing_executive.png[39m[0m
[  25% ] [90m[1mreimport[22m | 52_threadline_shop.png[39m[0m
[  26% ] [90m[1mreimport[22m | 51_shopping_street_market.png[39m[0m
[  27% ] [90m[1mreimport[22m | 50_shopping_street_night.png[39m[0m
[  27% ] [90m[1mreimport[22m | 49_startup_hub_night.png[39m[0m
[  28% ] [90m[1mreimport[22m | 48_riverside_night.png[39m[0m
[  29% ] [90m[1mreimport[22m | 47_riverside_dusk.png[39m[0m
[  30% ] [90m[1mreimport[22m | 46_interior_threadline_apparel.png[39m[0m
[  31% ] [90m[1mreimport[22m | 45_interior_small_office.png[39m[0m
[  31% ] [90m[1mreimport[22m | 44_interior_riverside_apartment.png[39m[0m
[  32% ] [90m[1mreimport[22m | 43_interior_postpoint_riverside.png[39m[0m
[  33% ] [90m[1mreimport[22m | 42_interior_popup_unit.png[39m[0m
[  34% ] [90m[1mreimport[22m | 41_interior_pier7_warehouse.png[39m[0m
[  35% ] [90m[1mreimport[22m | 40_interior_old_town_studio.png[39m[0m
[  36% ] [90m[1mreimport[22m | 39_interior_okafor_lettings.png[39m[0m
[  36% ] [90m[1mreimport[22m | 38_interior_nexus_cowork.png[39m[0m
[  37% ] [90m[1mreimport[22m | 37_interior_nexus_bank.png[39m[0m
[  38% ] [90m[1mreimport[22m | 36_interior_lantern_bistro.png[39m[0m
[  39% ] [90m[1mreimport[22m | 35_interior_harbor_point_fitness.png[39m[0m
[  40% ] [90m[1mreimport[22m | 34_interior_dockside_motors.png[39m[0m
[  40% ] [90m[1mreimport[22m | 33_interior_customs_house.png[39m[0m
[  41% ] [90m[1mreimport[22m | 32_interior_crestline_flagship.png[39m[0m
[  42% ] [90m[1mreimport[22m | 31_interior_corner_cafe_unit.png[39m[0m
[  43% ] [90m[1mreimport[22m | 30_interior_city_hall.png[39m[0m
[  44% ] [90m[1mreimport[22m | 29_interior_byte_and_bean.png[39m[0m
[  45% ] [90m[1mreimport[22m | 28_interior_bloom_coffee.png[39m[0m
[  45% ] [90m[1mreimport[22m | 27_world_map.png[39m[0m
[  46% ] [90m[1mreimport[22m | 26_city_map.png[39m[0m
[  47% ] [90m[1mreimport[22m | 25_district_harbor_south.png[39m[0m
[  48% ] [90m[1mreimport[22m | 24_district_harbor_customs_house.png[39m[0m
[  49% ] [90m[1mreimport[22m | server_rack_lights.png[39m[0m
[  50% ] [90m[1mreimport[22m | server_rack.png[39m[0m
[  50% ] [90m[1mreimport[22m | seal.png[39m[0m
[  51% ] [90m[1mreimport[22m | queue_barrier.png[39m[0m
[  52% ] [90m[1mreimport[22m | mirror_full.png[39m[0m
[  53% ] [90m[1mreimport[22m | mannequin.png[39m[0m
[  54% ] [90m[1mreimport[22m | logo_postpoint.png[39m[0m
[  54% ] [90m[1mreimport[22m | logo_nexus_bank.png[39m[0m
[  55% ] [90m[1mreimport[22m | logo_cowork.png[39m[0m
[  56% ] [90m[1mreimport[22m | logo_city_hall.png[39m[0m
[  57% ] [90m[1mreimport[22m | logo_bytebean.png[39m[0m
[  58% ] [90m[1mreimport[22m | logo_bloom.png[39m[0m
[  59% ] [90m[1mreimport[22m | lockers.png[39m[0m
[  59% ] [90m[1mreimport[22m | framed_art_b.png[39m[0m
[  60% ] [90m[1mreimport[22m | framed_art.png[39m[0m
[  61% ] [90m[1mreimport[22m | floor_wood_warm.png[39m[0m
[  62% ] [90m[1mreimport[22m | floor_wood_dark.png[39m[0m
[  63% ] [90m[1mreimport[22m | floor_wood_cafe.png[39m[0m
[  63% ] [90m[1mreimport[22m | floor_tile_white.png[39m[0m
[  64% ] [90m[1mreimport[22m | floor_marble.png[39m[0m
[  65% ] [90m[1mreimport[22m | floor_concrete.png[39m[0m
[  66% ] [90m[1mreimport[22m | floor_checker.png[39m[0m
[  67% ] [90m[1mreimport[22m | floor_carpet_navy.png[39m[0m
[  68% ] [90m[1mreimport[22m | fitting_room.png[39m[0m
[  68% ] [90m[1mreimport[22m | door_mat.png[39m[0m
[  69% ] [90m[1mreimport[22m | cork_board.png[39m[0m
[  70% ] [90m[1mreimport[22m | clothing_rack.png[39m[0m
[  71% ] [90m[1mreimport[22m | checkout_counter.png[39m[0m
[  72% ] [90m[1mreimport[22m | box.png[39m[0m
[  72% ] [90m[1mreimport[22m | armchair.png[39m[0m
[  73% ] [90m[1mreimport[22m | queue_barrier.png[39m[0m
[  74% ] [90m[1mreimport[22m | mirror_full.png[39m[0m
[  75% ] [90m[1mreimport[22m | mannequin.png[39m[0m
[  76% ] [90m[1mreimport[22m | logo_postpoint.png[39m[0m
[  77% ] [90m[1mreimport[22m | logo_nexus_bank.png[39m[0m
[  77% ] [90m[1mreimport[22m | logo_cowork.png[39m[0m
[  78% ] [90m[1mreimport[22m | logo_city_hall.png[39m[0m
[  79% ] [90m[1mreimport[22m | logo_bytebean.png[39m[0m
[  80% ] [90m[1mreimport[22m | logo_bloom.png[39m[0m
[  81% ] [90m[1mreimport[22m | lockers.png[39m[0m
[  81% ] [90m[1mreimport[22m | framed_art_b.png[39m[0m
[  82% ] [90m[1mreimport[22m | framed_art.png[39m[0m
[  83% ] [90m[1mreimport[22m | floor_wood_warm.png[39m[0m
[  84% ] [90m[1mreimport[22m | floor_wood_dark.png[39m[0m
[  85% ] [90m[1mreimport[22m | floor_wood_cafe.png[39m[0m
[  86% ] [90m[1mreimport[22m | floor_tile_white.png[39m[0m
[  86% ] [90m[1mreimport[22m | floor_marble.png[39m[0m
[  87% ] [90m[1mreimport[22m | floor_concrete.png[39m[0m
[  88% ] [90m[1mreimport[22m | floor_checker.png[39m[0m
[  89% ] [90m[1mreimport[22m | floor_carpet_navy.png[39m[0m
[  90% ] [90m[1mreimport[22m | fitting_room.png[39m[0m
[  90% ] [90m[1mreimport[22m | door_mat.png[39m[0m
[  91% ] [90m[1mreimport[22m | cork_board.png[39m[0m
[  92% ] [90m[1mreimport[22m | clothing_rack.png[39m[0m
[  93% ] [90m[1mreimport[22m | checkout_counter.png[39m[0m
[  94% ] [90m[1mreimport[22m | box.png[39m[0m
[  95% ] [90m[1mreimport[22m | armchair.png[39m[0m
[  95% ] [90m[1mreimport[22m | window_wide_night.png[39m[0m
[  96% ] [90m[1mreimport[22m | window_wide_day.png[39m[0m
[  97% ] [90m[1mreimport[22m | stool.png[39m[0m
[  98% ] [90m[1mreimport[22m | shoe_shelf.png[39m[0m
[  99% ] [90m[1mreimport[22m | 完成素材匯入...[39m[0m
[92m[ DONE ][39m [1mreimport[22m
[0m
[   0% ] [90m[1mreimport[22m | Started （重新）匯入素材 (121 steps)[39m[0m
[   0% ] [90m[1mreimport[22m | 執行重新匯入後續處理作業…[39m[0m
[92m[ DONE ][39m [1mreimport[22m
[0m
[   0% ] [90m[1mloading_editor_layout[22m | Started 載入編輯器 (5 steps)[39m[0m
[   0% ] [90m[1mloading_editor_layout[22m | 載入編輯器版面配置中…[39m[0m
[92m[ DONE ][39m [1mloading_editor_layout[22m
[0m
