Godot Engine v4.5.1.stable.official.f62fdbde1 - https://godotengine.org

[   0% ] [90m[1mfirst_scan_filesystem[22m | Started 專案初始化中 (5 steps)[39m[0m
[   0% ] [90m[1mfirst_scan_filesystem[22m | 正在掃描檔案結構…[39m[0m
[  16% ] [90m[1mfirst_scan_filesystem[22m | 載入全域類別名稱中…[39m[0m
[  33% ] [90m[1mfirst_scan_filesystem[22m | 正在驗證GD擴充功能...[39m[0m
[  50% ] [90m[1mfirst_scan_filesystem[22m | 正在建立自動載入腳本…[39m[0m
[  66% ] [90m[1mfirst_scan_filesystem[22m | 初始化外掛程式...[39m[0m
[  83% ] [90m[1mfirst_scan_filesystem[22m | 開始掃描檔案...[39m[0m
[92m[ DONE ][39m [1mfirst_scan_filesystem[22m
[0m
[   0% ] [90m[1m_update_scan_actions[22m | Started 掃描動作中... (68 steps)[39m[0m
[   0% ] [90m[1m_update_scan_actions[22m | armchair.png[39m[0m
[   1% ] [90m[1m_update_scan_actions[22m | box.png[39m[0m
[   2% ] [90m[1m_update_scan_actions[22m | checkout_counter.png[39m[0m
[   4% ] [90m[1m_update_scan_actions[22m | clothing_rack.png[39m[0m
[   5% ] [90m[1m_update_scan_actions[22m | cork_board.png[39m[0m
[   7% ] [90m[1m_update_scan_actions[22m | door_mat.png[39m[0m
[   8% ] [90m[1m_update_scan_actions[22m | fitting_room.png[39m[0m
[  10% ] [90m[1m_update_scan_actions[22m | floor_carpet_navy.png[39m[0m
[  11% ] [90m[1m_update_scan_actions[22m | floor_checker.png[39m[0m
[  13% ] [90m[1m_update_scan_actions[22m | floor_concrete.png[39m[0m
[  14% ] [90m[1m_update_scan_actions[22m | floor_marble.png[39m[0m
[  15% ] [90m[1m_update_scan_actions[22m | floor_tile_white.png[39m[0m
[  17% ] [90m[1m_update_scan_actions[22m | floor_wood_cafe.png[39m[0m
[  18% ] [90m[1m_update_scan_actions[22m | floor_wood_dark.png[39m[0m
[  20% ] [90m[1m_update_scan_actions[22m | floor_wood_warm.png[39m[0m
[  21% ] [90m[1m_update_scan_actions[22m | framed_art.png[39m[0m
[  23% ] [90m[1m_update_scan_actions[22m | framed_art_b.png[39m[0m
[  24% ] [90m[1m_update_scan_actions[22m | lockers.png[39m[0m
[  26% ] [90m[1m_update_scan_actions[22m | logo_bloom.png[39m[0m
[  27% ] [90m[1m_update_scan_actions[22m | logo_bytebean.png[39m[0m
[  28% ] [90m[1m_update_scan_actions[22m | logo_city_hall.png[39m[0m
[  30% ] [90m[1m_update_scan_actions[22m | logo_cowork.png[39m[0m
[  31% ] [90m[1m_update_scan_actions[22m | logo_nexus_bank.png[39m[0m
[  33% ] [90m[1m_update_scan_actions[22m | logo_postpoint.png[39m[0m
[  34% ] [90m[1m_update_scan_actions[22m | mannequin.png[39m[0m
[  36% ] [90m[1m_update_scan_actions[22m | mirror_full.png[39m[0m
[  37% ] [90m[1m_update_scan_actions[22m | queue_barrier.png[39m[0m
[  39% ] [90m[1m_update_scan_actions[22m | seal.png[39m[0m
[  40% ] [90m[1m_update_scan_actions[22m | server_rack.png[39m[0m
[  42% ] [90m[1m_update_scan_actions[22m | server_rack_lights.png[39m[0m
[  43% ] [90m[1m_update_scan_actions[22m | shoe_shelf.png[39m[0m
[  44% ] [90m[1m_update_scan_actions[22m | stool.png[39m[0m
[  46% ] [90m[1m_update_scan_actions[22m | window_wide_day.png[39m[0m
[  47% ] [90m[1m_update_scan_actions[22m | window_wide_night.png[39m[0m
[  49% ] [90m[1m_update_scan_actions[22m | armchair.png[39m[0m
[  50% ] [90m[1m_update_scan_actions[22m | box.png[39m[0m
[  52% ] [90m[1m_update_scan_actions[22m | checkout_counter.png[39m[0m
[  53% ] [90m[1m_update_scan_actions[22m | clothing_rack.png[39m[0m
[  55% ] [90m[1m_update_scan_actions[22m | cork_board.png[39m[0m
[  56% ] [90m[1m_update_scan_actions[22m | door_mat.png[39m[0m
[  57% ] [90m[1m_update_scan_actions[22m | fitting_room.png[39m[0m
[  59% ] [90m[1m_update_scan_actions[22m | floor_carpet_navy.png[39m[0m
[  60% ] [90m[1m_update_scan_actions[22m | floor_checker.png[39m[0m
[  62% ] [90m[1m_update_scan_actions[22m | floor_concrete.png[39m[0m
[  63% ] [90m[1m_update_scan_actions[22m | floor_marble.png[39m[0m
[  65% ] [90m[1m_update_scan_actions[22m | floor_tile_white.png[39m[0m
[  66% ] [90m[1m_update_scan_actions[22m | floor_wood_cafe.png[39m[0m
[  68% ] [90m[1m_update_scan_actions[22m | floor_wood_dark.png[39m[0m
[  69% ] [90m[1m_update_scan_actions[22m | floor_wood_warm.png[39m[0m
[  71% ] [90m[1m_update_scan_actions[22m | framed_art.png[39m[0m
[  72% ] [90m[1m_update_scan_actions[22m | framed_art_b.png[39m[0m
[  73% ] [90m[1m_update_scan_actions[22m | lockers.png[39m[0m
[  75% ] [90m[1m_update_scan_actions[22m | logo_bloom.png[39m[0m
[  76% ] [90m[1m_update_scan_actions[22m | logo_bytebean.png[39m[0m
[  78% ] [90m[1m_update_scan_actions[22m | logo_city_hall.png[39m[0m
[  79% ] [90m[1m_update_scan_actions[22m | logo_cowork.png[39m[0m
[  81% ] [90m[1m_update_scan_actions[22m | logo_nexus_bank.png[39m[0m
[  82% ] [90m[1m_update_scan_actions[22m | logo_postpoint.png[39m[0m
[  84% ] [90m[1m_update_scan_actions[22m | mannequin.png[39m[0m
[  85% ] [90m[1m_update_scan_actions[22m | mirror_full.png[39m[0m
[  86% ] [90m[1m_update_scan_actions[22m | queue_barrier.png[39m[0m
[  88% ] [90m[1m_update_scan_actions[22m | seal.png[39m[0m
[  89% ] [90m[1m_update_scan_actions[22m | server_rack.png[39m[0m
[  91% ] [90m[1m_update_scan_actions[22m | server_rack_lights.png[39m[0m
[  92% ] [90m[1m_update_scan_actions[22m | shoe_shelf.png[39m[0m
[  94% ] [90m[1m_update_scan_actions[22m | stool.png[39m[0m
[  95% ] [90m[1m_update_scan_actions[22m | window_wide_day.png[39m[0m
[  97% ] [90m[1m_update_scan_actions[22m | window_wide_night.png[39m[0m
[92m[ DONE ][39m [1m_update_scan_actions[22m
[0m
[   0% ] [90m[1mreimport[22m | Started （重新）匯入素材 (2 steps)[39m[0m
[   0% ] [90m[1mreimport[22m | 正在準備重新匯入檔案…[39m[0m
[  33% ] [90m[1mreimport[22m | 正在準備重新匯入檔案…[39m[0m
[   0% ] [90m[1mreimport[22m | 執行預先重新匯入作業…[39m[0m
[   0% ] [90m[1mreimport[22m | mannequin.png[39m[0m
[  33% ] [90m[1mreimport[22m | mannequin.png[39m[0m
[  66% ] [90m[1mreimport[22m | 完成素材匯入...[39m[0m
[92m[ DONE ][39m [1mreimport[22m
[0m
[   0% ] [90m[1mreimport[22m | Started （重新）匯入素材 (2 steps)[39m[0m
[   0% ] [90m[1mreimport[22m | 執行重新匯入後續處理作業…[39m[0m
[92m[ DONE ][39m [1mreimport[22m
[0m
[   0% ] [90m[1mloading_editor_layout[22m | Started 載入編輯器 (5 steps)[39m[0m
[   0% ] [90m[1mloading_editor_layout[22m | 載入編輯器版面配置中…[39m[0m
[92m[ DONE ][39m [1mloading_editor_layout[22m
[0m
