Godot Engine v4.5.1.stable.official.f62fdbde1 - https://godotengine.org
OpenGL API 3.3.0 NVIDIA 462.59 - Compatibility - Using Device: NVIDIA - Quadro RTX 4000

   0.2s STEP Main menu → New Game
   0.7s   shot 01_main_menu.png
   0.7s   click [NewGame] New Game
   0.9s   click [CreateRunCharacter] Create character
   2.2s STEP Character Creator
   2.3s   shot 02_creator_default.png
   2.3s   click [Tab_hair] Hair
   2.4s   click [Next_hair] ▶
   2.8s   click [Tab_face] Face
   3.0s   click [Next_face] ▶
   3.1s   click [Next_eye_shape] ▶
   3.3s   click [Tab_body] Body
   3.4s   click [Next_presentation] ▶
   4.1s   shot 03_creator_customised.png
   4.1s   click [Tab_outfit] Outfit
   4.2s   click "Startup Casual"
   4.8s   ok  appearance changed from default (short_neat)
   4.9s   shot 04_creator_final.png
   4.9s   click [Start] Start in Aurelia  →
   5.1s [6月1日（週日） 下午 2:00] STEP Arrival sequence
   7.7s [6月1日（週日） 下午 2:00]   shot 05_arrival_train.png
  11.3s [6月1日（週日） 下午 2:00]   shot 06_arrival_phone.png
  16.5s [6月1日（週日） 下午 2:01]   ok  spawned in the Riverside apartment
  16.5s [6月1日（週日） 下午 2:01]   ok  starting cash $30,000
  16.5s [6月1日（週日） 下午 2:01]   ok  name saved
  18.3s [6月1日（週日） 下午 2:03]   shot 07_apartment_arrival.png
  18.3s [6月1日（週日） 下午 2:03] STEP Audio listening route: district day/night, work rooms, cues and stems
  20.0s [6月1日（週日） 下午 2:04]   ok  real day ambience airport
  21.5s [6月2日（週一） 上午 12:03]   ok  real night ambience airport
  21.8s [6月2日（週一） 上午 12:03]   shot 08_audio_airport_night.png
  23.5s [6月1日（週日） 下午 2:05]   ok  real day ambience civic_center
  25.0s [6月2日（週一） 上午 12:03]   ok  real night ambience civic_center
  27.0s [6月1日（週日） 下午 2:05]   ok  real day ambience financial
  28.5s [6月2日（週一） 上午 12:03]   ok  real night ambience financial
  30.6s [6月1日（週日） 下午 2:05]   ok  real day ambience harbor
  32.1s [6月2日（週一） 上午 12:03]   ok  real night ambience harbor
  34.1s [6月1日（週日） 下午 2:06]   ok  real day ambience industrial
  35.6s [6月2日（週一） 上午 12:03]   ok  real night ambience industrial
  35.8s [6月2日（週一） 上午 12:03]   shot 09_audio_industrial_night.png
  37.6s [6月1日（週日） 下午 2:05]   ok  real day ambience luxury_heights
  39.1s [6月2日（週一） 上午 12:03]   ok  real night ambience luxury_heights
  41.1s [6月1日（週日） 下午 2:05]   ok  real day ambience old_town
  42.6s [6月2日（週一） 上午 12:03]   ok  real night ambience old_town
  44.7s [6月1日（週日） 下午 2:06]   ok  real day ambience residential
  46.2s [6月2日（週一） 上午 12:03]   ok  real night ambience residential
  48.2s [6月1日（週日） 下午 2:06]   ok  real day ambience riverside
  49.7s [6月2日（週一） 上午 12:03]   ok  real night ambience riverside
  49.9s [6月2日（週一） 上午 12:03]   shot 10_audio_riverside_night.png
  51.7s [6月1日（週日） 下午 2:05]   ok  real day ambience shopping_street
  53.2s [6月2日（週一） 上午 12:03]   ok  real night ambience shopping_street
  55.2s [6月1日（週日） 下午 2:05]   ok  real day ambience startup_hub
  56.7s [6月2日（週一） 上午 12:03]   ok  real night ambience startup_hub
  58.8s [6月1日（週日） 下午 2:06]   ok  real day ambience university
  60.3s [6月2日（週一） 上午 12:03]   ok  real night ambience university
  62.3s [6月1日（週日） 下午 2:06]   ok  actual Music/Ambient playback unit12_factory
  64.3s [6月1日（週日） 下午 2:09]   ok  actual Music/Ambient playback the_aster
  66.3s [6月1日（週日） 下午 2:12]   ok  actual Music/Ambient playback nexus_cowork
  68.3s [6月1日（週日） 下午 2:15]   ok  actual Music/Ambient playback bloom_coffee
  68.7s [6月1日（週日） 下午 2:15]   click [Close] ×
  69.4s [6月1日（週日） 下午 2:15]   click [Close] ×
  70.2s [6月1日（週日） 下午 2:15]   click [Close] ×
  71.0s [6月1日（週日） 下午 2:15]   click [Close] ×
  71.7s [6月1日（週日） 下午 2:15]   click [Close] ×
  72.5s [6月1日（週日） 下午 2:15]   click [Close] ×
  73.3s [6月1日（週日） 下午 2:15]   click [Close] ×
  75.5s [6月1日（週日） 下午 2:15]   ok  rapid crossfades cannot stop the latest track
  77.0s [6月1日（週日） 下午 2:15]   ok  crisis stems actually synchronized and playing
  77.0s [6月1日（週日） 下午 2:15]   ok  stem playback position stays within 50 milliseconds
  77.0s [6月1日（週日） 下午 2:15]   ok  stem playback position stays within 50 milliseconds
  82.5s [6月1日（週日） 下午 2:15]   ok  victory returns to scene score after expiry
  83.8s [6月1日（週日） 下午 2:15]   ok  at least sixty seconds of native audio trigger evidence
  83.8s [6月1日（週日） 下午 2:15]   ok  audio route does not invent revenue
  83.8s [6月1日（週日） 下午 2:15] BOT FINISHED — 0 failure(s) · 83.8s real
  83.8s [6月1日（週日） 下午 2:15] English audit: 1 on-screen text(s) with untranslated words
