Godot Engine v4.5.1.stable.official.f62fdbde1 - https://godotengine.org
OpenGL API 3.3.0 NVIDIA 462.59 - Compatibility - Using Device: NVIDIA - Quadro RTX 4000

   0.4s   shot 01_main_menu.png
   0.7s   ok  F12 bug report written (C:/Users/User/AppData/Roaming/CityVenture/reports/20261006_115331)
   1.3s   shot 02_creator.png
   7.6s [6月1日（週日） 下午 2:00]   shot 03_arrival.png
   9.3s [6月1日（週日） 下午 2:00]   shot 04_district_riverside_riverside_apartment.png
  10.3s [6月1日（週日） 下午 2:01]   shot 05_district_riverside_bloom_coffee.png
  11.3s [6月1日（週日） 下午 2:02]   shot 06_district_riverside_postpoint_riverside.png
  11.8s [6月1日（週日） 下午 2:03]   shot 07_district_riverside_south.png
  12.9s [6月1日（週日） 下午 2:04]   shot 08_district_startup_hub_nexus_cowork.png
  13.9s [6月1日（週日） 下午 2:05]   shot 09_district_startup_hub_byte_and_bean.png
  14.9s [6月1日（週日） 下午 2:07]   shot 10_district_startup_hub_small_office.png
  15.4s [6月1日（週日） 下午 2:08]   shot 11_district_startup_hub_south.png
  16.5s [6月1日（週日） 下午 2:09]   shot 12_district_civic_center_city_hall.png
  17.6s [6月1日（週日） 下午 2:10]   shot 13_district_civic_center_civic_clinic.png
  18.0s [6月1日（週日） 下午 2:11]   shot 14_district_civic_center_south.png
  19.2s [6月1日（週日） 下午 2:12]   shot 15_district_financial_nexus_bank.png
  20.1s [6月1日（週日） 下午 2:13]   shot 16_district_financial_meridian_trade_desk.png
  20.6s [6月1日（週日） 下午 2:14]   shot 17_district_financial_south.png
  21.7s [6月1日（週日） 下午 2:15]   shot 18_district_shopping_street_threadline_apparel.png
  22.8s [6月1日（週日） 下午 2:16]   shot 19_district_shopping_street_lantern_bistro.png
  23.8s [6月1日（週日） 下午 2:18]   shot 20_district_shopping_street_crestline_flagship.png
  24.7s [6月1日（週日） 下午 2:19]   shot 21_district_shopping_street_popup_unit.png
  25.3s [6月1日（週日） 下午 2:20]   shot 22_district_shopping_street_south.png
  26.4s [6月1日（週日） 下午 2:20]   shot 23_district_harbor_pier7_warehouse.png
  27.4s [6月1日（週日） 下午 2:22]   shot 24_district_harbor_dockside_motors.png
  28.4s [6月1日（週日） 下午 2:23]   shot 25_district_harbor_harbor_point_fitness.png
  29.4s [6月1日（週日） 下午 2:24]   shot 26_district_harbor_customs_house.png
  29.9s [6月1日（週日） 下午 2:25]   shot 27_district_harbor_south.png
  30.3s [6月1日（週日） 下午 2:26]   shot 28_city_map.png
  30.8s [6月1日（週日） 下午 2:26]   shot 29_world_map.png
  31.5s [6月1日（週日） 下午 2:27]   shot 30_interior_airport_terminal.png
  32.3s [6月1日（週日） 下午 2:28]   shot 31_interior_aurelia_auto_auction.png
  33.1s [6月1日（週日） 下午 2:30]   shot 32_interior_aurelia_university.png
  33.9s [6月1日（週日） 下午 2:31]   shot 33_interior_birch_row.png
  34.8s [6月1日（週日） 下午 2:32]   shot 34_interior_bloom_coffee.png
  35.5s [6月1日（週日） 下午 2:33]   shot 35_interior_byte_and_bean.png
  36.4s [6月1日（週日） 下午 2:34]   shot 36_interior_campus_radio.png
  37.1s [6月1日（週日） 下午 2:35]   shot 37_interior_cargo_terminal.png
  38.0s [6月1日（週日） 下午 2:37]   shot 38_interior_city_hall.png
  38.8s [6月1日（週日） 下午 2:38]   shot 39_interior_civic_clinic.png
  39.7s [6月1日（週日） 下午 2:38]   shot 40_interior_corner_cafe_unit.png
  40.5s [6月1日（週日） 下午 2:39]   shot 41_interior_crestline_flagship.png
  41.2s [6月1日（週日） 下午 2:40]   shot 42_interior_customs_house.png
  42.0s [6月1日（週日） 下午 2:41]   shot 43_interior_dockside_motors.png
  42.9s [6月1日（週日） 下午 2:43]   shot 44_interior_ferro_supply.png
  43.7s [6月1日（週日） 下午 2:44]   shot 45_interior_garden_villa.png
  44.4s [6月1日（週日） 下午 2:45]   shot 46_interior_gateway_car_rental.png
  45.3s [6月1日（週日） 下午 2:46]   shot 47_interior_harbor_point_fitness.png
  46.1s [6月1日（週日） 下午 2:47]   shot 48_interior_harlow_finch.png
  47.0s [6月1日（週日） 下午 2:48]   shot 49_interior_heights_penthouse.png
  47.7s [6月1日（週日） 下午 2:50]   shot 50_interior_helio_supply.png
  48.5s [6月1日（週日） 下午 2:51]   shot 51_interior_helio_warehouse.png
  49.3s [6月1日（週日） 下午 2:52]   shot 52_interior_kessler_precision.png
  50.1s [6月1日（週日） 下午 2:53]   shot 53_interior_lantern_bistro.png
  50.9s [6月1日（週日） 下午 2:54]   shot 54_interior_lot7.png
  51.7s [6月1日（週日） 下午 2:55]   shot 55_interior_maple_court.png
  52.6s [6月1日（週日） 下午 2:57]   shot 56_interior_maple_owner_home.png
  53.3s [6月1日（週日） 下午 2:58]   shot 57_interior_meridian_trade_desk.png
  54.2s [6月1日（週日） 下午 2:59]   shot 58_interior_nexus_bank.png
  55.0s [6月1日（週日） 下午 3:00]   shot 59_interior_nexus_cowork.png
  55.8s [6月1日（週日） 下午 3:01]   shot 60_interior_observation_deck.png
  56.5s [6月1日（週日） 下午 3:02]   shot 61_interior_okafor_lettings.png
  57.4s [6月1日（週日） 下午 3:04]   shot 62_interior_old_town_studio.png
  58.2s [6月1日（週日） 下午 3:05]   shot 63_interior_pier7_warehouse.png
  58.9s [6月1日（週日） 下午 3:06]   shot 64_interior_popup_unit.png
  59.8s [6月1日（週日） 下午 3:07]   shot 65_interior_postpoint_riverside.png
  60.6s [6月1日（週日） 下午 3:08]   shot 66_interior_riverside_apartment.png
  61.4s [6月1日（週日） 下午 3:09]   shot 67_interior_shift_diner.png
  62.2s [6月1日（週日） 下午 3:11]   shot 68_interior_skyline_grand.png
  63.0s [6月1日（週日） 下午 3:12]   shot 69_interior_small_office.png
  63.8s [6月1日（週日） 下午 3:13]   shot 70_interior_the_aster.png
  64.5s [6月1日（週日） 下午 3:14]   shot 71_interior_the_loft.png
  65.4s [6月1日（週日） 下午 3:15]   shot 72_interior_threadline_apparel.png
  66.2s [6月1日（週日） 下午 3:17]   shot 73_interior_unit12_factory.png
  67.3s [6月1日（週日） 下午 8:18]   shot 74_riverside_dusk.png
  67.8s [6月2日（週一） 上午 12:18]   shot 75_riverside_night.png
  68.8s [6月2日（週一） 上午 12:20]   shot 76_startup_hub_night.png
  69.7s [6月2日（週一） 上午 12:20]   shot 77_shopping_street_night.png
  70.6s [6月7日（週六） 上午 11:22]   ok  six market stalls out on Saturday morning (6)
  70.7s [6月7日（週六） 上午 11:22]   shot 78_shopping_street_market.png
  71.8s [6月7日（週六） 上午 11:23]   ok  player stays at the door after entering ((192.0, 202.0))
  71.8s [6月7日（週六） 上午 11:23]   ok  Nina at the Threadline counter
  72.2s [6月7日（週六） 上午 11:24]   click [Item_executive] 主管 · $640
  72.6s [6月7日（週六） 上午 11:25]   click [Buy] 購買——$640
  73.1s [6月7日（週六） 上午 11:25]   ok  bought the Executive outfit
  73.1s [6月7日（週六） 上午 11:25]   shot 79_threadline_shop.png
  73.1s [6月7日（週六） 上午 11:25]   click [Wear] Wear it now
  73.8s [6月7日（週六） 上午 11:27]   ok  wearing Executive
  74.0s [6月7日（週六） 上午 11:27]   shot 80_threadline_wearing_executive.png
  74.0s [6月7日（週六） 上午 11:27] BOT FINISHED — 0 failure(s) · 74.0s real
  74.0s [6月7日（週六） 上午 11:27] English audit: 0 on-screen text(s) with untranslated words
