Godot Engine v4.5.1.stable.official.f62fdbde1 - https://godotengine.org
OpenGL API 3.3.0 NVIDIA 462.59 - Compatibility - Using Device: NVIDIA - Quadro RTX 4000

   0.1s   shot 01_main_menu.png
   0.2s   ok  F12 bug report written (C:/Users/User/AppData/Roaming/CityVenture/reports/20260930_190820)
   1.0s   shot 02_creator.png
   7.2s [6月1日（週日） 下午 2:00]   shot 03_arrival.png
   8.2s [6月1日（週日） 下午 2:01]   shot 04_district_riverside_riverside_apartment.png
   9.2s [6月1日（週日） 下午 2:02]   shot 05_district_riverside_bloom_coffee.png
  10.2s [6月1日（週日） 下午 2:04]   shot 06_district_riverside_postpoint_riverside.png
  10.8s [6月1日（週日） 下午 2:05]   shot 07_district_riverside_south.png
  11.8s [6月1日（週日） 下午 2:06]   shot 08_district_startup_hub_nexus_cowork.png
  12.8s [6月1日（週日） 下午 2:08]   shot 09_district_startup_hub_byte_and_bean.png
  13.8s [6月1日（週日） 下午 2:09]   shot 10_district_startup_hub_small_office.png
  14.4s [6月1日（週日） 下午 2:10]   shot 11_district_startup_hub_south.png
  15.4s [6月1日（週日） 下午 2:12]   shot 12_district_civic_center_city_hall.png
  16.0s [6月1日（週日） 下午 2:13]   shot 13_district_civic_center_south.png
  17.0s [6月1日（週日） 下午 2:14]   shot 14_district_financial_nexus_bank.png
  17.6s [6月1日（週日） 下午 2:15]   shot 15_district_financial_south.png
  18.6s [6月1日（週日） 下午 2:17]   shot 16_district_shopping_street_threadline_apparel.png
  19.6s [6月1日（週日） 下午 2:18]   shot 17_district_shopping_street_lantern_bistro.png
  20.6s [6月1日（週日） 下午 2:20]   shot 18_district_shopping_street_crestline_flagship.png
  21.7s [6月1日（週日） 下午 2:21]   shot 19_district_shopping_street_popup_unit.png
  22.2s [6月1日（週日） 下午 2:22]   shot 20_district_shopping_street_south.png
  22.7s [6月1日（週日） 下午 2:23]   shot 21_city_map.png
  23.1s [6月1日（週日） 下午 2:23]   shot 22_world_map.png
  24.0s [6月1日（週日） 下午 2:24]   shot 23_interior_bloom_coffee.png
  24.7s [6月1日（週日） 下午 2:26]   shot 24_interior_byte_and_bean.png
  25.6s [6月1日（週日） 下午 2:27]   shot 25_interior_city_hall.png
  26.3s [6月1日（週日） 下午 2:28]   shot 26_interior_corner_cafe_unit.png
  27.2s [6月1日（週日） 下午 2:29]   shot 27_interior_crestline_flagship.png
  27.9s [6月1日（週日） 下午 2:30]   shot 28_interior_lantern_bistro.png
  28.8s [6月1日（週日） 下午 2:32]   shot 29_interior_nexus_bank.png
  29.6s [6月1日（週日） 下午 2:33]   shot 30_interior_nexus_cowork.png
  30.4s [6月1日（週日） 下午 2:34]   shot 31_interior_okafor_lettings.png
  31.2s [6月1日（週日） 下午 2:35]   shot 32_interior_old_town_studio.png
  32.0s [6月1日（週日） 下午 2:36]   shot 33_interior_popup_unit.png
  32.8s [6月1日（週日） 下午 2:37]   shot 34_interior_postpoint_riverside.png
  33.6s [6月1日（週日） 下午 2:39]   shot 35_interior_riverside_apartment.png
  34.4s [6月1日（週日） 下午 2:40]   shot 36_interior_small_office.png
  35.2s [6月1日（週日） 下午 2:41]   shot 37_interior_threadline_apparel.png
  36.2s [6月1日（週日） 下午 7:43]   shot 38_riverside_dusk.png
  36.7s [6月1日（週日） 下午 11:43]   shot 39_riverside_night.png
  37.7s [6月1日（週日） 下午 11:45]   shot 40_startup_hub_night.png
  38.7s [6月1日（週日） 下午 11:46]   shot 41_shopping_street_night.png
  39.6s [6月7日（週六） 上午 11:48]   ok  six market stalls out on Saturday morning (6)
  39.7s [6月7日（週六） 上午 11:48]   shot 42_shopping_street_market.png
  40.8s [6月7日（週六） 上午 11:50]   ok  player stays at the door after entering ((192.0, 202.0))
  40.8s [6月7日（週六） 上午 11:50]   ok  Nina at the Threadline counter
  41.2s [6月7日（週六） 上午 11:50]   click [Item_executive] 主管 · $640
  41.6s [6月7日（週六） 上午 11:51]   click [Buy] 購買——$640.00
  42.0s [6月7日（週六） 上午 11:52]   ok  bought the Executive outfit
  42.1s [6月7日（週六） 上午 11:52]   shot 43_threadline_shop.png
  42.1s [6月7日（週六） 上午 11:52]   click [Wear] Wear it now
  42.7s [6月7日（週六） 上午 11:53]   ok  wearing Executive
  42.9s [6月7日（週六） 上午 11:53]   shot 44_threadline_wearing_executive.png
  42.9s [6月7日（週六） 上午 11:53] BOT FINISHED — 0 failure(s) · 42.9s real
  42.9s [6月7日（週六） 上午 11:53] English audit: 0 on-screen text(s) with untranslated words
