Godot Engine v4.5.1.stable.official.f62fdbde1 - https://godotengine.org
OpenGL API 3.3.0 NVIDIA 462.59 - Compatibility - Using Device: NVIDIA - Quadro RTX 4000

   1.0s STEP Main menu → New Game
   2.9s   shot 01_main_menu.png
   2.9s   click [NewGame] New Game
   4.3s STEP Character Creator
   4.4s   shot 02_creator_default.png
   4.4s   click [Tab_hair] Hair
   4.5s   click [Next_hair] ▶
   4.9s   click [Tab_face] Face
   5.0s   click [Next_face] ▶
   5.1s   click [Next_eye_shape] ▶
   5.2s   click [Tab_body] Body
   5.3s   click [Next_presentation] ▶
   5.9s   shot 03_creator_customised.png
   5.9s   click [Tab_outfit] Outfit
   5.9s   click "Startup Casual"
   6.5s   ok  appearance changed from default (short_neat)
   6.6s   shot 04_creator_final.png
   6.6s   click [Start] Start in Aurelia  →
   6.7s [6月1日（週日） 下午 2:00] STEP Arrival sequence
   9.5s [6月1日（週日） 下午 2:00]   shot 05_arrival_train.png
  13.3s [6月1日（週日） 下午 2:00]   shot 06_arrival_phone.png
  18.6s [6月1日（週日） 下午 2:01]   ok  spawned in the Riverside apartment
  18.6s [6月1日（週日） 下午 2:01]   ok  starting cash $30,000
  18.6s [6月1日（週日） 下午 2:01]   ok  name saved
  20.4s [6月1日（週日） 下午 2:03]   shot 07_apartment_arrival.png
  20.4s [6月1日（週日） 下午 2:03] STEP (harness) skip to Chapter 10
  21.4s [6月1日（週日） 下午 2:04] STEP Industrial — factory lease, machine, technician and first OEM invoice
  25.9s [6月1日（週日） 下午 2:10]   ok  walked back outside
  35.3s [6月1日（週日） 下午 2:25]   use "捷運——河濱區站"
  36.3s [6月1日（週日） 下午 2:26]   shot 08_metro_industrial.png
  36.3s [6月1日（週日） 下午 2:26]   click [Go_industrial] 工業區  ·  14 分鐘
  37.4s [6月1日（週日） 下午 2:41]   ok  took the Metro to Industrial
  37.5s [6月1日（週日） 下午 2:41]   shot 09_industrial_day.png
  49.3s [6月1日（週日） 下午 2:59]   ok  entered Unit 12 Light Industrial
  52.3s [6月1日（週日） 下午 3:04]   use "Lease Unit 12"
  52.4s [6月1日（週日） 下午 3:04]   click [SignLease_unit12_factory] Sign the lease
  52.9s [6月1日（週日） 下午 3:05]   ok  factory lease signed with actual company funds
  53.1s [6月1日（週日） 下午 3:05]   shot 10_factory_interior.png
  54.0s [6月1日（週日） 下午 3:06]   use "Open Line Planner"
  54.1s [6月1日（週日） 下午 3:06]   click [OpenFactory] Open the factory
  54.3s [6月1日（週日） 下午 3:06]   click [RentMachine] Rent machine · $1,400/month
  54.4s [6月1日（週日） 下午 3:07]   click [HireTomas] Hire Tomas · $1,100/week
  54.5s [6月1日（週日） 下午 3:07]   ok  hired a production technician
  54.5s [6月1日（週日） 下午 3:07]   click [Quote_RFQ-1] Send quote
  54.7s [6月1日（週日） 下午 3:07]   ok  OEM quote became a Jobs contract with deposit
  54.7s [6月1日（週日） 下午 3:07]   click [MaterialMore] +100 units
  54.9s [6月1日（週日） 下午 3:07]   click [MaterialMore] +100 units
  55.0s [6月1日（週日） 下午 3:07]   click [MaterialMore] +100 units
  55.1s [6月1日（週日） 下午 3:08]   click [MaterialMore] +100 units
  55.3s [6月1日（週日） 下午 3:08]   click [MaterialMore] +100 units
  55.5s [6月1日（週日） 下午 3:08]   click [MaterialMore] +100 units
  55.6s [6月1日（週日） 下午 3:08]   click [MaterialMore] +100 units
  55.8s [6月1日（週日） 下午 3:09]   click [MaterialMore] +100 units
  55.9s [6月1日（週日） 下午 3:09]   click [MaterialMore] +100 units
  56.0s [6月1日（週日） 下午 3:09]   click [MaterialMore] +100 units
  56.2s [6月1日（週日） 下午 3:09]   click [BuyMaterials] Order Ferro materials
  56.9s [6月3日（週二） 下午 3:10]   shot 11_decision_low_cash_warning.png
  56.9s [6月3日（週二） 下午 3:10]   decision low_cash_warning → reduce
  56.9s [6月3日（週二） 下午 3:10]   click [Choice_reduce] 縮減開支（暫停廣告、生活從簡）
  58.3s [6月3日（週二） 下午 3:10]   shot 12_decision_outcome_low_cash_warning.png
  58.3s [6月3日（週二） 下午 3:10]   click "OK"
  59.0s [6月3日（週二） 下午 3:10]   use "Open Line Planner"
  59.1s [6月3日（週二） 下午 3:11]   click [Select_JOB-1] Schedule this order
  59.2s [6月3日（週二） 下午 3:11]   click [FactoryOvertime] ✗ 加班 · 工資 ×1.5、良率降低 2 個百分點
  59.4s [6月3日（週二） 下午 3:11]   click [More_hours] +
  59.5s [6月3日（週二） 下午 3:11]   click [More_hours] +
  59.7s [6月3日（週二） 下午 3:11]   click [More_hours] +
  59.8s [6月3日（週二） 下午 3:12]   click [More_hours] +
  60.0s [6月3日（週二） 下午 3:12]   click [More_hours] +
  60.1s [6月3日（週二） 下午 3:12]   click [More_hours] +
  60.3s [6月3日（週二） 下午 3:12]   click [More_hours] +
  60.4s [6月3日（週二） 下午 3:13]   click [More_hours] +
  60.6s [6月3日（週二） 下午 3:13]   shot 13_line_planner.png
  60.6s [6月3日（週二） 下午 3:13]   click [ReserveSlot] Reserve production slot
  61.3s [6月5日（週四） 上午 1:00]   shot 14_decision_low_cash_warning.png
  61.3s [6月5日（週四） 上午 1:00]   decision low_cash_warning → reduce
  61.3s [6月5日（週四） 上午 1:00]   click [Choice_reduce] 縮減開支（暫停廣告、生活從簡）
  62.6s [6月5日（週四） 上午 1:00]   shot 15_decision_outcome_low_cash_warning.png
  62.6s [6月5日（週四） 上午 1:00]   click "OK"
  63.3s [6月5日（週四） 上午 1:00]   use "Open Line Planner"
  63.4s [6月5日（週四） 上午 1:01]   click [Deliver_JOB-1] Deliver and invoice
  63.5s [6月5日（週四） 上午 1:01]   ok  first factory revenue has a completed traceable order
  63.5s [6月5日（週四） 上午 1:01]   click [FactoryTab_quality] Quality results
  63.7s [6月5日（週四） 上午 1:01]   shot 16_factory_quality.png
  63.7s [6月5日（週四） 上午 1:01]   ok  OEM material, overtime, invoice and return journals balanced
  68.4s [6月5日（週四） 上午 1:09]   ok  walked back outside
  68.6s [6月5日（週四） 下午 9:00]   shot 17_industrial_night.png
  68.8s [6月5日（週四） 下午 9:00]   shot 18_decision_manufacturing_shortage.png
  68.8s [6月5日（週四） 下午 9:00]   decision manufacturing_shortage → wait
  68.8s [6月5日（週四） 下午 9:00]   click [Choice_wait] 等待延遲的原料
  70.2s [6月5日（週四） 下午 9:00]   shot 19_decision_outcome_manufacturing_shortage.png
  70.2s [6月5日（週四） 下午 9:00]   click "OK"
  80.9s [6月5日（週四） 下午 9:16]   use "捷運——工業區站"
  81.8s [6月5日（週四） 下午 9:17]   shot 20_metro_riverside.png
  81.8s [6月5日（週四） 下午 9:17]   click [Go_riverside] 河濱區  ·  14 分鐘
  82.9s [6月5日（週四） 下午 9:32]   ok  took the Metro to Riverside
  92.0s [6月5日（週四） 下午 9:46]   ok  entered Riverside Tower
  92.0s [6月5日（週四） 下午 9:46] STEP Save → reload → same state
  93.0s [6月5日（週四） 下午 9:48]   ok  cash restored after load
  93.0s [6月5日（週四） 下午 9:48]   ok  time restored after load
  93.0s [6月5日（週四） 下午 9:48]   ok  location restored (riverside_apartment)
  93.1s [6月5日（週四） 下午 9:48]   shot 21_after_load.png
  93.1s [6月5日（週四） 下午 9:48]   ok  ledger balanced after manufacturing fixture
  93.1s [6月5日（週四） 下午 9:48] BOT FINISHED — 0 failure(s) · 93.1s real
  93.1s [6月5日（週四） 下午 9:48] English audit: 1 on-screen text(s) with untranslated words
