Godot Engine v4.5.1.stable.official.f62fdbde1 - https://godotengine.org
OpenGL API 3.3.0 NVIDIA 462.59 - Compatibility - Using Device: NVIDIA - Quadro RTX 4000

   0.0s STEP Main menu → New Game
   1.0s   shot 01_main_menu.png
   1.0s   click [NewGame] New Game
   2.2s STEP Character Creator
   2.3s   shot 02_creator_default.png
   2.3s   click [Tab_hair] Hair
   2.4s   click [Next_hair] ▶
   2.8s   click [Tab_face] Face
   2.9s   click [Next_face] ▶
   3.0s   click [Next_eye_shape] ▶
   3.1s   click [Tab_body] Body
   3.2s   click [Next_presentation] ▶
   3.8s   shot 03_creator_customised.png
   3.8s   click [Tab_outfit] Outfit
   3.9s   click "Startup Casual"
   4.5s   ok  appearance changed from default (short_neat)
   4.5s   shot 04_creator_final.png
   4.5s   click [Start] Start in Aurelia  →
   4.6s [6月1日（週日） 下午 2:00] STEP Arrival sequence
   7.2s [6月1日（週日） 下午 2:00]   shot 05_arrival_train.png
  10.8s [6月1日（週日） 下午 2:00]   shot 06_arrival_phone.png
  15.8s [6月1日（週日） 下午 2:01]   ok  spawned in the Riverside apartment
  15.8s [6月1日（週日） 下午 2:01]   ok  starting cash $30,000
  15.8s [6月1日（週日） 下午 2:01]   ok  name saved
  17.4s [6月1日（週日） 下午 2:03]   shot 07_apartment_arrival.png
  21.3s [6月1日（週日） 下午 2:09] STEP Loan brochure outside the bank: all conditions and navigation
  22.0s [6月1日（週日） 下午 2:09]   ok  unregistered player sees checklist, no borrow
  22.1s [6月1日（週日） 下午 2:09]   shot 08_loan_ineligible_top.png
  22.1s [6月1日（週日） 下午 2:09]   click [PrerequisiteCompany] View City Hall on city map
  22.2s [6月1日（週日） 下午 2:09]   ok  first missing company action opens City Hall's district
  23.2s [6月1日（週日） 下午 2:09]   shot 09_loan_ineligible_formula.png
  23.2s [6月1日（週日） 下午 2:09]   click [RouteNexusBank] View Nexus Bank on city map
  23.2s [6月1日（週日） 下午 2:09]   ok  brochure opens the Financial District map
  24.0s [6月1日（週日） 下午 2:09] STEP Permanent manager sign: off-duty booking and phone task
  27.0s [6月2日（週一） 上午 10:04]   shot 10_loan_permanent_manager_sign.png
  27.2s [6月2日（週一） 上午 10:05]   use "Business lending — Marcus Reed, weekdays 13:00–16:00"
  27.3s [6月2日（週一） 上午 10:05]   click [BookLoanAppointment] Book an appointment
  27.9s [6月2日（週一） 上午 10:05]   ok  appointment is in the next actual working slot
  27.9s [6月2日（週一） 上午 10:05]   shot 11_loan_marcus_off_duty.png
  29.4s [6月2日（週一） 上午 10:06]   shot 12_loan_phone_reminder.png
  29.4s [6月2日（週一） 上午 10:06] STEP Marcus's ineligible conversation opens the same read-only checklist
  30.9s [6月2日（週一） 下午 1:02]   use "和 Marcus Reed 說話"
  32.9s [6月2日（週一） 下午 1:02]   choose "› 我可以貸款嗎？"
  35.3s [6月2日（週一） 下午 1:02]   ok  refusal dialogue leads to actionable checklist
  35.3s [6月2日（週一） 下午 1:02]   ok  NPC refusal cannot bypass eligibility
  35.7s [6月2日（週一） 下午 1:02] STEP New company opens account at counter, then applies from the same counter
  35.7s [6月2日（週一） 下午 1:02]   ok  fresh company registration
  36.1s [6月2日（週一） 下午 1:02]   click [PrerequisiteAccount] Open an account at the Nexus Bank counter
  36.2s [6月2日（週一） 下午 1:02]   ok  missing account action opens the actual bank counter
  36.2s [6月2日（週一） 下午 1:02]   click [OpenAccount] 存入 $10,000 開戶
  36.3s [6月2日（週一） 下午 1:32]   ok  account opened through teller input
  38.6s [6月2日（週一） 下午 1:35]   use "Teller — business banking"
  38.7s [6月2日（週一） 下午 1:35]   click [Lending] 企業貸款 · 信用分數 680
  38.8s [6月2日（週一） 下午 1:35]   click [MeetMarcus] Meet Marcus Reed now
  38.9s [6月2日（週一） 下午 1:35]   ok  counter reaches signing without speaking to an NPC
  38.9s [6月2日（週一） 下午 1:35]   click [TakeLoan] 借 $1,000
  39.5s [6月2日（週一） 下午 1:35]   ok  translated confirmation fits naturally without fixed height
  39.6s [6月2日（週一） 下午 1:35]   shot 13_loan_signing_confirmation.png
  39.6s [6月2日（週一） 下午 1:35]   click [CancelLoan] Cancel
  39.6s [6月2日（週一） 下午 1:35]   ok  cancel changes neither money nor time
  39.6s [6月2日（週一） 下午 1:35]   click [TakeLoan] 借 $1,000
  39.8s [6月2日（週一） 下午 1:35]   click [ConfirmLoan] Confirm loan signing
  40.7s [6月2日（週一） 下午 5:00]   ok  loan funds arrive today
  40.7s [6月2日（週一） 下午 5:00]   ok  signing ends at 17:00 the same day
  40.7s [6月2日（週一） 下午 5:00]   ok  first repayment remains thirty days away
  40.7s [6月2日（週一） 下午 5:00]   ok  meeting clears appointment and scheduled reminder
  40.7s [6月2日（週一） 下午 5:00]   ok  loan input flow keeps books balanced
  40.7s [6月2日（週一） 下午 5:00]   shot 14_loan_success_today.png
  41.5s [6月2日（週一） 下午 5:01] BOT FINISHED — 0 failure(s) · 41.5s real
  41.5s [6月2日（週一） 下午 5:01] English audit: 1 on-screen text(s) with untranslated words
