Godot Engine v4.5.1.stable.official.f62fdbde1 - https://godotengine.org

[   0% ] [90m[1mfirst_scan_filesystem[22m | Started 專案初始化中 (5 steps)[39m[0m
[   0% ] [90m[1mfirst_scan_filesystem[22m | 正在掃描檔案結構…[39m[0m
[  16% ] [90m[1mfirst_scan_filesystem[22m | 載入全域類別名稱中…[39m[0m
[  33% ] [90m[1mfirst_scan_filesystem[22m | 正在驗證GD擴充功能...[39m[0m
[  50% ] [90m[1mfirst_scan_filesystem[22m | 正在建立自動載入腳本…[39m[0m
[  66% ] [90m[1mfirst_scan_filesystem[22m | 初始化外掛程式...[39m[0m
[  83% ] [90m[1mfirst_scan_filesystem[22m | 開始掃描檔案...[39m[0m
[92m[ DONE ][39m [1mfirst_scan_filesystem[22m
[0m
[   0% ] [90m[1m_update_scan_actions[22m | Started 掃描動作中... (26 steps)[39m[0m
[   0% ] [90m[1m_update_scan_actions[22m | glow_small.png[39m[0m
[   3% ] [90m[1m_update_scan_actions[22m | glow_warm.png[39m[0m
[   7% ] [90m[1m_update_scan_actions[22m | glow_wide.png[39m[0m
[  11% ] [90m[1m_update_scan_actions[22m | shadow.png[39m[0m
[  14% ] [90m[1m_update_scan_actions[22m | sparkle.png[39m[0m
[  18% ] [90m[1m_update_scan_actions[22m | water_sparkle.png[39m[0m
[  22% ] [90m[1m_update_scan_actions[22m | product_coffee.png[39m[0m
[  25% ] [90m[1m_update_scan_actions[22m | product_desk_lamp.png[39m[0m
[  29% ] [90m[1m_update_scan_actions[22m | product_earbuds.png[39m[0m
[  33% ] [90m[1m_update_scan_actions[22m | product_parcel.png[39m[0m
[  37% ] [90m[1m_update_scan_actions[22m | product_phone_stand.png[39m[0m
[  40% ] [90m[1m_update_scan_actions[22m | product_water_bottle.png[39m[0m
[  44% ] [90m[1m_update_scan_actions[22m | glow_small.png[39m[0m
[  48% ] [90m[1m_update_scan_actions[22m | glow_warm.png[39m[0m
[  51% ] [90m[1m_update_scan_actions[22m | glow_wide.png[39m[0m
[  55% ] [90m[1m_update_scan_actions[22m | shadow.png[39m[0m
[  59% ] [90m[1m_update_scan_actions[22m | sparkle.png[39m[0m
[  62% ] [90m[1m_update_scan_actions[22m | water_sparkle.png[39m[0m
[  66% ] [90m[1m_update_scan_actions[22m | product_coffee.png[39m[0m
[  70% ] [90m[1m_update_scan_actions[22m | product_desk_lamp.png[39m[0m
[  74% ] [90m[1m_update_scan_actions[22m | product_earbuds.png[39m[0m
[  77% ] [90m[1m_update_scan_actions[22m | product_parcel.png[39m[0m
[  81% ] [90m[1m_update_scan_actions[22m | product_phone_stand.png[39m[0m
[  85% ] [90m[1m_update_scan_actions[22m | product_water_bottle.png[39m[0m
[  88% ] [90m[1m_update_scan_actions[22m | app_icon.png[39m[0m
[  92% ] [90m[1m_update_scan_actions[22m | app_icon_1024.png[39m[0m
[92m[ DONE ][39m [1m_update_scan_actions[22m
[0m
[   0% ] [90m[1mreimport[22m | Started （重新）匯入素材 (26 steps)[39m[0m
[   0% ] [90m[1mreimport[22m | 正在準備重新匯入檔案…[39m[0m
[   3% ] [90m[1mreimport[22m | 正在準備重新匯入檔案…[39m[0m
[   7% ] [90m[1mreimport[22m | 正在準備重新匯入檔案…[39m[0m
[  11% ] [90m[1mreimport[22m | 正在準備重新匯入檔案…[39m[0m
[  14% ] [90m[1mreimport[22m | 正在準備重新匯入檔案…[39m[0m
[  18% ] [90m[1mreimport[22m | 正在準備重新匯入檔案…[39m[0m
[  22% ] [90m[1mreimport[22m | 正在準備重新匯入檔案…[39m[0m
[  25% ] [90m[1mreimport[22m | 正在準備重新匯入檔案…[39m[0m
[  29% ] [90m[1mreimport[22m | 正在準備重新匯入檔案…[39m[0m
[  33% ] [90m[1mreimport[22m | 正在準備重新匯入檔案…[39m[0m
[  37% ] [90m[1mreimport[22m | 正在準備重新匯入檔案…[39m[0m
[  40% ] [90m[1mreimport[22m | 正在準備重新匯入檔案…[39m[0m
[  44% ] [90m[1mreimport[22m | 正在準備重新匯入檔案…[39m[0m
[  48% ] [90m[1mreimport[22m | 正在準備重新匯入檔案…[39m[0m
[  51% ] [90m[1mreimport[22m | 正在準備重新匯入檔案…[39m[0m
[  55% ] [90m[1mreimport[22m | 正在準備重新匯入檔案…[39m[0m
[  59% ] [90m[1mreimport[22m | 正在準備重新匯入檔案…[39m[0m
[  62% ] [90m[1mreimport[22m | 正在準備重新匯入檔案…[39m[0m
[  66% ] [90m[1mreimport[22m | 正在準備重新匯入檔案…[39m[0m
[  70% ] [90m[1mreimport[22m | 正在準備重新匯入檔案…[39m[0m
[  74% ] [90m[1mreimport[22m | 正在準備重新匯入檔案…[39m[0m
[  77% ] [90m[1mreimport[22m | 正在準備重新匯入檔案…[39m[0m
[  81% ] [90m[1mreimport[22m | 正在準備重新匯入檔案…[39m[0m
[  85% ] [90m[1mreimport[22m | 正在準備重新匯入檔案…[39m[0m
[  88% ] [90m[1mreimport[22m | 正在準備重新匯入檔案…[39m[0m
[  92% ] [90m[1mreimport[22m | 正在準備重新匯入檔案…[39m[0m
[   0% ] [90m[1mreimport[22m | 執行預先重新匯入作業…[39m[0m
[   0% ] [90m[1mreimport[22m | app_icon_1024.png[39m[0m
[   3% ] [90m[1mreimport[22m | app_icon.png[39m[0m
[   7% ] [90m[1mreimport[22m | product_water_bottle.png[39m[0m
[  11% ] [90m[1mreimport[22m | product_phone_stand.png[39m[0m
[  14% ] [90m[1mreimport[22m | product_parcel.png[39m[0m
[  18% ] [90m[1mreimport[22m | product_earbuds.png[39m[0m
[  22% ] [90m[1mreimport[22m | product_desk_lamp.png[39m[0m
[  25% ] [90m[1mreimport[22m | product_coffee.png[39m[0m
[  29% ] [90m[1mreimport[22m | water_sparkle.png[39m[0m
[  33% ] [90m[1mreimport[22m | sparkle.png[39m[0m
[  37% ] [90m[1mreimport[22m | shadow.png[39m[0m
[  40% ] [90m[1mreimport[22m | glow_wide.png[39m[0m
[  44% ] [90m[1mreimport[22m | glow_warm.png[39m[0m
[  48% ] [90m[1mreimport[22m | glow_small.png[39m[0m
[  51% ] [90m[1mreimport[22m | product_water_bottle.png[39m[0m
[  55% ] [90m[1mreimport[22m | product_phone_stand.png[39m[0m
[  59% ] [90m[1mreimport[22m | product_parcel.png[39m[0m
[  62% ] [90m[1mreimport[22m | product_earbuds.png[39m[0m
[  66% ] [90m[1mreimport[22m | product_desk_lamp.png[39m[0m
[  70% ] [90m[1mreimport[22m | product_coffee.png[39m[0m
[  74% ] [90m[1mreimport[22m | water_sparkle.png[39m[0m
[  77% ] [90m[1mreimport[22m | sparkle.png[39m[0m
[  81% ] [90m[1mreimport[22m | shadow.png[39m[0m
[  85% ] [90m[1mreimport[22m | glow_wide.png[39m[0m
[  88% ] [90m[1mreimport[22m | glow_warm.png[39m[0m
[  92% ] [90m[1mreimport[22m | glow_small.png[39m[0m
[  92% ] [90m[1mreimport[22m | glow_small.png[39m[0m
[  92% ] [90m[1mreimport[22m | glow_small.png[39m[0m
[  96% ] [90m[1mreimport[22m | 完成素材匯入...[39m[0m
[92m[ DONE ][39m [1mreimport[22m
[0m
[   0% ] [90m[1mreimport[22m | Started （重新）匯入素材 (26 steps)[39m[0m
[   0% ] [90m[1mreimport[22m | 執行重新匯入後續處理作業…[39m[0m
[92m[ DONE ][39m [1mreimport[22m
[0m
[   0% ] [90m[1mloading_editor_layout[22m | Started 載入編輯器 (5 steps)[39m[0m
[   0% ] [90m[1mloading_editor_layout[22m | 載入編輯器版面配置中…[39m[0m
[92m[ DONE ][39m [1mloading_editor_layout[22m
[0m
