Godot Engine v4.5.1.stable.official.f62fdbde1 - https://godotengine.org
OpenGL API 3.3.0 NVIDIA 462.59 - Compatibility - Using Device: NVIDIA - Quadro RTX 4000

   0.1s STEP Main menu → New Game
   0.4s   shot 01_main_menu.png
   0.4s   click [NewGame] New Game
   1.6s STEP Character Creator
   1.7s   shot 02_creator_default.png
   1.7s   click [Tab_hair] Hair
   1.8s   click [Next_hair] ▶
   2.3s   click [Tab_face] Face
   2.4s   click [Next_face] ▶
   2.5s   click [Next_eye_shape] ▶
   2.7s   click [Tab_body] Body
   2.9s   click [Next_presentation] ▶
   3.5s   shot 03_creator_customised.png
   3.5s   click [Tab_outfit] Outfit
   3.6s   click "Startup Casual"
   4.2s   ok  appearance changed from default (short_neat)
   4.3s   shot 04_creator_final.png
   4.3s   click [Start] Start in Aurelia  →
   4.3s [6月1日（週日） 下午 2:00] STEP Arrival sequence
   7.0s [6月1日（週日） 下午 2:00]   shot 05_arrival_train.png
  10.6s [6月1日（週日） 下午 2:00]   shot 06_arrival_phone.png
  16.4s [6月1日（週日） 下午 2:01]   ok  spawned in the Riverside apartment
  16.4s [6月1日（週日） 下午 2:01]   ok  starting cash $30,000
  16.4s [6月1日（週日） 下午 2:01]   ok  name saved
  18.1s [6月1日（週日） 下午 2:03]   shot 07_apartment_arrival.png
  23.5s [6月2日（週一） 下午 12:02]   use "Home and personal car"
  24.0s [6月2日（週一） 下午 12:02]   shot 08_personal_housing_ladder.png
  25.0s [6月2日（週一） 下午 12:02]   click [PersonalBuy20_maple_owner_home] 20% down, 20-year mortgage
  25.7s [6月2日（週一） 下午 12:02]   ok  actual mortgage purchase maple_owner_home
  26.7s [6月2日（週一） 下午 12:02]   click [PersonalMove_maple_owner_home] Move into owned home
  27.4s [6月2日（週一） 下午 12:02]   ok  actual owned home move maple_owner_home
  28.2s [6月2日（週一） 下午 12:03]   shot 09_personal_home_maple_owner_home.png
  28.8s [6月2日（週一） 下午 12:04]   use "Home and personal car"
  30.3s [6月2日（週一） 下午 12:04]   click [PersonalBuy20_heights_penthouse] 20% down, 20-year mortgage
  30.9s [6月2日（週一） 下午 12:04]   ok  actual mortgage purchase heights_penthouse
  32.0s [6月2日（週一） 下午 12:04]   click [PersonalMove_heights_penthouse] Move into owned home
  32.6s [6月2日（週一） 下午 12:04]   ok  actual owned home move heights_penthouse
  33.4s [6月2日（週一） 下午 12:05]   shot 10_personal_home_heights_penthouse.png
  34.0s [6月2日（週一） 下午 12:06]   use "Home and personal car"
  35.5s [6月2日（週一） 下午 12:06]   click [PersonalBuy20_garden_villa] 20% down, 20-year mortgage
  36.2s [6月2日（週一） 下午 12:06]   ok  actual mortgage purchase garden_villa
  37.2s [6月2日（週一） 下午 12:06]   click [PersonalMove_garden_villa] Move into owned home
  37.9s [6月2日（週一） 下午 12:06]   ok  actual owned home move garden_villa
  38.7s [6月2日（週一） 下午 12:07]   shot 11_personal_home_garden_villa.png
  39.3s [6月2日（週一） 下午 12:08]   use "Home and personal car"
  41.1s [6月2日（週一） 下午 12:09]   use "Home and personal car"
  41.2s [6月2日（週一） 下午 12:09]   click [PersonalTab_car] Personal car and commute
  42.6s [6月2日（週一） 下午 12:09]   click [PersonalCar_kite_hatch] 購買 Kite 掀背車：$10,800.00
  43.3s [6月2日（週一） 下午 12:09]   ok  actual personal showroom purchase
  43.4s [6月2日（週一） 下午 12:09]   shot 12_personal_car_parking_costs.png
  44.3s [6月2日（週一） 下午 12:09]   click [PersonalDrive_financial] 開往 金融區：19 分鐘・捷運 17 分鐘・停車 $14.00・油錢 $1.32
  45.5s [6月2日（週一） 下午 12:09]   shot 13_personal_driving_route.png
  45.5s [6月2日（週一） 下午 12:09]   click [ConfirmPersonalDrive] Pay costs and drive
  49.1s [6月2日（週一） 下午 12:28]   ok  actual driving arrival
  49.1s [6月2日（週一） 下午 12:28]   shot 14_personal_drive_arrival.png
  50.4s [6月2日（週一） 下午 12:30]   use "Home and personal car"
  50.5s [6月2日（週一） 下午 12:30]   click [PersonalTab_visits] Furniture and invitations
  51.6s [6月2日（週一） 下午 12:30]   click [PersonalStyle_modern] 換成 現代藍色家具：$1,200.00
  52.9s [6月2日（週一） 下午 12:30]   shot 15_personal_home_furniture.png
  52.9s [6月2日（週一） 下午 12:30]   ok  personal property/car books balanced
  52.9s [6月2日（週一） 下午 12:30]   ok  played owned home and car save
  52.9s [6月2日（週一） 下午 12:30] BOT FINISHED — 0 failure(s) · 52.9s real
  52.9s [6月2日（週一） 下午 12:30] English audit: 6 on-screen text(s) with untranslated words
