Godot Engine v4.5.1.stable.official.f62fdbde1 - https://godotengine.org
OpenGL API 3.3.0 NVIDIA 462.59 - Compatibility - Using Device: NVIDIA - Quadro RTX 4000

   0.0s STEP Main menu → New Game
   0.7s   shot 01_main_menu.png
   0.7s   click [NewGame] New Game
   2.0s STEP Character Creator
   2.1s   shot 02_creator_default.png
   2.1s   click [Tab_hair] Hair
   2.1s   click [Next_hair] ▶
   2.6s   click [Tab_face] Face
   2.7s   click [Next_face] ▶
   2.8s   click [Next_eye_shape] ▶
   2.9s   click [Tab_body] Body
   3.0s   click [Next_presentation] ▶
   3.6s   shot 03_creator_customised.png
   3.6s   click [Tab_outfit] Outfit
   3.7s   click "Startup Casual"
   4.2s   ok  appearance changed from default (short_neat)
   4.3s   shot 04_creator_final.png
   4.3s   click [Start] Start in Aurelia  →
   4.4s [6月1日（週日） 下午 2:00] STEP Arrival sequence
   7.1s [6月1日（週日） 下午 2:00]   shot 05_arrival_train.png
  10.7s [6月1日（週日） 下午 2:00]   shot 06_arrival_phone.png
  15.8s [6月1日（週日） 下午 2:01]   ok  spawned in the Riverside apartment
  15.8s [6月1日（週日） 下午 2:01]   ok  starting cash $30,000
  15.8s [6月1日（週日） 下午 2:01]   ok  name saved
  17.6s [6月1日（週日） 下午 2:03]   shot 07_apartment_arrival.png
  17.6s [6月1日（週日） 下午 2:03] STEP Chapter 1 — phone & Maya
  20.7s [6月1日（週日） 下午 2:07]   shot 08_phone_home.png
  20.7s [6月1日（週日） 下午 2:07]   click [App_messages] 訊息 2
  21.3s [6月1日（週日） 下午 2:08]   click [Thread_maya] Maya  ● 打給我。或傳訊息。隨便。
  23.3s [6月1日（週日） 下午 2:09]   choose "› 嗯。"
  26.3s [6月1日（週日） 下午 2:09]   choose "› 我要開公司。"
  29.7s [6月1日（週日） 下午 2:09]   ok  Maya conversation done
  29.7s [6月1日（週日） 下午 2:09] STEP Head outside
  33.9s [6月1日（週日） 下午 2:15]   ok  walked back outside
  33.9s [6月1日（週日） 下午 2:15]   ok  visited Riverside
  34.1s [6月1日（週日） 下午 2:15]   shot 09_riverside_outside_home.png
  34.1s [6月1日（週日） 下午 2:15] STEP Bloom Coffee
  37.3s [6月1日（週日） 下午 2:20]   ok  entered Bloom Coffee
  37.4s [6月1日（週日） 下午 2:20]   shot 10_bloom_coffee_inside.png
  38.8s [6月1日（週日） 下午 2:22]   use "Order coffee ($4.50)"
  40.8s [6月1日（週日） 下午 2:22]   choose "› 麻煩了。"
  45.8s [6月1日（週日） 下午 2:33]   ok  bought a coffee from Jun
  48.5s [6月1日（週日） 下午 2:38]   ok  walked back outside
  48.5s [6月1日（週日） 下午 2:38] STEP Walk east to Startup Hub
  50.1s [6月1日（週日） 下午 2:40]   shot 11_riverside_street.png
  65.0s [6月1日（週日） 下午 3:14]   ok  walked to Startup Hub
  65.2s [6月1日（週日） 下午 3:14]   shot 12_startup_hub_arrive.png
  65.2s [6月1日（週日） 下午 3:14] STEP Nexus Co-work
  68.9s [6月1日（週日） 下午 3:20]   ok  entered Nexus Co-work
  69.1s [6月1日（週日） 下午 3:20]   shot 13_cowork_inside.png
  70.4s [6月1日（週日） 下午 3:22]   use "Reception — desks & day passes"
  73.0s [6月1日（週日） 下午 3:22]   choose "› 對。先看看。"
  75.9s [6月1日（週日） 下午 3:23]   click [DayPass] Buy a day pass ($15)
  76.8s [6月1日（週日） 下午 3:24] STEP Business Board
  84.3s [6月1日（週日） 下午 3:35]   use "Business Board"
  85.1s [6月1日（週日） 下午 3:37]   shot 14_business_board.png
  85.1s [6月1日（週日） 下午 3:37]   click [Biz_saas] ● SaaS／軟體
  85.6s [6月1日（週日） 下午 3:37]   shot 15_business_board_planned_saas.png
  85.6s [6月1日（週日） 下午 3:37]   click [Biz_ecommerce] ● 電商
  85.7s [6月1日（週日） 下午 3:38]   click [StartEcommerce] Start an ecommerce side business
  87.2s [6月1日（週日） 下午 3:40]   ok  picked ecommerce as first business
  89.7s [6月1日（週日） 下午 3:44]   ok  Chapter 1 complete
  89.7s [6月1日（週日） 下午 3:44] STEP Chapter 2 — buy stock at a hot desk (Company OS)
  98.6s [6月1日（週日） 下午 3:57]   use "Work at a hot desk — Company OS"
  99.2s [6月1日（週日） 下午 3:58]   shot 16_company_os_overview_personal.png
  99.3s [6月1日（週日） 下午 3:58]   click [Tab_operations] Operations
 100.0s [6月1日（週日） 下午 3:59]   shot 17_company_os_suppliers.png
 100.0s [6月1日（週日） 下午 3:59]   click [Buy_tradelink_wholesale_wireless_earbuds] 購買 $900.00
 100.5s [6月1日（週日） 下午 4:10]   click [Buy_tradelink_wholesale_water_bottle] 購買 $408.00
 101.0s [6月1日（週日） 下午 4:20]   click [Buy_tradelink_wholesale_desk_lamp] 購買 $460.00
 101.5s [6月1日（週日） 下午 4:31]   click [Buy_tradelink_wholesale_phone_stand] 購買 $272.00
 102.0s [6月1日（週日） 下午 4:42]   ok  placed purchase orders (MOQ, prepaid): 4 POs, cash $27,940.50
 102.0s [6月1日（週日） 下午 4:42]   shot 18_company_os_purchase_orders.png
 102.4s [6月1日（週日） 下午 4:43] STEP Home to wait for stock
 105.6s [6月1日（週日） 下午 4:48]   ok  walked back outside
 109.4s [6月1日（週日） 下午 5:06]   ok  walked to Riverside
 127.5s [6月1日（週日） 下午 5:33]   ok  entered Riverside Tower
 127.5s [6月1日（週日） 下午 5:33]   (harness) wait 2 h
 130.1s [6月1日（週日） 下午 7:37]   use "Sleep"
 130.7s [6月1日（週日） 下午 7:37]   click [Sleep] Sleep until 7:00 AM
 132.6s [6月2日（週一） 上午 7:01]   (harness) wait 2 h
 133.3s [6月2日（週一） 上午 9:02]   (harness) wait 2 h
 134.0s [6月2日（週一） 上午 11:03]   (harness) wait 2 h
 134.7s [6月2日（週一） 下午 1:04]   (harness) wait 2 h
 135.3s [6月2日（週一） 下午 3:05]   (harness) wait 2 h
 136.0s [6月2日（週一） 下午 5:06]   (harness) wait 2 h
 136.9s [6月2日（週一） 下午 7:07]   use "Sleep"
 137.5s [6月2日（週一） 下午 7:07]   click [Sleep] Sleep until 7:00 AM
 139.4s [6月3日（週二） 上午 7:01]   (harness) wait 2 h
 140.1s [6月3日（週二） 上午 9:02]   (harness) wait 2 h
 140.7s [6月3日（週二） 上午 11:03]   (harness) wait 2 h
 141.4s [6月3日（週二） 下午 1:04]   (harness) wait 2 h
 142.1s [6月3日（週二） 下午 3:05]   (harness) wait 2 h
 142.8s [6月3日（週二） 下午 5:06]   ok  stock delivered to the apartment
 143.5s [6月3日（週二） 下午 5:07]   shot 19_apartment_with_stock.png
 143.5s [6月3日（週二） 下午 5:07] STEP List products on ShopLane
 144.6s [6月3日（週二） 下午 5:08]   use "Use laptop — Company OS"
 145.2s [6月3日（週二） 下午 5:09]   click [Tab_sales] Ecommerce
 145.9s [6月3日（週二） 下午 5:10]   shot 20_company_os_sales_ready.png
 145.9s [6月3日（週二） 下午 5:10]   click [ListSelf_wireless_earbuds] Shoot photos myself & list (1 h 20 min)
 146.5s [6月3日（週二） 下午 6:31]   click [ListSelf_water_bottle] Shoot photos myself & list (1 h 20 min)
 147.1s [6月3日（週二） 下午 7:52]   click [ListSelf_desk_lamp] Shoot photos myself & list (1 h 20 min)
 147.6s [6月3日（週二） 下午 9:13]   click [ListSelf_phone_stand] Shoot photos myself & list (1 h 20 min)
 148.2s [6月3日（週二） 下午 10:34]   click [AdPlus_wireless_earbuds] +
 149.0s [6月3日（週二） 下午 10:35]   shot 21_company_os_listings_live.png
 149.2s [6月3日（週二） 下午 10:35]   ok  listings live
 149.6s [6月3日（週二） 下午 10:36] STEP First order → pack → ship
 157.8s [6月3日（週二） 下午 10:48]   use "Packing table"
 158.6s [6月3日（週二） 下午 10:49]   shot 22_packing_table.png
 158.6s [6月3日（週二） 下午 10:49]   click [Pack] 打包 15 筆訂單（2 h）
 159.4s [6月4日（週三） 上午 12:50]   click [CourierEconomy] 快遞 · 經濟 3 天（$56.00）
 160.5s [6月4日（週三） 上午 12:52]   ok  first order came in
 160.5s [6月4日（週三） 上午 12:52]   ok  handed to the courier (pickup booked)
 160.5s [6月4日（週三） 上午 12:52] STEP Delivery → first dollar
 169.4s [6月4日（週三） 上午 1:05]   use "Sleep"
 170.0s [6月4日（週三） 上午 1:05]   click [Sleep] Sleep until 7:00 AM
 180.9s [6月4日（週三） 上午 7:14]   use "Packing table"
 181.6s [6月4日（週三） 上午 7:15]   click [Pack] 打包 3 筆訂單（24 分鐘）
 182.6s [6月4日（週三） 上午 7:40]   click [CourierEconomy] 快遞 · 經濟 3 天（$17.60）
 183.8s [6月4日（週三） 上午 7:42]   ok  first order delivered (Earn Your First Dollar)
 183.8s [6月4日（週三） 上午 7:42]   revenue booked $418.85 · ShopLane balance $376.95 · cash $27,755.70
 183.9s [6月4日（週三） 上午 7:42]   shot 23_first_dollar.png
 183.9s [6月4日（週三） 上午 7:42] STEP First customer issue
 184.0s [6月4日（週三） 上午 7:42]   (harness) wait 2 h
 191.0s [6月4日（週三） 上午 9:53]   use "Packing table"
 191.7s [6月4日（週三） 上午 9:54]   click [Pack] 打包 5 筆訂單（40 分鐘）
 192.6s [6月4日（週三） 上午 10:35]   click [CourierEconomy] 快遞 · 經濟 3 天（$22.00）
 193.7s [6月4日（週三） 上午 10:37]   (harness) wait 2 h
 194.6s [6月4日（週三） 下午 12:38]   use "Packing table"
 195.3s [6月4日（週三） 下午 12:39]   click [Pack] 打包 6 筆訂單（48 分鐘）
 196.2s [6月4日（週三） 下午 1:37]   click [CourierEconomy] 快遞 · 經濟 3 天（$28.40）
 197.3s [6月4日（週三） 下午 1:38]   (harness) wait 2 h
 198.2s [6月4日（週三） 下午 3:40]   use "Packing table"
 198.8s [6月4日（週三） 下午 3:41]   click [Pack] 打包 10 筆訂單（1 小時 20 分）
 199.7s [6月4日（週三） 下午 5:02]   click [CourierEconomy] 快遞 · 經濟 3 天（$40.00）
 200.9s [6月4日（週三） 下午 5:04]   (harness) wait 2 h
 201.7s [6月4日（週三） 下午 7:05]   use "Packing table"
 202.4s [6月4日（週三） 下午 7:06]   click [Pack] 打包 12 筆訂單（1 小時 36 分）
 203.3s [6月4日（週三） 下午 8:43]   click [CourierEconomy] 快遞 · 經濟 3 天（$48.40）
 207.1s [6月4日（週三） 下午 8:49]   use "Sleep"
 207.7s [6月4日（週三） 下午 8:49]   click [Sleep] Sleep until 7:00 AM
 209.6s [6月5日（週四） 上午 7:00]   shot 24_decision_customer_return_first.png
 209.6s [6月5日（週四） 上午 7:00]   decision customer_return_first → replace
 209.6s [6月5日（週四） 上午 7:00]   click [Choice_replace] 寄一個新的（快捷）
 211.2s [6月5日（週四） 上午 7:00]   shot 25_decision_outcome_customer_return_first.png
 211.2s [6月5日（週四） 上午 7:00]   click "OK"
 220.6s [6月5日（週四） 上午 7:14]   use "Packing table"
 221.3s [6月5日（週四） 上午 7:15]   click [Pack] 打包 30 筆訂單（4 h）
 222.3s [6月5日（週四） 上午 11:16]   click [CourierEconomy] 快遞 · 經濟 3 天（$112.00）
 223.4s [6月5日（週四） 上午 11:17]   shot 26_decision_customer_return.png
 223.4s [6月5日（週四） 上午 11:17]   decision customer_return → replace
 223.4s [6月5日（週四） 上午 11:17]   click [Choice_replace] 寄一個新的
 224.8s [6月5日（週四） 上午 11:17]   shot 27_decision_outcome_customer_return.png
 224.8s [6月5日（週四） 上午 11:17]   click "OK"
 225.3s [6月5日（週四） 上午 11:17]   ok  resolved the first customer issue
 227.3s [6月5日（週四） 上午 11:20]   ok  Chapter 2 complete
 227.3s [6月5日（週四） 上午 11:20] STEP Purchase cancellation
 228.9s [6月5日（週四） 上午 11:23]   use "Use laptop — Company OS"
 229.5s [6月5日（週四） 上午 11:23]   click [Tab_operations] Operations
 230.1s [6月5日（週四） 上午 11:24]   click [Buy_tradelink_wholesale_wireless_earbuds] 購買 $900.00
 231.1s [6月5日（週四） 上午 11:36]   click [CancelPO_PO-105] Cancel purchase
 231.8s [6月5日（週四） 上午 11:36]   shot 28_purchase_cancel_confirmation.png
 231.8s [6月5日（週四） 上午 11:36]   click [ConfirmReturn] Confirm cancellation
 232.4s [6月5日（週四） 上午 11:36]   ok  extra PO cancelled through UI
 232.4s [6月5日（週四） 上午 11:36]   ok  cancellation cash equals quoted refund
 232.4s [6月5日（週四） 上午 11:36]   ok  ledger balanced after purchase cancellation
 232.9s [6月5日（週四） 上午 11:37]   shot 29_purchase_cancelled_operations.png
 233.2s [6月5日（週四） 上午 11:38] STEP Chapter 3 — wait for a weekday morning
 236.0s [6月5日（週四） 上午 11:43]   ok  walked back outside
 236.0s [6月5日（週四） 上午 11:43] STEP Metro to Civic Center → City Hall
 244.1s [6月5日（週四） 上午 11:55]   use "捷運——河濱區站"
 245.1s [6月5日（週四） 上午 11:56]   shot 30_metro_civic_center.png
 245.1s [6月5日（週四） 上午 11:56]   click [Go_civic_center] 市政中心  ·  12 分鐘
 246.1s [6月5日（週四） 下午 12:10]   ok  took the Metro to Civic Center
 246.2s [6月5日（週四） 下午 12:10]   shot 31_civic_center.png
 253.1s [6月5日（週四） 下午 12:20]   ok  entered Aurelia City Hall
 253.3s [6月5日（週四） 下午 12:20]   shot 32_city_hall_inside.png
 254.4s [6月5日（週四） 下午 12:22]   use "Registration counter"
 256.4s [6月5日（週四） 下午 12:22]   choose "› 我要登記公司。"
 259.2s [6月5日（週四） 下午 12:23]   shot 33_registration_form.png
 259.2s [6月5日（週四） 下午 12:23]   click [Submit] Register & pay
 260.1s [6月5日（週四） 下午 1:09]   shot 34_registration_done.png
 260.1s [6月5日（週四） 下午 1:09]   click "Thanks"
 260.2s [6月5日（週四） 下午 1:09]   ok  registered Riverlight Goods
 260.3s [6月5日（週四） 下午 1:09]   shot 35_decision_low_cash_warning.png
 260.3s [6月5日（週四） 下午 1:09]   decision low_cash_warning → reduce
 260.3s [6月5日（週四） 下午 1:09]   click [Choice_reduce] 縮減開支（暫停廣告、生活從簡）
 261.7s [6月5日（週四） 下午 1:09]   shot 36_decision_outcome_low_cash_warning.png
 261.7s [6月5日（週四） 下午 1:09]   click "OK"
 264.7s [6月5日（週四） 下午 1:14]   ok  walked back outside
 264.7s [6月5日（週四） 下午 1:14] STEP Walk to the Financial District → Nexus Bank
 268.8s [6月5日（週四） 下午 1:29]   ok  walked to Financial District
 280.5s [6月5日（週四） 下午 1:47]   ok  entered Nexus Bank
 280.7s [6月5日（週四） 下午 1:47]   shot 37_bank_inside.png
 281.6s [6月5日（週四） 下午 1:48]   use "Teller — business banking"
 282.4s [6月5日（週四） 下午 1:49]   click "$15,000"
 282.5s [6月5日（週四） 下午 1:50]   click [OpenAccount] 存入 $15,000 開戶
 283.5s [6月5日（週四） 下午 2:21]   shot 38_bank_account_opened.png
 283.9s [6月5日（週四） 下午 2:22]   ok  business account opened with founder capital
 286.2s [6月5日（週四） 下午 2:26]   ok  walked back outside
 286.2s [6月5日（週四） 下午 2:26] STEP Metro to Startup Hub → lease Suite 2B
 292.7s [6月5日（週四） 下午 2:36]   use "捷運——金融區站"
 293.7s [6月5日（週四） 下午 2:37]   shot 39_metro_startup_hub.png
 293.7s [6月5日（週四） 下午 2:37]   click [Go_startup_hub] 新創園區  ·  8 分鐘
 294.7s [6月5日（週四） 下午 2:47]   ok  took the Metro to Startup Hub
 299.8s [6月5日（週四） 下午 2:54]   ok  entered 22 Founders Lane
 299.9s [6月5日（週四） 下午 2:54]   shot 40_suite_2b_tour.png
 300.8s [6月5日（週四） 下午 2:56]   use "和 Tom 說話"
 303.3s [6月5日（週四） 下午 2:56]   click [SignLease] Sign the lease
 304.3s [6月5日（週四） 下午 2:58]   ok  leased Suite 2B
 305.1s [6月5日（週四） 下午 2:59]   shot 41_suite_2b_company_sign.png
 305.1s [6月5日（週四） 下午 2:59] STEP Sit at the desk → Company OS as the company
 305.6s [6月5日（週四） 下午 3:00]   use "Sit at your desk — Company OS"
 306.9s [6月5日（週四） 下午 3:01]   shot 42_company_os_as_company.png
 306.9s [6月5日（週四） 下午 3:01]   click [Tab_finance] Finance
 307.6s [6月5日（週四） 下午 3:03]   shot 43_company_os_finance.png
 307.6s [6月5日（週四） 下午 3:03]   click [Tab_inventory] Inventory
 308.1s [6月5日（週四） 下午 3:03]   shot 44_company_os_inventory.png
 311.6s [6月5日（週四） 下午 3:09]   ok  Chapter 3 complete
 313.9s [6月5日（週四） 下午 3:13]   ok  walked back outside
 314.1s [6月5日（週四） 下午 3:13]   shot 45_startup_hub_office_sign.png
 314.1s [6月5日（週四） 下午 3:13] STEP Careers — part-time job at Nexus Co-work
 320.5s [6月5日（週四） 下午 3:23]   ok  entered Nexus Co-work
 322.8s [6月5日（週四） 下午 3:26]   use "Business Board"
 323.4s [6月5日（週四） 下午 3:27]   click [Page_jobs] Part-time jobs
 324.1s [6月5日（週四） 下午 3:28]   shot 46_business_board_jobs.png
 324.1s [6月5日（週四） 下午 3:28]   click [Job_cowork_host] 詳情／應徵
 324.7s [6月5日（週四） 下午 3:29]   click [ApplyJob] Take the job
 325.2s [6月5日（週四） 下午 3:30]   shot 47_job_hired.png
 326.3s [6月5日（週四） 下午 3:32]   ok  hired as a community host
 333.0s [6月5日（週四） 下午 3:42]   use "Staff door — work a shift"
 333.8s [6月5日（週四） 下午 3:43]   shot 48_job_shift.png
 333.8s [6月5日（週四） 下午 3:43]   click [WorkShift] 開始 4 小時的班（最多 +$72）
 335.7s [6月5日（週四） 下午 7:45]   ok  a 4-hour shift paid by how it went ($67.68)
 335.7s [6月5日（週四） 下午 7:45] STEP Careers — freelance gig at a hot desk
 335.7s [6月5日（週四） 下午 7:45]   info card: Your first business loop
 335.8s [6月5日（週四） 下午 7:45]   shot 49_info_your_first_business_loop.png
 335.8s [6月5日（週四） 下午 7:45]   click "Let's go"
 344.7s [6月5日（週四） 下午 7:58]   use "Work at a hot desk — Company OS"
 345.3s [6月5日（週四） 下午 7:59]   click [Tab_freelance] Explore freelance consulting
 345.9s [6月5日（週四） 下午 8:00]   click [StartFreelance] Start freelancing
 346.5s [6月5日（週四） 下午 8:01]   click [Accept_G1] Accept
 347.1s [6月5日（週四） 下午 8:01]   click [Work_G1] 工作 2 小時
 347.9s [6月5日（週四） 下午 10:03]   shot 50_freelance_gig.png
 347.9s [6月5日（週四） 下午 10:03]   ok  put hours into a freelance gig
 347.9s [6月5日（週四） 下午 10:03] STEP Careers — start a SaaS product
 347.9s [6月5日（週四） 下午 10:03]   click [Tab_saas] Start a software product
 348.5s [6月5日（週四） 下午 10:03]   shot 51_saas_ideas.png
 348.5s [6月5日（週四） 下午 10:03]   click [Saas_freelancer_invoicing] Build this
 349.0s [6月5日（週四） 下午 10:04]   click [SaasCode] 寫程式 2 小時
 349.7s [6月6日（週五） 上午 12:05]   shot 52_saas_building.png
 349.7s [6月6日（週五） 上午 12:05]   ok  started building a SaaS product (2 dev h)
 353.3s [6月6日（週五） 上午 12:12]   ok  walked back outside
 353.3s [6月6日（週五） 上午 12:12] STEP Run the company to month-end
 357.1s [6月6日（週五） 上午 12:30]   ok  walked to Riverside
 375.1s [6月6日（週五） 上午 12:57]   ok  entered Riverside Tower
 376.6s [6月6日（週五） 上午 12:59]   use "Use laptop — Company OS"
 377.2s [6月6日（週五） 上午 1:00]   click [Tab_operations] Operations
 377.4s [6月6日（週五） 上午 1:00]   click [DeliverTo_riverside_studio] 河濱大樓 7C
 377.6s [6月6日（週五） 上午 1:00]   click [Buy_tradelink_wholesale_water_bottle] 購買 $408.00
 377.8s [6月6日（週五） 上午 1:10]   click [Buy_tradelink_wholesale_wireless_earbuds] 購買 $900.00
 385.9s [6月6日（週五） 上午 1:33]   use "Sleep"
 386.5s [6月6日（週五） 上午 1:33]   click [Sleep] Sleep until 7:00 AM
 397.2s [6月6日（週五） 上午 7:14]   use "Packing table"
 397.9s [6月6日（週五） 上午 7:15]   click [Pack] 打包 54 筆訂單（7 小時 12 分）
 398.9s [6月6日（週五） 下午 2:28]   click [CourierEconomy] 快遞 · 經濟 3 天（$192.80）
 401.7s [6月6日（週五） 下午 2:32]   use "Use laptop — Company OS"
 402.3s [6月6日（週五） 下午 2:33]   click [Tab_operations] Operations
 402.4s [6月6日（週五） 下午 2:34]   click [DeliverTo_riverside_studio] 河濱大樓 7C
 402.6s [6月6日（週五） 下午 2:34]   click [Buy_tradelink_wholesale_water_bottle] 購買 $408.00
 402.9s [6月6日（週五） 下午 2:44]   click [Buy_tradelink_wholesale_wireless_earbuds] 購買 $900.00
 403.6s [6月6日（週五） 下午 7:00]   shot 53_decision_viral_mention.png
 403.6s [6月6日（週五） 下午 7:00]   decision viral_mention → ride
 403.6s [6月6日（週五） 下午 7:00]   click [Choice_ride] 順其自然
 405.0s [6月6日（週五） 下午 7:00]   shot 54_decision_outcome_viral_mention.png
 405.0s [6月6日（週五） 下午 7:00]   click "OK"
 413.2s [6月6日（週五） 下午 7:12]   use "Sleep"
 413.9s [6月6日（週五） 下午 7:12]   click [Sleep] Sleep until 7:00 AM
 424.5s [6月7日（週六） 上午 7:14]   use "Packing table"
 425.2s [6月7日（週六） 上午 7:15]   click [Pack] 打包 49 筆訂單（6 小時 32 分）
 426.2s [6月7日（週六） 下午 1:48]   click [CourierEconomy] 快遞 · 經濟 3 天（$170.80）
 428.9s [6月7日（週六） 下午 1:52]   use "Use laptop — Company OS"
 429.5s [6月7日（週六） 下午 1:53]   click [Tab_operations] Operations
 429.7s [6月7日（週六） 下午 1:53]   click [DeliverTo_riverside_studio] 河濱大樓 7C
 429.9s [6月7日（週六） 下午 1:54]   click [Buy_tradelink_wholesale_water_bottle] 購買 $408.00
 430.1s [6月7日（週六） 下午 2:04]   click [Buy_tradelink_wholesale_wireless_earbuds] 購買 $900.00
 438.4s [6月7日（週六） 下午 7:12]   use "Sleep"
 439.0s [6月7日（週六） 下午 7:12]   click [Sleep] Sleep until 7:00 AM
 449.7s [6月8日（週日） 上午 7:14]   use "Packing table"
 450.5s [6月8日（週日） 上午 7:15]   click [Pack] 打包 23 筆訂單（3 小時 4 分）
 451.4s [6月8日（週日） 上午 10:20]   click [CourierEconomy] 快遞 · 經濟 3 天（$93.60）
 454.1s [6月8日（週日） 上午 10:24]   use "Use laptop — Company OS"
 454.7s [6月8日（週日） 上午 10:25]   click [Tab_operations] Operations
 454.9s [6月8日（週日） 上午 10:25]   click [DeliverTo_riverside_studio] 河濱大樓 7C
 455.1s [6月8日（週日） 上午 10:26]   click [Buy_tradelink_wholesale_water_bottle] 購買 $408.00
 455.3s [6月8日（週日） 上午 10:36]   click [Buy_tradelink_wholesale_wireless_earbuds] 購買 $900.00
 463.6s [6月8日（週日） 下午 7:12]   use "Sleep"
 464.2s [6月8日（週日） 下午 7:12]   click [Sleep] Sleep until 7:00 AM
 474.9s [6月9日（週一） 上午 7:14]   use "Packing table"
 475.6s [6月9日（週一） 上午 7:15]   click [Pack] 打包 50 筆訂單（6 小時 40 分）
 476.6s [6月9日（週一） 下午 1:56]   click [CourierEconomy] 快遞 · 經濟 3 天（$184.00）
 486.7s [6月9日（週一） 下午 7:14]   use "Sleep"
 487.3s [6月9日（週一） 下午 7:14]   click [Sleep] Sleep until 7:00 AM
 498.0s [6月10日（週二） 上午 7:14]   use "Packing table"
 498.7s [6月10日（週二） 上午 7:15]   click [Pack] 打包 37 筆訂單（4 小時 56 分）
 499.7s [6月10日（週二） 下午 12:12]   click [CourierEconomy] 快遞 · 經濟 3 天（$130.40）
 501.1s [6月10日（週二） 下午 7:00]   shot 55_decision_customer_return.png
 501.1s [6月10日（週二） 下午 7:00]   decision customer_return → replace
 501.1s [6月10日（週二） 下午 7:00]   click [Choice_replace] 寄一個新的
 502.4s [6月10日（週二） 下午 7:00]   shot 56_decision_outcome_customer_return.png
 502.5s [6月10日（週二） 下午 7:00]   click "OK"
 503.0s [6月10日（週二） 下午 7:00]   shot 57_decision_customer_return.png
 503.0s [6月10日（週二） 下午 7:00]   decision customer_return → replace
 503.0s [6月10日（週二） 下午 7:00]   click [Choice_replace] 寄一個新的
 504.4s [6月10日（週二） 下午 7:00]   shot 58_decision_outcome_customer_return.png
 504.4s [6月10日（週二） 下午 7:00]   click "OK"
 513.8s [6月10日（週二） 下午 7:14]   use "Sleep"
 514.4s [6月10日（週二） 下午 7:14]   click [Sleep] Sleep until 7:00 AM
 516.2s [6月11日（週三） 上午 7:00]   shot 59_decision_customer_return.png
 516.3s [6月11日（週三） 上午 7:00]   decision customer_return → replace
 516.3s [6月11日（週三） 上午 7:00]   click [Choice_replace] 寄一個新的
 517.6s [6月11日（週三） 上午 7:00]   shot 60_decision_outcome_customer_return.png
 517.6s [6月11日（週三） 上午 7:00]   click "OK"
 527.0s [6月11日（週三） 上午 7:13]   use "Packing table"
 527.7s [6月11日（週三） 上午 7:15]   click [Pack] 打包 25 筆訂單（3 小時 20 分）
 528.6s [6月11日（週三） 上午 10:36]   click [CourierEconomy] 快遞 · 經濟 3 天（$86.00）
 529.8s [6月11日（週三） 上午 10:37]   shot 61_decision_customer_return.png
 529.8s [6月11日（週三） 上午 10:37]   decision customer_return → refund
 529.8s [6月11日（週三） 上午 10:37]   click [Choice_refund] 退款＋收回商品
 531.2s [6月11日（週三） 上午 10:37]   shot 62_decision_outcome_customer_return.png
 531.2s [6月11日（週三） 上午 10:37]   click "OK"
 531.9s [6月11日（週三） 下午 7:00]   shot 63_decision_customer_return.png
 531.9s [6月11日（週三） 下午 7:00]   decision customer_return → replace
 531.9s [6月11日（週三） 下午 7:00]   click [Choice_replace] 寄一個新的
 533.3s [6月11日（週三） 下午 7:00]   shot 64_decision_outcome_customer_return.png
 533.3s [6月11日（週三） 下午 7:00]   click "OK"
 542.6s [6月11日（週三） 下午 7:13]   use "Sleep"
 543.2s [6月11日（週三） 下午 7:14]   click [Sleep] Sleep until 7:00 AM
 553.9s [6月12日（週四） 上午 7:14]   use "Packing table"
 554.6s [6月12日（週四） 上午 7:15]   click [Pack] 打包 24 筆訂單（3 小時 12 分）
 555.6s [6月12日（週四） 上午 10:28]   click [CourierEconomy] 快遞 · 經濟 3 天（$82.80）
 565.6s [6月12日（週四） 下午 7:13]   use "Sleep"
 566.2s [6月12日（週四） 下午 7:13]   click [Sleep] Sleep until 7:00 AM
 576.9s [6月13日（週五） 上午 7:14]   use "Packing table"
 577.6s [6月13日（週五） 上午 7:15]   click [Pack] 打包 28 筆訂單（3 小時 44 分）
 578.6s [6月13日（週五） 上午 11:00]   click [CourierEconomy] 快遞 · 經濟 3 天（$95.60）
 588.7s [6月13日（週五） 下午 7:13]   use "Sleep"
 589.3s [6月13日（週五） 下午 7:13]   click [Sleep] Sleep until 7:00 AM
 591.1s [6月14日（週六） 上午 7:00]   shot 65_decision_customer_return.png
 591.1s [6月14日（週六） 上午 7:00]   decision customer_return → refund
 591.1s [6月14日（週六） 上午 7:00]   click [Choice_refund] 退款＋收回商品
 592.5s [6月14日（週六） 上午 7:00]   shot 66_decision_outcome_customer_return.png
 592.6s [6月14日（週六） 上午 7:00]   click "OK"
 593.1s [6月14日（週六） 上午 7:00]   shot 67_decision_customer_return.png
 593.1s [6月14日（週六） 上午 7:00]   decision customer_return → replace
 593.1s [6月14日（週六） 上午 7:00]   click [Choice_replace] 寄一個新的
 594.5s [6月14日（週六） 上午 7:00]   shot 68_decision_outcome_customer_return.png
 594.5s [6月14日（週六） 上午 7:00]   click "OK"
 603.9s [6月14日（週六） 上午 7:14]   use "Packing table"
 604.6s [6月14日（週六） 上午 7:15]   click [Pack] 打包 17 筆訂單（2 小時 16 分）
 605.5s [6月14日（週六） 上午 9:32]   click [CourierEconomy] 快遞 · 經濟 3 天（$60.40）
 607.0s [6月14日（週六） 下午 7:00]   shot 69_decision_supplier_price_increase.png
 607.0s [6月14日（週六） 下午 7:00]   decision supplier_price_increase → accept
 607.0s [6月14日（週六） 下午 7:00]   click [Choice_accept] 好。繼續跟你進貨。
 608.3s [6月14日（週六） 下午 7:00]   shot 70_decision_outcome_supplier_price_increase.png
 608.3s [6月14日（週六） 下午 7:00]   click "OK"
 617.7s [6月14日（週六） 下午 7:14]   use "Sleep"
 618.3s [6月14日（週六） 下午 7:14]   click [Sleep] Sleep until 7:00 AM
 629.0s [6月15日（週日） 上午 7:14]   use "Packing table"
 629.7s [6月15日（週日） 上午 7:15]   click [Pack] 打包 24 筆訂單（3 小時 12 分）
 630.6s [6月15日（週日） 上午 10:28]   click [CourierEconomy] 快遞 · 經濟 3 天（$82.80）
 638.8s [6月15日（週日） 下午 7:11]   toast: 新評價 #1271：★「浪費錢。」
 640.7s [6月15日（週日） 下午 7:13]   use "Sleep"
 641.3s [6月15日（週日） 下午 7:13]   click [Sleep] Sleep until 7:00 AM
 652.0s [6月16日（週一） 上午 7:14]   use "Packing table"
 652.6s [6月16日（週一） 上午 7:15]   click [Pack] 打包 15 筆訂單（2 h）
 653.5s [6月16日（週一） 上午 9:16]   click [CourierEconomy] 快遞 · 經濟 3 天（$54.00）
 654.7s [6月16日（週一） 上午 9:17]   shot 71_decision_unexpected_large_order.png
 654.7s [6月16日（週一） 上午 9:17]   decision unexpected_large_order → review
 654.7s [6月16日（週一） 上午 9:17]   click [Choice_review] 把合約寄給我，我看看。
 656.1s [6月16日（週一） 上午 9:17]   shot 72_decision_outcome_unexpected_large_order.png
 656.1s [6月16日（週一） 上午 9:17]   click "OK"
 658.2s [6月16日（週一） 上午 9:20]   use "Use laptop — Company OS"
 658.8s [6月16日（週一） 上午 9:21]   click [Tab_contracts] 合約 ●
 659.5s [6月16日（週一） 上午 9:21]   shot 73_contract_offer.png
 659.5s [6月16日（週一） 上午 9:21]   click [AcceptContract] Accept
 668.2s [6月16日（週一） 下午 7:12]   use "Sleep"
 668.8s [6月16日（週一） 下午 7:12]   click [Sleep] Sleep until 7:00 AM
 670.8s [6月17日（週二） 上午 7:00]   shot 74_decision_customer_return.png
 670.8s [6月17日（週二） 上午 7:00]   decision customer_return → replace
 670.8s [6月17日（週二） 上午 7:00]   click [Choice_replace] 寄一個新的
 672.2s [6月17日（週二） 上午 7:00]   shot 75_decision_outcome_customer_return.png
 672.2s [6月17日（週二） 上午 7:00]   click "OK"
 681.6s [6月17日（週二） 上午 7:14]   use "Packing table"
 682.3s [6月17日（週二） 上午 7:15]   click [Pack] 打包 15 筆訂單（2 h）
 683.2s [6月17日（週二） 上午 9:16]   click [CourierEconomy] 快遞 · 經濟 3 天（$54.00）
 685.9s [6月17日（週二） 上午 9:20]   use "Use laptop — Company OS"
 686.5s [6月17日（週二） 上午 9:21]   click [Tab_operations] Operations
 686.9s [6月17日（週二） 上午 9:21]   click [DeliverTo_riverside_studio] 河濱大樓 7C
 687.1s [6月17日（週二） 上午 9:22]   click [Buy_tradelink_wholesale_water_bottle] 購買 $469.20
 687.3s [6月17日（週二） 上午 9:32]   click [Buy_tradelink_wholesale_water_bottle] 購買 $469.20
 687.5s [6月17日（週二） 上午 9:42]   click [Tab_contracts] Contracts
 688.6s [6月17日（週二） 下午 7:00]   shot 76_decision_customer_return.png
 688.6s [6月17日（週二） 下午 7:00]   decision customer_return → replace
 688.6s [6月17日（週二） 下午 7:00]   click [Choice_replace] 寄一個新的
 690.0s [6月17日（週二） 下午 7:00]   shot 77_decision_outcome_customer_return.png
 690.0s [6月17日（週二） 下午 7:00]   click "OK"
 690.5s [6月17日（週二） 下午 7:00]   shot 78_decision_customer_return.png
 690.5s [6月17日（週二） 下午 7:00]   decision customer_return → refund
 690.5s [6月17日（週二） 下午 7:00]   click [Choice_refund] 退款＋收回商品
 691.9s [6月17日（週二） 下午 7:00]   shot 79_decision_outcome_customer_return.png
 691.9s [6月17日（週二） 下午 7:00]   click "OK"
 700.1s [6月17日（週二） 下午 7:12]   use "Sleep"
 700.7s [6月17日（週二） 下午 7:12]   click [Sleep] Sleep until 7:00 AM
 711.4s [6月18日（週三） 上午 7:14]   use "Packing table"
 712.1s [6月18日（週三） 上午 7:15]   click [Pack] 打包 14 筆訂單（1 小時 52 分）
 713.0s [6月18日（週三） 上午 9:08]   click [CourierEconomy] 快遞 · 經濟 3 天（$50.80）
 715.8s [6月18日（週三） 上午 9:12]   use "Use laptop — Company OS"
 716.4s [6月18日（週三） 上午 9:13]   click [Tab_operations] Operations
 716.6s [6月18日（週三） 上午 9:13]   click [DeliverTo_riverside_studio] 河濱大樓 7C
 716.8s [6月18日（週三） 上午 9:14]   click [Buy_tradelink_wholesale_water_bottle] 購買 $469.20
 717.0s [6月18日（週三） 上午 9:24]   click [Buy_tradelink_wholesale_water_bottle] 購買 $469.20
 717.2s [6月18日（週三） 上午 9:34]   click [Tab_contracts] Contracts
 718.3s [6月18日（週三） 下午 7:00]   shot 80_decision_customer_return.png
 718.3s [6月18日（週三） 下午 7:00]   decision customer_return → refund
 718.3s [6月18日（週三） 下午 7:00]   click [Choice_refund] 退款＋收回商品
 719.7s [6月18日（週三） 下午 7:00]   shot 81_decision_outcome_customer_return.png
 719.7s [6月18日（週三） 下午 7:00]   click "OK"
 727.9s [6月18日（週三） 下午 7:12]   use "Sleep"
 728.5s [6月18日（週三） 下午 7:12]   click [Sleep] Sleep until 7:00 AM
 730.4s [6月19日（週四） 上午 7:00]   shot 82_decision_customer_return.png
 730.4s [6月19日（週四） 上午 7:00]   decision customer_return → replace
 730.4s [6月19日（週四） 上午 7:00]   click [Choice_replace] 寄一個新的
 731.8s [6月19日（週四） 上午 7:00]   shot 83_decision_outcome_customer_return.png
 731.8s [6月19日（週四） 上午 7:00]   click "OK"
 741.1s [6月19日（週四） 上午 7:14]   use "Packing table"
 741.8s [6月19日（週四） 上午 7:15]   click [Pack] 打包 10 筆訂單（1 小時 20 分）
 742.7s [6月19日（週四） 上午 8:36]   click [CourierEconomy] 快遞 · 經濟 3 天（$38.00）
 745.5s [6月19日（週四） 上午 8:40]   use "Use laptop — Company OS"
 746.0s [6月19日（週四） 上午 8:41]   click [Tab_operations] Operations
 746.2s [6月19日（週四） 上午 8:41]   click [DeliverTo_riverside_studio] 河濱大樓 7C
 746.4s [6月19日（週四） 上午 8:41]   click [Buy_tradelink_wholesale_water_bottle] 購買 $469.20
 746.6s [6月19日（週四） 上午 8:52]   click [Buy_tradelink_wholesale_water_bottle] 購買 $469.20
 746.9s [6月19日（週四） 上午 9:02]   click [Tab_contracts] Contracts
 755.5s [6月19日（週四） 下午 7:11]   use "Sleep"
 756.1s [6月19日（週四） 下午 7:11]   click [Sleep] Sleep until 7:00 AM
 766.8s [6月20日（週五） 上午 7:14]   use "Packing table"
 767.5s [6月20日（週五） 上午 7:15]   click [Pack] 打包 14 筆訂單（1 小時 52 分）
 768.4s [6月20日（週五） 上午 9:08]   click [CourierEconomy] 快遞 · 經濟 3 天（$50.80）
 771.1s [6月20日（週五） 上午 9:12]   use "Use laptop — Company OS"
 771.7s [6月20日（週五） 上午 9:13]   click [Tab_contracts] Contracts
 772.3s [6月20日（週五） 上午 9:14]   click [DeliverContract] 打包並交貨 120 件（B2B 貨運 $40）
 773.0s [6月20日（週五） 上午 10:45]   shot 84_contract_delivered.png
 781.1s [6月20日（週五） 下午 7:11]   use "Sleep"
 781.7s [6月20日（週五） 下午 7:11]   click [Sleep] Sleep until 7:00 AM
 792.4s [6月21日（週六） 上午 7:14]   use "Packing table"
 793.1s [6月21日（週六） 上午 7:15]   click [Pack] 打包 16 筆訂單（2 小時 8 分）
 794.0s [6月21日（週六） 上午 9:24]   click [CourierEconomy] 快遞 · 經濟 3 天（$57.20）
 804.0s [6月21日（週六） 下午 7:13]   use "Sleep"
 804.6s [6月21日（週六） 下午 7:13]   click [Sleep] Sleep until 7:00 AM
 806.5s [6月22日（週日） 上午 7:00]   shot 85_decision_customer_return.png
 806.5s [6月22日（週日） 上午 7:00]   decision customer_return → replace
 806.5s [6月22日（週日） 上午 7:00]   click [Choice_replace] 寄一個新的
 807.9s [6月22日（週日） 上午 7:00]   shot 86_decision_outcome_customer_return.png
 807.9s [6月22日（週日） 上午 7:00]   click "OK"
 817.3s [6月22日（週日） 上午 7:13]   use "Packing table"
 818.0s [6月22日（週日） 上午 7:15]   click [Pack] 打包 14 筆訂單（1 小時 52 分）
 818.9s [6月22日（週日） 上午 9:08]   click [CourierEconomy] 快遞 · 經濟 3 天（$50.80）
 820.0s [6月22日（週日） 上午 9:09]   shot 87_decision_customer_return.png
 820.0s [6月22日（週日） 上午 9:09]   decision customer_return → replace
 820.0s [6月22日（週日） 上午 9:09]   click [Choice_replace] 寄一個新的
 821.4s [6月22日（週日） 上午 9:09]   shot 88_decision_outcome_customer_return.png
 821.4s [6月22日（週日） 上午 9:09]   click "OK"
 830.9s [6月22日（週日） 下午 7:14]   use "Sleep"
 831.5s [6月22日（週日） 下午 7:14]   click [Sleep] Sleep until 7:00 AM
 842.2s [6月23日（週一） 上午 7:14]   use "Packing table"
 842.9s [6月23日（週一） 上午 7:15]   click [Pack] 打包 24 筆訂單（3 小時 12 分）
 843.8s [6月23日（週一） 上午 10:28]   click [CourierEconomy] 快遞 · 經濟 3 天（$82.80）
 853.9s [6月23日（週一） 下午 7:13]   use "Sleep"
 854.5s [6月23日（週一） 下午 7:13]   click [Sleep] Sleep until 7:00 AM
 856.3s [6月24日（週二） 上午 7:00]   shot 89_decision_customer_return.png
 856.3s [6月24日（週二） 上午 7:00]   decision customer_return → replace
 856.3s [6月24日（週二） 上午 7:00]   click [Choice_replace] 寄一個新的
 857.7s [6月24日（週二） 上午 7:00]   shot 90_decision_outcome_customer_return.png
 857.7s [6月24日（週二） 上午 7:00]   click "OK"
 867.1s [6月24日（週二） 上午 7:14]   use "Packing table"
 867.8s [6月24日（週二） 上午 7:15]   click [Pack] 打包 31 筆訂單（4 小時 8 分）
 868.7s [6月24日（週二） 上午 11:24]   click [CourierEconomy] 快遞 · 經濟 3 天（$105.20）
 869.8s [6月24日（週二） 上午 11:25]   shot 91_decision_customer_return.png
 869.8s [6月24日（週二） 上午 11:25]   decision customer_return → replace
 869.8s [6月24日（週二） 上午 11:25]   click [Choice_replace] 寄一個新的
 871.2s [6月24日（週二） 上午 11:25]   shot 92_decision_outcome_customer_return.png
 871.2s [6月24日（週二） 上午 11:25]   click "OK"
 880.7s [6月24日（週二） 下午 7:14]   use "Sleep"
 881.3s [6月24日（週二） 下午 7:14]   click [Sleep] Sleep until 7:00 AM
 891.9s [6月25日（週三） 上午 7:14]   use "Packing table"
 892.6s [6月25日（週三） 上午 7:15]   click [Pack] 打包 30 筆訂單（4 h）
 893.6s [6月25日（週三） 上午 11:16]   click [CourierEconomy] 快遞 · 經濟 3 天（$102.00）
 894.9s [6月25日（週三） 下午 7:00]   shot 93_decision_customer_return.png
 894.9s [6月25日（週三） 下午 7:00]   decision customer_return → replace
 894.9s [6月25日（週三） 下午 7:00]   click [Choice_replace] 寄一個新的
 896.3s [6月25日（週三） 下午 7:00]   shot 94_decision_outcome_customer_return.png
 896.3s [6月25日（週三） 下午 7:00]   click "OK"
 905.7s [6月25日（週三） 下午 7:13]   use "Sleep"
 906.3s [6月25日（週三） 下午 7:14]   click [Sleep] Sleep until 7:00 AM
 908.1s [6月26日（週四） 上午 7:00]   shot 95_decision_customer_return.png
 908.1s [6月26日（週四） 上午 7:00]   decision customer_return → replace
 908.1s [6月26日（週四） 上午 7:00]   click [Choice_replace] 寄一個新的
 909.5s [6月26日（週四） 上午 7:00]   shot 96_decision_outcome_customer_return.png
 909.5s [6月26日（週四） 上午 7:00]   click "OK"
 918.9s [6月26日（週四） 上午 7:14]   use "Packing table"
 919.5s [6月26日（週四） 上午 7:15]   click [Pack] 打包 23 筆訂單（3 小時 4 分）
 920.4s [6月26日（週四） 上午 10:20]   click [CourierEconomy] 快遞 · 經濟 3 天（$79.60）
 923.2s [6月26日（週四） 上午 10:24]   use "Use laptop — Company OS"
 923.7s [6月26日（週四） 上午 10:25]   click [Tab_operations] Operations
 923.9s [6月26日（週四） 上午 10:25]   click [DeliverTo_riverside_studio] 河濱大樓 7C
 924.1s [6月26日（週四） 上午 10:25]   click [Buy_tradelink_wholesale_wireless_earbuds] 購買 $900.00
 932.5s [6月26日（週四） 下午 7:12]   use "Sleep"
 933.1s [6月26日（週四） 下午 7:12]   click [Sleep] Sleep until 7:00 AM
 934.9s [6月27日（週五） 上午 7:00]   shot 97_decision_customer_return.png
 934.9s [6月27日（週五） 上午 7:00]   decision customer_return → replace
 934.9s [6月27日（週五） 上午 7:00]   click [Choice_replace] 寄一個新的
 936.3s [6月27日（週五） 上午 7:00]   shot 98_decision_outcome_customer_return.png
 936.3s [6月27日（週五） 上午 7:00]   click "OK"
 945.7s [6月27日（週五） 上午 7:14]   use "Packing table"
 946.4s [6月27日（週五） 上午 7:15]   click [Pack] 打包 14 筆訂單（1 小時 52 分）
 947.3s [6月27日（週五） 上午 9:08]   click [CourierEconomy] 快遞 · 經濟 3 天（$50.80）
 950.1s [6月27日（週五） 上午 9:12]   use "Use laptop — Company OS"
 950.7s [6月27日（週五） 上午 9:13]   click [Tab_operations] Operations
 950.9s [6月27日（週五） 上午 9:13]   click [DeliverTo_riverside_studio] 河濱大樓 7C
 951.1s [6月27日（週五） 上午 9:14]   click [Buy_tradelink_wholesale_wireless_earbuds] 購買 $900.00
 959.4s [6月27日（週五） 下午 7:11]   use "Sleep"
 960.0s [6月27日（週五） 下午 7:11]   click [Sleep] Sleep until 7:00 AM
 970.8s [6月28日（週六） 上午 7:14]   use "Packing table"
 971.5s [6月28日（週六） 上午 7:15]   click [Pack] 打包 11 筆訂單（1 小時 28 分）
 972.4s [6月28日（週六） 上午 8:44]   click [CourierEconomy] 快遞 · 經濟 3 天（$41.20）
 973.5s [6月28日（週六） 上午 8:45]   shot 99_decision_customer_return.png
 973.5s [6月28日（週六） 上午 8:45]   decision customer_return → refund
 973.5s [6月28日（週六） 上午 8:45]   click [Choice_refund] 退款＋收回商品
 974.9s [6月28日（週六） 上午 8:45]   shot 100_decision_outcome_customer_return.png
 974.9s [6月28日（週六） 上午 8:45]   click "OK"
 977.0s [6月28日（週六） 上午 8:48]   use "Use laptop — Company OS"
 977.6s [6月28日（週六） 上午 8:49]   click [Tab_operations] Operations
 977.8s [6月28日（週六） 上午 8:49]   click [DeliverTo_riverside_studio] 河濱大樓 7C
 978.0s [6月28日（週六） 上午 8:49]   click [Buy_tradelink_wholesale_wireless_earbuds] 購買 $900.00
 986.4s [6月28日（週六） 下午 7:12]   use "Sleep"
 987.0s [6月28日（週六） 下午 7:12]   click [Sleep] Sleep until 7:00 AM
 987.6s [6月29日（週日） 上午 5:49]   toast: 新評價 #1534：★「浪費錢。」
 988.8s [6月29日（週日） 上午 7:00]   shot 101_decision_customer_return.png
 988.8s [6月29日（週日） 上午 7:00]   decision customer_return → replace
 988.8s [6月29日（週日） 上午 7:00]   click [Choice_replace] 寄一個新的
 990.2s [6月29日（週日） 上午 7:00]   shot 102_decision_outcome_customer_return.png
 990.2s [6月29日（週日） 上午 7:00]   click "OK"
 999.6s [6月29日（週日） 上午 7:14]   use "Packing table"
1000.3s [6月29日（週日） 上午 7:15]   click [Pack] 打包 16 筆訂單（2 小時 8 分）
1001.2s [6月29日（週日） 上午 9:24]   click [CourierEconomy] 快遞 · 經濟 3 天（$57.20）
1011.2s [6月29日（週日） 下午 7:13]   use "Sleep"
1011.9s [6月29日（週日） 下午 7:13]   click [Sleep] Sleep until 7:00 AM
1013.7s [6月30日（週一） 上午 7:00]   shot 103_decision_customer_return.png
1013.9s [6月30日（週一） 上午 7:00]   decision customer_return → replace
1013.9s [6月30日（週一） 上午 7:00]   click [Choice_replace] 寄一個新的
1015.3s [6月30日（週一） 上午 7:00]   shot 104_decision_outcome_customer_return.png
1015.3s [6月30日（週一） 上午 7:00]   click "OK"
1015.8s [6月30日（週一） 上午 7:00]   shot 105_decision_customer_return.png
1015.8s [6月30日（週一） 上午 7:00]   decision customer_return → replace
1015.8s [6月30日（週一） 上午 7:00]   click [Choice_replace] 寄一個新的
1017.2s [6月30日（週一） 上午 7:00]   shot 106_decision_outcome_customer_return.png
1017.2s [6月30日（週一） 上午 7:00]   click "OK"
1017.7s [6月30日（週一） 上午 7:00]   shot 107_decision_customer_return.png
1017.7s [6月30日（週一） 上午 7:00]   decision customer_return → replace
1017.7s [6月30日（週一） 上午 7:00]   click [Choice_replace] 寄一個新的
1019.1s [6月30日（週一） 上午 7:00]   shot 108_decision_outcome_customer_return.png
1019.1s [6月30日（週一） 上午 7:00]   click "OK"
1028.5s [6月30日（週一） 上午 7:13]   use "Packing table"
1029.2s [6月30日（週一） 上午 7:15]   click [Pack] 打包 31 筆訂單（4 小時 8 分）
1030.1s [6月30日（週一） 上午 11:24]   click [CourierEconomy] 快遞 · 經濟 3 天（$105.20）
1031.3s [6月30日（週一） 上午 11:25]   shot 109_decision_customer_return.png
1031.3s [6月30日（週一） 上午 11:25]   decision customer_return → replace
1031.3s [6月30日（週一） 上午 11:25]   click [Choice_replace] 寄一個新的
1032.7s [6月30日（週一） 上午 11:25]   shot 110_decision_outcome_customer_return.png
1032.7s [6月30日（週一） 上午 11:25]   click "OK"
1042.1s [6月30日（週一） 下午 7:14]   use "Sleep"
1042.7s [6月30日（週一） 下午 7:14]   click [Sleep] Sleep until 7:00 AM
1046.4s [7月1日（週二） 上午 7:00]   shot 111_month_close_report.png
1046.4s [7月1日（週二） 上午 7:00]   click [month close] Continue
1055.7s [7月1日（週二） 上午 7:13]   use "Packing table"
1056.4s [7月1日（週二） 上午 7:15]   click [Pack] 打包 16 筆訂單（2 小時 8 分）
1057.3s [7月1日（週二） 上午 9:24]   click [CourierEconomy] 快遞 · 經濟 3 天（$57.20）
1059.5s [7月1日（週二） 上午 9:27]   ok  month close ran (June)
1061.1s [7月1日（週二） 上午 9:30]   use "Use laptop — Company OS"
1061.7s [7月1日（週二） 上午 9:30]   click [Tab_finance] Finance
1062.5s [7月1日（週二） 上午 9:32]   shot 112_company_os_finance_july.png
1062.8s [7月1日（週二） 上午 9:32]   ok  Chapter 4 started after the June close
1062.9s [7月1日（週二） 上午 9:32] STEP Chapter 4 — register as an employer at City Hall
1065.5s [7月1日（週二） 上午 9:37]   ok  walked back outside
1079.5s [7月1日（週二） 上午 9:58]   use "捷運——河濱區站"
1080.5s [7月1日（週二） 上午 9:59]   shot 113_metro_civic_center.png
1080.5s [7月1日（週二） 上午 9:59]   click [Go_civic_center] 市政中心  ·  12 分鐘
1081.5s [7月1日（週二） 上午 10:13]   ok  took the Metro to Civic Center
1088.5s [7月1日（週二） 上午 10:24]   ok  entered Aurelia City Hall
1090.3s [7月1日（週二） 上午 10:26]   use "Permits & regulations"
1091.1s [7月1日（週二） 上午 10:27]   shot 114_permits_kiosk.png
1091.1s [7月1日（週二） 上午 10:27]   click [RegisterEmployer] 登記（$150）
1092.1s [7月1日（週二） 上午 10:49]   ok  registered as an employer
1092.1s [7月1日（週二） 上午 10:49] STEP Chapter 4 — post a job, hire, first payroll
1095.1s [7月1日（週二） 上午 10:55]   ok  walked back outside
1100.7s [7月1日（週二） 上午 11:03]   use "捷運——市政中心站"
1101.6s [7月1日（週二） 上午 11:04]   shot 115_metro_riverside.png
1101.6s [7月1日（週二） 上午 11:04]   click [Go_riverside] 河濱區  ·  12 分鐘
1102.6s [7月1日（週二） 上午 11:18]   ok  took the Metro to Riverside
1111.8s [7月1日（週二） 上午 11:32]   ok  entered Riverside Tower
1113.2s [7月1日（週二） 上午 11:34]   use "Use laptop — Company OS"
1113.8s [7月1日（週二） 上午 11:35]   click [Tab_people] People
1114.5s [7月1日（週二） 上午 11:36]   shot 116_people_tab.png
1114.5s [7月1日（週二） 上午 11:36]   click [Post_support] Post job
1115.4s [7月1日（週二） 上午 11:37]   ok  job ad posted
1115.5s [7月1日（週二） 上午 11:37]   (harness) wait 2 h
1124.0s [7月1日（週二） 下午 1:50]   use "Packing table"
1124.6s [7月1日（週二） 下午 1:51]   click [Pack] 打包 5 筆訂單（40 分鐘）
1125.5s [7月1日（週二） 下午 2:32]   click [CourierEconomy] 快遞 · 經濟 3 天（$22.00）
1126.7s [7月1日（週二） 下午 2:34]   (harness) wait 2 h
1127.5s [7月1日（週二） 下午 4:35]   use "Packing table"
1128.2s [7月1日（週二） 下午 4:36]   click [Pack] 打包 3 筆訂單（24 分鐘）
1129.1s [7月1日（週二） 下午 5:02]   click [CourierEconomy] 快遞 · 經濟 3 天（$15.60）
1130.2s [7月1日（週二） 下午 5:03]   (harness) wait 2 h
1131.1s [7月1日（週二） 下午 7:04]   use "Packing table"
1131.8s [7月1日（週二） 下午 7:06]   click [Pack] 打包 5 筆訂單（40 分鐘）
1132.7s [7月1日（週二） 下午 7:47]   click [CourierEconomy] 快遞 · 經濟 3 天（$22.00）
1136.5s [7月1日（週二） 下午 7:53]   use "Sleep"
1137.1s [7月1日（週二） 下午 7:53]   click [Sleep] Sleep until 7:00 AM
1147.8s [7月2日（週三） 上午 7:14]   use "Packing table"
1148.5s [7月2日（週三） 上午 7:15]   click [Pack] 打包 10 筆訂單（1 小時 20 分）
1149.4s [7月2日（週三） 上午 8:44]   click [CourierEconomy] 快遞 · 經濟 3 天（$41.20）
1152.1s [7月2日（週三） 上午 8:48]   use "Use laptop — Company OS"
1152.6s [7月2日（週三） 上午 8:49]   click [Tab_people] People
1154.0s [7月2日（週三） 上午 8:50]   shot 117_applicants.png
1154.0s [7月2日（週三） 上午 8:50]   click [Hire_E1] Hire
1154.9s [7月2日（週三） 上午 8:52]   ok  hired the first employee (Jae Okoro)
1162.7s [7月2日（週三） 下午 7:11]   use "Sleep"
1163.3s [7月2日（週三） 下午 7:11]   click [Sleep] Sleep until 7:00 AM
1165.1s [7月3日（週四） 上午 7:00]   shot 118_decision_customer_return.png
1165.1s [7月3日（週四） 上午 7:00]   decision customer_return → replace
1165.1s [7月3日（週四） 上午 7:00]   click [Choice_replace] 寄一個新的
1166.5s [7月3日（週四） 上午 7:00]   shot 119_decision_outcome_customer_return.png
1166.5s [7月3日（週四） 上午 7:00]   click "OK"
1167.0s [7月3日（週四） 上午 7:00]   shot 120_decision_customer_return.png
1167.0s [7月3日（週四） 上午 7:00]   decision customer_return → replace
1167.0s [7月3日（週四） 上午 7:00]   click [Choice_replace] 寄一個新的
1168.4s [7月3日（週四） 上午 7:00]   shot 121_decision_outcome_customer_return.png
1168.4s [7月3日（週四） 上午 7:00]   click "OK"
1177.8s [7月3日（週四） 上午 7:13]   use "Packing table"
1178.4s [7月3日（週四） 上午 7:15]   click [Pack] 打包 23 筆訂單（3 小時 4 分）
1179.3s [7月3日（週四） 上午 10:20]   click [CourierEconomy] 快遞 · 經濟 3 天（$79.60）
1189.3s [7月3日（週四） 下午 7:13]   use "Sleep"
1189.9s [7月3日（週四） 下午 7:13]   click [Sleep] Sleep until 7:00 AM
1200.6s [7月4日（週五） 上午 7:14]   use "Packing table"
1201.3s [7月4日（週五） 上午 7:15]   click [Pack] 打包 19 筆訂單（2 小時 32 分）
1202.2s [7月4日（週五） 上午 9:48]   click [CourierEconomy] 快遞 · 經濟 3 天（$66.80）
1212.2s [7月4日（週五） 下午 7:13]   use "Sleep"
1212.8s [7月4日（週五） 下午 7:13]   click [Sleep] Sleep until 7:00 AM
1223.9s [7月5日（週六） 上午 7:14]   use "Packing table"
1224.6s [7月5日（週六） 上午 7:15]   click [Pack] 打包 17 筆訂單（2 小時 16 分）
1225.6s [7月5日（週六） 上午 9:32]   click [CourierEconomy] 快遞 · 經濟 3 天（$60.40）
1226.8s [7月5日（週六） 上午 9:34]   ok  first payroll paid
1228.3s [7月5日（週六） 上午 9:36]   use "Use laptop — Company OS"
1228.9s [7月5日（週六） 上午 9:37]   click [Tab_finance] Finance
1229.7s [7月5日（週六） 上午 9:38]   shot 122_cash_forecast.png
1231.2s [7月5日（週六） 上午 9:41]   ok  Chapter 4 complete
1231.2s [7月5日（週六） 上午 9:41] STEP Chapter 5 — Crestline's offer
1239.1s [7月5日（週六） 下午 7:11]   use "Sleep"
1239.7s [7月5日（週六） 下午 7:11]   click [Sleep] Sleep until 7:00 AM
1250.8s [7月6日（週日） 上午 7:14]   use "Packing table"
1251.5s [7月6日（週日） 上午 7:15]   click [Pack] 打包 24 筆訂單（3 小時 12 分）
1252.5s [7月6日（週日） 上午 10:28]   click [CourierEconomy] 快遞 · 經濟 3 天（$82.80）
1262.7s [7月6日（週日） 下午 7:13]   use "Sleep"
1263.3s [7月6日（週日） 下午 7:13]   click [Sleep] Sleep until 7:00 AM
1274.2s [7月7日（週一） 上午 7:14]   use "Packing table"
1274.9s [7月7日（週一） 上午 7:15]   click [Pack] 打包 18 筆訂單（2 小時 24 分）
1275.9s [7月7日（週一） 上午 9:40]   click [CourierEconomy] 快遞 · 經濟 3 天（$63.60）
1286.0s [7月7日（週一） 下午 7:13]   use "Sleep"
1286.6s [7月7日（週一） 下午 7:13]   click [Sleep] Sleep until 7:00 AM
1297.5s [7月8日（週二） 上午 7:14]   use "Packing table"
1298.2s [7月8日（週二） 上午 7:15]   click [Pack] 打包 22 筆訂單（2 小時 56 分）
1299.2s [7月8日（週二） 上午 10:12]   click [CourierEconomy] 快遞 · 經濟 3 天（$76.40）
1309.2s [7月8日（週二） 下午 7:13]   use "Sleep"
1309.8s [7月8日（週二） 下午 7:13]   click [Sleep] Sleep until 7:00 AM
1320.7s [7月9日（週三） 上午 7:14]   use "Packing table"
1321.4s [7月9日（週三） 上午 7:15]   click [Pack] 打包 14 筆訂單（1 小時 52 分）
1322.4s [7月9日（週三） 上午 9:08]   click [CourierEconomy] 快遞 · 經濟 3 天（$50.80）
1323.8s [7月9日（週三） 下午 7:00]   shot 123_decision_supplier_price_increase.png
1323.8s [7月9日（週三） 下午 7:00]   decision supplier_price_increase → accept
1323.8s [7月9日（週三） 下午 7:00]   click [Choice_accept] 好。繼續跟你進貨。
1325.1s [7月9日（週三） 下午 7:00]   shot 124_decision_outcome_supplier_price_increase.png
1325.1s [7月9日（週三） 下午 7:00]   click "OK"
1334.5s [7月9日（週三） 下午 7:14]   use "Sleep"
1335.1s [7月9日（週三） 下午 7:14]   click [Sleep] Sleep until 7:00 AM
1345.9s [7月10日（週四） 上午 7:14]   use "Packing table"
1346.6s [7月10日（週四） 上午 7:15]   click [Pack] 打包 23 筆訂單（3 小時 4 分）
1347.6s [7月10日（週四） 上午 10:20]   click [CourierEconomy] 快遞 · 經濟 3 天（$79.60）
1349.9s [7月10日（週四） 下午 7:02]   shot 125_decision_crestline_big_offer.png
1349.9s [7月10日（週四） 下午 7:02]   decision crestline_big_offer → review
1349.9s [7月10日（週四） 下午 7:02]   click [Choice_review] 把合約寄來，我看看。
1351.3s [7月10日（週四） 下午 7:02]   shot 126_decision_outcome_crestline_big_offer.png
1351.3s [7月10日（週四） 下午 7:02]   click "OK"
1359.6s [7月10日（週四） 下午 7:14]   use "Sleep"
1360.2s [7月10日（週四） 下午 7:14]   click [Sleep] Sleep until 7:00 AM
1370.9s [7月11日（週五） 上午 7:14]   use "Packing table"
1371.6s [7月11日（週五） 上午 7:15]   click [Pack] 打包 31 筆訂單（4 小時 8 分）
1372.5s [7月11日（週五） 上午 11:24]   click [CourierEconomy] 快遞 · 經濟 3 天（$105.20）
1373.6s [7月11日（週五） 上午 11:26]   ok  Crestline offered the big contract
1375.2s [7月11日（週五） 上午 11:28]   use "Use laptop — Company OS"
1375.7s [7月11日（週五） 上午 11:29]   click [Tab_contracts] 合約 ●
1376.5s [7月11日（週五） 上午 11:30]   shot 127_big_contract_offer.png
1376.5s [7月11日（週五） 上午 11:30]   click [AcceptContract] Accept
1377.5s [7月11日（週五） 上午 11:32]   ok  accepted Crestline's contract
1377.5s [7月11日（週五） 上午 11:32] STEP Chapter 5 — borrow from Marcus Reed at Nexus Bank
1380.2s [7月11日（週五） 上午 11:37]   ok  walked back outside
1394.2s [7月11日（週五） 上午 11:58]   use "捷運——河濱區站"
1395.2s [7月11日（週五） 上午 11:59]   shot 128_metro_financial.png
1395.2s [7月11日（週五） 上午 11:59]   click [Go_financial] 金融區  ·  10 分鐘
1396.2s [7月11日（週五） 下午 12:11]   ok  took the Metro to Financial District
1404.1s [7月11日（週五） 下午 1:18]   ok  entered Nexus Bank
1405.8s [7月11日（週五） 下午 1:20]   use "和 Marcus Reed 說話"
1408.8s [7月11日（週五） 下午 1:20]   choose "› 讓我看看你能借多少。"
1410.8s [7月11日（週五） 下午 1:20]   shot 129_loan_offer.png
1410.8s [7月11日（週五） 下午 1:20]   click [Amt_50] $25,000
1411.1s [7月11日（週五） 下午 1:20]   click [Term_12] 12 個月
1411.4s [7月11日（週五） 下午 1:20]   click [TakeLoan] 借 $25,000
1411.6s [7月11日（週五） 下午 1:20]   click [ConfirmLoan] Confirm loan signing
1412.1s [7月11日（週五） 下午 5:00]   ok  loan signing finishes the same afternoon
1412.7s [7月11日（週五） 下午 5:00]   shot 130_loan_taken.png
1413.1s [7月11日（週五） 下午 5:00]   ok  took a Nexus Bank loan (debt $25,000.00)
1413.1s [7月11日（週五） 下午 5:00] STEP Chapter 5 — order the lamps and deliver
1416.0s [7月11日（週五） 下午 5:05]   ok  walked back outside
1422.1s [7月11日（週五） 下午 5:15]   use "捷運——金融區站"
1423.1s [7月11日（週五） 下午 5:16]   shot 131_metro_riverside.png
1423.1s [7月11日（週五） 下午 5:16]   click [Go_riverside] 河濱區  ·  10 分鐘
1424.2s [7月11日（週五） 下午 5:28]   ok  took the Metro to Riverside
1433.3s [7月11日（週五） 下午 5:41]   ok  entered Riverside Tower
1434.7s [7月11日（週五） 下午 5:43]   use "Use laptop — Company OS"
1435.3s [7月11日（週五） 下午 5:44]   click [Tab_contracts] Contracts
1435.9s [7月11日（週五） 下午 5:45]   click [FillContract] 追加訂購 800 件，向 TradeLink 批發（$9,200）
1436.7s [7月11日（週五） 下午 5:56]   shot 132_contract_restock.png
1444.6s [7月11日（週五） 下午 7:11]   use "Sleep"
1445.2s [7月11日（週五） 下午 7:11]   click [Sleep] Sleep until 7:00 AM
1455.9s [7月12日（週六） 上午 7:14]   use "Packing table"
1456.6s [7月12日（週六） 上午 7:15]   click [Pack] 打包 27 筆訂單（3 小時 36 分）
1457.5s [7月12日（週六） 上午 10:52]   click [CourierEconomy] 快遞 · 經濟 3 天（$92.40）
1467.4s [7月12日（週六） 下午 7:13]   use "Sleep"
1468.0s [7月12日（週六） 下午 7:13]   click [Sleep] Sleep until 7:00 AM
1468.6s [7月12日（週六） 下午 10:44]   toast: 新評價 #1831：★「壞掉了，賣家不處理。」
1478.7s [7月13日（週日） 上午 7:14]   use "Packing table"
1479.4s [7月13日（週日） 上午 7:15]   click [Pack] 打包 29 筆訂單（3 小時 52 分）
1480.4s [7月13日（週日） 上午 11:08]   click [CourierEconomy] 快遞 · 經濟 3 天（$98.80）
1490.3s [7月13日（週日） 下午 7:13]   use "Sleep"
1490.9s [7月13日（週日） 下午 7:13]   click [Sleep] Sleep until 7:00 AM
1501.6s [7月14日（週一） 上午 7:14]   use "Packing table"
1502.3s [7月14日（週一） 上午 7:15]   click [Pack] 打包 14 筆訂單（1 小時 52 分）
1503.2s [7月14日（週一） 上午 9:08]   click [CourierEconomy] 快遞 · 經濟 3 天（$50.80）
1505.9s [7月14日（週一） 上午 9:12]   use "Use laptop — Company OS"
1506.5s [7月14日（週一） 上午 9:13]   click [Tab_contracts] Contracts
1507.1s [7月14日（週一） 上午 9:14]   click [DeliverContract] 打包並交貨 800 件（B2B 貨運 $40）
1508.2s [7月14日（週一） 上午 10:45]   shot 133_big_contract_delivered.png
1508.6s [7月14日（週一） 上午 10:46]   ok  delivered 800 lamps to Crestline
1509.6s [7月14日（週一） 上午 10:48]   ok  Chapter 5 complete
1509.6s [7月14日（週一） 上午 10:48] STEP Chapter 6 — forecast, early payment, month in the black
1509.8s [7月14日（週一） 上午 10:48]   use "Use laptop — Company OS"
1510.4s [7月14日（週一） 上午 10:49]   click [Tab_finance] Finance
1511.4s [7月14日（週一） 上午 10:50]   shot 134_cash_forecast_ch6.png
1511.4s [7月14日（週一） 上午 10:50]   click [Tab_contracts] Contracts
1512.0s [7月14日（週一） 上午 10:51]   click [EarlyPayment] 請對方提前付款（折 3%：現在拿 $21,728）
1512.7s [7月14日（週一） 上午 10:52]   shot 135_early_payment.png
1513.1s [7月14日（週一） 上午 10:53]   ok  Crestline paid early (3% discount)
1520.9s [7月14日（週一） 下午 7:11]   use "Sleep"
1521.5s [7月14日（週一） 下午 7:11]   click [Sleep] Sleep until 7:00 AM
1532.2s [7月15日（週二） 上午 7:14]   use "Packing table"
1532.9s [7月15日（週二） 上午 7:15]   click [Pack] 打包 12 筆訂單（1 小時 36 分）
1533.8s [7月15日（週二） 上午 8:52]   click [CourierEconomy] 快遞 · 經濟 3 天（$44.40）
1535.1s [7月15日（週二） 下午 7:00]   shot 136_decision_elena_offer.png
1535.1s [7月15日（週二） 下午 7:00]   decision elena_offer → accept
1535.1s [7月15日（週二） 下午 7:00]   click [Choice_accept] 以 20% 股份換 $40,000
1536.5s [7月15日（週二） 下午 7:00]   shot 137_decision_outcome_elena_offer.png
1536.5s [7月15日（週二） 下午 7:00]   click "OK"
1546.0s [7月15日（週二） 下午 7:14]   use "Sleep"
1546.6s [7月15日（週二） 下午 7:14]   click [Sleep] Sleep until 7:00 AM
1557.3s [7月16日（週三） 上午 7:14]   use "Packing table"
1558.0s [7月16日（週三） 上午 7:15]   click [Pack] 打包 12 筆訂單（1 小時 36 分）
1558.9s [7月16日（週三） 上午 8:52]   click [CourierEconomy] 快遞 · 經濟 3 天（$44.40）
1568.8s [7月16日（週三） 下午 7:13]   use "Sleep"
1569.4s [7月16日（週三） 下午 7:13]   click [Sleep] Sleep until 7:00 AM
1580.1s [7月17日（週四） 上午 7:14]   use "Packing table"
1580.8s [7月17日（週四） 上午 7:15]   click [Pack] 打包 12 筆訂單（1 小時 36 分）
1581.7s [7月17日（週四） 上午 8:52]   click [CourierEconomy] 快遞 · 經濟 3 天（$44.40）
1591.7s [7月17日（週四） 下午 7:13]   use "Sleep"
1592.3s [7月17日（週四） 下午 7:13]   click [Sleep] Sleep until 7:00 AM
1594.4s [7月18日（週五） 下午 7:00]   use "Sleep"
1595.0s [7月18日（週五） 下午 7:00]   click [Sleep] Sleep until 7:00 AM
1605.7s [7月19日（週六） 上午 7:14]   use "Packing table"
1606.4s [7月19日（週六） 上午 7:15]   click [Pack] 打包 1 筆訂單（8 分鐘）
1607.3s [7月19日（週六） 上午 7:24]   click [CourierEconomy] 快遞 · 經濟 3 天（$9.20）
1617.2s [7月19日（週六） 下午 7:13]   use "Sleep"
1617.8s [7月19日（週六） 下午 7:13]   click [Sleep] Sleep until 7:00 AM
1626.2s [7月20日（週日） 下午 7:09]   use "Sleep"
1626.8s [7月20日（週日） 下午 7:09]   click [Sleep] Sleep until 7:00 AM
1637.5s [7月21日（週一） 上午 7:14]   use "Packing table"
1638.2s [7月21日（週一） 上午 7:15]   click [Pack] 打包 1 筆訂單（8 分鐘）
1639.1s [7月21日（週一） 上午 7:24]   click [CourierEconomy] 快遞 · 經濟 3 天（$9.20）
1649.0s [7月21日（週一） 下午 7:13]   use "Sleep"
1649.7s [7月21日（週一） 下午 7:13]   click [Sleep] Sleep until 7:00 AM
1660.3s [7月22日（週二） 上午 7:14]   use "Packing table"
1661.0s [7月22日（週二） 上午 7:15]   click [Pack] 打包 1 筆訂單（8 分鐘）
1661.9s [7月22日（週二） 上午 7:24]   click [CourierEconomy] 快遞 · 經濟 3 天（$9.20）
1671.9s [7月22日（週二） 下午 7:13]   use "Sleep"
1672.5s [7月22日（週二） 下午 7:13]   click [Sleep] Sleep until 7:00 AM
1674.6s [7月23日（週三） 下午 7:00]   use "Sleep"
1675.2s [7月23日（週三） 下午 7:00]   click [Sleep] Sleep until 7:00 AM
1677.3s [7月24日（週四） 下午 7:00]   use "Sleep"
1677.9s [7月24日（週四） 下午 7:00]   click [Sleep] Sleep until 7:00 AM
1680.0s [7月25日（週五） 下午 7:00]   use "Sleep"
1680.6s [7月25日（週五） 下午 7:00]   click [Sleep] Sleep until 7:00 AM
1682.7s [7月26日（週六） 下午 7:00]   use "Sleep"
1683.3s [7月26日（週六） 下午 7:00]   click [Sleep] Sleep until 7:00 AM
1691.9s [7月27日（週日） 下午 7:10]   use "Sleep"
1692.5s [7月27日（週日） 下午 7:10]   click [Sleep] Sleep until 7:00 AM
1694.5s [7月28日（週一） 下午 7:00]   shot 138_decision_supplier_price_increase.png
1694.5s [7月28日（週一） 下午 7:00]   decision supplier_price_increase → accept
1694.5s [7月28日（週一） 下午 7:00]   click [Choice_accept] 好。繼續跟你進貨。
1695.9s [7月28日（週一） 下午 7:00]   shot 139_decision_outcome_supplier_price_increase.png
1695.9s [7月28日（週一） 下午 7:00]   click "OK"
1696.6s [7月28日（週一） 下午 7:00]   use "Sleep"
1697.2s [7月28日（週一） 下午 7:00]   click [Sleep] Sleep until 7:00 AM
1699.3s [7月29日（週二） 下午 7:00]   use "Sleep"
1699.9s [7月29日（週二） 下午 7:00]   click [Sleep] Sleep until 7:00 AM
1702.0s [7月30日（週三） 下午 7:00]   use "Sleep"
1702.6s [7月30日（週三） 下午 7:00]   click [Sleep] Sleep until 7:00 AM
1704.7s [7月31日（週四） 下午 7:00]   use "Sleep"
1705.3s [7月31日（週四） 下午 7:00]   click [Sleep] Sleep until 7:00 AM
1708.9s [8月1日（週五） 上午 7:00]   shot 140_month_close_report.png
1709.0s [8月1日（週五） 上午 7:00]   click [month close] Continue
1710.6s [8月1日（週五） 上午 7:02]   ok  Chapter 6 complete
1710.6s [8月1日（週五） 上午 7:02]   ok  ledger balanced after chapters 4–6
1710.6s [8月1日（週五） 上午 7:02]   ok  Chapter 7 started after Chapter 6
1710.6s [8月1日（週五） 上午 7:02]   ok  Year 3: the Supply Shock
1710.6s [8月1日（週五） 上午 7:02] STEP Chapter 7 — the news, and Ken's options
1713.9s [8月1日（週五） 上午 7:08]   ok  walked back outside
1717.2s [8月1日（週五） 上午 7:13]   ok  entered Bloom Coffee
1718.9s [8月1日（週五） 上午 7:15]   use "Read the news board"
1719.7s [8月1日（週五） 上午 7:20]   shot 141_news_supply_shock.png
1720.1s [8月1日（週五） 上午 7:20]   ok  read the news (supply_shock)
1723.0s [8月1日（週五） 上午 7:25]   ok  walked back outside
1726.2s [8月1日（週五） 上午 7:30]   ok  entered Riverside Tower
1728.3s [8月1日（週五） 下午 7:03]   use "Sleep"
1728.9s [8月1日（週五） 下午 7:03]   click [Sleep] Sleep until 7:00 AM
1731.3s [8月2日（週六） 下午 7:00]   use "Sleep"
1731.9s [8月2日（週六） 下午 7:00]   click [Sleep] Sleep until 7:00 AM
1734.2s [8月3日（週日） 下午 7:00]   shot 142_decision_supply_shock_plan.png
1734.2s [8月3日（週日） 下午 7:00]   decision supply_shock_plan → local
1734.2s [8月3日（週日） 下午 7:00]   click [Choice_local] 加一個在地備援：奧瑞莉亞職人合作社
1735.6s [8月3日（週日） 下午 7:00]   shot 143_decision_outcome_supply_shock_plan.png
1735.6s [8月3日（週日） 下午 7:00]   click "OK"
1736.3s [8月3日（週日） 下午 7:00]   use "Sleep"
1736.9s [8月3日（週日） 下午 7:00]   click [Sleep] Sleep until 7:00 AM
1738.8s [8月4日（週一） 上午 7:01]   ok  the local co-op is a supplier now
1738.8s [8月4日（週一） 上午 7:01] STEP Chapter 7 — order from the co-op, raise a price
1740.0s [8月4日（週一） 上午 7:02]   use "Use laptop — Company OS"
1740.6s [8月4日（週一） 上午 7:03]   click [Tab_operations] Operations
1741.4s [8月4日（週一） 上午 7:04]   shot 144_operations_supply_shock.png
1741.4s [8月4日（週一） 上午 7:04]   click [Buy_aurelia_makers_desk_lamp] 購買 $417.00
1741.9s [8月4日（週一） 上午 7:15]   click [Buy_aurelia_makers_desk_lamp] 購買 $417.00
1742.6s [8月4日（週一） 上午 7:26]   click [Buy_aurelia_makers_desk_lamp] 購買 $417.00
1743.2s [8月4日（週一） 上午 7:37]   click [Buy_aurelia_makers_desk_lamp] 購買 $417.00
1743.8s [8月4日（週一） 上午 7:48]   click [Tab_sales] Ecommerce
1744.4s [8月4日（週一） 上午 7:49]   click [PriceUp_wireless_earbuds] +
1744.5s [8月4日（週一） 上午 7:49]   click [PriceUp_wireless_earbuds] +
1744.7s [8月4日（週一） 上午 7:49]   click [PriceUp_wireless_earbuds] +
1744.9s [8月4日（週一） 上午 7:50]   click [PriceUp_wireless_earbuds] +
1745.1s [8月4日（週一） 上午 7:50]   click [PriceUp_wireless_earbuds] +
1745.3s [8月4日（週一） 上午 7:50]   click [PriceUp_wireless_earbuds] +
1745.5s [8月4日（週一） 上午 7:51]   click [PriceUp_wireless_earbuds] +
1745.6s [8月4日（週一） 上午 7:51]   click [PriceUp_wireless_earbuds] +
1745.8s [8月4日（週一） 上午 7:51]   click [PriceUp_wireless_earbuds] +
1746.0s [8月4日（週一） 上午 7:51]   click [PriceUp_wireless_earbuds] +
1746.2s [8月4日（週一） 上午 7:52]   click [PriceUp_wireless_earbuds] +
1746.4s [8月4日（週一） 上午 7:52]   click [PriceUp_wireless_earbuds] +
1746.6s [8月4日（週一） 上午 7:52]   click [PriceUp_water_bottle] +
1746.8s [8月4日（週一） 上午 7:53]   click [PriceUp_water_bottle] +
1747.0s [8月4日（週一） 上午 7:53]   click [PriceUp_water_bottle] +
1747.1s [8月4日（週一） 上午 7:53]   click [PriceUp_water_bottle] +
1747.3s [8月4日（週一） 上午 7:53]   click [PriceUp_water_bottle] +
1747.5s [8月4日（週一） 上午 7:54]   click [PriceUp_desk_lamp] +
1747.7s [8月4日（週一） 上午 7:54]   click [PriceUp_desk_lamp] +
1747.9s [8月4日（週一） 上午 7:54]   click [PriceUp_desk_lamp] +
1748.1s [8月4日（週一） 上午 7:54]   click [PriceUp_desk_lamp] +
1748.2s [8月4日（週一） 上午 7:55]   click [PriceUp_desk_lamp] +
1748.4s [8月4日（週一） 上午 7:55]   click [PriceUp_desk_lamp] +
1748.6s [8月4日（週一） 上午 7:55]   click [PriceUp_desk_lamp] +
1748.8s [8月4日（週一） 上午 7:56]   click [PriceUp_desk_lamp] +
1749.0s [8月4日（週一） 上午 7:56]   click [PriceUp_phone_stand] +
1749.2s [8月4日（週一） 上午 7:56]   click [PriceUp_phone_stand] +
1749.3s [8月4日（週一） 上午 7:56]   click [PriceUp_phone_stand] +
1749.5s [8月4日（週一） 上午 7:57]   click [PriceUp_phone_stand] +
1751.1s [8月4日（週一） 上午 7:59]   ok  stocked and repriced
1751.3s [8月4日（週一） 上午 7:59]   use "Use laptop — Company OS"
1751.9s [8月4日（週一） 上午 8:00]   click [Tab_operations] Operations
1752.6s [8月4日（週一） 上午 8:01]   click [DeliverTo_riverside_studio] 河濱大樓 7C
1752.8s [8月4日（週一） 上午 8:02]   click [Buy_tradelink_wholesale_wireless_earbuds] 購買 $1,008.00
1753.0s [8月4日（週一） 上午 8:12]   click [Buy_tradelink_wholesale_wireless_earbuds] 購買 $1,008.00
1753.2s [8月4日（週一） 上午 8:22]   click [Buy_tradelink_wholesale_wireless_earbuds] 購買 $1,008.00
1753.4s [8月4日（週一） 上午 8:33]   click [Buy_tradelink_wholesale_water_bottle] 購買 $604.20
1753.6s [8月4日（週一） 上午 8:43]   click [Buy_tradelink_wholesale_water_bottle] 購買 $604.20
1753.9s [8月4日（週一） 上午 8:53]   click [Buy_tradelink_wholesale_water_bottle] 購買 $604.20
1754.1s [8月4日（週一） 上午 9:04]   click [Buy_tradelink_wholesale_phone_stand] 購買 $304.80
1754.3s [8月4日（週一） 上午 9:14]   click [Buy_tradelink_wholesale_phone_stand] 購買 $304.80
1762.3s [8月4日（週一） 下午 7:11]   use "Sleep"
1762.9s [8月4日（週一） 下午 7:11]   click [Sleep] Sleep until 7:00 AM
1771.3s [8月5日（週二） 下午 7:09]   use "Sleep"
1771.9s [8月5日（週二） 下午 7:09]   click [Sleep] Sleep until 7:00 AM
1774.1s [8月6日（週三） 下午 7:00]   use "Sleep"
1774.7s [8月6日（週三） 下午 7:00]   click [Sleep] Sleep until 7:00 AM
1776.9s [8月7日（週四） 下午 7:00]   use "Sleep"
1777.5s [8月7日（週四） 下午 7:00]   click [Sleep] Sleep until 7:00 AM
1788.2s [8月8日（週五） 上午 7:14]   use "Packing table"
1788.9s [8月8日（週五） 上午 7:15]   click [Pack] 打包 20 筆訂單（2 小時 40 分）
1789.8s [8月8日（週五） 上午 9:56]   click [CourierEconomy] 快遞 · 經濟 3 天（$121.20）
1799.8s [8月8日（週五） 下午 7:13]   use "Sleep"
1800.4s [8月8日（週五） 下午 7:13]   click [Sleep] Sleep until 7:00 AM
1811.1s [8月9日（週六） 上午 7:14]   use "Packing table"
1811.8s [8月9日（週六） 上午 7:15]   click [Pack] 打包 18 筆訂單（2 小時 24 分）
1812.7s [8月9日（週六） 上午 9:40]   click [CourierEconomy] 快遞 · 經濟 3 天（$109.68）
1822.6s [8月9日（週六） 下午 7:13]   use "Sleep"
1823.2s [8月9日（週六） 下午 7:13]   click [Sleep] Sleep until 7:00 AM
1834.0s [8月10日（週日） 上午 7:14]   use "Packing table"
1834.7s [8月10日（週日） 上午 7:15]   click [Pack] 打包 24 筆訂單（3 小時 12 分）
1835.6s [8月10日（週日） 上午 10:28]   click [CourierEconomy] 快遞 · 經濟 3 天（$144.24）
1845.6s [8月10日（週日） 下午 7:13]   use "Sleep"
1846.2s [8月10日（週日） 下午 7:13]   click [Sleep] Sleep until 7:00 AM
1856.9s [8月11日（週一） 上午 7:14]   use "Packing table"
1857.6s [8月11日（週一） 上午 7:15]   click [Pack] 打包 21 筆訂單（2 小時 48 分）
1858.5s [8月11日（週一） 上午 10:04]   click [CourierEconomy] 快遞 · 經濟 3 天（$126.96）
1868.5s [8月11日（週一） 下午 7:13]   use "Sleep"
1869.1s [8月11日（週一） 下午 7:13]   click [Sleep] Sleep until 7:00 AM
1879.8s [8月12日（週二） 上午 7:14]   use "Packing table"
1880.5s [8月12日（週二） 上午 7:15]   click [Pack] 打包 25 筆訂單（3 小時 20 分）
1881.4s [8月12日（週二） 上午 10:36]   click [CourierEconomy] 快遞 · 經濟 3 天（$150.00）
1891.4s [8月12日（週二） 下午 7:13]   use "Sleep"
1892.0s [8月12日（週二） 下午 7:13]   click [Sleep] Sleep until 7:00 AM
1902.7s [8月13日（週三） 上午 7:14]   use "Packing table"
1903.4s [8月13日（週三） 上午 7:15]   click [Pack] 打包 25 筆訂單（3 小時 20 分）
1904.3s [8月13日（週三） 上午 10:36]   click [CourierEconomy] 快遞 · 經濟 3 天（$150.00）
1914.4s [8月13日（週三） 下午 7:13]   use "Sleep"
1915.0s [8月13日（週三） 下午 7:13]   click [Sleep] Sleep until 7:00 AM
1925.7s [8月14日（週四） 上午 7:14]   use "Packing table"
1926.4s [8月14日（週四） 上午 7:15]   click [Pack] 打包 19 筆訂單（2 小時 32 分）
1927.3s [8月14日（週四） 上午 9:48]   click [CourierEconomy] 快遞 · 經濟 3 天（$115.44）
1936.3s [8月14日（週四） 下午 7:13]   use "Sleep"
1936.9s [8月14日（週四） 下午 7:13]   click [Sleep] Sleep until 7:00 AM
1947.2s [8月15日（週五） 上午 7:13]   use "Packing table"
1947.9s [8月15日（週五） 上午 7:14]   click [Pack] 打包 21 筆訂單（2 小時 48 分）
1948.8s [8月15日（週五） 上午 10:03]   click [CourierEconomy] 快遞 · 經濟 3 天（$126.96）
1958.4s [8月15日（週五） 下午 7:13]   use "Sleep"
1959.0s [8月15日（週五） 下午 7:13]   click [Sleep] Sleep until 7:00 AM
