Godot Engine v4.5.1.stable.official.f62fdbde1 - https://godotengine.org
OpenGL API 3.3.0 NVIDIA 462.59 - Compatibility - Using Device: NVIDIA - Quadro RTX 4000

   1.4s [6月1日（週日） 上午 9:00]   shot 01_green_crosswalk.png
   1.4s [6月1日（週日） 上午 9:00]   ok  green crossing stops live car without injury
   1.5s [6月1日（週日） 上午 9:09]   ok  red crossing live swept contact causes major injury
   1.5s [6月1日（週日） 上午 9:09]   ok  red crossing is pedestrian fault
   1.6s [6月1日（週日） 上午 9:09]   shot 02_red_collision_injury.png
   1.6s [6月1日（週日） 上午 9:09]   click [Ambulance] Take ambulance
   2.6s [6月1日（週日） 上午 9:09]   ok  ambulance entered clinic interior
   2.6s [6月1日（週日） 上午 9:09]   ok  doctor present
   2.6s [6月1日（週日） 上午 9:09]   shot 03_hospital_admission.png
   2.7s [6月1日（週日） 上午 9:09]   click [Treatment] 治療／藥品：$1,800.00
   2.8s [6月4日（週三） 上午 9:09]   ok  hospital advances one to three days
   2.8s [6月4日（週三） 上午 9:09]   ok  discharged
   2.8s [6月4日（週三） 上午 9:09]   ok  actual medical bill
   2.9s [6月4日（週三） 上午 9:09]   shot 04_discharge_bill.png
   3.3s [6月4日（週三） 上午 9:09]   shot 05_clinic_doctor.png
   3.3s [6月4日（週三） 上午 9:09]   click [BuyHealthPolicy] 健康保險：$90.00／30 天
   3.4s [6月4日（週三） 上午 9:09]   ok  monthly policy purchased after discharge
   3.5s [6月4日（週三） 上午 9:09]   shot 06_health_policy.png
   3.7s [6月4日（週三） 上午 9:39]   shot 07_pharmacy_medicine.png
   3.7s [6月4日（週三） 上午 9:39]   click [Treatment] 治療／藥品：$35.00
   3.8s [6月4日（週三） 上午 9:39]   ok  pharmacy claim covers actual medicine expense
   3.8s [6月4日（週三） 上午 9:39]   ok  all medical and insurance entries balanced
   3.8s [6月4日（週三） 上午 9:39]   shot 08_medicine_recovery.png
   3.8s [6月4日（週三） 上午 9:39] BOT FINISHED — 0 failure(s) · 3.8s real
   3.8s [6月4日（週三） 上午 9:39] English audit: 0 on-screen text(s) with untranslated words
