Godot Engine v4.5.1.stable.official.f62fdbde1 - https://godotengine.org

[   0% ] [90m[1mfirst_scan_filesystem[22m | Started 專案初始化中 (5 steps)[39m[0m
[   0% ] [90m[1mfirst_scan_filesystem[22m | 正在掃描檔案結構…[39m[0m
[  16% ] [90m[1mfirst_scan_filesystem[22m | 載入全域類別名稱中…[39m[0m
[  33% ] [90m[1mfirst_scan_filesystem[22m | 正在驗證GD擴充功能...[39m[0m
[  50% ] [90m[1mfirst_scan_filesystem[22m | 正在建立自動載入腳本…[39m[0m
[  66% ] [90m[1mfirst_scan_filesystem[22m | 初始化外掛程式...[39m[0m
[  83% ] [90m[1mfirst_scan_filesystem[22m | 開始掃描檔案...[39m[0m
[92m[ DONE ][39m [1mfirst_scan_filesystem[22m
[0m
[   0% ] [90m[1m_update_scan_actions[22m | Started 掃描動作中... (50 steps)[39m[0m
[   0% ] [90m[1m_update_scan_actions[22m | aurelia_map.png[39m[0m
[   1% ] [90m[1m_update_scan_actions[22m | board.png[39m[0m
[   3% ] [90m[1m_update_scan_actions[22m | i_airport.png[39m[0m
[   5% ] [90m[1m_update_scan_actions[22m | i_civic_center.png[39m[0m
[   7% ] [90m[1m_update_scan_actions[22m | i_financial.png[39m[0m
[   9% ] [90m[1m_update_scan_actions[22m | i_harbor.png[39m[0m
[  11% ] [90m[1m_update_scan_actions[22m | i_industrial.png[39m[0m
[  13% ] [90m[1m_update_scan_actions[22m | i_luxury_heights.png[39m[0m
[  15% ] [90m[1m_update_scan_actions[22m | i_metro.png[39m[0m
[  17% ] [90m[1m_update_scan_actions[22m | i_old_town.png[39m[0m
[  19% ] [90m[1m_update_scan_actions[22m | i_residential.png[39m[0m
[  21% ] [90m[1m_update_scan_actions[22m | i_riverside.png[39m[0m
[  23% ] [90m[1m_update_scan_actions[22m | i_shopping_street.png[39m[0m
[  25% ] [90m[1m_update_scan_actions[22m | i_startup_hub.png[39m[0m
[  27% ] [90m[1m_update_scan_actions[22m | i_university.png[39m[0m
[  29% ] [90m[1m_update_scan_actions[22m | aurelia_map.png[39m[0m
[  31% ] [90m[1m_update_scan_actions[22m | board.png[39m[0m
[  33% ] [90m[1m_update_scan_actions[22m | i_airport.png[39m[0m
[  35% ] [90m[1m_update_scan_actions[22m | i_civic_center.png[39m[0m
[  37% ] [90m[1m_update_scan_actions[22m | i_financial.png[39m[0m
[  39% ] [90m[1m_update_scan_actions[22m | i_harbor.png[39m[0m
[  41% ] [90m[1m_update_scan_actions[22m | i_industrial.png[39m[0m
[  43% ] [90m[1m_update_scan_actions[22m | i_luxury_heights.png[39m[0m
[  45% ] [90m[1m_update_scan_actions[22m | i_metro.png[39m[0m
[  47% ] [90m[1m_update_scan_actions[22m | i_old_town.png[39m[0m
[  49% ] [90m[1m_update_scan_actions[22m | i_residential.png[39m[0m
[  50% ] [90m[1m_update_scan_actions[22m | i_riverside.png[39m[0m
[  52% ] [90m[1m_update_scan_actions[22m | i_shopping_street.png[39m[0m
[  54% ] [90m[1m_update_scan_actions[22m | i_startup_hub.png[39m[0m
[  56% ] [90m[1m_update_scan_actions[22m | i_university.png[39m[0m
[  58% ] [90m[1m_update_scan_actions[22m | board.png[39m[0m
[  60% ] [90m[1m_update_scan_actions[22m | r_almeria.png[39m[0m
[  62% ] [90m[1m_update_scan_actions[22m | r_aurelia.png[39m[0m
[  64% ] [90m[1m_update_scan_actions[22m | r_auroria.png[39m[0m
[  66% ] [90m[1m_update_scan_actions[22m | r_karu.png[39m[0m
[  68% ] [90m[1m_update_scan_actions[22m | r_lumina.png[39m[0m
[  70% ] [90m[1m_update_scan_actions[22m | r_northridge.png[39m[0m
[  72% ] [90m[1m_update_scan_actions[22m | r_solterra.png[39m[0m
[  74% ] [90m[1m_update_scan_actions[22m | r_zenkai.png[39m[0m
[  76% ] [90m[1m_update_scan_actions[22m | world_map.png[39m[0m
[  78% ] [90m[1m_update_scan_actions[22m | board.png[39m[0m
[  80% ] [90m[1m_update_scan_actions[22m | r_almeria.png[39m[0m
[  82% ] [90m[1m_update_scan_actions[22m | r_aurelia.png[39m[0m
[  84% ] [90m[1m_update_scan_actions[22m | r_auroria.png[39m[0m
[  86% ] [90m[1m_update_scan_actions[22m | r_karu.png[39m[0m
[  88% ] [90m[1m_update_scan_actions[22m | r_lumina.png[39m[0m
[  90% ] [90m[1m_update_scan_actions[22m | r_northridge.png[39m[0m
[  92% ] [90m[1m_update_scan_actions[22m | r_solterra.png[39m[0m
[  94% ] [90m[1m_update_scan_actions[22m | r_zenkai.png[39m[0m
[  96% ] [90m[1m_update_scan_actions[22m | world_map.png[39m[0m
[92m[ DONE ][39m [1m_update_scan_actions[22m
[0m
[   0% ] [90m[1mreimport[22m | Started （重新）匯入素材 (50 steps)[39m[0m
[   0% ] [90m[1mreimport[22m | 正在準備重新匯入檔案…[39m[0m
[   1% ] [90m[1mreimport[22m | 正在準備重新匯入檔案…[39m[0m
[   3% ] [90m[1mreimport[22m | 正在準備重新匯入檔案…[39m[0m
[   5% ] [90m[1mreimport[22m | 正在準備重新匯入檔案…[39m[0m
[   7% ] [90m[1mreimport[22m | 正在準備重新匯入檔案…[39m[0m
[   9% ] [90m[1mreimport[22m | 正在準備重新匯入檔案…[39m[0m
[  11% ] [90m[1mreimport[22m | 正在準備重新匯入檔案…[39m[0m
[  13% ] [90m[1mreimport[22m | 正在準備重新匯入檔案…[39m[0m
[  15% ] [90m[1mreimport[22m | 正在準備重新匯入檔案…[39m[0m
[  17% ] [90m[1mreimport[22m | 正在準備重新匯入檔案…[39m[0m
[  19% ] [90m[1mreimport[22m | 正在準備重新匯入檔案…[39m[0m
[  21% ] [90m[1mreimport[22m | 正在準備重新匯入檔案…[39m[0m
[  23% ] [90m[1mreimport[22m | 正在準備重新匯入檔案…[39m[0m
[  25% ] [90m[1mreimport[22m | 正在準備重新匯入檔案…[39m[0m
[  27% ] [90m[1mreimport[22m | 正在準備重新匯入檔案…[39m[0m
[  29% ] [90m[1mreimport[22m | 正在準備重新匯入檔案…[39m[0m
[  31% ] [90m[1mreimport[22m | 正在準備重新匯入檔案…[39m[0m
[  33% ] [90m[1mreimport[22m | 正在準備重新匯入檔案…[39m[0m
[  35% ] [90m[1mreimport[22m | 正在準備重新匯入檔案…[39m[0m
[  37% ] [90m[1mreimport[22m | 正在準備重新匯入檔案…[39m[0m
[  39% ] [90m[1mreimport[22m | 正在準備重新匯入檔案…[39m[0m
[  41% ] [90m[1mreimport[22m | 正在準備重新匯入檔案…[39m[0m
[  43% ] [90m[1mreimport[22m | 正在準備重新匯入檔案…[39m[0m
[  45% ] [90m[1mreimport[22m | 正在準備重新匯入檔案…[39m[0m
[  47% ] [90m[1mreimport[22m | 正在準備重新匯入檔案…[39m[0m
[  49% ] [90m[1mreimport[22m | 正在準備重新匯入檔案…[39m[0m
[  50% ] [90m[1mreimport[22m | 正在準備重新匯入檔案…[39m[0m
[  52% ] [90m[1mreimport[22m | 正在準備重新匯入檔案…[39m[0m
[  54% ] [90m[1mreimport[22m | 正在準備重新匯入檔案…[39m[0m
[  56% ] [90m[1mreimport[22m | 正在準備重新匯入檔案…[39m[0m
[  58% ] [90m[1mreimport[22m | 正在準備重新匯入檔案…[39m[0m
[  60% ] [90m[1mreimport[22m | 正在準備重新匯入檔案…[39m[0m
[  62% ] [90m[1mreimport[22m | 正在準備重新匯入檔案…[39m[0m
[  64% ] [90m[1mreimport[22m | 正在準備重新匯入檔案…[39m[0m
[  66% ] [90m[1mreimport[22m | 正在準備重新匯入檔案…[39m[0m
[  68% ] [90m[1mreimport[22m | 正在準備重新匯入檔案…[39m[0m
[  70% ] [90m[1mreimport[22m | 正在準備重新匯入檔案…[39m[0m
[  72% ] [90m[1mreimport[22m | 正在準備重新匯入檔案…[39m[0m
[  74% ] [90m[1mreimport[22m | 正在準備重新匯入檔案…[39m[0m
[  76% ] [90m[1mreimport[22m | 正在準備重新匯入檔案…[39m[0m
[  78% ] [90m[1mreimport[22m | 正在準備重新匯入檔案…[39m[0m
[  80% ] [90m[1mreimport[22m | 正在準備重新匯入檔案…[39m[0m
[  82% ] [90m[1mreimport[22m | 正在準備重新匯入檔案…[39m[0m
[  84% ] [90m[1mreimport[22m | 正在準備重新匯入檔案…[39m[0m
[  86% ] [90m[1mreimport[22m | 正在準備重新匯入檔案…[39m[0m
[  88% ] [90m[1mreimport[22m | 正在準備重新匯入檔案…[39m[0m
[  90% ] [90m[1mreimport[22m | 正在準備重新匯入檔案…[39m[0m
[  92% ] [90m[1mreimport[22m | 正在準備重新匯入檔案…[39m[0m
[  94% ] [90m[1mreimport[22m | 正在準備重新匯入檔案…[39m[0m
[  96% ] [90m[1mreimport[22m | 正在準備重新匯入檔案…[39m[0m
[   0% ] [90m[1mreimport[22m | 執行預先重新匯入作業…[39m[0m
[   0% ] [90m[1mreimport[22m | i_residential.png[39m[0m
[   1% ] [90m[1mreimport[22m | i_riverside.png[39m[0m
[   3% ] [90m[1mreimport[22m | i_shopping_street.png[39m[0m
[   5% ] [90m[1mreimport[22m | i_startup_hub.png[39m[0m
[   7% ] [90m[1mreimport[22m | i_university.png[39m[0m
[   9% ] [90m[1mreimport[22m | board.png[39m[0m
[  11% ] [90m[1mreimport[22m | r_almeria.png[39m[0m
[  13% ] [90m[1mreimport[22m | r_aurelia.png[39m[0m
[  15% ] [90m[1mreimport[22m | r_auroria.png[39m[0m
[  17% ] [90m[1mreimport[22m | r_karu.png[39m[0m
[  19% ] [90m[1mreimport[22m | r_lumina.png[39m[0m
[  21% ] [90m[1mreimport[22m | r_northridge.png[39m[0m
[  23% ] [90m[1mreimport[22m | r_solterra.png[39m[0m
[  25% ] [90m[1mreimport[22m | r_zenkai.png[39m[0m
[  27% ] [90m[1mreimport[22m | world_map.png[39m[0m
[  29% ] [90m[1mreimport[22m | board.png[39m[0m
[  31% ] [90m[1mreimport[22m | r_almeria.png[39m[0m
[  33% ] [90m[1mreimport[22m | r_aurelia.png[39m[0m
[  35% ] [90m[1mreimport[22m | r_auroria.png[39m[0m
[  37% ] [90m[1mreimport[22m | r_karu.png[39m[0m
[  39% ] [90m[1mreimport[22m | r_lumina.png[39m[0m
[  41% ] [90m[1mreimport[22m | r_northridge.png[39m[0m
[  43% ] [90m[1mreimport[22m | r_solterra.png[39m[0m
[  45% ] [90m[1mreimport[22m | r_zenkai.png[39m[0m
[  47% ] [90m[1mreimport[22m | world_map.png[39m[0m
[  49% ] [90m[1mreimport[22m | aurelia_map.png[39m[0m
[  50% ] [90m[1mreimport[22m | board.png[39m[0m
[  52% ] [90m[1mreimport[22m | i_airport.png[39m[0m
[  54% ] [90m[1mreimport[22m | i_civic_center.png[39m[0m
[  56% ] [90m[1mreimport[22m | i_financial.png[39m[0m
[  58% ] [90m[1mreimport[22m | i_harbor.png[39m[0m
[  60% ] [90m[1mreimport[22m | i_industrial.png[39m[0m
[  62% ] [90m[1mreimport[22m | i_luxury_heights.png[39m[0m
[  64% ] [90m[1mreimport[22m | i_metro.png[39m[0m
[  66% ] [90m[1mreimport[22m | i_old_town.png[39m[0m
[  68% ] [90m[1mreimport[22m | i_residential.png[39m[0m
[  70% ] [90m[1mreimport[22m | i_riverside.png[39m[0m
[  72% ] [90m[1mreimport[22m | i_shopping_street.png[39m[0m
[  74% ] [90m[1mreimport[22m | i_startup_hub.png[39m[0m
[  76% ] [90m[1mreimport[22m | i_university.png[39m[0m
[  78% ] [90m[1mreimport[22m | aurelia_map.png[39m[0m
[  80% ] [90m[1mreimport[22m | board.png[39m[0m
[  82% ] [90m[1mreimport[22m | i_airport.png[39m[0m
[  84% ] [90m[1mreimport[22m | i_civic_center.png[39m[0m
[  86% ] [90m[1mreimport[22m | i_financial.png[39m[0m
[  88% ] [90m[1mreimport[22m | i_harbor.png[39m[0m
[  90% ] [90m[1mreimport[22m | i_industrial.png[39m[0m
[  92% ] [90m[1mreimport[22m | i_luxury_heights.png[39m[0m
[  94% ] [90m[1mreimport[22m | i_metro.png[39m[0m
[  96% ] [90m[1mreimport[22m | i_old_town.png[39m[0m
[  98% ] [90m[1mreimport[22m | 完成素材匯入...[39m[0m
[92m[ DONE ][39m [1mreimport[22m
[0m
[   0% ] [90m[1mreimport[22m | Started （重新）匯入素材 (50 steps)[39m[0m
[   0% ] [90m[1mreimport[22m | 執行重新匯入後續處理作業…[39m[0m
[92m[ DONE ][39m [1mreimport[22m
[0m
[   0% ] [90m[1mloading_editor_layout[22m | Started 載入編輯器 (5 steps)[39m[0m
[   0% ] [90m[1mloading_editor_layout[22m | 載入編輯器版面配置中…[39m[0m
[92m[ DONE ][39m [1mloading_editor_layout[22m
[0m
