Godot Engine v4.5.1.stable.official.f62fdbde1 - https://godotengine.org
OpenGL API 3.3.0 NVIDIA 462.59 - Compatibility - Using Device: NVIDIA - Quadro RTX 4000

   0.2s STEP Main menu → New Game
   0.8s   shot 01_main_menu.png
   0.8s   click [NewGame] New Game
   0.9s   click [CreateRunCharacter] Create character
   2.2s STEP Character Creator
   2.3s   shot 02_creator_default.png
   2.3s   click [Tab_hair] Hair
   2.4s   click [Next_hair] ▶
   2.8s   click [Tab_face] Face
   3.0s   click [Next_face] ▶
   3.1s   click [Next_eye_shape] ▶
   3.3s   click [Tab_body] Body
   3.5s   click [Next_presentation] ▶
   4.1s   shot 03_creator_customised.png
   4.1s   click [Tab_outfit] Outfit
   4.2s   click "Startup Casual"
   4.9s   ok  appearance changed from default (short_neat)
   4.9s   shot 04_creator_final.png
   4.9s   click [Start] Start in Aurelia  →
   5.1s [6月1日（週日） 下午 2:00] STEP Arrival sequence
   7.7s [6月1日（週日） 下午 2:00]   shot 05_arrival_train.png
  11.3s [6月1日（週日） 下午 2:00]   shot 06_arrival_phone.png
  16.4s [6月1日（週日） 下午 2:01]   ok  spawned in the Riverside apartment
  16.4s [6月1日（週日） 下午 2:01]   ok  starting cash $30,000
  16.4s [6月1日（週日） 下午 2:01]   ok  name saved
  18.2s [6月1日（週日） 下午 2:03]   shot 07_apartment_arrival.png
  18.2s [6月1日（週日） 下午 2:03] STEP Governance founder fixture: actual work, filing and claims
  18.2s [6月1日（週日） 下午 2:03]   ok  actual completed customer job paid
  18.2s [6月1日（週日） 下午 2:03]   ok  actual customer price includes VAT
  21.5s [8月1日（週五） 下午 2:03]   shot 08_month_close_report.png
  21.5s [8月1日（週五） 下午 2:03]   click [month close] Continue
  23.7s [8月1日（週五） 下午 2:03]   shot 09_month_close_report.png
  23.7s [8月1日（週五） 下午 2:03]   click [month close] Continue
  24.8s [8月1日（週五） 下午 2:04]   click [App_tax_filing] Tax Filing
  25.5s [8月1日（週五） 下午 2:05]   ok  phone opens real filing service
  25.5s [8月1日（週五） 下午 2:05]   shot 10_governance_tax_due.png
  25.5s [8月1日（週五） 下午 2:05]   click [FileTax_TAX-1_accountant] 聘請會計師・$120.00・60 分鐘・準確申報
  26.1s [8月1日（週五） 下午 3:06]   ok  accountant filing advances time and completes
  26.2s [8月1日（週五） 下午 3:06]   shot 11_governance_tax_filed.png
  28.8s [8月1日（週五） 下午 3:10]   use "Permits & regulations"
  28.9s [8月1日（週五） 下午 3:10]   click [TaxFiling] Tax Filing
  29.6s [8月1日（週五） 下午 3:11]   ok  City Hall opens the same filing service
  29.6s [8月1日（週五） 下午 3:11]   shot 12_governance_city_hall_tax.png
  30.8s [8月31日（週日） 下午 3:12]   ok  forced test counterparty withholds an actual receivable
  32.2s [8月31日（週日） 下午 3:14]   use "Use laptop — Company OS"
  32.8s [8月31日（週日） 下午 3:15]   click [Tab_governance] Governance
  33.6s [8月31日（週日） 下午 3:16]   shot 13_governance_brand.png
  33.6s [8月31日（週日） 下午 3:16]   click [ReviewLegal_LAW-1] Review dispute
  34.3s [8月31日（週日） 下午 3:17]   shot 14_governance_legal_choices.png
  34.3s [8月31日（週日） 下午 3:17]   click [LegalChoice_settle] Settle
  34.9s [8月31日（週日） 下午 3:18]   ok  real settlement option paid and scheduled
  35.4s [9月2日（週二） 下午 3:19]   ok  scheduled legal outcome resumes job
  37.0s [9月2日（週二） 下午 3:19]   shot 15_month_close_report.png
  37.0s [9月2日（週二） 下午 3:19]   click [month close] Continue
  37.7s [9月2日（週二） 下午 3:20]   use "Use laptop — Company OS"
  38.4s [9月2日（週二） 下午 3:20]   click [Tab_governance] Governance
  38.6s [9月2日（週二） 下午 3:21]   click [BuyInsurance_property] Buy cover
  39.3s [9月2日（週二） 下午 3:22]   ok  actual UI purchase paid the premium
  39.6s [9月2日（週二） 下午 3:22]   shot 16_governance_paid_cover.png
  40.2s [9月9日（週二） 下午 3:23]   ok  actual deductible and cover create a receivable
  40.4s [9月11日（週四） 下午 3:23]   use "Use laptop — Company OS"
  41.0s [9月11日（週四） 下午 3:24]   click [Tab_governance] Governance
  42.3s [9月11日（週四） 下午 3:26]   shot 17_governance_insurance_paid.png
  42.3s [9月11日（週四） 下午 3:26]   ok  insurer actually paid its receivable
  42.3s [9月11日（週四） 下午 3:26]   ok  all governance trades and losses balance
  42.7s [9月11日（週四） 下午 3:27] STEP Save → reload → same state
  43.7s [9月11日（週四） 下午 3:28]   ok  cash restored after load
  43.7s [9月11日（週四） 下午 3:28]   ok  time restored after load
  43.7s [9月11日（週四） 下午 3:28]   ok  location restored (riverside_apartment)
  43.8s [9月11日（週四） 下午 3:28]   shot 18_after_load.png
  43.8s [9月11日（週四） 下午 3:28] BOT FINISHED — 0 failure(s) · 43.8s real
  43.8s [9月11日（週四） 下午 3:28] English audit: 6 on-screen text(s) with untranslated words
