Godot Engine v4.5.1.stable.official.f62fdbde1 - https://godotengine.org
OpenGL API 3.3.0 NVIDIA 462.59 - Compatibility - Using Device: NVIDIA - Quadro RTX 4000

   0.2s STEP Main menu → New Game
   0.7s   shot 01_main_menu.png
   0.7s   click [NewGame] New Game
   0.9s   click [CreateRunCharacter] Create character
   2.2s STEP Character Creator
   2.3s   shot 02_creator_default.png
   2.3s   click [Tab_hair] Hair
   2.4s   click [Next_hair] ▶
   2.8s   click [Tab_face] Face
   3.0s   click [Next_face] ▶
   3.1s   click [Next_eye_shape] ▶
   3.3s   click [Tab_body] Body
   3.5s   click [Next_presentation] ▶
   4.1s   shot 03_creator_customised.png
   4.1s   click [Tab_outfit] Outfit
   4.2s   click "Startup Casual"
   4.9s   ok  appearance changed from default (short_neat)
   5.0s   shot 04_creator_final.png
   5.0s   click [Start] Start in Aurelia  →
   5.1s [6月1日（週日） 下午 2:00] STEP Arrival sequence
   7.7s [6月1日（週日） 下午 2:00]   shot 05_arrival_train.png
  11.3s [6月1日（週日） 下午 2:00]   shot 06_arrival_phone.png
  16.4s [6月1日（週日） 下午 2:01]   ok  spawned in the Riverside apartment
  16.4s [6月1日（週日） 下午 2:01]   ok  starting cash $30,000
  16.4s [6月1日（週日） 下午 2:01]   ok  name saved
  18.2s [6月1日（週日） 下午 2:03]   shot 07_apartment_arrival.png
  18.2s [6月1日（週日） 下午 2:00] STEP (harness) skip to Chapter 10
  19.3s [6月1日（週日） 下午 2:02] STEP Industrial — factory lease, machine, technician and first OEM invoice
  23.6s [6月1日（週日） 下午 2:07]   ok  walked back outside
  37.5s [6月1日（週日） 下午 2:28]   use "捷運——河濱區站"
  38.5s [6月1日（週日） 下午 2:30]   shot 08_metro_industrial.png
  38.6s [6月1日（週日） 下午 2:30]   click [Go_industrial] 工業區  ·  14 分鐘
  40.1s [6月1日（週日） 下午 2:45]   ok  took the Metro to Industrial
  40.1s [6月1日（週日） 下午 2:45]   shot 09_industrial_day.png
  51.8s [6月1日（週日） 下午 3:03]   ok  entered Unit 12 Light Industrial
  54.9s [6月1日（週日） 下午 3:08]   use "Lease Unit 12"
  55.0s [6月1日（週日） 下午 3:08]   click [SignLease_unit12_factory] Sign the lease
  55.6s [6月1日（週日） 下午 3:09]   ok  factory lease signed with actual company funds
  55.7s [6月1日（週日） 下午 3:09]   shot 10_factory_interior.png
  56.5s [6月1日（週日） 下午 3:10]   use "Open Line Planner"
  56.6s [6月1日（週日） 下午 3:10]   click [OpenFactory] Open the factory
  56.8s [6月1日（週日） 下午 3:10]   click [RentMachine] Rent machine · $1,400/month
  57.0s [6月1日（週日） 下午 3:11]   click [HireTomas] Hire Tomas · $1,100/week
  57.2s [6月1日（週日） 下午 3:11]   ok  hired a production technician
  57.2s [6月1日（週日） 下午 3:11]   click [QuoteLess_RFQ-1] −$0.25
  57.4s [6月1日（週日） 下午 3:11]   click [QuoteLess_RFQ-1] −$0.25
  57.6s [6月1日（週日） 下午 3:12]   click [QuoteLess_RFQ-1] −$0.25
  57.8s [6月1日（週日） 下午 3:12]   click [Quote_RFQ-1] Send quote
  58.0s [6月1日（週日） 下午 3:12]   ok  OEM quote became a Jobs contract with deposit
  58.0s [6月1日（週日） 下午 3:12]   click [MaterialMore] +100 units
  58.2s [6月1日（週日） 下午 3:13]   click [MaterialMore] +100 units
  58.4s [6月1日（週日） 下午 3:13]   click [MaterialMore] +100 units
  58.6s [6月1日（週日） 下午 3:13]   click [MaterialMore] +100 units
  58.8s [6月1日（週日） 下午 3:13]   click [MaterialMore] +100 units
  59.0s [6月1日（週日） 下午 3:14]   click [MaterialMore] +100 units
  59.2s [6月1日（週日） 下午 3:14]   click [MaterialMore] +100 units
  59.4s [6月1日（週日） 下午 3:14]   click [MaterialMore] +100 units
  59.6s [6月1日（週日） 下午 3:15]   click [MaterialMore] +100 units
  59.8s [6月1日（週日） 下午 3:15]   click [MaterialMore] +100 units
  60.0s [6月1日（週日） 下午 3:15]   click [BuyMaterials] Order Ferro materials
  60.9s [6月3日（週二） 下午 3:16]   shot 11_decision_low_cash_warning.png
  60.9s [6月3日（週二） 下午 3:16]   decision low_cash_warning → reduce
  60.9s [6月3日（週二） 下午 3:16]   click [Choice_reduce] 縮減開支（暫停廣告、生活從簡）
  62.3s [6月3日（週二） 下午 3:16]   shot 12_decision_outcome_low_cash_warning.png
  62.3s [6月3日（週二） 下午 3:16]   click "OK"
  63.1s [6月3日（週二） 下午 3:17]   use "Open Line Planner"
  63.2s [6月3日（週二） 下午 3:17]   click [Select_JOB-1] Schedule this order
  63.4s [6月3日（週二） 下午 3:17]   click [FactoryOvertime] ✗ 加班 · 工資 ×1.5、良率降低 2 個百分點
  63.6s [6月3日（週二） 下午 3:17]   click [More_hours] +
  63.8s [6月3日（週二） 下午 3:18]   click [More_hours] +
  64.0s [6月3日（週二） 下午 3:18]   click [More_hours] +
  64.2s [6月3日（週二） 下午 3:18]   click [More_hours] +
  64.4s [6月3日（週二） 下午 3:18]   click [More_hours] +
  64.6s [6月3日（週二） 下午 3:19]   click [More_hours] +
  64.8s [6月3日（週二） 下午 3:19]   click [More_hours] +
  65.0s [6月3日（週二） 下午 3:19]   click [More_hours] +
  65.2s [6月3日（週二） 下午 3:20]   shot 13_line_planner.png
  65.2s [6月3日（週二） 下午 3:20]   click [ReserveSlot] Reserve production slot
  66.0s [6月5日（週四） 上午 1:00]   shot 14_decision_low_cash_warning.png
  66.0s [6月5日（週四） 上午 1:00]   decision low_cash_warning → reduce
  66.0s [6月5日（週四） 上午 1:00]   click [Choice_reduce] 縮減開支（暫停廣告、生活從簡）
  67.5s [6月5日（週四） 上午 1:00]   shot 15_decision_outcome_low_cash_warning.png
  67.5s [6月5日（週四） 上午 1:00]   click "OK"
  68.2s [6月5日（週四） 上午 1:00]   use "Open Line Planner"
  68.3s [6月5日（週四） 上午 1:01]   click [Deliver_JOB-1] Deliver and invoice
  68.5s [6月5日（週四） 上午 1:01]   ok  first factory revenue has a completed traceable order
  68.5s [6月5日（週四） 上午 1:01]   click [FactoryTab_quality] Quality results
  68.8s [6月5日（週四） 上午 1:01]   shot 16_factory_quality.png
  68.8s [6月5日（週四） 上午 1:01]   ok  OEM material, overtime, invoice and return journals balanced
  73.5s [6月5日（週四） 上午 1:09]   ok  walked back outside
  73.8s [6月5日（週四） 下午 9:00]   shot 17_industrial_night.png
  74.0s [6月5日（週四） 下午 9:01]   shot 18_decision_manufacturing_recall.png
  74.0s [6月5日（週四） 下午 9:01]   decision manufacturing_recall → recall
  74.0s [6月5日（週四） 下午 9:01]   click [Choice_recall] 為受影響批次退款
  75.4s [6月5日（週四） 下午 9:01]   shot 19_decision_outcome_manufacturing_recall.png
  75.4s [6月5日（週四） 下午 9:01]   click "OK"
  86.1s [6月5日（週四） 下午 9:16]   use "捷運——工業區站"
  87.1s [6月5日（週四） 下午 9:18]   shot 20_metro_riverside.png
  87.1s [6月5日（週四） 下午 9:18]   click [Go_riverside] 河濱區  ·  14 分鐘
  88.2s [6月5日（週四） 下午 9:34]   ok  took the Metro to Riverside
  97.3s [6月5日（週四） 下午 9:47]   ok  entered Riverside Tower
  97.3s [6月5日（週四） 下午 9:47] STEP Save → reload → same state
  98.3s [6月5日（週四） 下午 9:49]   ok  cash restored after load
  98.3s [6月5日（週四） 下午 9:49]   ok  time restored after load
  98.3s [6月5日（週四） 下午 9:49]   ok  location restored (riverside_apartment)
  98.4s [6月5日（週四） 下午 9:49]   shot 21_after_load.png
  98.4s [6月1日（週日） 下午 2:00] STEP (harness) skip to Chapter 10
  99.7s [6月1日（週日） 下午 2:02] STEP Residential — licence, brokerage office, client match and first commission
 102.9s [6月3日（週二） 上午 10:05]   ok  walked back outside
 116.8s [6月3日（週二） 上午 10:26]   use "捷運——河濱區站"
 117.8s [6月3日（週二） 上午 10:28]   shot 22_metro_civic_center.png
 117.8s [6月3日（週二） 上午 10:28]   click [Go_civic_center] 市政中心  ·  12 分鐘
 119.1s [6月3日（週二） 上午 10:41]   ok  took the Metro to Civic Center
 126.1s [6月3日（週二） 上午 10:52]   ok  entered Aurelia City Hall
 127.9s [6月3日（週二） 上午 10:55]   use "Permits & regulations"
 128.0s [6月3日（週二） 上午 10:55]   click [PropertyPermits] Property permits
 128.2s [6月3日（週二） 上午 10:55]   click [ApplyRealtyPermit_brokerage] 申請：$250.00 · 3 天
 129.4s [6月6日（週五） 上午 10:57]   ok  brokerage licence followed City Hall fee and three-day process
 132.4s [6月6日（週五） 上午 11:02]   ok  walked back outside
 138.0s [6月6日（週五） 上午 11:11]   use "捷運——市政中心站"
 138.9s [6月6日（週五） 上午 11:12]   shot 23_metro_residential.png
 138.9s [6月6日（週五） 上午 11:12]   click [Go_residential] 住宅區  ·  32 分鐘
 140.0s [6月6日（週五） 上午 11:46]   ok  took the Metro to Residential
 140.1s [6月6日（週五） 上午 11:46]   shot 24_residential_day.png
 145.5s [6月6日（週五） 上午 11:54]   ok  entered Harlow & Finch Realty
 145.8s [6月6日（週五） 上午 11:54]   use "Lease the brokerage office"
 145.9s [6月6日（週五） 上午 11:54]   click [SignLease_realty_office] Sign the lease
 147.3s [6月6日（週五） 上午 11:56]   use "Open Matchmaker"
 147.4s [6月6日（週五） 上午 11:57]   click [OpenBrokerage] Open the brokerage
 147.7s [6月6日（週五） 上午 11:57]   shot 25_matchmaker.png
 148.2s [6月6日（週五） 上午 11:58]   use "Open Matchmaker"
 148.4s [6月6日（週五） 上午 11:58]   click [Mandate_M-1] 選擇物件
 148.6s [6月6日（週五） 上午 11:58]   click [Client_C-4] 選擇客戶
 148.8s [6月6日（週五） 上午 11:59]   click [Negotiate_soft] 柔性議價
 149.0s [6月6日（週五） 上午 11:59]   click [ArrangeViewing] 安排帶看：$180.00 · 90 分鐘
 149.8s [6月6日（週五） 下午 1:30]   use "Open Matchmaker"
 149.9s [6月6日（週五） 下午 1:30]   click [Mandate_M-2] 選擇物件
 150.1s [6月6日（週五） 下午 1:31]   click [Client_C-3] 選擇客戶
 150.3s [6月6日（週五） 下午 1:31]   click [Negotiate_soft] 柔性議價
 150.5s [6月6日（週五） 下午 1:31]   click [ArrangeViewing] 安排帶看：$180.00 · 90 分鐘
 151.4s [6月6日（週五） 下午 3:03]   use "Open Matchmaker"
 151.5s [6月6日（週五） 下午 3:03]   click [Mandate_M-2] 選擇物件
 151.7s [6月6日（週五） 下午 3:03]   click [Client_C-5] 選擇客戶
 151.9s [6月6日（週五） 下午 3:03]   click [Negotiate_soft] 柔性議價
 152.1s [6月6日（週五） 下午 3:04]   click [ArrangeViewing] 安排帶看：$180.00 · 90 分鐘
 153.1s [6月13日（週五） 下午 4:35]   shot 26_decision_real_estate_arrears.png
 153.1s [6月13日（週五） 下午 4:35]   decision real_estate_arrears → respond
 153.1s [6月13日（週五） 下午 4:35]   click [Choice_respond] 檢視物件並處理
 154.5s [6月13日（週五） 下午 4:35]   shot 27_decision_outcome_real_estate_arrears.png
 154.5s [6月13日（週五） 下午 4:35]   click "OK"
 155.2s [6月13日（週五） 下午 4:35]   use "Open Matchmaker"
 155.4s [6月13日（週五） 下午 4:36]   click [Mandate_M-7] 選擇物件
 155.6s [6月13日（週五） 下午 4:36]   click [Client_C-8] 選擇客戶
 155.8s [6月13日（週五） 下午 4:36]   click [Negotiate_soft] 柔性議價
 156.0s [6月13日（週五） 下午 4:37]   click [ArrangeViewing] 安排帶看：$180.00 · 90 分鐘
 156.8s [6月13日（週五） 下午 6:08]   use "Open Matchmaker"
 156.9s [6月13日（週五） 下午 6:08]   click [Mandate_M-7] 選擇物件
 157.1s [6月13日（週五） 下午 6:08]   click [Client_C-10] 選擇客戶
 157.3s [6月13日（週五） 下午 6:09]   click [Negotiate_soft] 柔性議價
 157.5s [6月13日（週五） 下午 6:09]   click [ArrangeViewing] 安排帶看：$180.00 · 90 分鐘
 158.5s [6月20日（週五） 下午 7:40]   shot 28_decision_real_estate_neighbors.png
 158.5s [6月20日（週五） 下午 7:40]   decision real_estate_neighbors → respond
 158.5s [6月20日（週五） 下午 7:40]   click [Choice_respond] 檢視物件並處理
 159.9s [6月20日（週五） 下午 7:40]   shot 29_decision_outcome_real_estate_neighbors.png
 159.9s [6月20日（週五） 下午 7:40]   click "OK"
 160.7s [6月20日（週五） 下午 7:40]   use "Open Matchmaker"
 160.8s [6月20日（週五） 下午 7:41]   click [Mandate_M-12] 選擇物件
 161.0s [6月20日（週五） 下午 7:41]   click [Client_C-13] 選擇客戶
 161.2s [6月20日（週五） 下午 7:41]   click [Negotiate_soft] 柔性議價
 161.4s [6月20日（週五） 下午 7:42]   click [ArrangeViewing] 安排帶看：$180.00 · 90 分鐘
 162.2s [6月20日（週五） 下午 9:13]   use "Open Matchmaker"
 162.3s [6月20日（週五） 下午 9:13]   click [Mandate_M-12] 選擇物件
 162.5s [6月20日（週五） 下午 9:13]   click [Client_C-15] 選擇客戶
 162.7s [6月20日（週五） 下午 9:14]   click [Negotiate_soft] 柔性議價
 162.9s [6月20日（週五） 下午 9:14]   click [ArrangeViewing] 安排帶看：$180.00 · 90 分鐘
 163.6s [6月20日（週五） 下午 10:45]   ok  first brokerage income from a real client deal
 163.6s [6月20日（週五） 下午 10:45]   ok  viewing and commission ledger balanced
 163.8s [6月20日（週五） 下午 10:45]   use "Open Matchmaker"
 163.9s [6月20日（週五） 下午 10:45]   click [RealtyTab_properties] Properties
 164.1s [6月20日（週五） 下午 10:46]   shot 30_property_management.png
 166.8s [6月20日（週五） 下午 10:51]   ok  walked back outside
 170.6s [6月20日（週五） 下午 10:56]   use "捷運——住宅區站"
 171.6s [6月20日（週五） 下午 10:58]   shot 31_metro_riverside.png
 171.6s [6月20日（週五） 下午 10:58]   click [Go_riverside] 河濱區  ·  19 分鐘
 172.6s [6月20日（週五） 下午 11:18]   ok  took the Metro to Riverside
 181.8s [6月20日（週五） 下午 11:32]   ok  entered Riverside Tower
 181.8s [6月20日（週五） 下午 11:32] STEP Save → reload → same state
 182.7s [6月20日（週五） 下午 11:34]   ok  cash restored after load
 182.7s [6月20日（週五） 下午 11:34]   ok  time restored after load
 182.7s [6月20日（週五） 下午 11:34]   ok  location restored (riverside_apartment)
 182.9s [6月20日（週五） 下午 11:34]   shot 32_after_load.png
 182.9s [6月1日（週日） 下午 2:00] STEP (harness) skip to Chapter 10
 184.1s [6月1日（週日） 下午 2:02] STEP University — lease studio, creative pitch, media mix and first client invoice
 187.3s [6月1日（週日） 下午 2:07]   ok  walked back outside
 201.2s [6月1日（週日） 下午 2:28]   use "捷運——河濱區站"
 202.2s [6月1日（週日） 下午 2:30]   shot 33_metro_university.png
 202.2s [6月1日（週日） 下午 2:30]   click [Go_university] 大學城  ·  13 分鐘
 203.3s [6月1日（週日） 下午 2:44]   ok  took the Metro to University
 203.3s [6月1日（週日） 下午 2:44]   shot 34_university_day.png
 211.2s [6月1日（週日） 下午 2:56]   ok  entered The Loft
 211.5s [6月1日（週日） 下午 2:57]   use "Lease The Loft studio"
 211.6s [6月1日（週日） 下午 2:57]   click [SignLease_loft_office] Sign the lease
 213.0s [6月1日（週日） 下午 2:59]   use "Open Campaign Mixer"
 213.1s [6月1日（週日） 下午 2:59]   click [OpenAgency] Open the campaign studio
 214.0s [6月1日（週日） 下午 3:00]   use "Open Campaign Mixer"
 214.1s [6月1日（週日） 下午 3:01]   click [CreativePitch_JOB-1] Build Creative Pitch
 214.7s [6月1日（週日） 下午 3:01]   click [StartGame] Start
 214.8s [6月1日（週日） 下午 3:01]   click [CreativeCard_slogan_2] Care for every home
 215.0s [6月1日（週日） 下午 3:01]   click [CreativeCard_visual_3] Minimal luxury
 215.1s [6月1日（週日） 下午 3:01]   click [CreativeCard_tone_2] Reassuring
 215.3s [6月1日（週日） 下午 3:01]   shot 35_creative_pitch_result.png
 215.3s [6月1日（週日） 下午 3:01]   click [FinishGame] Continue
 215.5s [6月1日（週日） 下午 5:01]   click [Propose_JOB-1] 提出提案 · $280 · 180 分鐘
 216.3s [6月1日（週日） 下午 8:02]   use "Open Campaign Mixer"
 216.4s [6月1日（週日） 下午 8:02]   click [CreativePitch_JOB-2] Build Creative Pitch
 217.0s [6月1日（週日） 下午 8:02]   click [StartGame] Start
 217.1s [6月1日（週日） 下午 8:02]   click [CreativeCard_slogan_1] Make work easier
 217.3s [6月1日（週日） 下午 8:02]   click [CreativeCard_visual_3] Minimal luxury
 217.4s [6月1日（週日） 下午 8:02]   click [CreativeCard_tone_3] Refined
 217.6s [6月1日（週日） 下午 8:02]   shot 36_creative_pitch_result.png
 217.6s [6月1日（週日） 下午 8:02]   click [FinishGame] Continue
 217.8s [6月1日（週日） 下午 10:02]   click [Propose_JOB-2] 提出提案 · $280 · 180 分鐘
 218.4s [6月2日（週一） 上午 1:03]   ok  actual creative cards and proposal win a client job
 218.6s [6月2日（週一） 上午 1:03]   use "Open Campaign Mixer"
 218.7s [6月2日（週一） 上午 1:03]   click [MediaTab_mixer] Media mix
 218.8s [6月2日（週一） 上午 1:03]   click [SelectCampaign_JOB-2] Finch Families
 219.0s [6月2日（週一） 上午 1:03]   click [MixMore_radio] +
 219.3s [6月2日（週一） 上午 1:04]   shot 37_campaign_mixer.png
 220.1s [6月16日（週一） 上午 1:05]   ok  daily campaign finishes actual client work
 220.1s [6月16日（週一） 上午 1:05]   ok  first agency income is a traceable Jobs invoice
 220.1s [6月16日（週一） 上午 1:05]   ok  campaign costs and invoice balance
 220.2s [6月16日（週一） 上午 1:05]   use "Open Campaign Mixer"
 220.3s [6月16日（週一） 上午 1:05]   click [MediaTab_reports] Campaign reports
 220.5s [6月16日（週一） 上午 1:05]   shot 38_campaign_report.png
 223.2s [6月16日（週一） 上午 1:10]   ok  walked back outside
 229.6s [6月16日（週一） 上午 1:20]   use "捷運——大學區站"
 230.6s [6月16日（週一） 上午 1:21]   shot 39_metro_riverside.png
 230.6s [6月16日（週一） 上午 1:21]   click [Go_riverside] 河濱區  ·  13 分鐘
 231.6s [6月16日（週一） 上午 1:36]   ok  took the Metro to Riverside
 240.8s [6月16日（週一） 上午 1:50]   ok  entered Riverside Tower
 240.8s [6月16日（週一） 上午 1:50] STEP Save → reload → same state
 241.7s [6月16日（週一） 上午 1:51]   ok  cash restored after load
 241.7s [6月16日（週一） 上午 1:51]   ok  time restored after load
 241.7s [6月16日（週一） 上午 1:51]   ok  location restored (riverside_apartment)
 241.9s [6月16日（週一） 上午 1:51]   shot 40_after_load.png
 241.9s [6月1日（週日） 下午 2:00] STEP (harness) skip to Chapter 10
 243.1s [6月1日（週日） 下午 2:02] STEP Luxury Heights — take over the Aster Inn, set the Rate Board, staff up and sell the first nights
 246.3s [6月1日（週日） 下午 2:08]   ok  walked back outside
 260.2s [6月1日（週日） 下午 2:29]   use "捷運——河濱區站"
 261.2s [6月1日（週日） 下午 2:30]   shot 41_metro_luxury_heights.png
 261.2s [6月1日（週日） 下午 2:30]   click [Go_luxury_heights] 豪景高地  ·  18 分鐘
 262.3s [6月1日（週日） 下午 2:50]   ok  took the Metro to Luxury Heights
 262.3s [6月1日（週日） 下午 2:50]   shot 42_luxury_heights_day.png
 274.0s [6月1日（週日） 下午 3:08]   ok  entered The Aster
 274.8s [6月1日（週日） 下午 3:09]   use "Open the Rate Board"
 274.9s [6月1日（週日） 下午 3:09]   click [TakeoverAster] 頂下 Aster 小旅館 · $150,000
 275.2s [6月1日（週日） 下午 3:09]   ok  actual takeover opens the 12-room Aster Inn
 275.2s [6月1日（週日） 下午 3:09]   shot 43_rate_board.png
 275.2s [6月1日（週日） 下午 3:09]   click [Price_standard_10] +$10
 275.4s [6月1日（週日） 下午 3:10]   click [BoardNextOps] Next: daily operations
 275.7s [6月1日（週日） 下午 3:10]   shot 44_hotel_operations.png
 276.6s [6月13日（週五） 下午 9:11]   shot 45_decision_hotel_review_storm.png
 276.6s [6月13日（週五） 下午 9:11]   decision hotel_review_storm → respond
 276.7s [6月13日（週五） 下午 9:11]   click [Choice_respond] 道歉並賠償 $900
 278.1s [6月13日（週五） 下午 9:11]   shot 46_decision_outcome_hotel_review_storm.png
 278.1s [6月13日（週五） 下午 9:11]   click "OK"
 278.6s [6月13日（週五） 下午 9:11]   shot 47_decision_hotel_event_cancelled.png
 278.6s [6月13日（週五） 下午 9:11]   decision hotel_event_cancelled → promo
 278.6s [6月13日（週五） 下午 9:11]   click [Choice_promo] 推出 $1,200 的限時特賣
 280.1s [6月13日（週五） 下午 9:11]   shot 48_decision_outcome_hotel_event_cancelled.png
 280.1s [6月13日（週五） 下午 9:11]   click "OK"
 280.6s [6月13日（週五） 下午 9:11]   ok  night audits sell rooms and book room revenue
 280.6s [6月13日（週五） 下午 9:11]   ok  hotel books balance
 280.8s [6月13日（週五） 下午 9:12]   use "Open the Rate Board"
 281.0s [6月13日（週五） 下午 9:12]   click [HotelTab_reviews] Guest reviews
 281.2s [6月13日（週五） 下午 9:12]   shot 49_guest_reviews.png
 281.2s [6月1日（週日） 下午 2:00] STEP (harness) skip to Chapter 10
 282.5s [6月1日（週日） 下午 2:02] STEP Industrial - lease warehouse, Roof Survey, subsidy, install and first solar invoice
 286.0s [6月1日（週日） 下午 2:08]   ok  walked back outside
 300.0s [6月1日（週日） 下午 2:29]   use "捷運——河濱區站"
 301.0s [6月1日（週日） 下午 2:31]   shot 50_metro_industrial.png
 301.0s [6月1日（週日） 下午 2:31]   click [Go_industrial] 工業區  ·  14 分鐘
 302.0s [6月1日（週日） 下午 2:46]   ok  took the Metro to Industrial
 302.1s [6月1日（週日） 下午 2:46]   shot 51_industrial_energy_day.png
 307.5s [6月1日（週日） 下午 2:55]   ok  entered Helio Warehouse Office
 310.6s [6月1日（週日） 下午 2:59]   use "Lease the Helio warehouse office"
 310.7s [6月1日（週日） 下午 2:59]   click [SignLease_helio_warehouse] Sign the lease
 312.2s [6月1日（週日） 下午 3:02]   use "Open Energy Console"
 312.3s [6月1日（週日） 下午 3:02]   click [OpenEnergy] 開辦太陽能事業
 313.1s [6月1日（週日） 下午 3:03]   use "Open Energy Console"
 313.2s [6月1日（週日） 下午 3:03]   click [Survey_ROOF-1] 勘查這個屋頂
 313.4s [6月1日（週日） 下午 3:03]   click [AutoLayout] 自動擺放最佳位置
 313.7s [6月1日（週日） 下午 3:04]   shot 52_roof_survey.png
 313.7s [6月1日（週日） 下午 3:04]   click [SendQuote] 送出報價 · $15,632
 314.3s [6月1日（週日） 下午 3:50]   ok  actual Roof Survey quote wins a client job
 314.5s [6月1日（週日） 下午 3:50]   use "Open Energy Console"
 314.6s [6月1日（週日） 下午 3:50]   click [EnergyTab_installs] Installs & warranty
 314.8s [6月1日（週日） 下午 3:50]   click [StartInstall_JOB-1] 訂購材料並開工 · $11,880
 317.7s [7月1日（週二） 下午 3:52]   shot 53_month_close_report.png
 317.7s [7月1日（週二） 下午 3:52]   click [month close] Continue
 318.4s [7月1日（週二） 下午 3:52]   shot 54_decision_energy_shortage.png
 318.4s [7月1日（週二） 下午 3:52]   decision energy_shortage → premium
 318.4s [7月1日（週二） 下午 3:52]   click [Choice_premium] 付 Helio 優先配額費
 319.8s [7月1日（週二） 下午 3:52]   shot 55_decision_outcome_energy_shortage.png
 319.8s [7月1日（週二） 下午 3:52]   click "OK"
 320.4s [7月1日（週二） 下午 3:52]   ok  crew-days finish the install
 320.4s [7月1日（週二） 下午 3:52]   ok  first solar income is a traceable Jobs invoice
 320.4s [7月1日（週二） 下午 3:52]   ok  materials, install and invoice balance
 320.6s [7月1日（週二） 下午 3:52]   use "Open Energy Console"
 320.7s [7月1日（週二） 下午 3:53]   click [EnergyTab_installs] Installs & warranty
 320.9s [7月1日（週二） 下午 3:53]   shot 56_energy_installs.png
 325.8s [7月1日（週二） 下午 4:01]   ok  walked back outside
 329.7s [7月1日（週二） 下午 4:07]   use "捷運——工業區站"
 330.7s [7月1日（週二） 下午 4:08]   shot 57_metro_riverside.png
 330.7s [7月1日（週二） 下午 4:08]   click [Go_riverside] 河濱區  ·  14 分鐘
 331.8s [7月1日（週二） 下午 4:24]   ok  took the Metro to Riverside
 340.9s [7月1日（週二） 下午 4:38]   ok  entered Riverside Tower
 340.9s [6月1日（週日） 下午 2:00] STEP (harness) skip to Chapter 10
 342.3s [6月1日（週日） 下午 2:02] STEP Airport - open the auto desk, win a Wednesday auction car, recondition, list and sell it
 345.4s [6月1日（週日） 下午 2:08]   ok  walked back outside
 359.4s [6月1日（週日） 下午 2:29]   use "捷運——河濱區站"
 360.3s [6月1日（週日） 下午 2:30]   shot 58_metro_airport.png
 360.3s [6月1日（週日） 下午 2:30]   click [Go_airport] 國際機場  ·  24 分鐘
 361.8s [6月1日（週日） 下午 2:56]   ok  took the Metro to Airport
 361.9s [6月1日（週日） 下午 2:56]   shot 59_airport_day.png
 370.9s [6月1日（週日） 下午 3:09]   ok  entered Gateway Car Rental
 371.8s [6月1日（週日） 下午 3:11]   use "Open the fleet desk"
 371.9s [6月1日（週日） 下午 3:11]   click [OpenAutoDesk] 開設汽車櫃台 · 執照費 $400
 372.1s [6月1日（週日） 下午 3:11]   ok  actual licence opens the auto desk
 372.2s [6月4日（週三） 上午 10:00]   shot 60_auction_lots.png
 372.8s [6月25日（週三） 上午 10:00]   ok  auto books balance
 372.8s [6月25日（週三） 上午 10:00] STEP Save → reload → same state
 373.6s [6月25日（週三） 上午 10:02]   ok  cash restored after load
 373.6s [6月25日（週三） 上午 10:02]   ok  time restored after load
 373.6s [6月25日（週三） 上午 10:02]   ok  location restored (gateway_car_rental)
 373.7s [6月25日（週三） 上午 10:02]   shot 61_after_load.png
 373.7s [6月25日（週三） 上午 10:02]   ok  ledger balanced after the industry fixtures
 373.7s [6月25日（週三） 上午 10:02] BOT FINISHED — 0 failure(s) · 373.7s real
 373.7s [6月25日（週三） 上午 10:02] English audit: 13 on-screen text(s) with untranslated words
