Godot Engine v4.5.1.stable.official.f62fdbde1 - https://godotengine.org
OpenGL API 3.3.0 NVIDIA 462.59 - Compatibility - Using Device: NVIDIA - Quadro RTX 4000

   0.2s STEP Main menu → New Game
   0.8s   shot 01_main_menu.png
   0.8s   click [NewGame] New Game
   0.9s   click [CreateRunCharacter] Create character
   2.2s STEP Character Creator
   2.3s   shot 02_creator_default.png
   2.3s   click [Tab_hair] Hair
   2.4s   click [Next_hair] ▶
   2.9s   click [Tab_face] Face
   3.0s   click [Next_face] ▶
   3.2s   click [Next_eye_shape] ▶
   3.4s   click [Tab_body] Body
   3.5s   click [Next_presentation] ▶
   4.2s   shot 03_creator_customised.png
   4.2s   click [Tab_outfit] Outfit
   4.3s   click "Startup Casual"
   4.9s   ok  appearance changed from default (short_neat)
   5.0s   shot 04_creator_final.png
   5.0s   click [Start] Start in Aurelia  →
   5.1s [6月1日（週日） 下午 2:00] STEP Arrival sequence
   7.8s [6月1日（週日） 下午 2:00]   shot 05_arrival_train.png
  11.3s [6月1日（週日） 下午 2:00]   shot 06_arrival_phone.png
  16.5s [6月1日（週日） 下午 2:01]   ok  spawned in the Riverside apartment
  16.5s [6月1日（週日） 下午 2:01]   ok  starting cash $30,000
  16.5s [6月1日（週日） 下午 2:01]   ok  name saved
  18.2s [6月1日（週日） 下午 2:03]   shot 07_apartment_arrival.png
  18.3s [6月1日（週日） 下午 2:03] STEP Chapter 1 — phone & Maya
  21.6s [6月1日（週日） 下午 2:08]   shot 08_phone_home.png
  21.6s [6月1日（週日） 下午 2:08]   click [App_messages] 訊息 2
  22.1s [6月1日（週日） 下午 2:09]   click [Thread_maya] Maya  ● 打給我。或傳訊息。隨便。
  24.1s [6月1日（週日） 下午 2:09]   choose "› 嗯。"
  27.2s [6月1日（週日） 下午 2:09]   choose "› 我要開公司。"
  30.6s [6月1日（週日） 下午 2:09]   ok  Maya conversation done
  30.6s [6月1日（週日） 下午 2:09] STEP Head outside
  34.7s [6月1日（週日） 下午 2:15]   ok  walked back outside
  34.7s [6月1日（週日） 下午 2:15]   ok  visited Riverside
  34.9s [6月1日（週日） 下午 2:15]   shot 09_riverside_outside_home.png
  34.9s [6月1日（週日） 下午 2:15] STEP Bloom Coffee
  38.0s [6月1日（週日） 下午 2:20]   ok  entered Bloom Coffee
  38.2s [6月1日（週日） 下午 2:20]   shot 10_bloom_coffee_inside.png
  39.5s [6月1日（週日） 下午 2:22]   use "Order coffee ($4.50)"
  41.5s [6月1日（週日） 下午 2:22]   choose "› 麻煩了。"
  46.5s [6月1日（週日） 下午 2:33]   ok  bought a coffee from Jun
  49.2s [6月1日（週日） 下午 2:38]   ok  walked back outside
  49.2s [6月1日（週日） 下午 2:38] STEP Walk east to Startup Hub
  50.8s [6月1日（週日） 下午 2:40]   shot 11_riverside_street.png
  63.7s [6月1日（週日） 下午 3:11]   ok  walked to Startup Hub
  63.8s [6月1日（週日） 下午 3:11]   shot 12_startup_hub_arrive.png
  63.8s [6月1日（週日） 下午 3:11] STEP Nexus Co-work
  67.7s [6月1日（週日） 下午 3:17]   ok  entered Nexus Co-work
  67.9s [6月1日（週日） 下午 3:17]   shot 13_cowork_inside.png
  69.2s [6月1日（週日） 下午 3:19]   use "Reception — desks & day passes"
  71.8s [6月1日（週日） 下午 3:19]   choose "› 對。先看看。"
  74.7s [6月1日（週日） 下午 3:20]   click [DayPass] Buy a day pass ($15)
  75.7s [6月1日（週日） 下午 3:21] STEP Business Board
  83.2s [6月1日（週日） 下午 3:33]   use "Business Board"
  83.9s [6月1日（週日） 下午 3:34]   shot 14_business_board.png
  83.9s [6月1日（週日） 下午 3:34]   click [Biz_saas] ● SaaS／軟體
  84.5s [6月1日（週日） 下午 3:35]   shot 15_business_board_planned_saas.png
  84.5s [6月1日（週日） 下午 3:35]   click [Biz_ecommerce] ● 電商
  84.6s [6月1日（週日） 下午 3:35]   click [StartEcommerce] Start an ecommerce side business
  86.2s [6月1日（週日） 下午 3:37]   ok  picked ecommerce as first business
  88.7s [6月1日（週日） 下午 3:41]   ok  Chapter 1 complete
  88.7s [6月1日（週日） 下午 3:41] STEP Chapter 2 — buy stock at a hot desk (Company OS)
  97.6s [6月1日（週日） 下午 3:54]   use "Work at a hot desk — Company OS"
  98.2s [6月1日（週日） 下午 3:55]   shot 16_company_os_overview_personal.png
  98.2s [6月1日（週日） 下午 3:55]   click [Tab_operations] Operations
  99.0s [6月1日（週日） 下午 3:56]   shot 17_company_os_suppliers.png
  99.0s [6月1日（週日） 下午 3:56]   click [Buy_tradelink_wholesale_wireless_earbuds] 購買 $898.50
  99.6s [6月1日（週日） 下午 4:07]   click [Buy_tradelink_wholesale_water_bottle] 購買 $407.40
 100.1s [6月1日（週日） 下午 4:18]   click [Buy_tradelink_wholesale_desk_lamp] 購買 $459.20
 100.7s [6月1日（週日） 下午 4:29]   click [Buy_tradelink_wholesale_phone_stand] 購買 $271.20
 101.3s [6月1日（週日） 下午 4:40]   ok  placed purchase orders (MOQ, prepaid): 4 POs, cash $27,944.20
 101.3s [6月1日（週日） 下午 4:40]   shot 18_company_os_purchase_orders.png
 101.7s [6月1日（週日） 下午 4:40] STEP Home to wait for stock
 105.0s [6月1日（週日） 下午 4:46]   ok  walked back outside
 109.0s [6月1日（週日） 下午 5:04]   ok  walked to Riverside
 124.9s [6月1日（週日） 下午 5:28]   ok  entered Riverside Tower
 124.9s [6月1日（週日） 下午 5:28]   (harness) wait 2 h
 127.5s [6月1日（週日） 下午 7:32]   use "Sleep"
 128.1s [6月1日（週日） 下午 7:32]   click [Sleep] Sleep until 7:00 AM
 130.0s [6月2日（週一） 上午 7:01]   (harness) wait 2 h
 130.7s [6月2日（週一） 上午 9:02]   (harness) wait 2 h
 131.4s [6月2日（週一） 上午 11:03]   (harness) wait 2 h
 132.1s [6月2日（週一） 下午 1:04]   (harness) wait 2 h
 132.8s [6月2日（週一） 下午 3:05]   (harness) wait 2 h
 133.4s [6月2日（週一） 下午 5:06]   (harness) wait 2 h
 134.3s [6月2日（週一） 下午 7:07]   use "Sleep"
 134.9s [6月2日（週一） 下午 7:07]   click [Sleep] Sleep until 7:00 AM
 136.8s [6月3日（週二） 上午 7:01]   (harness) wait 2 h
 137.5s [6月3日（週二） 上午 9:02]   (harness) wait 2 h
 138.2s [6月3日（週二） 上午 11:03]   (harness) wait 2 h
 138.9s [6月3日（週二） 下午 1:04]   (harness) wait 2 h
 139.6s [6月3日（週二） 下午 3:05]   (harness) wait 2 h
 140.2s [6月3日（週二） 下午 5:06]   ok  stock delivered to the apartment
 141.0s [6月3日（週二） 下午 5:07]   shot 19_apartment_with_stock.png
 141.0s [6月3日（週二） 下午 5:07] STEP List products on ShopLane
 142.1s [6月3日（週二） 下午 5:08]   use "Use laptop — Company OS"
 142.7s [6月3日（週二） 下午 5:09]   click [Tab_sales] Ecommerce
 143.4s [6月3日（週二） 下午 5:10]   shot 20_company_os_sales_ready.png
 143.4s [6月3日（週二） 下午 5:10]   click [ListSelf_wireless_earbuds] Shoot photos myself & list (1 h 20 min)
 144.1s [6月3日（週二） 下午 6:31]   click [ListSelf_water_bottle] Shoot photos myself & list (1 h 20 min)
 144.7s [6月3日（週二） 下午 7:52]   click [ListSelf_desk_lamp] Shoot photos myself & list (1 h 20 min)
 145.4s [6月3日（週二） 下午 9:13]   click [ListSelf_phone_stand] Shoot photos myself & list (1 h 20 min)
 146.1s [6月3日（週二） 下午 10:34]   click [AdPlus_wireless_earbuds] +
 146.8s [6月3日（週二） 下午 10:35]   shot 21_company_os_listings_live.png
 146.8s [6月3日（週二） 下午 10:35]   ok  listings live
 147.2s [6月3日（週二） 下午 10:36] STEP First order → pack → ship
 155.4s [6月3日（週二） 下午 10:48]   use "Packing table"
 156.2s [6月3日（週二） 下午 10:50]   shot 22_packing_table.png
 156.2s [6月3日（週二） 下午 10:50]   click [Pack] 打包 14 筆訂單（1 小時 52 分）
 157.1s [6月4日（週三） 上午 12:43]   click [CourierEconomy] 快遞 · 經濟 3 天（$54.80）
 158.3s [6月4日（週三） 上午 12:45]   ok  first order came in
 158.3s [6月4日（週三） 上午 12:45]   ok  handed to the courier (pickup booked)
 158.3s [6月4日（週三） 上午 12:45] STEP Delivery → first dollar
 167.1s [6月4日（週三） 上午 12:58]   use "Sleep"
 167.7s [6月4日（週三） 上午 12:58]   click [Sleep] Sleep until 7:00 AM
 178.5s [6月4日（週三） 上午 7:14]   use "Packing table"
 179.1s [6月4日（週三） 上午 7:15]   click [Pack] 打包 1 筆訂單（8 分鐘）
 180.1s [6月4日（週三） 上午 7:24]   click [CourierEconomy] 快遞 · 經濟 3 天（$9.20）
 181.3s [6月4日（週三） 上午 7:26]   ok  first order delivered (Earn Your First Dollar)
 181.3s [6月4日（週三） 上午 7:26]   revenue booked $290.30 · ShopLane balance $274.36 · cash $27,770.80
 181.5s [6月4日（週三） 上午 7:26]   shot 23_first_dollar.png
 181.5s [6月4日（週三） 上午 7:26] STEP First customer issue
 181.5s [6月4日（週三） 上午 7:26]   (harness) wait 2 h
 188.5s [6月4日（週三） 上午 9:37]   use "Packing table"
 189.2s [6月4日（週三） 上午 9:38]   click [Pack] 打包 4 筆訂單（32 分鐘）
 190.2s [6月4日（週三） 上午 10:11]   click [CourierEconomy] 快遞 · 經濟 3 天（$18.80）
 191.4s [6月4日（週三） 上午 10:13]   (harness) wait 2 h
 192.3s [6月4日（週三） 下午 12:14]   use "Packing table"
 193.0s [6月4日（週三） 下午 12:16]   click [Pack] 打包 6 筆訂單（48 分鐘）
 193.9s [6月4日（週三） 下午 1:05]   click [CourierEconomy] 快遞 · 經濟 3 天（$25.20）
 195.2s [6月4日（週三） 下午 1:07]   (harness) wait 2 h
 196.0s [6月4日（週三） 下午 3:08]   use "Packing table"
 196.7s [6月4日（週三） 下午 3:09]   click [Pack] 打包 7 筆訂單（56 分鐘）
 197.6s [6月4日（週三） 下午 4:06]   click [CourierEconomy] 快遞 · 經濟 3 天（$30.40）
 198.8s [6月4日（週三） 下午 4:08]   (harness) wait 2 h
 199.7s [6月4日（週三） 下午 6:10]   use "Packing table"
 200.3s [6月4日（週三） 下午 6:11]   click [Pack] 打包 14 筆訂單（1 小時 52 分）
 201.3s [6月4日（週三） 下午 8:04]   click [CourierEconomy] 快遞 · 經濟 3 天（$52.80）
 205.2s [6月4日（週三） 下午 8:10]   use "Sleep"
 205.8s [6月4日（週三） 下午 8:10]   click [Sleep] Sleep until 7:00 AM
 207.7s [6月5日（週四） 上午 7:00]   shot 24_decision_customer_return_first.png
 207.7s [6月5日（週四） 上午 7:00]   decision customer_return_first → replace
 207.7s [6月5日（週四） 上午 7:00]   click [Choice_replace] 寄一個新的（快捷）
