Godot Engine v4.5.1.stable.official.f62fdbde1 - https://godotengine.org
OpenGL API 3.3.0 NVIDIA 462.59 - Compatibility - Using Device: NVIDIA - Quadro RTX 4000

   0.2s STEP Main menu → New Game
   0.8s   shot 01_main_menu.png
   0.8s   click [NewGame] New Game
   0.9s   click [CreateRunCharacter] Create character
   2.2s STEP Character Creator
   2.3s   shot 02_creator_default.png
   2.3s   click [Tab_hair] Hair
   2.4s   click [Next_hair] ▶
   2.9s   click [Tab_face] Face
   3.0s   click [Next_face] ▶
   3.2s   click [Next_eye_shape] ▶
   3.4s   click [Tab_body] Body
   3.5s   click [Next_presentation] ▶
   4.2s   shot 03_creator_customised.png
   4.2s   click [Tab_outfit] Outfit
   4.3s   click "Startup Casual"
   4.9s   ok  appearance changed from default (short_neat)
   5.0s   shot 04_creator_final.png
   5.0s   click [Start] Start in Aurelia  →
   5.1s [6月1日（週日） 下午 2:00] STEP Arrival sequence
   7.8s [6月1日（週日） 下午 2:00]   shot 05_arrival_train.png
  11.4s [6月1日（週日） 下午 2:00]   shot 06_arrival_phone.png
  16.4s [6月1日（週日） 下午 2:01]   ok  spawned in the Riverside apartment
  16.4s [6月1日（週日） 下午 2:01]   ok  starting cash $30,000
  16.4s [6月1日（週日） 下午 2:01]   ok  name saved
  18.2s [6月1日（週日） 下午 2:03]   shot 07_apartment_arrival.png
  18.2s [6月1日（週日） 下午 2:03] STEP Personal-life route: earned relationships, social event, referral and recovery
  18.3s [6月1日（週日） 下午 2:03]   click [PersonalRequest] 協助・45 分鐘・$0.00
  18.6s [6月1日（週日） 下午 2:03]   click [StartGame] Start
  19.0s [6月1日（週日） 下午 2:03]   click [PersonalAnswer_document] Use the step-free path and state the longer walk
  19.3s [6月1日（週日） 下午 2:03]   click [FinishGame] Continue
  19.8s [6月1日（週日） 下午 2:48]   ok  real personal request: maya part 1
  19.8s [6月1日（週日） 下午 2:48]   click [PersonalRequest] 協助・60 分鐘・$10.00
  20.2s [6月1日（週日） 下午 2:48]   click [StartGame] Start
  20.5s [6月1日（週日） 下午 2:48]   click [PersonalAnswer_compare] Publish the current hours and note the earlier err
  20.9s [6月1日（週日） 下午 2:48]   click [FinishGame] Continue
  21.3s [6月1日（週日） 下午 3:48]   ok  real personal request: maya part 2
  21.3s [6月1日（週日） 下午 3:48]   click [PersonalRequest] 協助・90 分鐘・$20.00
  21.7s [6月1日（週日） 下午 3:48]   click [StartGame] Start
  22.1s [6月1日（週日） 下午 3:48]   click [PersonalAnswer_scope] A checked guide with contacts and clear limits
  22.4s [6月1日（週日） 下午 3:48]   click [FinishGame] Continue
  22.9s [6月1日（週日） 下午 5:18]   ok  real personal request: maya part 3
  23.6s [6月1日（週日） 下午 5:19]   click [PersonalRequest] 協助・45 分鐘・$0.00
  24.0s [6月1日（週日） 下午 5:19]   click [StartGame] Start
  24.3s [6月1日（週日） 下午 5:19]   click [PersonalAnswer_document] Placement terms, commission and the need for actua
  24.7s [6月1日（週日） 下午 5:19]   click [FinishGame] Continue
  25.1s [6月1日（週日） 下午 6:04]   ok  real personal request: priya part 1
  25.1s [6月1日（週日） 下午 6:04]   click [PersonalRequest] 協助・60 分鐘・$10.00
  25.5s [6月1日（週日） 下午 6:04]   click [StartGame] Start
  25.9s [6月1日（週日） 下午 6:04]   click [PersonalAnswer_compare] Use the current room and label its actual amenitie
  26.2s [6月1日（週日） 下午 6:04]   click [FinishGame] Continue
  26.7s [6月1日（週日） 下午 7:04]   ok  real personal request: priya part 2
  26.7s [6月1日（週日） 下午 7:04]   click [PersonalRequest] 協助・90 分鐘・$20.00
  27.1s [6月1日（週日） 下午 7:04]   click [StartGame] Start
  27.4s [6月1日（週日） 下午 7:04]   click [PersonalAnswer_scope] Verified room copy and disclosed channel terms
  27.8s [6月1日（週日） 下午 7:04]   click [FinishGame] Continue
  28.2s [6月1日（週日） 下午 8:34]   ok  real personal request: priya part 3
  29.0s [6月1日（週日） 下午 8:35]   click [PersonalRequest] 協助・45 分鐘・$0.00
  29.4s [6月1日（週日） 下午 8:35]   click [StartGame] Start
  29.7s [6月1日（週日） 下午 8:35]   click [PersonalAnswer_document] Explain the repair and show both real prices
  30.1s [6月1日（週日） 下午 8:35]   click [FinishGame] Continue
  30.5s [6月1日（週日） 下午 9:20]   ok  real personal request: nina part 1
  30.5s [6月1日（週日） 下午 9:20]   click [PersonalRequest] 協助・60 分鐘・$10.00
  30.9s [6月1日（週日） 下午 9:20]   click [StartGame] Start
  31.3s [6月1日（週日） 下午 9:20]   click [PersonalAnswer_compare] Describe the material and leave the claim unverifi
  31.6s [6月1日（週日） 下午 9:20]   click [FinishGame] Continue
  32.1s [6月1日（週日） 下午 10:20]   ok  real personal request: nina part 2
  32.1s [6月1日（週日） 下午 10:20]   click [PersonalRequest] 協助・90 分鐘・$20.00
  32.5s [6月1日（週日） 下午 10:20]   click [StartGame] Start
  32.8s [6月1日（週日） 下午 10:20]   click [PersonalAnswer_scope] Document repairable examples and inspection limits
  33.2s [6月1日（週日） 下午 10:20]   click [FinishGame] Continue
  33.6s [6月1日（週日） 下午 11:50]   ok  real personal request: nina part 3
  34.3s [6月1日（週日） 下午 11:51]   click [PersonalRequest] 協助・45 分鐘・$0.00
  34.7s [6月1日（週日） 下午 11:51]   click [StartGame] Start
  35.1s [6月1日（週日） 下午 11:51]   click [PersonalAnswer_document] Disclose the brake work and ask for a repair quote
  35.4s [6月1日（週日） 下午 11:51]   click [FinishGame] Continue
  35.9s [6月2日（週一） 上午 12:36]   ok  real personal request: sam part 1
  35.9s [6月2日（週一） 上午 12:36]   click [PersonalRequest] 協助・60 分鐘・$10.00
  36.3s [6月2日（週一） 上午 12:36]   click [StartGame] Start
  36.6s [6月2日（週一） 上午 12:36]   click [PersonalAnswer_compare] State maintenance days and the replacement process
  37.0s [6月2日（週一） 上午 12:36]   click [FinishGame] Continue
  37.4s [6月2日（週一） 上午 1:36]   ok  real personal request: sam part 2
  37.4s [6月2日（週一） 上午 1:36]   click [PersonalRequest] 協助・90 分鐘・$20.00
  37.8s [6月2日（週一） 上午 1:36]   click [StartGame] Start
  38.2s [6月2日（週一） 上午 1:36]   click [PersonalAnswer_scope] A checked handover pack with inspection exceptions
  38.5s [6月2日（週一） 上午 1:36]   click [FinishGame] Continue
  39.0s [6月2日（週一） 上午 3:06]   ok  real personal request: sam part 3
  39.0s [6月2日（週一） 上午 3:06]   shot 08_personal_sam_partner.png
  39.0s [6月2日（週一） 上午 3:06]   click [ReferralReview] Review the referred job
  39.4s [6月2日（週一） 上午 3:07]   click [ReferralAccept] Accept the referred job
  39.8s [6月2日（週一） 上午 3:07]   click [ReferralWork] Do the referred work
  40.2s [6月2日（週一） 上午 3:07]   click [StartGame] Start
  40.5s [6月2日（週一） 上午 3:07]   click [PersonalAnswer_scope] A checked handover pack with inspection exceptions
  40.9s [6月2日（週一） 上午 3:07]   click [FinishGame] Continue
  41.3s [6月2日（週一） 上午 6:07]   ok  real Jobs referral waits for payment
  41.3s [6月2日（週一） 上午 6:07]   ok  referred work pays actual supplies before collection
  41.4s [6月2日（週一） 上午 6:07]   shot 09_personal_referral_invoice.png
  42.1s [6月2日（週一） 上午 6:08]   click [PersonalRequest] 協助・45 分鐘・$0.00
  42.5s [6月2日（週一） 上午 6:08]   click [StartGame] Start
  42.8s [6月2日（週一） 上午 6:08]   click [PersonalAnswer_document] Show the quantity, unit price and arrival estimate
  43.2s [6月2日（週一） 上午 6:08]   click [FinishGame] Continue
  43.6s [6月2日（週一） 上午 6:53]   ok  real personal request: ken part 1
  43.6s [6月2日（週一） 上午 6:53]   click [PersonalRequest] 協助・60 分鐘・$10.00
  44.0s [6月2日（週一） 上午 6:53]   click [StartGame] Start
  44.4s [6月2日（週一） 上午 6:53]   click [PersonalAnswer_compare] Explain the due date and the cash needed to pay
  44.7s [6月2日（週一） 上午 6:53]   click [FinishGame] Continue
  45.2s [6月2日（週一） 上午 7:53]   ok  real personal request: ken part 2
  45.2s [6月2日（週一） 上午 7:53]   click [PersonalRequest] 協助・90 分鐘・$20.00
  45.6s [6月2日（週一） 上午 7:53]   click [StartGame] Start
  45.9s [6月2日（週一） 上午 7:53]   click [PersonalAnswer_scope] List checked documents and the missing item
  46.3s [6月2日（週一） 上午 7:53]   click [FinishGame] Continue
  46.7s [6月2日（週一） 上午 9:23]   ok  real personal request: ken part 3
  47.6s [6月5日（週四） 下午 6:00]   shot 10_personal_social_calendar.png
  47.6s [6月5日（週四） 下午 6:00]   click [Social_chamber] Attend
  48.0s [6月5日（週四） 下午 8:01]   ok  social event meal really paid
  48.1s [6月5日（週四） 下午 8:01]   shot 11_personal_social_information.png
  48.8s [6月5日（週四） 下午 8:02]   ok  high-stress illness fixture triggered
  48.9s [6月5日（週四） 下午 8:02]   shot 12_personal_stress_choices.png
  48.9s [6月5日（週四） 下午 8:02]   click [RecoveryRest] Free recovery day · 480 minutes
  49.4s [6月6日（週五） 上午 4:03]   ok  real free rest button ends illness
  49.4s [6月6日（週五） 上午 4:03]   shot 13_personal_recovered_contacts.png
  49.9s [6月6日（週五） 上午 4:04]   ok  personal requests, gifts and referral journals balance
  49.9s [6月6日（週五） 上午 4:04] STEP Save → reload → same state
  50.8s [6月6日（週五） 上午 4:05]   ok  cash restored after load
  50.8s [6月6日（週五） 上午 4:05]   ok  time restored after load
  50.8s [6月6日（週五） 上午 4:05]   ok  location restored (riverside_apartment)
  51.0s [6月6日（週五） 上午 4:05]   shot 14_after_load.png
  51.0s [6月6日（週五） 上午 4:05] BOT FINISHED — 0 failure(s) · 51.0s real
  51.0s [6月6日（週五） 上午 4:05] English audit: 1 on-screen text(s) with untranslated words
