Godot Engine v4.5.1.stable.official.f62fdbde1 - https://godotengine.org
OpenGL API 3.3.0 NVIDIA 462.59 - Compatibility - Using Device: NVIDIA - Quadro RTX 4000

   0.0s STEP Main menu → New Game
   1.0s   shot 01_main_menu.png
   1.0s   click [NewGame] New Game
   2.2s STEP Character Creator
   2.3s   shot 02_creator_default.png
   2.3s   click [Tab_hair] Hair
   2.4s   click [Next_hair] ▶
   2.8s   click [Tab_face] Face
   2.9s   click [Next_face] ▶
   3.0s   click [Next_eye_shape] ▶
   3.1s   click [Tab_body] Body
   3.2s   click [Next_presentation] ▶
   3.7s   shot 03_creator_customised.png
   3.7s   click [Tab_outfit] Outfit
   3.8s   click "Startup Casual"
   4.4s   ok  appearance changed from default (short_neat)
   4.4s   shot 04_creator_final.png
   4.4s   click [Start] Start in Aurelia  →
   4.5s [Sun, Jun 1 2:00 PM] STEP Arrival sequence
   7.1s [Sun, Jun 1 2:00 PM]   shot 05_arrival_train.png
  10.7s [Sun, Jun 1 2:00 PM]   shot 06_arrival_phone.png
  15.7s [Sun, Jun 1 2:01 PM]   ok  spawned in the Riverside apartment
  15.7s [Sun, Jun 1 2:01 PM]   ok  starting cash $30,000
  15.7s [Sun, Jun 1 2:01 PM]   ok  name saved
  17.3s [Sun, Jun 1 2:03 PM]   shot 07_apartment_arrival.png
  21.2s [Sun, Jun 1 2:09 PM] STEP Interaction markers and welcome cards in four Shopping Street shops
  21.8s [Mon, Jun 2 2:01 PM]   ok  first entry shows introduction: threadline_apparel
  21.8s [Mon, Jun 2 2:01 PM]   ok  introduction reads live activities: threadline_apparel
  22.0s [Mon, Jun 2 2:01 PM]   shot 08_discoverability_threadline_apparel.png
  22.0s [Mon, Jun 2 2:01 PM]   click [DismissBuildingWelcome] ×
  22.0s [Mon, Jun 2 2:01 PM]   ok  card dismisses by click
  22.8s [Mon, Jun 2 2:02 PM]   shot 09_discoverability_markers_threadline_apparel.png
  22.8s [Mon, Jun 2 2:02 PM]   click [BuildingActivities]
  22.8s [Mon, Jun 2 2:02 PM]   ok  HUD reopens introduction
  27.1s [Mon, Jun 2 2:09 PM]   ok  card fades after four seconds
  27.5s [Mon, Jun 2 2:09 PM]   ok  second entry shows introduction
  27.8s [Mon, Jun 2 2:10 PM]   ok  third entry has no automatic introduction
  28.4s [Mon, Jun 2 2:11 PM]   ok  first entry shows introduction: crestline_flagship
  28.4s [Mon, Jun 2 2:11 PM]   ok  introduction reads live activities: crestline_flagship
  28.6s [Mon, Jun 2 2:11 PM]   shot 10_discoverability_crestline_flagship.png
  28.6s [Mon, Jun 2 2:11 PM]   click [DismissBuildingWelcome] ×
  28.6s [Mon, Jun 2 2:11 PM]   ok  card dismisses by click
  29.2s [Mon, Jun 2 2:12 PM]   shot 11_discoverability_markers_crestline_flagship.png
  29.2s [Mon, Jun 2 2:12 PM]   click [BuildingActivities]
  29.3s [Mon, Jun 2 2:12 PM]   ok  HUD reopens introduction
  33.6s [Mon, Jun 2 2:18 PM]   ok  card fades after four seconds
  33.9s [Mon, Jun 2 2:19 PM]   ok  second entry shows introduction
  34.2s [Mon, Jun 2 2:19 PM]   ok  third entry has no automatic introduction
  34.8s [Mon, Jun 2 2:20 PM]   ok  first entry shows introduction: lantern_bistro
  34.8s [Mon, Jun 2 2:20 PM]   ok  introduction reads live activities: lantern_bistro
  34.9s [Mon, Jun 2 2:20 PM]   shot 12_discoverability_lantern_bistro.png
  34.9s [Mon, Jun 2 2:20 PM]   click [DismissBuildingWelcome] ×
  35.0s [Mon, Jun 2 2:20 PM]   ok  card dismisses by click
  36.3s [Mon, Jun 2 2:22 PM]   shot 13_discoverability_markers_lantern_bistro.png
  36.3s [Mon, Jun 2 2:22 PM]   click [BuildingActivities]
  36.3s [Mon, Jun 2 2:22 PM]   ok  HUD reopens introduction
  40.6s [Mon, Jun 2 2:29 PM]   ok  card fades after four seconds
  40.9s [Mon, Jun 2 2:29 PM]   ok  second entry shows introduction
  41.3s [Mon, Jun 2 2:30 PM]   ok  third entry has no automatic introduction
  41.9s [Mon, Jun 2 2:31 PM]   ok  first entry shows introduction: byte_and_bean
  41.9s [Mon, Jun 2 2:31 PM]   ok  introduction reads live activities: byte_and_bean
  42.0s [Mon, Jun 2 2:31 PM]   shot 14_discoverability_byte_and_bean.png
  42.0s [Mon, Jun 2 2:31 PM]   click [DismissBuildingWelcome] ×
  42.0s [Mon, Jun 2 2:31 PM]   ok  card dismisses by click
  43.0s [Mon, Jun 2 2:32 PM]   shot 15_discoverability_markers_byte_and_bean.png
  43.0s [Mon, Jun 2 2:32 PM]   click [BuildingActivities]
  43.1s [Mon, Jun 2 2:32 PM]   ok  HUD reopens introduction
  47.4s [Mon, Jun 2 2:39 PM]   ok  card fades after four seconds
  47.7s [Mon, Jun 2 2:39 PM]   ok  second entry shows introduction
  48.0s [Mon, Jun 2 2:40 PM]   ok  third entry has no automatic introduction
  48.0s [Mon, Jun 2 2:40 PM] STEP Marker setting is independent of saves
  48.3s [Mon, Jun 2 2:40 PM]   click [InteractionMarkersOff] Off
  48.4s [Mon, Jun 2 2:40 PM]   ok  markers off
  48.4s [Mon, Jun 2 2:40 PM]   click [InteractionMarkersOn] On
  48.5s [Mon, Jun 2 2:40 PM]   ok  markers on
  48.6s [Mon, Jun 2 2:40 PM]   shot 16_discoverability_settings.png
  48.9s [Mon, Jun 2 2:40 PM] STEP A locked office marker keeps its real interaction position
  50.2s [Mon, Jun 2 2:42 PM]   ok  office terminal is visibly locked before lease
  50.3s [Mon, Jun 2 2:42 PM]   shot 17_discoverability_locked_marker.png
  50.3s [Mon, Jun 2 2:42 PM] STEP City Guide uses phone entry and existing gold arrow
  51.0s [Mon, Jun 2 2:43 PM]   click [App_guide] City Guide
  51.2s [Mon, Jun 2 2:43 PM]   ok  phone opens City Guide
  51.2s [Mon, Jun 2 2:43 PM]   shot 18_discoverability_city_guide.png
  51.5s [Mon, Jun 2 2:43 PM]   shot 19_discoverability_city_guide_shopping.png
  51.5s [Mon, Jun 2 2:43 PM]   click [GuideTo_lantern_bistro] Take me there
  52.2s [Mon, Jun 2 2:43 PM]   ok  phone destination uses Tutorial resolver
  52.3s [Mon, Jun 2 2:43 PM]   shot 20_discoverability_gold_arrow.png
  52.3s [Tue, Jun 3 10:00 AM]   ok  closed door gives opening time
  52.4s [Tue, Jun 3 10:00 AM]   shot 21_discoverability_closed_door.png
  52.7s [Wed, Jun 4 2:01 PM]   ok  arrival returns arrow to normal objectives
  54.0s [Wed, Jun 4 2:03 PM]   use "Order the house special ($22)"
  54.1s [Wed, Jun 4 2:53 PM]   ok  meal costs $22 in dining
  54.1s [Wed, Jun 4 2:53 PM]   shot 22_discoverability_meal.png
  54.6s [Wed, Jun 4 2:54 PM]   ok  look-only room is explicit
  54.7s [Wed, Jun 4 2:54 PM]   shot 23_discoverability_sightseeing.png
  54.7s [Wed, Jun 4 2:54 PM]   ok  discoverability tour keeps books balanced
  54.7s [Wed, Jun 4 2:54 PM] BOT FINISHED — 0 failure(s) · 54.7s real
