Godot Engine v4.5.1.stable.official.f62fdbde1 - https://godotengine.org
OpenGL API 3.3.0 NVIDIA 462.59 - Compatibility - Using Device: NVIDIA - Quadro RTX 4000

   0.0s STEP Main menu → New Game
   1.0s   shot 01_main_menu.png
   1.0s   click [NewGame] New Game
   2.3s STEP Character Creator
   2.3s   shot 02_creator_default.png
   2.3s   click [Tab_hair] Hair
   2.4s   click [Next_hair] ▶
   2.8s   click [Tab_face] Face
   2.9s   click [Next_face] ▶
   3.0s   click [Next_eye_shape] ▶
   3.1s   click [Tab_body] Body
   3.2s   click [Next_presentation] ▶
   3.8s   shot 03_creator_customised.png
   3.8s   click [Tab_outfit] Outfit
   3.8s   click "Startup Casual"
   4.4s   ok  appearance changed from default (short_neat)
   4.5s   shot 04_creator_final.png
   4.5s   click [Start] Start in Aurelia  →
   4.6s [6月1日（週日） 下午 2:00] STEP Arrival sequence
   7.1s [6月1日（週日） 下午 2:00]   shot 05_arrival_train.png
  10.7s [6月1日（週日） 下午 2:00]   shot 06_arrival_phone.png
  15.8s [6月1日（週日） 下午 2:01]   ok  spawned in the Riverside apartment
  15.8s [6月1日（週日） 下午 2:01]   ok  starting cash $30,000
  15.8s [6月1日（週日） 下午 2:01]   ok  name saved
  17.4s [6月1日（週日） 下午 2:03]   shot 07_apartment_arrival.png
  21.3s [6月1日（週日） 下午 2:09] STEP Interaction markers and welcome cards in four Shopping Street shops
  21.9s [6月2日（週一） 下午 2:01]   ok  first entry shows introduction: threadline_apparel
  21.9s [6月2日（週一） 下午 2:01]   ok  introduction reads live activities: threadline_apparel
  22.1s [6月2日（週一） 下午 2:01]   shot 08_discoverability_threadline_apparel.png
  22.1s [6月2日（週一） 下午 2:01]   click [DismissBuildingWelcome] ×
  22.1s [6月2日（週一） 下午 2:01]   ok  card dismisses by click
  22.9s [6月2日（週一） 下午 2:02]   shot 09_discoverability_markers_threadline_apparel.png
  22.9s [6月2日（週一） 下午 2:02]   click [BuildingActivities]
  22.9s [6月2日（週一） 下午 2:02]   ok  HUD reopens introduction
  27.2s [6月2日（週一） 下午 2:09]   ok  card fades after four seconds
  27.5s [6月2日（週一） 下午 2:09]   ok  second entry shows introduction
  27.9s [6月2日（週一） 下午 2:10]   ok  third entry has no automatic introduction
  28.5s [6月2日（週一） 下午 2:11]   ok  first entry shows introduction: crestline_flagship
  28.5s [6月2日（週一） 下午 2:11]   ok  introduction reads live activities: crestline_flagship
  28.7s [6月2日（週一） 下午 2:11]   shot 10_discoverability_crestline_flagship.png
  28.7s [6月2日（週一） 下午 2:11]   click [DismissBuildingWelcome] ×
  28.7s [6月2日（週一） 下午 2:11]   ok  card dismisses by click
  29.3s [6月2日（週一） 下午 2:11]   shot 11_discoverability_markers_crestline_flagship.png
  29.3s [6月2日（週一） 下午 2:11]   click [BuildingActivities]
  29.4s [6月2日（週一） 下午 2:12]   ok  HUD reopens introduction
  33.7s [6月2日（週一） 下午 2:18]   ok  card fades after four seconds
  34.0s [6月2日（週一） 下午 2:19]   ok  second entry shows introduction
  34.3s [6月2日（週一） 下午 2:19]   ok  third entry has no automatic introduction
  34.9s [6月2日（週一） 下午 2:20]   ok  first entry shows introduction: lantern_bistro
  34.9s [6月2日（週一） 下午 2:20]   ok  introduction reads live activities: lantern_bistro
  35.0s [6月2日（週一） 下午 2:20]   shot 12_discoverability_lantern_bistro.png
  35.0s [6月2日（週一） 下午 2:20]   click [DismissBuildingWelcome] ×
  35.1s [6月2日（週一） 下午 2:20]   ok  card dismisses by click
  36.4s [6月2日（週一） 下午 2:22]   shot 13_discoverability_markers_lantern_bistro.png
  36.4s [6月2日（週一） 下午 2:22]   click [BuildingActivities]
  36.4s [6月2日（週一） 下午 2:22]   ok  HUD reopens introduction
  40.7s [6月2日（週一） 下午 2:29]   ok  card fades after four seconds
  41.1s [6月2日（週一） 下午 2:29]   ok  second entry shows introduction
  41.4s [6月2日（週一） 下午 2:30]   ok  third entry has no automatic introduction
  42.0s [6月2日（週一） 下午 2:31]   ok  first entry shows introduction: byte_and_bean
  42.0s [6月2日（週一） 下午 2:31]   ok  introduction reads live activities: byte_and_bean
  42.1s [6月2日（週一） 下午 2:31]   shot 14_discoverability_byte_and_bean.png
  42.1s [6月2日（週一） 下午 2:31]   click [DismissBuildingWelcome] ×
  42.2s [6月2日（週一） 下午 2:31]   ok  card dismisses by click
  43.1s [6月2日（週一） 下午 2:32]   shot 15_discoverability_markers_byte_and_bean.png
  43.1s [6月2日（週一） 下午 2:32]   click [BuildingActivities]
  43.2s [6月2日（週一） 下午 2:33]   ok  HUD reopens introduction
  47.5s [6月2日（週一） 下午 2:39]   ok  card fades after four seconds
  47.8s [6月2日（週一） 下午 2:39]   ok  second entry shows introduction
  48.1s [6月2日（週一） 下午 2:40]   ok  third entry has no automatic introduction
  48.1s [6月2日（週一） 下午 2:40] STEP Marker setting is independent of saves
  48.5s [6月2日（週一） 下午 2:40]   click [InteractionMarkersOff] Off
  48.6s [6月2日（週一） 下午 2:40]   ok  markers off
  48.6s [6月2日（週一） 下午 2:40]   click [InteractionMarkersOn] On
  48.7s [6月2日（週一） 下午 2:40]   ok  markers on
  48.7s [6月2日（週一） 下午 2:40]   shot 16_discoverability_settings.png
  49.1s [6月2日（週一） 下午 2:40] STEP A locked office marker keeps its real interaction position
  50.3s [6月2日（週一） 下午 2:42]   ok  office terminal is visibly locked before lease
  50.5s [6月2日（週一） 下午 2:42]   shot 17_discoverability_locked_marker.png
  50.5s [6月2日（週一） 下午 2:42] STEP City Guide uses phone entry and existing gold arrow
  51.2s [6月2日（週一） 下午 2:43]   click [App_guide] City Guide
  51.4s [6月2日（週一） 下午 2:43]   ok  phone opens City Guide
  51.4s [6月2日（週一） 下午 2:43]   shot 18_discoverability_city_guide.png
  51.7s [6月2日（週一） 下午 2:43]   shot 19_discoverability_city_guide_shopping.png
  51.7s [6月2日（週一） 下午 2:43]   click [GuideTo_lantern_bistro] Take me there
  52.4s [6月2日（週一） 下午 2:43]   ok  phone destination uses Tutorial resolver
  52.5s [6月2日（週一） 下午 2:43]   shot 20_discoverability_gold_arrow.png
  52.5s [6月3日（週二） 上午 10:00]   ok  closed door gives opening time
  52.5s [6月3日（週二） 上午 10:00]   shot 21_discoverability_closed_door.png
  52.9s [6月4日（週三） 下午 2:01]   ok  arrival returns arrow to normal objectives
  54.2s [6月4日（週三） 下午 2:03]   use "Order the house special ($22)"
  54.3s [6月4日（週三） 下午 2:53]   ok  meal costs $22 in dining
  54.4s [6月4日（週三） 下午 2:53]   shot 22_discoverability_meal.png
  54.8s [6月4日（週三） 下午 2:54]   ok  look-only room is explicit
  54.9s [6月4日（週三） 下午 2:54]   shot 23_discoverability_sightseeing.png
  54.9s [6月4日（週三） 下午 2:54]   ok  discoverability tour keeps books balanced
  54.9s [6月4日（週三） 下午 2:54] BOT FINISHED — 0 failure(s) · 54.9s real
  54.9s [6月4日（週三） 下午 2:54] English audit: 1 on-screen text(s) with untranslated words
