Godot Engine v4.5.1.stable.official.f62fdbde1 - https://godotengine.org

   0.0s STEP Main menu → New Game
   0.0s   (shot main_menu skipped: headless)
   0.0s   click [NewGame] New Game
   0.1s STEP Character Creator
   0.1s   (shot creator_default skipped: headless)
   0.1s   click [Tab_hair] Hair
   0.1s   click [Next_hair] ▶
   0.2s   click [Tab_face] Face
   0.2s   click [Next_face] ▶
   0.2s   click [Next_eye_shape] ▶
   0.2s   click [Tab_body] Body
   0.2s   click [Next_presentation] ▶
   0.2s   (shot creator_customised skipped: headless)
   0.2s   click [Tab_outfit] Outfit
   0.2s   click "Startup Casual"
   0.3s   ok  appearance changed from default (short_neat)
   0.3s   (shot creator_final skipped: headless)
   0.3s   click [Start] Start in Aurelia  →
   0.3s [6月1日（週日） 下午 2:00] STEP Arrival sequence
   0.3s [6月1日（週日） 下午 2:00]   (shot arrival_train skipped: headless)
   0.3s [6月1日（週日） 下午 2:00]   (shot arrival_phone skipped: headless)
   0.5s [6月1日（週日） 下午 2:01]   ok  spawned in the Riverside apartment
   0.5s [6月1日（週日） 下午 2:01]   ok  starting cash $30,000
   0.5s [6月1日（週日） 下午 2:01]   ok  name saved
   0.6s [6月1日（週日） 下午 2:03]   (shot apartment_arrival skipped: headless)
   0.6s [6月1日（週日） 下午 2:03] STEP (harness) skip to Chapter 10
   0.7s [6月1日（週日） 下午 2:04] STEP University — lease studio, creative pitch, media mix and first client invoice
   1.4s [6月1日（週日） 下午 2:10]   ok  walked back outside
   1.9s [6月1日（週日） 下午 2:25]   use "捷運——河濱區站"
   2.0s [6月1日（週日） 下午 2:26]   (shot metro_university skipped: headless)
   2.0s [6月1日（週日） 下午 2:26]   click [Go_university] 大學城  ·  13 分鐘
   2.1s [6月1日（週日） 下午 2:40]   ok  took the Metro to University
   2.1s [6月1日（週日） 下午 2:40]   (shot university_day skipped: headless)
   2.5s [6月1日（週日） 下午 2:52]   ok  entered The Loft
   2.5s [6月1日（週日） 下午 2:53]   use "Lease The Loft studio"
   2.5s [6月1日（週日） 下午 2:53]   click [SignLease_loft_office] Sign the lease
   2.6s [6月1日（週日） 下午 2:55]   use "Open Campaign Mixer"
   2.6s [6月1日（週日） 下午 2:55]   click [OpenAgency] Open the campaign studio
   2.6s [6月1日（週日） 下午 2:56]   use "Open Campaign Mixer"
   2.6s [6月1日（週日） 下午 2:56]   click [CreativePitch_JOB-1] Build Creative Pitch
   2.6s [6月1日（週日） 下午 2:56]   click [StartGame] Start
   2.6s [6月1日（週日） 下午 2:56]   click [CreativeCard_slogan_0] Belong together
   2.6s [6月1日（週日） 下午 2:56]   click [CreativeCard_visual_0] Bold colour
   2.7s [6月1日（週日） 下午 2:56]   click [CreativeCard_tone_0] Playful
   2.7s [6月1日（週日） 下午 2:56]   (shot creative_pitch_result skipped: headless)
   2.7s [6月1日（週日） 下午 2:56]   click [FinishGame] Continue
   2.7s [6月1日（週日） 下午 4:56]   click [Propose_JOB-1] 提出提案 · $280 · 180 分鐘
   2.7s [6月1日（週日） 下午 7:57]   use "Open Campaign Mixer"
   2.7s [6月1日（週日） 下午 7:57]   click [CreativePitch_JOB-2] Build Creative Pitch
   2.7s [6月1日（週日） 下午 7:57]   click [StartGame] Start
   2.7s [6月1日（週日） 下午 7:57]   click [CreativeCard_slogan_1] Make work easier
   2.8s [6月1日（週日） 下午 7:57]   click [CreativeCard_visual_1] Clean charts
   2.8s [6月1日（週日） 下午 7:57]   click [CreativeCard_tone_1] Direct
   2.8s [6月1日（週日） 下午 7:57]   (shot creative_pitch_result skipped: headless)
   2.8s [6月1日（週日） 下午 7:57]   click [FinishGame] Continue
   2.8s [6月1日（週日） 下午 9:57]   click [Propose_JOB-2] 提出提案 · $280 · 180 分鐘
   2.9s [6月9日（週一） 上午 12:58]   use "Open Campaign Mixer"
   2.9s [6月9日（週一） 上午 12:58]   click [CreativePitch_JOB-3] Build Creative Pitch
   2.9s [6月9日（週一） 上午 12:58]   click [StartGame] Start
   2.9s [6月9日（週一） 上午 12:58]   click [CreativeCard_slogan_1] Make work easier
   2.9s [6月9日（週一） 上午 12:58]   click [CreativeCard_visual_1] Clean charts
   2.9s [6月9日（週一） 上午 12:58]   click [CreativeCard_tone_1] Direct
   2.9s [6月9日（週一） 上午 12:58]   (shot creative_pitch_result skipped: headless)
   2.9s [6月9日（週一） 上午 12:58]   click [FinishGame] Continue
   3.0s [6月9日（週一） 上午 2:58]   click [Propose_JOB-3] 提出提案 · $280 · 180 分鐘
   3.0s [6月9日（週一） 上午 5:59]   use "Open Campaign Mixer"
   3.0s [6月9日（週一） 上午 5:59]   click [CreativePitch_JOB-4] Build Creative Pitch
   3.0s [6月9日（週一） 上午 5:59]   click [StartGame] Start
   3.0s [6月9日（週一） 上午 5:59]   click [CreativeCard_slogan_3] Quiet excellence
   3.0s [6月9日（週一） 上午 5:59]   click [CreativeCard_visual_3] Minimal luxury
   3.0s [6月9日（週一） 上午 5:59]   click [CreativeCard_tone_3] Refined
   3.0s [6月9日（週一） 上午 5:59]   (shot creative_pitch_result skipped: headless)
   3.0s [6月9日（週一） 上午 5:59]   click [FinishGame] Continue
   3.1s [6月9日（週一） 上午 7:59]   click [Propose_JOB-4] 提出提案 · $280 · 180 分鐘
   3.1s [6月9日（週一） 上午 10:59]   ok  actual creative cards and proposal win a client job
   3.1s [6月9日（週一） 上午 11:00]   use "Open Campaign Mixer"
   3.1s [6月9日（週一） 上午 11:00]   click [MediaTab_mixer] Media mix
   3.1s [6月9日（週一） 上午 11:00]   click [SelectCampaign_JOB-4] Northstar Books
   3.1s [6月9日（週一） 上午 11:00]   click [MixMore_radio] +
   3.1s [6月9日（週一） 上午 11:00]   (shot campaign_mixer skipped: headless)
   3.3s [6月23日（週一） 上午 11:01]   ok  daily campaign finishes actual client work
   3.3s [6月23日（週一） 上午 11:01]   ok  first agency income is a traceable Jobs invoice
   3.3s [6月23日（週一） 上午 11:01]   ok  campaign costs and invoice balance
   3.3s [6月23日（週一） 上午 11:01]   use "Open Campaign Mixer"
   3.3s [6月23日（週一） 上午 11:01]   click [MediaTab_reports] Campaign reports
   3.3s [6月23日（週一） 上午 11:02]   (shot campaign_report skipped: headless)
   3.5s [6月23日（週一） 上午 11:07]   ok  walked back outside
   3.7s [6月23日（週一） 上午 11:16]   use "捷運——大學區站"
   3.8s [6月23日（週一） 上午 11:18]   (shot metro_riverside skipped: headless)
   3.8s [6月23日（週一） 上午 11:18]   click [Go_riverside] 河濱區  ·  13 分鐘
   3.9s [6月23日（週一） 上午 11:32]   ok  took the Metro to Riverside
   4.3s [6月23日（週一） 上午 11:46]   ok  entered Riverside Tower
   4.3s [6月23日（週一） 上午 11:46] STEP Save → reload → same state
   4.4s [6月23日（週一） 上午 11:47]   ok  cash restored after load
   4.4s [6月23日（週一） 上午 11:47]   ok  time restored after load
   4.4s [6月23日（週一） 上午 11:47]   ok  location restored (riverside_apartment)
   4.4s [6月23日（週一） 上午 11:47]   (shot after_load skipped: headless)
   4.4s [6月23日（週一） 上午 11:47] BOT FINISHED — 0 failure(s) · 4.4s real
   4.4s [6月23日（週一） 上午 11:47] English audit: 1 on-screen text(s) with untranslated words
