   0.0s STEP Main menu → New Game
   0.9s   shot 01_main_menu.png
   0.9s   click [NewGame] New Game
   2.2s STEP Character Creator
   2.2s   shot 02_creator_default.png
   2.3s   click [Tab_hair] Hair
   2.3s   click [Next_hair] ▶
   2.7s   click [Tab_face] Face
   2.8s   click [Next_face] ▶
   2.9s   click [Next_eye_shape] ▶
   3.0s   click [Tab_body] Body
   3.1s   click [Next_presentation] ▶
   3.7s   shot 03_creator_customised.png
   3.7s   click [Tab_outfit] Outfit
   3.8s   click "Startup Casual"
   4.3s   ok  appearance changed from default (short_neat)
   4.4s   shot 04_creator_final.png
   4.4s   click [Start] Start in Aurelia  →
   4.5s [6月1日（週日） 下午 2:00] STEP Arrival sequence
   7.2s [6月1日（週日） 下午 2:00]   shot 05_arrival_train.png
  10.8s [6月1日（週日） 下午 2:00]   shot 06_arrival_phone.png
  15.9s [6月1日（週日） 下午 2:01]   ok  spawned in the Riverside apartment
  15.9s [6月1日（週日） 下午 2:01]   ok  starting cash $30,000
  15.9s [6月1日（週日） 下午 2:01]   ok  name saved
  17.6s [6月1日（週日） 下午 2:03]   shot 07_apartment_arrival.png
  25.4s [6月1日（週日） 下午 2:15] STEP Chapter 13 — Year 9 news and Marcus's international banking explanation
  26.0s [6月1日（週日） 下午 2:20]   shot 08_ch13_news.png
  28.9s [6月2日（週一） 下午 1:04]   use "和 Marcus Reed 說話"
  30.9s [6月2日（週一） 下午 1:04]   choose "› 我會在每週撥款後換匯。"
  32.5s [6月2日（週一） 下午 1:04]   click [OpenInternationalAccount] 開立國際帳戶（$150.00）
  32.6s [6月2日（週一） 下午 1:35]   shot 09_ch13_international_account.png
  33.6s [6月2日（週一） 下午 1:36] STEP Chapter 13 — Northridge price and first export
  35.0s [6月2日（週一） 下午 1:38]   use "Use laptop — Company OS"
  35.6s [6月2日（週一） 下午 1:39]   click [Tab_sales] Ecommerce
  36.3s [6月2日（週一） 下午 1:40]   click [SalesPage_overseas] Overseas
  36.4s [6月2日（週一） 下午 1:40]   click [OpenGlobalStore_northridge] Open storefront
  37.6s [6月2日（週一） 下午 1:42]   click [SaveGlobalPrice_L6] Save local price
  38.3s [6月2日（週一） 下午 1:43]   ok  selected export listing really has a saved price
  38.3s [6月2日（週一） 下午 1:43]   shot 10_ch13_storefront.png
  46.6s [6月2日（週一） 下午 1:56]   use "Packing table"
  47.3s [6月2日（週一） 下午 1:57]   shot 11_packing_table.png
  47.3s [6月2日（週一） 下午 1:57]   click [Pack] 打包 1 筆訂單（8 分鐘）
  48.2s [6月2日（週一） 下午 2:06]   click [CourierEconomy] 經濟快遞／國際 7–14 天（$25.36）
  50.9s [6月19日（週四） 下午 2:10]   use "Use laptop — Company OS"
  51.5s [6月19日（週四） 下午 2:11]   click [Tab_finance] Finance
  52.1s [6月19日（週四） 下午 2:12]   click [ConvertGlobal_NRD] 換匯入帳（$53.19）
  56.4s [6月19日（週四） 下午 2:18]   shot 12_ch13_real_income.png
  57.2s [6月19日（週四） 下午 2:19]   ok  Chapter 13 actual export and conversion complete
  61.2s [6月19日（週四） 下午 2:25] STEP Chapter 14 — Ines in the open Customs House
  62.2s [6月23日（週一） 上午 10:02]   use "和 Ines Duarte 說話"
  62.4s [6月23日（週一） 上午 10:02]   shot 13_ch14_ines.png
  64.2s [6月23日（週一） 上午 10:02]   choose "› 我先付關稅，選 DDP。"
  66.1s [6月23日（週一） 上午 10:03]   ok  real Ines dialogue completed
  66.7s [6月23日（週一） 上午 10:04] STEP Chapter 14 — DDP declaration and accurate tariff classification
  68.1s [6月23日（週一） 上午 10:06]   use "Use laptop — Company OS"
  68.7s [6月23日（週一） 上午 10:07]   click [Tab_sales] Ecommerce
  69.4s [6月23日（週一） 上午 10:08]   click [SalesPage_overseas] Overseas
  70.5s [6月23日（週一） 上午 10:10]   click [ExportPolicy_ddp_L6] DDP
  71.2s [6月23日（週一） 上午 10:11]   click [TariffCode_L6] 一般商品
  72.4s [6月23日（週一） 上午 10:12]   shot 14_ch14_declaration.png
  72.7s [6月23日（週一） 上午 10:13]   ok  real policy and tariff inputs recorded
  72.7s [6月23日（週一） 上午 10:13] STEP Chapter 14 — trial deliveries and return risk
  80.6s [6月23日（週一） 上午 10:25]   use "Packing table"
  81.3s [6月23日（週一） 上午 10:26]   click [Pack] 打包 12 筆訂單（1 小時 36 分）
  82.2s [6月23日（週一） 下午 12:03]   click [CourierEconomy] 經濟快遞／國際 7–14 天（$222.48）
  83.3s [7月8日（週二） 下午 3:30]   toast: 新評價 #1004：★★★「品質普通。」
  84.8s [7月10日（週四） 下午 12:07]   use "Use laptop — Company OS"
  85.4s [7月10日（週四） 下午 12:08]   click [Tab_sales] Ecommerce
  86.1s [7月10日（週四） 下午 12:09]   click [SalesPage_overseas] Overseas
  86.3s [7月10日（週四） 下午 12:09]   shot 15_ch14_trial_results.png
  86.7s [7月10日（週四） 下午 12:10]   shot 16_ch14_trial_observed.png
  87.0s [7月10日（週四） 下午 12:10]   ok  Chapter 14 trial completes
  87.0s [7月10日（週四） 下午 12:10]   ok  chapters 13–14 Ledger balanced
  87.0s [7月10日（週四） 下午 12:10] STEP Customs hold — wrong-code fixture, real document-correction input
  87.2s [7月10日（週四） 下午 12:11]   use "Use laptop — Company OS"
  87.8s [7月10日（週四） 下午 12:11]   click [Tab_operations] Operations
  89.2s [7月10日（週四） 下午 12:14]   click [DeliverTo_riverside_studio] 河濱大樓 7C
  90.4s [7月10日（週四） 下午 12:15]   click [Buy_tradelink_wholesale_wireless_earbuds] 購買 $918.00
  99.0s [7月10日（週四） 下午 7:11]   use "Sleep"
  99.6s [7月10日（週四） 下午 7:11]   click [Sleep] Sleep until 7:00 AM
 110.3s [7月11日（週五） 上午 7:14]   use "Packing table"
 111.0s [7月11日（週五） 上午 7:15]   click [Pack] 打包 17 筆訂單（2 小時 16 分）
 111.8s [7月11日（週五） 上午 9:32]   click [CourierEconomy] 經濟快遞／國際 7–14 天（$224.24）
 121.8s [7月11日（週五） 下午 7:13]   use "Sleep"
 122.4s [7月11日（週五） 下午 7:13]   click [Sleep] Sleep until 7:00 AM
 130.7s [7月12日（週六） 下午 7:09]   use "Sleep"
 131.3s [7月12日（週六） 下午 7:09]   click [Sleep] Sleep until 7:00 AM
 131.8s [7月12日（週六） 下午 8:11]   toast: 新評價 #1003：★★★「品質普通。」
 142.0s [7月13日（週日） 上午 7:14]   use "Packing table"
 142.7s [7月13日（週日） 上午 7:15]   click [Pack] 打包 9 筆訂單（1 小時 12 分）
 143.6s [7月13日（週日） 上午 8:28]   click [CourierEconomy] 經濟快遞／國際 7–14 天（$116.88）
 144.7s [7月13日（週日） 上午 8:30]   ok  real purchase supplies upcoming export or distributor shipment
 146.2s [7月13日（週日） 上午 8:32]   use "Use laptop — Company OS"
 146.8s [7月13日（週日） 上午 8:33]   click [Tab_sales] Ecommerce
 148.2s [7月13日（週日） 上午 8:35]   click [SalesPage_overseas] Overseas
 149.7s [7月13日（週日） 上午 8:37]   click [SaveGlobalPrice_L6] Save local price
 150.8s [7月13日（週日） 上午 8:39]   ok  wrong-code fixture created a new real order
 158.6s [7月13日（週日） 上午 8:51]   use "Packing table"
 159.2s [7月13日（週日） 上午 8:52]   click [Pack] 打包 1 筆訂單（8 分鐘）
 160.1s [7月13日（週日） 上午 9:01]   click [CourierEconomy] 經濟快遞／國際 7–14 天（$25.36）
 161.2s [7月13日（週日） 上午 9:03]   ok  actual wrong-code order is held before document choice
 161.8s [7月13日（週日） 上午 9:03]   shot 17_ch14_customs_choices.png
 161.8s [7月13日（週日） 上午 9:03]   click [Choice_documents] 補齊文件並付減額罰款
 162.4s [7月13日（週日） 上午 9:03]   shot 18_ch14_customs_corrected.png
 162.4s [7月13日（週日） 上午 9:03]   click [DecisionOK] OK
 162.4s [7月13日（週日） 上午 9:03]   ok  real documents choice releases hold
 162.4s [7月13日（週日） 上午 9:03]   ok  document correction Ledger balanced
 162.4s [7月13日（週日） 上午 9:03] BOT FINISHED — 0 failure(s) · 162.4s real