   0.0s STEP Main menu → New Game
   0.9s   shot 01_main_menu.png
   0.9s   click [NewGame] New Game
   2.2s STEP Character Creator
   2.2s   shot 02_creator_default.png
   2.2s   click [Tab_hair] Hair
   2.3s   click [Next_hair] ▶
   2.7s   click [Tab_face] Face
   2.8s   click [Next_face] ▶
   2.9s   click [Next_eye_shape] ▶
   3.0s   click [Tab_body] Body
   3.1s   click [Next_presentation] ▶
   3.7s   shot 03_creator_customised.png
   3.7s   click [Tab_outfit] Outfit
   3.8s   click "Startup Casual"
   4.4s   ok  appearance changed from default (short_neat)
   4.5s   shot 04_creator_final.png
   4.5s   click [Start] Start in Aurelia  →
   4.5s [6月1日（週日） 下午 2:00] STEP Arrival sequence
   7.2s [6月1日（週日） 下午 2:00]   shot 05_arrival_train.png
  10.8s [6月1日（週日） 下午 2:00]   shot 06_arrival_phone.png
  15.9s [6月1日（週日） 下午 2:01]   ok  spawned in the Riverside apartment
  15.9s [6月1日（週日） 下午 2:01]   ok  starting cash $30,000
  15.9s [6月1日（週日） 下午 2:01]   ok  name saved
  17.7s [6月1日（週日） 下午 2:03]   shot 07_apartment_arrival.png
  25.4s [6月1日（週日） 下午 2:15] STEP Chapter 13 — Year 9 news and Marcus's international banking explanation
  26.0s [6月1日（週日） 下午 2:20]   shot 08_ch13_news.png
  28.9s [6月2日（週一） 下午 1:04]   use "和 Marcus Reed 說話"
  30.9s [6月2日（週一） 下午 1:04]   choose "› 我會在每週撥款後換匯。"
  32.5s [6月2日（週一） 下午 1:04]   click [OpenInternationalAccount] 開立國際帳戶（$150.00）
  32.7s [6月2日（週一） 下午 1:35]   shot 09_ch13_international_account.png
  33.6s [6月2日（週一） 下午 1:36] STEP Chapter 13 — Northridge price and first export
  35.1s [6月2日（週一） 下午 1:38]   use "Use laptop — Company OS"
  35.7s [6月2日（週一） 下午 1:39]   click [Tab_sales] Ecommerce
  36.3s [6月2日（週一） 下午 1:40]   click [SalesPage_overseas] Overseas
  36.5s [6月2日（週一） 下午 1:40]   click [OpenGlobalStore_northridge] Open storefront
  37.7s [6月2日（週一） 下午 1:42]   click [SaveGlobalPrice_L6] Save local price
  38.3s [6月2日（週一） 下午 1:43]   ok  selected export listing really has a saved price
  38.4s [6月2日（週一） 下午 1:43]   shot 10_ch13_storefront.png
  46.6s [6月2日（週一） 下午 1:56]   use "Packing table"
  47.4s [6月2日（週一） 下午 1:57]   shot 11_packing_table.png
  47.4s [6月2日（週一） 下午 1:57]   click [Pack] 打包 1 筆訂單（8 分鐘）
  48.2s [6月2日（週一） 下午 2:06]   click [CourierEconomy] 經濟快遞／國際 7–14 天（$25.36）
  50.9s [6月19日（週四） 下午 2:10]   use "Use laptop — Company OS"
  51.5s [6月19日（週四） 下午 2:11]   click [Tab_finance] Finance
  52.1s [6月19日（週四） 下午 2:12]   click [ConvertGlobal_NRD] 換匯入帳（$53.19）
  56.4s [6月19日（週四） 下午 2:18]   shot 12_ch13_real_income.png
  57.1s [6月19日（週四） 下午 2:19]   ok  Chapter 13 actual export and conversion complete
  61.2s [6月19日（週四） 下午 2:25] STEP Chapter 14 — Ines in the open Customs House
  62.2s [6月23日（週一） 上午 10:02]   use "和 Ines Duarte 說話"
  62.4s [6月23日（週一） 上午 10:02]   shot 13_ch14_ines.png
  64.2s [6月23日（週一） 上午 10:02]   choose "› 我先付關稅，選 DDP。"
  66.1s [6月23日（週一） 上午 10:03]   ok  real Ines dialogue completed
  66.7s [6月23日（週一） 上午 10:04] STEP Chapter 14 — DDP declaration and accurate tariff classification
  68.1s [6月23日（週一） 上午 10:06]   use "Use laptop — Company OS"
  68.7s [6月23日（週一） 上午 10:07]   click [Tab_sales] Ecommerce
  69.4s [6月23日（週一） 上午 10:08]   click [SalesPage_overseas] Overseas
  70.5s [6月23日（週一） 上午 10:10]   click [ExportPolicy_ddp_L6] DDP
  71.2s [6月23日（週一） 上午 10:11]   click [TariffCode_L6] 一般商品
  72.4s [6月23日（週一） 上午 10:12]   shot 14_ch14_declaration.png
  72.7s [6月23日（週一） 上午 10:13]   ok  real policy and tariff inputs recorded
  72.7s [6月23日（週一） 上午 10:13] STEP Chapter 14 — trial deliveries and return risk
  80.6s [6月23日（週一） 上午 10:25]   use "Packing table"
  81.4s [6月23日（週一） 上午 10:26]   click [Pack] 打包 11 筆訂單（1 小時 28 分）
  82.3s [6月23日（週一） 上午 11:55]   click [CourierEconomy] 經濟快遞／國際 7–14 天（$218.96）
  83.4s [7月8日（週二） 上午 12:40]   toast: 新評價 #1003：★★★「還行。」
  83.5s [7月8日（週二） 下午 9:04]   toast: 新評價 #1012：★★★「還行。」
  84.9s [7月10日（週四） 上午 11:59]   use "Use laptop — Company OS"
  85.6s [7月10日（週四） 下午 12:00]   click [Tab_sales] Ecommerce
  86.2s [7月10日（週四） 下午 12:01]   click [SalesPage_overseas] Overseas
  86.4s [7月10日（週四） 下午 12:01]   click [PauseGlobalExpansion] Review results and pause expansion
  86.6s [7月10日（週四） 下午 12:02]   shot 15_ch14_trial_results.png
  87.0s [7月10日（週四） 下午 12:02]   shot 16_ch14_trial_observed.png
  87.4s [7月10日（週四） 下午 12:03]   ok  Chapter 14 trial completes
  87.4s [7月10日（週四） 下午 12:03]   ok  chapters 13–14 Ledger balanced
  87.4s [7月10日（週四） 下午 12:03] STEP Customs hold — wrong-code fixture, real document-correction input
  87.5s [7月10日（週四） 下午 12:03]   use "Use laptop — Company OS"
  88.1s [7月10日（週四） 下午 12:04]   click [Tab_operations] Operations
  89.6s [7月10日（週四） 下午 12:06]   click [DeliverTo_riverside_studio] 河濱大樓 7C
  90.8s [7月10日（週四） 下午 12:08]   click [Buy_tradelink_wholesale_wireless_earbuds] 購買 $918.00
  99.4s [7月10日（週四） 下午 7:12]   use "Sleep"
 100.0s [7月10日（週四） 下午 7:12]   click [Sleep] Sleep until 7:00 AM
 110.7s [7月11日（週五） 上午 7:14]   use "Packing table"
 111.4s [7月11日（週五） 上午 7:15]   click [Pack] 打包 18 筆訂單（2 小時 24 分）
 112.3s [7月11日（週五） 上午 9:40]   click [CourierEconomy] 經濟快遞／國際 7–14 天（$243.60）
 122.2s [7月11日（週五） 下午 7:13]   use "Sleep"
 122.8s [7月11日（週五） 下午 7:13]   click [Sleep] Sleep until 7:00 AM
 131.2s [7月12日（週六） 下午 7:09]   use "Sleep"
 131.8s [7月12日（週六） 下午 7:09]   click [Sleep] Sleep until 7:00 AM
 142.5s [7月13日（週日） 上午 7:14]   use "Packing table"
 143.2s [7月13日（週日） 上午 7:15]   click [Pack] 打包 1 筆訂單（8 分鐘）
 144.1s [7月13日（週日） 上午 7:24]   click [CourierEconomy] 快遞 · 經濟 3 天（$9.52）
 145.2s [7月13日（週日） 上午 7:26]   ok  real purchase supplies upcoming export or distributor shipment
 146.8s [7月13日（週日） 上午 7:28]   use "Use laptop — Company OS"
 147.4s [7月13日（週日） 上午 7:29]   click [Tab_sales] Ecommerce
 148.8s [7月13日（週日） 上午 7:31]   click [SalesPage_overseas] Overseas
 150.3s [7月13日（週日） 上午 7:34]   click [SaveGlobalPrice_L6] Save local price
 151.3s [7月13日（週日） 上午 7:35]   ok  wrong-code fixture created a new real order
 159.2s [7月13日（週日） 上午 7:47]   use "Packing table"
 159.8s [7月13日（週日） 上午 7:48]   click [Pack] 打包 1 筆訂單（8 分鐘）
 160.7s [7月13日（週日） 上午 7:57]   click [CourierEconomy] 經濟快遞／國際 7–14 天（$25.36）
 161.8s [7月13日（週日） 上午 7:59]   ok  actual wrong-code order is held before document choice
 162.4s [7月13日（週日） 上午 7:59]   shot 17_ch14_customs_choices.png
 162.5s [7月13日（週日） 上午 7:59]   click [Choice_documents] 補齊文件並付減額罰款
 163.1s [7月13日（週日） 上午 7:59]   shot 18_ch14_customs_corrected.png
 163.1s [7月13日（週日） 上午 7:59]   click [DecisionOK] OK
 163.2s [7月13日（週日） 上午 7:59]   ok  real documents choice releases hold
 163.2s [7月13日（週日） 上午 7:59]   ok  document correction Ledger balanced
 163.2s [7月13日（週日） 上午 7:59] BOT FINISHED — 0 failure(s) · 163.2s real