Godot Engine v4.5.1.stable.official.f62fdbde1 - https://godotengine.org
OpenGL API 3.3.0 NVIDIA 462.59 - Compatibility - Using Device: NVIDIA - Quadro RTX 4000

   0.0s STEP Main menu → New Game
   1.0s   shot 01_main_menu.png
   1.0s   click [NewGame] New Game
   2.3s STEP Character Creator
   2.4s   shot 02_creator_default.png
   2.4s   click [Tab_hair] Hair
   2.4s   click [Next_hair] ▶
   2.8s   click [Tab_face] Face
   2.9s   click [Next_face] ▶
   3.0s   click [Next_eye_shape] ▶
   3.1s   click [Tab_body] Body
   3.2s   click [Next_presentation] ▶
   3.8s   shot 03_creator_customised.png
   3.8s   click [Tab_outfit] Outfit
   3.9s   click "Startup Casual"
   4.4s   ok  appearance changed from default (short_neat)
   4.5s   shot 04_creator_final.png
   4.5s   click [Start] Start in Aurelia  →
   4.6s [6月1日（週日） 下午 2:00] STEP Arrival sequence
   7.1s [6月1日（週日） 下午 2:00]   shot 05_arrival_train.png
  10.7s [6月1日（週日） 下午 2:00]   shot 06_arrival_phone.png
  15.7s [6月1日（週日） 下午 2:01]   ok  spawned in the Riverside apartment
  15.7s [6月1日（週日） 下午 2:01]   ok  starting cash $30,000
  15.8s [6月1日（週日） 下午 2:01]   ok  name saved
  17.3s [6月1日（週日） 下午 2:03]   shot 07_apartment_arrival.png
  17.4s [6月1日（週日） 下午 2:03] STEP Chapter 1 — phone & Maya
  20.6s [6月1日（週日） 下午 2:08]   shot 08_phone_home.png
  20.6s [6月1日（週日） 下午 2:08]   click [App_messages] 訊息 2
  21.1s [6月1日（週日） 下午 2:09]   click [Thread_maya] Maya  ● 打給我。或傳訊息。隨便。
  23.1s [6月1日（週日） 下午 2:09]   choose "› 嗯。"
  26.2s [6月1日（週日） 下午 2:09]   choose "› 我要開公司。"
  29.6s [6月1日（週日） 下午 2:09]   ok  Maya conversation done
  29.6s [6月1日（週日） 下午 2:09] STEP Head outside
  32.7s [6月1日（週日） 下午 2:15]   ok  walked back outside
  32.7s [6月1日（週日） 下午 2:15]   ok  visited Riverside
  32.8s [6月1日（週日） 下午 2:15]   shot 09_riverside_outside_home.png
  32.8s [6月1日（週日） 下午 2:15] STEP Bloom Coffee
  36.1s [6月1日（週日） 下午 2:20]   ok  entered Bloom Coffee
  36.2s [6月1日（週日） 下午 2:20]   shot 10_bloom_coffee_inside.png
  37.5s [6月1日（週日） 下午 2:22]   use "Order coffee ($4.50)"
  39.5s [6月1日（週日） 下午 2:22]   choose "› 麻煩了。"
  44.5s [6月1日（週日） 下午 2:33]   ok  bought a coffee from Jun
  47.3s [6月1日（週日） 下午 2:38]   ok  walked back outside
  47.3s [6月1日（週日） 下午 2:38] STEP Walk east to Startup Hub
  48.7s [6月1日（週日） 下午 2:40]   shot 11_riverside_street.png
  61.3s [6月1日（週日） 下午 3:11]   ok  walked to Startup Hub
  61.4s [6月1日（週日） 下午 3:11]   shot 12_startup_hub_arrive.png
  61.4s [6月1日（週日） 下午 3:11] STEP Nexus Co-work
  65.4s [6月1日（週日） 下午 3:17]   ok  entered Nexus Co-work
  65.6s [6月1日（週日） 下午 3:17]   shot 13_cowork_inside.png
  66.8s [6月1日（週日） 下午 3:19]   use "Reception — desks & day passes"
  69.4s [6月1日（週日） 下午 3:19]   choose "› 對。先看看。"
  72.3s [6月1日（週日） 下午 3:20]   click [DayPass] Buy a day pass ($15)
  73.3s [6月1日（週日） 下午 3:21] STEP Business Board
  76.2s [6月1日（週日） 下午 3:26]   use "Business Board"
  77.0s [6月1日（週日） 下午 3:27]   shot 14_business_board.png
  77.0s [6月1日（週日） 下午 3:27]   click [Biz_saas] ● SaaS／軟體
  77.5s [6月1日（週日） 下午 3:28]   shot 15_business_board_planned_saas.png
  77.8s [6月1日（週日） 下午 3:28]   click [Biz_ecommerce] ● 電商
  77.8s [6月1日（週日） 下午 3:28]   click [StartEcommerce] Start an ecommerce side business
  79.1s [6月1日（週日） 下午 3:30]   ok  picked ecommerce as first business
  81.6s [6月1日（週日） 下午 3:34]   ok  Chapter 1 complete
  81.7s [6月1日（週日） 下午 3:34] STEP Chapter 2 — buy stock at a hot desk (Company OS)
  86.0s [6月1日（週日） 下午 3:40]   use "Work at a hot desk — Company OS"
  86.7s [6月1日（週日） 下午 3:41]   shot 16_company_os_overview_personal.png
  86.7s [6月1日（週日） 下午 3:41]   click [Tab_operations] Operations
  87.3s [6月1日（週日） 下午 3:42]   shot 17_company_os_suppliers.png
  87.3s [6月1日（週日） 下午 3:42]   click [Buy_tradelink_wholesale_wireless_earbuds] 購買 $900
  87.7s [6月1日（週日） 下午 3:53]   click [Buy_tradelink_wholesale_water_bottle] 購買 $408
  88.2s [6月1日（週日） 下午 4:03]   click [Buy_tradelink_wholesale_desk_lamp] 購買 $460
  88.7s [6月1日（週日） 下午 4:14]   click [Buy_tradelink_wholesale_phone_stand] 購買 $272
  89.1s [6月1日（週日） 下午 4:25]   ok  placed purchase orders (MOQ, prepaid): 4 POs, cash $27,940.50
  89.2s [6月1日（週日） 下午 4:25]   shot 18_company_os_purchase_orders.png
  89.5s [6月1日（週日） 下午 4:25] STEP Home to wait for stock
  92.8s [6月1日（週日） 下午 4:31]   ok  walked back outside
  96.8s [6月1日（週日） 下午 4:49]   ok  walked to Riverside
 112.7s [6月1日（週日） 下午 5:13]   ok  entered Riverside Tower
 112.7s [6月1日（週日） 下午 5:13]   (harness) wait 2 h
 115.2s [6月1日（週日） 下午 7:17]   use "Sleep"
 115.8s [6月1日（週日） 下午 7:17]   click [Sleep] Sleep until 7:00 AM
 117.6s [6月2日（週一） 上午 7:00]   (harness) wait 2 h
 118.2s [6月2日（週一） 上午 9:01]   (harness) wait 2 h
 118.8s [6月2日（週一） 上午 11:02]   (harness) wait 2 h
 119.4s [6月2日（週一） 下午 1:03]   (harness) wait 2 h
 120.0s [6月2日（週一） 下午 3:04]   (harness) wait 2 h
 120.6s [6月2日（週一） 下午 5:05]   (harness) wait 2 h
 121.4s [6月2日（週一） 下午 7:06]   use "Sleep"
 122.0s [6月2日（週一） 下午 7:06]   click [Sleep] Sleep until 7:00 AM
 123.7s [6月3日（週二） 上午 7:00]   (harness) wait 2 h
 124.3s [6月3日（週二） 上午 9:01]   (harness) wait 2 h
 125.0s [6月3日（週二） 上午 11:02]   (harness) wait 2 h
 125.6s [6月3日（週二） 下午 1:03]   (harness) wait 2 h
 126.2s [6月3日（週二） 下午 3:04]   ok  stock delivered to the apartment
 126.9s [6月3日（週二） 下午 3:05]   shot 19_apartment_with_stock.png
 126.9s [6月3日（週二） 下午 3:05] STEP List products on ShopLane
 128.0s [6月3日（週二） 下午 3:07]   use "Use laptop — Company OS"
 128.6s [6月3日（週二） 下午 3:08]   click [Tab_sales] Sales
 129.3s [6月3日（週二） 下午 3:09]   shot 20_company_os_sales_ready.png
 129.3s [6月3日（週二） 下午 3:09]   click [ListSelf_wireless_earbuds] Shoot photos myself & list (1 h 20 min)
 129.8s [6月3日（週二） 下午 4:30]   click [ListSelf_water_bottle] Shoot photos myself & list (1 h 20 min)
 130.3s [6月3日（週二） 下午 5:50]   click [ListSelf_desk_lamp] Shoot photos myself & list (1 h 20 min)
 130.9s [6月3日（週二） 下午 7:11]   click [ListSelf_phone_stand] Shoot photos myself & list (1 h 20 min)
 131.5s [6月3日（週二） 下午 8:32]   click [AdPlus_wireless_earbuds] +
 132.1s [6月3日（週二） 下午 8:33]   shot 21_company_os_listings_live.png
 132.1s [6月3日（週二） 下午 8:33]   ok  listings live
 132.4s [6月3日（週二） 下午 8:33] STEP First order → pack → ship
 136.0s [6月3日（週二） 下午 8:39]   use "Packing table"
 136.7s [6月3日（週二） 下午 8:40]   shot 22_packing_table.png
 136.7s [6月3日（週二） 下午 8:40]   click [Pack] 打包 4 筆訂單（32 分鐘）
 137.6s [6月3日（週二） 下午 9:13]   click [CourierExpress] 快遞 · 快捷 1 天（$41.60）
 138.7s [6月3日（週二） 下午 9:15]   ok  first order came in
 138.7s [6月3日（週二） 下午 9:15]   ok  handed to the courier (pickup booked)
 138.7s [6月3日（週二） 下午 9:15] STEP Delivery → first dollar
 142.9s [6月3日（週二） 下午 9:21]   use "Sleep"
 143.5s [6月3日（週二） 下午 9:21]   click [Sleep] Sleep until 7:00 AM
 149.6s [6月4日（週三） 上午 7:07]   use "Packing table"
 150.3s [6月4日（週三） 上午 7:08]   click [Pack] 打包 2 筆訂單（16 分鐘）
 151.2s [6月4日（週三） 上午 7:25]   click [CourierExpress] 快遞 · 快捷 1 天（$27.40）
 152.3s [6月4日（週三） 上午 7:27]   ok  first order delivered (Earn Your First Dollar)
 152.3s [6月4日（週三） 上午 7:27]   revenue booked $134.96 · ShopLane balance $121.46 · cash $27,766.80
 152.4s [6月4日（週三） 上午 7:27]   shot 23_first_dollar.png
 152.4s [6月4日（週三） 上午 7:27] STEP First customer issue
 152.4s [6月4日（週三） 上午 7:27]   (harness) wait 2 h
 152.8s [6月4日（週三） 上午 9:28]   (harness) wait 2 h
 155.3s [6月4日（週三） 上午 11:31]   use "Packing table"
 156.0s [6月4日（週三） 上午 11:32]   click [Pack] 打包 3 筆訂單（24 分鐘）
 156.9s [6月4日（週三） 上午 11:58]   click [CourierExpress] 快遞 · 快捷 1 天（$36.30）
 158.0s [6月4日（週三） 上午 11:59]   (harness) wait 2 h
 158.8s [6月4日（週三） 下午 2:01]   use "Packing table"
 159.5s [6月4日（週三） 下午 2:02]   click [Pack] 打包 2 筆訂單（16 分鐘）
 160.4s [6月4日（週三） 下午 2:19]   click [CourierExpress] 快遞 · 快捷 1 天（$23.80）
 161.5s [6月4日（週三） 下午 2:21]   (harness) wait 2 h
 162.1s [6月4日（週三） 下午 4:22]   (harness) wait 2 h
 162.9s [6月4日（週三） 下午 6:23]   use "Packing table"
 163.6s [6月4日（週三） 下午 6:24]   click [Pack] 打包 2 筆訂單（16 分鐘）
 164.5s [6月4日（週三） 下午 6:41]   click [CourierExpress] 快遞 · 快捷 1 天（$23.80）
 165.6s [6月4日（週三） 下午 6:43]   (harness) wait 2 h
 166.4s [6月4日（週三） 下午 8:44]   use "Packing table"
 167.1s [6月4日（週三） 下午 8:45]   click [Pack] 打包 2 筆訂單（16 分鐘）
 168.0s [6月4日（週三） 下午 9:02]   click [CourierExpress] 快遞 · 快捷 1 天（$23.80）
 171.8s [6月4日（週三） 下午 9:08]   use "Sleep"
 172.4s [6月4日（週三） 下午 9:08]   click [Sleep] Sleep until 7:00 AM
 174.3s [6月5日（週四） 上午 7:00]   shot 24_decision_customer_return_first.png
 174.4s [6月5日（週四） 上午 7:00]   decision customer_return_first → replace
 174.4s [6月5日（週四） 上午 7:00]   click [Choice_replace] 寄一個新的（快捷）
 175.8s [6月5日（週四） 上午 7:00]   shot 25_decision_outcome_customer_return_first.png
 175.8s [6月5日（週四） 上午 7:00]   click "OK"
 180.6s [6月5日（週四） 上午 7:07]   use "Packing table"
 181.3s [6月5日（週四） 上午 7:08]   click [Pack] 打包 5 筆訂單（40 分鐘）
 182.2s [6月5日（週四） 上午 7:49]   click [CourierExpress] 快遞 · 快捷 1 天（$50.50）
 183.3s [6月5日（週四） 上午 7:51]   ok  resolved the first customer issue
 185.3s [6月5日（週四） 上午 7:54]   ok  Chapter 2 complete
 185.3s [6月5日（週四） 上午 7:54] STEP Purchase cancellation
 186.8s [6月5日（週四） 上午 7:56]   use "Use laptop — Company OS"
 187.4s [6月5日（週四） 上午 7:57]   click [Tab_operations] Operations
 188.0s [6月5日（週四） 上午 7:58]   click [Buy_tradelink_wholesale_wireless_earbuds] 購買 $900
 189.0s [6月5日（週四） 上午 8:09]   click [CancelPO_PO-105] Cancel purchase
 189.7s [6月5日（週四） 上午 8:09]   shot 26_purchase_cancel_confirmation.png
 189.7s [6月5日（週四） 上午 8:09]   click [ConfirmReturn] Confirm cancellation
 190.3s [6月5日（週四） 上午 8:09]   ok  extra PO cancelled through UI
 190.3s [6月5日（週四） 上午 8:09]   ok  cancellation cash equals quoted refund
 190.3s [6月5日（週四） 上午 8:09]   ok  ledger balanced after purchase cancellation
 190.8s [6月5日（週四） 上午 8:10]   shot 27_purchase_cancelled_operations.png
 191.1s [6月5日（週四） 上午 8:11] STEP Chapter 3 — wait for a weekday morning
 193.8s [6月5日（週四） 上午 8:16]   ok  walked back outside
 193.8s [6月5日（週四） 上午 8:16] STEP Metro to Civic Center → City Hall
 201.9s [6月5日（週四） 上午 8:28]   use "捷運——河濱區站"
 202.9s [6月5日（週四） 上午 8:29]   shot 28_metro_civic_center.png
 202.9s [6月5日（週四） 上午 8:29]   click [Go_civic_center] 市政中心  ·  12 分鐘
 203.9s [6月5日（週四） 上午 8:43]   ok  took the Metro to Civic Center
 204.0s [6月5日（週四） 上午 8:43]   shot 29_civic_center.png
 211.4s [6月5日（週四） 上午 9:14]   ok  entered Aurelia City Hall
 211.6s [6月5日（週四） 上午 9:14]   shot 30_city_hall_inside.png
 212.6s [6月5日（週四） 上午 9:16]   use "Registration counter"
 214.6s [6月5日（週四） 上午 9:16]   choose "› 我要登記公司。"
 217.4s [6月5日（週四） 上午 9:17]   shot 31_registration_form.png
 217.4s [6月5日（週四） 上午 9:17]   click [Submit] Register & pay
 218.4s [6月5日（週四） 上午 10:03]   shot 32_registration_done.png
 218.4s [6月5日（週四） 上午 10:03]   click "Thanks"
 218.5s [6月5日（週四） 上午 10:03]   ok  registered Riverlight Goods
 218.6s [6月5日（週四） 上午 10:03]   shot 33_decision_low_cash_warning.png
 218.6s [6月5日（週四） 上午 10:03]   decision low_cash_warning → reduce
 218.6s [6月5日（週四） 上午 10:03]   click [Choice_reduce] 縮減開支（暫停廣告、生活從簡）
 220.0s [6月5日（週四） 上午 10:03]   shot 34_decision_outcome_low_cash_warning.png
 220.0s [6月5日（週四） 上午 10:03]   click "OK"
 222.9s [6月5日（週四） 上午 10:08]   ok  walked back outside
 222.9s [6月5日（週四） 上午 10:08] STEP Walk to the Financial District → Nexus Bank
 232.5s [6月5日（週四） 上午 10:28]   ok  walked to Financial District
 236.7s [6月5日（週四） 上午 10:34]   ok  entered Nexus Bank
 236.8s [6月5日（週四） 上午 10:34]   shot 35_bank_inside.png
 237.8s [6月5日（週四） 上午 10:36]   use "Teller — business banking"
 238.5s [6月5日（週四） 上午 10:37]   click "$15,000"
 238.6s [6月5日（週四） 上午 10:37]   click [OpenAccount] 存入 $15,000 開戶
 239.6s [6月5日（週四） 上午 11:09]   shot 36_bank_account_opened.png
 240.0s [6月5日（週四） 上午 11:09]   ok  business account opened with founder capital
 242.3s [6月5日（週四） 上午 11:14]   ok  walked back outside
 242.3s [6月5日（週四） 上午 11:14] STEP Metro to Startup Hub → lease Suite 2B
 248.8s [6月5日（週四） 上午 11:24]   use "捷運——金融區站"
 249.8s [6月5日（週四） 上午 11:25]   shot 37_metro_startup_hub.png
 249.8s [6月5日（週四） 上午 11:25]   click [Go_startup_hub] 新創園區  ·  8 分鐘
 250.7s [6月5日（週四） 上午 11:34]   ok  took the Metro to Startup Hub
 255.8s [6月5日（週四） 上午 11:42]   ok  entered 22 Founders Lane
 255.9s [6月5日（週四） 上午 11:42]   shot 38_suite_2b_tour.png
 256.8s [6月5日（週四） 上午 11:44]   use "和 Tom 說話"
 259.2s [6月5日（週四） 上午 11:44]   click [SignLease] Sign the lease
 260.3s [6月5日（週四） 上午 11:46]   ok  leased Suite 2B
 261.1s [6月5日（週四） 上午 11:47]   shot 39_suite_2b_company_sign.png
 261.1s [6月5日（週四） 上午 11:47] STEP Sit at the desk → Company OS as the company
 261.6s [6月5日（週四） 上午 11:48]   use "Sit at your desk — Company OS"
 262.9s [6月5日（週四） 上午 11:49]   shot 40_company_os_as_company.png
 262.9s [6月5日（週四） 上午 11:49]   click [Tab_finance] Finance
 263.5s [6月5日（週四） 上午 11:50]   shot 41_company_os_finance.png
 263.5s [6月5日（週四） 上午 11:50]   click [Tab_inventory] Inventory
 264.0s [6月5日（週四） 上午 11:51]   shot 42_company_os_inventory.png
 267.4s [6月5日（週四） 上午 11:56]   ok  Chapter 3 complete
 269.8s [6月5日（週四） 下午 12:01]   ok  walked back outside
 269.8s [6月5日（週四） 下午 12:01]   shot 43_startup_hub_office_sign.png
 269.8s [6月5日（週四） 下午 12:01] STEP Careers — part-time job at Nexus Co-work
 276.2s [6月5日（週四） 下午 12:11]   ok  entered Nexus Co-work
 278.5s [6月5日（週四） 下午 12:14]   use "Business Board"
 279.2s [6月5日（週四） 下午 12:15]   click [Page_jobs] Part-time jobs
 279.9s [6月5日（週四） 下午 12:16]   shot 44_business_board_jobs.png
 279.9s [6月5日（週四） 下午 12:16]   click [Job_cowork_host] 詳情／應徵
 280.4s [6月5日（週四） 下午 12:17]   click [ApplyJob] Take the job
 281.0s [6月5日（週四） 下午 12:18]   shot 45_job_hired.png
 282.1s [6月5日（週四） 下午 12:19]   ok  hired as a community host
 284.2s [6月5日（週四） 下午 12:23]   use "Staff door — work a shift"
 285.0s [6月5日（週四） 下午 12:24]   shot 46_job_shift.png
 285.0s [6月5日（週四） 下午 12:24]   click [WorkShift] 開始 4 小時的班（最多 +$72.00）
 286.9s [6月5日（週四） 下午 4:26]   ok  a 4-hour shift paid by how it went ($67.68)
 286.9s [6月5日（週四） 下午 4:26] STEP Careers — freelance gig at a hot desk
 286.9s [6月5日（週四） 下午 4:26]   info card: Your first business loop
 287.0s [6月5日（週四） 下午 4:26]   shot 47_info_your_first_business_loop.png
 287.0s [6月5日（週四） 下午 4:26]   click "Let's go"
 291.3s [6月5日（週四） 下午 4:32]   use "Work at a hot desk — Company OS"
 291.9s [6月5日（週四） 下午 4:33]   click [Tab_freelance] Freelance
 292.4s [6月5日（週四） 下午 4:34]   click [StartFreelance] Start freelancing
 293.1s [6月5日（週四） 下午 4:35]   click [Accept_G1] Accept
 293.6s [6月5日（週四） 下午 4:35]   click [Work_G1] 工作 2 小時
 294.5s [6月5日（週四） 下午 6:37]   shot 48_freelance_gig.png
 294.5s [6月5日（週四） 下午 6:37]   ok  put hours into a freelance gig
 294.5s [6月5日（週四） 下午 6:37] STEP Careers — start a SaaS product
 294.5s [6月5日（週四） 下午 6:37]   click [Tab_saas] SaaS
 295.0s [6月5日（週四） 下午 6:37]   shot 49_saas_ideas.png
 295.0s [6月5日（週四） 下午 6:37]   click [Saas_freelancer_invoicing] Build this
 295.5s [6月5日（週四） 下午 6:38]   click [SaasCode] 寫程式 2 小時
 296.3s [6月5日（週四） 下午 8:39]   shot 50_saas_building.png
 296.3s [6月5日（週四） 下午 8:39]   ok  started building a SaaS product (2 dev h)
 299.8s [6月5日（週四） 下午 8:46]   ok  walked back outside
 299.8s [6月5日（週四） 下午 8:46] STEP Run the company to month-end
 303.9s [6月5日（週四） 下午 9:04]   ok  walked to Riverside
 319.7s [6月5日（週四） 下午 9:28]   ok  entered Riverside Tower
 321.6s [6月5日（週四） 下午 9:30]   use "Sleep"
 322.2s [6月5日（週四） 下午 9:30]   click [Sleep] Sleep until 7:00 AM
 328.4s [6月6日（週五） 上午 7:07]   use "Packing table"
 329.1s [6月6日（週五） 上午 7:08]   click [Pack] 打包 17 筆訂單（2 小時 16 分）
 329.9s [6月6日（週五） 上午 9:25]   click [CourierExpress] 快遞 · 快捷 1 天（$164.50）
 335.3s [6月6日（週五） 下午 7:06]   use "Sleep"
 335.9s [6月6日（週五） 下午 7:06]   click [Sleep] Sleep until 7:00 AM
 342.0s [6月7日（週六） 上午 7:07]   use "Packing table"
 342.7s [6月7日（週六） 上午 7:08]   click [Pack] 打包 14 筆訂單（1 小時 52 分）
 343.5s [6月7日（週六） 上午 9:01]   click [CourierExpress] 快遞 · 快捷 1 天（$137.80）
 348.9s [6月7日（週六） 下午 7:06]   use "Sleep"
 349.5s [6月7日（週六） 下午 7:06]   click [Sleep] Sleep until 7:00 AM
 355.6s [6月8日（週日） 上午 7:07]   use "Packing table"
 356.2s [6月8日（週日） 上午 7:08]   click [Pack] 打包 15 筆訂單（2 h）
 357.1s [6月8日（週日） 上午 9:09]   click [CourierExpress] 快遞 · 快捷 1 天（$146.70）
 362.5s [6月8日（週日） 下午 7:06]   use "Sleep"
 363.1s [6月8日（週日） 下午 7:06]   click [Sleep] Sleep until 7:00 AM
 369.2s [6月9日（週一） 上午 7:07]   use "Packing table"
 369.8s [6月9日（週一） 上午 7:08]   click [Pack] 打包 7 筆訂單（56 分鐘）
 369.9s [6月9日（週一） 上午 7:32]   toast: 新評價 #1037：★「壞掉了，賣家不處理。」
 370.7s [6月9日（週一） 上午 8:05]   click [CourierExpress] 快遞 · 快捷 1 天（$75.50）
 371.9s [6月9日（週一） 下午 7:00]   shot 51_decision_customer_return.png
 371.9s [6月9日（週一） 下午 7:00]   decision customer_return → replace
 371.9s [6月9日（週一） 下午 7:00]   click [Choice_replace] 寄一個新的
 373.3s [6月9日（週一） 下午 7:00]   shot 52_decision_outcome_customer_return.png
 373.3s [6月9日（週一） 下午 7:00]   click "OK"
 378.1s [6月9日（週一） 下午 7:07]   use "Sleep"
 378.7s [6月9日（週一） 下午 7:07]   click [Sleep] Sleep until 7:00 AM
 384.8s [6月10日（週二） 上午 7:07]   use "Packing table"
 385.5s [6月10日（週二） 上午 7:08]   click [Pack] 打包 9 筆訂單（1 小時 12 分）
 386.4s [6月10日（週二） 上午 8:21]   click [CourierExpress] 快遞 · 快捷 1 天（$89.70）
 391.8s [6月10日（週二） 下午 7:06]   use "Sleep"
 392.4s [6月10日（週二） 下午 7:06]   click [Sleep] Sleep until 7:00 AM
 394.2s [6月11日（週三） 上午 7:00]   shot 53_decision_customer_return.png
 394.2s [6月11日（週三） 上午 7:00]   decision customer_return → replace
 394.2s [6月11日（週三） 上午 7:00]   click [Choice_replace] 寄一個新的
 395.6s [6月11日（週三） 上午 7:00]   shot 54_decision_outcome_customer_return.png
 395.6s [6月11日（週三） 上午 7:00]   click "OK"
 396.2s [6月11日（週三） 上午 7:00]   shot 55_decision_customer_return.png
 396.2s [6月11日（週三） 上午 7:00]   decision customer_return → replace
 396.2s [6月11日（週三） 上午 7:00]   click [Choice_replace] 寄一個新的
 397.6s [6月11日（週三） 上午 7:00]   shot 56_decision_outcome_customer_return.png
 397.6s [6月11日（週三） 上午 7:00]   click "OK"
 402.3s [6月11日（週三） 上午 7:07]   use "Packing table"
 403.0s [6月11日（週三） 上午 7:08]   click [Pack] 打包 9 筆訂單（1 小時 12 分）
 403.9s [6月11日（週三） 上午 8:21]   click [CourierExpress] 快遞 · 快捷 1 天（$93.30）
 409.3s [6月11日（週三） 下午 7:06]   use "Sleep"
 409.9s [6月11日（週三） 下午 7:06]   click [Sleep] Sleep until 7:00 AM
 415.9s [6月12日（週四） 上午 7:07]   use "Packing table"
 416.6s [6月12日（週四） 上午 7:08]   click [Pack] 打包 10 筆訂單（1 小時 20 分）
 417.5s [6月12日（週四） 上午 8:29]   click [CourierExpress] 快遞 · 快捷 1 天（$105.80）
 422.9s [6月12日（週四） 下午 7:06]   use "Sleep"
 423.6s [6月12日（週四） 下午 7:06]   click [Sleep] Sleep until 7:00 AM
 429.7s [6月13日（週五） 上午 7:07]   use "Packing table"
 430.4s [6月13日（週五） 上午 7:08]   click [Pack] 打包 11 筆訂單（1 小時 28 分）
 431.3s [6月13日（週五） 上午 8:37]   click [CourierExpress] 快遞 · 快捷 1 天（$111.10）
 436.7s [6月13日（週五） 下午 7:06]   use "Sleep"
 437.3s [6月13日（週五） 下午 7:06]   click [Sleep] Sleep until 7:00 AM
 443.4s [6月14日（週六） 上午 7:07]   use "Packing table"
 444.1s [6月14日（週六） 上午 7:08]   click [Pack] 打包 19 筆訂單（2 小時 32 分）
 445.1s [6月14日（週六） 上午 9:41]   click [CourierExpress] 快遞 · 快捷 1 天（$185.90）
 447.7s [6月14日（週六） 上午 9:45]   use "Use laptop — Company OS"
 449.7s [6月14日（週六） 上午 9:46]   click [Tab_operations] Operations
 449.8s [6月14日（週六） 上午 9:46]   click [DeliverTo_riverside_studio] 河濱大樓 7C
 450.0s [6月14日（週六） 上午 9:47]   click [Buy_tradelink_wholesale_water_bottle] 購買 $408
 453.7s [6月14日（週六） 下午 7:04]   use "Sleep"
 454.3s [6月14日（週六） 下午 7:04]   click [Sleep] Sleep until 7:00 AM
 460.4s [6月15日（週日） 上午 7:07]   use "Packing table"
 461.1s [6月15日（週日） 上午 7:08]   click [Pack] 打包 16 筆訂單（2 小時 8 分）
 462.0s [6月15日（週日） 上午 9:17]   click [CourierExpress] 快遞 · 快捷 1 天（$152.00）
 464.8s [6月15日（週日） 上午 9:21]   use "Use laptop — Company OS"
 465.4s [6月15日（週日） 上午 9:22]   click [Tab_operations] Operations
 465.6s [6月15日（週日） 上午 9:23]   click [DeliverTo_riverside_studio] 河濱大樓 7C
 465.8s [6月15日（週日） 上午 9:23]   click [Buy_tradelink_wholesale_water_bottle] 購買 $408
 469.5s [6月15日（週日） 下午 7:04]   use "Sleep"
 470.1s [6月15日（週日） 下午 7:04]   click [Sleep] Sleep until 7:00 AM
 476.5s [6月16日（週一） 上午 7:07]   use "Packing table"
 477.2s [6月16日（週一） 上午 7:08]   click [Pack] 打包 13 筆訂單（1 小時 44 分）
 478.1s [6月16日（週一） 上午 8:53]   click [CourierExpress] 快遞 · 快捷 1 天（$125.30）
 480.7s [6月16日（週一） 上午 8:57]   use "Use laptop — Company OS"
 481.3s [6月16日（週一） 上午 8:58]   click [Tab_operations] Operations
 481.4s [6月16日（週一） 上午 8:58]   click [DeliverTo_riverside_studio] 河濱大樓 7C
 481.6s [6月16日（週一） 上午 8:59]   click [Buy_tradelink_wholesale_water_bottle] 購買 $408
 481.8s [6月16日（週一） 上午 9:09]   click [Buy_tradelink_wholesale_wireless_earbuds] 購買 $900
 482.4s [6月16日（週一） 上午 9:19]   shot 57_decision_unexpected_large_order.png
 482.4s [6月16日（週一） 上午 9:19]   decision unexpected_large_order → review
 482.4s [6月16日（週一） 上午 9:19]   click [Choice_review] 把合約寄給我，我看看。
 483.8s [6月16日（週一） 上午 9:19]   shot 58_decision_outcome_unexpected_large_order.png
 483.8s [6月16日（週一） 上午 9:19]   click "OK"
 487.4s [6月16日（週一） 下午 7:05]   use "Sleep"
 488.0s [6月16日（週一） 下午 7:05]   click [Sleep] Sleep until 7:00 AM
 494.1s [6月17日（週二） 上午 7:07]   use "Packing table"
 494.8s [6月17日（週二） 上午 7:08]   click [Pack] 打包 9 筆訂單（1 小時 12 分）
 495.7s [6月17日（週二） 上午 8:21]   click [CourierExpress] 快遞 · 快捷 1 天（$86.10）
 498.3s [6月17日（週二） 上午 8:25]   use "Use laptop — Company OS"
 498.9s [6月17日（週二） 上午 8:26]   click [Tab_operations] Operations
 499.0s [6月17日（週二） 上午 8:26]   click [DeliverTo_riverside_studio] 河濱大樓 7C
 499.2s [6月17日（週二） 上午 8:26]   click [Buy_tradelink_wholesale_wireless_earbuds] 購買 $900
 499.4s [6月17日（週二） 上午 8:37]   click [Tab_contracts] 合約 ●
 500.0s [6月17日（週二） 上午 8:38]   shot 59_contract_offer.png
 500.0s [6月17日（週二） 上午 8:38]   click [AcceptContract] Accept
 501.1s [6月17日（週二） 下午 5:05]   toast: 新評價 #1150：★「壞掉了，賣家不處理。」
 504.2s [6月17日（週二） 下午 7:05]   use "Sleep"
 504.8s [6月17日（週二） 下午 7:05]   click [Sleep] Sleep until 7:00 AM
 506.6s [6月18日（週三） 上午 7:00]   shot 60_decision_customer_return.png
 506.7s [6月18日（週三） 上午 7:00]   decision customer_return → replace
 506.7s [6月18日（週三） 上午 7:00]   click [Choice_replace] 寄一個新的
 508.0s [6月18日（週三） 上午 7:00]   shot 61_decision_outcome_customer_return.png
 508.1s [6月18日（週三） 上午 7:00]   click "OK"
 512.9s [6月18日（週三） 上午 7:07]   use "Packing table"
 513.6s [6月18日（週三） 上午 7:08]   click [Pack] 打包 11 筆訂單（1 小時 28 分）
 514.5s [6月18日（週三） 上午 8:37]   click [CourierExpress] 快遞 · 快捷 1 天（$107.50）
 517.1s [6月18日（週三） 上午 8:41]   use "Use laptop — Company OS"
 517.7s [6月18日（週三） 上午 8:42]   click [Tab_operations] Operations
 517.9s [6月18日（週三） 上午 8:42]   click [DeliverTo_riverside_studio] 河濱大樓 7C
 518.0s [6月18日（週三） 上午 8:42]   click [Buy_tradelink_wholesale_water_bottle] 購買 $408
 518.2s [6月18日（週三） 上午 8:53]   click [Buy_tradelink_wholesale_wireless_earbuds] 購買 $900
 518.4s [6月18日（週三） 上午 9:03]   click [Tab_contracts] Contracts
 518.9s [6月18日（週三） 上午 9:04]   click [DeliverContract] 打包並交貨 120 件（B2B 貨運 $40）
 519.6s [6月18日（週三） 上午 10:35]   shot 62_contract_delivered.png
 523.1s [6月18日（週三） 下午 7:05]   use "Sleep"
 523.8s [6月18日（週三） 下午 7:05]   click [Sleep] Sleep until 7:00 AM
 525.7s [6月19日（週四） 上午 7:00]   shot 63_decision_customer_return.png
 525.7s [6月19日（週四） 上午 7:00]   decision customer_return → replace
 525.7s [6月19日（週四） 上午 7:00]   click [Choice_replace] 寄一個新的
 527.1s [6月19日（週四） 上午 7:00]   shot 64_decision_outcome_customer_return.png
 527.1s [6月19日（週四） 上午 7:00]   click "OK"
 527.6s [6月19日（週四） 上午 7:00]   shot 65_decision_customer_return.png
 527.6s [6月19日（週四） 上午 7:00]   decision customer_return → replace
 527.6s [6月19日（週四） 上午 7:00]   click [Choice_replace] 寄一個新的
 529.0s [6月19日（週四） 上午 7:00]   shot 66_decision_outcome_customer_return.png
 529.0s [6月19日（週四） 上午 7:00]   click "OK"
 533.7s [6月19日（週四） 上午 7:07]   use "Packing table"
 534.4s [6月19日（週四） 上午 7:08]   click [Pack] 打包 13 筆訂單（1 小時 44 分）
 535.3s [6月19日（週四） 上午 8:53]   click [CourierExpress] 快遞 · 快捷 1 天（$136.10）
 540.6s [6月19日（週四） 下午 7:06]   use "Sleep"
 541.2s [6月19日（週四） 下午 7:06]   click [Sleep] Sleep until 7:00 AM
 547.3s [6月20日（週五） 上午 7:07]   use "Packing table"
 548.0s [6月20日（週五） 上午 7:08]   click [Pack] 打包 13 筆訂單（1 小時 44 分）
 548.9s [6月20日（週五） 上午 8:53]   click [CourierExpress] 快遞 · 快捷 1 天（$125.30）
 554.2s [6月20日（週五） 下午 7:06]   use "Sleep"
 554.8s [6月20日（週五） 下午 7:06]   click [Sleep] Sleep until 7:00 AM
 560.9s [6月21日（週六） 上午 7:07]   use "Packing table"
 561.6s [6月21日（週六） 上午 7:08]   click [Pack] 打包 17 筆訂單（2 小時 16 分）
 562.5s [6月21日（週六） 上午 9:25]   click [CourierExpress] 快遞 · 快捷 1 天（$164.50）
 567.8s [6月21日（週六） 下午 7:06]   use "Sleep"
 568.4s [6月21日（週六） 下午 7:06]   click [Sleep] Sleep until 7:00 AM
 574.5s [6月22日（週日） 上午 7:07]   use "Packing table"
 575.2s [6月22日（週日） 上午 7:08]   click [Pack] 打包 15 筆訂單（2 h）
 576.1s [6月22日（週日） 上午 9:09]   click [CourierExpress] 快遞 · 快捷 1 天（$150.30）
 581.4s [6月22日（週日） 下午 7:06]   use "Sleep"
 582.0s [6月22日（週日） 下午 7:06]   click [Sleep] Sleep until 7:00 AM
 583.9s [6月23日（週一） 上午 7:00]   shot 67_decision_customer_return.png
 583.9s [6月23日（週一） 上午 7:00]   decision customer_return → replace
 583.9s [6月23日（週一） 上午 7:00]   click [Choice_replace] 寄一個新的
 585.3s [6月23日（週一） 上午 7:00]   shot 68_decision_outcome_customer_return.png
 585.3s [6月23日（週一） 上午 7:00]   click "OK"
 590.0s [6月23日（週一） 上午 7:07]   use "Packing table"
 590.7s [6月23日（週一） 上午 7:08]   click [Pack] 打包 14 筆訂單（1 小時 52 分）
 591.6s [6月23日（週一） 上午 9:01]   click [CourierExpress] 快遞 · 快捷 1 天（$141.40）
 596.9s [6月23日（週一） 下午 7:06]   use "Sleep"
 597.5s [6月23日（週一） 下午 7:06]   click [Sleep] Sleep until 7:00 AM
 603.6s [6月24日（週二） 上午 7:07]   use "Packing table"
 604.4s [6月24日（週二） 上午 7:08]   click [Pack] 打包 7 筆訂單（56 分鐘）
 605.3s [6月24日（週二） 上午 8:05]   click [CourierExpress] 快遞 · 快捷 1 天（$71.90）
 606.5s [6月24日（週二） 下午 7:00]   shot 69_decision_supplier_price_increase.png
 606.5s [6月24日（週二） 下午 7:00]   decision supplier_price_increase → accept
 606.5s [6月24日（週二） 下午 7:00]   click [Choice_accept] 好。繼續跟你進貨。
 607.9s [6月24日（週二） 下午 7:00]   shot 70_decision_outcome_supplier_price_increase.png
 607.9s [6月24日（週二） 下午 7:00]   click "OK"
 612.6s [6月24日（週二） 下午 7:07]   use "Sleep"
 613.2s [6月24日（週二） 下午 7:07]   click [Sleep] Sleep until 7:00 AM
 619.4s [6月25日（週三） 上午 7:07]   use "Packing table"
 620.1s [6月25日（週三） 上午 7:08]   click [Pack] 打包 5 筆訂單（40 分鐘）
 621.0s [6月25日（週三） 上午 7:49]   click [CourierExpress] 快遞 · 快捷 1 天（$50.50）
 626.4s [6月25日（週三） 下午 7:06]   use "Sleep"
 627.0s [6月25日（週三） 下午 7:06]   click [Sleep] Sleep until 7:00 AM
 633.0s [6月26日（週四） 上午 7:07]   use "Packing table"
 633.8s [6月26日（週四） 上午 7:08]   click [Pack] 打包 5 筆訂單（40 分鐘）
 634.8s [6月26日（週四） 上午 7:50]   click [CourierExpress] 快遞 · 快捷 1 天（$50.50）
 640.4s [6月26日（週四） 下午 7:07]   use "Sleep"
 641.2s [6月26日（週四） 下午 7:07]   click [Sleep] Sleep until 7:00 AM
 643.1s [6月27日（週五） 上午 7:00]   shot 71_decision_customer_return.png
 643.4s [6月27日（週五） 上午 7:00]   decision customer_return → replace
 643.6s [6月27日（週五） 上午 7:00]   click [Choice_replace] 寄一個新的
 645.1s [6月27日（週五） 上午 7:00]   shot 72_decision_outcome_customer_return.png
 645.2s [6月27日（週五） 上午 7:00]   click "OK"
 650.0s [6月27日（週五） 上午 7:07]   use "Packing table"
 650.8s [6月27日（週五） 上午 7:08]   click [Pack] 打包 3 筆訂單（24 分鐘）
 651.7s [6月27日（週五） 上午 7:33]   click [CourierExpress] 快遞 · 快捷 1 天（$32.70）
 652.9s [6月27日（週五） 下午 7:00]   shot 73_decision_customer_return.png
 653.0s [6月27日（週五） 下午 7:00]   decision customer_return → replace
 653.0s [6月27日（週五） 下午 7:00]   click [Choice_replace] 寄一個新的
 654.4s [6月27日（週五） 下午 7:00]   shot 74_decision_outcome_customer_return.png
 654.4s [6月27日（週五） 下午 7:00]   click "OK"
 659.2s [6月27日（週五） 下午 7:07]   use "Sleep"
 659.8s [6月27日（週五） 下午 7:07]   click [Sleep] Sleep until 7:00 AM
 665.9s [6月28日（週六） 上午 7:07]   use "Packing table"
 666.6s [6月28日（週六） 上午 7:08]   click [Pack] 打包 5 筆訂單（40 分鐘）
 668.1s [6月28日（週六） 上午 7:49]   click [CourierExpress] 快遞 · 快捷 1 天（$50.50）
 669.3s [6月28日（週六） 下午 7:00]   shot 75_decision_viral_mention.png
 669.3s [6月28日（週六） 下午 7:00]   decision viral_mention → ride
 669.3s [6月28日（週六） 下午 7:00]   click [Choice_ride] 順其自然
 670.7s [6月28日（週六） 下午 7:00]   shot 76_decision_outcome_viral_mention.png
 670.7s [6月28日（週六） 下午 7:00]   click "OK"
 671.2s [6月28日（週六） 下午 7:00]   shot 77_decision_customer_return.png
 671.2s [6月28日（週六） 下午 7:00]   decision customer_return → replace
 671.2s [6月28日（週六） 下午 7:00]   click [Choice_replace] 寄一個新的
 672.6s [6月28日（週六） 下午 7:00]   shot 78_decision_outcome_customer_return.png
 672.6s [6月28日（週六） 下午 7:00]   click "OK"
 677.4s [6月28日（週六） 下午 7:07]   use "Sleep"
 678.0s [6月28日（週六） 下午 7:07]   click [Sleep] Sleep until 7:00 AM
 684.0s [6月29日（週日） 上午 7:07]   use "Packing table"
 684.7s [6月29日（週日） 上午 7:08]   click [Pack] 打包 10 筆訂單（1 小時 20 分）
 685.6s [6月29日（週日） 上午 8:29]   click [CourierExpress] 快遞 · 快捷 1 天（$95.00）
 691.0s [6月29日（週日） 下午 7:06]   use "Sleep"
 691.6s [6月29日（週日） 下午 7:06]   click [Sleep] Sleep until 7:00 AM
 693.4s [6月30日（週一） 上午 7:00]   shot 79_decision_customer_return.png
 693.5s [6月30日（週一） 上午 7:00]   decision customer_return → replace
 693.5s [6月30日（週一） 上午 7:00]   click [Choice_replace] 寄一個新的
 694.9s [6月30日（週一） 上午 7:00]   shot 80_decision_outcome_customer_return.png
 694.9s [6月30日（週一） 上午 7:00]   click "OK"
 699.6s [6月30日（週一） 上午 7:07]   use "Packing table"
 700.3s [6月30日（週一） 上午 7:08]   click [Pack] 打包 14 筆訂單（1 小時 52 分）
 701.2s [6月30日（週一） 上午 9:01]   click [CourierExpress] 快遞 · 快捷 1 天（$130.60）
 706.6s [6月30日（週一） 下午 7:06]   use "Sleep"
 707.2s [6月30日（週一） 下午 7:06]   click [Sleep] Sleep until 7:00 AM
 710.6s [7月1日（週二） 上午 7:00]   shot 81_month_close_report.png
 710.6s [7月1日（週二） 上午 7:00]   click [month close] Continue
 715.3s [7月1日（週二） 上午 7:07]   use "Packing table"
 716.0s [7月1日（週二） 上午 7:08]   click [Pack] 打包 12 筆訂單（1 小時 36 分）
 716.9s [7月1日（週二） 上午 8:45]   click [CourierExpress] 快遞 · 快捷 1 天（$112.80）
 719.0s [7月1日（週二） 上午 8:48]   ok  month close ran (June)
 720.6s [7月1日（週二） 上午 8:50]   use "Use laptop — Company OS"
 721.2s [7月1日（週二） 上午 8:51]   click [Tab_finance] Finance
 721.9s [7月1日（週二） 上午 8:52]   shot 82_company_os_finance_july.png
 722.2s [7月1日（週二） 上午 8:53]   ok  Chapter 4 started after the June close
 722.2s [7月1日（週二） 上午 8:53] STEP Chapter 4 — register as an employer at City Hall
 724.8s [7月1日（週二） 上午 8:58]   ok  walked back outside
 734.3s [7月1日（週二） 上午 9:12]   use "捷運——河濱區站"
 735.2s [7月1日（週二） 上午 9:13]   shot 83_metro_civic_center.png
 735.2s [7月1日（週二） 上午 9:13]   click [Go_civic_center] 市政中心  ·  12 分鐘
 736.3s [7月1日（週二） 上午 9:27]   ok  took the Metro to Civic Center
 743.4s [7月1日（週二） 上午 9:38]   ok  entered Aurelia City Hall
 745.2s [7月1日（週二） 上午 9:40]   use "Permits & regulations"
 746.0s [7月1日（週二） 上午 9:41]   shot 84_permits_kiosk.png
 746.0s [7月1日（週二） 上午 9:41]   click [RegisterEmployer] 登記（$150）
 746.9s [7月1日（週二） 上午 10:03]   ok  registered as an employer
 746.9s [7月1日（週二） 上午 10:03] STEP Chapter 4 — post a job, hire, first payroll
 749.9s [7月1日（週二） 上午 10:09]   ok  walked back outside
 755.6s [7月1日（週二） 上午 10:17]   use "捷運——市政中心站"
 756.6s [7月1日（週二） 上午 10:18]   shot 85_metro_riverside.png
 756.6s [7月1日（週二） 上午 10:18]   click [Go_riverside] 河濱區  ·  12 分鐘
 757.6s [7月1日（週二） 上午 10:32]   ok  took the Metro to Riverside
 766.8s [7月1日（週二） 上午 10:46]   ok  entered Riverside Tower
 768.2s [7月1日（週二） 上午 10:48]   use "Use laptop — Company OS"
 768.8s [7月1日（週二） 上午 10:49]   click [Tab_people] People
 769.4s [7月1日（週二） 上午 10:50]   shot 86_people_tab.png
 769.4s [7月1日（週二） 上午 10:50]   click [Post_support] Post job
 770.4s [7月1日（週二） 上午 10:51]   ok  job ad posted
 770.4s [7月1日（週二） 上午 10:51]   (harness) wait 2 h
 774.3s [7月1日（週二） 下午 12:57]   use "Packing table"
 775.0s [7月1日（週二） 下午 12:58]   click [Pack] 打包 5 筆訂單（40 分鐘）
 775.9s [7月1日（週二） 下午 1:39]   click [CourierExpress] 快遞 · 快捷 1 天（$50.50）
 777.0s [7月1日（週二） 下午 1:41]   (harness) wait 2 h
 777.8s [7月1日（週二） 下午 3:42]   use "Packing table"
 778.5s [7月1日（週二） 下午 3:43]   click [Pack] 打包 4 筆訂單（32 分鐘）
 779.4s [7月1日（週二） 下午 4:17]   click [CourierExpress] 快遞 · 快捷 1 天（$41.60）
 780.5s [7月1日（週二） 下午 4:18]   (harness) wait 2 h
 781.3s [7月1日（週二） 下午 6:20]   use "Packing table"
 782.0s [7月1日（週二） 下午 6:21]   click [Pack] 打包 2 筆訂單（16 分鐘）
 782.9s [7月1日（週二） 下午 6:38]   click [CourierExpress] 快遞 · 快捷 1 天（$23.80）
 784.0s [7月1日（週二） 下午 6:40]   (harness) wait 2 h
 784.8s [7月1日（週二） 下午 8:41]   use "Packing table"
 785.5s [7月1日（週二） 下午 8:42]   click [Pack] 打包 1 筆訂單（8 分鐘）
 786.4s [7月1日（週二） 下午 8:51]   click [CourierExpress] 快遞 · 快捷 1 天（$14.90）
 790.1s [7月1日（週二） 下午 8:57]   use "Sleep"
 790.7s [7月1日（週二） 下午 8:57]   click [Sleep] Sleep until 7:00 AM
 796.8s [7月2日（週三） 上午 7:07]   use "Packing table"
 797.5s [7月2日（週三） 上午 7:08]   click [Pack] 打包 3 筆訂單（24 分鐘）
 798.4s [7月2日（週三） 上午 7:33]   click [CourierExpress] 快遞 · 快捷 1 天（$32.70）
 801.0s [7月2日（週三） 上午 7:37]   use "Use laptop — Company OS"
 801.6s [7月2日（週三） 上午 7:38]   click [Tab_people] People
 802.3s [7月2日（週三） 上午 7:39]   shot 87_applicants.png
 802.3s [7月2日（週三） 上午 7:39]   click [Hire_E1] Hire
 803.2s [7月2日（週三） 上午 7:41]   ok  hired the first employee (Sam Silva)
 806.4s [7月2日（週三） 下午 7:04]   use "Sleep"
 807.0s [7月2日（週三） 下午 7:04]   click [Sleep] Sleep until 7:00 AM
 813.1s [7月3日（週四） 上午 7:07]   use "Packing table"
 813.8s [7月3日（週四） 上午 7:08]   click [Pack] 打包 5 筆訂單（40 分鐘）
 814.7s [7月3日（週四） 上午 7:49]   click [CourierExpress] 快遞 · 快捷 1 天（$50.50）
 820.0s [7月3日（週四） 下午 7:06]   use "Sleep"
 820.6s [7月3日（週四） 下午 7:06]   click [Sleep] Sleep until 7:00 AM
 826.7s [7月4日（週五） 上午 7:07]   use "Packing table"
 827.4s [7月4日（週五） 上午 7:08]   click [Pack] 打包 12 筆訂單（1 小時 36 分）
 828.3s [7月4日（週五） 上午 8:45]   click [CourierExpress] 快遞 · 快捷 1 天（$112.80）
 833.6s [7月4日（週五） 下午 7:06]   use "Sleep"
 834.2s [7月4日（週五） 下午 7:06]   click [Sleep] Sleep until 7:00 AM
 840.3s [7月5日（週六） 上午 7:07]   use "Packing table"
 841.0s [7月5日（週六） 上午 7:08]   click [Pack] 打包 3 筆訂單（24 分鐘）
 841.9s [7月5日（週六） 上午 7:33]   click [CourierExpress] 快遞 · 快捷 1 天（$32.70）
 843.0s [7月5日（週六） 上午 7:35]   ok  first payroll paid
 844.6s [7月5日（週六） 上午 7:37]   use "Use laptop — Company OS"
 845.2s [7月5日（週六） 上午 7:38]   click [Tab_finance] Finance
 845.9s [7月5日（週六） 上午 7:39]   shot 88_cash_forecast.png
 847.3s [7月5日（週六） 上午 7:41]   ok  Chapter 4 complete
 847.3s [7月5日（週六） 上午 7:41] STEP Chapter 5 — Crestline's offer
 850.4s [7月5日（週六） 下午 7:05]   use "Sleep"
 851.0s [7月5日（週六） 下午 7:05]   click [Sleep] Sleep until 7:00 AM
 857.1s [7月6日（週日） 上午 7:07]   use "Packing table"
 857.8s [7月6日（週日） 上午 7:08]   click [Pack] 打包 6 筆訂單（48 分鐘）
 858.7s [7月6日（週日） 上午 7:57]   click [CourierExpress] 快遞 · 快捷 1 天（$59.40）
 864.1s [7月6日（週日） 下午 7:06]   use "Sleep"
 864.7s [7月6日（週日） 下午 7:06]   click [Sleep] Sleep until 7:00 AM
 870.8s [7月7日（週一） 上午 7:07]   use "Packing table"
 871.5s [7月7日（週一） 上午 7:08]   click [Pack] 打包 8 筆訂單（1 小時 4 分）
 872.3s [7月7日（週一） 上午 8:13]   click [CourierExpress] 快遞 · 快捷 1 天（$77.20）
 877.7s [7月7日（週一） 下午 7:06]   use "Sleep"
 878.3s [7月7日（週一） 下午 7:06]   click [Sleep] Sleep until 7:00 AM
 884.4s [7月8日（週二） 上午 7:07]   use "Packing table"
 885.1s [7月8日（週二） 上午 7:08]   click [Pack] 打包 3 筆訂單（24 分鐘）
 885.9s [7月8日（週二） 上午 7:33]   click [CourierExpress] 快遞 · 快捷 1 天（$32.70）
 891.3s [7月8日（週二） 下午 7:06]   use "Sleep"
 891.9s [7月8日（週二） 下午 7:06]   click [Sleep] Sleep until 7:00 AM
 898.0s [7月9日（週三） 上午 7:07]   use "Packing table"
 898.7s [7月9日（週三） 上午 7:08]   click [Pack] 打包 11 筆訂單（1 小時 28 分）
 899.5s [7月9日（週三） 上午 8:37]   click [CourierExpress] 快遞 · 快捷 1 天（$103.90）
 904.9s [7月9日（週三） 下午 7:06]   use "Sleep"
 905.5s [7月9日（週三） 下午 7:06]   click [Sleep] Sleep until 7:00 AM
 911.6s [7月10日（週四） 上午 7:07]   use "Packing table"
 912.3s [7月10日（週四） 上午 7:08]   click [Pack] 打包 6 筆訂單（48 分鐘）
 913.2s [7月10日（週四） 上午 7:57]   click [CourierExpress] 快遞 · 快捷 1 天（$59.40）
 915.5s [7月10日（週四） 下午 7:02]   shot 89_decision_crestline_big_offer.png
 915.5s [7月10日（週四） 下午 7:02]   decision crestline_big_offer → review
 915.5s [7月10日（週四） 下午 7:02]   click [Choice_review] 把合約寄來，我看看。
 916.9s [7月10日（週四） 下午 7:02]   shot 90_decision_outcome_crestline_big_offer.png
 916.9s [7月10日（週四） 下午 7:02]   click "OK"
 920.6s [7月10日（週四） 下午 7:07]   use "Sleep"
 921.2s [7月10日（週四） 下午 7:07]   click [Sleep] Sleep until 7:00 AM
 927.3s [7月11日（週五） 上午 7:07]   use "Packing table"
 928.0s [7月11日（週五） 上午 7:08]   click [Pack] 打包 8 筆訂單（1 小時 4 分）
 928.9s [7月11日（週五） 上午 8:13]   click [CourierExpress] 快遞 · 快捷 1 天（$77.20）
 930.0s [7月11日（週五） 上午 8:15]   ok  Crestline offered the big contract
 931.6s [7月11日（週五） 上午 8:17]   use "Use laptop — Company OS"
 932.1s [7月11日（週五） 上午 8:18]   click [Tab_contracts] 合約 ●
 932.8s [7月11日（週五） 上午 8:19]   shot 91_big_contract_offer.png
 932.8s [7月11日（週五） 上午 8:19]   click [AcceptContract] Accept
 933.8s [7月11日（週五） 上午 8:21]   ok  accepted Crestline's contract
 933.8s [7月11日（週五） 上午 8:21] STEP Chapter 5 — borrow from Marcus Reed at Nexus Bank
 936.5s [7月11日（週五） 上午 8:26]   ok  walked back outside
 945.9s [7月11日（週五） 上午 8:40]   use "捷運——河濱區站"
 946.9s [7月11日（週五） 上午 8:41]   shot 92_metro_financial.png
 946.9s [7月11日（週五） 上午 8:41]   click [Go_financial] 金融區  ·  10 分鐘
 947.9s [7月11日（週五） 上午 8:53]   ok  took the Metro to Financial District
 955.7s [7月11日（週五） 下午 1:20]   ok  entered Nexus Bank
 957.4s [7月11日（週五） 下午 1:22]   use "和 Marcus Reed 說話"
 960.4s [7月11日（週五） 下午 1:22]   choose "› 讓我看看你能借多少。"
 962.3s [7月11日（週五） 下午 1:23]   shot 93_loan_offer.png
 962.3s [7月11日（週五） 下午 1:23]   click [Amt_50] $16,000
 962.3s [7月11日（週五） 下午 1:23]   click [Term_12] 12 個月
 962.5s [7月11日（週五） 下午 1:23]   click [TakeLoan] 借 $16,000
 963.2s [7月11日（週五） 下午 1:54]   shot 94_loan_taken.png
 963.5s [7月11日（週五） 下午 1:55]   ok  took a Nexus Bank loan (debt $16,000.00)
 963.5s [7月11日（週五） 下午 1:55] STEP Chapter 5 — order the lamps and deliver
 966.4s [7月11日（週五） 下午 2:00]   ok  walked back outside
 972.5s [7月11日（週五） 下午 2:09]   use "捷運——金融區站"
 973.5s [7月11日（週五） 下午 2:11]   shot 95_metro_riverside.png
 973.5s [7月11日（週五） 下午 2:11]   click [Go_riverside] 河濱區  ·  10 分鐘
 974.5s [7月11日（週五） 下午 2:22]   ok  took the Metro to Riverside
 983.6s [7月11日（週五） 下午 2:36]   ok  entered Riverside Tower
 985.0s [7月11日（週五） 下午 2:38]   use "Use laptop — Company OS"
 985.7s [7月11日（週五） 下午 2:39]   click [Tab_contracts] Contracts
 986.7s [7月11日（週五） 下午 2:40]   click [FillContract] 追加訂購 800 件，向 TradeLink 批發（$9,200）
 987.4s [7月11日（週五） 下午 2:51]   shot 96_contract_restock.png
 990.8s [7月11日（週五） 下午 7:04]   use "Sleep"
 991.7s [7月11日（週五） 下午 7:04]   click [Sleep] Sleep until 7:00 AM
 998.0s [7月12日（週六） 上午 7:07]   use "Packing table"
 998.7s [7月12日（週六） 上午 7:08]   click [Pack] 打包 6 筆訂單（48 分鐘）
 999.6s [7月12日（週六） 上午 7:57]   click [CourierExpress] 快遞 · 快捷 1 天（$59.40）
1004.9s [7月12日（週六） 下午 7:06]   use "Sleep"
1005.5s [7月12日（週六） 下午 7:06]   click [Sleep] Sleep until 7:00 AM
1011.6s [7月13日（週日） 上午 7:07]   use "Packing table"
1012.3s [7月13日（週日） 上午 7:08]   click [Pack] 打包 6 筆訂單（48 分鐘）
1013.2s [7月13日（週日） 上午 7:57]   click [CourierExpress] 快遞 · 快捷 1 天（$59.40）
1014.4s [7月13日（週日） 下午 7:00]   shot 97_decision_supplier_price_increase.png
1014.5s [7月13日（週日） 下午 7:00]   decision supplier_price_increase → accept
1014.6s [7月13日（週日） 下午 7:00]   click [Choice_accept] 好。繼續跟你進貨。
1016.0s [7月13日（週日） 下午 7:00]   shot 98_decision_outcome_supplier_price_increase.png
1016.1s [7月13日（週日） 下午 7:00]   click "OK"
1020.9s [7月13日（週日） 下午 7:07]   use "Sleep"
1021.5s [7月13日（週日） 下午 7:07]   click [Sleep] Sleep until 7:00 AM
1027.6s [7月14日（週一） 上午 7:07]   use "Packing table"
1028.3s [7月14日（週一） 上午 7:08]   click [Pack] 打包 8 筆訂單（1 小時 4 分）
1029.2s [7月14日（週一） 上午 8:13]   click [CourierExpress] 快遞 · 快捷 1 天（$77.20）
1031.8s [7月14日（週一） 上午 8:17]   use "Use laptop — Company OS"
1032.4s [7月14日（週一） 上午 8:18]   click [Tab_contracts] Contracts
1033.0s [7月14日（週一） 上午 8:19]   click [DeliverContract] 打包並交貨 800 件（B2B 貨運 $40）
1033.8s [7月14日（週一） 上午 9:50]   shot 99_big_contract_delivered.png
1034.2s [7月14日（週一） 上午 9:51]   ok  delivered 800 lamps to Crestline
1035.2s [7月14日（週一） 上午 9:52]   ok  Chapter 5 complete
1035.2s [7月14日（週一） 上午 9:52] STEP Chapter 6 — forecast, early payment, month in the black
1035.4s [7月14日（週一） 上午 9:52]   use "Use laptop — Company OS"
1036.0s [7月14日（週一） 上午 9:53]   click [Tab_finance] Finance
1036.7s [7月14日（週一） 上午 9:54]   shot 100_cash_forecast_ch6.png
1036.7s [7月14日（週一） 上午 9:54]   click [Tab_contracts] Contracts
1037.2s [7月14日（週一） 上午 9:55]   click [EarlyPayment] 請對方提前付款（折 3%：現在拿 $21,728）
1037.9s [7月14日（週一） 上午 9:56]   shot 101_early_payment.png
1038.3s [7月14日（週一） 上午 9:57]   ok  Crestline paid early (3% discount)
1041.4s [7月14日（週一） 下午 7:05]   use "Sleep"
1042.0s [7月14日（週一） 下午 7:05]   click [Sleep] Sleep until 7:00 AM
1048.1s [7月15日（週二） 上午 7:07]   use "Packing table"
1048.8s [7月15日（週二） 上午 7:08]   click [Pack] 打包 2 筆訂單（16 分鐘）
1049.7s [7月15日（週二） 上午 7:25]   click [CourierExpress] 快遞 · 快捷 1 天（$23.80）
1051.0s [7月15日（週二） 下午 7:00]   shot 102_decision_elena_offer.png
1051.0s [7月15日（週二） 下午 7:00]   decision elena_offer → accept
1051.0s [7月15日（週二） 下午 7:00]   click [Choice_accept] 以 20% 股份換 $40,000
1052.4s [7月15日（週二） 下午 7:00]   shot 103_decision_outcome_elena_offer.png
1052.4s [7月15日（週二） 下午 7:00]   click "OK"
1057.1s [7月15日（週二） 下午 7:07]   use "Sleep"
1057.7s [7月15日（週二） 下午 7:07]   click [Sleep] Sleep until 7:00 AM
1063.9s [7月16日（週三） 上午 7:07]   use "Packing table"
1064.6s [7月16日（週三） 上午 7:08]   click [Pack] 打包 7 筆訂單（56 分鐘）
1065.5s [7月16日（週三） 上午 8:05]   click [CourierExpress] 快遞 · 快捷 1 天（$68.30）
1070.8s [7月16日（週三） 下午 7:06]   use "Sleep"
1071.4s [7月16日（週三） 下午 7:06]   click [Sleep] Sleep until 7:00 AM
1077.5s [7月17日（週四） 上午 7:07]   use "Packing table"
1078.2s [7月17日（週四） 上午 7:08]   click [Pack] 打包 7 筆訂單（56 分鐘）
1079.2s [7月17日（週四） 上午 8:05]   click [CourierExpress] 快遞 · 快捷 1 天（$68.30）
1084.6s [7月17日（週四） 下午 7:06]   use "Sleep"
1085.2s [7月17日（週四） 下午 7:06]   click [Sleep] Sleep until 7:00 AM
1091.2s [7月18日（週五） 上午 7:07]   use "Packing table"
1091.9s [7月18日（週五） 上午 7:08]   click [Pack] 打包 4 筆訂單（32 分鐘）
1092.8s [7月18日（週五） 上午 7:41]   click [CourierExpress] 快遞 · 快捷 1 天（$41.60）
1098.2s [7月18日（週五） 下午 7:06]   use "Sleep"
1098.8s [7月18日（週五） 下午 7:06]   click [Sleep] Sleep until 7:00 AM
1104.8s [7月19日（週六） 上午 7:07]   use "Packing table"
1105.5s [7月19日（週六） 上午 7:08]   click [Pack] 打包 2 筆訂單（16 分鐘）
1106.4s [7月19日（週六） 上午 7:25]   click [CourierExpress] 快遞 · 快捷 1 天（$23.80）
1111.7s [7月19日（週六） 下午 7:06]   use "Sleep"
1112.3s [7月19日（週六） 下午 7:06]   click [Sleep] Sleep until 7:00 AM
1118.4s [7月20日（週日） 上午 7:07]   use "Packing table"
1119.1s [7月20日（週日） 上午 7:08]   click [Pack] 打包 3 筆訂單（24 分鐘）
1120.0s [7月20日（週日） 上午 7:33]   click [CourierExpress] 快遞 · 快捷 1 天（$32.70）
1125.3s [7月20日（週日） 下午 7:06]   use "Sleep"
1125.9s [7月20日（週日） 下午 7:06]   click [Sleep] Sleep until 7:00 AM
1132.0s [7月21日（週一） 上午 7:07]   use "Packing table"
1132.7s [7月21日（週一） 上午 7:08]   click [Pack] 打包 2 筆訂單（16 分鐘）
1133.6s [7月21日（週一） 上午 7:25]   click [CourierExpress] 快遞 · 快捷 1 天（$23.80）
1139.0s [7月21日（週一） 下午 7:06]   use "Sleep"
1139.6s [7月21日（週一） 下午 7:06]   click [Sleep] Sleep until 7:00 AM
1145.7s [7月22日（週二） 上午 7:07]   use "Packing table"
1146.3s [7月22日（週二） 上午 7:08]   click [Pack] 打包 2 筆訂單（16 分鐘）
1147.2s [7月22日（週二） 上午 7:25]   click [CourierExpress] 快遞 · 快捷 1 天（$23.80）
1152.6s [7月22日（週二） 下午 7:06]   use "Sleep"
1153.2s [7月22日（週二） 下午 7:06]   click [Sleep] Sleep until 7:00 AM
1159.3s [7月23日（週三） 上午 7:07]   use "Packing table"
1160.0s [7月23日（週三） 上午 7:08]   click [Pack] 打包 1 筆訂單（8 分鐘）
1160.9s [7月23日（週三） 上午 7:17]   click [CourierExpress] 快遞 · 快捷 1 天（$14.90）
1166.2s [7月23日（週三） 下午 7:06]   use "Sleep"
1166.8s [7月23日（週三） 下午 7:06]   click [Sleep] Sleep until 7:00 AM
1172.9s [7月24日（週四） 上午 7:07]   use "Packing table"
1173.6s [7月24日（週四） 上午 7:08]   click [Pack] 打包 3 筆訂單（24 分鐘）
1174.5s [7月24日（週四） 上午 7:33]   click [CourierExpress] 快遞 · 快捷 1 天（$32.70）
1179.9s [7月24日（週四） 下午 7:06]   use "Sleep"
1180.5s [7月24日（週四） 下午 7:06]   click [Sleep] Sleep until 7:00 AM
1186.9s [7月25日（週五） 上午 7:07]   use "Packing table"
1187.7s [7月25日（週五） 上午 7:08]   click [Pack] 打包 3 筆訂單（24 分鐘）
1188.9s [7月25日（週五） 上午 7:34]   click [CourierExpress] 快遞 · 快捷 1 天（$32.70）
1194.5s [7月25日（週五） 下午 7:07]   use "Sleep"
1195.2s [7月25日（週五） 下午 7:07]   click [Sleep] Sleep until 7:00 AM
1201.5s [7月26日（週六） 上午 7:07]   use "Packing table"
1202.2s [7月26日（週六） 上午 7:08]   click [Pack] 打包 2 筆訂單（16 分鐘）
1203.1s [7月26日（週六） 上午 7:25]   click [CourierExpress] 快遞 · 快捷 1 天（$23.80）
1208.5s [7月26日（週六） 下午 7:06]   use "Sleep"
1209.1s [7月26日（週六） 下午 7:06]   click [Sleep] Sleep until 7:00 AM
1215.2s [7月27日（週日） 上午 7:07]   use "Packing table"
1215.9s [7月27日（週日） 上午 7:08]   click [Pack] 打包 5 筆訂單（40 分鐘）
1216.7s [7月27日（週日） 上午 7:49]   click [CourierExpress] 快遞 · 快捷 1 天（$50.50）
1222.1s [7月27日（週日） 下午 7:06]   use "Sleep"
1222.7s [7月27日（週日） 下午 7:06]   click [Sleep] Sleep until 7:00 AM
1228.8s [7月28日（週一） 上午 7:07]   use "Packing table"
1229.5s [7月28日（週一） 上午 7:08]   click [Pack] 打包 4 筆訂單（32 分鐘）
1230.4s [7月28日（週一） 上午 7:41]   click [CourierExpress] 快遞 · 快捷 1 天（$41.60）
1235.7s [7月28日（週一） 下午 7:06]   use "Sleep"
1236.3s [7月28日（週一） 下午 7:06]   click [Sleep] Sleep until 7:00 AM
1242.4s [7月29日（週二） 上午 7:07]   use "Packing table"
1243.1s [7月29日（週二） 上午 7:08]   click [Pack] 打包 3 筆訂單（24 分鐘）
1244.0s [7月29日（週二） 上午 7:33]   click [CourierExpress] 快遞 · 快捷 1 天（$32.70）
1249.3s [7月29日（週二） 下午 7:06]   use "Sleep"
1249.9s [7月29日（週二） 下午 7:06]   click [Sleep] Sleep until 7:00 AM
1256.0s [7月30日（週三） 上午 7:07]   use "Packing table"
1256.7s [7月30日（週三） 上午 7:08]   click [Pack] 打包 1 筆訂單（8 分鐘）
1257.6s [7月30日（週三） 上午 7:17]   click [CourierExpress] 快遞 · 快捷 1 天（$14.90）
1262.9s [7月30日（週三） 下午 7:06]   use "Sleep"
1263.6s [7月30日（週三） 下午 7:06]   click [Sleep] Sleep until 7:00 AM
1269.6s [7月31日（週四） 上午 7:07]   use "Packing table"
1270.3s [7月31日（週四） 上午 7:08]   click [Pack] 打包 5 筆訂單（40 分鐘）
1271.2s [7月31日（週四） 上午 7:49]   click [CourierExpress] 快遞 · 快捷 1 天（$50.50）
1276.6s [7月31日（週四） 下午 7:06]   use "Sleep"
1277.2s [7月31日（週四） 下午 7:06]   click [Sleep] Sleep until 7:00 AM
1280.6s [8月1日（週五） 上午 7:00]   shot 104_month_close_report.png
1280.6s [8月1日（週五） 上午 7:00]   click [month close] Continue
1285.4s [8月1日（週五） 上午 7:07]   use "Packing table"
1286.1s [8月1日（週五） 上午 7:08]   click [Pack] 打包 4 筆訂單（32 分鐘）
1287.0s [8月1日（週五） 上午 7:41]   click [CourierExpress] 快遞 · 快捷 1 天（$70.08）
1289.1s [8月1日（週五） 上午 7:44]   ok  Chapter 6 complete
1289.1s [8月1日（週五） 上午 7:44]   ok  ledger balanced after chapters 4–6
1289.1s [8月1日（週五） 上午 7:44]   ok  Chapter 7 started after Chapter 6
1289.2s [8月1日（週五） 上午 7:44]   ok  Year 3: the Supply Shock
1289.2s [8月1日（週五） 上午 7:44] STEP Chapter 7 — the news, and Ken's options
1291.5s [8月1日（週五） 上午 7:49]   ok  walked back outside
1294.9s [8月1日（週五） 上午 7:54]   ok  entered Bloom Coffee
1296.6s [8月1日（週五） 上午 7:56]   use "Read the news board"
1297.4s [8月1日（週五） 上午 8:01]   shot 105_news_supply_shock.png
1297.8s [8月1日（週五） 上午 8:01]   ok  read the news (supply_shock)
1300.7s [8月1日（週五） 上午 8:06]   ok  walked back outside
1303.9s [8月1日（週五） 上午 8:11]   ok  entered Riverside Tower
1305.8s [8月1日（週五） 下午 7:03]   use "Sleep"
1306.4s [8月1日（週五） 下午 7:03]   click [Sleep] Sleep until 7:00 AM
1312.5s [8月2日（週六） 上午 7:07]   use "Packing table"
1313.2s [8月2日（週六） 上午 7:08]   click [Pack] 打包 2 筆訂單（16 分鐘）
1314.1s [8月2日（週六） 上午 7:25]   click [CourierExpress] 快遞 · 快捷 1 天（$38.04）
1319.5s [8月2日（週六） 下午 7:06]   use "Sleep"
1320.1s [8月2日（週六） 下午 7:06]   click [Sleep] Sleep until 7:00 AM
1326.2s [8月3日（週日） 上午 7:07]   use "Packing table"
1326.9s [8月3日（週日） 上午 7:08]   click [Pack] 打包 3 筆訂單（24 分鐘）
1327.8s [8月3日（週日） 上午 7:33]   click [CourierExpress] 快遞 · 快捷 1 天（$54.06）
1329.0s [8月3日（週日） 下午 7:00]   shot 106_decision_supply_shock_plan.png
1329.0s [8月3日（週日） 下午 7:00]   decision supply_shock_plan → local
1329.0s [8月3日（週日） 下午 7:00]   click [Choice_local] 加一個在地備援：奧瑞莉亞職人合作社
1330.4s [8月3日（週日） 下午 7:00]   shot 107_decision_outcome_supply_shock_plan.png
1330.5s [8月3日（週日） 下午 7:00]   click "OK"
1335.2s [8月3日（週日） 下午 7:07]   use "Sleep"
1335.8s [8月3日（週日） 下午 7:07]   click [Sleep] Sleep until 7:00 AM
1341.9s [8月4日（週一） 上午 7:07]   use "Packing table"
1342.6s [8月4日（週一） 上午 7:08]   click [Pack] 打包 4 筆訂單（32 分鐘）
1343.5s [8月4日（週一） 上午 7:41]   click [CourierExpress] 快遞 · 快捷 1 天（$70.08）
1344.6s [8月4日（週一） 上午 7:43]   ok  the local co-op is a supplier now
1344.6s [8月4日（週一） 上午 7:43] STEP Chapter 7 — order from the co-op, raise a price
1346.1s [8月4日（週一） 上午 7:45]   use "Use laptop — Company OS"
1346.7s [8月4日（週一） 上午 7:46]   click [Tab_operations] Operations
1347.4s [8月4日（週一） 上午 7:47]   shot 108_operations_supply_shock.png
1347.4s [8月4日（週一） 上午 7:47]   click [Buy_aurelia_makers_desk_lamp] 購買 $417
1348.0s [8月4日（週一） 上午 7:58]   click [Buy_aurelia_makers_desk_lamp] 購買 $417
1348.7s [8月4日（週一） 上午 8:09]   click [Buy_aurelia_makers_desk_lamp] 購買 $417
1349.3s [8月4日（週一） 上午 8:20]   click [Buy_aurelia_makers_desk_lamp] 購買 $417
1349.9s [8月4日（週一） 上午 8:31]   click [Tab_sales] Sales
1350.4s [8月4日（週一） 上午 8:32]   click [PriceUp_desk_lamp] +
1352.0s [8月4日（週一） 上午 8:34]   ok  stocked and repriced
1355.1s [8月4日（週一） 下午 7:05]   use "Sleep"
1355.9s [8月4日（週一） 下午 7:05]   click [Sleep] Sleep until 7:00 AM
1361.9s [8月5日（週二） 上午 7:07]   use "Packing table"
1362.6s [8月5日（週二） 上午 7:08]   click [Pack] 打包 4 筆訂單（32 分鐘）
1363.5s [8月5日（週二） 上午 7:41]   click [CourierExpress] 快遞 · 快捷 1 天（$70.08）
1368.8s [8月5日（週二） 下午 7:06]   use "Sleep"
1369.4s [8月5日（週二） 下午 7:06]   click [Sleep] Sleep until 7:00 AM
1373.1s [8月6日（週三） 下午 7:03]   use "Sleep"
1373.7s [8月6日（週三） 下午 7:03]   click [Sleep] Sleep until 7:00 AM
1375.7s [8月7日（週四） 下午 7:01]   use "Sleep"
1376.3s [8月7日（週四） 下午 7:01]   click [Sleep] Sleep until 7:00 AM
1378.2s [8月8日（週五） 下午 7:01]   use "Sleep"
1378.8s [8月8日（週五） 下午 7:01]   click [Sleep] Sleep until 7:00 AM
1380.8s [8月9日（週六） 下午 7:01]   use "Sleep"
1381.4s [8月9日（週六） 下午 7:01]   click [Sleep] Sleep until 7:00 AM
1383.4s [8月10日（週日） 下午 7:01]   use "Sleep"
1384.0s [8月10日（週日） 下午 7:01]   click [Sleep] Sleep until 7:00 AM
1387.8s [8月11日（週一） 下午 7:03]   use "Sleep"
1388.4s [8月11日（週一） 下午 7:04]   click [Sleep] Sleep until 7:00 AM
1390.4s [8月12日（週二） 下午 7:00]   shot 109_decision_supplier_price_increase.png
1390.5s [8月12日（週二） 下午 7:00]   decision supplier_price_increase → accept
1390.5s [8月12日（週二） 下午 7:00]   click [Choice_accept] 好。繼續跟你進貨。
1391.9s [8月12日（週二） 下午 7:00]   shot 110_decision_outcome_supplier_price_increase.png
1392.0s [8月12日（週二） 下午 7:00]   click "OK"
1392.6s [8月12日（週二） 下午 7:00]   use "Sleep"
1393.2s [8月12日（週二） 下午 7:00]   click [Sleep] Sleep until 7:00 AM
1395.2s [8月13日（週三） 下午 7:01]   use "Sleep"
1395.8s [8月13日（週三） 下午 7:01]   click [Sleep] Sleep until 7:00 AM
1397.8s [8月14日（週四） 下午 7:01]   use "Sleep"
1398.4s [8月14日（週四） 下午 7:01]   click [Sleep] Sleep until 7:00 AM
1400.3s [8月15日（週五） 下午 7:01]   use "Sleep"
1400.9s [8月15日（週五） 下午 7:01]   click [Sleep] Sleep until 7:00 AM
1405.0s [8月16日（週六） 下午 7:04]   use "Sleep"
1405.6s [8月16日（週六） 下午 7:04]   click [Sleep] Sleep until 7:00 AM
1407.6s [8月17日（週日） 下午 7:01]   use "Sleep"
1408.2s [8月17日（週日） 下午 7:01]   click [Sleep] Sleep until 7:00 AM
1410.1s [8月18日（週一） 下午 7:01]   use "Sleep"
1410.7s [8月18日（週一） 下午 7:01]   click [Sleep] Sleep until 7:00 AM
1412.7s [8月19日（週二） 下午 7:01]   use "Sleep"
1413.3s [8月19日（週二） 下午 7:01]   click [Sleep] Sleep until 7:00 AM
1415.3s [8月20日（週三） 下午 7:01]   use "Sleep"
1416.0s [8月20日（週三） 下午 7:01]   click [Sleep] Sleep until 7:00 AM
1419.8s [8月21日（週四） 下午 7:03]   use "Sleep"
1420.5s [8月21日（週四） 下午 7:04]   click [Sleep] Sleep until 7:00 AM
1422.7s [8月22日（週五） 下午 7:01]   use "Sleep"
1423.7s [8月22日（週五） 下午 7:01]   click [Sleep] Sleep until 7:00 AM
1426.1s [8月23日（週六） 下午 7:01]   use "Sleep"
1426.7s [8月23日（週六） 下午 7:01]   click [Sleep] Sleep until 7:00 AM
1428.6s [8月24日（週日） 下午 7:01]   use "Sleep"
1429.5s [8月24日（週日） 下午 7:01]   click [Sleep] Sleep until 7:00 AM
1431.5s [8月25日（週一） 下午 7:01]   use "Sleep"
1432.5s [8月25日（週一） 下午 7:01]   click [Sleep] Sleep until 7:00 AM
1436.8s [8月26日（週二） 下午 7:04]   use "Sleep"
1437.5s [8月26日（週二） 下午 7:04]   click [Sleep] Sleep until 7:00 AM
1439.4s [8月27日（週三） 下午 7:01]   use "Sleep"
1440.1s [8月27日（週三） 下午 7:01]   click [Sleep] Sleep until 7:00 AM
1442.0s [8月28日（週四） 下午 7:01]   use "Sleep"
1442.6s [8月28日（週四） 下午 7:01]   click [Sleep] Sleep until 7:00 AM
1444.6s [8月29日（週五） 下午 7:01]   use "Sleep"
1445.2s [8月29日（週五） 下午 7:01]   click [Sleep] Sleep until 7:00 AM
1447.2s [8月30日（週六） 下午 7:01]   use "Sleep"
1447.8s [8月30日（週六） 下午 7:01]   click [Sleep] Sleep until 7:00 AM
1451.6s [8月31日（週日） 下午 7:04]   use "Sleep"
1452.2s [8月31日（週日） 下午 7:04]   click [Sleep] Sleep until 7:00 AM
1456.0s [9月1日（週一） 上午 7:00]   shot 111_month_close_report.png
1456.0s [9月1日（週一） 上午 7:00]   click [month close] Continue
1456.6s [9月1日（週一） 下午 7:00]   use "Sleep"
1457.2s [9月1日（週一） 下午 7:00]   click [Sleep] Sleep until 7:00 AM
1459.1s [9月2日（週二） 下午 7:00]   shot 112_decision_supplier_price_increase.png
1459.1s [9月2日（週二） 下午 7:00]   decision supplier_price_increase → accept
1459.2s [9月2日（週二） 下午 7:00]   click [Choice_accept] 好。繼續跟你進貨。
1460.6s [9月2日（週二） 下午 7:00]   shot 113_decision_outcome_supplier_price_increase.png
1460.6s [9月2日（週二） 下午 7:00]   click "OK"
1461.2s [9月2日（週二） 下午 7:00]   use "Sleep"
1461.8s [9月2日（週二） 下午 7:00]   click [Sleep] Sleep until 7:00 AM
1463.7s [9月3日（週三） 下午 7:01]   use "Sleep"
1464.3s [9月3日（週三） 下午 7:01]   click [Sleep] Sleep until 7:00 AM
1466.3s [9月4日（週四） 下午 7:01]   use "Sleep"
1466.9s [9月4日（週四） 下午 7:01]   click [Sleep] Sleep until 7:00 AM
1470.8s [9月5日（週五） 下午 7:03]   use "Sleep"
1471.4s [9月5日（週五） 下午 7:04]   click [Sleep] Sleep until 7:00 AM
1473.3s [9月6日（週六） 下午 7:01]   use "Sleep"
1473.9s [9月6日（週六） 下午 7:01]   click [Sleep] Sleep until 7:00 AM
1475.9s [9月7日（週日） 下午 7:01]   use "Sleep"
1476.5s [9月7日（週日） 下午 7:01]   click [Sleep] Sleep until 7:00 AM
1478.4s [9月8日（週一） 下午 7:01]   use "Sleep"
1479.0s [9月8日（週一） 下午 7:01]   click [Sleep] Sleep until 7:00 AM
1481.0s [9月9日（週二） 下午 7:01]   use "Sleep"
1481.6s [9月9日（週二） 下午 7:01]   click [Sleep] Sleep until 7:00 AM
1485.5s [9月10日（週三） 下午 7:03]   use "Sleep"
1486.1s [9月10日（週三） 下午 7:04]   click [Sleep] Sleep until 7:00 AM
1488.0s [9月11日（週四） 下午 7:01]   use "Sleep"
1488.6s [9月11日（週四） 下午 7:01]   click [Sleep] Sleep until 7:00 AM
1490.6s [9月12日（週五） 下午 7:01]   use "Sleep"
1491.2s [9月12日（週五） 下午 7:01]   click [Sleep] Sleep until 7:00 AM
1493.5s [9月13日（週六） 下午 7:01]   use "Sleep"
1494.1s [9月13日（週六） 下午 7:01]   click [Sleep] Sleep until 7:00 AM
1496.1s [9月14日（週日） 下午 7:01]   use "Sleep"
1496.7s [9月14日（週日） 下午 7:01]   click [Sleep] Sleep until 7:00 AM
1500.8s [9月15日（週一） 下午 7:04]   use "Sleep"
1501.4s [9月15日（週一） 下午 7:04]   click [Sleep] Sleep until 7:00 AM
1503.5s [9月16日（週二） 下午 7:01]   use "Sleep"
1504.1s [9月16日（週二） 下午 7:01]   click [Sleep] Sleep until 7:00 AM
1506.5s [9月17日（週三） 下午 7:01]   use "Sleep"
1507.2s [9月17日（週三） 下午 7:01]   click [Sleep] Sleep until 7:00 AM
1509.1s [9月18日（週四） 下午 7:01]   use "Sleep"
1509.8s [9月18日（週四） 下午 7:01]   click [Sleep] Sleep until 7:00 AM
1511.7s [9月19日（週五） 下午 7:01]   use "Sleep"
1512.5s [9月19日（週五） 下午 7:01]   click [Sleep] Sleep until 7:00 AM
1516.3s [9月20日（週六） 下午 7:03]   use "Sleep"
1517.0s [9月20日（週六） 下午 7:04]   click [Sleep] Sleep until 7:00 AM
1519.0s [9月21日（週日） 下午 7:01]   use "Sleep"
1519.6s [9月21日（週日） 下午 7:01]   click [Sleep] Sleep until 7:00 AM
1521.6s [9月22日（週一） 下午 7:01]   use "Sleep"
1522.2s [9月22日（週一） 下午 7:01]   click [Sleep] Sleep until 7:00 AM
1524.2s [9月23日（週二） 下午 7:01]   use "Sleep"
1524.8s [9月23日（週二） 下午 7:01]   click [Sleep] Sleep until 7:00 AM
1526.9s [9月24日（週三） 下午 7:01]   use "Sleep"
1527.5s [9月24日（週三） 下午 7:01]   click [Sleep] Sleep until 7:00 AM
1531.6s [9月25日（週四） 下午 7:04]   use "Sleep"
1532.2s [9月25日（週四） 下午 7:04]   click [Sleep] Sleep until 7:00 AM
1534.2s [9月26日（週五） 下午 7:01]   use "Sleep"
1534.8s [9月26日（週五） 下午 7:01]   click [Sleep] Sleep until 7:00 AM
1536.7s [9月27日（週六） 下午 7:01]   use "Sleep"
1537.3s [9月27日（週六） 下午 7:01]   click [Sleep] Sleep until 7:00 AM
1539.3s [9月28日（週日） 下午 7:01]   use "Sleep"
1539.9s [9月28日（週日） 下午 7:01]   click [Sleep] Sleep until 7:00 AM
1541.9s [9月29日（週一） 下午 7:01]   use "Sleep"
1542.5s [9月29日（週一） 下午 7:01]   click [Sleep] Sleep until 7:00 AM
1546.4s [9月30日（週二） 下午 7:04]   use "Sleep"
1547.0s [9月30日（週二） 下午 7:04]   click [Sleep] Sleep until 7:00 AM
1550.4s [10月1日（週三） 上午 7:00]   shot 114_month_close_report.png
1550.4s [10月1日（週三） 上午 7:00]   click [month close] Continue
1550.9s [10月1日（週三） 上午 7:00]   ok  Chapter 7 complete
1550.9s [10月1日（週三） 上午 7:00] STEP Chapter 8 — the Green Shift
1550.9s [10月1日（週三） 上午 7:00]   ok  Year 4: the Green Shift
1554.0s [10月1日（週三） 上午 7:06]   ok  walked back outside
1557.4s [10月1日（週三） 上午 7:11]   ok  entered Bloom Coffee
1559.1s [10月1日（週三） 上午 7:13]   use "Read the news board"
1559.9s [10月1日（週三） 上午 7:18]   shot 115_news_green_shift.png
1560.2s [10月1日（週三） 上午 7:18]   ok  read the news (green_shift)
1563.2s [10月1日（週三） 上午 7:23]   ok  walked back outside
1566.4s [10月1日（週三） 上午 7:28]   ok  entered Riverside Tower
1567.8s [10月1日（週三） 上午 7:30]   use "Use laptop — Company OS"
1568.4s [10月1日（週三） 上午 7:31]   click [Tab_operations] Operations
1569.1s [10月1日（週三） 上午 7:32]   click [Packaging_recycled] Recycled paper
1569.6s [10月1日（週三） 上午 7:33]   click [Buy_verdant_supply_solar_lamp] 購買 $504
1570.2s [10月1日（週三） 上午 7:44]   shot 116_operations_green.png
1570.5s [10月1日（週三） 上午 7:45]   ok  recycled packaging
1573.5s [10月1日（週三） 下午 7:04]   use "Sleep"
1574.1s [10月1日（週三） 下午 7:04]   click [Sleep] Sleep until 7:00 AM
1576.1s [10月2日（週四） 下午 7:01]   use "Sleep"
1576.7s [10月2日（週四） 下午 7:01]   click [Sleep] Sleep until 7:00 AM
1578.7s [10月3日（週五） 下午 7:01]   use "Sleep"
1579.3s [10月3日（週五） 下午 7:01]   click [Sleep] Sleep until 7:00 AM
1581.3s [10月4日（週六） 下午 7:01]   use "Sleep"
1581.9s [10月4日（週六） 下午 7:01]   click [Sleep] Sleep until 7:00 AM
1583.6s [10月5日（週日） 上午 7:00]   ok  solar desk lamps arrived before listing
1584.8s [10月5日（週日） 上午 7:02]   use "Use laptop — Company OS"
1585.4s [10月5日（週日） 上午 7:03]   click [Tab_sales] Sales
1586.0s [10月5日（週日） 上午 7:04]   click [ListSelf_solar_lamp] Shoot photos myself & list (1 h 20 min)
1587.2s [10月5日（週日） 上午 8:26]   ok  solar desk lamps listed
1587.3s [10月5日（週日） 上午 8:26] STEP Chapter 8 — the Green Business Grant at City Hall
1587.3s [10月5日（週日） 上午 8:26]   (harness) wait 2 h
1587.8s [10月5日（週日） 上午 10:27]   (harness) wait 2 h
1588.4s [10月5日（週日） 下午 12:28]   (harness) wait 2 h
1589.0s [10月5日（週日） 下午 2:28]   (harness) wait 2 h
1589.6s [10月5日（週日） 下午 4:29]   (harness) wait 2 h
1590.2s [10月5日（週日） 下午 6:30]   (harness) wait 2 h
1593.6s [10月5日（週日） 下午 8:35]   use "Sleep"
1594.2s [10月5日（週日） 下午 8:35]   click [Sleep] Sleep until 7:00 AM
1596.0s [10月6日（週一） 上午 7:00]   (harness) wait 2 h
1599.7s [10月6日（週一） 上午 9:07]   ok  walked back outside
1609.2s [10月6日（週一） 上午 9:21]   use "捷運——河濱區站"
1610.1s [10月6日（週一） 上午 9:22]   shot 117_metro_civic_center.png
1610.1s [10月6日（週一） 上午 9:22]   click [Go_civic_center] 市政中心  ·  12 分鐘
1611.1s [10月6日（週一） 上午 9:36]   ok  took the Metro to Civic Center
1618.2s [10月6日（週一） 上午 9:47]   ok  entered Aurelia City Hall
1620.0s [10月6日（週一） 上午 9:49]   use "Permits & regulations"
1620.8s [10月6日（週一） 上午 9:50]   shot 118_green_grant.png
1620.8s [10月6日（週一） 上午 9:50]   click [ApplyGreenGrant] Apply
1621.7s [10月6日（週一） 上午 10:22]   ok  green grant approved
1622.7s [10月6日（週一） 上午 10:23]   ok  Chapter 8 complete
1622.7s [10月6日（週一） 上午 10:23] STEP Chapter 9 — the Clearing Crisis: an import stuck on the wire
1622.7s [10月6日（週一） 上午 10:23]   ok  Year 5: the Clearing Crisis
1625.7s [10月6日（週一） 上午 10:29]   ok  walked back outside
1631.4s [10月6日（週一） 上午 10:37]   use "捷運——市政中心站"
1632.3s [10月6日（週一） 上午 10:39]   shot 119_metro_riverside.png
1632.3s [10月6日（週一） 上午 10:39]   click [Go_riverside] 河濱區  ·  12 分鐘
1633.3s [10月6日（週一） 上午 10:52]   ok  took the Metro to Riverside
1640.8s [10月6日（週一） 上午 11:04]   ok  entered Bloom Coffee
1642.5s [10月6日（週一） 上午 11:06]   use "Read the news board"
1643.2s [10月6日（週一） 上午 11:11]   shot 120_news_clearing_crisis.png
1643.6s [10月6日（週一） 上午 11:11]   ok  read the news (clearing_crisis)
1646.5s [10月6日（週一） 上午 11:16]   ok  walked back outside
1649.7s [10月6日（週一） 上午 11:21]   ok  entered Riverside Tower
1651.1s [10月6日（週一） 上午 11:23]   use "Use laptop — Company OS"
1651.7s [10月6日（週一） 上午 11:24]   click [Tab_operations] Operations
1652.4s [10月6日（週一） 上午 11:25]   click [Buy_lumina_direct_phone_stand] 購買 $884
1653.2s [10月6日（週一） 上午 11:26]   shot 121_settlement_choice.png
1653.2s [10月6日（週一） 上午 11:26]   click [Settle_international_wire] Pay this way
1654.2s [10月6日（週一） 上午 11:28]   ok  import ordered, paid by wire
1654.3s [10月6日（週一） 上午 11:28] STEP Chapter 9 — Lina Zhao at Nexus Bank
1656.9s [10月6日（週一） 上午 11:33]   ok  walked back outside
1666.3s [10月6日（週一） 上午 11:47]   use "捷運——河濱區站"
1667.2s [10月6日（週一） 上午 11:48]   shot 122_metro_financial.png
1667.2s [10月6日（週一） 上午 11:48]   click [Go_financial] 金融區  ·  10 分鐘
1668.3s [10月6日（週一） 下午 12:00]   ok  took the Metro to Financial District
1675.8s [10月6日（週一） 下午 12:11]   ok  entered Nexus Bank
1678.6s [10月6日（週一） 下午 12:16]   use "和 Lina Zhao 說話"
1679.5s [10月6日（週一） 下午 12:16]   shot 123_lina_intro.png
1685.3s [10月6日（週一） 下午 12:16]   choose "› 幫我開一個數位美元帳戶。"
1687.4s [10月6日（週一） 下午 12:16]   ok  met Lina Zhao
1689.7s [10月6日（週一） 下午 12:20]   ok  walked back outside
1695.9s [10月6日（週一） 下午 12:29]   use "捷運——金融區站"
1696.8s [10月6日（週一） 下午 12:31]   shot 124_metro_riverside.png
1696.8s [10月6日（週一） 下午 12:31]   click [Go_riverside] 河濱區  ·  10 分鐘
1697.8s [10月6日（週一） 下午 12:42]   ok  took the Metro to Riverside
1707.0s [10月6日（週一） 下午 12:56]   ok  entered Riverside Tower
1708.4s [10月6日（週一） 下午 12:58]   use "Use laptop — Company OS"
1709.0s [10月6日（週一） 下午 12:59]   click [Tab_operations] Operations
1709.7s [10月6日（週一） 下午 1:00]   click [SpeedUp_PO-119] Speed up
1710.4s [10月6日（週一） 下午 1:01]   shot 125_settlement_speed_up.png
1710.4s [10月6日（週一） 下午 1:01]   click [Settle_letter_of_credit] Switch
1714.6s [10月6日（週一） 下午 7:04]   use "Sleep"
1715.2s [10月6日（週一） 下午 7:04]   click [Sleep] Sleep until 7:00 AM
1717.2s [10月7日（週二） 下午 7:01]   use "Sleep"
1717.8s [10月7日（週二） 下午 7:01]   click [Sleep] Sleep until 7:00 AM
1719.8s [10月8日（週三） 下午 7:01]   use "Sleep"
1720.4s [10月8日（週三） 下午 7:01]   click [Sleep] Sleep until 7:00 AM
1722.3s [10月9日（週四） 下午 7:01]   use "Sleep"
1722.9s [10月9日（週四） 下午 7:01]   click [Sleep] Sleep until 7:00 AM
1724.9s [10月10日（週五） 下午 7:01]   use "Sleep"
1725.5s [10月10日（週五） 下午 7:01]   click [Sleep] Sleep until 7:00 AM
1729.3s [10月11日（週六） 下午 7:03]   use "Sleep"
1729.9s [10月11日（週六） 下午 7:04]   click [Sleep] Sleep until 7:00 AM
1731.9s [10月12日（週日） 下午 7:01]   use "Sleep"
1732.5s [10月12日（週日） 下午 7:01]   click [Sleep] Sleep until 7:00 AM
1734.5s [10月13日（週一） 下午 7:01]   use "Sleep"
1735.1s [10月13日（週一） 下午 7:01]   click [Sleep] Sleep until 7:00 AM
1737.0s [10月14日（週二） 下午 7:01]   use "Sleep"
1737.6s [10月14日（週二） 下午 7:01]   click [Sleep] Sleep until 7:00 AM
1739.5s [10月15日（週三） 下午 7:00]   shot 126_decision_supplier_price_increase.png
1739.5s [10月15日（週三） 下午 7:00]   decision supplier_price_increase → accept
1739.5s [10月15日（週三） 下午 7:00]   click [Choice_accept] 好。繼續跟你進貨。
1740.9s [10月15日（週三） 下午 7:00]   shot 127_decision_outcome_supplier_price_increase.png
1741.0s [10月15日（週三） 下午 7:00]   click "OK"
1741.6s [10月15日（週三） 下午 7:00]   use "Sleep"
1742.2s [10月15日（週三） 下午 7:00]   click [Sleep] Sleep until 7:00 AM
1746.2s [10月16日（週四） 下午 7:04]   use "Sleep"
1746.8s [10月16日（週四） 下午 7:04]   click [Sleep] Sleep until 7:00 AM
1748.8s [10月17日（週五） 下午 7:01]   use "Sleep"
1749.4s [10月17日（週五） 下午 7:01]   click [Sleep] Sleep until 7:00 AM
1751.4s [10月18日（週六） 下午 7:01]   use "Sleep"
1752.0s [10月18日（週六） 下午 7:01]   click [Sleep] Sleep until 7:00 AM
1753.9s [10月19日（週日） 下午 7:01]   use "Sleep"
1754.5s [10月19日（週日） 下午 7:01]   click [Sleep] Sleep until 7:00 AM
1756.5s [10月20日（週一） 下午 7:01]   use "Sleep"
1757.1s [10月20日（週一） 下午 7:01]   click [Sleep] Sleep until 7:00 AM
1761.0s [10月21日（週二） 下午 7:04]   use "Sleep"
1761.6s [10月21日（週二） 下午 7:04]   click [Sleep] Sleep until 7:00 AM
1763.5s [10月22日（週三） 下午 7:01]   use "Sleep"
1764.1s [10月22日（週三） 下午 7:01]   click [Sleep] Sleep until 7:00 AM
1766.1s [10月23日（週四） 下午 7:01]   use "Sleep"
1766.7s [10月23日（週四） 下午 7:01]   click [Sleep] Sleep until 7:00 AM
1768.5s [10月24日（週五） 上午 7:00]   ok  Chapter 9 complete: the import got through
1768.5s [10月24日（週五） 上午 7:00]   ok  ledger balanced after chapters 7–9
1768.5s [10月24日（週五） 上午 7:00] STEP Old Town — lease the corner café from Mr. Okafor
1768.5s [10月24日（週五） 上午 7:00]   (harness) wait 2 h
1772.5s [10月24日（週五） 上午 9:07]   ok  walked back outside
1781.9s [10月24日（週五） 上午 9:21]   use "捷運——河濱區站"
1782.8s [10月24日（週五） 上午 9:23]   shot 128_metro_old_town.png
1782.8s [10月24日（週五） 上午 9:23]   click [Go_old_town] 舊城區  ·  16 分鐘
1784.3s [10月24日（週五） 上午 9:40]   ok  took the Metro to Old Town
1784.3s [10月24日（週五） 上午 9:40]   shot 129_old_town.png
1795.2s [10月24日（週五） 上午 9:57]   ok  entered Okafor Lettings
1795.8s [10月24日（週五） 上午 9:58]   use "和 Okafor 先生 說話"
1798.8s [10月24日（週五） 上午 9:58]   choose "› 這裡以前是什麼店？"
1803.9s [10月24日（週五） 上午 9:59]   shot 130_cafe_lease.png
1803.9s [10月24日（週五） 上午 9:59]   click [SignLease_corner_cafe] Sign the lease
1804.7s [10月24日（週五） 上午 10:00]   ok  leased the corner café unit
1806.6s [10月24日（週五） 上午 10:04]   ok  walked back outside
1806.7s [10月24日（週五） 上午 10:04]   shot 131_old_town_storefronts.png
1811.8s [10月24日（週五） 上午 10:12]   ok  entered Corner Café Unit
1812.6s [10月24日（週五） 上午 10:13]   use "Check the till — Company OS"
1813.2s [10月24日（週五） 上午 10:14]   click [CafeFitOut] 裝修（$5,800）
1813.7s [10月24日（週五） 上午 10:14]   click [CafeSupplies_large] 400 杯份 · $330
1814.2s [10月24日（週五） 上午 10:15]   shot 132_cafe_setup.png
1814.5s [10月24日（週五） 上午 10:16]   ok  fit-out under way
1814.5s [10月24日（週五） 上午 10:16]   ok  coffee supplies ordered
1814.5s [10月24日（週五） 上午 10:16] STEP Old Town — the food licence at City Hall (walking via Shopping Street)
1816.5s [10月24日（週五） 上午 10:20]   ok  walked back outside
1824.6s [10月24日（週五） 上午 10:37]   ok  walked to Shopping Street
1838.0s [10月24日（週五） 上午 11:05]   ok  walked to Civic Center
1842.1s [10月24日（週五） 上午 11:12]   ok  entered Aurelia City Hall
1843.9s [10月24日（週五） 上午 11:14]   use "Permits & regulations"
1844.6s [10月24日（週五） 上午 11:15]   click [ApplyFoodLicence] Apply
1845.1s [10月24日（週五） 上午 11:36]   shot 133_food_licence.png
1845.5s [10月24日（週五） 上午 11:37]   ok  food licence applied for
1848.5s [10月24日（週五） 上午 11:42]   ok  walked back outside
1854.2s [10月24日（週五） 上午 11:51]   use "捷運——市政中心站"
1855.1s [10月24日（週五） 上午 11:52]   shot 134_metro_riverside.png
1855.1s [10月24日（週五） 上午 11:52]   click [Go_riverside] 河濱區  ·  12 分鐘
1856.2s [10月24日（週五） 下午 12:06]   ok  took the Metro to Riverside
1865.3s [10月24日（週五） 下午 12:19]   ok  entered Riverside Tower
1865.3s [10月24日（週五） 下午 12:19]   (harness) wait 2 h
1865.9s [10月24日（週五） 下午 2:20]   (harness) wait 2 h
1866.5s [10月24日（週五） 下午 4:21]   (harness) wait 2 h
1867.1s [10月24日（週五） 下午 6:22]   (harness) wait 2 h
1869.6s [10月24日（週五） 下午 8:26]   use "Sleep"
1870.2s [10月24日（週五） 下午 8:26]   click [Sleep] Sleep until 7:00 AM
1872.0s [10月25日（週六） 上午 7:00]   (harness) wait 2 h
1872.6s [10月25日（週六） 上午 9:01]   (harness) wait 2 h
1873.2s [10月25日（週六） 上午 11:02]   (harness) wait 2 h
1873.8s [10月25日（週六） 下午 1:03]   (harness) wait 2 h
1874.4s [10月25日（週六） 下午 3:04]   (harness) wait 2 h
1875.0s [10月25日（週六） 下午 5:05]   (harness) wait 2 h
1875.7s [10月25日（週六） 下午 7:06]   use "Sleep"
1876.3s [10月25日（週六） 下午 7:06]   click [Sleep] Sleep until 7:00 AM
1878.1s [10月26日（週日） 上午 7:00]   (harness) wait 2 h
1878.7s [10月26日（週日） 上午 9:01]   (harness) wait 2 h
1879.3s [10月26日（週日） 上午 11:02]   (harness) wait 2 h
1879.9s [10月26日（週日） 下午 1:03]   (harness) wait 2 h
1880.5s [10月26日（週日） 下午 3:04]   (harness) wait 2 h
1881.1s [10月26日（週日） 下午 5:05]   (harness) wait 2 h
1881.9s [10月26日（週日） 下午 7:06]   use "Sleep"
1882.5s [10月26日（週日） 下午 7:06]   click [Sleep] Sleep until 7:00 AM
1884.3s [10月27日（週一） 上午 7:00]   ok  fitted out and licensed
1884.3s [10月27日（週一） 上午 7:00] STEP Old Town — opening day behind your own counter
1887.5s [10月27日（週一） 上午 7:06]   ok  walked back outside
1896.9s [10月27日（週一） 上午 7:20]   use "捷運——河濱區站"
1897.8s [10月27日（週一） 上午 7:22]   shot 135_metro_old_town.png
1897.8s [10月27日（週一） 上午 7:22]   click [Go_old_town] 舊城區  ·  16 分鐘
1898.9s [10月27日（週一） 上午 7:39]   ok  took the Metro to Old Town
1906.3s [10月27日（週一） 上午 7:50]   ok  entered Corner Café Unit
1906.4s [10月27日（週一） 上午 7:50]   shot 136_cafe_open.png
1907.4s [10月27日（週一） 上午 7:52]   use "Work the counter (2 h)"
1908.3s [10月27日（週一） 上午 9:53]   ok  served customers at your own café
1908.7s [10月27日（週一） 上午 9:54]   use "Check the till — Company OS"
1909.4s [10月27日（週一） 上午 9:55]   shot 137_cafe_tab.png
1909.8s [10月27日（週一） 上午 9:56]   ok  ledger balanced after opening the café
1912.0s [10月27日（週一） 上午 10:00]   ok  walked back outside
1919.6s [10月27日（週一） 上午 10:11]   use "捷運——舊城區站"
1920.6s [10月27日（週一） 上午 10:13]   shot 138_metro_riverside.png
1920.6s [10月27日（週一） 上午 10:13]   click [Go_riverside] 河濱區  ·  16 分鐘
1921.6s [10月27日（週一） 上午 10:30]   ok  took the Metro to Riverside
1930.7s [10月27日（週一） 上午 10:44]   ok  entered Riverside Tower
1930.7s [10月27日（週一） 上午 10:44] STEP Harbor — metro to the docks, a used van from Sam, and Pier 7
1930.7s [10月27日（週一） 上午 10:44]   ok  actual financing covers the van, bay and working capital
1932.1s [10月27日（週一） 上午 10:47]   ok  walked back outside
1941.5s [10月27日（週一） 上午 11:01]   use "捷運——河濱區站"
1942.5s [10月27日（週一） 上午 11:03]   shot 139_metro_harbor.png
1942.5s [10月27日（週一） 上午 11:03]   click [Go_harbor] 港區  ·  8 分鐘
1944.2s [10月27日（週一） 上午 11:12]   ok  took the Metro to Harbor
1944.3s [10月27日（週一） 上午 11:12]   shot 140_harbor.png
1951.1s [10月27日（週一） 上午 11:22]   shot 141_harbor_street.png
1953.9s [10月27日（週一） 上午 11:27]   ok  entered Dockside Motors
1954.4s [10月27日（週一） 上午 11:27]   use "和 Sam Okoro 說話"
1957.5s [10月27日（週一） 上午 11:27]   choose "› 你這裡有什麼？"
1962.5s [10月27日（週一） 上午 11:28]   shot 142_van_dealer.png
1962.5s [10月27日（週一） 上午 11:28]   click [BuyVan] 買下這台貨車（$9,800）
1963.2s [10月27日（週一） 上午 11:29]   shot 143_van_bought.png
1963.5s [10月27日（週一） 上午 11:29]   ok  bought the van from Sam
1963.5s [10月27日（週一） 上午 11:29]   ok  the van is a vehicle expense
1965.3s [10月27日（週一） 上午 11:33]   ok  walked back outside
1971.1s [10月27日（週一） 上午 11:42]   ok  entered Pier 7 Warehouse
1974.6s [10月27日（週一） 上午 11:47]   use "Lettings desk: lease Bay 3"
1975.4s [10月27日（週一） 上午 11:48]   shot 144_pier7_lease.png
1975.4s [10月27日（週一） 上午 11:48]   click [SignLease_pier7_warehouse] Sign the lease
1976.2s [10月27日（週一） 上午 11:49]   ok  leased the Pier 7 bay
1976.2s [10月27日（週一） 上午 11:49]   ok  Pier 7 is a stock location
1976.8s [10月27日（週一） 上午 11:50]   shot 145_pier7_warehouse.png
1981.0s [10月27日（週一） 上午 11:58]   ok  walked back outside
1989.6s [10月27日（週一） 下午 12:10]   use "捷運——港區站"
1990.5s [10月27日（週一） 下午 12:12]   shot 146_metro_riverside.png
1990.5s [10月27日（週一） 下午 12:12]   click [Go_riverside] 河濱區  ·  8 分鐘
1991.6s [10月27日（週一） 下午 12:21]   ok  took the Metro to Riverside
2000.7s [10月27日（週一） 下午 12:35]   ok  entered Riverside Tower
2000.7s [10月27日（週一） 下午 12:35] STEP Harbor — the morning's delivery runs
2000.7s [10月27日（週一） 下午 12:35]   (harness) wait 2 h
2001.3s [10月27日（週一） 下午 2:36]   (harness) wait 2 h
2001.9s [10月27日（週一） 下午 4:37]   (harness) wait 2 h
2002.5s [10月27日（週一） 下午 6:38]   (harness) wait 2 h
2005.0s [10月27日（週一） 下午 8:41]   use "Sleep"
2005.6s [10月27日（週一） 下午 8:42]   click [Sleep] Sleep until 7:00 AM
2007.4s [10月28日（週二） 上午 7:00]   (harness) wait 2 h
2008.0s [10月28日（週二） 上午 9:01]   ok  runs were posted in the morning
2011.1s [10月28日（週二） 上午 9:07]   ok  walked back outside
2020.5s [10月28日（週二） 上午 9:21]   use "捷運——河濱區站"
2021.5s [10月28日（週二） 上午 9:22]   shot 147_metro_harbor.png
2021.5s [10月28日（週二） 上午 9:22]   click [Go_harbor] 港區  ·  8 分鐘
2022.5s [10月28日（週二） 上午 9:32]   ok  took the Metro to Harbor
2032.5s [10月28日（週二） 上午 9:47]   ok  entered Pier 7 Warehouse
2035.3s [10月28日（週二） 上午 9:51]   use "Sit at the yard office desk — Company OS"
2035.9s [10月28日（週二） 上午 9:52]   click [Tab_logistics] Logistics
2036.7s [10月28日（週二） 上午 9:53]   shot 148_logistics_tab.png
2037.3s [10月28日（週二） 上午 9:54]   shot 149_logistics_badge_pinned.png
2037.4s [10月28日（週二） 上午 9:54]   click [Tab_logistics] Logistics
2037.7s [10月28日（週二） 上午 9:55]   ok  delivery runs on the board
2037.7s [10月28日（週二） 上午 9:55]   click [Accept_R3] Accept
2038.3s [10月28日（週二） 上午 9:56]   ok  accepted run R3
2038.4s [10月28日（週二） 上午 9:56]   shot 150_logistics_accepted.png
2038.4s [10月28日（週二） 上午 9:56]   click [Drive_R3] Drive it
2039.1s [10月28日（週二） 上午 9:56]   shot 151_route_game_intro.png
2039.1s [10月28日（週二） 上午 9:56]   click [StartGame] Start
2039.5s [10月28日（週二） 上午 9:56]   click [Stop_3] 
2039.6s [10月28日（週二） 上午 9:56]   click [Stop_5] 
2039.8s [10月28日（週二） 上午 9:56]   shot 152_route_game_planning.png
2039.8s [10月28日（週二） 上午 9:56]   click [Stop_4] 
2039.9s [10月28日（週二） 上午 9:56]   click [Stop_1] 
2040.0s [10月28日（週二） 上午 9:56]   click [Stop_2] 
2040.1s [10月28日（週二） 上午 9:56]   click [Stop_6] 
2040.6s [10月28日（週二） 上午 9:56]   shot 153_route_game_planned.png
2040.6s [10月28日（週二） 上午 9:56]   click [DriveRoute] Drive the route
2041.2s [10月28日（週二） 上午 9:56]   shot 154_route_game_results.png
2041.2s [10月28日（週二） 上午 9:56]   click [FinishGame] Continue
2042.1s [10月28日（週二） 下午 1:44]   ok  the run is done and in the history
2042.1s [10月28日（週二） 下午 1:44]   ok  the pay was banked as revenue ($154.00 for run R3)
2042.1s [10月28日（週二） 下午 1:44]   ok  fuel was charged
2042.1s [10月28日（週二） 下午 1:44]   ok  the best route scored 100%
2042.6s [10月28日（週二） 下午 1:44]   shot 155_logistics_tab_paid.png
2043.0s [10月28日（週二） 下午 1:45]   ok  ledger balanced after the first delivery run
2047.0s [10月28日（週二） 下午 1:52]   ok  walked back outside
2055.5s [10月28日（週二） 下午 2:05]   use "捷運——港區站"
2056.5s [10月28日（週二） 下午 2:06]   shot 156_metro_riverside.png
2056.5s [10月28日（週二） 下午 2:06]   click [Go_riverside] 河濱區  ·  8 分鐘
2057.5s [10月28日（週二） 下午 2:16]   ok  took the Metro to Riverside
2066.7s [10月28日（週二） 下午 2:30]   ok  entered Riverside Tower
2066.7s [10月28日（週二） 下午 2:30]   ok  Chapter 10 started after Chapter 9
2066.7s [10月28日（週二） 下午 2:30]   ok  Year 6: the Digital Finance Boom
2066.7s [10月28日（週二） 下午 2:30] STEP Chapter 10 — the news, and Lina's escrow offer
2068.0s [10月28日（週二） 下午 2:33]   ok  walked back outside
2071.4s [10月28日（週二） 下午 2:38]   ok  entered Bloom Coffee
2073.1s [10月28日（週二） 下午 2:40]   use "Read the news board"
2073.9s [10月28日（週二） 下午 2:45]   shot 157_news_digital_rails.png
2074.2s [10月28日（週二） 下午 2:45]   ok  read the news (digital_rails)
2077.2s [10月28日（週二） 下午 2:50]   ok  walked back outside
2080.4s [10月28日（週二） 下午 2:55]   ok  entered Riverside Tower
2081.8s [10月28日（週二） 下午 2:58]   ok  walked back outside
2091.2s [10月28日（週二） 下午 3:12]   use "捷運——河濱區站"
2092.2s [10月28日（週二） 下午 3:14]   shot 158_metro_financial.png
2092.2s [10月28日（週二） 下午 3:14]   click [Go_financial] 金融區  ·  10 分鐘
2093.2s [10月28日（週二） 下午 3:25]   ok  took the Metro to Financial District
2100.8s [10月28日（週二） 下午 3:37]   ok  entered Nexus Bank
2103.5s [10月28日（週二） 下午 3:41]   use "和 Lina Zhao 說話"
2104.4s [10月28日（週二） 下午 3:41]   shot 159_lina_rails.png
2110.1s [10月28日（週二） 下午 3:41]   choose "› 有什麼但書？"
2116.0s [10月28日（週二） 下午 3:43]   ok  the '!' badge for escrow pins its card
2116.1s [10月28日（週二） 下午 3:43]   shot 160_badge_escrow_pinned.png
2116.3s [10月28日（週二） 下午 3:43]   shot 161_decision_escrow_offer.png
2116.3s [10月28日（週二） 下午 3:43]   decision escrow_offer → try
2116.3s [10月28日（週二） 下午 3:43]   click [Choice_try] 開立託管帳戶
2117.7s [10月28日（週二） 下午 3:43]   shot 162_decision_outcome_escrow_offer.png
2117.7s [10月28日（週二） 下午 3:43]   click "OK"
2118.1s [10月28日（週二） 下午 3:43]   ok  opened an escrow account
2118.1s [10月28日（週二） 下午 3:43] STEP Chapter 10 — an import paid through escrow
2120.4s [10月28日（週二） 下午 3:48]   ok  walked back outside
2126.6s [10月28日（週二） 下午 3:57]   use "捷運——金融區站"
2127.6s [10月28日（週二） 下午 3:58]   shot 163_metro_riverside.png
2127.6s [10月28日（週二） 下午 3:58]   click [Go_riverside] 河濱區  ·  10 分鐘
2128.6s [10月28日（週二） 下午 4:10]   ok  took the Metro to Riverside
2137.7s [10月28日（週二） 下午 4:23]   ok  entered Riverside Tower
2139.1s [10月28日（週二） 下午 4:26]   use "Use laptop — Company OS"
2139.7s [10月28日（週二） 下午 4:26]   click [Tab_operations] Operations
2140.3s [10月28日（週二） 下午 4:27]   click [Buy_lumina_direct_phone_stand] 購買 $864
2141.1s [10月28日（週二） 下午 4:29]   shot 164_settlement_escrow.png
2141.1s [10月28日（週二） 下午 4:29]   click [Settle_escrow] Pay this way
2141.8s [10月28日（週二） 下午 5:00]   toast: Riverlight Goods 咖啡 今天沒開門：吧台沒人顧。去僱一位咖啡師（人員分頁），或自己站吧台。
2141.8s [10月28日（週二） 下午 6:40]   click [Tab_finance] Finance
2142.0s [10月28日（週二） 下午 6:40]   click [Tab_operations] Operations
2147.1s [10月28日（週二） 下午 6:48]   shot 165_operations_escrow_order.png
2147.5s [10月28日（週二） 下午 6:48]   ok  import ordered through escrow
2147.7s [10月28日（週二） 下午 6:48]   use "Use laptop — Company OS"
2148.3s [10月28日（週二） 下午 6:49]   click [Tab_finance] Finance
2149.0s [10月28日（週二） 下午 6:50]   shot 166_finance_held_in_escrow.png
2152.4s [10月28日（週二） 下午 7:04]   use "Sleep"
2153.0s [10月28日（週二） 下午 7:04]   click [Sleep] Sleep until 7:00 AM
2154.8s [10月29日（週三） 下午 5:00]   toast: Riverlight Goods 咖啡 今天沒開門：吧台沒人顧。去僱一位咖啡師（人員分頁），或自己站吧台。
2155.0s [10月29日（週三） 下午 7:01]   use "Sleep"
2155.6s [10月29日（週三） 下午 7:01]   click [Sleep] Sleep until 7:00 AM
2157.4s [10月30日（週四） 下午 5:00]   toast: Riverlight Goods 咖啡 今天沒開門：吧台沒人顧。去僱一位咖啡師（人員分頁），或自己站吧台。
2157.5s [10月30日（週四） 下午 7:01]   use "Sleep"
2158.1s [10月30日（週四） 下午 7:01]   click [Sleep] Sleep until 7:00 AM
2159.9s [10月31日（週五） 下午 5:00]   toast: Riverlight Goods 咖啡 今天沒開門：吧台沒人顧。去僱一位咖啡師（人員分頁），或自己站吧台。
2160.1s [10月31日（週五） 下午 7:01]   use "Sleep"
2160.7s [10月31日（週五） 下午 7:01]   click [Sleep] Sleep until 7:00 AM
2164.1s [11月1日（週六） 上午 7:00]   shot 167_month_close_report.png
2164.1s [11月1日（週六） 上午 7:00]   click [month close] Continue
2164.6s [11月1日（週六） 下午 5:00]   toast: Riverlight Goods 咖啡 今天沒開門：吧台沒人顧。去僱一位咖啡師（人員分頁），或自己站吧台。
2164.7s [11月1日（週六） 下午 7:00]   use "Sleep"
2165.3s [11月1日（週六） 下午 7:00]   click [Sleep] Sleep until 7:00 AM
2169.2s [11月2日（週日） 下午 7:03]   use "Sleep"
2169.8s [11月2日（週日） 下午 7:04]   click [Sleep] Sleep until 7:00 AM
2171.6s [11月3日（週一） 下午 5:00]   toast: Riverlight Goods 咖啡 今天沒開門：吧台沒人顧。去僱一位咖啡師（人員分頁），或自己站吧台。
2171.8s [11月3日（週一） 下午 7:01]   use "Sleep"
2172.4s [11月3日（週一） 下午 7:01]   click [Sleep] Sleep until 7:00 AM
2174.2s [11月4日（週二） 下午 5:00]   toast: Riverlight Goods 咖啡 今天沒開門：吧台沒人顧。去僱一位咖啡師（人員分頁），或自己站吧台。
2174.3s [11月4日（週二） 下午 7:01]   use "Sleep"
2174.9s [11月4日（週二） 下午 7:01]   click [Sleep] Sleep until 7:00 AM
2176.7s [11月5日（週三） 下午 5:00]   toast: Riverlight Goods 咖啡 今天沒開門：吧台沒人顧。去僱一位咖啡師（人員分頁），或自己站吧台。
2176.9s [11月5日（週三） 下午 7:01]   use "Sleep"
2177.5s [11月5日（週三） 下午 7:01]   click [Sleep] Sleep until 7:00 AM
2179.3s [11月6日（週四） 下午 5:00]   toast: Riverlight Goods 咖啡 今天沒開門：吧台沒人顧。去僱一位咖啡師（人員分頁），或自己站吧台。
2179.5s [11月6日（週四） 下午 7:01]   use "Sleep"
2180.1s [11月6日（週四） 下午 7:01]   click [Sleep] Sleep until 7:00 AM
2181.9s [11月7日（週五） 下午 5:00]   toast: Riverlight Goods 咖啡 今天沒開門：吧台沒人顧。去僱一位咖啡師（人員分頁），或自己站吧台。
2184.3s [11月7日（週五） 下午 7:04]   use "Sleep"
2184.9s [11月7日（週五） 下午 7:04]   click [Sleep] Sleep until 7:00 AM
2186.7s [11月8日（週六） 下午 5:00]   toast: Riverlight Goods 咖啡 今天沒開門：吧台沒人顧。去僱一位咖啡師（人員分頁），或自己站吧台。
2186.8s [11月8日（週六） 下午 7:01]   use "Sleep"
2187.4s [11月8日（週六） 下午 7:01]   click [Sleep] Sleep until 7:00 AM
2189.5s [11月9日（週日） 下午 7:01]   use "Sleep"
2190.1s [11月9日（週日） 下午 7:01]   click [Sleep] Sleep until 7:00 AM
2191.8s [11月10日（週一） 上午 7:00]   ok  escrow released to the supplier on arrival
2191.8s [11月10日（週一） 上午 7:00]   ok  Chapter 10 complete
2191.8s [11月10日（週一） 上午 7:00] STEP Chapter 11 — the bridge exploit
2191.8s [11月10日（週一） 上午 7:00]   ok  Year 7: the Bridge Exploit
2195.1s [11月10日（週一） 上午 7:06]   ok  walked back outside
2198.5s [11月10日（週一） 上午 7:11]   ok  entered Bloom Coffee
2200.2s [11月10日（週一） 上午 7:14]   use "Read the news board"
2201.0s [11月10日（週一） 上午 7:19]   shot 168_news_bridge_before.png
2201.7s [11月10日（週一） 上午 7:19]   ok  read the news (bridge_before)
2204.7s [11月10日（週一） 上午 7:24]   ok  walked back outside
2207.9s [11月10日（週一） 上午 7:29]   ok  entered Riverside Tower
2209.3s [11月10日（週一） 上午 7:31]   use "Use laptop — Company OS"
2209.9s [11月10日（週一） 上午 7:32]   click [Tab_operations] Operations
2210.5s [11月10日（週一） 上午 7:33]   click [Buy_lumina_direct_phone_stand] 購買 $856
2211.3s [11月10日（週一） 上午 7:34]   shot 169_settlement_before_exploit.png
2211.4s [11月10日（週一） 上午 7:34]   click [Settle_escrow] Pay this way
2212.5s [11月10日（週一） 上午 7:36]   ok  restock ordered through escrow (cash $31,476)
2224.8s [11月10日（週一） 上午 7:55]   toast: 快訊：數位美元跨鏈橋遭駭。轉帳凍結，預計 11月16日 上午 7:55 前後恢復。
2226.7s [11月10日（週一） 上午 7:57]   ok  the bridge is frozen with our payment crossing it
2227.4s [11月10日（週一） 上午 7:57]   ok  the '!' badge for frozen_funds pins its card
2227.4s [11月10日（週一） 上午 7:57]   shot 170_badge_frozen_pinned.png
2227.6s [11月10日（週一） 上午 7:57]   shot 171_decision_rail_frozen.png
2227.6s [11月10日（週一） 上午 7:57]   decision rail_frozen → reroute
2227.6s [11月10日（週一） 上午 7:57]   click [Choice_reroute] 改用電匯重新付款（$890）
2229.0s [11月10日（週一） 上午 7:57]   shot 172_decision_outcome_rail_frozen.png
2229.1s [11月10日（週一） 上午 7:57]   click "OK"
2229.5s [11月10日（週一） 上午 7:57]   ok  paid again by wire
2229.7s [11月10日（週一） 上午 7:57]   use "Use laptop — Company OS"
2230.3s [11月10日（週一） 上午 7:58]   click [Tab_finance] Finance
2231.0s [11月10日（週一） 上午 7:59]   shot 173_finance_frozen_funds.png
2231.0s [11月10日（週一） 上午 7:59]   click [Tab_operations] Operations
2236.6s [11月10日（週一） 上午 8:08]   shot 174_operations_frozen_order.png
2239.6s [11月10日（週一） 上午 8:13]   ok  walked back outside
2243.0s [11月10日（週一） 上午 8:18]   ok  entered Bloom Coffee
2244.7s [11月10日（週一） 上午 8:21]   use "Read the news board"
2245.4s [11月10日（週一） 上午 8:26]   shot 175_news_bridge_frozen.png
2245.8s [11月10日（週一） 上午 8:26]   ok  read the news (bridge_frozen)
2248.8s [11月10日（週一） 上午 8:31]   ok  walked back outside
2252.0s [11月10日（週一） 上午 8:36]   ok  entered Riverside Tower
2252.0s [11月10日（週一） 下午 5:00]   toast: Riverlight Goods 咖啡 今天沒開門：吧台沒人顧。去僱一位咖啡師（人員分頁），或自己站吧台。
2253.9s [11月10日（週一） 下午 7:03]   use "Sleep"
2254.5s [11月10日（週一） 下午 7:03]   click [Sleep] Sleep until 7:00 AM
2256.3s [11月11日（週二） 下午 5:00]   toast: Riverlight Goods 咖啡 今天沒開門：吧台沒人顧。去僱一位咖啡師（人員分頁），或自己站吧台。
2256.4s [11月11日（週二） 下午 7:00]   shot 176_decision_supplier_price_increase.png
2256.4s [11月11日（週二） 下午 7:00]   decision supplier_price_increase → accept
2256.4s [11月11日（週二） 下午 7:00]   click [Choice_accept] 好。繼續跟你進貨。
2257.8s [11月11日（週二） 下午 7:00]   shot 177_decision_outcome_supplier_price_increase.png
2257.8s [11月11日（週二） 下午 7:00]   click "OK"
2258.4s [11月11日（週二） 下午 7:00]   use "Sleep"
2259.0s [11月11日（週二） 下午 7:00]   click [Sleep] Sleep until 7:00 AM
2260.8s [11月12日（週三） 下午 5:00]   toast: Riverlight Goods 咖啡 今天沒開門：吧台沒人顧。去僱一位咖啡師（人員分頁），或自己站吧台。
2260.9s [11月12日（週三） 下午 7:01]   use "Sleep"
2261.5s [11月12日（週三） 下午 7:01]   click [Sleep] Sleep until 7:00 AM
2263.3s [11月13日（週四） 下午 5:00]   toast: Riverlight Goods 咖啡 今天沒開門：吧台沒人顧。去僱一位咖啡師（人員分頁），或自己站吧台。
2263.5s [11月13日（週四） 下午 7:01]   use "Sleep"
2264.1s [11月13日（週四） 下午 7:01]   click [Sleep] Sleep until 7:00 AM
2265.9s [11月14日（週五） 下午 5:00]   toast: Riverlight Goods 咖啡 今天沒開門：吧台沒人顧。去僱一位咖啡師（人員分頁），或自己站吧台。
2266.0s [11月14日（週五） 下午 7:00]   shot 178_decision_low_cash_warning.png
2266.0s [11月14日（週五） 下午 7:00]   decision low_cash_warning → reduce
2266.0s [11月14日（週五） 下午 7:00]   click [Choice_reduce] 縮減開支（暫停廣告、生活從簡）
2267.4s [11月14日（週五） 下午 7:00]   shot 179_decision_outcome_low_cash_warning.png
2267.4s [11月14日（週五） 下午 7:00]   click "OK"
2268.0s [11月14日（週五） 下午 7:00]   use "Sleep"
2268.6s [11月14日（週五） 下午 7:00]   click [Sleep] Sleep until 7:00 AM
2270.4s [11月15日（週六） 下午 5:00]   toast: Riverlight Goods 咖啡 今天沒開門：吧台沒人顧。去僱一位咖啡師（人員分頁），或自己站吧台。
2270.6s [11月15日（週六） 下午 7:01]   use "Sleep"
2271.2s [11月15日（週六） 下午 7:01]   click [Sleep] Sleep until 7:00 AM
2273.2s [11月16日（週日） 下午 7:01]   use "Sleep"
2273.8s [11月16日（週日） 下午 7:01]   click [Sleep] Sleep until 7:00 AM
2275.6s [11月17日（週一） 下午 5:00]   toast: Riverlight Goods 咖啡 今天沒開門：吧台沒人顧。去僱一位咖啡師（人員分頁），或自己站吧台。
2275.7s [11月17日（週一） 下午 7:00]   shot 180_decision_low_cash_warning.png
2275.7s [11月17日（週一） 下午 7:00]   decision low_cash_warning → reduce
2275.7s [11月17日（週一） 下午 7:00]   click [Choice_reduce] 縮減開支（暫停廣告、生活從簡）
2277.1s [11月17日（週一） 下午 7:00]   shot 181_decision_outcome_low_cash_warning.png
2277.1s [11月17日（週一） 下午 7:00]   click "OK"
2277.7s [11月17日（週一） 下午 7:00]   use "Sleep"
2278.3s [11月17日（週一） 下午 7:00]   click [Sleep] Sleep until 7:00 AM
2280.1s [11月18日（週二） 下午 5:00]   toast: Riverlight Goods 咖啡 今天沒開門：吧台沒人顧。去僱一位咖啡師（人員分頁），或自己站吧台。
2280.5s [11月18日（週二） 下午 7:01]   use "Sleep"
2281.1s [11月18日（週二） 下午 7:01]   click [Sleep] Sleep until 7:00 AM
2282.8s [11月19日（週三） 下午 5:00]   toast: Riverlight Goods 咖啡 今天沒開門：吧台沒人顧。去僱一位咖啡師（人員分頁），或自己站吧台。
2283.1s [11月19日（週三） 下午 7:01]   use "Sleep"
2283.7s [11月19日（週三） 下午 7:01]   click [Sleep] Sleep until 7:00 AM
2285.5s [11月20日（週四） 下午 5:00]   toast: Riverlight Goods 咖啡 今天沒開門：吧台沒人顧。去僱一位咖啡師（人員分頁），或自己站吧台。
2286.0s [11月20日（週四） 下午 7:01]   shot 182_decision_low_cash_warning.png
2286.1s [11月20日（週四） 下午 7:01]   decision low_cash_warning → reduce
2286.1s [11月20日（週四） 下午 7:01]   click [Choice_reduce] 縮減開支（暫停廣告、生活從簡）
2287.5s [11月20日（週四） 下午 7:01]   shot 183_decision_outcome_low_cash_warning.png
2287.8s [11月20日（週四） 下午 7:01]   click "OK"
2288.4s [11月20日（週四） 下午 7:01]   use "Sleep"
2289.3s [11月20日（週四） 下午 7:01]   click [Sleep] Sleep until 7:00 AM
2291.1s [11月21日（週五） 下午 5:00]   toast: Riverlight Goods 咖啡 今天沒開門：吧台沒人顧。去僱一位咖啡師（人員分頁），或自己站吧台。
2291.5s [11月21日（週五） 下午 7:01]   use "Sleep"
2292.3s [11月21日（週五） 下午 7:01]   click [Sleep] Sleep until 7:00 AM
2294.4s [11月22日（週六） 下午 5:00]   toast: Riverlight Goods 咖啡 今天沒開門：吧台沒人顧。去僱一位咖啡師（人員分頁），或自己站吧台。
2294.8s [11月22日（週六） 下午 7:01]   use "Sleep"
2295.4s [11月22日（週六） 下午 7:01]   click [Sleep] Sleep until 7:00 AM
2297.3s [11月23日（週日） 下午 7:00]   shot 184_decision_low_cash_warning.png
2297.3s [11月23日（週日） 下午 7:00]   decision low_cash_warning → reduce
2297.3s [11月23日（週日） 下午 7:00]   click [Choice_reduce] 縮減開支（暫停廣告、生活從簡）
2298.8s [11月23日（週日） 下午 7:00]   shot 185_decision_outcome_low_cash_warning.png
2299.2s [11月23日（週日） 下午 7:00]   click "OK"
2299.8s [11月23日（週日） 下午 7:00]   use "Sleep"
2300.6s [11月23日（週日） 下午 7:00]   click [Sleep] Sleep until 7:00 AM
2302.4s [11月24日（週一） 下午 5:00]   toast: Riverlight Goods 咖啡 今天沒開門：吧台沒人顧。去僱一位咖啡師（人員分頁），或自己站吧台。
2302.6s [11月24日（週一） 下午 7:01]   use "Sleep"
2303.2s [11月24日（週一） 下午 7:01]   click [Sleep] Sleep until 7:00 AM
2305.0s [11月25日（週二） 下午 5:00]   toast: Riverlight Goods 咖啡 今天沒開門：吧台沒人顧。去僱一位咖啡師（人員分頁），或自己站吧台。
2305.2s [11月25日（週二） 下午 7:01]   use "Sleep"
2305.8s [11月25日（週二） 下午 7:01]   click [Sleep] Sleep until 7:00 AM
2307.6s [11月26日（週三） 下午 5:00]   toast: Riverlight Goods 咖啡 今天沒開門：吧台沒人顧。去僱一位咖啡師（人員分頁），或自己站吧台。
2307.7s [11月26日（週三） 下午 7:00]   shot 186_decision_low_cash_warning.png
2307.7s [11月26日（週三） 下午 7:00]   decision low_cash_warning → reduce
2307.7s [11月26日（週三） 下午 7:00]   click [Choice_reduce] 縮減開支（暫停廣告、生活從簡）
2309.1s [11月26日（週三） 下午 7:00]   shot 187_decision_outcome_low_cash_warning.png
2309.1s [11月26日（週三） 下午 7:00]   click "OK"
2309.6s [11月26日（週三） 下午 7:00]   use "Sleep"
2310.2s [11月26日（週三） 下午 7:00]   click [Sleep] Sleep until 7:00 AM
2312.1s [11月27日（週四） 下午 5:00]   toast: Riverlight Goods 咖啡 今天沒開門：吧台沒人顧。去僱一位咖啡師（人員分頁），或自己站吧台。
2312.2s [11月27日（週四） 下午 7:01]   use "Sleep"
2312.8s [11月27日（週四） 下午 7:01]   click [Sleep] Sleep until 7:00 AM
2314.6s [11月28日（週五） 上午 7:00]   ok  the bridge reopened
2314.6s [11月28日（週五） 上午 7:00]   ok  frozen funds settled
2314.6s [11月28日（週五） 上午 7:00]   ok  Chapter 11 complete: through the freeze and restocked
2314.6s [11月28日（週五） 上午 7:00] STEP Chapter 12 — the regulation wave: the import licence
2314.6s [11月28日（週五） 上午 7:00]   ok  Year 8: the Regulation Wave
2317.8s [11月28日（週五） 上午 7:06]   ok  walked back outside
2321.2s [11月28日（週五） 上午 7:11]   ok  entered Bloom Coffee
2322.9s [11月28日（週五） 上午 7:14]   use "Read the news board"
2323.7s [11月28日（週五） 上午 7:19]   shot 188_news_regulation.png
2324.1s [11月28日（週五） 上午 7:19]   ok  read the news (regulation)
2327.0s [11月28日（週五） 上午 7:24]   ok  walked back outside
2330.2s [11月28日（週五） 上午 7:29]   ok  entered Riverside Tower
2330.2s [11月28日（週五） 上午 7:29]   (harness) wait 2 h
2332.2s [11月28日（週五） 上午 9:33]   ok  walked back outside
2341.6s [11月28日（週五） 上午 9:47]   use "捷運——河濱區站"
2342.6s [11月28日（週五） 上午 9:49]   shot 189_metro_civic_center.png
2342.6s [11月28日（週五） 上午 9:49]   click [Go_civic_center] 市政中心  ·  12 分鐘
2343.6s [11月28日（週五） 上午 10:02]   ok  took the Metro to Civic Center
2350.7s [11月28日（週五） 上午 10:13]   ok  entered Aurelia City Hall
2352.5s [11月28日（週五） 上午 10:16]   use "Permits & regulations"
2353.3s [11月28日（週五） 上午 10:17]   shot 190_permits_import_licence.png
2353.9s [11月28日（週五） 上午 10:18]   ok  the '!' badge for import_licence pins its card
2354.0s [11月28日（週五） 上午 10:18]   shot 191_badge_licence_pinned.png
2354.1s [11月28日（週五） 上午 10:18]   click [ApplyImportLicence] 申請（$450）
2354.8s [11月28日（週五） 上午 10:39]   shot 192_permits_licence_processing.png
2355.2s [11月28日（週五） 上午 10:40]   ok  import licence applied for
2358.2s [11月28日（週五） 上午 10:45]   ok  walked back outside
2363.9s [11月28日（週五） 上午 10:54]   use "捷運——市政中心站"
2364.9s [11月28日（週五） 上午 10:55]   shot 193_metro_riverside.png
2364.9s [11月28日（週五） 上午 10:55]   click [Go_riverside] 河濱區  ·  12 分鐘
2365.9s [11月28日（週五） 上午 11:09]   ok  took the Metro to Riverside
2375.3s [11月28日（週五） 上午 11:22]   ok  entered Riverside Tower
2375.3s [11月28日（週五） 下午 5:00]   toast: Riverlight Goods 咖啡 今天沒開門：吧台沒人顧。去僱一位咖啡師（人員分頁），或自己站吧台。
2377.2s [11月28日（週五） 下午 7:03]   use "Sleep"
2377.8s [11月28日（週五） 下午 7:03]   click [Sleep] Sleep until 7:00 AM
2379.6s [11月29日（週六） 下午 5:00]   toast: Riverlight Goods 咖啡 今天沒開門：吧台沒人顧。去僱一位咖啡師（人員分頁），或自己站吧台。
2379.7s [11月29日（週六） 下午 7:00]   shot 194_decision_low_cash_warning.png
2379.7s [11月29日（週六） 下午 7:00]   decision low_cash_warning → reduce
2379.7s [11月29日（週六） 下午 7:00]   click [Choice_reduce] 縮減開支（暫停廣告、生活從簡）
2381.1s [11月29日（週六） 下午 7:00]   shot 195_decision_outcome_low_cash_warning.png
2381.2s [11月29日（週六） 下午 7:00]   click "OK"
2381.8s [11月29日（週六） 下午 7:00]   use "Sleep"
2382.4s [11月29日（週六） 下午 7:00]   click [Sleep] Sleep until 7:00 AM
2384.4s [11月30日（週日） 下午 7:01]   use "Sleep"
2385.0s [11月30日（週日） 下午 7:01]   click [Sleep] Sleep until 7:00 AM
2388.3s [12月1日（週一） 上午 7:00]   shot 196_month_close_report.png
2388.4s [12月1日（週一） 上午 7:00]   click [month close] Continue
2388.8s [12月1日（週一） 上午 7:00]   ok  import licence granted
2388.8s [12月1日（週一） 上午 7:00] STEP Chapter 12 — a large import goes through KYC
2390.1s [12月1日（週一） 上午 7:02]   use "Use laptop — Company OS"
2390.7s [12月1日（週一） 上午 7:03]   click [Tab_operations] Operations
2391.3s [12月1日（週一） 上午 7:04]   click [DeliverTo_riverside_studio] 河濱大樓 7C
2391.9s [12月1日（週一） 上午 7:05]   click [Buy_lumina_direct_wireless_earbuds] 購買 $2,692
2392.7s [12月1日（週一） 上午 7:06]   shot 197_settlement_kyc.png
2392.7s [12月1日（週一） 上午 7:06]   click [Settle_letter_of_credit] Pay this way
2393.8s [12月1日（週一） 上午 7:08]   ok  the large payment carries a KYC check
2393.9s [12月1日（週一） 下午 5:00]   toast: Riverlight Goods 咖啡 今天沒開門：吧台沒人顧。去僱一位咖啡師（人員分頁），或自己站吧台。
2396.6s [12月1日（週一） 下午 7:04]   use "Sleep"
2397.2s [12月1日（週一） 下午 7:04]   click [Sleep] Sleep until 7:00 AM
2399.0s [12月2日（週二） 下午 5:00]   toast: Riverlight Goods 咖啡 今天沒開門：吧台沒人顧。去僱一位咖啡師（人員分頁），或自己站吧台。
2399.1s [12月2日（週二） 下午 7:00]   shot 198_decision_low_cash_warning.png
2399.1s [12月2日（週二） 下午 7:00]   decision low_cash_warning → reduce
2399.1s [12月2日（週二） 下午 7:00]   click [Choice_reduce] 縮減開支（暫停廣告、生活從簡）
2400.5s [12月2日（週二） 下午 7:00]   shot 199_decision_outcome_low_cash_warning.png
2400.5s [12月2日（週二） 下午 7:00]   click "OK"
2401.1s [12月2日（週二） 下午 7:00]   use "Sleep"
2401.7s [12月2日（週二） 下午 7:00]   click [Sleep] Sleep until 7:00 AM
2403.5s [12月3日（週三） 下午 5:00]   toast: Riverlight Goods 咖啡 今天沒開門：吧台沒人顧。去僱一位咖啡師（人員分頁），或自己站吧台。
2403.7s [12月3日（週三） 下午 7:01]   use "Sleep"
2404.3s [12月3日（週三） 下午 7:01]   click [Sleep] Sleep until 7:00 AM
2406.1s [12月4日（週四） 下午 5:00]   toast: Riverlight Goods 咖啡 今天沒開門：吧台沒人顧。去僱一位咖啡師（人員分頁），或自己站吧台。
2406.3s [12月4日（週四） 下午 7:01]   use "Sleep"
2406.9s [12月4日（週四） 下午 7:01]   click [Sleep] Sleep until 7:00 AM
2408.6s [12月5日（週五） 上午 7:00]   ok  KYC cleared
2409.8s [12月5日（週五） 上午 7:02]   use "Use laptop — Company OS"
2410.3s [12月5日（週五） 上午 7:03]   click [Tab_finance] Finance
2411.1s [12月5日（週五） 上午 7:04]   shot 200_finance_compliance_cost.png
2411.5s [12月5日（週五） 上午 7:05] STEP Chapter 12 — Victor Hale's offer
2411.5s [12月5日（週五） 上午 7:05]   (harness) wait 2 h
2412.2s [12月5日（週五） 上午 9:05]   shot 201_decision_low_cash_warning.png
2412.2s [12月5日（週五） 上午 9:05]   decision low_cash_warning → reduce
2412.2s [12月5日（週五） 上午 9:05]   click [Choice_reduce] 縮減開支（暫停廣告、生活從簡）
2413.6s [12月5日（週五） 上午 9:05]   shot 202_decision_outcome_low_cash_warning.png
2413.6s [12月5日（週五） 上午 9:05]   click "OK"
2414.1s [12月5日（週五） 上午 9:05]   (harness) wait 2 h
2417.5s [12月5日（週五） 上午 11:11]   ok  walked back outside
2427.0s [12月5日（週五） 上午 11:25]   use "捷運——河濱區站"
2427.9s [12月5日（週五） 上午 11:27]   shot 203_metro_shopping_street.png
2427.9s [12月5日（週五） 上午 11:27]   click [Go_shopping_street] 購物街  ·  15 分鐘
2428.9s [12月5日（週五） 上午 11:43]   ok  took the Metro to Shopping Street
2437.7s [12月5日（週五） 上午 11:56]   ok  entered Crestline Flagship
2438.3s [12月5日（週五） 上午 11:57]   use "和 Victor Hale 說話"
2439.2s [12月5日（週五） 上午 11:57]   shot 204_victor_offer.png
2446.7s [12月5日（週五） 上午 11:59]   ok  the '!' badge for valuation pins its card
2446.8s [12月5日（週五） 上午 11:59]   shot 205_badge_valuation_pinned.png
2447.0s [12月5日（週五） 上午 11:59]   shot 206_decision_acquisition_offer.png
2447.1s [12月5日（週五） 上午 11:59]   decision acquisition_offer → counter
2447.2s [12月5日（週五） 上午 11:59]   click [Choice_counter] 還價：開價 $19,141
2448.6s [12月5日（週五） 上午 11:59]   shot 207_decision_outcome_acquisition_offer.png
2448.6s [12月5日（週五） 上午 11:59]   click "OK"
2449.0s [12月5日（週五） 上午 11:59]   ok  countered Hale Group's offer
2450.4s [12月5日（週五） 下午 12:01]   shot 208_ending_card.png
2453.2s [12月5日（週五） 下午 12:05]   ok  Chapter 12 complete
2453.2s [12月5日（週五） 下午 12:05]   ok  the main story is complete
2453.2s [12月5日（週五） 下午 12:05]   ok  free play: the growth goal
2453.2s [12月5日（週五） 下午 12:05]   ok  ledger balanced after chapters 10–12
2455.1s [12月5日（週五） 下午 12:09]   ok  walked back outside
2462.2s [12月5日（週五） 下午 12:20]   use "捷運——購物街站"
2463.2s [12月5日（週五） 下午 12:21]   shot 209_metro_riverside.png
2463.2s [12月5日（週五） 下午 12:21]   click [Go_riverside] 河濱區  ·  15 分鐘
2464.2s [12月5日（週五） 下午 12:38]   ok  took the Metro to Riverside
2473.3s [12月5日（週五） 下午 12:52]   ok  entered Riverside Tower
2473.3s [12月5日（週五） 下午 12:52] STEP Save → reload → same state
2474.3s [12月5日（週五） 下午 12:53]   ok  cash restored after load
2474.3s [12月5日（週五） 下午 12:53]   ok  time restored after load
2474.3s [12月5日（週五） 下午 12:53]   ok  location restored (riverside_apartment)
2474.4s [12月5日（週五） 下午 12:53]   shot 210_after_load.png
2474.4s [12月5日（週五） 下午 12:53] STEP Summary
2474.4s [12月5日（週五） 下午 12:53]   business entity co_riverlight_goods cash $20,462.99 · personal $9,979.38 · orders delivered 483 · chapters done ["ch1_arrival", "ch2_first_customer", "ch3_open_for_business", "ch4_growing_pains", "ch5_big_contract", "ch6_cash_is_oxygen", "ch7_supply_shock", "ch8_green_shift", "ch9_clearing_crisis", "ch10_digital_rails", "ch11_other_side_of_trust", "ch12_regulation_scale"]
2474.4s [12月5日（週五） 下午 12:53]   ok  ledger balanced at the end
2474.4s [12月5日（週五） 下午 12:53]   ok  story objective completed: ch1_phone
2474.4s [12月5日（週五） 下午 12:53]   ok  story objective completed: ch1_outside
2474.4s [12月5日（週五） 下午 12:53]   ok  story objective completed: ch1_coffee
2474.4s [12月5日（週五） 下午 12:53]   ok  story objective completed: ch1_cowork
2474.4s [12月5日（週五） 下午 12:53]   ok  story objective completed: ch1_board
2474.6s [12月5日（週五） 下午 12:53]   ok  story objective completed: ch2_supplier
2474.6s [12月5日（週五） 下午 12:53]   ok  story objective completed: ch2_stock
2474.6s [12月5日（週五） 下午 12:53]   ok  story objective completed: ch2_listing
2474.6s [12月5日（週五） 下午 12:53]   ok  story objective completed: ch2_order
2474.6s [12月5日（週五） 下午 12:53]   ok  story objective completed: ch2_ship
2474.6s [12月5日（週五） 下午 12:53]   ok  story objective completed: ch2_first_dollar
2474.6s [12月5日（週五） 下午 12:53]   ok  story objective completed: ch2_issue
2474.6s [12月5日（週五） 下午 12:53]   ok  story objective completed: ch3_register
2474.6s [12月5日（週五） 下午 12:53]   ok  story objective completed: ch3_bank
2474.6s [12月5日（週五） 下午 12:53]   ok  story objective completed: ch3_workspace
2474.8s [12月5日（週五） 下午 12:53]   ok  story objective completed: ch3_os
2474.8s [12月5日（週五） 下午 12:53]   ok  story objective completed: ch4_employer
2474.8s [12月5日（週五） 下午 12:53]   ok  story objective completed: ch4_post
2474.8s [12月5日（週五） 下午 12:53]   ok  story objective completed: ch4_hire
2474.8s [12月5日（週五） 下午 12:53]   ok  story objective completed: ch4_payroll
2474.8s [12月5日（週五） 下午 12:53]   ok  story objective completed: ch4_forecast
2474.8s [12月5日（週五） 下午 12:53]   ok  story objective completed: ch5_meet
2474.8s [12月5日（週五） 下午 12:53]   ok  story objective completed: ch5_decide
2474.8s [12月5日（週五） 下午 12:53]   ok  story objective completed: ch5_stock
2475.0s [12月5日（週五） 下午 12:53]   ok  story objective completed: ch5_deliver
2475.0s [12月5日（週五） 下午 12:53]   ok  story objective completed: ch6_forecast
2475.0s [12月5日（週五） 下午 12:53]   ok  story objective completed: ch6_bridge
2475.0s [12月5日（週五） 下午 12:53]   ok  story objective completed: ch6_collect
2475.0s [12月5日（週五） 下午 12:53]   ok  story objective completed: ch6_close
2475.0s [12月5日（週五） 下午 12:53]   ok  story objective completed: ch7_news
2475.0s [12月5日（週五） 下午 12:53]   ok  story objective completed: ch7_ken
2475.0s [12月5日（週五） 下午 12:53]   ok  story objective completed: ch7_stock
2475.0s [12月5日（週五） 下午 12:53]   ok  story objective completed: ch7_price
2475.0s [12月5日（週五） 下午 12:53]   ok  story objective completed: ch7_close
2475.2s [12月5日（週五） 下午 12:53]   ok  story objective completed: ch8_news
2475.2s [12月5日（週五） 下午 12:53]   ok  story objective completed: ch8_pack
2475.2s [12月5日（週五） 下午 12:53]   ok  story objective completed: ch8_product
2475.2s [12月5日（週五） 下午 12:53]   ok  story objective completed: ch8_grant
2475.2s [12月5日（週五） 下午 12:53]   ok  story objective completed: ch9_news
2475.2s [12月5日（週五） 下午 12:53]   ok  story objective completed: ch9_import
2475.2s [12月5日（週五） 下午 12:53]   ok  story objective completed: ch9_lina
2475.2s [12月5日（週五） 下午 12:53]   ok  story objective completed: ch9_settle
2475.2s [12月5日（週五） 下午 12:53]   ok  story objective completed: ch9_arrive
2475.2s [12月5日（週五） 下午 12:53]   ok  story objective completed: ch10_news
2475.4s [12月5日（週五） 下午 12:53]   ok  story objective completed: ch10_lina
2475.4s [12月5日（週五） 下午 12:53]   ok  story objective completed: ch10_import
2475.4s [12月5日（週五） 下午 12:53]   ok  story objective completed: ch10_arrive
2475.4s [12月5日（週五） 下午 12:53]   ok  story objective completed: ch11_news
2475.5s [12月5日（週五） 下午 12:53]   ok  story objective completed: ch11_order
2475.5s [12月5日（週五） 下午 12:53]   ok  story objective completed: ch11_freeze
2475.5s [12月5日（週五） 下午 12:53]   ok  story objective completed: ch11_restock
2475.5s [12月5日（週五） 下午 12:53]   ok  story objective completed: ch12_news
2475.5s [12月5日（週五） 下午 12:53]   ok  story objective completed: ch12_licence
2475.5s [12月5日（週五） 下午 12:53]   ok  story objective completed: ch12_kyc
2475.5s [12月5日（週五） 下午 12:53]   ok  story objective completed: ch12_offer
2475.5s [12月5日（週五） 下午 12:53] BOT FINISHED — 0 failure(s) · 2475.5s real
2475.5s [12月5日（週五） 下午 12:53] English audit: 9 on-screen text(s) with untranslated words
