Godot Engine v4.5.1.stable.official.f62fdbde1 - https://godotengine.org

[   0% ] [90m[1mfirst_scan_filesystem[22m | Started 專案初始化中 (5 steps)[39m[0m
[   0% ] [90m[1mfirst_scan_filesystem[22m | 正在掃描檔案結構…[39m[0m
[  16% ] [90m[1mfirst_scan_filesystem[22m | 載入全域類別名稱中…[39m[0m
[  33% ] [90m[1mfirst_scan_filesystem[22m | 正在驗證GD擴充功能...[39m[0m
[  50% ] [90m[1mfirst_scan_filesystem[22m | 正在建立自動載入腳本…[39m[0m
[  66% ] [90m[1mfirst_scan_filesystem[22m | 初始化外掛程式...[39m[0m
[  83% ] [90m[1mfirst_scan_filesystem[22m | 開始掃描檔案...[39m[0m
[92m[ DONE ][39m [1mfirst_scan_filesystem[22m
[0m
[   0% ] [90m[1m_update_scan_actions[22m | Started 掃描動作中... (58 steps)[39m[0m
[   0% ] [90m[1m_update_scan_actions[22m | apartment_mid.png[39m[0m
[   1% ] [90m[1m_update_scan_actions[22m | apartment_mid_lights.png[39m[0m
[   3% ] [90m[1m_update_scan_actions[22m | bloom_block.png[39m[0m
[   5% ] [90m[1m_update_scan_actions[22m | bloom_block_lights.png[39m[0m
[   6% ] [90m[1m_update_scan_actions[22m | glass_tower.png[39m[0m
[   8% ] [90m[1m_update_scan_actions[22m | glass_tower_lights.png[39m[0m
[  10% ] [90m[1m_update_scan_actions[22m | horizon_labs.png[39m[0m
[  11% ] [90m[1m_update_scan_actions[22m | horizon_labs_lights.png[39m[0m
[  13% ] [90m[1m_update_scan_actions[22m | nexus_bank.png[39m[0m
[  15% ] [90m[1m_update_scan_actions[22m | nexus_bank_lights.png[39m[0m
[  16% ] [90m[1m_update_scan_actions[22m | office_slab.png[39m[0m
[  18% ] [90m[1m_update_scan_actions[22m | office_slab_lights.png[39m[0m
[  20% ] [90m[1m_update_scan_actions[22m | riverside_tower.png[39m[0m
[  22% ] [90m[1m_update_scan_actions[22m | riverside_tower_lights.png[39m[0m
[  23% ] [90m[1m_update_scan_actions[22m | bench.png[39m[0m
[  25% ] [90m[1m_update_scan_actions[22m | bike.png[39m[0m
[  27% ] [90m[1m_update_scan_actions[22m | flower_bed.png[39m[0m
[  28% ] [90m[1m_update_scan_actions[22m | hedge.png[39m[0m
[  30% ] [90m[1m_update_scan_actions[22m | lamp.png[39m[0m
[  32% ] [90m[1m_update_scan_actions[22m | lamp_banner.png[39m[0m
[  33% ] [90m[1m_update_scan_actions[22m | lamp_banner_lights.png[39m[0m
[  35% ] [90m[1m_update_scan_actions[22m | lamp_lights.png[39m[0m
[  37% ] [90m[1m_update_scan_actions[22m | planter.png[39m[0m
[  38% ] [90m[1m_update_scan_actions[22m | planter_long.png[39m[0m
[  40% ] [90m[1m_update_scan_actions[22m | planter_small.png[39m[0m
[  42% ] [90m[1m_update_scan_actions[22m | tree_round.png[39m[0m
[  44% ] [90m[1m_update_scan_actions[22m | tree_round_b.png[39m[0m
[  45% ] [90m[1m_update_scan_actions[22m | tree_tall.png[39m[0m
[  47% ] [90m[1m_update_scan_actions[22m | umbrella_table.png[39m[0m
[  49% ] [90m[1m_update_scan_actions[22m | apartment_mid.png[39m[0m
[  50% ] [90m[1m_update_scan_actions[22m | apartment_mid_lights.png[39m[0m
[  52% ] [90m[1m_update_scan_actions[22m | bloom_block.png[39m[0m
[  54% ] [90m[1m_update_scan_actions[22m | bloom_block_lights.png[39m[0m
[  55% ] [90m[1m_update_scan_actions[22m | glass_tower.png[39m[0m
[  57% ] [90m[1m_update_scan_actions[22m | glass_tower_lights.png[39m[0m
[  59% ] [90m[1m_update_scan_actions[22m | horizon_labs.png[39m[0m
[  61% ] [90m[1m_update_scan_actions[22m | horizon_labs_lights.png[39m[0m
[  62% ] [90m[1m_update_scan_actions[22m | nexus_bank.png[39m[0m
[  64% ] [90m[1m_update_scan_actions[22m | nexus_bank_lights.png[39m[0m
[  66% ] [90m[1m_update_scan_actions[22m | office_slab.png[39m[0m
[  67% ] [90m[1m_update_scan_actions[22m | office_slab_lights.png[39m[0m
[  69% ] [90m[1m_update_scan_actions[22m | riverside_tower.png[39m[0m
[  71% ] [90m[1m_update_scan_actions[22m | riverside_tower_lights.png[39m[0m
[  72% ] [90m[1m_update_scan_actions[22m | bench.png[39m[0m
[  74% ] [90m[1m_update_scan_actions[22m | bike.png[39m[0m
[  76% ] [90m[1m_update_scan_actions[22m | flower_bed.png[39m[0m
[  77% ] [90m[1m_update_scan_actions[22m | hedge.png[39m[0m
[  79% ] [90m[1m_update_scan_actions[22m | lamp.png[39m[0m
[  81% ] [90m[1m_update_scan_actions[22m | lamp_banner.png[39m[0m
[  83% ] [90m[1m_update_scan_actions[22m | lamp_banner_lights.png[39m[0m
[  84% ] [90m[1m_update_scan_actions[22m | lamp_lights.png[39m[0m
[  86% ] [90m[1m_update_scan_actions[22m | planter.png[39m[0m
[  88% ] [90m[1m_update_scan_actions[22m | planter_long.png[39m[0m
[  89% ] [90m[1m_update_scan_actions[22m | planter_small.png[39m[0m
[  91% ] [90m[1m_update_scan_actions[22m | tree_round.png[39m[0m
[  93% ] [90m[1m_update_scan_actions[22m | tree_round_b.png[39m[0m
[  94% ] [90m[1m_update_scan_actions[22m | tree_tall.png[39m[0m
[  96% ] [90m[1m_update_scan_actions[22m | umbrella_table.png[39m[0m
[92m[ DONE ][39m [1m_update_scan_actions[22m
[0m
[   0% ] [90m[1mreimport[22m | Started （重新）匯入素材 (24 steps)[39m[0m
[   0% ] [90m[1mreimport[22m | 正在準備重新匯入檔案…[39m[0m
[   4% ] [90m[1mreimport[22m | 正在準備重新匯入檔案…[39m[0m
[   8% ] [90m[1mreimport[22m | 正在準備重新匯入檔案…[39m[0m
[  12% ] [90m[1mreimport[22m | 正在準備重新匯入檔案…[39m[0m
[  16% ] [90m[1mreimport[22m | 正在準備重新匯入檔案…[39m[0m
[  20% ] [90m[1mreimport[22m | 正在準備重新匯入檔案…[39m[0m
[  24% ] [90m[1mreimport[22m | 正在準備重新匯入檔案…[39m[0m
[  28% ] [90m[1mreimport[22m | 正在準備重新匯入檔案…[39m[0m
[  32% ] [90m[1mreimport[22m | 正在準備重新匯入檔案…[39m[0m
[  36% ] [90m[1mreimport[22m | 正在準備重新匯入檔案…[39m[0m
[  40% ] [90m[1mreimport[22m | 正在準備重新匯入檔案…[39m[0m
[  44% ] [90m[1mreimport[22m | 正在準備重新匯入檔案…[39m[0m
[  48% ] [90m[1mreimport[22m | 正在準備重新匯入檔案…[39m[0m
[  52% ] [90m[1mreimport[22m | 正在準備重新匯入檔案…[39m[0m
[  56% ] [90m[1mreimport[22m | 正在準備重新匯入檔案…[39m[0m
[  60% ] [90m[1mreimport[22m | 正在準備重新匯入檔案…[39m[0m
[  64% ] [90m[1mreimport[22m | 正在準備重新匯入檔案…[39m[0m
[  68% ] [90m[1mreimport[22m | 正在準備重新匯入檔案…[39m[0m
[  72% ] [90m[1mreimport[22m | 正在準備重新匯入檔案…[39m[0m
[  76% ] [90m[1mreimport[22m | 正在準備重新匯入檔案…[39m[0m
[  80% ] [90m[1mreimport[22m | 正在準備重新匯入檔案…[39m[0m
[  84% ] [90m[1mreimport[22m | 正在準備重新匯入檔案…[39m[0m
[  88% ] [90m[1mreimport[22m | 正在準備重新匯入檔案…[39m[0m
[  92% ] [90m[1mreimport[22m | 正在準備重新匯入檔案…[39m[0m
[   0% ] [90m[1mreimport[22m | 執行預先重新匯入作業…[39m[0m
[   0% ] [90m[1mreimport[22m | planter_small.png[39m[0m
[   4% ] [90m[1mreimport[22m | planter_long.png[39m[0m
[   8% ] [90m[1mreimport[22m | planter.png[39m[0m
[  12% ] [90m[1mreimport[22m | hedge.png[39m[0m
[  16% ] [90m[1mreimport[22m | flower_bed.png[39m[0m
[  20% ] [90m[1mreimport[22m | bike.png[39m[0m
[  24% ] [90m[1mreimport[22m | office_slab_lights.png[39m[0m
[  28% ] [90m[1mreimport[22m | office_slab.png[39m[0m
[  32% ] [90m[1mreimport[22m | glass_tower_lights.png[39m[0m
[  36% ] [90m[1mreimport[22m | glass_tower.png[39m[0m
[  40% ] [90m[1mreimport[22m | apartment_mid_lights.png[39m[0m
[  44% ] [90m[1mreimport[22m | apartment_mid.png[39m[0m
[  48% ] [90m[1mreimport[22m | planter_small.png[39m[0m
[  52% ] [90m[1mreimport[22m | planter_long.png[39m[0m
[  56% ] [90m[1mreimport[22m | planter.png[39m[0m
[  60% ] [90m[1mreimport[22m | hedge.png[39m[0m
[  64% ] [90m[1mreimport[22m | flower_bed.png[39m[0m
[  68% ] [90m[1mreimport[22m | bike.png[39m[0m
[  72% ] [90m[1mreimport[22m | office_slab_lights.png[39m[0m
[  76% ] [90m[1mreimport[22m | office_slab.png[39m[0m
[  80% ] [90m[1mreimport[22m | glass_tower_lights.png[39m[0m
[  84% ] [90m[1mreimport[22m | glass_tower.png[39m[0m
[  88% ] [90m[1mreimport[22m | apartment_mid_lights.png[39m[0m
[  92% ] [90m[1mreimport[22m | apartment_mid.png[39m[0m
[  96% ] [90m[1mreimport[22m | 完成素材匯入...[39m[0m
[92m[ DONE ][39m [1mreimport[22m
[0m
[   0% ] [90m[1mreimport[22m | Started （重新）匯入素材 (24 steps)[39m[0m
[   0% ] [90m[1mreimport[22m | 執行重新匯入後續處理作業…[39m[0m
[92m[ DONE ][39m [1mreimport[22m
[0m
[   0% ] [90m[1mloading_editor_layout[22m | Started 載入編輯器 (5 steps)[39m[0m
[   0% ] [90m[1mloading_editor_layout[22m | 載入編輯器版面配置中…[39m[0m
[92m[ DONE ][39m [1mloading_editor_layout[22m
[0m
