Godot Engine v4.5.1.stable.official.f62fdbde1 - https://godotengine.org

[   0% ] [90m[1mfirst_scan_filesystem[22m | Started 專案初始化中 (5 steps)[39m[0m
[   0% ] [90m[1mfirst_scan_filesystem[22m | 正在掃描檔案結構…[39m[0m
[  16% ] [90m[1mfirst_scan_filesystem[22m | 載入全域類別名稱中…[39m[0m
[  33% ] [90m[1mfirst_scan_filesystem[22m | 正在驗證GD擴充功能...[39m[0m
[  50% ] [90m[1mfirst_scan_filesystem[22m | 正在建立自動載入腳本…[39m[0m
[  66% ] [90m[1mfirst_scan_filesystem[22m | 初始化外掛程式...[39m[0m
[  83% ] [90m[1mfirst_scan_filesystem[22m | 開始掃描檔案...[39m[0m
[92m[ DONE ][39m [1mfirst_scan_filesystem[22m
[0m
[   0% ] [90m[1m_update_scan_actions[22m | Started 掃描動作中... (62 steps)[39m[0m
[   0% ] [90m[1m_update_scan_actions[22m | skyline_harbor_day.png[39m[0m
[   1% ] [90m[1m_update_scan_actions[22m | skyline_harbor_night.png[39m[0m
[   3% ] [90m[1m_update_scan_actions[22m | cold_store_lights.png[39m[0m
[   4% ] [90m[1m_update_scan_actions[22m | container_stack_lights.png[39m[0m
[   6% ] [90m[1m_update_scan_actions[22m | customs_house_lights.png[39m[0m
[   7% ] [90m[1m_update_scan_actions[22m | dockside_motors_lights.png[39m[0m
[   9% ] [90m[1m_update_scan_actions[22m | harbor_point_fitness_lights.png[39m[0m
[  11% ] [90m[1m_update_scan_actions[22m | pier7_warehouse_lights.png[39m[0m
[  12% ] [90m[1m_update_scan_actions[22m | warehouse_shed_lights.png[39m[0m
[  14% ] [90m[1m_update_scan_actions[22m | dockside_motors.png[39m[0m
[  15% ] [90m[1m_update_scan_actions[22m | harbor.png[39m[0m
[  17% ] [90m[1m_update_scan_actions[22m | pier7_warehouse.png[39m[0m
[  19% ] [90m[1m_update_scan_actions[22m | npc_ines.png[39m[0m
[  20% ] [90m[1m_update_scan_actions[22m | npc_rosa.png[39m[0m
[  22% ] [90m[1m_update_scan_actions[22m | npc_sam.png[39m[0m
[  23% ] [90m[1m_update_scan_actions[22m | floor_harbor_concrete.png[39m[0m
[  25% ] [90m[1m_update_scan_actions[22m | route_map.png[39m[0m
[  26% ] [90m[1m_update_scan_actions[22m | npc_ines.png[39m[0m
[  28% ] [90m[1m_update_scan_actions[22m | npc_rosa.png[39m[0m
[  30% ] [90m[1m_update_scan_actions[22m | npc_sam.png[39m[0m
[  31% ] [90m[1m_update_scan_actions[22m | harbor_lamp_lights.png[39m[0m
[  33% ] [90m[1m_update_scan_actions[22m | atlas.png[39m[0m
[  34% ] [90m[1m_update_scan_actions[22m | quay_concrete.png[39m[0m
[  36% ] [90m[1m_update_scan_actions[22m | quay_edge.png[39m[0m
[  38% ] [90m[1m_update_scan_actions[22m | water_harbor.png[39m[0m
[  39% ] [90m[1m_update_scan_actions[22m | van_player_back_body.png[39m[0m
[  41% ] [90m[1m_update_scan_actions[22m | van_player_back_detail.png[39m[0m
[  42% ] [90m[1m_update_scan_actions[22m | van_player_front_body.png[39m[0m
[  44% ] [90m[1m_update_scan_actions[22m | van_player_front_detail.png[39m[0m
[  46% ] [90m[1m_update_scan_actions[22m | van_player_side_body.png[39m[0m
[  47% ] [90m[1m_update_scan_actions[22m | van_player_side_detail.png[39m[0m
[  49% ] [90m[1m_update_scan_actions[22m | skyline_harbor_day.png[39m[0m
[  50% ] [90m[1m_update_scan_actions[22m | skyline_harbor_night.png[39m[0m
[  52% ] [90m[1m_update_scan_actions[22m | cold_store_lights.png[39m[0m
[  53% ] [90m[1m_update_scan_actions[22m | container_stack_lights.png[39m[0m
[  55% ] [90m[1m_update_scan_actions[22m | customs_house_lights.png[39m[0m
[  57% ] [90m[1m_update_scan_actions[22m | dockside_motors_lights.png[39m[0m
[  58% ] [90m[1m_update_scan_actions[22m | harbor_point_fitness_lights.png[39m[0m
[  60% ] [90m[1m_update_scan_actions[22m | pier7_warehouse_lights.png[39m[0m
[  61% ] [90m[1m_update_scan_actions[22m | warehouse_shed_lights.png[39m[0m
[  63% ] [90m[1m_update_scan_actions[22m | dockside_motors.png[39m[0m
[  65% ] [90m[1m_update_scan_actions[22m | harbor.png[39m[0m
[  66% ] [90m[1m_update_scan_actions[22m | pier7_warehouse.png[39m[0m
[  68% ] [90m[1m_update_scan_actions[22m | npc_ines.png[39m[0m
[  69% ] [90m[1m_update_scan_actions[22m | npc_rosa.png[39m[0m
[  71% ] [90m[1m_update_scan_actions[22m | npc_sam.png[39m[0m
[  73% ] [90m[1m_update_scan_actions[22m | floor_harbor_concrete.png[39m[0m
[  74% ] [90m[1m_update_scan_actions[22m | route_map.png[39m[0m
[  76% ] [90m[1m_update_scan_actions[22m | npc_ines.png[39m[0m
[  77% ] [90m[1m_update_scan_actions[22m | npc_rosa.png[39m[0m
[  79% ] [90m[1m_update_scan_actions[22m | npc_sam.png[39m[0m
[  80% ] [90m[1m_update_scan_actions[22m | harbor_lamp_lights.png[39m[0m
[  82% ] [90m[1m_update_scan_actions[22m | atlas.png[39m[0m
[  84% ] [90m[1m_update_scan_actions[22m | quay_concrete.png[39m[0m
[  85% ] [90m[1m_update_scan_actions[22m | quay_edge.png[39m[0m
[  87% ] [90m[1m_update_scan_actions[22m | water_harbor.png[39m[0m
[  88% ] [90m[1m_update_scan_actions[22m | van_player_back_body.png[39m[0m
[  90% ] [90m[1m_update_scan_actions[22m | van_player_back_detail.png[39m[0m
[  92% ] [90m[1m_update_scan_actions[22m | van_player_front_body.png[39m[0m
[  93% ] [90m[1m_update_scan_actions[22m | van_player_front_detail.png[39m[0m
[  95% ] [90m[1m_update_scan_actions[22m | van_player_side_body.png[39m[0m
[  96% ] [90m[1m_update_scan_actions[22m | van_player_side_detail.png[39m[0m
[92m[ DONE ][39m [1m_update_scan_actions[22m
[0m
[   0% ] [90m[1mreimport[22m | Started （重新）匯入素材 (16 steps)[39m[0m
[   0% ] [90m[1mreimport[22m | 正在準備重新匯入檔案…[39m[0m
[   5% ] [90m[1mreimport[22m | 正在準備重新匯入檔案…[39m[0m
[  11% ] [90m[1mreimport[22m | 正在準備重新匯入檔案…[39m[0m
[  17% ] [90m[1mreimport[22m | 正在準備重新匯入檔案…[39m[0m
[  23% ] [90m[1mreimport[22m | 正在準備重新匯入檔案…[39m[0m
[  29% ] [90m[1mreimport[22m | 正在準備重新匯入檔案…[39m[0m
[  35% ] [90m[1mreimport[22m | 正在準備重新匯入檔案…[39m[0m
[  41% ] [90m[1mreimport[22m | 正在準備重新匯入檔案…[39m[0m
[  47% ] [90m[1mreimport[22m | 正在準備重新匯入檔案…[39m[0m
[  52% ] [90m[1mreimport[22m | 正在準備重新匯入檔案…[39m[0m
[  58% ] [90m[1mreimport[22m | 正在準備重新匯入檔案…[39m[0m
[  64% ] [90m[1mreimport[22m | 正在準備重新匯入檔案…[39m[0m
[  70% ] [90m[1mreimport[22m | 正在準備重新匯入檔案…[39m[0m
[  76% ] [90m[1mreimport[22m | 正在準備重新匯入檔案…[39m[0m
[  82% ] [90m[1mreimport[22m | 正在準備重新匯入檔案…[39m[0m
[  88% ] [90m[1mreimport[22m | 正在準備重新匯入檔案…[39m[0m
[   0% ] [90m[1mreimport[22m | 執行預先重新匯入作業…[39m[0m
[   0% ] [90m[1mreimport[22m | floor_harbor_concrete.png[39m[0m
[   5% ] [90m[1mreimport[22m | route_map.png[39m[0m
[  11% ] [90m[1mreimport[22m | van_player_back_body.png[39m[0m
[  17% ] [90m[1mreimport[22m | van_player_back_detail.png[39m[0m
[  23% ] [90m[1mreimport[22m | van_player_front_body.png[39m[0m
[  29% ] [90m[1mreimport[22m | van_player_front_detail.png[39m[0m
[  35% ] [90m[1mreimport[22m | van_player_side_body.png[39m[0m
[  41% ] [90m[1mreimport[22m | van_player_side_detail.png[39m[0m
[  47% ] [90m[1mreimport[22m | floor_harbor_concrete.png[39m[0m
[  52% ] [90m[1mreimport[22m | route_map.png[39m[0m
[  58% ] [90m[1mreimport[22m | van_player_back_body.png[39m[0m
[  64% ] [90m[1mreimport[22m | van_player_back_detail.png[39m[0m
[  70% ] [90m[1mreimport[22m | van_player_front_body.png[39m[0m
[  76% ] [90m[1mreimport[22m | van_player_front_detail.png[39m[0m
[  82% ] [90m[1mreimport[22m | van_player_side_body.png[39m[0m
[  88% ] [90m[1mreimport[22m | van_player_side_detail.png[39m[0m
[  94% ] [90m[1mreimport[22m | 完成素材匯入...[39m[0m
[92m[ DONE ][39m [1mreimport[22m
[0m
[   0% ] [90m[1mreimport[22m | Started （重新）匯入素材 (16 steps)[39m[0m
[   0% ] [90m[1mreimport[22m | 執行重新匯入後續處理作業…[39m[0m
[92m[ DONE ][39m [1mreimport[22m
[0m
[   0% ] [90m[1mloading_editor_layout[22m | Started 載入編輯器 (5 steps)[39m[0m
[   0% ] [90m[1mloading_editor_layout[22m | 載入編輯器版面配置中…[39m[0m
[92m[ DONE ][39m [1mloading_editor_layout[22m
[0m
