Godot Engine v4.5.1.stable.official.f62fdbde1 - https://godotengine.org
OpenGL API 3.3.0 NVIDIA 462.59 - Compatibility - Using Device: NVIDIA - Quadro RTX 4000

   0.0s STEP Main menu → New Game
   0.7s   shot 01_main_menu.png
   0.7s   click [NewGame] New Game
   2.0s STEP Character Creator
   2.0s   shot 02_creator_default.png
   2.1s   click [Tab_hair] Hair
   2.1s   click [Next_hair] ▶
   2.7s   click [Tab_face] Face
   2.8s   click [Next_face] ▶
   2.9s   click [Next_eye_shape] ▶
   3.0s   click [Tab_body] Body
   3.1s   click [Next_presentation] ▶
   3.7s   shot 03_creator_customised.png
   3.7s   click [Tab_outfit] Outfit
   3.7s   click "Startup Casual"
   4.3s   ok  appearance changed from default (short_neat)
   4.4s   shot 04_creator_final.png
   4.4s   click [Start] Start in Aurelia  →
   4.4s [6月1日（週日） 下午 2:00] STEP Arrival sequence
   7.0s [6月1日（週日） 下午 2:00]   shot 05_arrival_train.png
  10.6s [6月1日（週日） 下午 2:00]   shot 06_arrival_phone.png
  15.9s [6月1日（週日） 下午 2:01]   ok  spawned in the Riverside apartment
  15.9s [6月1日（週日） 下午 2:01]   ok  starting cash $30,000
  15.9s [6月1日（週日） 下午 2:01]   ok  name saved
  17.5s [6月1日（週日） 下午 2:03]   shot 07_apartment_arrival.png
  17.5s [6月1日（週日） 下午 2:03] STEP Interaction focus interrupted by popup
  18.4s [6月1日（週日） 下午 2:04]   ok  real interaction reach survives a same-frame popup
  18.4s [6月1日（週日） 下午 2:04]   ok  popup really opened at interaction reach
  18.4s [6月1日（週日） 下午 2:04]   click "Got it"
  21.7s [6月1日（週日） 下午 7:04]   use "Sleep"
  21.8s [6月1日（週日） 下午 7:04]   click [Sleep] Sleep until 7:00 AM
  23.0s [6月2日（週一） 上午 7:00]   ok  real sleep input works after popup closes
  23.0s [6月2日（週一） 上午 7:00] BOT FINISHED — 0 failure(s) · 23.0s real
  23.0s [6月2日（週一） 上午 7:00] English audit: 1 on-screen text(s) with untranslated words
