Godot Engine v4.5.1.stable.official.f62fdbde1 - https://godotengine.org
OpenGL API 3.3.0 NVIDIA 462.59 - Compatibility - Using Device: NVIDIA - Quadro RTX 4000

   0.0s STEP Main menu → New Game
   1.0s   shot 01_main_menu.png
   1.0s   click [NewGame] New Game
   2.3s STEP Character Creator
   2.4s   shot 02_creator_default.png
   2.4s   click [Tab_hair] Hair
   2.4s   click [Next_hair] ▶
   2.8s   click [Tab_face] Face
   2.9s   click [Next_face] ▶
   3.0s   click [Next_eye_shape] ▶
   3.1s   click [Tab_body] Body
   3.2s   click [Next_presentation] ▶
   3.8s   shot 03_creator_customised.png
   3.8s   click [Tab_outfit] Outfit
   3.8s   click "Startup Casual"
   4.4s   ok  appearance changed from default (short_neat)
   4.5s   shot 04_creator_final.png
   4.5s   click [Start] Start in Aurelia  →
   4.5s [6月1日（週日） 下午 2:00] STEP Arrival sequence
   7.1s [6月1日（週日） 下午 2:00]   shot 05_arrival_train.png
  10.7s [6月1日（週日） 下午 2:00]   shot 06_arrival_phone.png
  15.7s [6月1日（週日） 下午 2:01]   ok  spawned in the Riverside apartment
  15.8s [6月1日（週日） 下午 2:01]   ok  starting cash $30,000
  15.8s [6月1日（週日） 下午 2:01]   ok  name saved
  17.3s [6月1日（週日） 下午 2:03]   shot 07_apartment_arrival.png
  17.4s [6月1日（週日） 下午 2:03] STEP Chapter 1 — phone & Maya
  20.6s [6月1日（週日） 下午 2:08]   shot 08_phone_home.png
  20.6s [6月1日（週日） 下午 2:08]   click [App_messages] 訊息 2
  21.1s [6月1日（週日） 下午 2:09]   click [Thread_maya] Maya  ● 打給我。或傳訊息。隨便。
  23.2s [6月1日（週日） 下午 2:09]   choose "› 嗯。"
  26.2s [6月1日（週日） 下午 2:09]   choose "› 我要開公司。"
  29.7s [6月1日（週日） 下午 2:09]   ok  Maya conversation done
  29.7s [6月1日（週日） 下午 2:09] STEP Head outside
  32.8s [6月1日（週日） 下午 2:15]   ok  walked back outside
  32.8s [6月1日（週日） 下午 2:15]   ok  visited Riverside
  32.9s [6月1日（週日） 下午 2:15]   shot 09_riverside_outside_home.png
  32.9s [6月1日（週日） 下午 2:15] STEP Bloom Coffee
  36.1s [6月1日（週日） 下午 2:20]   ok  entered Bloom Coffee
  36.3s [6月1日（週日） 下午 2:20]   shot 10_bloom_coffee_inside.png
  37.6s [6月1日（週日） 下午 2:22]   use "Order coffee ($4.50)"
  39.6s [6月1日（週日） 下午 2:22]   choose "› 麻煩了。"
  44.5s [6月1日（週日） 下午 2:33]   ok  bought a coffee from Jun
  47.3s [6月1日（週日） 下午 2:38]   ok  walked back outside
  47.3s [6月1日（週日） 下午 2:38] STEP Walk east to Startup Hub
  48.7s [6月1日（週日） 下午 2:40]   shot 11_riverside_street.png
  61.4s [6月1日（週日） 下午 3:11]   ok  walked to Startup Hub
  61.4s [6月1日（週日） 下午 3:11]   shot 12_startup_hub_arrive.png
  61.4s [6月1日（週日） 下午 3:11] STEP Nexus Co-work
  65.4s [6月1日（週日） 下午 3:17]   ok  entered Nexus Co-work
  65.6s [6月1日（週日） 下午 3:17]   shot 13_cowork_inside.png
  66.8s [6月1日（週日） 下午 3:19]   use "Reception — desks & day passes"
  69.4s [6月1日（週日） 下午 3:19]   choose "› 對。先看看。"
  72.4s [6月1日（週日） 下午 3:20]   click [DayPass] Buy a day pass ($15)
  73.3s [6月1日（週日） 下午 3:21] STEP Business Board
  76.2s [6月1日（週日） 下午 3:26]   use "Business Board"
  77.0s [6月1日（週日） 下午 3:27]   shot 14_business_board.png
  77.0s [6月1日（週日） 下午 3:27]   click [Biz_saas] ● SaaS／軟體
  77.5s [6月1日（週日） 下午 3:28]   shot 15_business_board_planned_saas.png
  77.6s [6月1日（週日） 下午 3:28]   click [Biz_ecommerce] ● 電商
  77.6s [6月1日（週日） 下午 3:28]   click [StartEcommerce] Start an ecommerce side business
  78.9s [6月1日（週日） 下午 3:30]   ok  picked ecommerce as first business
  81.4s [6月1日（週日） 下午 3:34]   ok  Chapter 1 complete
  81.5s [6月1日（週日） 下午 3:34] STEP Chapter 2 — buy stock at a hot desk (Company OS)
  85.8s [6月1日（週日） 下午 3:40]   use "Work at a hot desk — Company OS"
  86.5s [6月1日（週日） 下午 3:41]   shot 16_company_os_overview_personal.png
  86.5s [6月1日（週日） 下午 3:41]   click [Tab_operations] Operations
  87.1s [6月1日（週日） 下午 3:42]   shot 17_company_os_suppliers.png
  87.1s [6月1日（週日） 下午 3:42]   click [Buy_tradelink_wholesale_wireless_earbuds] 購買 $900
  87.6s [6月1日（週日） 下午 3:53]   click [Buy_tradelink_wholesale_water_bottle] 購買 $408
  88.1s [6月1日（週日） 下午 4:03]   click [Buy_tradelink_wholesale_desk_lamp] 購買 $460
  88.5s [6月1日（週日） 下午 4:14]   click [Buy_tradelink_wholesale_phone_stand] 購買 $272
  89.0s [6月1日（週日） 下午 4:25]   ok  placed purchase orders (MOQ, prepaid): 4 POs, cash $27,940.50
  89.2s [6月1日（週日） 下午 4:25]   shot 18_company_os_purchase_orders.png
  89.7s [6月1日（週日） 下午 4:26] STEP Home to wait for stock
  92.9s [6月1日（週日） 下午 4:31]   ok  walked back outside
  96.9s [6月1日（週日） 下午 4:49]   ok  walked to Riverside
 112.8s [6月1日（週日） 下午 5:13]   ok  entered Riverside Tower
 112.8s [6月1日（週日） 下午 5:13]   (harness) wait 2 h
 115.3s [6月1日（週日） 下午 7:17]   use "Sleep"
 115.9s [6月1日（週日） 下午 7:17]   click [Sleep] Sleep until 7:00 AM
 117.7s [6月2日（週一） 上午 7:00]   (harness) wait 2 h
 118.3s [6月2日（週一） 上午 9:01]   (harness) wait 2 h
 118.9s [6月2日（週一） 上午 11:02]   (harness) wait 2 h
 119.5s [6月2日（週一） 下午 1:03]   (harness) wait 2 h
 120.1s [6月2日（週一） 下午 3:04]   (harness) wait 2 h
 120.7s [6月2日（週一） 下午 5:05]   (harness) wait 2 h
 121.5s [6月2日（週一） 下午 7:06]   use "Sleep"
 122.1s [6月2日（週一） 下午 7:06]   click [Sleep] Sleep until 7:00 AM
 123.8s [6月3日（週二） 上午 7:00]   (harness) wait 2 h
 124.4s [6月3日（週二） 上午 9:01]   (harness) wait 2 h
 125.0s [6月3日（週二） 上午 11:02]   (harness) wait 2 h
 125.7s [6月3日（週二） 下午 1:03]   (harness) wait 2 h
 126.3s [6月3日（週二） 下午 3:04]   (harness) wait 2 h
 126.9s [6月3日（週二） 下午 5:05]   ok  stock delivered to the apartment
 127.6s [6月3日（週二） 下午 5:06]   shot 19_apartment_with_stock.png
 127.6s [6月3日（週二） 下午 5:06] STEP List products on ShopLane
 128.7s [6月3日（週二） 下午 5:08]   use "Use laptop — Company OS"
 129.3s [6月3日（週二） 下午 5:09]   click [Tab_sales] Sales
 130.0s [6月3日（週二） 下午 5:10]   shot 20_company_os_sales_ready.png
 130.0s [6月3日（週二） 下午 5:10]   click [ListSelf_wireless_earbuds] Shoot photos myself & list (1 h 20 min)
 130.5s [6月3日（週二） 下午 6:30]   click [ListSelf_water_bottle] Shoot photos myself & list (1 h 20 min)
 131.1s [6月3日（週二） 下午 7:51]   click [ListSelf_desk_lamp] Shoot photos myself & list (1 h 20 min)
 131.6s [6月3日（週二） 下午 9:12]   click [ListSelf_phone_stand] Shoot photos myself & list (1 h 20 min)
 132.2s [6月3日（週二） 下午 10:33]   click [AdPlus_wireless_earbuds] +
 132.8s [6月3日（週二） 下午 10:34]   shot 21_company_os_listings_live.png
 132.8s [6月3日（週二） 下午 10:34]   ok  listings live
 133.1s [6月3日（週二） 下午 10:34] STEP First order → pack → ship
 136.7s [6月3日（週二） 下午 10:40]   use "Packing table"
 137.4s [6月3日（週二） 下午 10:41]   shot 22_packing_table.png
 137.4s [6月3日（週二） 下午 10:41]   click [Pack] 打包 3 筆訂單（24 分鐘）
 138.3s [6月3日（週二） 下午 11:06]   click [CourierExpress] 快遞 · 快捷 1 天（$36.30）
 139.4s [6月3日（週二） 下午 11:08]   ok  first order came in
 139.4s [6月3日（週二） 下午 11:08]   ok  handed to the courier (pickup booked)
 139.4s [6月3日（週二） 下午 11:08] STEP Delivery → first dollar
 143.7s [6月3日（週二） 下午 11:14]   use "Sleep"
 144.3s [6月3日（週二） 下午 11:14]   click [Sleep] Sleep until 7:00 AM
 146.0s [6月4日（週三） 上午 7:00]   ok  first order delivered (Earn Your First Dollar)
 146.0s [6月4日（週三） 上午 7:00]   revenue booked $83.97 · ShopLane balance $75.57 · cash $27,801.20
 146.2s [6月4日（週三） 上午 7:00]   shot 23_first_dollar.png
 146.2s [6月4日（週三） 上午 7:00] STEP First customer issue
 146.2s [6月4日（週三） 上午 7:00]   (harness) wait 2 h
 150.9s [6月4日（週三） 上午 9:08]   use "Packing table"
 151.6s [6月4日（週三） 上午 9:09]   click [Pack] 打包 1 筆訂單（8 分鐘）
 152.5s [6月4日（週三） 上午 9:18]   click [CourierExpress] 快遞 · 快捷 1 天（$14.90）
 153.6s [6月4日（週三） 上午 9:20]   (harness) wait 2 h
 156.1s [6月4日（週三） 上午 11:23]   use "Packing table"
 156.8s [6月4日（週三） 上午 11:25]   click [Pack] 打包 2 筆訂單（16 分鐘）
 157.7s [6月4日（週三） 上午 11:42]   click [CourierExpress] 快遞 · 快捷 1 天（$23.80）
 158.8s [6月4日（週三） 上午 11:44]   (harness) wait 2 h
 159.6s [6月4日（週三） 下午 1:45]   use "Packing table"
 160.3s [6月4日（週三） 下午 1:46]   click [Pack] 打包 2 筆訂單（16 分鐘）
 161.2s [6月4日（週三） 下午 2:03]   click [CourierExpress] 快遞 · 快捷 1 天（$27.40）
 162.3s [6月4日（週三） 下午 2:05]   (harness) wait 2 h
 163.1s [6月4日（週三） 下午 4:06]   use "Packing table"
 163.8s [6月4日（週三） 下午 4:07]   click [Pack] 打包 1 筆訂單（8 分鐘）
 164.7s [6月4日（週三） 下午 4:16]   click [CourierExpress] 快遞 · 快捷 1 天（$14.90）
 165.8s [6月4日（週三） 下午 4:18]   (harness) wait 2 h
 166.6s [6月4日（週三） 下午 6:19]   use "Packing table"
 167.3s [6月4日（週三） 下午 6:20]   click [Pack] 打包 3 筆訂單（24 分鐘）
 168.2s [6月4日（週三） 下午 6:46]   click [CourierExpress] 快遞 · 快捷 1 天（$32.70）
 169.3s [6月4日（週三） 下午 6:47]   (harness) wait 2 h
 172.6s [6月4日（週三） 下午 8:52]   use "Sleep"
 173.2s [6月4日（週三） 下午 8:52]   click [Sleep] Sleep until 7:00 AM
 175.1s [6月5日（週四） 上午 7:00]   shot 24_decision_customer_return_first.png
 175.1s [6月5日（週四） 上午 7:00]   decision customer_return_first → replace
 175.1s [6月5日（週四） 上午 7:00]   click [Choice_replace] 寄一個新的（快捷）
 176.5s [6月5日（週四） 上午 7:00]   shot 25_decision_outcome_customer_return_first.png
 176.5s [6月5日（週四） 上午 7:00]   click "OK"
 181.3s [6月5日（週四） 上午 7:07]   use "Packing table"
 182.0s [6月5日（週四） 上午 7:08]   click [Pack] 打包 4 筆訂單（32 分鐘）
 182.9s [6月5日（週四） 上午 7:41]   click [CourierExpress] 快遞 · 快捷 1 天（$41.60）
 184.0s [6月5日（週四） 上午 7:43]   ok  resolved the first customer issue
 186.0s [6月5日（週四） 上午 7:46]   ok  Chapter 2 complete
 186.0s [6月5日（週四） 上午 7:46] STEP Chapter 3 — wait for a weekday morning
 188.4s [6月5日（週四） 上午 7:50]   ok  walked back outside
 188.4s [6月5日（週四） 上午 7:50] STEP Metro to Civic Center → City Hall
 196.6s [6月5日（週四） 上午 8:03]   use "捷運——河濱區站"
 197.5s [6月5日（週四） 上午 8:04]   shot 26_metro_civic_center.png
 197.6s [6月5日（週四） 上午 8:04]   click [Go_civic_center] 市政中心  ·  12 分鐘
 198.6s [6月5日（週四） 上午 8:18]   ok  took the Metro to Civic Center
 198.6s [6月5日（週四） 上午 8:18]   shot 27_civic_center.png
 206.0s [6月5日（週四） 上午 9:14]   ok  entered Aurelia City Hall
 206.2s [6月5日（週四） 上午 9:14]   shot 28_city_hall_inside.png
 207.3s [6月5日（週四） 上午 9:16]   use "Registration counter"
 209.3s [6月5日（週四） 上午 9:16]   choose "› 我要登記公司。"
 212.1s [6月5日（週四） 上午 9:17]   shot 29_registration_form.png
 212.1s [6月5日（週四） 上午 9:17]   click [Submit] Register & pay
 213.1s [6月5日（週四） 上午 10:03]   shot 30_registration_done.png
 213.1s [6月5日（週四） 上午 10:03]   click "Thanks"
 213.1s [6月5日（週四） 上午 10:03]   ok  registered Riverlight Goods
 213.3s [6月5日（週四） 上午 10:03]   shot 31_decision_low_cash_warning.png
 213.3s [6月5日（週四） 上午 10:03]   decision low_cash_warning → reduce
 213.3s [6月5日（週四） 上午 10:03]   click [Choice_reduce] 縮減開支（暫停廣告、生活從簡）
 214.7s [6月5日（週四） 上午 10:03]   shot 32_decision_outcome_low_cash_warning.png
 214.7s [6月5日（週四） 上午 10:03]   click "OK"
 217.6s [6月5日（週四） 上午 10:08]   ok  walked back outside
 217.6s [6月5日（週四） 上午 10:08] STEP Walk to the Financial District → Nexus Bank
 227.2s [6月5日（週四） 上午 10:28]   ok  walked to Financial District
 231.4s [6月5日（週四） 上午 10:34]   ok  entered Nexus Bank
 231.5s [6月5日（週四） 上午 10:34]   shot 33_bank_inside.png
 232.5s [6月5日（週四） 上午 10:36]   use "Teller — business banking"
 233.2s [6月5日（週四） 上午 10:37]   click "$15,000"
 233.3s [6月5日（週四） 上午 10:37]   click [OpenAccount] 存入 $15,000 開戶
 234.3s [6月5日（週四） 上午 11:09]   shot 34_bank_account_opened.png
 234.7s [6月5日（週四） 上午 11:09]   ok  business account opened with founder capital
 237.0s [6月5日（週四） 上午 11:14]   ok  walked back outside
 237.0s [6月5日（週四） 上午 11:14] STEP Metro to Startup Hub → lease Suite 2B
 243.5s [6月5日（週四） 上午 11:24]   use "捷運——金融區站"
 244.4s [6月5日（週四） 上午 11:25]   shot 35_metro_startup_hub.png
 244.4s [6月5日（週四） 上午 11:25]   click [Go_startup_hub] 新創園區  ·  8 分鐘
 245.4s [6月5日（週四） 上午 11:35]   ok  took the Metro to Startup Hub
 250.5s [6月5日（週四） 上午 11:42]   ok  entered 22 Founders Lane
 250.6s [6月5日（週四） 上午 11:42]   shot 36_suite_2b_tour.png
 251.6s [6月5日（週四） 上午 11:44]   use "和 Tom 說話"
 254.0s [6月5日（週四） 上午 11:44]   click [SignLease] Sign the lease
 255.1s [6月5日（週四） 上午 11:46]   ok  leased Suite 2B
 255.8s [6月5日（週四） 上午 11:47]   shot 37_suite_2b_company_sign.png
 255.8s [6月5日（週四） 上午 11:47] STEP Sit at the desk → Company OS as the company
 256.4s [6月5日（週四） 上午 11:48]   use "Sit at your desk — Company OS"
 257.7s [6月5日（週四） 上午 11:50]   shot 38_company_os_as_company.png
 257.7s [6月5日（週四） 上午 11:50]   click [Tab_finance] Finance
 258.3s [6月5日（週四） 上午 11:50]   shot 39_company_os_finance.png
 258.3s [6月5日（週四） 上午 11:50]   click [Tab_inventory] Inventory
 258.8s [6月5日（週四） 上午 11:51]   shot 40_company_os_inventory.png
 262.2s [6月5日（週四） 上午 11:56]   ok  Chapter 3 complete
 264.5s [6月5日（週四） 下午 12:01]   ok  walked back outside
 264.6s [6月5日（週四） 下午 12:01]   shot 41_startup_hub_office_sign.png
 264.6s [6月5日（週四） 下午 12:01] STEP Careers — part-time job at Nexus Co-work
 271.0s [6月5日（週四） 下午 12:11]   ok  entered Nexus Co-work
 273.3s [6月5日（週四） 下午 12:14]   use "Business Board"
 274.0s [6月5日（週四） 下午 12:15]   click [Page_jobs] Part-time jobs
 274.6s [6月5日（週四） 下午 12:16]   shot 42_business_board_jobs.png
 274.6s [6月5日（週四） 下午 12:16]   click [Job_cowork_host] 詳情／應徵
 275.2s [6月5日（週四） 下午 12:17]   click [ApplyJob] Take the job
 275.7s [6月5日（週四） 下午 12:18]   shot 43_job_hired.png
 276.8s [6月5日（週四） 下午 12:19]   ok  hired as a community host
 279.0s [6月5日（週四） 下午 12:23]   use "Staff door — work a shift"
 279.8s [6月5日（週四） 下午 12:24]   shot 44_job_shift.png
 279.8s [6月5日（週四） 下午 12:24]   click [WorkShift] 開始 4 小時的班（最多 +$72.00）
 281.7s [6月5日（週四） 下午 4:26]   ok  a 4-hour shift paid by how it went ($67.68)
 281.7s [6月5日（週四） 下午 4:26] STEP Careers — freelance gig at a hot desk
 281.7s [6月5日（週四） 下午 4:26]   info card: Your first business loop
 281.8s [6月5日（週四） 下午 4:26]   shot 45_info_your_first_business_loop.png
 281.8s [6月5日（週四） 下午 4:26]   click "Let's go"
 286.1s [6月5日（週四） 下午 4:32]   use "Work at a hot desk — Company OS"
 286.7s [6月5日（週四） 下午 4:33]   click [Tab_freelance] Freelance
 287.2s [6月5日（週四） 下午 4:34]   click [StartFreelance] Start freelancing
 287.9s [6月5日（週四） 下午 4:35]   click [Accept_G1] Accept
 288.4s [6月5日（週四） 下午 4:35]   click [Work_G1] 工作 2 小時
 289.2s [6月5日（週四） 下午 6:37]   shot 46_freelance_gig.png
 289.2s [6月5日（週四） 下午 6:37]   ok  put hours into a freelance gig
 289.2s [6月5日（週四） 下午 6:37] STEP Careers — start a SaaS product
 289.2s [6月5日（週四） 下午 6:37]   click [Tab_saas] SaaS
 289.8s [6月5日（週四） 下午 6:37]   shot 47_saas_ideas.png
 289.8s [6月5日（週四） 下午 6:37]   click [Saas_freelancer_invoicing] Build this
 290.3s [6月5日（週四） 下午 6:38]   click [SaasCode] 寫程式 2 小時
 291.0s [6月5日（週四） 下午 8:39]   shot 48_saas_building.png
 291.0s [6月5日（週四） 下午 8:39]   ok  started building a SaaS product (2 dev h)
 294.6s [6月5日（週四） 下午 8:46]   ok  walked back outside
 294.6s [6月5日（週四） 下午 8:46] STEP Run the company to month-end
 298.6s [6月5日（週四） 下午 9:04]   ok  walked to Riverside
 314.5s [6月5日（週四） 下午 9:28]   ok  entered Riverside Tower
 316.4s [6月5日（週四） 下午 9:30]   use "Sleep"
 317.0s [6月5日（週四） 下午 9:30]   click [Sleep] Sleep until 7:00 AM
 323.1s [6月6日（週五） 上午 7:07]   use "Packing table"
 323.8s [6月6日（週五） 上午 7:08]   click [Pack] 打包 15 筆訂單（2 h）
 324.7s [6月6日（週五） 上午 9:09]   click [CourierExpress] 快遞 · 快捷 1 天（$146.70）
 330.0s [6月6日（週五） 下午 7:06]   use "Sleep"
 330.6s [6月6日（週五） 下午 7:06]   click [Sleep] Sleep until 7:00 AM
 336.7s [6月7日（週六） 上午 7:07]   use "Packing table"
 337.4s [6月7日（週六） 上午 7:08]   click [Pack] 打包 14 筆訂單（1 小時 52 分）
 338.3s [6月7日（週六） 上午 9:01]   click [CourierExpress] 快遞 · 快捷 1 天（$141.40）
 343.6s [6月7日（週六） 下午 7:06]   use "Sleep"
 344.2s [6月7日（週六） 下午 7:06]   click [Sleep] Sleep until 7:00 AM
 350.3s [6月8日（週日） 上午 7:07]   use "Packing table"
 351.0s [6月8日（週日） 上午 7:08]   click [Pack] 打包 9 筆訂單（1 小時 12 分）
 351.9s [6月8日（週日） 上午 8:21]   click [CourierExpress] 快遞 · 快捷 1 天（$100.50）
 357.2s [6月8日（週日） 下午 7:06]   use "Sleep"
 357.8s [6月8日（週日） 下午 7:06]   click [Sleep] Sleep until 7:00 AM
 363.9s [6月9日（週一） 上午 7:07]   use "Packing table"
 364.6s [6月9日（週一） 上午 7:08]   click [Pack] 打包 10 筆訂單（1 小時 20 分）
 365.5s [6月9日（週一） 上午 8:29]   click [CourierExpress] 快遞 · 快捷 1 天（$95.00）
 370.8s [6月9日（週一） 下午 7:06]   use "Sleep"
 371.4s [6月9日（週一） 下午 7:06]   click [Sleep] Sleep until 7:00 AM
 377.5s [6月10日（週二） 上午 7:07]   use "Packing table"
 378.2s [6月10日（週二） 上午 7:08]   click [Pack] 打包 6 筆訂單（48 分鐘）
 379.1s [6月10日（週二） 上午 7:57]   click [CourierExpress] 快遞 · 快捷 1 天（$66.60）
 384.4s [6月10日（週二） 下午 7:06]   use "Sleep"
 385.0s [6月10日（週二） 下午 7:06]   click [Sleep] Sleep until 7:00 AM
 391.1s [6月11日（週三） 上午 7:07]   use "Packing table"
 391.8s [6月11日（週三） 上午 7:08]   click [Pack] 打包 16 筆訂單（2 小時 8 分）
 392.7s [6月11日（週三） 上午 9:17]   click [CourierExpress] 快遞 · 快捷 1 天（$155.60）
 398.1s [6月11日（週三） 下午 7:06]   use "Sleep"
 398.7s [6月11日（週三） 下午 7:06]   click [Sleep] Sleep until 7:00 AM
 404.7s [6月12日（週四） 上午 7:07]   use "Packing table"
 405.4s [6月12日（週四） 上午 7:08]   click [Pack] 打包 10 筆訂單（1 小時 20 分）
 406.3s [6月12日（週四） 上午 8:29]   click [CourierExpress] 快遞 · 快捷 1 天（$109.40）
 411.7s [6月12日（週四） 下午 7:06]   use "Sleep"
 412.3s [6月12日（週四） 下午 7:06]   click [Sleep] Sleep until 7:00 AM
 418.3s [6月13日（週五） 上午 7:07]   use "Packing table"
 419.0s [6月13日（週五） 上午 7:08]   click [Pack] 打包 7 筆訂單（56 分鐘）
 419.9s [6月13日（週五） 上午 8:05]   click [CourierExpress] 快遞 · 快捷 1 天（$75.50）
 425.3s [6月13日（週五） 下午 7:06]   use "Sleep"
 426.5s [6月13日（週五） 下午 7:06]   click [Sleep] Sleep until 7:00 AM
 428.6s [6月14日（週六） 上午 7:00]   shot 49_decision_customer_return.png
 428.9s [6月14日（週六） 上午 7:00]   decision customer_return → replace
 428.9s [6月14日（週六） 上午 7:00]   click [Choice_replace] 寄一個新的
 430.4s [6月14日（週六） 上午 7:00]   shot 50_decision_outcome_customer_return.png
 430.4s [6月14日（週六） 上午 7:00]   click "OK"
 435.2s [6月14日（週六） 上午 7:07]   use "Packing table"
 435.9s [6月14日（週六） 上午 7:08]   click [Pack] 打包 9 筆訂單（1 小時 12 分）
 437.0s [6月14日（週六） 上午 8:21]   click [CourierExpress] 快遞 · 快捷 1 天（$93.30）
 439.6s [6月14日（週六） 上午 8:25]   use "Use laptop — Company OS"
 440.2s [6月14日（週六） 上午 8:26]   click [Tab_operations] Operations
 440.3s [6月14日（週六） 上午 8:26]   click [DeliverTo_riverside_studio] 河濱大樓 7C
 440.5s [6月14日（週六） 上午 8:26]   click [Buy_tradelink_wholesale_water_bottle] 購買 $408
 444.2s [6月14日（週六） 下午 7:05]   use "Sleep"
 444.8s [6月14日（週六） 下午 7:05]   click [Sleep] Sleep until 7:00 AM
 450.9s [6月15日（週日） 上午 7:07]   use "Packing table"
 451.6s [6月15日（週日） 上午 7:08]   click [Pack] 打包 17 筆訂單（2 小時 16 分）
 452.5s [6月15日（週日） 上午 9:25]   click [CourierExpress] 快遞 · 快捷 1 天（$160.90）
 455.1s [6月15日（週日） 上午 9:29]   use "Use laptop — Company OS"
 455.7s [6月15日（週日） 上午 9:30]   click [Tab_operations] Operations
 455.8s [6月15日（週日） 上午 9:30]   click [DeliverTo_riverside_studio] 河濱大樓 7C
 456.0s [6月15日（週日） 上午 9:30]   click [Buy_tradelink_wholesale_water_bottle] 購買 $408
 456.7s [6月15日（週日） 下午 7:00]   shot 51_decision_viral_mention.png
 456.7s [6月15日（週日） 下午 7:00]   decision viral_mention → ride
 456.7s [6月15日（週日） 下午 7:00]   click [Choice_ride] 順其自然
 458.1s [6月15日（週日） 下午 7:00]   shot 52_decision_outcome_viral_mention.png
 458.1s [6月15日（週日） 下午 7:00]   click "OK"
 461.7s [6月15日（週日） 下午 7:05]   use "Sleep"
 462.3s [6月15日（週日） 下午 7:05]   click [Sleep] Sleep until 7:00 AM
 468.4s [6月16日（週一） 上午 7:07]   use "Packing table"
 469.1s [6月16日（週一） 上午 7:08]   click [Pack] 打包 15 筆訂單（2 h）
 469.9s [6月16日（週一） 上午 9:17]   click [CourierExpress] 快遞 · 快捷 1 天（$159.20）
 472.6s [6月16日（週一） 上午 9:21]   use "Use laptop — Company OS"
 473.2s [6月16日（週一） 上午 9:22]   click [Tab_operations] Operations
 473.3s [6月16日（週一） 上午 9:22]   click [DeliverTo_riverside_studio] 河濱大樓 7C
 473.4s [6月16日（週一） 上午 9:22]   click [Buy_tradelink_wholesale_water_bottle] 購買 $408
 474.1s [6月16日（週一） 下午 7:00]   shot 53_decision_supplier_price_increase.png
 474.1s [6月16日（週一） 下午 7:00]   decision supplier_price_increase → accept
 474.1s [6月16日（週一） 下午 7:00]   click [Choice_accept] 好。繼續跟你進貨。
 475.5s [6月16日（週一） 下午 7:00]   shot 54_decision_outcome_supplier_price_increase.png
 475.5s [6月16日（週一） 下午 7:00]   click "OK"
 479.1s [6月16日（週一） 下午 7:05]   use "Sleep"
 479.7s [6月16日（週一） 下午 7:05]   click [Sleep] Sleep until 7:00 AM
 485.8s [6月17日（週二） 上午 7:07]   use "Packing table"
 486.5s [6月17日（週二） 上午 7:08]   click [Pack] 打包 20 筆訂單（2 小時 40 分）
 487.5s [6月17日（週二） 上午 9:49]   click [CourierExpress] 快遞 · 快捷 1 天（$187.60）
 488.6s [6月17日（週二） 上午 9:50]   shot 55_decision_customer_return.png
 488.7s [6月17日（週二） 上午 9:50]   decision customer_return → replace
 488.7s [6月17日（週二） 上午 9:50]   click [Choice_replace] 寄一個新的
 490.1s [6月17日（週二） 上午 9:50]   shot 56_decision_outcome_customer_return.png
 490.1s [6月17日（週二） 上午 9:50]   click "OK"
 490.7s [6月17日（週二） 下午 7:00]   shot 57_decision_unexpected_large_order.png
 490.8s [6月17日（週二） 下午 7:00]   decision unexpected_large_order → review
 490.8s [6月17日（週二） 下午 7:00]   click [Choice_review] 把合約寄給我，我看看。
 492.2s [6月17日（週二） 下午 7:00]   shot 58_decision_outcome_unexpected_large_order.png
 492.6s [6月17日（週二） 下午 7:00]   click "OK"
 497.4s [6月17日（週二） 下午 7:07]   use "Sleep"
 498.0s [6月17日（週二） 下午 7:07]   click [Sleep] Sleep until 7:00 AM
 504.1s [6月18日（週三） 上午 7:07]   use "Packing table"
 504.8s [6月18日（週三） 上午 7:08]   click [Pack] 打包 24 筆訂單（3 小時 12 分）
 505.7s [6月18日（週三） 上午 10:21]   click [CourierExpress] 快遞 · 快捷 1 天（$230.40）
 508.3s [6月18日（週三） 上午 10:25]   use "Use laptop — Company OS"
 508.9s [6月18日（週三） 上午 10:26]   click [Tab_operations] Operations
 509.0s [6月18日（週三） 上午 10:26]   click [DeliverTo_riverside_studio] 河濱大樓 7C
 509.2s [6月18日（週三） 上午 10:26]   click [Buy_tradelink_wholesale_wireless_earbuds] 購買 $900
 509.4s [6月18日（週三） 上午 10:37]   click [Tab_contracts] 合約 ●
 510.1s [6月18日（週三） 上午 10:38]   shot 59_contract_offer.png
 510.1s [6月18日（週三） 上午 10:38]   click [AcceptContract] Accept
 514.3s [6月18日（週三） 下午 7:05]   use "Sleep"
 514.9s [6月18日（週三） 下午 7:05]   click [Sleep] Sleep until 7:00 AM
 521.0s [6月19日（週四） 上午 7:07]   use "Packing table"
 521.7s [6月19日（週四） 上午 7:08]   click [Pack] 打包 19 筆訂單（2 小時 32 分）
 522.6s [6月19日（週四） 上午 9:41]   click [CourierExpress] 快遞 · 快捷 1 天（$182.30）
 525.2s [6月19日（週四） 上午 9:45]   use "Use laptop — Company OS"
 525.8s [6月19日（週四） 上午 9:46]   click [Tab_operations] Operations
 525.9s [6月19日（週四） 上午 9:46]   click [DeliverTo_riverside_studio] 河濱大樓 7C
 526.1s [6月19日（週四） 上午 9:46]   click [Buy_tradelink_wholesale_wireless_earbuds] 購買 $900
 526.3s [6月19日（週四） 上午 9:57]   click [Tab_contracts] Contracts
 526.8s [6月19日（週四） 上午 9:57]   click [DeliverContract] 打包並交貨 120 件（B2B 貨運 $40）
 527.5s [6月19日（週四） 上午 11:28]   shot 60_contract_delivered.png
 531.0s [6月19日（週四） 下午 7:05]   use "Sleep"
 531.6s [6月19日（週四） 下午 7:05]   click [Sleep] Sleep until 7:00 AM
 537.6s [6月20日（週五） 上午 7:07]   use "Packing table"
 538.3s [6月20日（週五） 上午 7:08]   click [Pack] 打包 13 筆訂單（1 小時 44 分）
 539.2s [6月20日（週五） 上午 8:53]   click [CourierExpress] 快遞 · 快捷 1 天（$143.30）
 540.4s [6月20日（週五） 上午 8:54]   shot 61_decision_customer_return.png
 540.4s [6月20日（週五） 上午 8:54]   decision customer_return → refund
 540.4s [6月20日（週五） 上午 8:54]   click [Choice_refund] 退款＋收回商品
 541.7s [6月20日（週五） 上午 8:54]   shot 62_decision_outcome_customer_return.png
 541.7s [6月20日（週五） 上午 8:54]   click "OK"
 543.7s [6月20日（週五） 上午 8:56]   use "Use laptop — Company OS"
 544.3s [6月20日（週五） 上午 8:57]   click [Tab_operations] Operations
 544.4s [6月20日（週五） 上午 8:57]   click [DeliverTo_riverside_studio] 河濱大樓 7C
 544.6s [6月20日（週五） 上午 8:58]   click [Buy_tradelink_wholesale_wireless_earbuds] 購買 $900
 548.3s [6月20日（週五） 下午 7:04]   use "Sleep"
 548.9s [6月20日（週五） 下午 7:04]   click [Sleep] Sleep until 7:00 AM
 555.0s [6月21日（週六） 上午 7:07]   use "Packing table"
 555.7s [6月21日（週六） 上午 7:08]   click [Pack] 打包 5 筆訂單（40 分鐘）
 556.6s [6月21日（週六） 上午 7:49]   click [CourierExpress] 快遞 · 快捷 1 天（$54.10）
 562.0s [6月21日（週六） 下午 7:06]   use "Sleep"
 562.6s [6月21日（週六） 下午 7:06]   click [Sleep] Sleep until 7:00 AM
 568.7s [6月22日（週日） 上午 7:07]   use "Packing table"
 569.4s [6月22日（週日） 上午 7:08]   click [Pack] 打包 11 筆訂單（1 小時 28 分）
 570.2s [6月22日（週日） 上午 8:37]   click [CourierExpress] 快遞 · 快捷 1 天（$103.90）
 575.6s [6月22日（週日） 下午 7:06]   use "Sleep"
 576.2s [6月22日（週日） 下午 7:06]   click [Sleep] Sleep until 7:00 AM
 578.1s [6月23日（週一） 上午 7:00]   shot 63_decision_customer_return.png
 578.1s [6月23日（週一） 上午 7:00]   decision customer_return → replace
 578.1s [6月23日（週一） 上午 7:00]   click [Choice_replace] 寄一個新的
 579.5s [6月23日（週一） 上午 7:00]   shot 64_decision_outcome_customer_return.png
 579.5s [6月23日（週一） 上午 7:00]   click "OK"
 584.3s [6月23日（週一） 上午 7:07]   use "Packing table"
 585.0s [6月23日（週一） 上午 7:08]   click [Pack] 打包 8 筆訂單（1 小時 4 分）
 585.9s [6月23日（週一） 上午 8:13]   click [CourierExpress] 快遞 · 快捷 1 天（$77.20）
 591.2s [6月23日（週一） 下午 7:06]   use "Sleep"
 591.8s [6月23日（週一） 下午 7:06]   click [Sleep] Sleep until 7:00 AM
 597.9s [6月24日（週二） 上午 7:07]   use "Packing table"
 598.6s [6月24日（週二） 上午 7:08]   click [Pack] 打包 5 筆訂單（40 分鐘）
 599.5s [6月24日（週二） 上午 7:49]   click [CourierExpress] 快遞 · 快捷 1 天（$50.50）
 604.9s [6月24日（週二） 下午 7:06]   use "Sleep"
 605.5s [6月24日（週二） 下午 7:06]   click [Sleep] Sleep until 7:00 AM
 607.4s [6月25日（週三） 上午 7:00]   shot 65_decision_customer_return.png
 607.4s [6月25日（週三） 上午 7:00]   decision customer_return → replace
 607.4s [6月25日（週三） 上午 7:00]   click [Choice_replace] 寄一個新的
 608.7s [6月25日（週三） 上午 7:00]   shot 66_decision_outcome_customer_return.png
 608.7s [6月25日（週三） 上午 7:00]   click "OK"
 613.5s [6月25日（週三） 上午 7:07]   use "Packing table"
 614.2s [6月25日（週三） 上午 7:08]   click [Pack] 打包 9 筆訂單（1 小時 12 分）
 615.1s [6月25日（週三） 上午 8:21]   click [CourierExpress] 快遞 · 快捷 1 天（$86.10）
 620.5s [6月25日（週三） 下午 7:06]   use "Sleep"
 621.1s [6月25日（週三） 下午 7:06]   click [Sleep] Sleep until 7:00 AM
 627.2s [6月26日（週四） 上午 7:07]   use "Packing table"
 627.9s [6月26日（週四） 上午 7:08]   click [Pack] 打包 5 筆訂單（40 分鐘）
 628.7s [6月26日（週四） 上午 7:49]   click [CourierExpress] 快遞 · 快捷 1 天（$50.50）
 634.2s [6月26日（週四） 下午 7:06]   use "Sleep"
 635.0s [6月26日（週四） 下午 7:06]   click [Sleep] Sleep until 7:00 AM
 636.9s [6月27日（週五） 上午 7:00]   shot 67_decision_customer_return.png
 637.1s [6月27日（週五） 上午 7:00]   decision customer_return → replace
 637.3s [6月27日（週五） 上午 7:00]   click [Choice_replace] 寄一個新的
 638.8s [6月27日（週五） 上午 7:00]   shot 68_decision_outcome_customer_return.png
 639.2s [6月27日（週五） 上午 7:00]   click "OK"
 644.0s [6月27日（週五） 上午 7:07]   use "Packing table"
 644.9s [6月27日（週五） 上午 7:08]   click [Pack] 打包 10 筆訂單（1 小時 20 分）
 645.8s [6月27日（週五） 上午 8:29]   click [CourierExpress] 快遞 · 快捷 1 天（$95.00）
 651.3s [6月27日（週五） 下午 7:06]   use "Sleep"
 651.9s [6月27日（週五） 下午 7:06]   click [Sleep] Sleep until 7:00 AM
 658.2s [6月28日（週六） 上午 7:07]   use "Packing table"
 658.9s [6月28日（週六） 上午 7:08]   click [Pack] 打包 10 筆訂單（1 小時 20 分）
 659.8s [6月28日（週六） 上午 8:29]   click [CourierExpress] 快遞 · 快捷 1 天（$95.00）
 665.2s [6月28日（週六） 下午 7:06]   use "Sleep"
 665.8s [6月28日（週六） 下午 7:06]   click [Sleep] Sleep until 7:00 AM
 671.9s [6月29日（週日） 上午 7:07]   use "Packing table"
 672.6s [6月29日（週日） 上午 7:08]   click [Pack] 打包 9 筆訂單（1 小時 12 分）
 673.5s [6月29日（週日） 上午 8:21]   click [CourierExpress] 快遞 · 快捷 1 天（$86.10）
 678.8s [6月29日（週日） 下午 7:06]   use "Sleep"
 679.4s [6月29日（週日） 下午 7:06]   click [Sleep] Sleep until 7:00 AM
 685.5s [6月30日（週一） 上午 7:07]   use "Packing table"
 686.2s [6月30日（週一） 上午 7:08]   click [Pack] 打包 7 筆訂單（56 分鐘）
 687.1s [6月30日（週一） 上午 8:05]   click [CourierExpress] 快遞 · 快捷 1 天（$68.30）
 689.7s [6月30日（週一） 上午 8:09]   use "Use laptop — Company OS"
 690.3s [6月30日（週一） 上午 8:10]   click [Tab_operations] Operations
 690.4s [6月30日（週一） 上午 8:10]   click [DeliverTo_riverside_studio] 河濱大樓 7C
 690.5s [6月30日（週一） 上午 8:10]   click [Buy_tradelink_wholesale_water_bottle] 購買 $408
 694.2s [6月30日（週一） 下午 7:05]   use "Sleep"
 694.8s [6月30日（週一） 下午 7:05]   click [Sleep] Sleep until 7:00 AM
 698.2s [7月1日（週二） 上午 7:00]   shot 69_month_close_report.png
 698.2s [7月1日（週二） 上午 7:00]   click [month close] Continue
 703.0s [7月1日（週二） 上午 7:07]   use "Packing table"
 703.7s [7月1日（週二） 上午 7:08]   click [Pack] 打包 6 筆訂單（48 分鐘）
 704.6s [7月1日（週二） 上午 7:57]   click [CourierExpress] 快遞 · 快捷 1 天（$59.40）
 706.7s [7月1日（週二） 上午 8:00]   ok  month close ran (June)
 708.3s [7月1日（週二） 上午 8:02]   use "Use laptop — Company OS"
 708.9s [7月1日（週二） 上午 8:03]   click [Tab_finance] Finance
 709.6s [7月1日（週二） 上午 8:04]   shot 70_company_os_finance_july.png
 709.9s [7月1日（週二） 上午 8:05]   ok  Chapter 4 started after the June close
 709.9s [7月1日（週二） 上午 8:05] STEP Chapter 4 — register as an employer at City Hall
 712.6s [7月1日（週二） 上午 8:10]   ok  walked back outside
 722.0s [7月1日（週二） 上午 8:24]   use "捷運——河濱區站"
 723.0s [7月1日（週二） 上午 8:25]   shot 71_metro_civic_center.png
 723.0s [7月1日（週二） 上午 8:25]   click [Go_civic_center] 市政中心  ·  12 分鐘
 724.0s [7月1日（週二） 上午 8:39]   ok  took the Metro to Civic Center
 731.4s [7月1日（週二） 上午 9:20]   ok  entered Aurelia City Hall
 733.2s [7月1日（週二） 上午 9:23]   use "Permits & regulations"
 734.0s [7月1日（週二） 上午 9:24]   shot 72_permits_kiosk.png
 734.0s [7月1日（週二） 上午 9:24]   click [RegisterEmployer] 登記（$150）
 734.9s [7月1日（週二） 上午 9:46]   ok  registered as an employer
 734.9s [7月1日（週二） 上午 9:46] STEP Chapter 4 — post a job, hire, first payroll
 737.9s [7月1日（週二） 上午 9:51]   ok  walked back outside
 743.6s [7月1日（週二） 上午 10:00]   use "捷運——市政中心站"
 744.6s [7月1日（週二） 上午 10:01]   shot 73_metro_riverside.png
 744.6s [7月1日（週二） 上午 10:01]   click [Go_riverside] 河濱區  ·  12 分鐘
 745.6s [7月1日（週二） 上午 10:15]   ok  took the Metro to Riverside
 754.8s [7月1日（週二） 上午 10:28]   ok  entered Riverside Tower
 756.2s [7月1日（週二） 上午 10:30]   use "Use laptop — Company OS"
 756.8s [7月1日（週二） 上午 10:31]   click [Tab_people] People
 757.5s [7月1日（週二） 上午 10:32]   shot 74_people_tab.png
 757.5s [7月1日（週二） 上午 10:32]   click [Post_support] Post job
 758.4s [7月1日（週二） 上午 10:34]   ok  job ad posted
 758.4s [7月1日（週二） 上午 10:34]   (harness) wait 2 h
 762.3s [7月1日（週二） 下午 12:40]   use "Packing table"
 763.0s [7月1日（週二） 下午 12:41]   click [Pack] 打包 1 筆訂單（8 分鐘）
 763.9s [7月1日（週二） 下午 12:50]   click [CourierExpress] 快遞 · 快捷 1 天（$14.90）
 765.0s [7月1日（週二） 下午 12:52]   (harness) wait 2 h
 765.8s [7月1日（週二） 下午 2:53]   use "Packing table"
 766.5s [7月1日（週二） 下午 2:54]   click [Pack] 打包 2 筆訂單（16 分鐘）
 767.4s [7月1日（週二） 下午 3:11]   click [CourierExpress] 快遞 · 快捷 1 天（$23.80）
 768.5s [7月1日（週二） 下午 3:13]   (harness) wait 2 h
 769.2s [7月1日（週二） 下午 5:14]   use "Packing table"
 769.9s [7月1日（週二） 下午 5:15]   click [Pack] 打包 1 筆訂單（8 分鐘）
 770.8s [7月1日（週二） 下午 5:24]   click [CourierExpress] 快遞 · 快捷 1 天（$14.90）
 771.9s [7月1日（週二） 下午 5:26]   (harness) wait 2 h
 772.7s [7月1日（週二） 下午 7:27]   use "Packing table"
 773.4s [7月1日（週二） 下午 7:28]   click [Pack] 打包 3 筆訂單（24 分鐘）
 774.3s [7月1日（週二） 下午 7:53]   click [CourierExpress] 快遞 · 快捷 1 天（$32.70）
 778.0s [7月1日（週二） 下午 7:59]   use "Sleep"
 778.6s [7月1日（週二） 下午 7:59]   click [Sleep] Sleep until 7:00 AM
 784.7s [7月2日（週三） 上午 7:07]   use "Packing table"
 785.4s [7月2日（週三） 上午 7:08]   click [Pack] 打包 1 筆訂單（8 分鐘）
 786.3s [7月2日（週三） 上午 7:17]   click [CourierExpress] 快遞 · 快捷 1 天（$14.90）
 789.0s [7月2日（週三） 上午 7:21]   use "Use laptop — Company OS"
 789.6s [7月2日（週三） 上午 7:22]   click [Tab_people] People
 790.3s [7月2日（週三） 上午 7:23]   shot 75_applicants.png
 790.4s [7月2日（週三） 上午 7:23]   click [Hire_E1] Hire
 791.3s [7月2日（週三） 上午 7:25]   ok  hired the first employee (Leo Wu)
 791.4s [7月2日（週三） 下午 7:00]   shot 76_decision_customer_return.png
 791.4s [7月2日（週三） 下午 7:00]   decision customer_return → replace
 791.4s [7月2日（週三） 下午 7:00]   click [Choice_replace] 寄一個新的
 792.8s [7月2日（週三） 下午 7:00]   shot 77_decision_outcome_customer_return.png
 792.8s [7月2日（週三） 下午 7:00]   click "OK"
 796.5s [7月2日（週三） 下午 7:05]   use "Sleep"
 797.1s [7月2日（週三） 下午 7:05]   click [Sleep] Sleep until 7:00 AM
 798.9s [7月3日（週四） 上午 7:00]   shot 78_decision_customer_return.png
 798.9s [7月3日（週四） 上午 7:00]   decision customer_return → replace
 799.0s [7月3日（週四） 上午 7:00]   click [Choice_replace] 寄一個新的
 800.4s [7月3日（週四） 上午 7:00]   shot 79_decision_outcome_customer_return.png
 800.4s [7月3日（週四） 上午 7:00]   click "OK"
 805.2s [7月3日（週四） 上午 7:07]   use "Packing table"
 805.9s [7月3日（週四） 上午 7:08]   click [Pack] 打包 4 筆訂單（32 分鐘）
 806.8s [7月3日（週四） 上午 7:41]   click [CourierExpress] 快遞 · 快捷 1 天（$41.60）
 812.2s [7月3日（週四） 下午 7:06]   use "Sleep"
 812.8s [7月3日（週四） 下午 7:06]   click [Sleep] Sleep until 7:00 AM
 818.9s [7月4日（週五） 上午 7:07]   use "Packing table"
 819.6s [7月4日（週五） 上午 7:08]   click [Pack] 打包 6 筆訂單（48 分鐘）
 820.5s [7月4日（週五） 上午 7:57]   click [CourierExpress] 快遞 · 快捷 1 天（$59.40）
 825.9s [7月4日（週五） 下午 7:06]   use "Sleep"
 826.5s [7月4日（週五） 下午 7:06]   click [Sleep] Sleep until 7:00 AM
 832.6s [7月5日（週六） 上午 7:07]   use "Packing table"
 833.3s [7月5日（週六） 上午 7:08]   click [Pack] 打包 9 筆訂單（1 小時 12 分）
 834.1s [7月5日（週六） 上午 8:21]   click [CourierExpress] 快遞 · 快捷 1 天（$86.10）
 835.2s [7月5日（週六） 上午 8:23]   ok  first payroll paid
 836.8s [7月5日（週六） 上午 8:25]   use "Use laptop — Company OS"
 837.4s [7月5日（週六） 上午 8:26]   click [Tab_finance] Finance
 838.0s [7月5日（週六） 上午 8:27]   shot 80_cash_forecast.png
 839.4s [7月5日（週六） 上午 8:29]   ok  Chapter 4 complete
 839.4s [7月5日（週六） 上午 8:29] STEP Chapter 5 — Crestline's offer
 842.6s [7月5日（週六） 下午 7:05]   use "Sleep"
 843.2s [7月5日（週六） 下午 7:05]   click [Sleep] Sleep until 7:00 AM
 849.3s [7月6日（週日） 上午 7:07]   use "Packing table"
 850.0s [7月6日（週日） 上午 7:08]   click [Pack] 打包 6 筆訂單（48 分鐘）
 850.9s [7月6日（週日） 上午 7:57]   click [CourierExpress] 快遞 · 快捷 1 天（$59.40）
 856.2s [7月6日（週日） 下午 7:06]   use "Sleep"
 856.8s [7月6日（週日） 下午 7:06]   click [Sleep] Sleep until 7:00 AM
 863.0s [7月7日（週一） 上午 7:07]   use "Packing table"
 863.7s [7月7日（週一） 上午 7:08]   click [Pack] 打包 7 筆訂單（56 分鐘）
 864.6s [7月7日（週一） 上午 8:05]   click [CourierExpress] 快遞 · 快捷 1 天（$68.30）
 869.9s [7月7日（週一） 下午 7:06]   use "Sleep"
 870.5s [7月7日（週一） 下午 7:06]   click [Sleep] Sleep until 7:00 AM
 876.6s [7月8日（週二） 上午 7:07]   use "Packing table"
 877.3s [7月8日（週二） 上午 7:08]   click [Pack] 打包 2 筆訂單（16 分鐘）
 878.2s [7月8日（週二） 上午 7:25]   click [CourierExpress] 快遞 · 快捷 1 天（$23.80）
 883.5s [7月8日（週二） 下午 7:06]   use "Sleep"
 884.1s [7月8日（週二） 下午 7:06]   click [Sleep] Sleep until 7:00 AM
 890.2s [7月9日（週三） 上午 7:07]   use "Packing table"
 890.9s [7月9日（週三） 上午 7:08]   click [Pack] 打包 8 筆訂單（1 小時 4 分）
 891.8s [7月9日（週三） 上午 8:13]   click [CourierExpress] 快遞 · 快捷 1 天（$77.20）
 897.1s [7月9日（週三） 下午 7:06]   use "Sleep"
 897.7s [7月9日（週三） 下午 7:06]   click [Sleep] Sleep until 7:00 AM
 903.8s [7月10日（週四） 上午 7:07]   use "Packing table"
 904.5s [7月10日（週四） 上午 7:08]   click [Pack] 打包 12 筆訂單（1 小時 36 分）
 905.4s [7月10日（週四） 上午 8:45]   click [CourierExpress] 快遞 · 快捷 1 天（$112.80）
 907.7s [7月10日（週四） 下午 7:02]   shot 81_decision_crestline_big_offer.png
 907.7s [7月10日（週四） 下午 7:02]   decision crestline_big_offer → review
 907.7s [7月10日（週四） 下午 7:02]   click [Choice_review] 把合約寄來，我看看。
 909.1s [7月10日（週四） 下午 7:02]   shot 82_decision_outcome_crestline_big_offer.png
 909.1s [7月10日（週四） 下午 7:02]   click "OK"
 912.8s [7月10日（週四） 下午 7:07]   use "Sleep"
 913.4s [7月10日（週四） 下午 7:07]   click [Sleep] Sleep until 7:00 AM
 919.5s [7月11日（週五） 上午 7:07]   use "Packing table"
 920.2s [7月11日（週五） 上午 7:08]   click [Pack] 打包 8 筆訂單（1 小時 4 分）
 921.1s [7月11日（週五） 上午 8:13]   click [CourierExpress] 快遞 · 快捷 1 天（$77.20）
 922.2s [7月11日（週五） 上午 8:15]   ok  Crestline offered the big contract
 923.7s [7月11日（週五） 上午 8:17]   use "Use laptop — Company OS"
 924.3s [7月11日（週五） 上午 8:18]   click [Tab_contracts] 合約 ●
 925.0s [7月11日（週五） 上午 8:19]   shot 83_big_contract_offer.png
 925.0s [7月11日（週五） 上午 8:19]   click [AcceptContract] Accept
 926.0s [7月11日（週五） 上午 8:21]   ok  accepted Crestline's contract
 926.0s [7月11日（週五） 上午 8:21] STEP Chapter 5 — borrow from Marcus Reed at Nexus Bank
 928.7s [7月11日（週五） 上午 8:26]   ok  walked back outside
 938.1s [7月11日（週五） 上午 8:40]   use "捷運——河濱區站"
 939.1s [7月11日（週五） 上午 8:41]   shot 84_metro_financial.png
 939.1s [7月11日（週五） 上午 8:41]   click [Go_financial] 金融區  ·  10 分鐘
 940.1s [7月11日（週五） 上午 8:53]   ok  took the Metro to Financial District
 940.5s [7月11日（週五） 下午 1:08]   shot 85_decision_supplier_price_increase.png
 940.5s [7月11日（週五） 下午 1:08]   decision supplier_price_increase → accept
 940.5s [7月11日（週五） 下午 1:08]   click [Choice_accept] 好。繼續跟你進貨。
 941.8s [7月11日（週五） 下午 1:08]   shot 86_decision_outcome_supplier_price_increase.png
 941.8s [7月11日（週五） 下午 1:08]   click "OK"
 949.9s [7月11日（週五） 下午 1:20]   ok  entered Nexus Bank
 951.6s [7月11日（週五） 下午 1:22]   use "和 Marcus Reed 說話"
 954.6s [7月11日（週五） 下午 1:22]   choose "› 讓我看看你能借多少。"
 956.5s [7月11日（週五） 下午 1:23]   shot 87_loan_offer.png
 956.5s [7月11日（週五） 下午 1:23]   click [Amt_50] $17,000
 956.6s [7月11日（週五） 下午 1:23]   click [Term_12] 12 個月
 956.7s [7月11日（週五） 下午 1:23]   click [TakeLoan] 借 $17,000
 957.4s [7月11日（週五） 下午 1:54]   shot 88_loan_taken.png
 957.7s [7月11日（週五） 下午 1:55]   ok  took a Nexus Bank loan (debt $17,000.00)
 957.7s [7月11日（週五） 下午 1:55] STEP Chapter 5 — order the lamps and deliver
 960.6s [7月11日（週五） 下午 2:00]   ok  walked back outside
 966.8s [7月11日（週五） 下午 2:09]   use "捷運——金融區站"
 967.7s [7月11日（週五） 下午 2:11]   shot 89_metro_riverside.png
 967.7s [7月11日（週五） 下午 2:11]   click [Go_riverside] 河濱區  ·  10 分鐘
 968.7s [7月11日（週五） 下午 2:22]   ok  took the Metro to Riverside
 977.9s [7月11日（週五） 下午 2:36]   ok  entered Riverside Tower
 979.3s [7月11日（週五） 下午 2:38]   use "Use laptop — Company OS"
 980.0s [7月11日（週五） 下午 2:39]   click [Tab_contracts] Contracts
 980.6s [7月11日（週五） 下午 2:40]   click [FillContract] 追加訂購 800 件，向 TradeLink 批發（$9,200）
 981.3s [7月11日（週五） 下午 2:51]   shot 90_contract_restock.png
 984.7s [7月11日（週五） 下午 7:05]   use "Sleep"
 985.5s [7月11日（週五） 下午 7:05]   click [Sleep] Sleep until 7:00 AM
 991.6s [7月12日（週六） 上午 7:07]   use "Packing table"
 992.5s [7月12日（週六） 上午 7:08]   click [Pack] 打包 11 筆訂單（1 小時 28 分）
 993.6s [7月12日（週六） 上午 8:38]   click [CourierExpress] 快遞 · 快捷 1 天（$103.90）
 999.0s [7月12日（週六） 下午 7:07]   use "Sleep"
 999.6s [7月12日（週六） 下午 7:07]   click [Sleep] Sleep until 7:00 AM
1005.8s [7月13日（週日） 上午 7:07]   use "Packing table"
1006.5s [7月13日（週日） 上午 7:08]   click [Pack] 打包 9 筆訂單（1 小時 12 分）
1007.5s [7月13日（週日） 上午 8:21]   click [CourierExpress] 快遞 · 快捷 1 天（$86.10）
1012.9s [7月13日（週日） 下午 7:06]   use "Sleep"
1013.5s [7月13日（週日） 下午 7:06]   click [Sleep] Sleep until 7:00 AM
1019.6s [7月14日（週一） 上午 7:07]   use "Packing table"
1020.4s [7月14日（週一） 上午 7:08]   click [Pack] 打包 10 筆訂單（1 小時 20 分）
1021.3s [7月14日（週一） 上午 8:29]   click [CourierExpress] 快遞 · 快捷 1 天（$95.00）
1024.1s [7月14日（週一） 上午 8:33]   use "Use laptop — Company OS"
1024.8s [7月14日（週一） 上午 8:35]   click [Tab_contracts] Contracts
1025.4s [7月14日（週一） 上午 8:35]   click [DeliverContract] 打包並交貨 800 件（B2B 貨運 $40）
1026.3s [7月14日（週一） 上午 10:07]   shot 91_big_contract_delivered.png
1026.7s [7月14日（週一） 上午 10:07]   ok  delivered 800 lamps to Crestline
1027.7s [7月14日（週一） 上午 10:09]   ok  Chapter 5 complete
1027.7s [7月14日（週一） 上午 10:09] STEP Chapter 6 — forecast, early payment, month in the black
1027.9s [7月14日（週一） 上午 10:09]   use "Use laptop — Company OS"
1028.5s [7月14日（週一） 上午 10:10]   click [Tab_finance] Finance
1029.2s [7月14日（週一） 上午 10:11]   shot 92_cash_forecast_ch6.png
1029.2s [7月14日（週一） 上午 10:11]   click [Tab_contracts] Contracts
1029.7s [7月14日（週一） 上午 10:12]   click [EarlyPayment] 請對方提前付款（折 3%：現在拿 $21,728）
1030.5s [7月14日（週一） 上午 10:13]   shot 93_early_payment.png
1030.9s [7月14日（週一） 上午 10:14]   ok  Crestline paid early (3% discount)
1030.9s [7月14日（週一） 下午 2:06]   toast: 新評價 #1369：★「浪費錢。」
1034.0s [7月14日（週一） 下午 7:04]   use "Sleep"
1034.6s [7月14日（週一） 下午 7:04]   click [Sleep] Sleep until 7:00 AM
1040.7s [7月15日（週二） 上午 7:07]   use "Packing table"
1041.4s [7月15日（週二） 上午 7:08]   click [Pack] 打包 11 筆訂單（1 小時 28 分）
1042.3s [7月15日（週二） 上午 8:37]   click [CourierExpress] 快遞 · 快捷 1 天（$103.90）
1043.5s [7月15日（週二） 下午 7:00]   shot 94_decision_elena_offer.png
1043.5s [7月15日（週二） 下午 7:00]   decision elena_offer → accept
1043.5s [7月15日（週二） 下午 7:00]   click [Choice_accept] 以 20% 股份換 $40,000
1044.9s [7月15日（週二） 下午 7:00]   shot 95_decision_outcome_elena_offer.png
1044.9s [7月15日（週二） 下午 7:00]   click "OK"
1049.7s [7月15日（週二） 下午 7:07]   use "Sleep"
1050.3s [7月15日（週二） 下午 7:07]   click [Sleep] Sleep until 7:00 AM
1056.4s [7月16日（週三） 上午 7:07]   use "Packing table"
1057.1s [7月16日（週三） 上午 7:08]   click [Pack] 打包 4 筆訂單（32 分鐘）
1058.0s [7月16日（週三） 上午 7:41]   click [CourierExpress] 快遞 · 快捷 1 天（$41.60）
1063.3s [7月16日（週三） 下午 7:06]   use "Sleep"
1063.9s [7月16日（週三） 下午 7:06]   click [Sleep] Sleep until 7:00 AM
1070.0s [7月17日（週四） 上午 7:07]   use "Packing table"
1070.7s [7月17日（週四） 上午 7:08]   click [Pack] 打包 8 筆訂單（1 小時 4 分）
1071.6s [7月17日（週四） 上午 8:13]   click [CourierExpress] 快遞 · 快捷 1 天（$77.20）
1076.9s [7月17日（週四） 下午 7:06]   use "Sleep"
1077.5s [7月17日（週四） 下午 7:06]   click [Sleep] Sleep until 7:00 AM
1083.6s [7月18日（週五） 上午 7:07]   use "Packing table"
1084.3s [7月18日（週五） 上午 7:08]   click [Pack] 打包 7 筆訂單（56 分鐘）
1085.2s [7月18日（週五） 上午 8:05]   click [CourierExpress] 快遞 · 快捷 1 天（$68.30）
1090.6s [7月18日（週五） 下午 7:06]   use "Sleep"
1091.2s [7月18日（週五） 下午 7:06]   click [Sleep] Sleep until 7:00 AM
1094.8s [7月19日（週六） 下午 7:03]   use "Sleep"
1095.4s [7月19日（週六） 下午 7:03]   click [Sleep] Sleep until 7:00 AM
1101.5s [7月20日（週日） 上午 7:07]   use "Packing table"
1102.2s [7月20日（週日） 上午 7:08]   click [Pack] 打包 2 筆訂單（16 分鐘）
1103.1s [7月20日（週日） 上午 7:25]   click [CourierExpress] 快遞 · 快捷 1 天（$23.80）
1108.5s [7月20日（週日） 下午 7:06]   use "Sleep"
1109.1s [7月20日（週日） 下午 7:06]   click [Sleep] Sleep until 7:00 AM
1115.2s [7月21日（週一） 上午 7:07]   use "Packing table"
1115.8s [7月21日（週一） 上午 7:08]   click [Pack] 打包 7 筆訂單（56 分鐘）
1116.7s [7月21日（週一） 上午 8:05]   click [CourierExpress] 快遞 · 快捷 1 天（$68.30）
1122.1s [7月21日（週一） 下午 7:06]   use "Sleep"
1122.7s [7月21日（週一） 下午 7:06]   click [Sleep] Sleep until 7:00 AM
1128.8s [7月22日（週二） 上午 7:07]   use "Packing table"
1129.5s [7月22日（週二） 上午 7:08]   click [Pack] 打包 4 筆訂單（32 分鐘）
1130.3s [7月22日（週二） 上午 7:41]   click [CourierExpress] 快遞 · 快捷 1 天（$41.60）
1135.7s [7月22日（週二） 下午 7:06]   use "Sleep"
1136.3s [7月22日（週二） 下午 7:06]   click [Sleep] Sleep until 7:00 AM
1142.4s [7月23日（週三） 上午 7:07]   use "Packing table"
1143.1s [7月23日（週三） 上午 7:08]   click [Pack] 打包 5 筆訂單（40 分鐘）
1144.0s [7月23日（週三） 上午 7:49]   click [CourierExpress] 快遞 · 快捷 1 天（$50.50）
1149.3s [7月23日（週三） 下午 7:06]   use "Sleep"
1149.9s [7月23日（週三） 下午 7:06]   click [Sleep] Sleep until 7:00 AM
1156.0s [7月24日（週四） 上午 7:07]   use "Packing table"
1156.7s [7月24日（週四） 上午 7:08]   click [Pack] 打包 6 筆訂單（48 分鐘）
1157.6s [7月24日（週四） 上午 7:57]   click [CourierExpress] 快遞 · 快捷 1 天（$59.40）
1163.0s [7月24日（週四） 下午 7:06]   use "Sleep"
1163.6s [7月24日（週四） 下午 7:06]   click [Sleep] Sleep until 7:00 AM
1169.7s [7月25日（週五） 上午 7:07]   use "Packing table"
1170.3s [7月25日（週五） 上午 7:08]   click [Pack] 打包 7 筆訂單（56 分鐘）
1171.2s [7月25日（週五） 上午 8:05]   click [CourierExpress] 快遞 · 快捷 1 天（$68.30）
1176.6s [7月25日（週五） 下午 7:06]   use "Sleep"
1177.2s [7月25日（週五） 下午 7:06]   click [Sleep] Sleep until 7:00 AM
1183.3s [7月26日（週六） 上午 7:07]   use "Packing table"
1184.0s [7月26日（週六） 上午 7:08]   click [Pack] 打包 6 筆訂單（48 分鐘）
1184.9s [7月26日（週六） 上午 7:57]   click [CourierExpress] 快遞 · 快捷 1 天（$59.40）
1190.3s [7月26日（週六） 下午 7:06]   use "Sleep"
1190.9s [7月26日（週六） 下午 7:06]   click [Sleep] Sleep until 7:00 AM
1197.0s [7月27日（週日） 上午 7:07]   use "Packing table"
1197.7s [7月27日（週日） 上午 7:08]   click [Pack] 打包 4 筆訂單（32 分鐘）
1198.6s [7月27日（週日） 上午 7:41]   click [CourierExpress] 快遞 · 快捷 1 天（$41.60）
1204.1s [7月27日（週日） 下午 7:06]   use "Sleep"
1205.0s [7月27日（週日） 下午 7:07]   click [Sleep] Sleep until 7:00 AM
1211.1s [7月28日（週一） 上午 7:07]   use "Packing table"
1211.8s [7月28日（週一） 上午 7:08]   click [Pack] 打包 5 筆訂單（40 分鐘）
1212.7s [7月28日（週一） 上午 7:49]   click [CourierExpress] 快遞 · 快捷 1 天（$50.50）
1218.0s [7月28日（週一） 下午 7:06]   use "Sleep"
1218.6s [7月28日（週一） 下午 7:06]   click [Sleep] Sleep until 7:00 AM
1224.8s [7月29日（週二） 上午 7:07]   use "Packing table"
1225.5s [7月29日（週二） 上午 7:08]   click [Pack] 打包 1 筆訂單（8 分鐘）
1226.4s [7月29日（週二） 上午 7:17]   click [CourierExpress] 快遞 · 快捷 1 天（$14.90）
1231.7s [7月29日（週二） 下午 7:06]   use "Sleep"
1232.3s [7月29日（週二） 下午 7:06]   click [Sleep] Sleep until 7:00 AM
1234.3s [7月30日（週三） 下午 7:01]   use "Sleep"
1234.9s [7月30日（週三） 下午 7:01]   click [Sleep] Sleep until 7:00 AM
1236.9s [7月31日（週四） 下午 7:01]   use "Sleep"
1237.5s [7月31日（週四） 下午 7:01]   click [Sleep] Sleep until 7:00 AM
1240.9s [8月1日（週五） 上午 7:00]   shot 96_month_close_report.png
1240.9s [8月1日（週五） 上午 7:00]   click [month close] Continue
1245.8s [8月1日（週五） 上午 7:07]   use "Packing table"
1246.5s [8月1日（週五） 上午 7:08]   click [Pack] 打包 1 筆訂單（8 分鐘）
1247.4s [8月1日（週五） 上午 7:17]   click [CourierExpress] 快遞 · 快捷 1 天（$22.02）
1249.5s [8月1日（週五） 上午 7:20]   ok  Chapter 6 complete
1249.5s [8月1日（週五） 上午 7:20]   ok  ledger balanced after chapters 4–6
1249.5s [8月1日（週五） 上午 7:20]   ok  Chapter 7 started after Chapter 6
1249.5s [8月1日（週五） 上午 7:20]   ok  Year 3: the Supply Shock
1249.5s [8月1日（週五） 上午 7:20] STEP Chapter 7 — the news, and Ken's options
1251.9s [8月1日（週五） 上午 7:25]   ok  walked back outside
1255.3s [8月1日（週五） 上午 7:30]   ok  entered Bloom Coffee
1257.0s [8月1日（週五） 上午 7:33]   use "Read the news board"
1257.8s [8月1日（週五） 上午 7:38]   shot 97_news_supply_shock.png
1258.1s [8月1日（週五） 上午 7:38]   ok  read the news (supply_shock)
1261.1s [8月1日（週五） 上午 7:43]   ok  walked back outside
1264.2s [8月1日（週五） 上午 7:48]   ok  entered Riverside Tower
1266.1s [8月1日（週五） 下午 7:03]   use "Sleep"
1266.8s [8月1日（週五） 下午 7:03]   click [Sleep] Sleep until 7:00 AM
1268.7s [8月2日（週六） 下午 7:01]   use "Sleep"
1269.3s [8月2日（週六） 下午 7:01]   click [Sleep] Sleep until 7:00 AM
1271.2s [8月3日（週日） 下午 7:00]   shot 98_decision_supply_shock_plan.png
1271.3s [8月3日（週日） 下午 7:00]   decision supply_shock_plan → local
1271.3s [8月3日（週日） 下午 7:00]   click [Choice_local] 加一個在地備援：奧瑞莉亞職人合作社
1272.7s [8月3日（週日） 下午 7:00]   shot 99_decision_outcome_supply_shock_plan.png
1272.8s [8月3日（週日） 下午 7:00]   click "OK"
1273.4s [8月3日（週日） 下午 7:00]   use "Sleep"
1274.0s [8月3日（週日） 下午 7:00]   click [Sleep] Sleep until 7:00 AM
1275.8s [8月4日（週一） 上午 7:00]   ok  the local co-op is a supplier now
1275.8s [8月4日（週一） 上午 7:00] STEP Chapter 7 — order from the co-op, raise a price
1277.0s [8月4日（週一） 上午 7:02]   use "Use laptop — Company OS"
1277.6s [8月4日（週一） 上午 7:03]   click [Tab_operations] Operations
1278.3s [8月4日（週一） 上午 7:04]   shot 100_operations_supply_shock.png
1278.3s [8月4日（週一） 上午 7:04]   click [Buy_aurelia_makers_desk_lamp] 購買 $417
1278.9s [8月4日（週一） 上午 7:15]   click [Buy_aurelia_makers_desk_lamp] 購買 $417
1279.5s [8月4日（週一） 上午 7:26]   click [Buy_aurelia_makers_desk_lamp] 購買 $417
1280.0s [8月4日（週一） 上午 7:37]   click [Buy_aurelia_makers_desk_lamp] 購買 $417
1280.6s [8月4日（週一） 上午 7:48]   click [Tab_sales] Sales
1281.1s [8月4日（週一） 上午 7:48]   click [PriceUp_desk_lamp] +
1282.7s [8月4日（週一） 上午 7:51]   ok  stocked and repriced
1285.5s [8月4日（週一） 下午 7:04]   use "Sleep"
1286.1s [8月4日（週一） 下午 7:04]   click [Sleep] Sleep until 7:00 AM
1288.1s [8月5日（週二） 下午 7:01]   use "Sleep"
1288.7s [8月5日（週二） 下午 7:01]   click [Sleep] Sleep until 7:00 AM
1290.7s [8月6日（週三） 下午 7:01]   use "Sleep"
1291.2s [8月6日（週三） 下午 7:01]   click [Sleep] Sleep until 7:00 AM
1293.2s [8月7日（週四） 下午 7:01]   use "Sleep"
1293.8s [8月7日（週四） 下午 7:01]   click [Sleep] Sleep until 7:00 AM
1295.8s [8月8日（週五） 下午 7:01]   use "Sleep"
1296.4s [8月8日（週五） 下午 7:01]   click [Sleep] Sleep until 7:00 AM
1300.2s [8月9日（週六） 下午 7:03]   use "Sleep"
1300.8s [8月9日（週六） 下午 7:04]   click [Sleep] Sleep until 7:00 AM
1302.8s [8月10日（週日） 下午 7:01]   use "Sleep"
1303.4s [8月10日（週日） 下午 7:01]   click [Sleep] Sleep until 7:00 AM
1305.4s [8月11日（週一） 下午 7:01]   use "Sleep"
1306.0s [8月11日（週一） 下午 7:01]   click [Sleep] Sleep until 7:00 AM
1308.0s [8月12日（週二） 下午 7:01]   use "Sleep"
1308.6s [8月12日（週二） 下午 7:01]   click [Sleep] Sleep until 7:00 AM
1310.5s [8月13日（週三） 下午 7:01]   use "Sleep"
1311.1s [8月13日（週三） 下午 7:01]   click [Sleep] Sleep until 7:00 AM
1313.0s [8月14日（週四） 下午 7:00]   shot 101_decision_supplier_price_increase.png
1313.0s [8月14日（週四） 下午 7:00]   decision supplier_price_increase → accept
1313.0s [8月14日（週四） 下午 7:00]   click [Choice_accept] 好。繼續跟你進貨。
1314.4s [8月14日（週四） 下午 7:00]   shot 102_decision_outcome_supplier_price_increase.png
1314.4s [8月14日（週四） 下午 7:00]   click "OK"
1316.9s [8月14日（週四） 下午 7:03]   use "Sleep"
1317.5s [8月14日（週四） 下午 7:03]   click [Sleep] Sleep until 7:00 AM
1319.5s [8月15日（週五） 下午 7:01]   use "Sleep"
1320.1s [8月15日（週五） 下午 7:01]   click [Sleep] Sleep until 7:00 AM
1322.1s [8月16日（週六） 下午 7:01]   use "Sleep"
1322.7s [8月16日（週六） 下午 7:01]   click [Sleep] Sleep until 7:00 AM
1324.6s [8月17日（週日） 下午 7:01]   use "Sleep"
1325.2s [8月17日（週日） 下午 7:01]   click [Sleep] Sleep until 7:00 AM
1327.2s [8月18日（週一） 下午 7:01]   use "Sleep"
1327.8s [8月18日（週一） 下午 7:01]   click [Sleep] Sleep until 7:00 AM
1331.7s [8月19日（週二） 下午 7:04]   use "Sleep"
1332.3s [8月19日（週二） 下午 7:04]   click [Sleep] Sleep until 7:00 AM
1334.2s [8月20日（週三） 下午 7:01]   use "Sleep"
1334.9s [8月20日（週三） 下午 7:01]   click [Sleep] Sleep until 7:00 AM
1336.8s [8月21日（週四） 下午 7:01]   use "Sleep"
1337.4s [8月21日（週四） 下午 7:01]   click [Sleep] Sleep until 7:00 AM
1339.4s [8月22日（週五） 下午 7:01]   use "Sleep"
1340.0s [8月22日（週五） 下午 7:01]   click [Sleep] Sleep until 7:00 AM
1341.9s [8月23日（週六） 下午 7:01]   use "Sleep"
1342.5s [8月23日（週六） 下午 7:01]   click [Sleep] Sleep until 7:00 AM
1346.4s [8月24日（週日） 下午 7:03]   use "Sleep"
1347.0s [8月24日（週日） 下午 7:04]   click [Sleep] Sleep until 7:00 AM
1349.0s [8月25日（週一） 下午 7:01]   use "Sleep"
1349.6s [8月25日（週一） 下午 7:01]   click [Sleep] Sleep until 7:00 AM
1351.5s [8月26日（週二） 下午 7:01]   use "Sleep"
1352.1s [8月26日（週二） 下午 7:01]   click [Sleep] Sleep until 7:00 AM
1354.1s [8月27日（週三） 下午 7:01]   use "Sleep"
1354.7s [8月27日（週三） 下午 7:01]   click [Sleep] Sleep until 7:00 AM
1356.6s [8月28日（週四） 下午 7:01]   use "Sleep"
1357.2s [8月28日（週四） 下午 7:01]   click [Sleep] Sleep until 7:00 AM
1361.1s [8月29日（週五） 下午 7:03]   use "Sleep"
1361.7s [8月29日（週五） 下午 7:04]   click [Sleep] Sleep until 7:00 AM
1363.7s [8月30日（週六） 下午 7:01]   use "Sleep"
1364.3s [8月30日（週六） 下午 7:01]   click [Sleep] Sleep until 7:00 AM
1366.2s [8月31日（週日） 下午 7:01]   use "Sleep"
1366.8s [8月31日（週日） 下午 7:01]   click [Sleep] Sleep until 7:00 AM
1370.2s [9月1日（週一） 上午 7:00]   shot 103_month_close_report.png
1370.2s [9月1日（週一） 上午 7:00]   click [month close] Continue
1370.9s [9月1日（週一） 下午 7:00]   use "Sleep"
1371.5s [9月1日（週一） 下午 7:00]   click [Sleep] Sleep until 7:00 AM
1373.4s [9月2日（週二） 下午 7:00]   shot 104_decision_supplier_price_increase.png
1373.4s [9月2日（週二） 下午 7:00]   decision supplier_price_increase → accept
1373.4s [9月2日（週二） 下午 7:00]   click [Choice_accept] 好。繼續跟你進貨。
1374.7s [9月2日（週二） 下午 7:00]   shot 105_decision_outcome_supplier_price_increase.png
1374.7s [9月2日（週二） 下午 7:00]   click "OK"
1375.4s [9月2日（週二） 下午 7:00]   use "Sleep"
1376.0s [9月2日（週二） 下午 7:00]   click [Sleep] Sleep until 7:00 AM
1380.1s [9月3日（週三） 下午 7:04]   use "Sleep"
1380.6s [9月3日（週三） 下午 7:04]   click [Sleep] Sleep until 7:00 AM
1382.6s [9月4日（週四） 下午 7:01]   use "Sleep"
1383.2s [9月4日（週四） 下午 7:01]   click [Sleep] Sleep until 7:00 AM
1385.2s [9月5日（週五） 下午 7:01]   use "Sleep"
1385.8s [9月5日（週五） 下午 7:01]   click [Sleep] Sleep until 7:00 AM
1387.8s [9月6日（週六） 下午 7:01]   use "Sleep"
1388.4s [9月6日（週六） 下午 7:01]   click [Sleep] Sleep until 7:00 AM
1390.3s [9月7日（週日） 下午 7:01]   use "Sleep"
1390.9s [9月7日（週日） 下午 7:01]   click [Sleep] Sleep until 7:00 AM
1394.8s [9月8日（週一） 下午 7:03]   use "Sleep"
1395.4s [9月8日（週一） 下午 7:04]   click [Sleep] Sleep until 7:00 AM
1397.3s [9月9日（週二） 下午 7:01]   use "Sleep"
1397.9s [9月9日（週二） 下午 7:01]   click [Sleep] Sleep until 7:00 AM
1399.9s [9月10日（週三） 下午 7:01]   use "Sleep"
1400.5s [9月10日（週三） 下午 7:01]   click [Sleep] Sleep until 7:00 AM
1402.5s [9月11日（週四） 下午 7:01]   use "Sleep"
1403.1s [9月11日（週四） 下午 7:01]   click [Sleep] Sleep until 7:00 AM
1405.0s [9月12日（週五） 下午 7:01]   use "Sleep"
1405.6s [9月12日（週五） 下午 7:01]   click [Sleep] Sleep until 7:00 AM
1409.7s [9月13日（週六） 下午 7:04]   use "Sleep"
1410.3s [9月13日（週六） 下午 7:04]   click [Sleep] Sleep until 7:00 AM
1412.2s [9月14日（週日） 下午 7:01]   use "Sleep"
1412.8s [9月14日（週日） 下午 7:01]   click [Sleep] Sleep until 7:00 AM
1414.8s [9月15日（週一） 下午 7:01]   use "Sleep"
1415.5s [9月15日（週一） 下午 7:01]   click [Sleep] Sleep until 7:00 AM
1417.9s [9月16日（週二） 下午 7:01]   use "Sleep"
1418.5s [9月16日（週二） 下午 7:01]   click [Sleep] Sleep until 7:00 AM
1420.5s [9月17日（週三） 下午 7:01]   use "Sleep"
1421.1s [9月17日（週三） 下午 7:01]   click [Sleep] Sleep until 7:00 AM
1425.3s [9月18日（週四） 下午 7:04]   use "Sleep"
1425.9s [9月18日（週四） 下午 7:04]   click [Sleep] Sleep until 7:00 AM
1427.8s [9月19日（週五） 下午 7:01]   use "Sleep"
1428.4s [9月19日（週五） 下午 7:01]   click [Sleep] Sleep until 7:00 AM
1430.4s [9月20日（週六） 下午 7:01]   use "Sleep"
1431.0s [9月20日（週六） 下午 7:01]   click [Sleep] Sleep until 7:00 AM
1433.4s [9月21日（週日） 下午 7:01]   use "Sleep"
1434.1s [9月21日（週日） 下午 7:01]   click [Sleep] Sleep until 7:00 AM
1436.0s [9月22日（週一） 下午 7:01]   use "Sleep"
1436.9s [9月22日（週一） 下午 7:01]   click [Sleep] Sleep until 7:00 AM
1440.8s [9月23日（週二） 下午 7:03]   use "Sleep"
1441.4s [9月23日（週二） 下午 7:04]   click [Sleep] Sleep until 7:00 AM
1443.4s [9月24日（週三） 下午 7:01]   use "Sleep"
1444.0s [9月24日（週三） 下午 7:01]   click [Sleep] Sleep until 7:00 AM
1446.0s [9月25日（週四） 下午 7:01]   use "Sleep"
1446.6s [9月25日（週四） 下午 7:01]   click [Sleep] Sleep until 7:00 AM
1448.5s [9月26日（週五） 下午 7:01]   use "Sleep"
1449.1s [9月26日（週五） 下午 7:01]   click [Sleep] Sleep until 7:00 AM
1451.1s [9月27日（週六） 下午 7:01]   use "Sleep"
1451.7s [9月27日（週六） 下午 7:01]   click [Sleep] Sleep until 7:00 AM
1455.6s [9月28日（週日） 下午 7:03]   use "Sleep"
1456.2s [9月28日（週日） 下午 7:04]   click [Sleep] Sleep until 7:00 AM
1458.1s [9月29日（週一） 下午 7:01]   use "Sleep"
1458.7s [9月29日（週一） 下午 7:01]   click [Sleep] Sleep until 7:00 AM
1460.7s [9月30日（週二） 下午 7:01]   use "Sleep"
1461.3s [9月30日（週二） 下午 7:01]   click [Sleep] Sleep until 7:00 AM
1464.7s [10月1日（週三） 上午 7:00]   shot 106_month_close_report.png
1464.7s [10月1日（週三） 上午 7:00]   click [month close] Continue
1465.2s [10月1日（週三） 上午 7:00]   ok  Chapter 7 complete
1465.2s [10月1日（週三） 上午 7:00] STEP Chapter 8 — the Green Shift
1465.2s [10月1日（週三） 上午 7:00]   ok  Year 4: the Green Shift
1468.5s [10月1日（週三） 上午 7:06]   ok  walked back outside
1471.8s [10月1日（週三） 上午 7:11]   ok  entered Bloom Coffee
1473.5s [10月1日（週三） 上午 7:14]   use "Read the news board"
1474.3s [10月1日（週三） 上午 7:19]   shot 107_news_green_shift.png
1474.7s [10月1日（週三） 上午 7:19]   ok  read the news (green_shift)
1477.6s [10月1日（週三） 上午 7:24]   ok  walked back outside
1480.8s [10月1日（週三） 上午 7:29]   ok  entered Riverside Tower
1482.2s [10月1日（週三） 上午 7:31]   use "Use laptop — Company OS"
1482.8s [10月1日（週三） 上午 7:32]   click [Tab_operations] Operations
1483.4s [10月1日（週三） 上午 7:33]   click [Packaging_recycled] Recycled paper
1483.9s [10月1日（週三） 上午 7:34]   click [Buy_verdant_supply_solar_lamp] 購買 $504
1484.4s [10月1日（週三） 上午 7:45]   shot 108_operations_green.png
1484.8s [10月1日（週三） 上午 7:45]   ok  recycled packaging
1487.8s [10月1日（週三） 下午 7:05]   use "Sleep"
1488.4s [10月1日（週三） 下午 7:05]   click [Sleep] Sleep until 7:00 AM
1490.3s [10月2日（週四） 下午 7:01]   use "Sleep"
1490.9s [10月2日（週四） 下午 7:01]   click [Sleep] Sleep until 7:00 AM
1492.9s [10月3日（週五） 下午 7:01]   use "Sleep"
1493.6s [10月3日（週五） 下午 7:01]   click [Sleep] Sleep until 7:00 AM
1496.0s [10月4日（週六） 下午 7:01]   use "Sleep"
1496.6s [10月4日（週六） 下午 7:01]   click [Sleep] Sleep until 7:00 AM
1498.4s [10月5日（週日） 上午 7:00]   ok  solar desk lamps arrived before listing
1499.5s [10月5日（週日） 上午 7:02]   use "Use laptop — Company OS"
1500.1s [10月5日（週日） 上午 7:03]   click [Tab_sales] Sales
1500.9s [10月5日（週日） 上午 7:04]   click [ListSelf_solar_lamp] Shoot photos myself & list (1 h 20 min)
1502.2s [10月5日（週日） 上午 8:26]   ok  solar desk lamps listed
1502.2s [10月5日（週日） 上午 8:26] STEP Chapter 8 — the Green Business Grant at City Hall
1502.2s [10月5日（週日） 上午 8:26]   (harness) wait 2 h
1502.8s [10月5日（週日） 上午 10:27]   (harness) wait 2 h
1503.4s [10月5日（週日） 下午 12:28]   (harness) wait 2 h
1504.0s [10月5日（週日） 下午 2:29]   (harness) wait 2 h
1504.6s [10月5日（週日） 下午 4:30]   (harness) wait 2 h
1505.2s [10月5日（週日） 下午 6:30]   (harness) wait 2 h
1508.6s [10月5日（週日） 下午 8:35]   use "Sleep"
1509.3s [10月5日（週日） 下午 8:35]   click [Sleep] Sleep until 7:00 AM
1511.1s [10月6日（週一） 上午 7:00]   (harness) wait 2 h
1514.9s [10月6日（週一） 上午 9:06]   ok  walked back outside
1524.3s [10月6日（週一） 上午 9:20]   use "捷運——河濱區站"
1525.3s [10月6日（週一） 上午 9:22]   shot 109_metro_civic_center.png
1525.3s [10月6日（週一） 上午 9:22]   click [Go_civic_center] 市政中心  ·  12 分鐘
1526.3s [10月6日（週一） 上午 9:36]   ok  took the Metro to Civic Center
1533.5s [10月6日（週一） 上午 9:46]   ok  entered Aurelia City Hall
1535.3s [10月6日（週一） 上午 9:49]   use "Permits & regulations"
1536.0s [10月6日（週一） 上午 9:50]   shot 110_green_grant.png
1536.0s [10月6日（週一） 上午 9:50]   click [ApplyGreenGrant] Apply
1536.9s [10月6日（週一） 上午 10:21]   ok  green grant approved
1537.9s [10月6日（週一） 上午 10:23]   ok  Chapter 8 complete
1537.9s [10月6日（週一） 上午 10:23] STEP Chapter 9 — the Clearing Crisis: an import stuck on the wire
1537.9s [10月6日（週一） 上午 10:23]   ok  Year 5: the Clearing Crisis
1540.9s [10月6日（週一） 上午 10:28]   ok  walked back outside
1546.6s [10月6日（週一） 上午 10:37]   use "捷運——市政中心站"
1547.6s [10月6日（週一） 上午 10:38]   shot 111_metro_riverside.png
1547.6s [10月6日（週一） 上午 10:38]   click [Go_riverside] 河濱區  ·  12 分鐘
1548.6s [10月6日（週一） 上午 10:52]   ok  took the Metro to Riverside
1556.1s [10月6日（週一） 上午 11:03]   ok  entered Bloom Coffee
1557.8s [10月6日（週一） 上午 11:06]   use "Read the news board"
1558.6s [10月6日（週一） 上午 11:11]   shot 112_news_clearing_crisis.png
1558.9s [10月6日（週一） 上午 11:11]   ok  read the news (clearing_crisis)
1561.9s [10月6日（週一） 上午 11:16]   ok  walked back outside
1565.1s [10月6日（週一） 上午 11:21]   ok  entered Riverside Tower
1566.5s [10月6日（週一） 上午 11:23]   use "Use laptop — Company OS"
1567.1s [10月6日（週一） 上午 11:24]   click [Tab_operations] Operations
1567.7s [10月6日（週一） 上午 11:25]   click [Buy_lumina_direct_phone_stand] 購買 $884
1568.5s [10月6日（週一） 上午 11:26]   shot 113_settlement_choice.png
1568.5s [10月6日（週一） 上午 11:26]   click [Settle_international_wire] Pay this way
1569.5s [10月6日（週一） 上午 11:28]   ok  import ordered, paid by wire
1569.5s [10月6日（週一） 上午 11:28] STEP Chapter 9 — Lina Zhao at Nexus Bank
1572.1s [10月6日（週一） 上午 11:33]   ok  walked back outside
1581.6s [10月6日（週一） 上午 11:47]   use "捷運——河濱區站"
1582.5s [10月6日（週一） 上午 11:48]   shot 114_metro_financial.png
1582.5s [10月6日（週一） 上午 11:48]   click [Go_financial] 金融區  ·  10 分鐘
1583.6s [10月6日（週一） 下午 12:00]   ok  took the Metro to Financial District
1591.1s [10月6日（週一） 下午 12:11]   ok  entered Nexus Bank
1593.9s [10月6日（週一） 下午 12:15]   use "和 Lina Zhao 說話"
1594.8s [10月6日（週一） 下午 12:15]   shot 115_lina_intro.png
1600.6s [10月6日（週一） 下午 12:15]   choose "› 幫我開一個數位美元帳戶。"
1602.7s [10月6日（週一） 下午 12:15]   ok  met Lina Zhao
1605.0s [10月6日（週一） 下午 12:19]   ok  walked back outside
1611.2s [10月6日（週一） 下午 12:28]   use "捷運——金融區站"
1612.1s [10月6日（週一） 下午 12:30]   shot 116_metro_riverside.png
1612.1s [10月6日（週一） 下午 12:30]   click [Go_riverside] 河濱區  ·  10 分鐘
1613.1s [10月6日（週一） 下午 12:41]   ok  took the Metro to Riverside
1622.3s [10月6日（週一） 下午 12:55]   ok  entered Riverside Tower
1623.7s [10月6日（週一） 下午 12:57]   use "Use laptop — Company OS"
1624.3s [10月6日（週一） 下午 12:58]   click [Tab_operations] Operations
1624.9s [10月6日（週一） 下午 12:59]   click [SpeedUp_PO-118] Speed up
1625.6s [10月6日（週一） 下午 1:00]   shot 117_settlement_speed_up.png
1625.6s [10月6日（週一） 下午 1:00]   click [Settle_letter_of_credit] Switch
1629.8s [10月6日（週一） 下午 7:04]   use "Sleep"
1630.4s [10月6日（週一） 下午 7:04]   click [Sleep] Sleep until 7:00 AM
1632.4s [10月7日（週二） 下午 7:00]   shot 118_decision_supplier_price_increase.png
1632.4s [10月7日（週二） 下午 7:00]   decision supplier_price_increase → accept
1632.4s [10月7日（週二） 下午 7:00]   click [Choice_accept] 好。繼續跟你進貨。
1633.8s [10月7日（週二） 下午 7:00]   shot 119_decision_outcome_supplier_price_increase.png
1633.8s [10月7日（週二） 下午 7:00]   click "OK"
1634.4s [10月7日（週二） 下午 7:00]   use "Sleep"
1635.0s [10月7日（週二） 下午 7:00]   click [Sleep] Sleep until 7:00 AM
1637.0s [10月8日（週三） 下午 7:01]   use "Sleep"
1637.6s [10月8日（週三） 下午 7:01]   click [Sleep] Sleep until 7:00 AM
1639.5s [10月9日（週四） 下午 7:01]   use "Sleep"
1640.1s [10月9日（週四） 下午 7:01]   click [Sleep] Sleep until 7:00 AM
1642.1s [10月10日（週五） 下午 7:01]   use "Sleep"
1642.7s [10月10日（週五） 下午 7:01]   click [Sleep] Sleep until 7:00 AM
1646.5s [10月11日（週六） 下午 7:03]   use "Sleep"
1647.1s [10月11日（週六） 下午 7:04]   click [Sleep] Sleep until 7:00 AM
1649.1s [10月12日（週日） 下午 7:01]   use "Sleep"
1649.7s [10月12日（週日） 下午 7:01]   click [Sleep] Sleep until 7:00 AM
1651.7s [10月13日（週一） 下午 7:01]   use "Sleep"
1652.3s [10月13日（週一） 下午 7:01]   click [Sleep] Sleep until 7:00 AM
1654.3s [10月14日（週二） 下午 7:01]   use "Sleep"
1654.9s [10月14日（週二） 下午 7:01]   click [Sleep] Sleep until 7:00 AM
1656.8s [10月15日（週三） 下午 7:01]   use "Sleep"
1657.4s [10月15日（週三） 下午 7:01]   click [Sleep] Sleep until 7:00 AM
1661.5s [10月16日（週四） 下午 7:04]   use "Sleep"
1662.2s [10月16日（週四） 下午 7:04]   click [Sleep] Sleep until 7:00 AM
1664.1s [10月17日（週五） 下午 7:01]   use "Sleep"
1664.7s [10月17日（週五） 下午 7:01]   click [Sleep] Sleep until 7:00 AM
1666.8s [10月18日（週六） 下午 7:01]   use "Sleep"
1667.4s [10月18日（週六） 下午 7:01]   click [Sleep] Sleep until 7:00 AM
1669.4s [10月19日（週日） 下午 7:01]   use "Sleep"
1670.0s [10月19日（週日） 下午 7:01]   click [Sleep] Sleep until 7:00 AM
1672.1s [10月20日（週一） 下午 7:01]   use "Sleep"
1672.7s [10月20日（週一） 下午 7:01]   click [Sleep] Sleep until 7:00 AM
1676.7s [10月21日（週二） 下午 7:04]   use "Sleep"
1677.3s [10月21日（週二） 下午 7:04]   click [Sleep] Sleep until 7:00 AM
1679.3s [10月22日（週三） 下午 7:01]   use "Sleep"
1679.9s [10月22日（週三） 下午 7:01]   click [Sleep] Sleep until 7:00 AM
1681.9s [10月23日（週四） 下午 7:01]   use "Sleep"
1682.5s [10月23日（週四） 下午 7:01]   click [Sleep] Sleep until 7:00 AM
1684.3s [10月24日（週五） 上午 7:00]   ok  Chapter 9 complete: the import got through
1684.3s [10月24日（週五） 上午 7:00]   ok  ledger balanced after chapters 7–9
1684.3s [10月24日（週五） 上午 7:00] STEP Old Town — lease the corner café from Mr. Okafor
1684.3s [10月24日（週五） 上午 7:00]   (harness) wait 2 h
1688.2s [10月24日（週五） 上午 9:07]   ok  walked back outside
1697.7s [10月24日（週五） 上午 9:21]   use "捷運——河濱區站"
1698.6s [10月24日（週五） 上午 9:23]   shot 120_metro_old_town.png
1698.6s [10月24日（週五） 上午 9:23]   click [Go_old_town] 舊城區  ·  16 分鐘
1700.0s [10月24日（週五） 上午 9:40]   ok  took the Metro to Old Town
1700.1s [10月24日（週五） 上午 9:40]   shot 121_old_town.png
1711.4s [10月24日（週五） 上午 9:57]   ok  entered Okafor Lettings
1711.9s [10月24日（週五） 上午 9:58]   use "和 Okafor 先生 說話"
1715.0s [10月24日（週五） 上午 9:58]   choose "› 這裡以前是什麼店？"
1720.0s [10月24日（週五） 上午 9:59]   shot 122_cafe_lease.png
1720.0s [10月24日（週五） 上午 9:59]   click [SignLease_corner_cafe] Sign the lease
1720.8s [10月24日（週五） 上午 10:00]   ok  leased the corner café unit
1722.6s [10月24日（週五） 上午 10:04]   ok  walked back outside
1722.7s [10月24日（週五） 上午 10:04]   shot 123_old_town_storefronts.png
1727.9s [10月24日（週五） 上午 10:12]   ok  entered Corner Café Unit
1728.7s [10月24日（週五） 上午 10:13]   use "Check the till — Company OS"
1729.3s [10月24日（週五） 上午 10:14]   click [CafeFitOut] 裝修（$5,800）
1729.7s [10月24日（週五） 上午 10:14]   click [CafeSupplies_large] 400 杯份 · $330
1730.2s [10月24日（週五） 上午 10:15]   shot 124_cafe_setup.png
1730.6s [10月24日（週五） 上午 10:16]   ok  fit-out under way
1730.6s [10月24日（週五） 上午 10:16]   ok  coffee supplies ordered
1730.6s [10月24日（週五） 上午 10:16] STEP Old Town — the food licence at City Hall (walking via Shopping Street)
1732.6s [10月24日（週五） 上午 10:20]   ok  walked back outside
1740.7s [10月24日（週五） 上午 10:37]   ok  walked to Shopping Street
1754.0s [10月24日（週五） 上午 11:05]   ok  walked to Civic Center
1758.2s [10月24日（週五） 上午 11:12]   ok  entered Aurelia City Hall
1760.0s [10月24日（週五） 上午 11:14]   use "Permits & regulations"
1760.6s [10月24日（週五） 上午 11:15]   click [ApplyFoodLicence] Apply
1761.2s [10月24日（週五） 上午 11:36]   shot 125_food_licence.png
1761.6s [10月24日（週五） 上午 11:37]   ok  food licence applied for
1764.6s [10月24日（週五） 上午 11:42]   ok  walked back outside
1770.3s [10月24日（週五） 上午 11:51]   use "捷運——市政中心站"
1771.2s [10月24日（週五） 上午 11:52]   shot 126_metro_riverside.png
1771.2s [10月24日（週五） 上午 11:52]   click [Go_riverside] 河濱區  ·  12 分鐘
1772.3s [10月24日（週五） 下午 12:06]   ok  took the Metro to Riverside
1781.4s [10月24日（週五） 下午 12:19]   ok  entered Riverside Tower
1781.4s [10月24日（週五） 下午 12:19]   (harness) wait 2 h
1782.0s [10月24日（週五） 下午 2:20]   (harness) wait 2 h
1782.6s [10月24日（週五） 下午 4:21]   (harness) wait 2 h
1783.2s [10月24日（週五） 下午 6:22]   (harness) wait 2 h
1785.7s [10月24日（週五） 下午 8:26]   use "Sleep"
1786.3s [10月24日（週五） 下午 8:26]   click [Sleep] Sleep until 7:00 AM
1788.1s [10月25日（週六） 上午 7:00]   (harness) wait 2 h
1788.7s [10月25日（週六） 上午 9:01]   (harness) wait 2 h
1789.3s [10月25日（週六） 上午 11:02]   (harness) wait 2 h
1789.9s [10月25日（週六） 下午 1:03]   (harness) wait 2 h
1790.6s [10月25日（週六） 下午 3:03]   shot 127_decision_supplier_price_increase.png
1790.6s [10月25日（週六） 下午 3:03]   decision supplier_price_increase → accept
1790.6s [10月25日（週六） 下午 3:03]   click [Choice_accept] 好。繼續跟你進貨。
1792.0s [10月25日（週六） 下午 3:03]   shot 128_decision_outcome_supplier_price_increase.png
1792.0s [10月25日（週六） 下午 3:03]   click "OK"
1792.4s [10月25日（週六） 下午 3:03]   (harness) wait 2 h
1793.0s [10月25日（週六） 下午 5:04]   (harness) wait 2 h
1793.8s [10月25日（週六） 下午 7:05]   use "Sleep"
1794.4s [10月25日（週六） 下午 7:05]   click [Sleep] Sleep until 7:00 AM
1796.2s [10月26日（週日） 上午 7:00]   (harness) wait 2 h
1796.8s [10月26日（週日） 上午 9:01]   (harness) wait 2 h
1797.4s [10月26日（週日） 上午 11:02]   (harness) wait 2 h
1798.0s [10月26日（週日） 下午 1:03]   (harness) wait 2 h
1798.6s [10月26日（週日） 下午 3:04]   (harness) wait 2 h
1799.2s [10月26日（週日） 下午 5:05]   (harness) wait 2 h
1800.0s [10月26日（週日） 下午 7:06]   use "Sleep"
1800.6s [10月26日（週日） 下午 7:06]   click [Sleep] Sleep until 7:00 AM
1802.4s [10月27日（週一） 上午 7:00]   ok  fitted out and licensed
1802.4s [10月27日（週一） 上午 7:00] STEP Old Town — opening day behind your own counter
1805.6s [10月27日（週一） 上午 7:06]   ok  walked back outside
1815.0s [10月27日（週一） 上午 7:20]   use "捷運——河濱區站"
1815.9s [10月27日（週一） 上午 7:22]   shot 129_metro_old_town.png
1815.9s [10月27日（週一） 上午 7:22]   click [Go_old_town] 舊城區  ·  16 分鐘
1817.0s [10月27日（週一） 上午 7:39]   ok  took the Metro to Old Town
1824.5s [10月27日（週一） 上午 7:50]   ok  entered Corner Café Unit
1824.6s [10月27日（週一） 上午 7:50]   shot 130_cafe_open.png
1825.5s [10月27日（週一） 上午 7:52]   use "Work the counter (2 h)"
1826.4s [10月27日（週一） 上午 9:53]   ok  served customers at your own café
1826.9s [10月27日（週一） 上午 9:54]   use "Check the till — Company OS"
1827.6s [10月27日（週一） 上午 9:55]   shot 131_cafe_tab.png
1827.9s [10月27日（週一） 上午 9:56]   ok  ledger balanced after opening the café
1830.2s [10月27日（週一） 上午 10:00]   ok  walked back outside
1837.8s [10月27日（週一） 上午 10:11]   use "捷運——舊城區站"
1838.8s [10月27日（週一） 上午 10:13]   shot 132_metro_riverside.png
1838.8s [10月27日（週一） 上午 10:13]   click [Go_riverside] 河濱區  ·  16 分鐘
1839.8s [10月27日（週一） 上午 10:30]   ok  took the Metro to Riverside
1848.9s [10月27日（週一） 上午 10:44]   ok  entered Riverside Tower
1848.9s [10月27日（週一） 上午 10:44] STEP Harbor — metro to the docks, a used van from Sam, and Pier 7
1848.9s [10月27日（週一） 上午 10:44]   ok  actual financing covers the van, bay and working capital
1850.3s [10月27日（週一） 上午 10:47]   ok  walked back outside
1859.8s [10月27日（週一） 上午 11:01]   use "捷運——河濱區站"
1860.7s [10月27日（週一） 上午 11:03]   shot 133_metro_harbor.png
1860.7s [10月27日（週一） 上午 11:03]   click [Go_harbor] 港區  ·  8 分鐘
1862.3s [10月27日（週一） 上午 11:12]   ok  took the Metro to Harbor
1862.4s [10月27日（週一） 上午 11:12]   shot 134_harbor.png
1869.3s [10月27日（週一） 上午 11:23]   shot 135_harbor_street.png
1872.0s [10月27日（週一） 上午 11:27]   ok  entered Dockside Motors
1872.5s [10月27日（週一） 上午 11:28]   use "和 Sam Okoro 說話"
1875.5s [10月27日（週一） 上午 11:28]   choose "› 你這裡有什麼？"
1880.5s [10月27日（週一） 上午 11:29]   shot 136_van_dealer.png
1880.5s [10月27日（週一） 上午 11:29]   click [BuyVan] 買下這台貨車（$9,800）
1881.1s [10月27日（週一） 上午 11:30]   shot 137_van_bought.png
1881.5s [10月27日（週一） 上午 11:30]   ok  bought the van from Sam
1881.5s [10月27日（週一） 上午 11:30]   ok  the van is a vehicle expense
1883.3s [10月27日（週一） 上午 11:34]   ok  walked back outside
1889.0s [10月27日（週一） 上午 11:43]   ok  entered Pier 7 Warehouse
1892.6s [10月27日（週一） 上午 11:48]   use "Lettings desk: lease Bay 3"
1893.4s [10月27日（週一） 上午 11:49]   shot 138_pier7_lease.png
1893.4s [10月27日（週一） 上午 11:49]   click [SignLease_pier7_warehouse] Sign the lease
1894.2s [10月27日（週一） 上午 11:50]   ok  leased the Pier 7 bay
1894.2s [10月27日（週一） 上午 11:50]   ok  Pier 7 is a stock location
1894.8s [10月27日（週一） 上午 11:51]   shot 139_pier7_warehouse.png
1899.0s [10月27日（週一） 上午 11:59]   ok  walked back outside
1907.6s [10月27日（週一） 下午 12:11]   use "捷運——港區站"
1908.5s [10月27日（週一） 下午 12:13]   shot 140_metro_riverside.png
1908.5s [10月27日（週一） 下午 12:13]   click [Go_riverside] 河濱區  ·  8 分鐘
1909.5s [10月27日（週一） 下午 12:22]   ok  took the Metro to Riverside
1918.6s [10月27日（週一） 下午 12:36]   ok  entered Riverside Tower
1918.6s [10月27日（週一） 下午 12:36] STEP Harbor — the morning's delivery runs
1918.6s [10月27日（週一） 下午 12:36]   (harness) wait 2 h
1919.2s [10月27日（週一） 下午 2:37]   (harness) wait 2 h
1919.8s [10月27日（週一） 下午 4:38]   (harness) wait 2 h
1920.4s [10月27日（週一） 下午 6:39]   (harness) wait 2 h
1922.9s [10月27日（週一） 下午 8:42]   use "Sleep"
1923.5s [10月27日（週一） 下午 8:42]   click [Sleep] Sleep until 7:00 AM
1925.3s [10月28日（週二） 上午 7:00]   (harness) wait 2 h
1925.9s [10月28日（週二） 上午 9:01]   ok  runs were posted in the morning
1929.0s [10月28日（週二） 上午 9:07]   ok  walked back outside
1938.4s [10月28日（週二） 上午 9:21]   use "捷運——河濱區站"
1939.4s [10月28日（週二） 上午 9:22]   shot 141_metro_harbor.png
1939.4s [10月28日（週二） 上午 9:22]   click [Go_harbor] 港區  ·  8 分鐘
1940.4s [10月28日（週二） 上午 9:32]   ok  took the Metro to Harbor
1950.4s [10月28日（週二） 上午 9:47]   ok  entered Pier 7 Warehouse
1953.1s [10月28日（週二） 上午 9:51]   use "Sit at the yard office desk — Company OS"
1953.7s [10月28日（週二） 上午 9:52]   click [Tab_logistics] Logistics
1954.5s [10月28日（週二） 上午 9:53]   shot 142_logistics_tab.png
1955.2s [10月28日（週二） 上午 9:54]   shot 143_logistics_badge_pinned.png
1955.2s [10月28日（週二） 上午 9:54]   click [Tab_logistics] Logistics
1955.5s [10月28日（週二） 上午 9:55]   ok  delivery runs on the board
1955.5s [10月28日（週二） 上午 9:55]   click [Accept_R2] Accept
1956.1s [10月28日（週二） 上午 9:56]   ok  accepted run R2
1956.2s [10月28日（週二） 上午 9:56]   shot 144_logistics_accepted.png
1956.2s [10月28日（週二） 上午 9:56]   click [Drive_R2] Drive it
1956.9s [10月28日（週二） 上午 9:56]   shot 145_route_game_intro.png
1956.9s [10月28日（週二） 上午 9:56]   click [StartGame] Start
1957.4s [10月28日（週二） 上午 9:56]   click [Stop_1] 
1957.5s [10月28日（週二） 上午 9:56]   click [Stop_5] 
1957.7s [10月28日（週二） 上午 9:56]   shot 146_route_game_planning.png
1957.7s [10月28日（週二） 上午 9:56]   click [Stop_6] 
1957.7s [10月28日（週二） 上午 9:56]   click [Stop_4] 
1957.8s [10月28日（週二） 上午 9:56]   click [Stop_2] 
1957.9s [10月28日（週二） 上午 9:56]   click [Stop_3] 
1958.4s [10月28日（週二） 上午 9:56]   shot 147_route_game_planned.png
1958.4s [10月28日（週二） 上午 9:56]   click [DriveRoute] Drive the route
1959.1s [10月28日（週二） 上午 9:56]   shot 148_route_game_results.png
1959.1s [10月28日（週二） 上午 9:56]   click [FinishGame] Continue
1959.9s [10月28日（週二） 下午 1:37]   ok  the run is done and in the history
1959.9s [10月28日（週二） 下午 1:37]   ok  the pay was banked as revenue ($147.40 for run R2)
1959.9s [10月28日（週二） 下午 1:37]   ok  fuel was charged
1959.9s [10月28日（週二） 下午 1:37]   ok  the best route scored 100%
1960.5s [10月28日（週二） 下午 1:37]   shot 149_logistics_tab_paid.png
1960.8s [10月28日（週二） 下午 1:38]   ok  ledger balanced after the first delivery run
1964.8s [10月28日（週二） 下午 1:45]   ok  walked back outside
1973.4s [10月28日（週二） 下午 1:58]   use "捷運——港區站"
1974.3s [10月28日（週二） 下午 1:59]   shot 150_metro_riverside.png
1974.3s [10月28日（週二） 下午 1:59]   click [Go_riverside] 河濱區  ·  8 分鐘
1975.4s [10月28日（週二） 下午 2:09]   ok  took the Metro to Riverside
1984.5s [10月28日（週二） 下午 2:23]   ok  entered Riverside Tower
1984.5s [10月28日（週二） 下午 2:23]   ok  Chapter 10 started after Chapter 9
1984.5s [10月28日（週二） 下午 2:23]   ok  Year 6: the Digital Finance Boom
1984.5s [10月28日（週二） 下午 2:23] STEP Chapter 10 — the news, and Lina's escrow offer
1985.9s [10月28日（週二） 下午 2:26]   ok  walked back outside
1989.2s [10月28日（週二） 下午 2:31]   ok  entered Bloom Coffee
1991.0s [10月28日（週二） 下午 2:33]   use "Read the news board"
1991.7s [10月28日（週二） 下午 2:38]   shot 151_news_digital_rails.png
1992.1s [10月28日（週二） 下午 2:38]   ok  read the news (digital_rails)
1995.0s [10月28日（週二） 下午 2:43]   ok  walked back outside
1998.2s [10月28日（週二） 下午 2:48]   ok  entered Riverside Tower
1999.6s [10月28日（週二） 下午 2:51]   ok  walked back outside
2009.0s [10月28日（週二） 下午 3:05]   use "捷運——河濱區站"
2009.9s [10月28日（週二） 下午 3:07]   shot 152_metro_financial.png
2010.0s [10月28日（週二） 下午 3:07]   click [Go_financial] 金融區  ·  10 分鐘
2011.0s [10月28日（週二） 下午 3:18]   ok  took the Metro to Financial District
2018.6s [10月28日（週二） 下午 3:30]   ok  entered Nexus Bank
2021.3s [10月28日（週二） 下午 3:34]   use "和 Lina Zhao 說話"
2022.2s [10月28日（週二） 下午 3:34]   shot 153_lina_rails.png
2027.9s [10月28日（週二） 下午 3:34]   choose "› 有什麼但書？"
2033.8s [10月28日（週二） 下午 3:36]   ok  the '!' badge for escrow pins its card
2033.9s [10月28日（週二） 下午 3:36]   shot 154_badge_escrow_pinned.png
2034.1s [10月28日（週二） 下午 3:36]   shot 155_decision_escrow_offer.png
2034.1s [10月28日（週二） 下午 3:36]   decision escrow_offer → try
2034.1s [10月28日（週二） 下午 3:36]   click [Choice_try] 開立託管帳戶
2035.5s [10月28日（週二） 下午 3:36]   shot 156_decision_outcome_escrow_offer.png
2035.5s [10月28日（週二） 下午 3:36]   click "OK"
2036.0s [10月28日（週二） 下午 3:36]   ok  opened an escrow account
2036.0s [10月28日（週二） 下午 3:36] STEP Chapter 10 — an import paid through escrow
2038.3s [10月28日（週二） 下午 3:41]   ok  walked back outside
2044.4s [10月28日（週二） 下午 3:50]   use "捷運——金融區站"
2045.4s [10月28日（週二） 下午 3:51]   shot 157_metro_riverside.png
2045.4s [10月28日（週二） 下午 3:51]   click [Go_riverside] 河濱區  ·  10 分鐘
2046.4s [10月28日（週二） 下午 4:03]   ok  took the Metro to Riverside
2055.6s [10月28日（週二） 下午 4:17]   ok  entered Riverside Tower
2057.0s [10月28日（週二） 下午 4:19]   use "Use laptop — Company OS"
2057.6s [10月28日（週二） 下午 4:20]   click [Tab_operations] Operations
2058.2s [10月28日（週二） 下午 4:20]   click [Buy_lumina_direct_phone_stand] 購買 $864
2059.0s [10月28日（週二） 下午 4:22]   shot 158_settlement_escrow.png
2059.0s [10月28日（週二） 下午 4:22]   click [Settle_escrow] Pay this way
2059.7s [10月28日（週二） 下午 5:00]   toast: Riverlight Goods 咖啡 今天沒開門：吧台沒人顧。去僱一位咖啡師（人員分頁），或自己站吧台。
2059.7s [10月28日（週二） 下午 6:33]   click [Tab_finance] Finance
2059.8s [10月28日（週二） 下午 6:33]   click [Tab_operations] Operations
2064.9s [10月28日（週二） 下午 6:41]   shot 159_operations_escrow_order.png
2065.3s [10月28日（週二） 下午 6:41]   ok  import ordered through escrow
2065.5s [10月28日（週二） 下午 6:41]   use "Use laptop — Company OS"
2066.1s [10月28日（週二） 下午 6:42]   click [Tab_finance] Finance
2066.8s [10月28日（週二） 下午 6:43]   shot 160_finance_held_in_escrow.png
2070.1s [10月28日（週二） 下午 7:04]   use "Sleep"
2070.8s [10月28日（週二） 下午 7:04]   click [Sleep] Sleep until 7:00 AM
2072.6s [10月29日（週三） 下午 5:00]   toast: Riverlight Goods 咖啡 今天沒開門：吧台沒人顧。去僱一位咖啡師（人員分頁），或自己站吧台。
2072.7s [10月29日（週三） 下午 7:01]   use "Sleep"
2073.3s [10月29日（週三） 下午 7:01]   click [Sleep] Sleep until 7:00 AM
2075.1s [10月30日（週四） 下午 5:00]   toast: Riverlight Goods 咖啡 今天沒開門：吧台沒人顧。去僱一位咖啡師（人員分頁），或自己站吧台。
2075.3s [10月30日（週四） 下午 7:01]   use "Sleep"
2075.9s [10月30日（週四） 下午 7:01]   click [Sleep] Sleep until 7:00 AM
2077.7s [10月31日（週五） 下午 5:00]   toast: Riverlight Goods 咖啡 今天沒開門：吧台沒人顧。去僱一位咖啡師（人員分頁），或自己站吧台。
2077.9s [10月31日（週五） 下午 7:01]   use "Sleep"
2078.5s [10月31日（週五） 下午 7:01]   click [Sleep] Sleep until 7:00 AM
2081.9s [11月1日（週六） 上午 7:00]   shot 161_month_close_report.png
2081.9s [11月1日（週六） 上午 7:00]   click [month close] Continue
2082.3s [11月1日（週六） 下午 5:00]   toast: Riverlight Goods 咖啡 今天沒開門：吧台沒人顧。去僱一位咖啡師（人員分頁），或自己站吧台。
2082.5s [11月1日（週六） 下午 7:00]   use "Sleep"
2083.1s [11月1日（週六） 下午 7:00]   click [Sleep] Sleep until 7:00 AM
2087.0s [11月2日（週日） 下午 7:03]   use "Sleep"
2087.6s [11月2日（週日） 下午 7:04]   click [Sleep] Sleep until 7:00 AM
2089.4s [11月3日（週一） 下午 5:00]   toast: Riverlight Goods 咖啡 今天沒開門：吧台沒人顧。去僱一位咖啡師（人員分頁），或自己站吧台。
2089.5s [11月3日（週一） 下午 7:01]   use "Sleep"
2090.1s [11月3日（週一） 下午 7:01]   click [Sleep] Sleep until 7:00 AM
2091.9s [11月4日（週二） 下午 5:00]   toast: Riverlight Goods 咖啡 今天沒開門：吧台沒人顧。去僱一位咖啡師（人員分頁），或自己站吧台。
2092.1s [11月4日（週二） 下午 7:01]   use "Sleep"
2092.7s [11月4日（週二） 下午 7:01]   click [Sleep] Sleep until 7:00 AM
2094.5s [11月5日（週三） 下午 5:00]   toast: Riverlight Goods 咖啡 今天沒開門：吧台沒人顧。去僱一位咖啡師（人員分頁），或自己站吧台。
2094.7s [11月5日（週三） 下午 7:01]   use "Sleep"
2095.3s [11月5日（週三） 下午 7:01]   click [Sleep] Sleep until 7:00 AM
2097.1s [11月6日（週四） 下午 5:00]   toast: Riverlight Goods 咖啡 今天沒開門：吧台沒人顧。去僱一位咖啡師（人員分頁），或自己站吧台。
2097.2s [11月6日（週四） 下午 7:01]   use "Sleep"
2097.8s [11月6日（週四） 下午 7:01]   click [Sleep] Sleep until 7:00 AM
2099.6s [11月7日（週五） 下午 5:00]   toast: Riverlight Goods 咖啡 今天沒開門：吧台沒人顧。去僱一位咖啡師（人員分頁），或自己站吧台。
2101.9s [11月7日（週五） 下午 7:04]   use "Sleep"
2102.5s [11月7日（週五） 下午 7:04]   click [Sleep] Sleep until 7:00 AM
2104.3s [11月8日（週六） 下午 5:00]   toast: Riverlight Goods 咖啡 今天沒開門：吧台沒人顧。去僱一位咖啡師（人員分頁），或自己站吧台。
2104.5s [11月8日（週六） 下午 7:01]   use "Sleep"
2105.1s [11月8日（週六） 下午 7:01]   click [Sleep] Sleep until 7:00 AM
2107.1s [11月9日（週日） 下午 7:01]   use "Sleep"
2107.7s [11月9日（週日） 下午 7:01]   click [Sleep] Sleep until 7:00 AM
2109.5s [11月10日（週一） 上午 7:00]   ok  escrow released to the supplier on arrival
2109.5s [11月10日（週一） 上午 7:00]   ok  Chapter 10 complete
2109.5s [11月10日（週一） 上午 7:00] STEP Chapter 11 — the bridge exploit
2109.5s [11月10日（週一） 上午 7:00]   ok  Year 7: the Bridge Exploit
2112.8s [11月10日（週一） 上午 7:06]   ok  walked back outside
2116.1s [11月10日（週一） 上午 7:11]   ok  entered Bloom Coffee
2117.9s [11月10日（週一） 上午 7:14]   use "Read the news board"
2118.6s [11月10日（週一） 上午 7:19]   shot 162_news_bridge_before.png
2119.0s [11月10日（週一） 上午 7:19]   ok  read the news (bridge_before)
2122.0s [11月10日（週一） 上午 7:24]   ok  walked back outside
2125.2s [11月10日（週一） 上午 7:29]   ok  entered Riverside Tower
2126.6s [11月10日（週一） 上午 7:31]   use "Use laptop — Company OS"
2127.1s [11月10日（週一） 上午 7:32]   click [Tab_operations] Operations
2127.8s [11月10日（週一） 上午 7:33]   click [Buy_lumina_direct_phone_stand] 購買 $856
2128.6s [11月10日（週一） 上午 7:34]   shot 163_settlement_before_exploit.png
2128.6s [11月10日（週一） 上午 7:34]   click [Settle_escrow] Pay this way
2129.6s [11月10日（週一） 上午 7:36]   ok  restock ordered through escrow (cash $31,092)
2141.4s [11月10日（週一） 上午 7:54]   toast: 快訊：數位美元跨鏈橋遭駭。轉帳凍結，預計 11月16日 上午 7:54 前後恢復。
2143.3s [11月10日（週一） 上午 7:56]   ok  the bridge is frozen with our payment crossing it
2143.9s [11月10日（週一） 上午 7:56]   ok  the '!' badge for frozen_funds pins its card
2144.0s [11月10日（週一） 上午 7:56]   shot 164_badge_frozen_pinned.png
2144.2s [11月10日（週一） 上午 7:56]   shot 165_decision_rail_frozen.png
2144.3s [11月10日（週一） 上午 7:56]   decision rail_frozen → reroute
2144.3s [11月10日（週一） 上午 7:56]   click [Choice_reroute] 改用電匯重新付款（$890）
2145.7s [11月10日（週一） 上午 7:56]   shot 166_decision_outcome_rail_frozen.png
2145.7s [11月10日（週一） 上午 7:56]   click "OK"
2146.2s [11月10日（週一） 上午 7:56]   ok  paid again by wire
2146.3s [11月10日（週一） 上午 7:56]   use "Use laptop — Company OS"
2146.9s [11月10日（週一） 上午 7:57]   click [Tab_finance] Finance
2147.6s [11月10日（週一） 上午 7:58]   shot 167_finance_frozen_funds.png
2147.6s [11月10日（週一） 上午 7:58]   click [Tab_operations] Operations
2153.1s [11月10日（週一） 上午 8:07]   shot 168_operations_frozen_order.png
2156.1s [11月10日（週一） 上午 8:12]   ok  walked back outside
2159.5s [11月10日（週一） 上午 8:17]   ok  entered Bloom Coffee
2161.2s [11月10日（週一） 上午 8:20]   use "Read the news board"
2162.0s [11月10日（週一） 上午 8:25]   shot 169_news_bridge_frozen.png
2162.4s [11月10日（週一） 上午 8:25]   ok  read the news (bridge_frozen)
2165.3s [11月10日（週一） 上午 8:30]   ok  walked back outside
2168.5s [11月10日（週一） 上午 8:35]   ok  entered Riverside Tower
2168.5s [11月10日（週一） 下午 5:00]   toast: Riverlight Goods 咖啡 今天沒開門：吧台沒人顧。去僱一位咖啡師（人員分頁），或自己站吧台。
2170.4s [11月10日（週一） 下午 7:03]   use "Sleep"
2171.0s [11月10日（週一） 下午 7:03]   click [Sleep] Sleep until 7:00 AM
2172.8s [11月11日（週二） 下午 5:00]   toast: Riverlight Goods 咖啡 今天沒開門：吧台沒人顧。去僱一位咖啡師（人員分頁），或自己站吧台。
2173.0s [11月11日（週二） 下午 7:01]   use "Sleep"
2173.6s [11月11日（週二） 下午 7:01]   click [Sleep] Sleep until 7:00 AM
2175.4s [11月12日（週三） 下午 5:00]   toast: Riverlight Goods 咖啡 今天沒開門：吧台沒人顧。去僱一位咖啡師（人員分頁），或自己站吧台。
2175.5s [11月12日（週三） 下午 7:01]   use "Sleep"
2176.1s [11月12日（週三） 下午 7:01]   click [Sleep] Sleep until 7:00 AM
2177.9s [11月13日（週四） 下午 5:00]   toast: Riverlight Goods 咖啡 今天沒開門：吧台沒人顧。去僱一位咖啡師（人員分頁），或自己站吧台。
2178.1s [11月13日（週四） 下午 7:01]   use "Sleep"
2178.7s [11月13日（週四） 下午 7:01]   click [Sleep] Sleep until 7:00 AM
2180.5s [11月14日（週五） 下午 5:00]   toast: Riverlight Goods 咖啡 今天沒開門：吧台沒人顧。去僱一位咖啡師（人員分頁），或自己站吧台。
2180.6s [11月14日（週五） 下午 7:00]   shot 170_decision_low_cash_warning.png
2180.6s [11月14日（週五） 下午 7:00]   decision low_cash_warning → reduce
2180.6s [11月14日（週五） 下午 7:00]   click [Choice_reduce] 縮減開支（暫停廣告、生活從簡）
2182.0s [11月14日（週五） 下午 7:00]   shot 171_decision_outcome_low_cash_warning.png
2182.0s [11月14日（週五） 下午 7:00]   click "OK"
2182.6s [11月14日（週五） 下午 7:00]   use "Sleep"
2183.2s [11月14日（週五） 下午 7:00]   click [Sleep] Sleep until 7:00 AM
2185.0s [11月15日（週六） 下午 5:00]   toast: Riverlight Goods 咖啡 今天沒開門：吧台沒人顧。去僱一位咖啡師（人員分頁），或自己站吧台。
2185.2s [11月15日（週六） 下午 7:01]   use "Sleep"
2185.8s [11月15日（週六） 下午 7:01]   click [Sleep] Sleep until 7:00 AM
2187.8s [11月16日（週日） 下午 7:01]   use "Sleep"
2188.4s [11月16日（週日） 下午 7:01]   click [Sleep] Sleep until 7:00 AM
2190.2s [11月17日（週一） 下午 5:00]   toast: Riverlight Goods 咖啡 今天沒開門：吧台沒人顧。去僱一位咖啡師（人員分頁），或自己站吧台。
2190.3s [11月17日（週一） 下午 7:00]   shot 172_decision_low_cash_warning.png
2190.3s [11月17日（週一） 下午 7:00]   decision low_cash_warning → reduce
2190.3s [11月17日（週一） 下午 7:00]   click [Choice_reduce] 縮減開支（暫停廣告、生活從簡）
2191.7s [11月17日（週一） 下午 7:00]   shot 173_decision_outcome_low_cash_warning.png
2191.7s [11月17日（週一） 下午 7:00]   click "OK"
2192.2s [11月17日（週一） 下午 7:00]   shot 174_decision_supplier_price_increase.png
2192.2s [11月17日（週一） 下午 7:00]   decision supplier_price_increase → accept
2192.2s [11月17日（週一） 下午 7:00]   click [Choice_accept] 好。繼續跟你進貨。
2193.6s [11月17日（週一） 下午 7:00]   shot 175_decision_outcome_supplier_price_increase.png
2193.6s [11月17日（週一） 下午 7:00]   click "OK"
2194.2s [11月17日（週一） 下午 7:00]   use "Sleep"
2194.8s [11月17日（週一） 下午 7:00]   click [Sleep] Sleep until 7:00 AM
2196.6s [11月18日（週二） 下午 5:00]   toast: Riverlight Goods 咖啡 今天沒開門：吧台沒人顧。去僱一位咖啡師（人員分頁），或自己站吧台。
2196.8s [11月18日（週二） 下午 7:01]   use "Sleep"
2197.4s [11月18日（週二） 下午 7:01]   click [Sleep] Sleep until 7:00 AM
2199.2s [11月19日（週三） 下午 5:00]   toast: Riverlight Goods 咖啡 今天沒開門：吧台沒人顧。去僱一位咖啡師（人員分頁），或自己站吧台。
2199.3s [11月19日（週三） 下午 7:01]   use "Sleep"
2199.9s [11月19日（週三） 下午 7:01]   click [Sleep] Sleep until 7:00 AM
2201.7s [11月20日（週四） 下午 5:00]   toast: Riverlight Goods 咖啡 今天沒開門：吧台沒人顧。去僱一位咖啡師（人員分頁），或自己站吧台。
2202.1s [11月20日（週四） 下午 7:01]   shot 176_decision_low_cash_warning.png
2202.3s [11月20日（週四） 下午 7:01]   decision low_cash_warning → reduce
2202.3s [11月20日（週四） 下午 7:01]   click [Choice_reduce] 縮減開支（暫停廣告、生活從簡）
2203.7s [11月20日（週四） 下午 7:01]   shot 177_decision_outcome_low_cash_warning.png
2203.7s [11月20日（週四） 下午 7:01]   click "OK"
2204.3s [11月20日（週四） 下午 7:01]   use "Sleep"
2204.9s [11月20日（週四） 下午 7:01]   click [Sleep] Sleep until 7:00 AM
2206.7s [11月21日（週五） 下午 5:00]   toast: Riverlight Goods 咖啡 今天沒開門：吧台沒人顧。去僱一位咖啡師（人員分頁），或自己站吧台。
2206.9s [11月21日（週五） 下午 7:01]   use "Sleep"
2207.5s [11月21日（週五） 下午 7:01]   click [Sleep] Sleep until 7:00 AM
2209.3s [11月22日（週六） 下午 5:00]   toast: Riverlight Goods 咖啡 今天沒開門：吧台沒人顧。去僱一位咖啡師（人員分頁），或自己站吧台。
2209.5s [11月22日（週六） 下午 7:01]   use "Sleep"
2210.1s [11月22日（週六） 下午 7:01]   click [Sleep] Sleep until 7:00 AM
2212.0s [11月23日（週日） 下午 7:00]   shot 178_decision_low_cash_warning.png
2212.0s [11月23日（週日） 下午 7:00]   decision low_cash_warning → reduce
2212.0s [11月23日（週日） 下午 7:00]   click [Choice_reduce] 縮減開支（暫停廣告、生活從簡）
2213.4s [11月23日（週日） 下午 7:00]   shot 179_decision_outcome_low_cash_warning.png
2213.4s [11月23日（週日） 下午 7:00]   click "OK"
2214.0s [11月23日（週日） 下午 7:00]   use "Sleep"
2214.6s [11月23日（週日） 下午 7:00]   click [Sleep] Sleep until 7:00 AM
2216.4s [11月24日（週一） 下午 5:00]   toast: Riverlight Goods 咖啡 今天沒開門：吧台沒人顧。去僱一位咖啡師（人員分頁），或自己站吧台。
2216.6s [11月24日（週一） 下午 7:01]   use "Sleep"
2217.2s [11月24日（週一） 下午 7:01]   click [Sleep] Sleep until 7:00 AM
2219.0s [11月25日（週二） 下午 5:00]   toast: Riverlight Goods 咖啡 今天沒開門：吧台沒人顧。去僱一位咖啡師（人員分頁），或自己站吧台。
2219.1s [11月25日（週二） 下午 7:01]   use "Sleep"
2219.7s [11月25日（週二） 下午 7:01]   click [Sleep] Sleep until 7:00 AM
2221.5s [11月26日（週三） 下午 5:00]   toast: Riverlight Goods 咖啡 今天沒開門：吧台沒人顧。去僱一位咖啡師（人員分頁），或自己站吧台。
2221.8s [11月26日（週三） 下午 7:00]   shot 180_decision_low_cash_warning.png
2221.8s [11月26日（週三） 下午 7:00]   decision low_cash_warning → reduce
2221.8s [11月26日（週三） 下午 7:00]   click [Choice_reduce] 縮減開支（暫停廣告、生活從簡）
2223.2s [11月26日（週三） 下午 7:00]   shot 181_decision_outcome_low_cash_warning.png
2223.2s [11月26日（週三） 下午 7:00]   click "OK"
2223.8s [11月26日（週三） 下午 7:00]   use "Sleep"
2224.4s [11月26日（週三） 下午 7:00]   click [Sleep] Sleep until 7:00 AM
2226.2s [11月27日（週四） 上午 7:00]   ok  the bridge reopened
2226.2s [11月27日（週四） 上午 7:00]   ok  frozen funds settled
2226.2s [11月27日（週四） 上午 7:00]   ok  Chapter 11 complete: through the freeze and restocked
2226.2s [11月27日（週四） 上午 7:00] STEP Chapter 12 — the regulation wave: the import licence
2226.3s [11月27日（週四） 上午 7:00]   ok  Year 8: the Regulation Wave
2229.4s [11月27日（週四） 上午 7:06]   ok  walked back outside
2232.8s [11月27日（週四） 上午 7:11]   ok  entered Bloom Coffee
2234.5s [11月27日（週四） 上午 7:14]   use "Read the news board"
2235.3s [11月27日（週四） 上午 7:19]   shot 182_news_regulation.png
2235.6s [11月27日（週四） 上午 7:19]   ok  read the news (regulation)
2238.6s [11月27日（週四） 上午 7:24]   ok  walked back outside
2241.7s [11月27日（週四） 上午 7:29]   ok  entered Riverside Tower
2241.7s [11月27日（週四） 上午 7:29]   (harness) wait 2 h
2243.7s [11月27日（週四） 上午 9:33]   ok  walked back outside
2253.1s [11月27日（週四） 上午 9:47]   use "捷運——河濱區站"
2254.1s [11月27日（週四） 上午 9:49]   shot 183_metro_civic_center.png
2254.1s [11月27日（週四） 上午 9:49]   click [Go_civic_center] 市政中心  ·  12 分鐘
2255.1s [11月27日（週四） 上午 10:02]   ok  took the Metro to Civic Center
2262.2s [11月27日（週四） 上午 10:13]   ok  entered Aurelia City Hall
2264.0s [11月27日（週四） 上午 10:16]   use "Permits & regulations"
2264.8s [11月27日（週四） 上午 10:17]   shot 184_permits_import_licence.png
2265.3s [11月27日（週四） 上午 10:18]   ok  the '!' badge for import_licence pins its card
2265.4s [11月27日（週四） 上午 10:18]   shot 185_badge_licence_pinned.png
2265.5s [11月27日（週四） 上午 10:18]   click [ApplyImportLicence] 申請（$450）
2266.2s [11月27日（週四） 上午 10:39]   shot 186_permits_licence_processing.png
2266.6s [11月27日（週四） 上午 10:39]   ok  import licence applied for
2269.6s [11月27日（週四） 上午 10:45]   ok  walked back outside
2275.3s [11月27日（週四） 上午 10:53]   use "捷運——市政中心站"
2276.3s [11月27日（週四） 上午 10:55]   shot 187_metro_riverside.png
2276.3s [11月27日（週四） 上午 10:55]   click [Go_riverside] 河濱區  ·  12 分鐘
2277.3s [11月27日（週四） 上午 11:09]   ok  took the Metro to Riverside
2286.4s [11月27日（週四） 上午 11:22]   ok  entered Riverside Tower
2286.5s [11月27日（週四） 下午 5:00]   toast: Riverlight Goods 咖啡 今天沒開門：吧台沒人顧。去僱一位咖啡師（人員分頁），或自己站吧台。
2288.4s [11月27日（週四） 下午 7:03]   use "Sleep"
2289.0s [11月27日（週四） 下午 7:03]   click [Sleep] Sleep until 7:00 AM
2291.1s [11月28日（週五） 下午 5:00]   toast: Leo Wu 離職了。
2291.2s [11月28日（週五） 下午 5:00]   toast: Riverlight Goods 咖啡 今天沒開門：吧台沒人顧。去僱一位咖啡師（人員分頁），或自己站吧台。
2291.4s [11月28日（週五） 下午 7:01]   use "Sleep"
2292.0s [11月28日（週五） 下午 7:01]   click [Sleep] Sleep until 7:00 AM
2293.8s [11月29日（週六） 下午 5:00]   toast: Riverlight Goods 咖啡 今天沒開門：吧台沒人顧。去僱一位咖啡師（人員分頁），或自己站吧台。
2294.0s [11月29日（週六） 下午 7:01]   shot 188_decision_low_cash_warning.png
2294.1s [11月29日（週六） 下午 7:01]   decision low_cash_warning → reduce
2294.1s [11月29日（週六） 下午 7:01]   click [Choice_reduce] 縮減開支（暫停廣告、生活從簡）
2295.5s [11月29日（週六） 下午 7:01]   shot 189_decision_outcome_low_cash_warning.png
2295.5s [11月29日（週六） 下午 7:01]   click "OK"
2296.1s [11月29日（週六） 下午 7:01]   use "Sleep"
2296.7s [11月29日（週六） 下午 7:01]   click [Sleep] Sleep until 7:00 AM
2298.5s [11月30日（週日） 上午 7:00]   ok  import licence granted
2299.2s [11月30日（週日） 上午 7:00] STEP Chapter 12 — a large import goes through KYC
2300.4s [11月30日（週日） 上午 7:02]   use "Use laptop — Company OS"
2301.3s [11月30日（週日） 上午 7:03]   click [Tab_operations] Operations
2302.0s [11月30日（週日） 上午 7:04]   click [DeliverTo_riverside_studio] 河濱大樓 7C
2302.6s [11月30日（週日） 上午 7:05]   click [Buy_lumina_direct_wireless_earbuds] 購買 $2,692
2303.4s [11月30日（週日） 上午 7:06]   shot 190_settlement_kyc.png
2303.4s [11月30日（週日） 上午 7:06]   click [Settle_letter_of_credit] Pay this way
2304.4s [11月30日（週日） 上午 7:08]   ok  the large payment carries a KYC check
2307.2s [11月30日（週日） 下午 7:04]   use "Sleep"
2307.8s [11月30日（週日） 下午 7:04]   click [Sleep] Sleep until 7:00 AM
2311.2s [12月1日（週一） 上午 7:00]   shot 191_month_close_report.png
2311.2s [12月1日（週一） 上午 7:00]   click [month close] Continue
2311.7s [12月1日（週一） 下午 5:00]   toast: Riverlight Goods 咖啡 今天沒開門：吧台沒人顧。去僱一位咖啡師（人員分頁），或自己站吧台。
2311.9s [12月1日（週一） 下午 7:00]   use "Sleep"
2312.5s [12月1日（週一） 下午 7:00]   click [Sleep] Sleep until 7:00 AM
2314.3s [12月2日（週二） 下午 5:00]   toast: Riverlight Goods 咖啡 今天沒開門：吧台沒人顧。去僱一位咖啡師（人員分頁），或自己站吧台。
2314.5s [12月2日（週二） 下午 7:01]   shot 192_decision_low_cash_warning.png
2314.5s [12月2日（週二） 下午 7:01]   decision low_cash_warning → reduce
2314.5s [12月2日（週二） 下午 7:01]   click [Choice_reduce] 縮減開支（暫停廣告、生活從簡）
2315.9s [12月2日（週二） 下午 7:01]   shot 193_decision_outcome_low_cash_warning.png
2315.9s [12月2日（週二） 下午 7:01]   click "OK"
2316.5s [12月2日（週二） 下午 7:01]   use "Sleep"
2317.1s [12月2日（週二） 下午 7:01]   click [Sleep] Sleep until 7:00 AM
2318.9s [12月3日（週三） 下午 5:00]   toast: Riverlight Goods 咖啡 今天沒開門：吧台沒人顧。去僱一位咖啡師（人員分頁），或自己站吧台。
2319.1s [12月3日（週三） 下午 7:01]   use "Sleep"
2319.7s [12月3日（週三） 下午 7:01]   click [Sleep] Sleep until 7:00 AM
2321.4s [12月4日（週四） 上午 7:00]   ok  KYC cleared
2322.6s [12月4日（週四） 上午 7:02]   use "Use laptop — Company OS"
2323.1s [12月4日（週四） 上午 7:03]   click [Tab_finance] Finance
2323.8s [12月4日（週四） 上午 7:04]   shot 194_finance_compliance_cost.png
2324.2s [12月4日（週四） 上午 7:05] STEP Chapter 12 — Victor Hale's offer
2324.2s [12月4日（週四） 上午 7:05]   (harness) wait 2 h
2324.8s [12月4日（週四） 上午 9:06]   (harness) wait 2 h
2328.2s [12月4日（週四） 上午 11:12]   ok  walked back outside
2337.7s [12月4日（週四） 上午 11:26]   use "捷運——河濱區站"
2338.6s [12月4日（週四） 上午 11:27]   shot 195_metro_shopping_street.png
2338.6s [12月4日（週四） 上午 11:27]   click [Go_shopping_street] 購物街  ·  15 分鐘
2339.6s [12月4日（週四） 上午 11:44]   ok  took the Metro to Shopping Street
2348.3s [12月4日（週四） 上午 11:56]   ok  entered Crestline Flagship
2348.9s [12月4日（週四） 上午 11:57]   use "和 Victor Hale 說話"
2349.7s [12月4日（週四） 上午 11:57]   shot 196_victor_offer.png
2357.4s [12月4日（週四） 上午 11:59]   ok  the '!' badge for valuation pins its card
2357.5s [12月4日（週四） 上午 11:59]   shot 197_badge_valuation_pinned.png
2357.6s [12月4日（週四） 上午 11:59]   shot 198_decision_acquisition_offer.png
2357.6s [12月4日（週四） 上午 11:59]   decision acquisition_offer → counter
2357.6s [12月4日（週四） 上午 11:59]   click [Choice_counter] 還價：開價 $19,675
2359.0s [12月4日（週四） 上午 11:59]   shot 199_decision_outcome_acquisition_offer.png
2359.0s [12月4日（週四） 上午 11:59]   click "OK"
2359.5s [12月4日（週四） 上午 11:59]   ok  countered Hale Group's offer
2360.8s [12月4日（週四） 下午 12:01]   shot 200_ending_card.png
2363.7s [12月4日（週四） 下午 12:05]   ok  Chapter 12 complete
2363.7s [12月4日（週四） 下午 12:05]   ok  the main story is complete
2363.7s [12月4日（週四） 下午 12:05]   ok  free play: the growth goal
2363.7s [12月4日（週四） 下午 12:05]   ok  ledger balanced after chapters 10–12
2365.5s [12月4日（週四） 下午 12:09]   ok  walked back outside
2372.7s [12月4日（週四） 下午 12:20]   use "捷運——購物街站"
2373.6s [12月4日（週四） 下午 12:21]   shot 201_metro_riverside.png
2373.6s [12月4日（週四） 下午 12:21]   click [Go_riverside] 河濱區  ·  15 分鐘
2374.6s [12月4日（週四） 下午 12:38]   ok  took the Metro to Riverside
2383.7s [12月4日（週四） 下午 12:52]   ok  entered Riverside Tower
2383.8s [12月4日（週四） 下午 12:52] STEP Save → reload → same state
2384.7s [12月4日（週四） 下午 12:53]   ok  cash restored after load
2384.7s [12月4日（週四） 下午 12:53]   ok  time restored after load
2384.7s [12月4日（週四） 下午 12:53]   ok  location restored (riverside_apartment)
2384.9s [12月4日（週四） 下午 12:53]   shot 202_after_load.png
2384.9s [12月4日（週四） 下午 12:53] STEP Summary
2384.9s [12月4日（週四） 下午 12:53]   business entity co_riverlight_goods cash $21,548.69 · personal $10,335.58 · orders delivered 484 · chapters done ["ch1_arrival", "ch2_first_customer", "ch3_open_for_business", "ch4_growing_pains", "ch5_big_contract", "ch6_cash_is_oxygen", "ch7_supply_shock", "ch8_green_shift", "ch9_clearing_crisis", "ch10_digital_rails", "ch11_other_side_of_trust", "ch12_regulation_scale"]
2384.9s [12月4日（週四） 下午 12:53]   ok  ledger balanced at the end
2385.0s [12月4日（週四） 下午 12:53]   ok  story objective completed: ch1_phone
2385.0s [12月4日（週四） 下午 12:53]   ok  story objective completed: ch1_outside
2385.0s [12月4日（週四） 下午 12:53]   ok  story objective completed: ch1_coffee
2385.0s [12月4日（週四） 下午 12:53]   ok  story objective completed: ch1_cowork
2385.0s [12月4日（週四） 下午 12:53]   ok  story objective completed: ch1_board
2385.0s [12月4日（週四） 下午 12:53]   ok  story objective completed: ch2_supplier
2385.0s [12月4日（週四） 下午 12:53]   ok  story objective completed: ch2_stock
2385.1s [12月4日（週四） 下午 12:53]   ok  story objective completed: ch2_listing
2385.1s [12月4日（週四） 下午 12:53]   ok  story objective completed: ch2_order
2385.1s [12月4日（週四） 下午 12:53]   ok  story objective completed: ch2_ship
2385.1s [12月4日（週四） 下午 12:53]   ok  story objective completed: ch2_first_dollar
2385.1s [12月4日（週四） 下午 12:53]   ok  story objective completed: ch2_issue
2385.3s [12月4日（週四） 下午 12:53]   ok  story objective completed: ch3_register
2385.3s [12月4日（週四） 下午 12:53]   ok  story objective completed: ch3_bank
2385.3s [12月4日（週四） 下午 12:53]   ok  story objective completed: ch3_workspace
2385.3s [12月4日（週四） 下午 12:53]   ok  story objective completed: ch3_os
2385.3s [12月4日（週四） 下午 12:53]   ok  story objective completed: ch4_employer
2385.3s [12月4日（週四） 下午 12:53]   ok  story objective completed: ch4_post
2385.4s [12月4日（週四） 下午 12:53]   ok  story objective completed: ch4_hire
2385.4s [12月4日（週四） 下午 12:53]   ok  story objective completed: ch4_payroll
2385.4s [12月4日（週四） 下午 12:53]   ok  story objective completed: ch4_forecast
2385.4s [12月4日（週四） 下午 12:53]   ok  story objective completed: ch5_meet
2385.5s [12月4日（週四） 下午 12:53]   ok  story objective completed: ch5_decide
2385.5s [12月4日（週四） 下午 12:53]   ok  story objective completed: ch5_stock
2385.6s [12月4日（週四） 下午 12:53]   ok  story objective completed: ch5_deliver
2385.6s [12月4日（週四） 下午 12:53]   ok  story objective completed: ch6_forecast
2385.6s [12月4日（週四） 下午 12:53]   ok  story objective completed: ch6_bridge
2385.6s [12月4日（週四） 下午 12:53]   ok  story objective completed: ch6_collect
2385.6s [12月4日（週四） 下午 12:53]   ok  story objective completed: ch6_close
2385.6s [12月4日（週四） 下午 12:53]   ok  story objective completed: ch7_news
2385.6s [12月4日（週四） 下午 12:53]   ok  story objective completed: ch7_ken
2385.6s [12月4日（週四） 下午 12:53]   ok  story objective completed: ch7_stock
2385.7s [12月4日（週四） 下午 12:53]   ok  story objective completed: ch7_price
2385.7s [12月4日（週四） 下午 12:53]   ok  story objective completed: ch7_close
2385.7s [12月4日（週四） 下午 12:53]   ok  story objective completed: ch8_news
2385.7s [12月4日（週四） 下午 12:53]   ok  story objective completed: ch8_pack
2385.8s [12月4日（週四） 下午 12:53]   ok  story objective completed: ch8_product
2385.8s [12月4日（週四） 下午 12:53]   ok  story objective completed: ch8_grant
2385.8s [12月4日（週四） 下午 12:53]   ok  story objective completed: ch9_news
2385.8s [12月4日（週四） 下午 12:53]   ok  story objective completed: ch9_import
2385.8s [12月4日（週四） 下午 12:53]   ok  story objective completed: ch9_lina
2385.8s [12月4日（週四） 下午 12:53]   ok  story objective completed: ch9_settle
2385.8s [12月4日（週四） 下午 12:53]   ok  story objective completed: ch9_arrive
2385.9s [12月4日（週四） 下午 12:53]   ok  story objective completed: ch10_news
2385.9s [12月4日（週四） 下午 12:53]   ok  story objective completed: ch10_lina
2385.9s [12月4日（週四） 下午 12:53]   ok  story objective completed: ch10_import
2386.0s [12月4日（週四） 下午 12:53]   ok  story objective completed: ch10_arrive
2386.0s [12月4日（週四） 下午 12:53]   ok  story objective completed: ch11_news
2386.1s [12月4日（週四） 下午 12:53]   ok  story objective completed: ch11_order
2386.1s [12月4日（週四） 下午 12:53]   ok  story objective completed: ch11_freeze
2386.1s [12月4日（週四） 下午 12:53]   ok  story objective completed: ch11_restock
2386.2s [12月4日（週四） 下午 12:53]   ok  story objective completed: ch12_news
2386.2s [12月4日（週四） 下午 12:53]   ok  story objective completed: ch12_licence
2386.2s [12月4日（週四） 下午 12:53]   ok  story objective completed: ch12_kyc
2386.2s [12月4日（週四） 下午 12:53]   ok  story objective completed: ch12_offer
2386.2s [12月4日（週四） 下午 12:53] BOT FINISHED — 0 failure(s) · 2386.2s real
2386.2s [12月4日（週四） 下午 12:53] English audit: 53 on-screen text(s) with untranslated words
