Godot Engine v4.5.1.stable.official.f62fdbde1 - https://godotengine.org
OpenGL API 3.3.0 NVIDIA 462.59 - Compatibility - Using Device: NVIDIA - Quadro RTX 4000

   0.8s [6月1日（週日） 下午 2:00]   shot 01_mg_barista_intro.png
   0.8s [6月1日（週日） 下午 2:00]   click [StartGame] Start
   1.3s [6月1日（週日） 下午 2:00]   click [Size_S] Small cup
   1.4s [6月1日（週日） 下午 2:00]   click [Drink_americano] Americano
   1.5s [6月1日（週日） 下午 2:00]   click [Milk_none] No milk
   1.6s [6月1日（週日） 下午 2:00]   click [Shots_1] Single shot
   1.8s [6月1日（週日） 下午 2:00]   shot 02_mg_barista_built.png
   1.8s [6月1日（週日） 下午 2:00]   click [Serve] Serve
   2.1s [6月1日（週日） 下午 2:00]   ok  a correctly built drink scores full points (1.00)
   2.2s [6月1日（週日） 下午 2:00]   shot 03_mg_barista_play.png
   2.6s [6月1日（週日） 下午 2:00]   shot 04_mg_barista_results.png
   2.6s [6月1日（週日） 下午 2:00]   click [FinishGame] Continue
   3.0s [6月1日（週日） 下午 2:00]   ok  barista closed after its results
   3.5s [6月1日（週日） 下午 2:00]   shot 05_mg_parcels_intro.png
   3.5s [6月1日（週日） 下午 2:00]   click [StartGame] Start
   3.9s [6月1日（週日） 下午 2:00]   click [Bin_civic_center] 3  市政中心 3xxx
   4.0s [6月1日（週日） 下午 2:00]   ok  sorting a parcel into the right bin scores
   4.1s [6月1日（週日） 下午 2:00]   shot 06_mg_parcels_play.png
   4.5s [6月1日（週日） 下午 2:00]   shot 07_mg_parcels_results.png
   4.5s [6月1日（週日） 下午 2:00]   click [FinishGame] Continue
   4.9s [6月1日（週日） 下午 2:00]   ok  parcels closed after its results
   5.4s [6月1日（週日） 下午 2:00]   shot 08_mg_cowork_intro.png
   5.4s [6月1日（週日） 下午 2:00]   click [StartGame] Start
   5.9s [6月1日（週日） 下午 2:00]   click [Desk_host] Call their host
   6.0s [6月1日（週日） 下午 2:00]   ok  handling a visitor right scores
   6.1s [6月1日（週日） 下午 2:00]   shot 09_mg_cowork_play.png
   6.5s [6月1日（週日） 下午 2:00]   shot 10_mg_cowork_results.png
   6.5s [6月1日（週日） 下午 2:00]   click [FinishGame] Continue
   6.8s [6月1日（週日） 下午 2:00]   ok  cowork closed after its results
   7.3s [6月1日（週日） 下午 2:00]   shot 11_mg_clerk_intro.png
   7.3s [6月1日（週日） 下午 2:00]   click [StartGame] Start
   7.8s [6月1日（週日） 下午 2:00]   click [Approve] Approve
   7.9s [6月1日（週日） 下午 2:00]   ok  the right call on a form scores full points
   8.0s [6月1日（週日） 下午 2:00]   shot 12_mg_clerk_play.png
   8.4s [6月1日（週日） 下午 2:00]   shot 13_mg_clerk_results.png
   8.4s [6月1日（週日） 下午 2:00]   click [FinishGame] Continue
   8.8s [6月1日（週日） 下午 2:00]   ok  clerk closed after its results
   9.3s [6月1日（週日） 下午 2:00]   shot 14_mg_teller_intro.png
   9.3s [6月1日（週日） 下午 2:00]   click [StartGame] Start
   9.7s [6月1日（週日） 下午 2:00]   click [Note_20] $20
   9.8s [6月1日（週日） 下午 2:00]   click [Note_10] $10
   9.9s [6月1日（週日） 下午 2:00]   click [Note_5] $5
  10.0s [6月1日（週日） 下午 2:00]   click [Note_1] $1
  10.1s [6月1日（週日） 下午 2:00]   click [Note_1] $1
  10.3s [6月1日（週日） 下午 2:00]   shot 15_mg_teller_counted.png
  10.3s [6月1日（週日） 下午 2:00]   click [HandOver] Hand it over
  10.4s [6月1日（週日） 下午 2:00]   ok  an exact, tidy withdrawal scores full points
  10.5s [6月1日（週日） 下午 2:00]   shot 16_mg_teller_play.png
  10.9s [6月1日（週日） 下午 2:00]   shot 17_mg_teller_results.png
  10.9s [6月1日（週日） 下午 2:00]   click [FinishGame] Continue
  11.2s [6月1日（週日） 下午 2:00]   ok  teller closed after its results
  11.7s [6月1日（週日） 下午 2:00]   shot 18_mg_photo_intro.png
  11.7s [6月1日（週日） 下午 2:00]   click [StartGame] Start
  12.2s [6月1日（週日） 下午 2:00]   click [Backdrop_wood] Wood desk
  12.3s [6月1日（週日） 下午 2:00]   click [ZoomIn] +
  12.8s [6月1日（週日） 下午 2:00]   shot 19_mg_photo_setup.png
  12.9s [6月1日（週日） 下午 2:00]   shot 20_mg_photo_play.png
  13.3s [6月1日（週日） 下午 2:00]   shot 21_mg_photo_results.png
  13.3s [6月1日（週日） 下午 2:00]   click [FinishGame] Continue
  13.7s [6月1日（週日） 下午 2:00]   ok  photo closed after its results
  14.2s [6月1日（週日） 下午 2:00]   shot 22_mg_pack_intro.png
  14.2s [6月1日（週日） 下午 2:00]   click [StartGame] Start
  14.6s [6月1日（週日） 下午 2:00]   click [Box_small] Small box
  14.7s [6月1日（週日） 下午 2:00]   click [Pad] Add bubble wrap
  14.8s [6月1日（週日） 下午 2:00]   click [Pad] Add bubble wrap
  14.9s [6月1日（週日） 下午 2:00]   click [Pad] Add bubble wrap
  15.0s [6月1日（週日） 下午 2:00]   click [Pad] Add bubble wrap
  15.1s [6月1日（週日） 下午 2:00]   click [Pad] Add bubble wrap
  15.2s [6月1日（週日） 下午 2:00]   click [Seam_0] 貼第 1 條接縫
  15.3s [6月1日（週日） 下午 2:00]   click [Seam_1] 貼第 2 條接縫
  15.4s [6月1日（週日） 下午 2:00]   click [Seam_2] 貼第 3 條接縫
  15.5s [6月1日（週日） 下午 2:00]   click [Label_1] Rin Tanaka · 河濱區
  15.7s [6月1日（週日） 下午 2:00]   shot 23_mg_pack_ready.png
  15.7s [6月1日（週日） 下午 2:00]   click [Seal] Seal & next
  15.8s [6月1日（週日） 下午 2:00]   ok  a well packed order scores high (1.00)
  15.9s [6月1日（週日） 下午 2:00]   shot 24_mg_pack_play.png
  16.3s [6月1日（週日） 下午 2:00]   shot 25_mg_pack_results.png
  16.3s [6月1日（週日） 下午 2:00]   click [FinishGame] Continue
  16.6s [6月1日（週日） 下午 2:00]   ok  pack closed after its results
  17.1s [6月1日（週日） 下午 2:00]   shot 26_mg_typing_intro.png
  17.1s [6月1日（週日） 下午 2:00]   click [StartGame] Start
  18.2s [6月1日（週日） 下午 2:00]   ok  typing a whole line moves on to the next
  18.3s [6月1日（週日） 下午 2:00]   shot 27_mg_typing_play.png
  18.7s [6月1日（週日） 下午 2:00]   shot 28_mg_typing_results.png
  18.7s [6月1日（週日） 下午 2:00]   click [FinishGame] Continue
  19.1s [6月1日（週日） 下午 2:00]   ok  typing closed after its results
  19.1s [6月1日（週日） 下午 2:00] BOT FINISHED — 0 failure(s) · 19.1s real
  19.1s [6月1日（週日） 下午 2:00] English audit: 1 on-screen text(s) with untranslated words
