Godot Engine v4.5.1.stable.official.f62fdbde1 - https://godotengine.org
OpenGL API 3.3.0 NVIDIA 462.59 - Compatibility - Using Device: NVIDIA - Quadro RTX 4000

   1.5s [7月1日（週二） 上午 10:33]   shot 01_screen_decision_big_contract.png
   3.1s [7月4日（週五） 上午 11:34]   shot 02_screen_staff_in_office.png
   3.1s [7月4日（週五） 上午 11:34]   click [Tab_people] People
   4.1s [7月4日（週五） 上午 11:35]   shot 03_screen_people_team.png
   4.7s [7月25日（週五） 上午 11:35]   click [Tab_saas] SaaS
   5.6s [7月25日（週五） 上午 11:36]   shot 04_screen_saas_live.png
   6.1s [7月25日（週五） 上午 11:36]   shot 05_screen_loan_desk.png
   6.6s [7月25日（週五） 上午 11:36]   shot 06_screen_pause_audio.png
   6.6s [7月25日（週五） 上午 11:36]   toast: Riverlight Goods 付不出債務了，你必須決定接下來怎麼做。
   7.4s [7月25日（週五） 上午 11:36]   shot 07_screen_insolvency.png
   7.4s [7月25日（週五） 上午 11:36]   click [CloseCompany] Close the company: sell off, pay what we can, star
   8.6s [7月25日（週五） 上午 11:36]   shot 08_screen_closing_statement.png
   8.6s [7月25日（週五） 上午 11:36]   ok  company closed from the insolvency screen
   8.6s [7月25日（週五） 上午 11:36]   ok  ledger balanced after closing
   8.6s [6月1日（週日） 下午 2:00]   ok  a new game didn't touch the first save (slot 1 vs 2)
   9.8s [6月1日（週日） 下午 2:00]   shot 09_screen_title_saves.png
   9.8s [6月1日（週日） 下午 2:00]   click [LoadGame] 讀取存檔（2）
  10.8s [6月1日（週日） 下午 2:00]   shot 10_screen_load_game.png
  10.8s [6月1日（週日） 下午 2:00]   ok  both games can be loaded
  10.8s [6月1日（週日） 下午 2:00] BOT FINISHED — 0 failure(s) · 10.8s real
  10.8s [6月1日（週日） 下午 2:00] English audit: 6 on-screen text(s) with untranslated words
