Godot Engine v4.5.1.stable.official.f62fdbde1 - https://godotengine.org
OpenGL API 3.3.0 NVIDIA 462.59 - Compatibility - Using Device: NVIDIA - Quadro RTX 4000

   0.2s STEP Main menu → New Game
   0.8s   shot 01_main_menu.png
   0.8s   click [NewGame] New Game
   0.9s   click [CreateRunCharacter] Create character
   2.3s STEP Character Creator
   2.3s   shot 02_creator_default.png
   2.3s   click [Tab_hair] Hair
   2.5s   click [Next_hair] ▶
   2.9s   click [Tab_face] Face
   3.1s   click [Next_face] ▶
   3.2s   click [Next_eye_shape] ▶
   3.4s   click [Tab_body] Body
   3.5s   click [Next_presentation] ▶
   4.2s   shot 03_creator_customised.png
   4.2s   click [Tab_outfit] Outfit
   4.3s   click "Startup Casual"
   4.9s   ok  appearance changed from default (short_neat)
   5.0s   shot 04_creator_final.png
   5.0s   click [Start] Start in Aurelia  →
   5.1s [6月1日（週日） 下午 2:00] STEP Arrival sequence
   7.8s [6月1日（週日） 下午 2:00]   shot 05_arrival_train.png
  11.4s [6月1日（週日） 下午 2:00]   shot 06_arrival_phone.png
  16.5s [6月1日（週日） 下午 2:01]   ok  spawned in the Riverside apartment
  16.5s [6月1日（週日） 下午 2:01]   ok  starting cash $30,000
  16.5s [6月1日（週日） 下午 2:01]   ok  name saved
  18.3s [6月1日（週日） 下午 2:03]   shot 07_apartment_arrival.png
  22.4s [6月1日（週日） 下午 2:07]   shot 08_era_2_riverside_roof.png
  31.1s [6月1日（週日） 下午 2:07]   shot 09_era_2_riverside_far_port.png
  35.3s [6月1日（週日） 下午 2:12]   shot 10_era_2_shopping_street_roof.png
  37.2s [6月1日（週日） 下午 2:12]   shot 11_era_2_shopping_street_chargers.png
  41.2s [6月1日（週日） 下午 2:17]   shot 12_era_2_financial_roof.png
  43.2s [6月1日（週日） 下午 2:17]   shot 13_era_2_financial_chargers.png
  47.2s [6月1日（週日） 下午 2:22]   shot 14_era_3_riverside_roof.png
  56.0s [6月1日（週日） 下午 2:22]   shot 15_era_3_riverside_far_port.png
  60.1s [6月1日（週日） 下午 2:28]   shot 16_era_3_shopping_street_roof.png
  62.0s [6月1日（週日） 下午 2:28]   shot 17_era_3_shopping_street_chargers.png
  66.1s [6月1日（週日） 下午 2:34]   shot 18_era_3_financial_roof.png
  68.0s [6月1日（週日） 下午 2:34]   shot 19_era_3_financial_chargers.png
  72.1s [6月1日（週日） 下午 2:39]   shot 20_era_4_riverside_roof.png
  80.9s [6月1日（週日） 下午 2:39]   shot 21_era_4_riverside_far_port.png
  85.0s [6月1日（週日） 下午 2:45]   shot 22_era_4_shopping_street_roof.png
  86.8s [6月1日（週日） 下午 2:45]   shot 23_era_4_shopping_street_chargers.png
  90.9s [6月1日（週日） 下午 2:50]   shot 24_era_4_financial_roof.png
  92.9s [6月1日（週日） 下午 2:50]   shot 25_era_4_financial_chargers.png
  92.9s [6月1日（週日） 下午 2:50]   ok  era progression saved
  92.9s [6月1日（週日） 下午 2:50]   ok  era decoration tour balanced
  92.9s [6月1日（週日） 下午 2:50] STEP Save → reload → same state
  93.7s [6月1日（週日） 下午 2:51]   ok  cash restored after load
  93.7s [6月1日（週日） 下午 2:51]   ok  time restored after load
  93.7s [6月1日（週日） 下午 2:51]   ok  location restored (financial)
  93.9s [6月1日（週日） 下午 2:51]   shot 26_after_load.png
  93.9s [6月1日（週日） 下午 2:51] BOT FINISHED — 0 failure(s) · 93.9s real
  93.9s [6月1日（週日） 下午 2:51] English audit: 1 on-screen text(s) with untranslated words
