Godot Engine v4.5.1.stable.official.f62fdbde1 - https://godotengine.org
OpenGL API 3.3.0 NVIDIA 462.59 - Compatibility - Using Device: NVIDIA - Quadro RTX 4000

   0.4s STEP Resume genuine chapter-six month-close checkpoint
   0.5s [7月30日（週三） 上午 7:00]   ok  checkpoint contains genuine chapters 1–5 and paid contract
   1.6s [7月30日（週三） 下午 7:00]   use "Sleep"
   2.2s [7月30日（週三） 下午 7:00]   click [Sleep] Sleep until 7:00 AM
   4.3s [7月31日（週四） 下午 7:00]   use "Sleep"
   4.9s [7月31日（週四） 下午 7:00]   click [Sleep] Sleep until 7:00 AM
   8.7s [8月1日（週五） 上午 7:00]   shot 01_month_close_report.png
   8.7s [8月1日（週五） 上午 7:00]   click [month close] Continue
  10.3s [8月1日（週五） 上午 7:02]   ok  Chapter 6 complete
  10.3s [8月1日（週五） 上午 7:02]   ok  ledger balanced after chapters 4–6
  10.3s [8月1日（週五） 上午 7:02] STEP Shopping Street — compare Crestline shelf prices
  15.0s [8月1日（週五） 上午 7:08]   ok  walked back outside
  29.0s [8月1日（週五） 上午 7:29]   use "捷運——河濱區站"
  30.0s [8月1日（週五） 上午 7:31]   shot 02_metro_shopping_street.png
  30.0s [8月1日（週五） 上午 7:31]   click [Go_shopping_street] 購物街  ·  15 分鐘
  31.4s [8月1日（週五） 上午 7:47]   ok  took the Metro to Shopping Street
  40.2s [8月1日（週五） 下午 12:01]   ok  entered Crestline Flagship
  41.0s [8月1日（週五） 下午 12:02]   use "Research shelf prices"
  41.1s [8月1日（週五） 下午 12:02]   ok  owned/listed product available for research
  41.1s [8月1日（週五） 下午 12:02]   click [Research_desk_lamp] 調查 LED 檯燈 · 30 分鐘；七天內重看免費
  41.2s [8月1日（週五） 下午 12:32]   ok  real thirty-minute research saved
  41.3s [8月1日（週五） 下午 12:32]   shot 03_crestline_competitor_research.png
  41.3s [8月1日（週五） 下午 12:32]   click [ResearchDone] Return to the store
  43.4s [8月1日（週五） 下午 12:36]   ok  walked back outside
  50.6s [8月1日（週五） 下午 12:47]   use "捷運——購物街站"
  51.6s [8月1日（週五） 下午 12:49]   shot 04_metro_riverside.png
  51.6s [8月1日（週五） 下午 12:49]   click [Go_riverside] 河濱區  ·  15 分鐘
  52.7s [8月1日（週五） 下午 1:05]   ok  took the Metro to Riverside
  61.8s [8月1日（週五） 下午 1:19]   ok  entered Riverside Tower
  63.2s [8月1日（週五） 下午 1:21]   use "Use laptop — Company OS"
  63.8s [8月1日（週五） 下午 1:22]   click [Tab_sales] Ecommerce
  64.7s [8月1日（週五） 下午 1:23]   shot 05_sales_research_badge.png
  65.1s [8月1日（週五） 下午 1:24]   ok  Chapter 7 started after Chapter 6
  65.1s [8月1日（週五） 下午 1:24]   ok  Year 3: the Supply Shock
  65.1s [8月1日（週五） 下午 1:24] STEP Chapter 7 — the news, and Ken's options
  67.8s [8月1日（週五） 下午 1:29]   ok  walked back outside
  71.1s [8月1日（週五） 下午 1:34]   ok  entered Bloom Coffee
  72.8s [8月1日（週五） 下午 1:36]   use "Read the news board"
  73.5s [8月1日（週五） 下午 1:41]   shot 06_news_supply_shock.png
  74.0s [8月1日（週五） 下午 1:41]   ok  read the news (supply_shock)
  76.9s [8月1日（週五） 下午 1:46]   ok  walked back outside
  80.1s [8月1日（週五） 下午 1:51]   ok  entered Riverside Tower
  82.0s [8月1日（週五） 下午 7:03]   use "Sleep"
  82.6s [8月1日（週五） 下午 7:03]   click [Sleep] Sleep until 7:00 AM
  84.8s [8月2日（週六） 下午 7:00]   use "Sleep"
  85.4s [8月2日（週六） 下午 7:00]   click [Sleep] Sleep until 7:00 AM
  87.5s [8月3日（週日） 下午 7:00]   shot 07_decision_supply_shock_plan.png
  87.5s [8月3日（週日） 下午 7:00]   decision supply_shock_plan → local
  87.5s [8月3日（週日） 下午 7:00]   click [Choice_local] 加一個在地備援：奧瑞莉亞職人合作社
  88.9s [8月3日（週日） 下午 7:00]   shot 08_decision_outcome_supply_shock_plan.png
  88.9s [8月3日（週日） 下午 7:00]   click "OK"
  89.6s [8月3日（週日） 下午 7:00]   use "Sleep"
  90.2s [8月3日（週日） 下午 7:00]   click [Sleep] Sleep until 7:00 AM
  92.1s [8月4日（週一） 上午 7:01]   ok  the local co-op is a supplier now
  92.1s [8月4日（週一） 上午 7:01] STEP Chapter 7 — order from the co-op, raise a price
  93.4s [8月4日（週一） 上午 7:02]   use "Use laptop — Company OS"
  94.0s [8月4日（週一） 上午 7:03]   click [Tab_operations] Operations
  94.9s [8月4日（週一） 上午 7:05]   shot 09_operations_supply_shock.png
  94.9s [8月4日（週一） 上午 7:05]   click [Buy_aurelia_makers_desk_lamp] 購買 $417.00
  95.6s [8月4日（週一） 上午 7:16]   click [Buy_aurelia_makers_desk_lamp] 購買 $417.00
  96.3s [8月4日（週一） 上午 7:27]   click [Buy_aurelia_makers_desk_lamp] 購買 $417.00
  97.0s [8月4日（週一） 上午 7:38]   click [Buy_aurelia_makers_desk_lamp] 購買 $417.00
  97.8s [8月4日（週一） 上午 7:49]   click [Tab_sales] Ecommerce
  98.5s [8月4日（週一） 上午 7:50]   click [PriceUp_wireless_earbuds] +
  98.8s [8月4日（週一） 上午 7:51]   click [PriceUp_wireless_earbuds] +
  99.0s [8月4日（週一） 上午 7:51]   click [PriceUp_wireless_earbuds] +
  99.4s [8月4日（週一） 上午 7:51]   click [PriceUp_wireless_earbuds] +
  99.7s [8月4日（週一） 上午 7:52]   click [PriceUp_wireless_earbuds] +
 100.0s [8月4日（週一） 上午 7:52]   click [PriceUp_wireless_earbuds] +
 100.2s [8月4日（週一） 上午 7:53]   click [PriceUp_wireless_earbuds] +
 100.5s [8月4日（週一） 上午 7:53]   click [PriceUp_wireless_earbuds] +
 100.8s [8月4日（週一） 上午 7:54]   click [PriceUp_wireless_earbuds] +
 101.1s [8月4日（週一） 上午 7:54]   click [PriceUp_wireless_earbuds] +
 101.4s [8月4日（週一） 上午 7:54]   click [PriceUp_wireless_earbuds] +
 101.7s [8月4日（週一） 上午 7:55]   click [PriceUp_wireless_earbuds] +
 101.9s [8月4日（週一） 上午 7:55]   click [PriceUp_water_bottle] +
 102.2s [8月4日（週一） 上午 7:56]   click [PriceUp_water_bottle] +
 102.5s [8月4日（週一） 上午 7:56]   click [PriceUp_water_bottle] +
 102.8s [8月4日（週一） 上午 7:57]   click [PriceUp_water_bottle] +
 103.1s [8月4日（週一） 上午 7:57]   click [PriceUp_water_bottle] +
 103.4s [8月4日（週一） 上午 7:57]   click [PriceUp_desk_lamp] +
 103.7s [8月4日（週一） 上午 7:58]   click [PriceUp_desk_lamp] +
 103.9s [8月4日（週一） 上午 7:58]   click [PriceUp_desk_lamp] +
 104.2s [8月4日（週一） 上午 7:59]   click [PriceUp_desk_lamp] +
 104.5s [8月4日（週一） 上午 7:59]   click [PriceUp_desk_lamp] +
 104.8s [8月4日（週一） 上午 8:00]   click [PriceUp_desk_lamp] +
 105.1s [8月4日（週一） 上午 8:00]   click [PriceUp_desk_lamp] +
 105.4s [8月4日（週一） 上午 8:00]   click [PriceUp_desk_lamp] +
 105.7s [8月4日（週一） 上午 8:01]   click [PriceUp_phone_stand] +
 106.0s [8月4日（週一） 上午 8:01]   click [PriceUp_phone_stand] +
 106.2s [8月4日（週一） 上午 8:02]   click [PriceUp_phone_stand] +
 106.5s [8月4日（週一） 上午 8:02]   click [PriceUp_phone_stand] +
 108.2s [8月4日（週一） 上午 8:05]   ok  stocked and repriced
 108.4s [8月4日（週一） 上午 8:05]   use "Use laptop — Company OS"
 109.1s [8月4日（週一） 上午 8:06]   click [Tab_operations] Operations
 109.9s [8月4日（週一） 上午 8:07]   click [DeliverTo_riverside_studio] 河濱大樓 7C
 110.3s [8月4日（週一） 上午 8:08]   click [Buy_tradelink_wholesale_wireless_earbuds] 購買 $1,018.00
 110.6s [8月4日（週一） 上午 8:18]   click [Buy_tradelink_wholesale_wireless_earbuds] 購買 $1,018.00
 110.9s [8月4日（週一） 上午 8:29]   click [Buy_tradelink_wholesale_wireless_earbuds] 購買 $1,018.00
 111.2s [8月4日（週一） 上午 8:39]   click [Buy_tradelink_wholesale_water_bottle] 購買 $610.20
 111.6s [8月4日（週一） 上午 8:50]   click [Buy_tradelink_wholesale_water_bottle] 購買 $610.20
 111.9s [8月4日（週一） 上午 9:00]   click [Buy_tradelink_wholesale_water_bottle] 購買 $610.20
 112.3s [8月4日（週一） 上午 9:11]   click [Buy_tradelink_wholesale_phone_stand] 購買 $308.00
 112.6s [8月4日（週一） 上午 9:21]   click [Buy_tradelink_wholesale_phone_stand] 購買 $308.00
 120.8s [8月4日（週一） 下午 7:11]   use "Sleep"
 121.4s [8月4日（週一） 下午 7:11]   click [Sleep] Sleep until 7:00 AM
 129.8s [8月5日（週二） 下午 7:09]   use "Sleep"
 130.4s [8月5日（週二） 下午 7:09]   click [Sleep] Sleep until 7:00 AM
 132.6s [8月6日（週三） 下午 7:00]   use "Sleep"
 133.2s [8月6日（週三） 下午 7:00]   click [Sleep] Sleep until 7:00 AM
 135.4s [8月7日（週四） 下午 7:00]   use "Sleep"
 136.0s [8月7日（週四） 下午 7:00]   click [Sleep] Sleep until 7:00 AM
 146.7s [8月8日（週五） 上午 7:14]   use "Packing table"
 147.5s [8月8日（週五） 上午 7:15]   shot 10_packing_table.png
 147.5s [8月8日（週五） 上午 7:15]   click [Pack] 打包 18 筆訂單（2 小時 24 分）
 148.5s [8月8日（週五） 上午 9:40]   click [CourierEconomy] 快遞 · 經濟 3 天（$109.68）
 158.6s [8月8日（週五） 下午 7:14]   use "Sleep"
 159.2s [8月8日（週五） 下午 7:14]   click [Sleep] Sleep until 7:00 AM
 169.9s [8月9日（週六） 上午 7:14]   use "Packing table"
 170.6s [8月9日（週六） 上午 7:15]   click [Pack] 打包 20 筆訂單（2 小時 40 分）
 171.6s [8月9日（週六） 上午 9:56]   click [CourierEconomy] 快遞 · 經濟 3 天（$121.20）
 181.7s [8月9日（週六） 下午 7:13]   use "Sleep"
 182.3s [8月9日（週六） 下午 7:13]   click [Sleep] Sleep until 7:00 AM
 193.0s [8月10日（週日） 上午 7:14]   use "Packing table"
 193.7s [8月10日（週日） 上午 7:15]   click [Pack] 打包 14 筆訂單（1 小時 52 分）
 194.7s [8月10日（週日） 上午 9:08]   click [CourierEconomy] 快遞 · 經濟 3 天（$86.64）
 204.8s [8月10日（週日） 下午 7:13]   use "Sleep"
 205.4s [8月10日（週日） 下午 7:13]   click [Sleep] Sleep until 7:00 AM
 216.1s [8月11日（週一） 上午 7:14]   use "Packing table"
 216.8s [8月11日（週一） 上午 7:15]   click [Pack] 打包 15 筆訂單（2 h）
 217.8s [8月11日（週一） 上午 9:16]   click [CourierEconomy] 快遞 · 經濟 3 天（$92.40）
 227.9s [8月11日（週一） 下午 7:13]   use "Sleep"
 228.5s [8月11日（週一） 下午 7:13]   click [Sleep] Sleep until 7:00 AM
 239.2s [8月12日（週二） 上午 7:14]   use "Packing table"
 239.9s [8月12日（週二） 上午 7:15]   click [Pack] 打包 12 筆訂單（1 小時 36 分）
 240.8s [8月12日（週二） 上午 8:52]   click [CourierEconomy] 快遞 · 經濟 3 天（$75.12）
 251.0s [8月12日（週二） 下午 7:13]   use "Sleep"
 251.6s [8月12日（週二） 下午 7:13]   click [Sleep] Sleep until 7:00 AM
 262.3s [8月13日（週三） 上午 7:14]   use "Packing table"
 263.0s [8月13日（週三） 上午 7:15]   click [Pack] 打包 16 筆訂單（2 小時 8 分）
 264.0s [8月13日（週三） 上午 9:24]   click [CourierEconomy] 快遞 · 經濟 3 天（$98.16）
 274.1s [8月13日（週三） 下午 7:13]   use "Sleep"
 274.7s [8月13日（週三） 下午 7:13]   click [Sleep] Sleep until 7:00 AM
 285.4s [8月14日（週四） 上午 7:14]   use "Packing table"
 286.1s [8月14日（週四） 上午 7:15]   click [Pack] 打包 9 筆訂單（1 小時 12 分）
 287.1s [8月14日（週四） 上午 8:28]   click [CourierEconomy] 快遞 · 經濟 3 天（$57.84）
 297.2s [8月14日（週四） 下午 7:13]   use "Sleep"
 297.8s [8月14日（週四） 下午 7:13]   click [Sleep] Sleep until 7:00 AM
 308.5s [8月15日（週五） 上午 7:14]   use "Packing table"
 309.2s [8月15日（週五） 上午 7:15]   click [Pack] 打包 19 筆訂單（2 小時 32 分）
 310.1s [8月15日（週五） 上午 9:48]   click [CourierEconomy] 快遞 · 經濟 3 天（$115.44）
 320.2s [8月15日（週五） 下午 7:13]   use "Sleep"
 320.8s [8月15日（週五） 下午 7:13]   click [Sleep] Sleep until 7:00 AM
 331.6s [8月16日（週六） 上午 7:14]   use "Packing table"
 332.3s [8月16日（週六） 上午 7:15]   click [Pack] 打包 13 筆訂單（1 小時 44 分）
 333.2s [8月16日（週六） 上午 9:00]   click [CourierEconomy] 快遞 · 經濟 3 天（$80.88）
 334.6s [8月16日（週六） 下午 7:00]   shot 11_decision_supplier_price_increase.png
 334.6s [8月16日（週六） 下午 7:00]   decision supplier_price_increase → accept
 334.6s [8月16日（週六） 下午 7:00]   click [Choice_accept] 好。繼續跟你進貨。
 336.1s [8月16日（週六） 下午 7:00]   shot 12_decision_outcome_supplier_price_increase.png
 336.1s [8月16日（週六） 下午 7:00]   click "OK"
 345.5s [8月16日（週六） 下午 7:14]   use "Sleep"
 346.1s [8月16日（週六） 下午 7:14]   click [Sleep] Sleep until 7:00 AM
 356.8s [8月17日（週日） 上午 7:14]   use "Packing table"
 357.5s [8月17日（週日） 上午 7:15]   click [Pack] 打包 18 筆訂單（2 小時 24 分）
 358.5s [8月17日（週日） 上午 9:40]   click [CourierEconomy] 快遞 · 經濟 3 天（$109.68）
 368.6s [8月17日（週日） 下午 7:13]   use "Sleep"
 369.2s [8月17日（週日） 下午 7:13]   click [Sleep] Sleep until 7:00 AM
 369.8s [8月17日（週日） 下午 10:25]   toast: 新評價 #2185：★「壞掉了，賣家不處理。」
 379.9s [8月18日（週一） 上午 7:14]   use "Packing table"
 380.6s [8月18日（週一） 上午 7:15]   click [Pack] 打包 14 筆訂單（1 小時 52 分）
 381.6s [8月18日（週一） 上午 9:08]   click [CourierEconomy] 快遞 · 經濟 3 天（$86.64）
 391.7s [8月18日（週一） 下午 7:13]   use "Sleep"
 392.3s [8月18日（週一） 下午 7:13]   click [Sleep] Sleep until 7:00 AM
 403.0s [8月19日（週二） 上午 7:14]   use "Packing table"
 403.7s [8月19日（週二） 上午 7:15]   click [Pack] 打包 20 筆訂單（2 小時 40 分）
 404.7s [8月19日（週二） 上午 9:56]   click [CourierEconomy] 快遞 · 經濟 3 天（$121.20）
 414.8s [8月19日（週二） 下午 7:13]   use "Sleep"
 415.4s [8月19日（週二） 下午 7:13]   click [Sleep] Sleep until 7:00 AM
 426.1s [8月20日（週三） 上午 7:14]   use "Packing table"
 426.8s [8月20日（週三） 上午 7:15]   click [Pack] 打包 15 筆訂單（2 h）
 427.8s [8月20日（週三） 上午 9:16]   click [CourierEconomy] 快遞 · 經濟 3 天（$92.40）
 437.9s [8月20日（週三） 下午 7:13]   use "Sleep"
 438.5s [8月20日（週三） 下午 7:13]   click [Sleep] Sleep until 7:00 AM
 449.2s [8月21日（週四） 上午 7:14]   use "Packing table"
 449.9s [8月21日（週四） 上午 7:15]   click [Pack] 打包 18 筆訂單（2 小時 24 分）
 450.9s [8月21日（週四） 上午 9:40]   click [CourierEconomy] 快遞 · 經濟 3 天（$109.68）
 452.2s [8月21日（週四） 下午 2:45]   toast: 新評價 #2271：★「壞掉了，賣家不處理。」
 461.0s [8月21日（週四） 下午 7:13]   use "Sleep"
 461.6s [8月21日（週四） 下午 7:13]   click [Sleep] Sleep until 7:00 AM
 472.3s [8月22日（週五） 上午 7:14]   use "Packing table"
 473.0s [8月22日（週五） 上午 7:15]   click [Pack] 打包 10 筆訂單（1 小時 20 分）
 474.0s [8月22日（週五） 上午 8:36]   click [CourierEconomy] 快遞 · 經濟 3 天（$63.60）
 476.7s [8月22日（週五） 上午 8:40]   use "Use laptop — Company OS"
 477.4s [8月22日（週五） 上午 8:41]   click [Tab_operations] Operations
 478.2s [8月22日（週五） 上午 8:43]   click [DeliverTo_riverside_studio] 河濱大樓 7C
 478.5s [8月22日（週五） 上午 8:43]   click [Buy_tradelink_wholesale_phone_stand] 購買 $304.80
 478.9s [8月22日（週五） 上午 8:54]   click [Buy_tradelink_wholesale_phone_stand] 購買 $304.80
 487.4s [8月22日（週五） 下午 7:11]   use "Sleep"
 488.0s [8月22日（週五） 下午 7:11]   click [Sleep] Sleep until 7:00 AM
 498.7s [8月23日（週六） 上午 7:14]   use "Packing table"
 499.4s [8月23日（週六） 上午 7:15]   click [Pack] 打包 17 筆訂單（2 小時 16 分）
 500.4s [8月23日（週六） 上午 9:32]   click [CourierEconomy] 快遞 · 經濟 3 天（$103.92）
 510.5s [8月23日（週六） 下午 7:13]   use "Sleep"
 511.1s [8月23日（週六） 下午 7:13]   click [Sleep] Sleep until 7:00 AM
 521.9s [8月24日（週日） 上午 7:14]   use "Packing table"
 522.6s [8月24日（週日） 上午 7:15]   click [Pack] 打包 15 筆訂單（2 h）
 523.5s [8月24日（週日） 上午 9:16]   click [CourierEconomy] 快遞 · 經濟 3 天（$92.40）
 533.7s [8月24日（週日） 下午 7:13]   use "Sleep"
 534.2s [8月24日（週日） 下午 7:13]   click [Sleep] Sleep until 7:00 AM
 545.0s [8月25日（週一） 上午 7:14]   use "Packing table"
 545.7s [8月25日（週一） 上午 7:15]   click [Pack] 打包 17 筆訂單（2 小時 16 分）
 546.7s [8月25日（週一） 上午 9:32]   click [CourierEconomy] 快遞 · 經濟 3 天（$103.92）
 556.8s [8月25日（週一） 下午 7:13]   use "Sleep"
 557.4s [8月25日（週一） 下午 7:13]   click [Sleep] Sleep until 7:00 AM
 568.1s [8月26日（週二） 上午 7:14]   use "Packing table"
 568.8s [8月26日（週二） 上午 7:15]   click [Pack] 打包 20 筆訂單（2 小時 40 分）
 569.7s [8月26日（週二） 上午 9:56]   click [CourierEconomy] 快遞 · 經濟 3 天（$121.20）
 572.5s [8月26日（週二） 上午 10:00]   use "Use laptop — Company OS"
 573.2s [8月26日（週二） 上午 10:01]   click [Tab_operations] Operations
 574.0s [8月26日（週二） 上午 10:03]   click [DeliverTo_riverside_studio] 河濱大樓 7C
 574.3s [8月26日（週二） 上午 10:03]   click [Buy_tradelink_wholesale_wireless_earbuds] 購買 $1,008.50
 574.6s [8月26日（週二） 上午 10:14]   click [Buy_tradelink_wholesale_wireless_earbuds] 購買 $1,008.50
 575.0s [8月26日（週二） 上午 10:24]   click [Buy_tradelink_wholesale_desk_lamp] 購買 $515.60
 575.3s [8月26日（週二） 上午 10:35]   click [Buy_tradelink_wholesale_desk_lamp] 購買 $515.60
 583.8s [8月26日（週二） 下午 7:11]   use "Sleep"
 584.4s [8月26日（週二） 下午 7:11]   click [Sleep] Sleep until 7:00 AM
 595.2s [8月27日（週三） 上午 7:14]   use "Packing table"
 595.8s [8月27日（週三） 上午 7:15]   click [Pack] 打包 13 筆訂單（1 小時 44 分）
 596.8s [8月27日（週三） 上午 9:00]   click [CourierEconomy] 快遞 · 經濟 3 天（$80.88）
 606.9s [8月27日（週三） 下午 7:13]   use "Sleep"
 607.5s [8月27日（週三） 下午 7:13]   click [Sleep] Sleep until 7:00 AM
 618.2s [8月28日（週四） 上午 7:14]   use "Packing table"
 618.9s [8月28日（週四） 上午 7:15]   click [Pack] 打包 12 筆訂單（1 小時 36 分）
 619.9s [8月28日（週四） 上午 8:52]   click [CourierEconomy] 快遞 · 經濟 3 天（$75.12）
 622.7s [8月28日（週四） 上午 8:56]   use "Use laptop — Company OS"
 623.3s [8月28日（週四） 上午 8:57]   click [Tab_operations] Operations
 624.1s [8月28日（週四） 上午 8:59]   click [DeliverTo_riverside_studio] 河濱大樓 7C
 624.5s [8月28日（週四） 上午 8:59]   click [Buy_tradelink_wholesale_water_bottle] 購買 $526.80
 633.0s [8月28日（週四） 下午 7:12]   use "Sleep"
 633.6s [8月28日（週四） 下午 7:12]   click [Sleep] Sleep until 7:00 AM
 644.4s [8月29日（週五） 上午 7:14]   use "Packing table"
 645.1s [8月29日（週五） 上午 7:15]   click [Pack] 打包 20 筆訂單（2 小時 40 分）
 646.0s [8月29日（週五） 上午 9:56]   click [CourierEconomy] 快遞 · 經濟 3 天（$121.20）
 656.1s [8月29日（週五） 下午 7:13]   use "Sleep"
 656.7s [8月29日（週五） 下午 7:13]   click [Sleep] Sleep until 7:00 AM
 667.5s [8月30日（週六） 上午 7:14]   use "Packing table"
 668.2s [8月30日（週六） 上午 7:15]   click [Pack] 打包 14 筆訂單（1 小時 52 分）
 669.1s [8月30日（週六） 上午 9:08]   click [CourierEconomy] 快遞 · 經濟 3 天（$97.44）
 670.5s [8月30日（週六） 下午 7:00]   shot 13_competing_job_offer.png
 670.5s [8月30日（週六） 下午 7:00]   retention budget release
 670.5s [8月30日（週六） 下午 7:00]   click [ReleaseEmployee] Let them take the job
 679.9s [8月30日（週六） 下午 7:14]   use "Sleep"
 680.5s [8月30日（週六） 下午 7:14]   click [Sleep] Sleep until 7:00 AM
 682.5s [8月31日（週日） 上午 7:00]   shot 14_decision_customer_return.png
 682.5s [8月31日（週日） 上午 7:00]   decision customer_return → replace
 682.5s [8月31日（週日） 上午 7:00]   click [Choice_replace] 寄一個新的
 683.9s [8月31日（週日） 上午 7:00]   shot 15_decision_outcome_customer_return.png
 683.9s [8月31日（週日） 上午 7:00]   click "OK"
 693.3s [8月31日（週日） 上午 7:13]   use "Packing table"
 694.0s [8月31日（週日） 上午 7:15]   click [Pack] 打包 24 筆訂單（3 小時 12 分）
 695.0s [8月31日（週日） 上午 10:28]   click [CourierEconomy] 快遞 · 經濟 3 天（$155.04）
 705.1s [8月31日（週日） 下午 7:13]   use "Sleep"
 705.7s [8月31日（週日） 下午 7:13]   click [Sleep] Sleep until 7:00 AM
 709.2s [9月1日（週一） 上午 7:00]   shot 16_month_close_report.png
 709.2s [9月1日（週一） 上午 7:00]   click [month close] Continue
 709.8s [9月1日（週一） 上午 7:00]   shot 17_decision_customer_return.png
 709.8s [9月1日（週一） 上午 7:00]   decision customer_return → replace
 709.8s [9月1日（週一） 上午 7:00]   click [Choice_replace] 寄一個新的
 711.2s [9月1日（週一） 上午 7:00]   shot 18_decision_outcome_customer_return.png
 711.2s [9月1日（週一） 上午 7:00]   click "OK"
 711.8s [9月1日（週一） 上午 7:00]   shot 19_decision_customer_return.png
 711.8s [9月1日（週一） 上午 7:00]   decision customer_return → replace
 711.8s [9月1日（週一） 上午 7:00]   click [Choice_replace] 寄一個新的
 713.2s [9月1日（週一） 上午 7:00]   shot 20_decision_outcome_customer_return.png
 713.2s [9月1日（週一） 上午 7:00]   click "OK"
 722.7s [9月1日（週一） 上午 7:14]   use "Packing table"
 723.4s [9月1日（週一） 上午 7:15]   click [Pack] 打包 18 筆訂單（2 小時 24 分）
 724.3s [9月1日（週一） 上午 9:40]   click [CourierEconomy] 快遞 · 經濟 3 天（$120.48）
 725.7s [9月1日（週一） 下午 7:00]   shot 21_decision_customer_return.png
 725.7s [9月1日（週一） 下午 7:00]   decision customer_return → replace
 725.7s [9月1日（週一） 下午 7:00]   click [Choice_replace] 寄一個新的
 727.2s [9月1日（週一） 下午 7:00]   shot 22_decision_outcome_customer_return.png
 727.2s [9月1日（週一） 下午 7:00]   click "OK"
 736.6s [9月1日（週一） 下午 7:14]   use "Sleep"
 737.2s [9月1日（週一） 下午 7:14]   click [Sleep] Sleep until 7:00 AM
 748.0s [9月2日（週二） 上午 7:14]   use "Packing table"
 748.7s [9月2日（週二） 上午 7:15]   click [Pack] 打包 20 筆訂單（2 小時 40 分）
 749.6s [9月2日（週二） 上午 9:56]   click [CourierEconomy] 快遞 · 經濟 3 天（$139.20）
 759.7s [9月2日（週二） 下午 7:13]   use "Sleep"
 760.3s [9月2日（週二） 下午 7:13]   click [Sleep] Sleep until 7:00 AM
 771.1s [9月3日（週三） 上午 7:14]   use "Packing table"
 771.8s [9月3日（週三） 上午 7:15]   click [Pack] 打包 28 筆訂單（3 小時 44 分）
 772.7s [9月3日（週三） 上午 11:00]   click [CourierEconomy] 快遞 · 經濟 3 天（$181.68）
 782.8s [9月3日（週三） 下午 7:13]   use "Sleep"
 783.4s [9月3日（週三） 下午 7:13]   click [Sleep] Sleep until 7:00 AM
 794.2s [9月4日（週四） 上午 7:14]   use "Packing table"
 794.9s [9月4日（週四） 上午 7:15]   click [Pack] 打包 16 筆訂單（2 小時 8 分）
 795.8s [9月4日（週四） 上午 9:24]   click [CourierEconomy] 快遞 · 經濟 3 天（$101.76）
 805.9s [9月4日（週四） 下午 7:13]   use "Sleep"
 806.5s [9月4日（週四） 下午 7:13]   click [Sleep] Sleep until 7:00 AM
 808.4s [9月5日（週五） 上午 7:00]   shot 23_decision_customer_return.png
 808.4s [9月5日（週五） 上午 7:00]   decision customer_return → replace
 808.4s [9月5日（週五） 上午 7:00]   click [Choice_replace] 寄一個新的
 809.8s [9月5日（週五） 上午 7:00]   shot 24_decision_outcome_customer_return.png
 809.8s [9月5日（週五） 上午 7:00]   click "OK"
 819.2s [9月5日（週五） 上午 7:13]   use "Packing table"
 819.9s [9月5日（週五） 上午 7:15]   click [Pack] 打包 41 筆訂單（5 小時 28 分）
 820.9s [9月5日（週五） 下午 12:44]   click [CourierEconomy] 快遞 · 經濟 3 天（$278.16）
 822.2s [9月5日（週五） 下午 12:45]   shot 25_decision_customer_return.png
 822.2s [9月5日（週五） 下午 12:45]   decision customer_return → replace
 822.2s [9月5日（週五） 下午 12:45]   click [Choice_replace] 寄一個新的
 823.6s [9月5日（週五） 下午 12:45]   shot 26_decision_outcome_customer_return.png
 823.6s [9月5日（週五） 下午 12:45]   click "OK"
 833.0s [9月5日（週五） 下午 7:14]   use "Sleep"
 833.6s [9月5日（週五） 下午 7:14]   click [Sleep] Sleep until 7:00 AM
 838.3s [9月6日（週六） 上午 7:05]   shot 27_decision_customer_return.png
 838.3s [9月6日（週六） 上午 7:05]   decision customer_return → replace
 838.3s [9月6日（週六） 上午 7:05]   click [Choice_replace] 寄一個新的
 839.7s [9月6日（週六） 上午 7:05]   shot 28_decision_outcome_customer_return.png
 839.7s [9月6日（週六） 上午 7:05]   click "OK"
 840.3s [9月6日（週六） 上午 7:05]   use "Packing table"
 841.0s [9月6日（週六） 上午 7:06]   click [Pack] 打包 19 筆訂單（2 小時 32 分）
 842.0s [9月6日（週六） 上午 9:40]   click [CourierEconomy] 快遞 · 經濟 3 天（$133.44）
 844.8s [9月6日（週六） 上午 9:44]   use "Use laptop — Company OS"
 845.4s [9月6日（週六） 上午 9:45]   click [Tab_operations] Operations
 846.2s [9月6日（週六） 上午 9:46]   click [DeliverTo_riverside_studio] 河濱大樓 7C
 846.6s [9月6日（週六） 上午 9:47]   click [Buy_tradelink_wholesale_water_bottle] 購買 $524.40
 846.9s [9月6日（週六） 上午 9:57]   click [Buy_tradelink_wholesale_water_bottle] 購買 $524.40
 855.4s [9月6日（週六） 下午 7:12]   use "Sleep"
 856.0s [9月6日（週六） 下午 7:12]   click [Sleep] Sleep until 7:00 AM
 857.9s [9月7日（週日） 上午 7:00]   shot 29_decision_customer_return.png
 857.9s [9月7日（週日） 上午 7:00]   decision customer_return → replace
 857.9s [9月7日（週日） 上午 7:00]   click [Choice_replace] 寄一個新的
 859.3s [9月7日（週日） 上午 7:00]   shot 30_decision_outcome_customer_return.png
 859.3s [9月7日（週日） 上午 7:00]   click "OK"
 859.9s [9月7日（週日） 上午 7:00]   shot 31_decision_customer_return.png
 859.9s [9月7日（週日） 上午 7:00]   decision customer_return → replace
 859.9s [9月7日（週日） 上午 7:00]   click [Choice_replace] 寄一個新的
 861.3s [9月7日（週日） 上午 7:00]   shot 32_decision_outcome_customer_return.png
 861.3s [9月7日（週日） 上午 7:00]   click "OK"
 861.9s [9月7日（週日） 上午 7:00]   shot 33_decision_customer_return.png
 861.9s [9月7日（週日） 上午 7:00]   decision customer_return → replace
 861.9s [9月7日（週日） 上午 7:00]   click [Choice_replace] 寄一個新的
 863.3s [9月7日（週日） 上午 7:00]   shot 34_decision_outcome_customer_return.png
 863.3s [9月7日（週日） 上午 7:00]   click "OK"
 872.7s [9月7日（週日） 上午 7:14]   use "Packing table"
 873.4s [9月7日（週日） 上午 7:15]   click [Pack] 打包 19 筆訂單（2 小時 32 分）
 874.4s [9月7日（週日） 上午 9:48]   click [CourierEconomy] 快遞 · 經濟 3 天（$119.04）
 884.5s [9月7日（週日） 下午 7:13]   use "Sleep"
 885.1s [9月7日（週日） 下午 7:13]   click [Sleep] Sleep until 7:00 AM
 895.9s [9月8日（週一） 上午 7:14]   use "Packing table"
 896.6s [9月8日（週一） 上午 7:15]   click [Pack] 打包 21 筆訂單（2 小時 48 分）
 897.5s [9月8日（週一） 上午 10:04]   click [CourierEconomy] 快遞 · 經濟 3 天（$137.76）
 907.7s [9月8日（週一） 下午 7:13]   use "Sleep"
 908.3s [9月8日（週一） 下午 7:13]   click [Sleep] Sleep until 7:00 AM
 919.0s [9月9日（週二） 上午 7:14]   use "Packing table"
 919.7s [9月9日（週二） 上午 7:15]   click [Pack] 打包 23 筆訂單（3 小時 4 分）
 920.6s [9月9日（週二） 上午 10:20]   click [CourierEconomy] 快遞 · 經濟 3 天（$160.08）
 930.7s [9月9日（週二） 下午 7:13]   use "Sleep"
 931.3s [9月9日（週二） 下午 7:13]   click [Sleep] Sleep until 7:00 AM
 933.3s [9月10日（週三） 上午 7:00]   shot 35_decision_customer_return.png
 933.3s [9月10日（週三） 上午 7:00]   decision customer_return → replace
 933.3s [9月10日（週三） 上午 7:00]   click [Choice_replace] 寄一個新的
 934.7s [9月10日（週三） 上午 7:00]   shot 36_decision_outcome_customer_return.png
 934.7s [9月10日（週三） 上午 7:00]   click "OK"
 944.1s [9月10日（週三） 上午 7:14]   use "Packing table"
 944.8s [9月10日（週三） 上午 7:15]   click [Pack] 打包 28 筆訂單（3 小時 44 分）
 945.8s [9月10日（週三） 上午 11:00]   click [CourierEconomy] 快遞 · 經濟 3 天（$181.68）
 947.2s [9月10日（週三） 下午 7:00]   shot 37_decision_customer_return.png
 947.2s [9月10日（週三） 下午 7:00]   decision customer_return → replace
 947.2s [9月10日（週三） 下午 7:00]   click [Choice_replace] 寄一個新的
 948.6s [9月10日（週三） 下午 7:00]   shot 38_decision_outcome_customer_return.png
 948.6s [9月10日（週三） 下午 7:00]   click "OK"
 958.0s [9月10日（週三） 下午 7:13]   use "Sleep"
 958.6s [9月10日（週三） 下午 7:14]   click [Sleep] Sleep until 7:00 AM
 960.6s [9月11日（週四） 上午 7:00]   shot 39_decision_customer_return.png
 960.6s [9月11日（週四） 上午 7:00]   decision customer_return → replace
 960.6s [9月11日（週四） 上午 7:00]   click [Choice_replace] 寄一個新的
 962.0s [9月11日（週四） 上午 7:00]   shot 40_decision_outcome_customer_return.png
 962.0s [9月11日（週四） 上午 7:00]   click "OK"
 962.6s [9月11日（週四） 上午 7:00]   shot 41_decision_customer_return.png
 962.6s [9月11日（週四） 上午 7:00]   decision customer_return → replace
 962.6s [9月11日（週四） 上午 7:00]   click [Choice_replace] 寄一個新的
 964.0s [9月11日（週四） 上午 7:00]   shot 42_decision_outcome_customer_return.png
 964.0s [9月11日（週四） 上午 7:00]   click "OK"
 964.6s [9月11日（週四） 上午 7:00]   shot 43_decision_customer_return.png
 964.6s [9月11日（週四） 上午 7:00]   decision customer_return → replace
 964.6s [9月11日（週四） 上午 7:00]   click [Choice_replace] 寄一個新的
 966.0s [9月11日（週四） 上午 7:00]   shot 44_decision_outcome_customer_return.png
 966.0s [9月11日（週四） 上午 7:00]   click "OK"
 966.6s [9月11日（週四） 上午 7:00]   shot 45_decision_customer_return.png
 966.6s [9月11日（週四） 上午 7:00]   decision customer_return → replace
 966.6s [9月11日（週四） 上午 7:00]   click [Choice_replace] 寄一個新的
 968.0s [9月11日（週四） 上午 7:00]   shot 46_decision_outcome_customer_return.png
 968.0s [9月11日（週四） 上午 7:00]   click "OK"
 977.5s [9月11日（週四） 上午 7:14]   use "Packing table"
 978.1s [9月11日（週四） 上午 7:15]   click [Pack] 打包 29 筆訂單（3 小時 52 分）
 979.1s [9月11日（週四） 上午 11:08]   click [CourierEconomy] 快遞 · 經濟 3 天（$187.44）
 980.5s [9月11日（週四） 下午 7:00]   shot 47_decision_supplier_price_increase.png
 980.5s [9月11日（週四） 下午 7:00]   decision supplier_price_increase → accept
 980.5s [9月11日（週四） 下午 7:00]   click [Choice_accept] 好。繼續跟你進貨。
 981.9s [9月11日（週四） 下午 7:00]   shot 48_decision_outcome_supplier_price_increase.png
 981.9s [9月11日（週四） 下午 7:00]   click "OK"
 991.4s [9月11日（週四） 下午 7:14]   use "Sleep"
 992.0s [9月11日（週四） 下午 7:14]   click [Sleep] Sleep until 7:00 AM
1002.7s [9月12日（週五） 上午 7:14]   use "Packing table"
1003.4s [9月12日（週五） 上午 7:15]   click [Pack] 打包 23 筆訂單（3 小時 4 分）
1004.4s [9月12日（週五） 上午 10:20]   click [CourierEconomy] 快遞 · 經濟 3 天（$149.28）
1007.2s [9月12日（週五） 上午 10:24]   use "Use laptop — Company OS"
1007.8s [9月12日（週五） 上午 10:25]   click [Tab_operations] Operations
1008.7s [9月12日（週五） 上午 10:27]   click [DeliverTo_riverside_studio] 河濱大樓 7C
1009.0s [9月12日（週五） 上午 10:27]   click [Buy_tradelink_wholesale_phone_stand] 購買 $304.80
1009.3s [9月12日（週五） 上午 10:38]   click [Buy_tradelink_wholesale_phone_stand] 購買 $304.80
1017.8s [9月12日（週五） 下午 7:11]   use "Sleep"
1018.4s [9月12日（週五） 下午 7:11]   click [Sleep] Sleep until 7:00 AM
1020.4s [9月13日（週六） 上午 7:00]   shot 49_decision_customer_return.png
1020.4s [9月13日（週六） 上午 7:00]   decision customer_return → replace
1020.4s [9月13日（週六） 上午 7:00]   click [Choice_replace] 寄一個新的
1021.8s [9月13日（週六） 上午 7:00]   shot 50_decision_outcome_customer_return.png
1021.8s [9月13日（週六） 上午 7:00]   click "OK"
1031.2s [9月13日（週六） 上午 7:14]   use "Packing table"
1031.9s [9月13日（週六） 上午 7:15]   click [Pack] 打包 22 筆訂單（2 小時 56 分）
1032.9s [9月13日（週六） 上午 10:12]   click [CourierEconomy] 快遞 · 經濟 3 天（$139.92）
1035.7s [9月13日（週六） 上午 10:16]   use "Use laptop — Company OS"
1036.3s [9月13日（週六） 上午 10:17]   click [Tab_operations] Operations
1037.2s [9月13日（週六） 上午 10:19]   click [DeliverTo_riverside_studio] 河濱大樓 7C
1037.6s [9月13日（週六） 上午 10:19]   click [Buy_tradelink_wholesale_wireless_earbuds] 購買 $1,011.50
1037.9s [9月13日（週六） 上午 10:30]   click [Buy_tradelink_wholesale_wireless_earbuds] 購買 $1,011.50
1038.3s [9月13日（週六） 上午 10:40]   click [Buy_tradelink_wholesale_desk_lamp] 購買 $516.80
1039.2s [9月13日（週六） 下午 7:00]   shot 51_decision_customer_return.png
1039.2s [9月13日（週六） 下午 7:00]   decision customer_return → replace
1039.2s [9月13日（週六） 下午 7:00]   click [Choice_replace] 寄一個新的
1040.6s [9月13日（週六） 下午 7:00]   shot 52_decision_outcome_customer_return.png
1040.6s [9月13日（週六） 下午 7:00]   click "OK"
1041.2s [9月13日（週六） 下午 7:00]   shot 53_decision_customer_return.png
1041.2s [9月13日（週六） 下午 7:00]   decision customer_return → replace
1041.2s [9月13日（週六） 下午 7:00]   click [Choice_replace] 寄一個新的
1042.7s [9月13日（週六） 下午 7:00]   shot 54_decision_outcome_customer_return.png
1042.7s [9月13日（週六） 下午 7:00]   click "OK"
1043.2s [9月13日（週六） 下午 7:00]   shot 55_decision_customer_return.png
1043.2s [9月13日（週六） 下午 7:00]   decision customer_return → replace
1043.2s [9月13日（週六） 下午 7:00]   click [Choice_replace] 寄一個新的
1044.7s [9月13日（週六） 下午 7:00]   shot 56_decision_outcome_customer_return.png
1044.7s [9月13日（週六） 下午 7:00]   click "OK"
1053.0s [9月13日（週六） 下午 7:12]   use "Sleep"
1053.6s [9月13日（週六） 下午 7:12]   click [Sleep] Sleep until 7:00 AM
1064.3s [9月14日（週日） 上午 7:14]   use "Packing table"
1065.0s [9月14日（週日） 上午 7:15]   click [Pack] 打包 28 筆訂單（3 小時 44 分）
1066.0s [9月14日（週日） 上午 11:00]   click [CourierEconomy] 快遞 · 經濟 3 天（$181.68）
1076.1s [9月14日（週日） 下午 7:13]   use "Sleep"
1076.7s [9月14日（週日） 下午 7:14]   click [Sleep] Sleep until 7:00 AM
1087.5s [9月15日（週一） 上午 7:14]   use "Packing table"
1088.2s [9月15日（週一） 上午 7:15]   click [Pack] 打包 15 筆訂單（2 h）
1089.1s [9月15日（週一） 上午 9:16]   click [CourierEconomy] 快遞 · 經濟 3 天（$96.00）
1099.3s [9月15日（週一） 下午 7:13]   use "Sleep"
1099.9s [9月15日（週一） 下午 7:13]   click [Sleep] Sleep until 7:00 AM
1110.6s [9月16日（週二） 上午 7:14]   use "Packing table"
1111.3s [9月16日（週二） 上午 7:15]   click [Pack] 打包 24 筆訂單（3 小時 12 分）
1112.3s [9月16日（週二） 上午 10:28]   click [CourierEconomy] 快遞 · 經濟 3 天（$158.64）
1113.7s [9月16日（週二） 下午 7:00]   shot 57_decision_customer_return.png
1113.7s [9月16日（週二） 下午 7:00]   decision customer_return → replace
1113.7s [9月16日（週二） 下午 7:00]   click [Choice_replace] 寄一個新的
1115.1s [9月16日（週二） 下午 7:00]   shot 58_decision_outcome_customer_return.png
1115.1s [9月16日（週二） 下午 7:00]   click "OK"
1124.5s [9月16日（週二） 下午 7:14]   use "Sleep"
1125.1s [9月16日（週二） 下午 7:14]   click [Sleep] Sleep until 7:00 AM
1135.9s [9月17日（週三） 上午 7:14]   use "Packing table"
1136.6s [9月17日（週三） 上午 7:15]   click [Pack] 打包 44 筆訂單（5 小時 52 分）
1137.6s [9月17日（週三） 下午 1:08]   click [CourierEconomy] 快遞 · 經濟 3 天（$302.64）
1147.7s [9月17日（週三） 下午 7:13]   use "Sleep"
1148.3s [9月17日（週三） 下午 7:13]   click [Sleep] Sleep until 7:00 AM
1150.3s [9月18日（週四） 上午 7:00]   shot 59_decision_customer_return.png
1150.3s [9月18日（週四） 上午 7:00]   decision customer_return → replace
1150.3s [9月18日（週四） 上午 7:00]   click [Choice_replace] 寄一個新的
1151.7s [9月18日（週四） 上午 7:00]   shot 60_decision_outcome_customer_return.png
1151.7s [9月18日（週四） 上午 7:00]   click "OK"
1152.3s [9月18日（週四） 上午 7:00]   shot 61_decision_customer_return.png
1152.3s [9月18日（週四） 上午 7:00]   decision customer_return → replace
1152.3s [9月18日（週四） 上午 7:00]   click [Choice_replace] 寄一個新的
1153.7s [9月18日（週四） 上午 7:00]   shot 62_decision_outcome_customer_return.png
1153.7s [9月18日（週四） 上午 7:00]   click "OK"
1163.1s [9月18日（週四） 上午 7:13]   use "Packing table"
1163.7s [9月18日（週四） 上午 7:15]   click [Pack] 打包 26 筆訂單（3 小時 28 分）
1164.7s [9月18日（週四） 上午 10:44]   click [CourierEconomy] 快遞 · 經濟 3 天（$166.56）
1174.8s [9月18日（週四） 下午 7:13]   use "Sleep"
1175.4s [9月18日（週四） 下午 7:13]   click [Sleep] Sleep until 7:00 AM
1186.2s [9月19日（週五） 上午 7:14]   use "Packing table"
1186.9s [9月19日（週五） 上午 7:15]   click [Pack] 打包 28 筆訂單（3 小時 44 分）
1187.8s [9月19日（週五） 上午 11:00]   click [CourierEconomy] 快遞 · 經濟 3 天（$178.08）
1190.6s [9月19日（週五） 上午 11:04]   use "Use laptop — Company OS"
1191.3s [9月19日（週五） 上午 11:05]   click [Tab_operations] Operations
1192.1s [9月19日（週五） 上午 11:07]   click [DeliverTo_riverside_studio] 河濱大樓 7C
1192.4s [9月19日（週五） 上午 11:07]   click [Buy_tradelink_wholesale_desk_lamp] 購買 $514.40
1192.8s [9月19日（週五） 上午 11:18]   click [Buy_tradelink_wholesale_desk_lamp] 購買 $514.40
1201.3s [9月19日（週五） 下午 7:11]   use "Sleep"
1201.9s [9月19日（週五） 下午 7:11]   click [Sleep] Sleep until 7:00 AM
1212.6s [9月20日（週六） 上午 7:14]   use "Packing table"
1213.3s [9月20日（週六） 上午 7:15]   click [Pack] 打包 30 筆訂單（4 h）
1214.3s [9月20日（週六） 上午 11:16]   click [CourierEconomy] 快遞 · 經濟 3 天（$200.40）
1224.4s [9月20日（週六） 下午 7:13]   use "Sleep"
1225.0s [9月20日（週六） 下午 7:13]   click [Sleep] Sleep until 7:00 AM
1227.0s [9月21日（週日） 上午 7:00]   shot 63_decision_customer_return.png
1227.0s [9月21日（週日） 上午 7:00]   decision customer_return → replace
1227.0s [9月21日（週日） 上午 7:00]   click [Choice_replace] 寄一個新的
1228.4s [9月21日（週日） 上午 7:00]   shot 64_decision_outcome_customer_return.png
1228.4s [9月21日（週日） 上午 7:00]   click "OK"
1237.8s [9月21日（週日） 上午 7:14]   use "Packing table"
1238.5s [9月21日（週日） 上午 7:15]   click [Pack] 打包 19 筆訂單（2 小時 32 分）
1239.5s [9月21日（週日） 上午 9:48]   click [CourierEconomy] 快遞 · 經濟 3 天（$126.24）
1240.9s [9月21日（週日） 下午 7:00]   shot 65_decision_customer_return.png
1240.9s [9月21日（週日） 下午 7:00]   decision customer_return → replace
1240.9s [9月21日（週日） 下午 7:00]   click [Choice_replace] 寄一個新的
1242.3s [9月21日（週日） 下午 7:00]   shot 66_decision_outcome_customer_return.png
1242.3s [9月21日（週日） 下午 7:00]   click "OK"
1251.7s [9月21日（週日） 下午 7:14]   use "Sleep"
1252.3s [9月21日（週日） 下午 7:14]   click [Sleep] Sleep until 7:00 AM
1263.1s [9月22日（週一） 上午 7:14]   use "Packing table"
1263.8s [9月22日（週一） 上午 7:15]   click [Pack] 打包 38 筆訂單（5 小時 4 分）
1264.8s [9月22日（週一） 下午 12:20]   click [CourierEconomy] 快遞 · 經濟 3 天（$246.48）
1275.0s [9月22日（週一） 下午 7:13]   use "Sleep"
1275.6s [9月22日（週一） 下午 7:13]   click [Sleep] Sleep until 7:00 AM
1277.5s [9月23日（週二） 上午 7:00]   shot 67_decision_customer_return.png
1277.5s [9月23日（週二） 上午 7:00]   decision customer_return → replace
1277.5s [9月23日（週二） 上午 7:00]   click [Choice_replace] 寄一個新的
1278.9s [9月23日（週二） 上午 7:00]   shot 68_decision_outcome_customer_return.png
1278.9s [9月23日（週二） 上午 7:00]   click "OK"
1279.5s [9月23日（週二） 上午 7:00]   shot 69_decision_customer_return.png
1279.5s [9月23日（週二） 上午 7:00]   decision customer_return → replace
1279.5s [9月23日（週二） 上午 7:00]   click [Choice_replace] 寄一個新的
1280.9s [9月23日（週二） 上午 7:00]   shot 70_decision_outcome_customer_return.png
1280.9s [9月23日（週二） 上午 7:00]   click "OK"
1281.5s [9月23日（週二） 上午 7:00]   shot 71_decision_customer_return.png
1281.5s [9月23日（週二） 上午 7:00]   decision customer_return → replace
1281.5s [9月23日（週二） 上午 7:00]   click [Choice_replace] 寄一個新的
1282.9s [9月23日（週二） 上午 7:00]   shot 72_decision_outcome_customer_return.png
1282.9s [9月23日（週二） 上午 7:00]   click "OK"
1292.3s [9月23日（週二） 上午 7:13]   use "Packing table"
1293.0s [9月23日（週二） 上午 7:15]   click [Pack] 打包 31 筆訂單（4 小時 8 分）
1294.0s [9月23日（週二） 上午 11:24]   click [CourierEconomy] 快遞 · 經濟 3 天（$216.96）
1295.2s [9月23日（週二） 上午 11:25]   shot 73_decision_customer_return.png
1295.2s [9月23日（週二） 上午 11:25]   decision customer_return → replace
1295.2s [9月23日（週二） 上午 11:25]   click [Choice_replace] 寄一個新的
1296.6s [9月23日（週二） 上午 11:25]   shot 74_decision_outcome_customer_return.png
1296.6s [9月23日（週二） 上午 11:25]   click "OK"
1298.7s [9月23日（週二） 上午 11:28]   use "Use laptop — Company OS"
1299.4s [9月23日（週二） 上午 11:29]   click [Tab_operations] Operations
1300.2s [9月23日（週二） 上午 11:30]   click [DeliverTo_riverside_studio] 河濱大樓 7C
1300.6s [9月23日（週二） 上午 11:30]   click [Buy_tradelink_wholesale_water_bottle] 購買 $523.80
1300.9s [9月23日（週二） 上午 11:41]   click [Buy_tradelink_wholesale_water_bottle] 購買 $523.80
1309.4s [9月23日（週二） 下午 7:12]   use "Sleep"
1310.1s [9月23日（週二） 下午 7:12]   click [Sleep] Sleep until 7:00 AM
1320.8s [9月24日（週三） 上午 7:14]   use "Packing table"
1321.5s [9月24日（週三） 上午 7:15]   click [Pack] 打包 28 筆訂單（3 小時 44 分）
1322.5s [9月24日（週三） 上午 11:00]   click [CourierEconomy] 快遞 · 經濟 3 天（$188.88）
1323.7s [9月24日（週三） 上午 11:02]   shot 75_decision_customer_return.png
1323.7s [9月24日（週三） 上午 11:02]   decision customer_return → replace
1323.7s [9月24日（週三） 上午 11:02]   click [Choice_replace] 寄一個新的
1325.1s [9月24日（週三） 上午 11:02]   shot 76_decision_outcome_customer_return.png
1325.1s [9月24日（週三） 上午 11:02]   click "OK"
1325.7s [9月24日（週三） 上午 11:21]   toast: 新評價 #3017：★「壞掉了，賣家不處理。」
1334.6s [9月24日（週三） 下午 7:14]   use "Sleep"
1335.2s [9月24日（週三） 下午 7:14]   click [Sleep] Sleep until 7:00 AM
1337.1s [9月25日（週四） 上午 7:00]   shot 77_decision_customer_return.png
1337.1s [9月25日（週四） 上午 7:00]   decision customer_return → replace
1337.1s [9月25日（週四） 上午 7:00]   click [Choice_replace] 寄一個新的
1338.6s [9月25日（週四） 上午 7:00]   shot 78_decision_outcome_customer_return.png
1338.6s [9月25日（週四） 上午 7:00]   click "OK"
1339.1s [9月25日（週四） 上午 7:00]   shot 79_decision_customer_return.png
1339.1s [9月25日（週四） 上午 7:00]   decision customer_return → replace
1339.1s [9月25日（週四） 上午 7:00]   click [Choice_replace] 寄一個新的
1340.6s [9月25日（週四） 上午 7:00]   shot 80_decision_outcome_customer_return.png
1340.6s [9月25日（週四） 上午 7:00]   click "OK"
1341.1s [9月25日（週四） 上午 7:00]   shot 81_decision_customer_return.png
1341.1s [9月25日（週四） 上午 7:00]   decision customer_return → replace
1341.1s [9月25日（週四） 上午 7:00]   click [Choice_replace] 寄一個新的
1342.5s [9月25日（週四） 上午 7:00]   shot 82_decision_outcome_customer_return.png
1342.6s [9月25日（週四） 上午 7:00]   click "OK"
1343.1s [9月25日（週四） 上午 7:00]   shot 83_decision_customer_return.png
1343.1s [9月25日（週四） 上午 7:00]   decision customer_return → replace
1343.1s [9月25日（週四） 上午 7:00]   click [Choice_replace] 寄一個新的
1344.6s [9月25日（週四） 上午 7:00]   shot 84_decision_outcome_customer_return.png
1344.6s [9月25日（週四） 上午 7:00]   click "OK"
1354.0s [9月25日（週四） 上午 7:14]   use "Packing table"
1354.7s [9月25日（週四） 上午 7:15]   click [Pack] 打包 36 筆訂單（4 小時 48 分）
1355.7s [9月25日（週四） 下午 12:04]   click [CourierEconomy] 快遞 · 經濟 3 天（$242.16）
1357.0s [9月25日（週四） 下午 7:00]   shot 85_decision_customer_return.png
1357.0s [9月25日（週四） 下午 7:00]   decision customer_return → replace
1357.0s [9月25日（週四） 下午 7:00]   click [Choice_replace] 寄一個新的
1358.5s [9月25日（週四） 下午 7:00]   shot 86_decision_outcome_customer_return.png
1358.5s [9月25日（週四） 下午 7:00]   click "OK"
1367.9s [9月25日（週四） 下午 7:14]   use "Sleep"
1368.5s [9月25日（週四） 下午 7:14]   click [Sleep] Sleep until 7:00 AM
1379.3s [9月26日（週五） 上午 7:14]   use "Packing table"
1380.0s [9月26日（週五） 上午 7:15]   click [Pack] 打包 36 筆訂單（4 小時 48 分）
1381.0s [9月26日（週五） 下午 12:04]   click [CourierEconomy] 快遞 · 經濟 3 天（$249.36）
1382.2s [9月26日（週五） 下午 12:06]   shot 87_decision_customer_return.png
1382.2s [9月26日（週五） 下午 12:06]   decision customer_return → replace
1382.2s [9月26日（週五） 下午 12:06]   click [Choice_replace] 寄一個新的
1383.6s [9月26日（週五） 下午 12:06]   shot 88_decision_outcome_customer_return.png
1383.6s [9月26日（週五） 下午 12:06]   click "OK"
1385.8s [9月26日（週五） 下午 12:09]   use "Use laptop — Company OS"
1386.5s [9月26日（週五） 下午 12:10]   click [Tab_operations] Operations
1387.3s [9月26日（週五） 下午 12:11]   click [DeliverTo_riverside_studio] 河濱大樓 7C
1387.6s [9月26日（週五） 下午 12:11]   click [Buy_tradelink_wholesale_wireless_earbuds] 購買 $1,005.50
1388.0s [9月26日（週五） 下午 12:22]   click [Buy_tradelink_wholesale_wireless_earbuds] 購買 $1,005.50
1388.9s [9月26日（週五） 下午 7:00]   shot 89_decision_customer_return.png
1388.9s [9月26日（週五） 下午 7:00]   decision customer_return → replace
1388.9s [9月26日（週五） 下午 7:00]   click [Choice_replace] 寄一個新的
1390.3s [9月26日（週五） 下午 7:00]   shot 90_decision_outcome_customer_return.png
1390.3s [9月26日（週五） 下午 7:00]   click "OK"
1398.6s [9月26日（週五） 下午 7:12]   use "Sleep"
1399.2s [9月26日（週五） 下午 7:12]   click [Sleep] Sleep until 7:00 AM
1410.0s [9月27日（週六） 上午 7:14]   use "Packing table"
1410.7s [9月27日（週六） 上午 7:15]   click [Pack] 打包 17 筆訂單（2 小時 16 分）
1411.7s [9月27日（週六） 上午 9:32]   click [CourierEconomy] 快遞 · 經濟 3 天（$111.12）
1421.8s [9月27日（週六） 下午 7:13]   use "Sleep"
1422.4s [9月27日（週六） 下午 7:13]   click [Sleep] Sleep until 7:00 AM
1433.2s [9月28日（週日） 上午 7:14]   use "Packing table"
1433.9s [9月28日（週日） 上午 7:15]   click [Pack] 打包 14 筆訂單（1 小時 52 分）
1434.9s [9月28日（週日） 上午 9:08]   click [CourierEconomy] 快遞 · 經濟 3 天（$90.24）
1436.3s [9月28日（週日） 下午 7:00]   shot 91_decision_customer_return.png
1436.3s [9月28日（週日） 下午 7:00]   decision customer_return → replace
1436.3s [9月28日（週日） 下午 7:00]   click [Choice_replace] 寄一個新的
1437.7s [9月28日（週日） 下午 7:00]   shot 92_decision_outcome_customer_return.png
1437.7s [9月28日（週日） 下午 7:00]   click "OK"
1447.1s [9月28日（週日） 下午 7:13]   use "Sleep"
1447.7s [9月28日（週日） 下午 7:14]   click [Sleep] Sleep until 7:00 AM
1458.5s [9月29日（週一） 上午 7:14]   use "Packing table"
1459.2s [9月29日（週一） 上午 7:15]   click [Pack] 打包 26 筆訂單（3 小時 28 分）
1460.1s [9月29日（週一） 上午 10:44]   click [CourierEconomy] 快遞 · 經濟 3 天（$170.16）
1461.6s [9月29日（週一） 下午 7:00]   shot 93_decision_customer_return.png
1461.6s [9月29日（週一） 下午 7:00]   decision customer_return → replace
1461.6s [9月29日（週一） 下午 7:00]   click [Choice_replace] 寄一個新的
1463.0s [9月29日（週一） 下午 7:00]   shot 94_decision_outcome_customer_return.png
1463.0s [9月29日（週一） 下午 7:00]   click "OK"
1463.6s [9月29日（週一） 下午 7:00]   shot 95_decision_customer_return.png
1463.6s [9月29日（週一） 下午 7:00]   decision customer_return → replace
1463.6s [9月29日（週一） 下午 7:00]   click [Choice_replace] 寄一個新的
1465.0s [9月29日（週一） 下午 7:00]   shot 96_decision_outcome_customer_return.png
1465.0s [9月29日（週一） 下午 7:00]   click "OK"
1474.4s [9月29日（週一） 下午 7:13]   use "Sleep"
1475.0s [9月29日（週一） 下午 7:14]   click [Sleep] Sleep until 7:00 AM
1476.9s [9月30日（週二） 上午 7:00]   shot 97_decision_customer_return.png
1476.9s [9月30日（週二） 上午 7:00]   decision customer_return → replace
1476.9s [9月30日（週二） 上午 7:00]   click [Choice_replace] 寄一個新的
1478.4s [9月30日（週二） 上午 7:00]   shot 98_decision_outcome_customer_return.png
1478.4s [9月30日（週二） 上午 7:00]   click "OK"
1487.8s [9月30日（週二） 上午 7:14]   use "Packing table"
1488.5s [9月30日（週二） 上午 7:15]   click [Pack] 打包 30 筆訂單（4 h）
1489.5s [9月30日（週二） 上午 11:16]   click [CourierEconomy] 快遞 · 經濟 3 天（$189.60）
1492.3s [9月30日（週二） 上午 11:20]   use "Use laptop — Company OS"
1493.0s [9月30日（週二） 上午 11:21]   click [Tab_operations] Operations
1493.8s [9月30日（週二） 上午 11:23]   click [DeliverTo_riverside_studio] 河濱大樓 7C
1494.2s [9月30日（週二） 上午 11:23]   click [Buy_tradelink_wholesale_phone_stand] 購買 $303.20
1494.6s [9月30日（週二） 上午 11:34]   click [Buy_tradelink_wholesale_phone_stand] 購買 $303.20
1503.1s [9月30日（週二） 下午 7:11]   use "Sleep"
1503.7s [9月30日（週二） 下午 7:11]   click [Sleep] Sleep until 7:00 AM
1507.6s [10月1日（週三） 上午 7:00]   shot 99_month_close_report.png
1507.6s [10月1日（週三） 上午 7:00]   click [month close] Continue
1508.4s [10月1日（週三） 上午 7:00]   shot 100_decision_customer_return.png
1508.4s [10月1日（週三） 上午 7:00]   decision customer_return → replace
1508.4s [10月1日（週三） 上午 7:00]   click [Choice_replace] 寄一個新的
1509.9s [10月1日（週三） 上午 7:00]   shot 101_decision_outcome_customer_return.png
1509.9s [10月1日（週三） 上午 7:00]   click "OK"
1519.3s [10月1日（週三） 上午 7:14]   use "Packing table"
1520.0s [10月1日（週三） 上午 7:15]   click [Pack] 打包 30 筆訂單（4 h）
1521.0s [10月1日（週三） 上午 11:16]   click [CourierEconomy] 快遞 · 經濟 3 天（$146.40）
1522.2s [10月1日（週三） 上午 11:18]   ok  Chapter 7 complete
1522.2s [10月1日（週三） 上午 11:18]   ok  Chapter 7 passed with real profit, not two losses
1522.2s [10月1日（週三） 上午 11:18]   ch7_month_profit set from actual ledger profit $3,645; survived_losses=false
1522.2s [10月1日（週三） 上午 11:18]   ok  positive chapter seven monthly profit
1522.2s [10月1日（週三） 上午 11:18] STEP Chapter 8 — the Green Shift
1522.2s [10月1日（週三） 上午 11:18]   ok  Year 4: the Green Shift
1524.6s [10月1日（週三） 上午 11:23]   ok  walked back outside
1528.0s [10月1日（週三） 上午 11:28]   ok  entered Bloom Coffee
1529.7s [10月1日（週三） 上午 11:30]   use "Read the news board"
1530.5s [10月1日（週三） 上午 11:35]   shot 102_news_green_shift.png
1530.9s [10月1日（週三） 上午 11:35]   ok  read the news (green_shift)
1533.8s [10月1日（週三） 上午 11:40]   ok  walked back outside
1537.0s [10月1日（週三） 上午 11:45]   ok  entered Riverside Tower
1538.4s [10月1日（週三） 上午 11:47]   use "Use laptop — Company OS"
1539.1s [10月1日（週三） 上午 11:48]   click [Tab_operations] Operations
1539.9s [10月1日（週三） 上午 11:50]   click [Packaging_recycled] Recycled paper
1540.6s [10月1日（週三） 上午 11:51]   click [Buy_verdant_supply_solar_lamp] 購買 $501.00
1541.3s [10月1日（週三） 下午 12:01]   shot 103_operations_green.png
1541.7s [10月1日（週三） 下午 12:02]   ok  recycled packaging
1549.3s [10月1日（週三） 下午 7:12]   use "Sleep"
1549.9s [10月1日（週三） 下午 7:12]   click [Sleep] Sleep until 7:00 AM
1560.6s [10月2日（週四） 上午 7:14]   use "Packing table"
1561.3s [10月2日（週四） 上午 7:15]   click [Pack] 打包 39 筆訂單（5 小時 12 分）
1562.3s [10月2日（週四） 下午 12:28]   click [CourierEconomy] 快遞 · 經濟 3 天（$199.44）
1572.4s [10月2日（週四） 下午 7:13]   use "Sleep"
1573.0s [10月2日（週四） 下午 7:13]   click [Sleep] Sleep until 7:00 AM
1583.7s [10月3日（週五） 上午 7:14]   use "Packing table"
1584.4s [10月3日（週五） 上午 7:15]   click [Pack] 打包 23 筆訂單（3 小時 4 分）
1585.4s [10月3日（週五） 上午 10:20]   click [CourierEconomy] 快遞 · 經濟 3 天（$119.88）
1595.4s [10月3日（週五） 下午 7:13]   use "Sleep"
1596.0s [10月3日（週五） 下午 7:13]   click [Sleep] Sleep until 7:00 AM
1606.8s [10月4日（週六） 上午 7:14]   use "Packing table"
1607.5s [10月4日（週六） 上午 7:15]   click [Pack] 打包 32 筆訂單（4 小時 16 分）
1608.5s [10月4日（週六） 上午 11:32]   click [CourierEconomy] 快遞 · 經濟 3 天（$149.52）
1618.6s [10月4日（週六） 下午 7:13]   use "Sleep"
1619.2s [10月4日（週六） 下午 7:13]   click [Sleep] Sleep until 7:00 AM
1630.0s [10月5日（週日） 上午 7:14]   use "Packing table"
1630.7s [10月5日（週日） 上午 7:15]   click [Pack] 打包 27 筆訂單（3 小時 36 分）
1631.7s [10月5日（週日） 上午 10:52]   click [CourierEconomy] 快遞 · 經濟 3 天（$128.72）
1632.9s [10月5日（週日） 上午 10:54]   ok  solar desk lamps arrived before listing
1634.5s [10月5日（週日） 上午 10:56]   use "Use laptop — Company OS"
1635.1s [10月5日（週日） 上午 10:57]   click [Tab_sales] Ecommerce
1635.9s [10月5日（週日） 上午 10:59]   click [ListSelf_solar_lamp] Shoot photos myself & list (1 h 20 min)
1637.3s [10月5日（週日） 下午 12:21]   ok  solar desk lamps listed
1637.3s [10月5日（週日） 下午 12:21] STEP Chapter 8 — the Green Business Grant at City Hall
1637.3s [10月5日（週日） 下午 12:21]   (harness) wait 2 h
1645.7s [10月5日（週日） 下午 2:33]   use "Packing table"
1646.4s [10月5日（週日） 下午 2:34]   click [Pack] 打包 14 筆訂單（1 小時 52 分）
1647.4s [10月5日（週日） 下午 4:28]   click [CourierEconomy] 快遞 · 經濟 3 天（$64.24）
1648.7s [10月5日（週日） 下午 4:30]   (harness) wait 2 h
1649.5s [10月5日（週日） 下午 6:31]   use "Packing table"
1650.2s [10月5日（週日） 下午 6:32]   click [Pack] 打包 10 筆訂單（1 小時 20 分）
1651.1s [10月5日（週日） 下午 7:53]   click [CourierEconomy] 快遞 · 經濟 3 天（$50.20）
1661.3s [10月5日（週日） 下午 8:09]   use "Sleep"
1661.9s [10月5日（週日） 下午 8:09]   click [Sleep] Sleep until 7:00 AM
1663.8s [10月6日（週一） 上午 7:00]   shot 104_decision_customer_return.png
1663.8s [10月6日（週一） 上午 7:00]   decision customer_return → replace
1663.8s [10月6日（週一） 上午 7:00]   click [Choice_replace] 寄一個新的
1665.2s [10月6日（週一） 上午 7:00]   shot 105_decision_outcome_customer_return.png
1665.2s [10月6日（週一） 上午 7:00]   click "OK"
1674.6s [10月6日（週一） 上午 7:13]   use "Packing table"
1675.3s [10月6日（週一） 上午 7:15]   click [Pack] 打包 11 筆訂單（1 小時 28 分）
1676.2s [10月6日（週一） 上午 8:44]   click [CourierEconomy] 快遞 · 經濟 3 天（$62.16）
1677.5s [10月6日（週一） 上午 8:46]   (harness) wait 2 h
1684.6s [10月6日（週一） 上午 10:56]   use "Packing table"
1685.3s [10月6日（週一） 上午 10:57]   click [Pack] 打包 4 筆訂單（32 分鐘）
1686.2s [10月6日（週一） 上午 11:31]   click [CourierEconomy] 快遞 · 經濟 3 天（$27.84）
1689.9s [10月6日（週一） 上午 11:37]   ok  walked back outside
1703.9s [10月6日（週一） 上午 11:58]   use "捷運——河濱區站"
1704.8s [10月6日（週一） 下午 12:00]   shot 106_metro_civic_center.png
1704.8s [10月6日（週一） 下午 12:00]   click [Go_civic_center] 市政中心  ·  12 分鐘
1706.1s [10月6日（週一） 下午 12:13]   ok  took the Metro to Civic Center
1713.5s [10月6日（週一） 下午 12:24]   ok  entered Aurelia City Hall
1715.3s [10月6日（週一） 下午 12:27]   use "Permits & regulations"
1716.1s [10月6日（週一） 下午 12:28]   shot 107_green_grant.png
1716.1s [10月6日（週一） 下午 12:28]   click [ApplyGreenGrant] Apply
1717.1s [10月6日（週一） 下午 12:59]   ok  green grant approved
1718.2s [10月6日（週一） 下午 1:01]   ok  Chapter 8 complete
1718.2s [10月6日（週一） 下午 1:01] STEP Chapter 9 — the Clearing Crisis: an import stuck on the wire
1718.2s [10月6日（週一） 下午 1:01]   ok  Year 5: the Clearing Crisis
1721.2s [10月6日（週一） 下午 1:06]   ok  walked back outside
1726.8s [10月6日（週一） 下午 1:15]   use "捷運——市政中心站"
1727.8s [10月6日（週一） 下午 1:16]   shot 108_metro_riverside.png
1727.8s [10月6日（週一） 下午 1:16]   click [Go_riverside] 河濱區  ·  12 分鐘
1728.8s [10月6日（週一） 下午 1:30]   ok  took the Metro to Riverside
1736.3s [10月6日（週一） 下午 1:41]   ok  entered Bloom Coffee
1738.0s [10月6日（週一） 下午 1:44]   use "Read the news board"
1738.8s [10月6日（週一） 下午 1:49]   shot 109_news_clearing_crisis.png
1739.2s [10月6日（週一） 下午 1:49]   ok  read the news (clearing_crisis)
1742.2s [10月6日（週一） 下午 1:54]   ok  walked back outside
1745.3s [10月6日（週一） 下午 1:59]   ok  entered Riverside Tower
1746.7s [10月6日（週一） 下午 2:01]   use "Use laptop — Company OS"
1747.4s [10月6日（週一） 下午 2:02]   click [Tab_operations] Operations
1748.2s [10月6日（週一） 下午 2:04]   click [Buy_lumina_direct_phone_stand] 購買 $876.00
1749.1s [10月6日（週一） 下午 2:05]   shot 110_settlement_choice.png
1749.1s [10月6日（週一） 下午 2:05]   click [Settle_international_wire] Pay this way
1750.3s [10月6日（週一） 下午 2:07]   ok  import ordered, paid by wire
1750.3s [10月6日（週一） 下午 2:07] STEP Chapter 9 — Lina Zhao at Nexus Bank
1752.9s [10月6日（週一） 下午 2:12]   ok  walked back outside
1766.8s [10月6日（週一） 下午 2:32]   use "捷運——河濱區站"
1767.8s [10月6日（週一） 下午 2:34]   shot 111_metro_financial.png
1767.8s [10月6日（週一） 下午 2:34]   click [Go_financial] 金融區  ·  10 分鐘
1768.9s [10月6日（週一） 下午 2:45]   ok  took the Metro to Financial District
1776.5s [10月6日（週一） 下午 2:57]   ok  entered Nexus Bank
1783.8s [10月6日（週一） 下午 3:08]   use "和 Lina Zhao 說話"
1784.7s [10月6日（週一） 下午 3:08]   shot 112_lina_intro.png
1790.5s [10月6日（週一） 下午 3:08]   choose "› 幫我開一個數位美元帳戶。"
1792.6s [10月6日（週一） 下午 3:08]   ok  met Lina Zhao
1795.0s [10月6日（週一） 下午 3:12]   ok  walked back outside
1801.1s [10月6日（週一） 下午 3:21]   use "捷運——金融區站"
1802.1s [10月6日（週一） 下午 3:23]   shot 113_metro_riverside.png
1802.1s [10月6日（週一） 下午 3:23]   click [Go_riverside] 河濱區  ·  10 分鐘
1803.2s [10月6日（週一） 下午 3:34]   ok  took the Metro to Riverside
1812.3s [10月6日（週一） 下午 3:48]   ok  entered Riverside Tower
1813.7s [10月6日（週一） 下午 3:50]   use "Use laptop — Company OS"
1814.4s [10月6日（週一） 下午 3:51]   click [Tab_operations] Operations
1815.2s [10月6日（週一） 下午 3:53]   click [SpeedUp_PO-160] Speed up
1816.0s [10月6日（週一） 下午 3:54]   shot 114_settlement_speed_up.png
1816.0s [10月6日（週一） 下午 3:54]   click [Settle_letter_of_credit] Switch
1824.9s [10月6日（週一） 下午 7:11]   use "Sleep"
1825.5s [10月6日（週一） 下午 7:11]   click [Sleep] Sleep until 7:00 AM
1827.5s [10月7日（週二） 上午 7:00]   shot 115_decision_customer_return.png
1827.5s [10月7日（週二） 上午 7:00]   decision customer_return → replace
1827.5s [10月7日（週二） 上午 7:00]   click [Choice_replace] 寄一個新的
1828.9s [10月7日（週二） 上午 7:00]   shot 116_decision_outcome_customer_return.png
1828.9s [10月7日（週二） 上午 7:00]   click "OK"
1838.4s [10月7日（週二） 上午 7:13]   use "Packing table"
1839.1s [10月7日（週二） 上午 7:15]   click [Pack] 打包 25 筆訂單（3 小時 20 分）
1840.0s [10月7日（週二） 上午 10:36]   click [CourierEconomy] 快遞 · 經濟 3 天（$111.60）
1850.1s [10月7日（週二） 下午 7:13]   use "Sleep"
1850.7s [10月7日（週二） 下午 7:13]   click [Sleep] Sleep until 7:00 AM
1852.6s [10月8日（週三） 上午 7:00]   shot 117_decision_customer_return.png
1852.6s [10月8日（週三） 上午 7:00]   decision customer_return → replace
1852.6s [10月8日（週三） 上午 7:00]   click [Choice_replace] 寄一個新的
1854.0s [10月8日（週三） 上午 7:00]   shot 118_decision_outcome_customer_return.png
1854.0s [10月8日（週三） 上午 7:00]   click "OK"
1863.4s [10月8日（週三） 上午 7:14]   use "Packing table"
1864.1s [10月8日（週三） 上午 7:15]   click [Pack] 打包 18 筆訂單（2 小時 24 分）
1865.1s [10月8日（週三） 上午 9:40]   click [CourierEconomy] 快遞 · 經濟 3 天（$79.92）
1866.4s [10月8日（週三） 下午 7:00]   shot 119_decision_customer_return.png
1866.4s [10月8日（週三） 下午 7:00]   decision customer_return → replace
1866.4s [10月8日（週三） 下午 7:00]   click [Choice_replace] 寄一個新的
1867.9s [10月8日（週三） 下午 7:00]   shot 120_decision_outcome_customer_return.png
1867.9s [10月8日（週三） 下午 7:00]   click "OK"
1877.3s [10月8日（週三） 下午 7:13]   use "Sleep"
1877.9s [10月8日（週三） 下午 7:14]   click [Sleep] Sleep until 7:00 AM
1879.9s [10月9日（週四） 上午 7:00]   shot 121_decision_customer_return.png
1879.9s [10月9日（週四） 上午 7:00]   decision customer_return → replace
1879.9s [10月9日（週四） 上午 7:00]   click [Choice_replace] 寄一個新的
1881.3s [10月9日（週四） 上午 7:00]   shot 122_decision_outcome_customer_return.png
1881.3s [10月9日（週四） 上午 7:00]   click "OK"
1890.7s [10月9日（週四） 上午 7:13]   use "Packing table"
1891.4s [10月9日（週四） 上午 7:15]   click [Pack] 打包 22 筆訂單（2 小時 56 分）
1892.4s [10月9日（週四） 上午 10:12]   click [CourierEconomy] 快遞 · 經濟 3 天（$95.28）
1902.4s [10月9日（週四） 下午 7:13]   use "Sleep"
1903.1s [10月9日（週四） 下午 7:13]   click [Sleep] Sleep until 7:00 AM
1910.4s [10月10日（週五） 上午 7:09]   shot 123_decision_customer_return.png
1910.4s [10月10日（週五） 上午 7:09]   decision customer_return → replace
1910.4s [10月10日（週五） 上午 7:09]   click [Choice_replace] 寄一個新的
1911.9s [10月10日（週五） 上午 7:09]   shot 124_decision_outcome_customer_return.png
1911.9s [10月10日（週五） 上午 7:09]   click "OK"
1912.5s [10月10日（週五） 上午 7:09]   use "Packing table"
1913.2s [10月10日（週五） 上午 7:10]   click [Pack] 打包 20 筆訂單（2 小時 40 分）
1914.2s [10月10日（週五） 上午 9:52]   click [CourierEconomy] 快遞 · 經濟 3 天（$85.20）
1915.5s [10月10日（週五） 下午 7:00]   shot 125_decision_customer_return.png
1915.5s [10月10日（週五） 下午 7:00]   decision customer_return → replace
1915.5s [10月10日（週五） 下午 7:00]   click [Choice_replace] 寄一個新的
1916.9s [10月10日（週五） 下午 7:00]   shot 126_decision_outcome_customer_return.png
1916.9s [10月10日（週五） 下午 7:00]   click "OK"
1926.4s [10月10日（週五） 下午 7:14]   use "Sleep"
1927.0s [10月10日（週五） 下午 7:14]   click [Sleep] Sleep until 7:00 AM
1937.8s [10月11日（週六） 上午 7:14]   use "Packing table"
1938.5s [10月11日（週六） 上午 7:15]   click [Pack] 打包 25 筆訂單（3 小時 20 分）
1939.5s [10月11日（週六） 上午 10:36]   click [CourierEconomy] 快遞 · 經濟 3 天（$106.80）
1940.8s [10月11日（週六） 下午 7:00]   shot 127_decision_customer_return.png
1940.8s [10月11日（週六） 下午 7:00]   decision customer_return → replace
1940.8s [10月11日（週六） 下午 7:00]   click [Choice_replace] 寄一個新的
1942.3s [10月11日（週六） 下午 7:00]   shot 128_decision_outcome_customer_return.png
1942.3s [10月11日（週六） 下午 7:00]   click "OK"
1942.8s [10月11日（週六） 下午 7:00]   shot 129_decision_customer_return.png
1942.8s [10月11日（週六） 下午 7:00]   decision customer_return → replace
1942.8s [10月11日（週六） 下午 7:00]   click [Choice_replace] 寄一個新的
1944.3s [10月11日（週六） 下午 7:00]   shot 130_decision_outcome_customer_return.png
1944.3s [10月11日（週六） 下午 7:00]   click "OK"
1953.7s [10月11日（週六） 下午 7:14]   use "Sleep"
1954.3s [10月11日（週六） 下午 7:14]   click [Sleep] Sleep until 7:00 AM
1965.1s [10月12日（週日） 上午 7:14]   use "Packing table"
1965.8s [10月12日（週日） 上午 7:15]   click [Pack] 打包 17 筆訂單（2 小時 16 分）
1966.8s [10月12日（週日） 上午 9:32]   click [CourierEconomy] 快遞 · 經濟 3 天（$71.28）
1976.8s [10月12日（週日） 下午 7:13]   use "Sleep"
1977.4s [10月12日（週日） 下午 7:13]   click [Sleep] Sleep until 7:00 AM
1979.4s [10月13日（週一） 上午 7:00]   shot 131_decision_customer_return.png
1979.4s [10月13日（週一） 上午 7:00]   decision customer_return → replace
1979.4s [10月13日（週一） 上午 7:00]   click [Choice_replace] 寄一個新的
1980.8s [10月13日（週一） 上午 7:00]   shot 132_decision_outcome_customer_return.png
1980.8s [10月13日（週一） 上午 7:00]   click "OK"
1981.4s [10月13日（週一） 上午 7:00]   shot 133_decision_customer_return.png
1981.4s [10月13日（週一） 上午 7:00]   decision customer_return → replace
1981.4s [10月13日（週一） 上午 7:00]   click [Choice_replace] 寄一個新的
1982.9s [10月13日（週一） 上午 7:00]   shot 134_decision_outcome_customer_return.png
1982.9s [10月13日（週一） 上午 7:00]   click "OK"
1983.4s [10月13日（週一） 上午 7:00]   shot 135_decision_customer_return.png
1983.4s [10月13日（週一） 上午 7:00]   decision customer_return → replace
1983.4s [10月13日（週一） 上午 7:00]   click [Choice_replace] 寄一個新的
1984.8s [10月13日（週一） 上午 7:00]   shot 136_decision_outcome_customer_return.png
1984.8s [10月13日（週一） 上午 7:00]   click "OK"
1994.3s [10月13日（週一） 上午 7:13]   use "Packing table"
1995.0s [10月13日（週一） 上午 7:15]   click [Pack] 打包 21 筆訂單（2 小時 48 分）
1995.9s [10月13日（週一） 上午 10:04]   click [CourierEconomy] 快遞 · 經濟 3 天（$86.64）
2006.0s [10月13日（週一） 下午 7:13]   use "Sleep"
2006.6s [10月13日（週一） 下午 7:13]   click [Sleep] Sleep until 7:00 AM
2008.6s [10月14日（週二） 上午 7:00]   shot 137_decision_customer_return.png
2008.6s [10月14日（週二） 上午 7:00]   decision customer_return → refund
2008.6s [10月14日（週二） 上午 7:00]   click [Choice_refund] 退款＋收回商品
2010.0s [10月14日（週二） 上午 7:00]   shot 138_decision_outcome_customer_return.png
2010.0s [10月14日（週二） 上午 7:00]   click "OK"
2010.6s [10月14日（週二） 上午 7:00]   shot 139_decision_customer_return.png
2010.6s [10月14日（週二） 上午 7:00]   decision customer_return → replace
2010.6s [10月14日（週二） 上午 7:00]   click [Choice_replace] 寄一個新的
2012.0s [10月14日（週二） 上午 7:00]   shot 140_decision_outcome_customer_return.png
2012.0s [10月14日（週二） 上午 7:00]   click "OK"
2021.4s [10月14日（週二） 上午 7:13]   use "Packing table"
2022.1s [10月14日（週二） 上午 7:15]   click [Pack] 打包 17 筆訂單（2 小時 16 分）
2023.1s [10月14日（週二） 上午 9:32]   click [CourierEconomy] 快遞 · 經濟 3 天（$71.28）
2024.5s [10月14日（週二） 下午 7:00]   shot 141_decision_supplier_price_increase.png
2024.5s [10月14日（週二） 下午 7:00]   decision supplier_price_increase → accept
2024.5s [10月14日（週二） 下午 7:00]   click [Choice_accept] 好。繼續跟你進貨。
2025.9s [10月14日（週二） 下午 7:00]   shot 142_decision_outcome_supplier_price_increase.png
2025.9s [10月14日（週二） 下午 7:00]   click "OK"
2035.3s [10月14日（週二） 下午 7:13]   use "Sleep"
2035.9s [10月14日（週二） 下午 7:14]   click [Sleep] Sleep until 7:00 AM
2046.7s [10月15日（週三） 上午 7:14]   use "Packing table"
2047.4s [10月15日（週三） 上午 7:15]   click [Pack] 打包 14 筆訂單（1 小時 52 分）
2048.4s [10月15日（週三） 上午 9:08]   click [CourierEconomy] 快遞 · 經濟 3 天（$59.76）
2058.4s [10月15日（週三） 下午 7:13]   use "Sleep"
2059.0s [10月15日（週三） 下午 7:13]   click [Sleep] Sleep until 7:00 AM
2061.0s [10月16日（週四） 上午 7:00]   shot 143_decision_customer_return.png
2061.0s [10月16日（週四） 上午 7:00]   decision customer_return → refund
2061.0s [10月16日（週四） 上午 7:00]   click [Choice_refund] 退款＋收回商品
2062.4s [10月16日（週四） 上午 7:00]   shot 144_decision_outcome_customer_return.png
2062.4s [10月16日（週四） 上午 7:00]   click "OK"
2071.9s [10月16日（週四） 上午 7:14]   use "Packing table"
2072.6s [10月16日（週四） 上午 7:15]   click [Pack] 打包 16 筆訂單（2 小時 8 分）
2073.5s [10月16日（週四） 上午 9:24]   click [CourierEconomy] 快遞 · 經濟 3 天（$67.44）
2114.8s [10月16日（週四） 下午 8:00] FAIL could not reach (34.0, 112.0) (at (299.6409, 195.2283))
2120.0s [10月16日（週四） 下午 8:08] FAIL could not reach (34.0, 112.0) (at (299.6409, 195.2283))
2125.1s [10月16日（週四） 下午 8:15] FAIL could not reach (34.0, 112.0) (at (299.6409, 195.2283))
2130.1s [10月16日（週四） 下午 8:23] FAIL could not reach (34.0, 112.0) (at (299.6409, 195.2283))
2135.2s [10月16日（週四） 下午 8:30] FAIL could not reach (34.0, 112.0) (at (299.6409, 195.2283))
2140.3s [10月16日（週四） 下午 8:38] FAIL could not reach (34.0, 106.0) (at (299.6409, 195.2283))
2180.4s [10月16日（週四） 下午 9:38] FAIL could not reach (34.0, 112.0) (at (299.6409, 195.2283))
2185.6s [10月16日（週四） 下午 9:46] FAIL could not reach (34.0, 112.0) (at (299.6409, 195.2283))
2190.6s [10月16日（週四） 下午 9:54] FAIL could not reach (34.0, 112.0) (at (299.6409, 195.2283))
2195.7s [10月16日（週四） 下午 10:01] FAIL could not reach (34.0, 112.0) (at (299.6409, 195.2283))
2200.8s [10月16日（週四） 下午 10:09] FAIL could not reach (34.0, 112.0) (at (299.6409, 195.2283))
2205.8s [10月16日（週四） 下午 10:16] FAIL could not reach (34.0, 106.0) (at (299.6409, 195.2283))
2245.9s [10月16日（週四） 下午 11:17] FAIL could not reach (34.0, 112.0) (at (299.6409, 195.2283))
2251.2s [10月16日（週四） 下午 11:24] FAIL could not reach (34.0, 112.0) (at (299.6409, 195.2283))
2256.2s [10月16日（週四） 下午 11:32] FAIL could not reach (34.0, 112.0) (at (299.6409, 195.2283))
2261.3s [10月16日（週四） 下午 11:40] FAIL could not reach (34.0, 112.0) (at (299.6409, 195.2283))
2266.4s [10月16日（週四） 下午 11:47] FAIL could not reach (34.0, 112.0) (at (299.6409, 195.2283))
2271.4s [10月16日（週四） 下午 11:55] FAIL could not reach (34.0, 106.0) (at (299.6409, 195.2283))
2271.5s [10月16日（週四） 下午 11:55] FAIL interaction focus did not match: sleep
2277.0s [10月17日（週五） 上午 12:03] FAIL button 'Sleep' not found
2277.0s [10月17日（週五） 上午 12:03]       diag: modal=Control:PackShipModal dialogue=false phone=false
2317.7s [10月17日（週五） 上午 1:04] FAIL could not reach (322.0, 194.0) (at (299.6409, 195.2283))
2322.9s [10月17日（週五） 上午 1:12] FAIL could not reach (322.0, 194.0) (at (299.6409, 195.2283))
2327.9s [10月17日（週五） 上午 1:20] FAIL could not reach (322.0, 194.0) (at (299.6409, 195.2283))
2333.0s [10月17日（週五） 上午 1:27] FAIL could not reach (322.0, 194.0) (at (299.6409, 195.2283))
2338.1s [10月17日（週五） 上午 1:35] FAIL could not reach (322.0, 194.0) (at (299.6409, 195.2283))
2343.1s [10月17日（週五） 上午 1:42] FAIL could not reach (322.0, 188.0) (at (299.6409, 195.2283))
2383.2s [10月17日（週五） 上午 2:43] FAIL could not reach (322.0, 194.0) (at (299.6409, 195.2283))
2388.4s [10月17日（週五） 上午 2:50] FAIL could not reach (322.0, 194.0) (at (299.6409, 195.2283))
2393.5s [10月17日（週五） 上午 2:58] FAIL could not reach (322.0, 194.0) (at (299.6409, 195.2283))
2398.6s [10月17日（週五） 上午 3:06] FAIL could not reach (322.0, 194.0) (at (299.6409, 195.2283))
2403.6s [10月17日（週五） 上午 3:13] FAIL could not reach (322.0, 194.0) (at (299.6409, 195.2283))
2408.7s [10月17日（週五） 上午 3:21] FAIL could not reach (322.0, 188.0) (at (299.6409, 195.2283))
2448.8s [10月17日（週五） 上午 4:21] FAIL could not reach (322.0, 194.0) (at (299.6409, 195.2283))
2454.0s [10月17日（週五） 上午 4:29] FAIL could not reach (322.0, 194.0) (at (299.6409, 195.2283))
2459.1s [10月17日（週五） 上午 4:36] FAIL could not reach (322.0, 194.0) (at (299.6409, 195.2283))
2464.1s [10月17日（週五） 上午 4:44] FAIL could not reach (322.0, 194.0) (at (299.6409, 195.2283))
