Godot Engine v4.5.1.stable.official.f62fdbde1 - https://godotengine.org
OpenGL API 3.3.0 NVIDIA 462.59 - Compatibility - Using Device: NVIDIA - Quadro RTX 4000

   0.4s STEP Resume genuine chapter-six month-close checkpoint
   0.5s [7月30日（週三） 上午 7:00]   ok  checkpoint contains genuine chapters 1–5 and paid contract
   1.7s [7月30日（週三） 下午 7:00]   use "Sleep"
   2.3s [7月30日（週三） 下午 7:00]   click [Sleep] Sleep until 7:00 AM
   4.4s [7月31日（週四） 下午 7:00]   use "Sleep"
   5.0s [7月31日（週四） 下午 7:00]   click [Sleep] Sleep until 7:00 AM
   8.8s [8月1日（週五） 上午 7:00]   shot 01_month_close_report.png
   8.8s [8月1日（週五） 上午 7:00]   click [month close] Continue
  10.4s [8月1日（週五） 上午 7:02]   ok  Chapter 6 complete
  10.4s [8月1日（週五） 上午 7:02]   ok  ledger balanced after chapters 4–6
  10.4s [8月1日（週五） 上午 7:02] STEP Shopping Street — compare Crestline shelf prices
  15.1s [8月1日（週五） 上午 7:08]   ok  walked back outside
  29.1s [8月1日（週五） 上午 7:29]   use "捷運——河濱區站"
  30.1s [8月1日（週五） 上午 7:31]   shot 02_metro_shopping_street.png
  30.1s [8月1日（週五） 上午 7:31]   click [Go_shopping_street] 購物街  ·  15 分鐘
  31.5s [8月1日（週五） 上午 7:47]   ok  took the Metro to Shopping Street
  40.4s [8月1日（週五） 下午 12:01]   ok  entered Crestline Flagship
  41.1s [8月1日（週五） 下午 12:02]   use "Research shelf prices"
  41.2s [8月1日（週五） 下午 12:02]   ok  owned/listed product available for research
  41.2s [8月1日（週五） 下午 12:02]   click [Research_desk_lamp] 調查 LED 檯燈 · 30 分鐘；七天內重看免費
  41.4s [8月1日（週五） 下午 12:32]   ok  real thirty-minute research saved
  41.4s [8月1日（週五） 下午 12:32]   shot 03_crestline_competitor_research.png
  41.4s [8月1日（週五） 下午 12:32]   click [ResearchDone] Return to the store
  43.5s [8月1日（週五） 下午 12:36]   ok  walked back outside
  50.8s [8月1日（週五） 下午 12:47]   use "捷運——購物街站"
  51.7s [8月1日（週五） 下午 12:48]   shot 04_metro_riverside.png
  51.7s [8月1日（週五） 下午 12:48]   click [Go_riverside] 河濱區  ·  15 分鐘
  52.8s [8月1日（週五） 下午 1:05]   ok  took the Metro to Riverside
  61.9s [8月1日（週五） 下午 1:19]   ok  entered Riverside Tower
  63.4s [8月1日（週五） 下午 1:21]   use "Use laptop — Company OS"
  64.0s [8月1日（週五） 下午 1:22]   click [Tab_sales] Ecommerce
  64.8s [8月1日（週五） 下午 1:23]   shot 05_sales_research_badge.png
  65.3s [8月1日（週五） 下午 1:24]   ok  Chapter 7 started after Chapter 6
  65.3s [8月1日（週五） 下午 1:24]   ok  Year 3: the Supply Shock
  65.3s [8月1日（週五） 下午 1:24] STEP Chapter 7 — the news, and Ken's options
  67.9s [8月1日（週五） 下午 1:29]   ok  walked back outside
  71.2s [8月1日（週五） 下午 1:34]   ok  entered Bloom Coffee
  72.9s [8月1日（週五） 下午 1:36]   use "Read the news board"
  73.7s [8月1日（週五） 下午 1:41]   shot 06_news_supply_shock.png
  74.1s [8月1日（週五） 下午 1:41]   ok  read the news (supply_shock)
  77.1s [8月1日（週五） 下午 1:46]   ok  walked back outside
  80.3s [8月1日（週五） 下午 1:51]   ok  entered Riverside Tower
  82.2s [8月1日（週五） 下午 7:03]   use "Sleep"
  82.8s [8月1日（週五） 下午 7:03]   click [Sleep] Sleep until 7:00 AM
  85.0s [8月2日（週六） 下午 7:00]   use "Sleep"
  85.6s [8月2日（週六） 下午 7:00]   click [Sleep] Sleep until 7:00 AM
  87.7s [8月3日（週日） 下午 7:00]   shot 07_decision_supply_shock_plan.png
  87.7s [8月3日（週日） 下午 7:00]   decision supply_shock_plan → local
  87.7s [8月3日（週日） 下午 7:00]   click [Choice_local] 加一個在地備援：奧瑞莉亞職人合作社
  89.1s [8月3日（週日） 下午 7:00]   shot 08_decision_outcome_supply_shock_plan.png
  89.1s [8月3日（週日） 下午 7:00]   click "OK"
  89.8s [8月3日（週日） 下午 7:00]   use "Sleep"
  90.4s [8月3日（週日） 下午 7:00]   click [Sleep] Sleep until 7:00 AM
  92.4s [8月4日（週一） 上午 7:01]   ok  the local co-op is a supplier now
  92.4s [8月4日（週一） 上午 7:01] STEP Chapter 7 — order from the co-op, raise a price
  93.7s [8月4日（週一） 上午 7:02]   use "Use laptop — Company OS"
  94.3s [8月4日（週一） 上午 7:03]   click [Tab_operations] Operations
  95.2s [8月4日（週一） 上午 7:05]   shot 09_operations_supply_shock.png
  95.2s [8月4日（週一） 上午 7:05]   click [Buy_aurelia_makers_desk_lamp] 購買 $417.00
  95.9s [8月4日（週一） 上午 7:16]   click [Buy_aurelia_makers_desk_lamp] 購買 $417.00
  96.7s [8月4日（週一） 上午 7:27]   click [Buy_aurelia_makers_desk_lamp] 購買 $417.00
  97.5s [8月4日（週一） 上午 7:38]   click [Buy_aurelia_makers_desk_lamp] 購買 $417.00
  98.2s [8月4日（週一） 上午 7:49]   click [Tab_sales] Ecommerce
  98.9s [8月4日（週一） 上午 7:50]   click [PriceUp_wireless_earbuds] +
  99.2s [8月4日（週一） 上午 7:51]   click [PriceUp_wireless_earbuds] +
  99.5s [8月4日（週一） 上午 7:51]   click [PriceUp_wireless_earbuds] +
  99.8s [8月4日（週一） 上午 7:52]   click [PriceUp_wireless_earbuds] +
 100.1s [8月4日（週一） 上午 7:52]   click [PriceUp_wireless_earbuds] +
 100.3s [8月4日（週一） 上午 7:52]   click [PriceUp_wireless_earbuds] +
 100.6s [8月4日（週一） 上午 7:53]   click [PriceUp_wireless_earbuds] +
 100.9s [8月4日（週一） 上午 7:53]   click [PriceUp_wireless_earbuds] +
 101.2s [8月4日（週一） 上午 7:54]   click [PriceUp_wireless_earbuds] +
 101.5s [8月4日（週一） 上午 7:54]   click [PriceUp_wireless_earbuds] +
 101.8s [8月4日（週一） 上午 7:55]   click [PriceUp_wireless_earbuds] +
 102.1s [8月4日（週一） 上午 7:55]   click [PriceUp_wireless_earbuds] +
 102.4s [8月4日（週一） 上午 7:56]   click [PriceUp_water_bottle] +
 102.7s [8月4日（週一） 上午 7:56]   click [PriceUp_water_bottle] +
 103.0s [8月4日（週一） 上午 7:56]   click [PriceUp_water_bottle] +
 103.2s [8月4日（週一） 上午 7:57]   click [PriceUp_water_bottle] +
 103.5s [8月4日（週一） 上午 7:57]   click [PriceUp_water_bottle] +
 103.8s [8月4日（週一） 上午 7:58]   click [PriceUp_desk_lamp] +
 104.1s [8月4日（週一） 上午 7:58]   click [PriceUp_desk_lamp] +
 104.4s [8月4日（週一） 上午 7:59]   click [PriceUp_desk_lamp] +
 104.7s [8月4日（週一） 上午 7:59]   click [PriceUp_desk_lamp] +
 105.0s [8月4日（週一） 上午 7:59]   click [PriceUp_desk_lamp] +
 105.3s [8月4日（週一） 上午 8:00]   click [PriceUp_desk_lamp] +
 105.5s [8月4日（週一） 上午 8:00]   click [PriceUp_desk_lamp] +
 105.8s [8月4日（週一） 上午 8:01]   click [PriceUp_desk_lamp] +
 106.1s [8月4日（週一） 上午 8:01]   click [PriceUp_phone_stand] +
 106.4s [8月4日（週一） 上午 8:02]   click [PriceUp_phone_stand] +
 106.7s [8月4日（週一） 上午 8:02]   click [PriceUp_phone_stand] +
 107.0s [8月4日（週一） 上午 8:02]   click [PriceUp_phone_stand] +
 108.8s [8月4日（週一） 上午 8:05]   ok  stocked and repriced
 108.9s [8月4日（週一） 上午 8:05]   use "Use laptop — Company OS"
 109.6s [8月4日（週一） 上午 8:06]   click [Tab_operations] Operations
 110.4s [8月4日（週一） 上午 8:08]   click [DeliverTo_riverside_studio] 河濱大樓 7C
 110.8s [8月4日（週一） 上午 8:08]   click [Buy_tradelink_wholesale_wireless_earbuds] 購買 $1,018.00
 111.1s [8月4日（週一） 上午 8:19]   click [Buy_tradelink_wholesale_wireless_earbuds] 購買 $1,018.00
 111.4s [8月4日（週一） 上午 8:29]   click [Buy_tradelink_wholesale_wireless_earbuds] 購買 $1,018.00
 111.8s [8月4日（週一） 上午 8:40]   click [Buy_tradelink_wholesale_water_bottle] 購買 $610.20
 112.1s [8月4日（週一） 上午 8:50]   click [Buy_tradelink_wholesale_water_bottle] 購買 $610.20
 112.5s [8月4日（週一） 上午 9:01]   click [Buy_tradelink_wholesale_water_bottle] 購買 $610.20
 112.9s [8月4日（週一） 上午 9:11]   click [Buy_tradelink_wholesale_phone_stand] 購買 $308.00
 113.3s [8月4日（週一） 上午 9:22]   click [Buy_tradelink_wholesale_phone_stand] 購買 $308.00
 121.5s [8月4日（週一） 下午 7:11]   use "Sleep"
 122.1s [8月4日（週一） 下午 7:11]   click [Sleep] Sleep until 7:00 AM
 130.5s [8月5日（週二） 下午 7:09]   use "Sleep"
 131.1s [8月5日（週二） 下午 7:09]   click [Sleep] Sleep until 7:00 AM
 133.3s [8月6日（週三） 下午 7:00]   use "Sleep"
 133.9s [8月6日（週三） 下午 7:00]   click [Sleep] Sleep until 7:00 AM
 136.1s [8月7日（週四） 下午 7:00]   use "Sleep"
 136.7s [8月7日（週四） 下午 7:00]   click [Sleep] Sleep until 7:00 AM
 147.5s [8月8日（週五） 上午 7:14]   use "Packing table"
 148.2s [8月8日（週五） 上午 7:15]   shot 10_packing_table.png
 148.2s [8月8日（週五） 上午 7:15]   click [Pack] 打包 18 筆訂單（2 小時 24 分）
 149.2s [8月8日（週五） 上午 9:40]   click [CourierEconomy] 快遞 · 經濟 3 天（$109.68）
 159.3s [8月8日（週五） 下午 7:14]   use "Sleep"
 159.9s [8月8日（週五） 下午 7:14]   click [Sleep] Sleep until 7:00 AM
 170.6s [8月9日（週六） 上午 7:14]   use "Packing table"
 171.3s [8月9日（週六） 上午 7:15]   click [Pack] 打包 20 筆訂單（2 小時 40 分）
 172.3s [8月9日（週六） 上午 9:56]   click [CourierEconomy] 快遞 · 經濟 3 天（$121.20）
 182.4s [8月9日（週六） 下午 7:13]   use "Sleep"
 183.0s [8月9日（週六） 下午 7:13]   click [Sleep] Sleep until 7:00 AM
 193.7s [8月10日（週日） 上午 7:14]   use "Packing table"
 194.4s [8月10日（週日） 上午 7:15]   click [Pack] 打包 14 筆訂單（1 小時 52 分）
 195.4s [8月10日（週日） 上午 9:08]   click [CourierEconomy] 快遞 · 經濟 3 天（$86.64）
 205.5s [8月10日（週日） 下午 7:13]   use "Sleep"
 206.1s [8月10日（週日） 下午 7:13]   click [Sleep] Sleep until 7:00 AM
 216.8s [8月11日（週一） 上午 7:14]   use "Packing table"
 217.5s [8月11日（週一） 上午 7:15]   click [Pack] 打包 15 筆訂單（2 h）
 218.5s [8月11日（週一） 上午 9:16]   click [CourierEconomy] 快遞 · 經濟 3 天（$92.40）
 228.6s [8月11日（週一） 下午 7:13]   use "Sleep"
 229.2s [8月11日（週一） 下午 7:13]   click [Sleep] Sleep until 7:00 AM
 239.9s [8月12日（週二） 上午 7:14]   use "Packing table"
 240.6s [8月12日（週二） 上午 7:15]   click [Pack] 打包 12 筆訂單（1 小時 36 分）
 241.6s [8月12日（週二） 上午 8:52]   click [CourierEconomy] 快遞 · 經濟 3 天（$75.12）
 251.6s [8月12日（週二） 下午 7:13]   use "Sleep"
 252.3s [8月12日（週二） 下午 7:13]   click [Sleep] Sleep until 7:00 AM
 263.0s [8月13日（週三） 上午 7:14]   use "Packing table"
 263.7s [8月13日（週三） 上午 7:15]   click [Pack] 打包 16 筆訂單（2 小時 8 分）
 264.7s [8月13日（週三） 上午 9:24]   click [CourierEconomy] 快遞 · 經濟 3 天（$98.16）
 274.8s [8月13日（週三） 下午 7:13]   use "Sleep"
 275.4s [8月13日（週三） 下午 7:13]   click [Sleep] Sleep until 7:00 AM
 286.1s [8月14日（週四） 上午 7:14]   use "Packing table"
 286.9s [8月14日（週四） 上午 7:15]   click [Pack] 打包 9 筆訂單（1 小時 12 分）
 287.8s [8月14日（週四） 上午 8:28]   click [CourierEconomy] 快遞 · 經濟 3 天（$57.84）
 297.9s [8月14日（週四） 下午 7:13]   use "Sleep"
 298.5s [8月14日（週四） 下午 7:13]   click [Sleep] Sleep until 7:00 AM
 309.2s [8月15日（週五） 上午 7:14]   use "Packing table"
 309.9s [8月15日（週五） 上午 7:15]   click [Pack] 打包 19 筆訂單（2 小時 32 分）
 310.9s [8月15日（週五） 上午 9:48]   click [CourierEconomy] 快遞 · 經濟 3 天（$115.44）
 321.0s [8月15日（週五） 下午 7:13]   use "Sleep"
 321.6s [8月15日（週五） 下午 7:13]   click [Sleep] Sleep until 7:00 AM
 332.4s [8月16日（週六） 上午 7:14]   use "Packing table"
 333.0s [8月16日（週六） 上午 7:15]   click [Pack] 打包 13 筆訂單（1 小時 44 分）
 334.0s [8月16日（週六） 上午 9:00]   click [CourierEconomy] 快遞 · 經濟 3 天（$80.88）
 335.4s [8月16日（週六） 下午 7:00]   shot 11_decision_supplier_price_increase.png
 335.4s [8月16日（週六） 下午 7:00]   decision supplier_price_increase → accept
 335.4s [8月16日（週六） 下午 7:00]   click [Choice_accept] 好。繼續跟你進貨。
 336.8s [8月16日（週六） 下午 7:00]   shot 12_decision_outcome_supplier_price_increase.png
 336.8s [8月16日（週六） 下午 7:00]   click "OK"
 346.3s [8月16日（週六） 下午 7:14]   use "Sleep"
 346.9s [8月16日（週六） 下午 7:14]   click [Sleep] Sleep until 7:00 AM
 357.6s [8月17日（週日） 上午 7:14]   use "Packing table"
 358.3s [8月17日（週日） 上午 7:15]   click [Pack] 打包 18 筆訂單（2 小時 24 分）
 359.3s [8月17日（週日） 上午 9:40]   click [CourierEconomy] 快遞 · 經濟 3 天（$109.68）
 369.4s [8月17日（週日） 下午 7:13]   use "Sleep"
 370.0s [8月17日（週日） 下午 7:13]   click [Sleep] Sleep until 7:00 AM
 370.6s [8月17日（週日） 下午 10:25]   toast: 新評價 #2185：★「壞掉了，賣家不處理。」
 380.7s [8月18日（週一） 上午 7:14]   use "Packing table"
 381.4s [8月18日（週一） 上午 7:15]   click [Pack] 打包 14 筆訂單（1 小時 52 分）
 382.4s [8月18日（週一） 上午 9:08]   click [CourierEconomy] 快遞 · 經濟 3 天（$86.64）
 392.5s [8月18日（週一） 下午 7:13]   use "Sleep"
 393.1s [8月18日（週一） 下午 7:13]   click [Sleep] Sleep until 7:00 AM
 403.8s [8月19日（週二） 上午 7:14]   use "Packing table"
 404.5s [8月19日（週二） 上午 7:15]   click [Pack] 打包 20 筆訂單（2 小時 40 分）
 405.4s [8月19日（週二） 上午 9:56]   click [CourierEconomy] 快遞 · 經濟 3 天（$121.20）
 415.6s [8月19日（週二） 下午 7:13]   use "Sleep"
 416.2s [8月19日（週二） 下午 7:13]   click [Sleep] Sleep until 7:00 AM
 426.9s [8月20日（週三） 上午 7:14]   use "Packing table"
 427.6s [8月20日（週三） 上午 7:15]   click [Pack] 打包 15 筆訂單（2 h）
 428.6s [8月20日（週三） 上午 9:16]   click [CourierEconomy] 快遞 · 經濟 3 天（$92.40）
 438.7s [8月20日（週三） 下午 7:13]   use "Sleep"
 439.3s [8月20日（週三） 下午 7:13]   click [Sleep] Sleep until 7:00 AM
 450.0s [8月21日（週四） 上午 7:14]   use "Packing table"
 450.7s [8月21日（週四） 上午 7:15]   click [Pack] 打包 18 筆訂單（2 小時 24 分）
 451.7s [8月21日（週四） 上午 9:40]   click [CourierEconomy] 快遞 · 經濟 3 天（$109.68）
 453.0s [8月21日（週四） 下午 2:45]   toast: 新評價 #2271：★「壞掉了，賣家不處理。」
 461.8s [8月21日（週四） 下午 7:13]   use "Sleep"
 462.4s [8月21日（週四） 下午 7:13]   click [Sleep] Sleep until 7:00 AM
 473.1s [8月22日（週五） 上午 7:14]   use "Packing table"
 473.8s [8月22日（週五） 上午 7:15]   click [Pack] 打包 10 筆訂單（1 小時 20 分）
 474.8s [8月22日（週五） 上午 8:36]   click [CourierEconomy] 快遞 · 經濟 3 天（$63.60）
 477.6s [8月22日（週五） 上午 8:40]   use "Use laptop — Company OS"
 478.2s [8月22日（週五） 上午 8:41]   click [Tab_operations] Operations
 479.0s [8月22日（週五） 上午 8:43]   click [DeliverTo_riverside_studio] 河濱大樓 7C
 479.4s [8月22日（週五） 上午 8:43]   click [Buy_tradelink_wholesale_phone_stand] 購買 $304.80
 479.7s [8月22日（週五） 上午 8:54]   click [Buy_tradelink_wholesale_phone_stand] 購買 $304.80
 488.3s [8月22日（週五） 下午 7:11]   use "Sleep"
 488.9s [8月22日（週五） 下午 7:12]   click [Sleep] Sleep until 7:00 AM
 499.6s [8月23日（週六） 上午 7:14]   use "Packing table"
 500.3s [8月23日（週六） 上午 7:15]   click [Pack] 打包 17 筆訂單（2 小時 16 分）
 501.3s [8月23日（週六） 上午 9:32]   click [CourierEconomy] 快遞 · 經濟 3 天（$103.92）
 511.4s [8月23日（週六） 下午 7:13]   use "Sleep"
 512.0s [8月23日（週六） 下午 7:13]   click [Sleep] Sleep until 7:00 AM
 522.8s [8月24日（週日） 上午 7:14]   use "Packing table"
 523.5s [8月24日（週日） 上午 7:15]   click [Pack] 打包 15 筆訂單（2 h）
 524.4s [8月24日（週日） 上午 9:16]   click [CourierEconomy] 快遞 · 經濟 3 天（$92.40）
 534.5s [8月24日（週日） 下午 7:13]   use "Sleep"
 535.1s [8月24日（週日） 下午 7:13]   click [Sleep] Sleep until 7:00 AM
 545.9s [8月25日（週一） 上午 7:14]   use "Packing table"
 546.6s [8月25日（週一） 上午 7:15]   click [Pack] 打包 17 筆訂單（2 小時 16 分）
 547.6s [8月25日（週一） 上午 9:32]   click [CourierEconomy] 快遞 · 經濟 3 天（$103.92）
 557.7s [8月25日（週一） 下午 7:13]   use "Sleep"
 558.3s [8月25日（週一） 下午 7:13]   click [Sleep] Sleep until 7:00 AM
 569.0s [8月26日（週二） 上午 7:14]   use "Packing table"
 569.7s [8月26日（週二） 上午 7:15]   click [Pack] 打包 20 筆訂單（2 小時 40 分）
 570.7s [8月26日（週二） 上午 9:56]   click [CourierEconomy] 快遞 · 經濟 3 天（$121.20）
 573.4s [8月26日（週二） 上午 10:00]   use "Use laptop — Company OS"
 574.1s [8月26日（週二） 上午 10:01]   click [Tab_operations] Operations
 574.9s [8月26日（週二） 上午 10:03]   click [DeliverTo_riverside_studio] 河濱大樓 7C
 575.3s [8月26日（週二） 上午 10:03]   click [Buy_tradelink_wholesale_wireless_earbuds] 購買 $1,008.50
 575.6s [8月26日（週二） 上午 10:14]   click [Buy_tradelink_wholesale_wireless_earbuds] 購買 $1,008.50
 575.9s [8月26日（週二） 上午 10:24]   click [Buy_tradelink_wholesale_desk_lamp] 購買 $515.60
 576.3s [8月26日（週二） 上午 10:35]   click [Buy_tradelink_wholesale_desk_lamp] 購買 $515.60
 584.8s [8月26日（週二） 下午 7:11]   use "Sleep"
 585.4s [8月26日（週二） 下午 7:11]   click [Sleep] Sleep until 7:00 AM
 596.1s [8月27日（週三） 上午 7:14]   use "Packing table"
 596.8s [8月27日（週三） 上午 7:15]   click [Pack] 打包 13 筆訂單（1 小時 44 分）
 597.8s [8月27日（週三） 上午 9:00]   click [CourierEconomy] 快遞 · 經濟 3 天（$80.88）
 607.9s [8月27日（週三） 下午 7:13]   use "Sleep"
 608.5s [8月27日（週三） 下午 7:13]   click [Sleep] Sleep until 7:00 AM
 619.2s [8月28日（週四） 上午 7:14]   use "Packing table"
 619.9s [8月28日（週四） 上午 7:15]   click [Pack] 打包 12 筆訂單（1 小時 36 分）
 620.9s [8月28日（週四） 上午 8:52]   click [CourierEconomy] 快遞 · 經濟 3 天（$75.12）
 623.6s [8月28日（週四） 上午 8:56]   use "Use laptop — Company OS"
 624.3s [8月28日（週四） 上午 8:57]   click [Tab_operations] Operations
 625.1s [8月28日（週四） 上午 8:59]   click [DeliverTo_riverside_studio] 河濱大樓 7C
 625.5s [8月28日（週四） 上午 8:59]   click [Buy_tradelink_wholesale_water_bottle] 購買 $526.80
 634.1s [8月28日（週四） 下午 7:12]   use "Sleep"
 634.7s [8月28日（週四） 下午 7:12]   click [Sleep] Sleep until 7:00 AM
 645.4s [8月29日（週五） 上午 7:14]   use "Packing table"
 646.1s [8月29日（週五） 上午 7:15]   click [Pack] 打包 20 筆訂單（2 小時 40 分）
 647.1s [8月29日（週五） 上午 9:56]   click [CourierEconomy] 快遞 · 經濟 3 天（$121.20）
 657.2s [8月29日（週五） 下午 7:13]   use "Sleep"
 657.8s [8月29日（週五） 下午 7:13]   click [Sleep] Sleep until 7:00 AM
 668.5s [8月30日（週六） 上午 7:14]   use "Packing table"
 669.2s [8月30日（週六） 上午 7:15]   click [Pack] 打包 14 筆訂單（1 小時 52 分）
 670.2s [8月30日（週六） 上午 9:08]   click [CourierEconomy] 快遞 · 經濟 3 天（$97.44）
 671.6s [8月30日（週六） 下午 7:00]   shot 13_competing_job_offer.png
 671.6s [8月30日（週六） 下午 7:00]   click [RetainEmployee] 以每週 $898.80 留人
 681.0s [8月30日（週六） 下午 7:14]   use "Sleep"
 681.6s [8月30日（週六） 下午 7:14]   click [Sleep] Sleep until 7:00 AM
 692.3s [8月31日（週日） 上午 7:14]   use "Packing table"
 693.0s [8月31日（週日） 上午 7:15]   click [Pack] 打包 24 筆訂單（3 小時 12 分）
 694.0s [8月31日（週日） 上午 10:28]   click [CourierEconomy] 快遞 · 經濟 3 天（$155.04）
 704.1s [8月31日（週日） 下午 7:13]   use "Sleep"
 704.7s [8月31日（週日） 下午 7:13]   click [Sleep] Sleep until 7:00 AM
 708.2s [9月1日（週一） 上午 7:00]   shot 14_month_close_report.png
 708.2s [9月1日（週一） 上午 7:00]   click [month close] Continue
 717.7s [9月1日（週一） 上午 7:14]   use "Packing table"
 718.3s [9月1日（週一） 上午 7:15]   click [Pack] 打包 20 筆訂單（2 小時 40 分）
 719.3s [9月1日（週一） 上午 9:56]   click [CourierEconomy] 快遞 · 經濟 3 天（$132.00）
 729.4s [9月1日（週一） 下午 7:13]   use "Sleep"
 730.0s [9月1日（週一） 下午 7:13]   click [Sleep] Sleep until 7:00 AM
 740.8s [9月2日（週二） 上午 7:14]   use "Packing table"
 741.5s [9月2日（週二） 上午 7:15]   click [Pack] 打包 19 筆訂單（2 小時 32 分）
 742.5s [9月2日（週二） 上午 9:48]   click [CourierEconomy] 快遞 · 經濟 3 天（$122.64）
 752.6s [9月2日（週二） 下午 7:13]   use "Sleep"
 753.2s [9月2日（週二） 下午 7:13]   click [Sleep] Sleep until 7:00 AM
 763.9s [9月3日（週三） 上午 7:14]   use "Packing table"
 764.6s [9月3日（週三） 上午 7:15]   click [Pack] 打包 22 筆訂單（2 小時 56 分）
 765.6s [9月3日（週三） 上午 10:12]   click [CourierEconomy] 快遞 · 經濟 3 天（$143.52）
 767.0s [9月3日（週三） 下午 7:00]   shot 15_decision_supplier_price_increase.png
 767.0s [9月3日（週三） 下午 7:00]   decision supplier_price_increase → accept
 767.0s [9月3日（週三） 下午 7:00]   click [Choice_accept] 好。繼續跟你進貨。
 768.5s [9月3日（週三） 下午 7:00]   shot 16_decision_outcome_supplier_price_increase.png
 768.5s [9月3日（週三） 下午 7:00]   click "OK"
 777.9s [9月3日（週三） 下午 7:14]   use "Sleep"
 778.5s [9月3日（週三） 下午 7:14]   click [Sleep] Sleep until 7:00 AM
 789.2s [9月4日（週四） 上午 7:14]   use "Packing table"
 789.9s [9月4日（週四） 上午 7:15]   click [Pack] 打包 23 筆訂單（3 小時 4 分）
 790.9s [9月4日（週四） 上午 10:20]   click [CourierEconomy] 快遞 · 經濟 3 天（$156.48）
 801.0s [9月4日（週四） 下午 7:13]   use "Sleep"
 801.6s [9月4日（週四） 下午 7:13]   click [Sleep] Sleep until 7:00 AM
 812.4s [9月5日（週五） 上午 7:14]   use "Packing table"
 813.1s [9月5日（週五） 上午 7:15]   click [Pack] 打包 16 筆訂單（2 小時 8 分）
 814.0s [9月5日（週五） 上午 9:24]   click [CourierEconomy] 快遞 · 經濟 3 天（$116.16）
 824.1s [9月5日（週五） 下午 7:13]   use "Sleep"
 824.8s [9月5日（週五） 下午 7:13]   click [Sleep] Sleep until 7:00 AM
 835.5s [9月6日（週六） 上午 7:14]   use "Packing table"
 836.2s [9月6日（週六） 上午 7:15]   click [Pack] 打包 30 筆訂單（4 h）
 837.2s [9月6日（週六） 上午 11:16]   click [CourierEconomy] 快遞 · 經濟 3 天（$204.00）
 847.3s [9月6日（週六） 下午 7:13]   use "Sleep"
 847.9s [9月6日（週六） 下午 7:13]   click [Sleep] Sleep until 7:00 AM
 858.6s [9月7日（週日） 上午 7:14]   use "Packing table"
 859.3s [9月7日（週日） 上午 7:15]   click [Pack] 打包 17 筆訂單（2 小時 16 分）
 860.3s [9月7日（週日） 上午 9:32]   click [CourierEconomy] 快遞 · 經濟 3 天（$111.12）
 870.4s [9月7日（週日） 下午 7:13]   use "Sleep"
 871.0s [9月7日（週日） 下午 7:13]   click [Sleep] Sleep until 7:00 AM
 881.7s [9月8日（週一） 上午 7:14]   use "Packing table"
 882.4s [9月8日（週一） 上午 7:15]   click [Pack] 打包 17 筆訂單（2 小時 16 分）
 883.4s [9月8日（週一） 上午 9:32]   click [CourierEconomy] 快遞 · 經濟 3 天（$107.52）
 886.1s [9月8日（週一） 上午 9:36]   use "Use laptop — Company OS"
 886.8s [9月8日（週一） 上午 9:37]   click [Tab_operations] Operations
 887.6s [9月8日（週一） 上午 9:39]   click [DeliverTo_riverside_studio] 河濱大樓 7C
 888.0s [9月8日（週一） 上午 9:39]   click [Buy_tradelink_wholesale_water_bottle] 購買 $603.60
 888.3s [9月8日（週一） 上午 9:50]   click [Buy_tradelink_wholesale_water_bottle] 購買 $603.60
 896.9s [9月8日（週一） 下午 7:11]   use "Sleep"
 897.5s [9月8日（週一） 下午 7:12]   click [Sleep] Sleep until 7:00 AM
 908.2s [9月9日（週二） 上午 7:14]   use "Packing table"
 908.9s [9月9日（週二） 上午 7:15]   click [Pack] 打包 21 筆訂單（2 小時 48 分）
 909.9s [9月9日（週二） 上午 10:04]   click [CourierEconomy] 快遞 · 經濟 3 天（$141.36）
 920.0s [9月9日（週二） 下午 7:13]   use "Sleep"
 920.6s [9月9日（週二） 下午 7:13]   click [Sleep] Sleep until 7:00 AM
 931.4s [9月10日（週三） 上午 7:14]   use "Packing table"
 932.1s [9月10日（週三） 上午 7:15]   click [Pack] 打包 19 筆訂單（2 小時 32 分）
 933.0s [9月10日（週三） 上午 9:48]   click [CourierEconomy] 快遞 · 經濟 3 天（$129.84）
 943.1s [9月10日（週三） 下午 7:13]   use "Sleep"
 943.7s [9月10日（週三） 下午 7:13]   click [Sleep] Sleep until 7:00 AM
 954.4s [9月11日（週四） 上午 7:14]   use "Packing table"
 955.1s [9月11日（週四） 上午 7:15]   click [Pack] 打包 22 筆訂單（2 小時 56 分）
 956.1s [9月11日（週四） 上午 10:12]   click [CourierEconomy] 快遞 · 經濟 3 天（$147.12）
 966.2s [9月11日（週四） 下午 7:13]   use "Sleep"
 966.8s [9月11日（週四） 下午 7:13]   click [Sleep] Sleep until 7:00 AM
 977.5s [9月12日（週五） 上午 7:14]   use "Packing table"
 978.2s [9月12日（週五） 上午 7:15]   click [Pack] 打包 21 筆訂單（2 小時 48 分）
 979.2s [9月12日（週五） 上午 10:04]   click [CourierEconomy] 快遞 · 經濟 3 天（$141.36）
 989.3s [9月12日（週五） 下午 7:13]   use "Sleep"
 989.9s [9月12日（週五） 下午 7:13]   click [Sleep] Sleep until 7:00 AM
1000.6s [9月13日（週六） 上午 7:14]   use "Packing table"
1001.3s [9月13日（週六） 上午 7:15]   click [Pack] 打包 28 筆訂單（3 小時 44 分）
1002.3s [9月13日（週六） 上午 11:00]   click [CourierEconomy] 快遞 · 經濟 3 天（$178.08）
1012.4s [9月13日（週六） 下午 7:13]   use "Sleep"
1013.0s [9月13日（週六） 下午 7:13]   click [Sleep] Sleep until 7:00 AM
1023.7s [9月14日（週日） 上午 7:14]   use "Packing table"
1024.4s [9月14日（週日） 上午 7:15]   click [Pack] 打包 25 筆訂單（3 小時 20 分）
1025.4s [9月14日（週日） 上午 10:36]   click [CourierEconomy] 快遞 · 經濟 3 天（$157.20）
1028.2s [9月14日（週日） 上午 10:40]   use "Use laptop — Company OS"
1028.9s [9月14日（週日） 上午 10:41]   click [Tab_operations] Operations
1029.7s [9月14日（週日） 上午 10:43]   click [DeliverTo_riverside_studio] 河濱大樓 7C
1030.0s [9月14日（週日） 上午 10:43]   click [Buy_tradelink_wholesale_wireless_earbuds] 購買 $1,009.00
1030.3s [9月14日（週日） 上午 10:54]   click [Buy_tradelink_wholesale_wireless_earbuds] 購買 $1,009.00
1030.7s [9月14日（週日） 上午 11:04]   click [Buy_tradelink_wholesale_desk_lamp] 購買 $516.00
1031.0s [9月14日（週日） 上午 11:15]   click [Buy_tradelink_wholesale_desk_lamp] 購買 $516.00
1039.5s [9月14日（週日） 下午 7:11]   use "Sleep"
1040.1s [9月14日（週日） 下午 7:11]   click [Sleep] Sleep until 7:00 AM
1050.9s [9月15日（週一） 上午 7:14]   use "Packing table"
1051.6s [9月15日（週一） 上午 7:15]   click [Pack] 打包 14 筆訂單（1 小時 52 分）
1052.5s [9月15日（週一） 上午 9:08]   click [CourierEconomy] 快遞 · 經濟 3 天（$90.24）
1062.6s [9月15日（週一） 下午 7:13]   use "Sleep"
1063.2s [9月15日（週一） 下午 7:13]   click [Sleep] Sleep until 7:00 AM
1074.0s [9月16日（週二） 上午 7:14]   use "Packing table"
1074.7s [9月16日（週二） 上午 7:15]   click [Pack] 打包 12 筆訂單（1 小時 36 分）
1075.7s [9月16日（週二） 上午 8:52]   click [CourierEconomy] 快遞 · 經濟 3 天（$82.32）
1085.8s [9月16日（週二） 下午 7:13]   use "Sleep"
1086.4s [9月16日（週二） 下午 7:13]   click [Sleep] Sleep until 7:00 AM
1097.2s [9月17日（週三） 上午 7:14]   use "Packing table"
1097.9s [9月17日（週三） 上午 7:15]   click [Pack] 打包 29 筆訂單（3 小時 52 分）
1098.8s [9月17日（週三） 上午 11:08]   click [CourierEconomy] 快遞 · 經濟 3 天（$187.44）
1109.0s [9月17日（週三） 下午 7:13]   use "Sleep"
1109.6s [9月17日（週三） 下午 7:13]   click [Sleep] Sleep until 7:00 AM
1120.3s [9月18日（週四） 上午 7:14]   use "Packing table"
1121.0s [9月18日（週四） 上午 7:15]   click [Pack] 打包 28 筆訂單（3 小時 44 分）
1122.0s [9月18日（週四） 上午 11:00]   click [CourierEconomy] 快遞 · 經濟 3 天（$192.48）
1124.8s [9月18日（週四） 上午 11:04]   use "Use laptop — Company OS"
1125.5s [9月18日（週四） 上午 11:05]   click [Tab_operations] Operations
1126.3s [9月18日（週四） 上午 11:07]   click [DeliverTo_riverside_studio] 河濱大樓 7C
1126.6s [9月18日（週四） 上午 11:07]   click [Buy_tradelink_wholesale_phone_stand] 購買 $304.00
1127.0s [9月18日（週四） 上午 11:18]   click [Buy_tradelink_wholesale_phone_stand] 購買 $304.00
1135.5s [9月18日（週四） 下午 7:11]   use "Sleep"
1136.1s [9月18日（週四） 下午 7:11]   click [Sleep] Sleep until 7:00 AM
1146.9s [9月19日（週五） 上午 7:14]   use "Packing table"
1147.6s [9月19日（週五） 上午 7:15]   click [Pack] 打包 25 筆訂單（3 小時 20 分）
1148.5s [9月19日（週五） 上午 10:36]   click [CourierEconomy] 快遞 · 經濟 3 天（$164.40）
1158.6s [9月19日（週五） 下午 7:13]   use "Sleep"
1159.2s [9月19日（週五） 下午 7:13]   click [Sleep] Sleep until 7:00 AM
1170.0s [9月20日（週六） 上午 7:14]   use "Packing table"
1170.7s [9月20日（週六） 上午 7:15]   click [Pack] 打包 40 筆訂單（5 小時 20 分）
1171.6s [9月20日（週六） 下午 12:36]   click [CourierEconomy] 快遞 · 經濟 3 天（$276.00）
1181.8s [9月20日（週六） 下午 7:13]   use "Sleep"
1182.4s [9月20日（週六） 下午 7:13]   click [Sleep] Sleep until 7:00 AM
1193.1s [9月21日（週日） 上午 7:14]   use "Packing table"
1193.8s [9月21日（週日） 上午 7:15]   click [Pack] 打包 27 筆訂單（3 小時 36 分）
1194.8s [9月21日（週日） 上午 10:52]   click [CourierEconomy] 快遞 · 經濟 3 天（$172.32）
1204.9s [9月21日（週日） 下午 7:13]   use "Sleep"
1205.5s [9月21日（週日） 下午 7:13]   click [Sleep] Sleep until 7:00 AM
1216.2s [9月22日（週一） 上午 7:14]   use "Packing table"
1216.9s [9月22日（週一） 上午 7:15]   click [Pack] 打包 19 筆訂單（2 小時 32 分）
1217.9s [9月22日（週一） 上午 9:48]   click [CourierEconomy] 快遞 · 經濟 3 天（$129.84）
1228.0s [9月22日（週一） 下午 7:13]   use "Sleep"
1228.6s [9月22日（週一） 下午 7:13]   click [Sleep] Sleep until 7:00 AM
1239.4s [9月23日（週二） 上午 7:14]   use "Packing table"
1240.1s [9月23日（週二） 上午 7:15]   click [Pack] 打包 23 筆訂單（3 小時 4 分）
1241.1s [9月23日（週二） 上午 10:20]   click [CourierEconomy] 快遞 · 經濟 3 天（$149.28）
1243.8s [9月23日（週二） 上午 10:24]   use "Use laptop — Company OS"
1244.5s [9月23日（週二） 上午 10:25]   click [Tab_operations] Operations
1245.3s [9月23日（週二） 上午 10:27]   click [DeliverTo_riverside_studio] 河濱大樓 7C
1245.7s [9月23日（週二） 上午 10:27]   click [Buy_tradelink_wholesale_water_bottle] 購買 $523.80
1246.0s [9月23日（週二） 上午 10:38]   click [Buy_tradelink_wholesale_water_bottle] 購買 $523.80
1247.0s [9月23日（週二） 下午 7:00]   shot 17_decision_supplier_price_increase.png
1247.0s [9月23日（週二） 下午 7:00]   decision supplier_price_increase → accept
1247.0s [9月23日（週二） 下午 7:00]   click [Choice_accept] 好。繼續跟你進貨。
1248.4s [9月23日（週二） 下午 7:00]   shot 18_decision_outcome_supplier_price_increase.png
1248.4s [9月23日（週二） 下午 7:00]   click "OK"
1256.7s [9月23日（週二） 下午 7:12]   use "Sleep"
1257.3s [9月23日（週二） 下午 7:12]   click [Sleep] Sleep until 7:00 AM
1268.0s [9月24日（週三） 上午 7:14]   use "Packing table"
1268.7s [9月24日（週三） 上午 7:15]   click [Pack] 打包 21 筆訂單（2 小時 48 分）
1269.7s [9月24日（週三） 上午 10:04]   click [CourierEconomy] 快遞 · 經濟 3 天（$141.36）
1279.8s [9月24日（週三） 下午 7:13]   use "Sleep"
1280.4s [9月24日（週三） 下午 7:13]   click [Sleep] Sleep until 7:00 AM
1291.2s [9月25日（週四） 上午 7:14]   use "Packing table"
1291.9s [9月25日（週四） 上午 7:15]   click [Pack] 打包 27 筆訂單（3 小時 36 分）
1292.8s [9月25日（週四） 上午 10:52]   click [CourierEconomy] 快遞 · 經濟 3 天（$186.72）
1302.9s [9月25日（週四） 下午 7:13]   use "Sleep"
1303.5s [9月25日（週四） 下午 7:13]   click [Sleep] Sleep until 7:00 AM
1314.3s [9月26日（週五） 上午 7:14]   use "Packing table"
1315.0s [9月26日（週五） 上午 7:15]   click [Pack] 打包 34 筆訂單（4 小時 32 分）
1316.0s [9月26日（週五） 上午 11:48]   click [CourierEconomy] 快遞 · 經濟 3 天（$219.84）
1317.3s [9月26日（週五） 下午 12:16]   toast: 新評價 #2978：★★「晚到還有刮痕。」
1326.1s [9月26日（週五） 下午 7:13]   use "Sleep"
1326.7s [9月26日（週五） 下午 7:13]   click [Sleep] Sleep until 7:00 AM
1337.4s [9月27日（週六） 上午 7:14]   use "Packing table"
1338.1s [9月27日（週六） 上午 7:15]   click [Pack] 打包 33 筆訂單（4 小時 24 分）
1339.1s [9月27日（週六） 上午 11:40]   click [CourierEconomy] 快遞 · 經濟 3 天（$210.48）
1349.2s [9月27日（週六） 下午 7:13]   use "Sleep"
1349.8s [9月27日（週六） 下午 7:13]   click [Sleep] Sleep until 7:00 AM
1360.5s [9月28日（週日） 上午 7:14]   use "Packing table"
1361.2s [9月28日（週日） 上午 7:15]   click [Pack] 打包 23 筆訂單（3 小時 4 分）
1362.2s [9月28日（週日） 上午 10:20]   click [CourierEconomy] 快遞 · 經濟 3 天（$145.68）
1372.3s [9月28日（週日） 下午 7:13]   use "Sleep"
1372.9s [9月28日（週日） 下午 7:13]   click [Sleep] Sleep until 7:00 AM
1383.7s [9月29日（週一） 上午 7:14]   use "Packing table"
1384.4s [9月29日（週一） 上午 7:15]   click [Pack] 打包 24 筆訂單（3 小時 12 分）
1385.4s [9月29日（週一） 上午 10:28]   click [CourierEconomy] 快遞 · 經濟 3 天（$173.04）
1388.1s [9月29日（週一） 上午 10:32]   use "Use laptop — Company OS"
1388.8s [9月29日（週一） 上午 10:33]   click [Tab_operations] Operations
1389.7s [9月29日（週一） 上午 10:35]   click [DeliverTo_riverside_studio] 河濱大樓 7C
1390.0s [9月29日（週一） 上午 10:35]   click [Buy_tradelink_wholesale_wireless_earbuds] 購買 $1,004.00
1390.3s [9月29日（週一） 上午 10:46]   click [Buy_tradelink_wholesale_wireless_earbuds] 購買 $1,004.00
1390.7s [9月29日（週一） 上午 10:56]   click [Buy_tradelink_wholesale_desk_lamp] 購買 $513.20
1391.0s [9月29日（週一） 上午 11:07]   click [Buy_tradelink_wholesale_desk_lamp] 購買 $513.20
1399.5s [9月29日（週一） 下午 7:12]   use "Sleep"
1400.1s [9月29日（週一） 下午 7:12]   click [Sleep] Sleep until 7:00 AM
1410.9s [9月30日（週二） 上午 7:14]   use "Packing table"
1411.6s [9月30日（週二） 上午 7:15]   click [Pack] 打包 34 筆訂單（4 小時 32 分）
1412.6s [9月30日（週二） 上午 11:48]   click [CourierEconomy] 快遞 · 經濟 3 天（$234.24）
1422.7s [9月30日（週二） 下午 7:13]   use "Sleep"
1423.3s [9月30日（週二） 下午 7:13]   click [Sleep] Sleep until 7:00 AM
1427.2s [10月1日（週三） 上午 7:00]   shot 19_month_close_report.png
1427.2s [10月1日（週三） 上午 7:00]   click [month close] Continue
1436.6s [10月1日（週三） 上午 7:13]   use "Packing table"
1437.3s [10月1日（週三） 上午 7:15]   click [Pack] 打包 26 筆訂單（3 小時 28 分）
1438.3s [10月1日（週三） 上午 10:44]   click [CourierEconomy] 快遞 · 經濟 3 天（$121.96）
1439.5s [10月1日（週三） 上午 10:46]   ok  Chapter 7 complete
1439.5s [10月1日（週三） 上午 10:46] FAIL Chapter 7 passed with real profit, not two losses
1439.5s [10月1日（週三） 上午 10:46]   ch7_month_profit set from actual ledger profit -$677; survived_losses=true
1439.5s [10月1日（週三） 上午 10:46] FAIL positive chapter seven monthly profit
1439.5s [10月1日（週三） 上午 10:46] STEP Chapter 8 — the Green Shift
1439.5s [10月1日（週三） 上午 10:46]   ok  Year 4: the Green Shift
1442.0s [10月1日（週三） 上午 10:51]   ok  walked back outside
1445.3s [10月1日（週三） 上午 10:56]   ok  entered Bloom Coffee
1447.0s [10月1日（週三） 上午 10:58]   use "Read the news board"
1447.7s [10月1日（週三） 上午 11:03]   shot 20_news_green_shift.png
1448.1s [10月1日（週三） 上午 11:03]   ok  read the news (green_shift)
1451.1s [10月1日（週三） 上午 11:08]   ok  walked back outside
1454.3s [10月1日（週三） 上午 11:13]   ok  entered Riverside Tower
1455.7s [10月1日（週三） 上午 11:15]   use "Use laptop — Company OS"
1456.3s [10月1日（週三） 上午 11:16]   click [Tab_operations] Operations
1457.2s [10月1日（週三） 上午 11:18]   click [Packaging_recycled] Recycled paper
1457.9s [10月1日（週三） 上午 11:19]   click [Buy_verdant_supply_solar_lamp] 購買 $501.00
1458.6s [10月1日（週三） 上午 11:30]   shot 21_operations_green.png
1459.0s [10月1日（週三） 上午 11:30]   ok  recycled packaging
1466.5s [10月1日（週三） 下午 7:12]   use "Sleep"
1467.2s [10月1日（週三） 下午 7:12]   click [Sleep] Sleep until 7:00 AM
1477.9s [10月2日（週四） 上午 7:14]   use "Packing table"
1478.6s [10月2日（週四） 上午 7:15]   click [Pack] 打包 13 筆訂單（1 小時 44 分）
1479.6s [10月2日（週四） 上午 9:08]   click [CourierEconomy] 快遞 · 經濟 3 天（$77.24）
1489.6s [10月2日（週四） 下午 7:13]   use "Sleep"
1490.2s [10月2日（週四） 下午 7:13]   click [Sleep] Sleep until 7:00 AM
1501.0s [10月3日（週五） 上午 7:14]   use "Packing table"
1501.7s [10月3日（週五） 上午 7:15]   click [Pack] 打包 21 筆訂單（2 小時 48 分）
1502.6s [10月3日（週五） 上午 10:04]   click [CourierEconomy] 快遞 · 經濟 3 天（$98.56）
1512.7s [10月3日（週五） 下午 7:13]   use "Sleep"
1513.3s [10月3日（週五） 下午 7:13]   click [Sleep] Sleep until 7:00 AM
1524.0s [10月4日（週六） 上午 7:14]   use "Packing table"
1524.7s [10月4日（週六） 上午 7:15]   click [Pack] 打包 28 筆訂單（3 小時 44 分）
1525.7s [10月4日（週六） 上午 11:08]   click [CourierEconomy] 快遞 · 經濟 3 天（$139.64）
1527.0s [10月4日（週六） 下午 7:00]   shot 22_competing_job_offer.png
1527.0s [10月4日（週六） 下午 7:00]   click [RetainEmployee] 以每週 $1,006.66 留人
