Godot Engine v4.5.1.stable.official.f62fdbde1 - https://godotengine.org
OpenGL API 3.3.0 NVIDIA 462.59 - Compatibility - Using Device: NVIDIA - Quadro RTX 4000

   0.2s STEP Main menu → New Game
   0.8s   shot 01_main_menu.png
   0.8s   click [NewGame] New Game
   0.9s   click [CreateRunCharacter] Create character
   2.2s STEP Character Creator
   2.3s   shot 02_creator_default.png
   2.4s   click [Tab_hair] Hair
   2.5s   click [Next_hair] ▶
   2.9s   click [Tab_face] Face
   3.1s   click [Next_face] ▶
   3.2s   click [Next_eye_shape] ▶
   3.4s   click [Tab_body] Body
   3.5s   click [Next_presentation] ▶
   4.2s   shot 03_creator_customised.png
   4.2s   click [Tab_outfit] Outfit
   4.3s   click "Startup Casual"
   5.0s   ok  appearance changed from default (short_neat)
   5.1s   shot 04_creator_final.png
   5.1s   click [Start] Start in Aurelia  →
   5.2s [6月1日（週日） 下午 2:00] STEP Arrival sequence
   7.9s [6月1日（週日） 下午 2:00]   shot 05_arrival_train.png
  11.4s [6月1日（週日） 下午 2:00]   shot 06_arrival_phone.png
  16.6s [6月1日（週日） 下午 2:01]   ok  spawned in the Riverside apartment
  16.6s [6月1日（週日） 下午 2:01]   ok  starting cash $30,000
  16.6s [6月1日（週日） 下午 2:01]   ok  name saved
  18.4s [6月1日（週日） 下午 2:03]   shot 07_apartment_arrival.png
  18.4s [6月1日（週日） 下午 2:03] STEP Chapter 1 — phone & Maya
  21.9s [6月1日（週日） 下午 2:08]   shot 08_phone_home.png
  21.9s [6月1日（週日） 下午 2:08]   click [App_messages] 訊息 2
  22.4s [6月1日（週日） 下午 2:08]   click [Thread_maya] Maya  ● 打給我。或傳訊息。隨便。
  24.5s [6月1日（週日） 下午 2:09]   choose "› 嗯。"
  27.5s [6月1日（週日） 下午 2:09]   choose "› 我要開公司。"
  30.9s [6月1日（週日） 下午 2:09]   ok  Maya conversation done
  30.9s [6月1日（週日） 下午 2:09] STEP Head outside
  35.1s [6月1日（週日） 下午 2:15]   ok  walked back outside
  35.1s [6月1日（週日） 下午 2:15]   ok  visited Riverside
  35.3s [6月1日（週日） 下午 2:15]   shot 09_riverside_outside_home.png
  35.3s [6月1日（週日） 下午 2:15] STEP Bloom Coffee
  38.5s [6月1日（週日） 下午 2:20]   ok  entered Bloom Coffee
  38.7s [6月1日（週日） 下午 2:20]   shot 10_bloom_coffee_inside.png
  40.0s [6月1日（週日） 下午 2:22]   use "Order coffee ($4.50)"
  42.0s [6月1日（週日） 下午 2:22]   choose "› 麻煩了。"
  46.9s [6月1日（週日） 下午 2:33]   ok  bought a coffee from Jun
  49.7s [6月1日（週日） 下午 2:38]   ok  walked back outside
  49.7s [6月1日（週日） 下午 2:38] STEP Walk east to Startup Hub
  51.2s [6月1日（週日） 下午 2:40]   shot 11_riverside_street.png
  64.3s [6月1日（週日） 下午 3:11]   ok  walked to Startup Hub
  64.5s [6月1日（週日） 下午 3:11]   shot 12_startup_hub_arrive.png
  64.5s [6月1日（週日） 下午 3:11] STEP Nexus Co-work
  68.4s [6月1日（週日） 下午 3:17]   ok  entered Nexus Co-work
  68.7s [6月1日（週日） 下午 3:17]   shot 13_cowork_inside.png
  69.9s [6月1日（週日） 下午 3:19]   use "Reception — desks & day passes"
  72.5s [6月1日（週日） 下午 3:19]   choose "› 對。先看看。"
  75.4s [6月1日（週日） 下午 3:20]   click [DayPass] Buy a day pass ($15)
  76.4s [6月1日（週日） 下午 3:21] STEP Business Board
  83.9s [6月1日（週日） 下午 3:33]   use "Business Board"
  84.7s [6月1日（週日） 下午 3:34]   shot 14_business_board.png
  84.7s [6月1日（週日） 下午 3:34]   click [Biz_saas] ● SaaS／軟體
  85.3s [6月1日（週日） 下午 3:35]   shot 15_business_board_planned_saas.png
  85.3s [6月1日（週日） 下午 3:35]   click [Biz_ecommerce] ● 電商
  85.4s [6月1日（週日） 下午 3:35]   click [StartEcommerce] Start an ecommerce side business
  86.9s [6月1日（週日） 下午 3:37]   ok  picked ecommerce as first business
  89.4s [6月1日（週日） 下午 3:41]   ok  Chapter 1 complete
  89.5s [6月1日（週日） 下午 3:41] STEP Chapter 2 — buy stock at a hot desk (Company OS)
  98.3s [6月1日（週日） 下午 3:54]   use "Work at a hot desk — Company OS"
  99.0s [6月1日（週日） 下午 3:55]   shot 16_company_os_overview_personal.png
  99.0s [6月1日（週日） 下午 3:55]   click [Tab_operations] Operations
  99.8s [6月1日（週日） 下午 3:56]   shot 17_company_os_suppliers.png
  99.8s [6月1日（週日） 下午 3:56]   click [Buy_tradelink_wholesale_wireless_earbuds] 購買 $899.50
 100.4s [6月1日（週日） 下午 4:07]   click [Buy_tradelink_wholesale_water_bottle] 購買 $408.00
 100.9s [6月1日（週日） 下午 4:18]   click [Buy_tradelink_wholesale_desk_lamp] 購買 $460.00
 101.5s [6月1日（週日） 下午 4:29]   click [Buy_tradelink_wholesale_phone_stand] 購買 $272.00
 102.1s [6月1日（週日） 下午 4:40]   ok  placed purchase orders (MOQ, prepaid): 4 POs, cash $27,941.00
 102.1s [6月1日（週日） 下午 4:40]   shot 18_company_os_purchase_orders.png
 102.5s [6月1日（週日） 下午 4:41] STEP Home to wait for stock
 105.8s [6月1日（週日） 下午 4:46]   ok  walked back outside
 109.8s [6月1日（週日） 下午 5:04]   ok  walked to Riverside
 125.7s [6月1日（週日） 下午 5:28]   ok  entered Riverside Tower
 125.8s [6月1日（週日） 下午 5:28]   (harness) wait 2 h
 128.4s [6月1日（週日） 下午 7:32]   use "Sleep"
 128.9s [6月1日（週日） 下午 7:32]   click [Sleep] Sleep until 7:00 AM
 130.9s [6月2日（週一） 上午 7:01]   (harness) wait 2 h
 131.5s [6月2日（週一） 上午 9:02]   (harness) wait 2 h
 132.2s [6月2日（週一） 上午 11:03]   (harness) wait 2 h
 132.9s [6月2日（週一） 下午 1:04]   (harness) wait 2 h
 133.6s [6月2日（週一） 下午 3:05]   (harness) wait 2 h
 134.3s [6月2日（週一） 下午 5:06]   (harness) wait 2 h
 135.1s [6月2日（週一） 下午 7:07]   use "Sleep"
 135.7s [6月2日（週一） 下午 7:07]   click [Sleep] Sleep until 7:00 AM
 137.7s [6月3日（週二） 上午 7:01]   (harness) wait 2 h
 138.3s [6月3日（週二） 上午 9:02]   (harness) wait 2 h
 139.0s [6月3日（週二） 上午 11:03]   (harness) wait 2 h
 139.7s [6月3日（週二） 下午 1:04]   (harness) wait 2 h
 140.4s [6月3日（週二） 下午 3:05]   (harness) wait 2 h
 141.1s [6月3日（週二） 下午 5:06]   ok  stock delivered to the apartment
 141.8s [6月3日（週二） 下午 5:07]   shot 19_apartment_with_stock.png
 141.8s [6月3日（週二） 下午 5:07] STEP List products on ShopLane
 142.9s [6月3日（週二） 下午 5:08]   use "Use laptop — Company OS"
 143.5s [6月3日（週二） 下午 5:09]   click [Tab_sales] Ecommerce
 144.3s [6月3日（週二） 下午 5:10]   shot 20_company_os_sales_ready.png
 144.3s [6月3日（週二） 下午 5:10]   click [ListSelf_wireless_earbuds] Shoot photos myself & list (1 h 20 min)
 145.0s [6月3日（週二） 下午 6:31]   click [ListSelf_water_bottle] Shoot photos myself & list (1 h 20 min)
 145.6s [6月3日（週二） 下午 7:52]   click [ListSelf_desk_lamp] Shoot photos myself & list (1 h 20 min)
 146.3s [6月3日（週二） 下午 9:14]   click [ListSelf_phone_stand] Shoot photos myself & list (1 h 20 min)
 147.0s [6月3日（週二） 下午 10:35]   click [AdPlus_wireless_earbuds] +
 147.7s [6月3日（週二） 下午 10:36]   shot 21_company_os_listings_live.png
 147.7s [6月3日（週二） 下午 10:36]   ok  listings live
 148.1s [6月3日（週二） 下午 10:36] STEP First order → pack → ship
 156.3s [6月3日（週二） 下午 10:49]   use "Packing table"
 157.1s [6月3日（週二） 下午 10:50]   shot 22_packing_table.png
 157.1s [6月3日（週二） 下午 10:50]   click [Pack] 打包 11 筆訂單（1 小時 28 分）
 158.1s [6月4日（週三） 上午 12:19]   click [CourierEconomy] 快遞 · 經濟 3 天（$45.20）
 159.3s [6月4日（週三） 上午 12:21]   ok  first order came in
 159.3s [6月4日（週三） 上午 12:21]   ok  handed to the courier (pickup booked)
 159.3s [6月4日（週三） 上午 12:21] STEP Delivery → first dollar
 168.1s [6月4日（週三） 上午 12:34]   use "Sleep"
 168.7s [6月4日（週三） 上午 12:34]   click [Sleep] Sleep until 7:00 AM
 179.4s [6月4日（週三） 上午 7:14]   use "Packing table"
 180.1s [6月4日（週三） 上午 7:15]   click [Pack] 打包 4 筆訂單（32 分鐘）
 181.1s [6月4日（週三） 上午 7:48]   click [CourierEconomy] 快遞 · 經濟 3 天（$22.80）
 182.3s [6月4日（週三） 上午 7:50]   ok  first order delivered (Earn Your First Dollar)
 182.3s [6月4日（週三） 上午 7:50]   revenue booked $320.89 · ShopLane balance $288.79 · cash $27,762.50
 182.5s [6月4日（週三） 上午 7:50]   shot 23_first_dollar.png
 182.5s [6月4日（週三） 上午 7:50] STEP First customer issue
 182.5s [6月4日（週三） 上午 7:50]   (harness) wait 2 h
 189.5s [6月4日（週三） 上午 10:01]   use "Packing table"
 190.2s [6月4日（週三） 上午 10:02]   click [Pack] 打包 2 筆訂單（16 分鐘）
 191.2s [6月4日（週三） 上午 10:19]   click [CourierEconomy] 快遞 · 經濟 3 天（$14.40）
 192.4s [6月4日（週三） 上午 10:21]   (harness) wait 2 h
 193.3s [6月4日（週三） 下午 12:22]   use "Packing table"
 194.0s [6月4日（週三） 下午 12:23]   click [Pack] 打包 1 筆訂單（8 分鐘）
 194.9s [6月4日（週三） 下午 12:33]   click [CourierEconomy] 快遞 · 經濟 3 天（$9.20）
 196.2s [6月4日（週三） 下午 12:35]   (harness) wait 2 h
 197.0s [6月4日（週三） 下午 2:36]   use "Packing table"
 197.7s [6月4日（週三） 下午 2:37]   click [Pack] 打包 5 筆訂單（40 分鐘）
 198.6s [6月4日（週三） 下午 3:18]   click [CourierEconomy] 快遞 · 經濟 3 天（$24.00）
 199.9s [6月4日（週三） 下午 3:20]   (harness) wait 2 h
 200.7s [6月4日（週三） 下午 5:22]   use "Packing table"
 201.4s [6月4日（週三） 下午 5:23]   click [Pack] 打包 8 筆訂單（1 小時 4 分）
 202.3s [6月4日（週三） 下午 6:28]   click [CourierEconomy] 快遞 · 經濟 3 天（$35.60）
 203.6s [6月4日（週三） 下午 6:30]   (harness) wait 2 h
 204.4s [6月4日（週三） 下午 8:31]   use "Packing table"
 205.1s [6月4日（週三） 下午 8:32]   click [Pack] 打包 14 筆訂單（1 小時 52 分）
 206.0s [6月4日（週三） 下午 10:26]   click [CourierEconomy] 快遞 · 經濟 3 天（$52.80）
 209.9s [6月4日（週三） 下午 10:31]   use "Sleep"
 210.5s [6月4日（週三） 下午 10:31]   click [Sleep] Sleep until 7:00 AM
 212.4s [6月5日（週四） 上午 7:00]   shot 24_decision_customer_return_first.png
 212.4s [6月5日（週四） 上午 7:00]   decision customer_return_first → replace
 212.4s [6月5日（週四） 上午 7:00]   click [Choice_replace] 寄一個新的（快捷）
 214.1s [6月5日（週四） 上午 7:00]   shot 25_decision_outcome_customer_return_first.png
 214.1s [6月5日（週四） 上午 7:00]   click "OK"
 223.5s [6月5日（週四） 上午 7:14]   use "Packing table"
 224.2s [6月5日（週四） 上午 7:15]   click [Pack] 打包 12 筆訂單（1 小時 36 分）
 225.2s [6月5日（週四） 上午 8:52]   click [CourierEconomy] 快遞 · 經濟 3 天（$46.40）
 226.4s [6月5日（週四） 上午 8:54]   ok  resolved the first customer issue
 228.4s [6月5日（週四） 上午 8:57]   ok  Chapter 2 complete
 228.4s [6月5日（週四） 上午 8:57] STEP Purchase cancellation
 229.9s [6月5日（週四） 上午 8:59]   use "Use laptop — Company OS"
 230.6s [6月5日（週四） 上午 9:00]   click [Tab_operations] Operations
 231.3s [6月5日（週四） 上午 9:01]   click [Buy_tradelink_wholesale_wireless_earbuds] 購買 $902.50
 232.4s [6月5日（週四） 上午 9:13]   click [CancelPO_PO-105] Cancel purchase
 233.2s [6月5日（週四） 上午 9:13]   shot 26_purchase_cancel_confirmation.png
 233.2s [6月5日（週四） 上午 9:13]   click [ConfirmReturn] Confirm cancellation
 233.9s [6月5日（週四） 上午 9:13]   ok  extra PO cancelled through UI
 233.9s [6月5日（週四） 上午 9:13]   ok  cancellation cash equals quoted refund
 233.9s [6月5日（週四） 上午 9:13]   ok  ledger balanced after purchase cancellation
 234.4s [6月5日（週四） 上午 9:14]   shot 27_purchase_cancelled_operations.png
 234.8s [6月5日（週四） 上午 9:15] STEP Chapter 3 — wait for a weekday morning
 237.5s [6月5日（週四） 上午 9:20]   ok  walked back outside
 237.5s [6月5日（週四） 上午 9:20] STEP Metro to Civic Center → City Hall
 245.7s [6月5日（週四） 上午 9:32]   use "捷運——河濱區站"
 246.7s [6月5日（週四） 上午 9:33]   shot 28_metro_civic_center.png
 246.7s [6月5日（週四） 上午 9:33]   click [Go_civic_center] 市政中心  ·  12 分鐘
 247.9s [6月5日（週四） 上午 9:47]   ok  took the Metro to Civic Center
 248.0s [6月5日（週四） 上午 9:47]   shot 29_civic_center.png
 255.2s [6月5日（週四） 上午 9:58]   ok  entered Aurelia City Hall
 255.3s [6月5日（週四） 上午 9:58]   shot 30_city_hall_inside.png
 256.4s [6月5日（週四） 上午 10:00]   use "Registration counter"
 258.4s [6月5日（週四） 上午 10:00]   choose "› 我要登記公司。"
 261.2s [6月5日（週四） 上午 10:01]   shot 31_registration_form.png
 261.2s [6月5日（週四） 上午 10:01]   click [Submit] Register & pay
 262.2s [6月5日（週四） 上午 10:47]   shot 32_registration_done.png
 262.2s [6月5日（週四） 上午 10:47]   click "Thanks"
 262.3s [6月5日（週四） 上午 10:47]   ok  registered Riverlight Goods
 264.8s [6月5日（週四） 上午 10:52]   ok  walked back outside
 264.8s [6月5日（週四） 上午 10:52] STEP Walk to the Financial District → Nexus Bank
 269.9s [6月5日（週四） 上午 11:00]   shot 33_decision_low_cash_warning.png
 269.9s [6月5日（週四） 上午 11:00]   decision low_cash_warning → reduce
 269.9s [6月5日（週四） 上午 11:00]   click [Choice_reduce] 縮減開支（暫停廣告、生活從簡）
 271.4s [6月5日（週四） 上午 11:00]   shot 34_decision_outcome_low_cash_warning.png
 271.4s [6月5日（週四） 上午 11:00]   click "OK"
 276.6s [6月5日（週四） 上午 11:13]   ok  walked to Financial District
 280.7s [6月5日（週四） 上午 11:19]   ok  entered Nexus Bank
 280.9s [6月5日（週四） 上午 11:19]   shot 35_bank_inside.png
 281.9s [6月5日（週四） 上午 11:21]   use "Teller — business banking"
 282.7s [6月5日（週四） 上午 11:22]   click "$15,000"
 283.0s [6月5日（週四） 上午 11:23]   click [OpenAccount] 存入 $15,000 開戶
 284.2s [6月5日（週四） 上午 11:54]   shot 36_bank_account_opened.png
 284.6s [6月5日（週四） 上午 11:55]   ok  business account opened with founder capital
 286.9s [6月5日（週四） 上午 11:59]   ok  walked back outside
 286.9s [6月5日（週四） 上午 11:59] STEP Metro to Startup Hub → lease Suite 2B
 293.4s [6月5日（週四） 下午 12:09]   use "捷運——金融區站"
 294.4s [6月5日（週四） 下午 12:11]   shot 37_metro_startup_hub.png
 294.4s [6月5日（週四） 下午 12:11]   click [Go_startup_hub] 新創園區  ·  8 分鐘
 295.4s [6月5日（週四） 下午 12:20]   ok  took the Metro to Startup Hub
 300.5s [6月5日（週四） 下午 12:28]   ok  entered 22 Founders Lane
 300.6s [6月5日（週四） 下午 12:28]   shot 38_suite_2b_tour.png
 301.5s [6月5日（週四） 下午 12:29]   use "和 Tom 說話"
 304.0s [6月5日（週四） 下午 12:29]   click [SignLease] Sign the lease
 305.2s [6月5日（週四） 下午 12:31]   ok  leased Suite 2B
 305.9s [6月5日（週四） 下午 12:32]   shot 39_suite_2b_company_sign.png
 305.9s [6月5日（週四） 下午 12:32] STEP Sit at the desk → Company OS as the company
 306.5s [6月5日（週四） 下午 12:33]   use "Sit at your desk — Company OS"
 307.7s [6月5日（週四） 下午 12:35]   shot 40_company_os_as_company.png
 307.7s [6月5日（週四） 下午 12:35]   click [Tab_finance] Finance
 308.5s [6月5日（週四） 下午 12:36]   shot 41_company_os_finance.png
 308.5s [6月5日（週四） 下午 12:36]   click [Tab_inventory] Inventory
 309.1s [6月5日（週四） 下午 12:37]   shot 42_company_os_inventory.png
 312.6s [6月5日（週四） 下午 12:42]   ok  Chapter 3 complete
 314.9s [6月5日（週四） 下午 12:47]   ok  walked back outside
 315.1s [6月5日（週四） 下午 12:47]   shot 43_startup_hub_office_sign.png
 315.1s [6月5日（週四） 下午 12:47] STEP Careers — part-time job at Nexus Co-work
 321.5s [6月5日（週四） 下午 12:56]   ok  entered Nexus Co-work
 323.8s [6月5日（週四） 下午 1:00]   use "Business Board"
 324.5s [6月5日（週四） 下午 1:01]   click [Page_jobs] Part-time jobs
 325.1s [6月5日（週四） 下午 1:02]   shot 44_business_board_jobs.png
 325.1s [6月5日（週四） 下午 1:02]   click [Job_cowork_host] 詳情／應徵
 325.7s [6月5日（週四） 下午 1:03]   click [ApplyJob] Take the job
 326.3s [6月5日（週四） 下午 1:04]   shot 45_job_hired.png
 327.5s [6月5日（週四） 下午 1:05]   ok  hired as a community host
 334.3s [6月5日（週四） 下午 1:15]   use "Staff door — work a shift"
 335.0s [6月5日（週四） 下午 1:16]   shot 46_job_shift.png
 335.0s [6月5日（週四） 下午 1:16]   click [WorkShift] 開始 4 小時的班（最多 +$73）
 337.0s [6月5日（週四） 下午 5:19]   ok  a 4-hour shift paid by how it went ($68.66)
 337.0s [6月5日（週四） 下午 5:19] STEP Careers — freelance gig at a hot desk
 337.0s [6月5日（週四） 下午 5:19]   info card: Your first business loop
 337.0s [6月5日（週四） 下午 5:19]   shot 47_info_your_first_business_loop.png
 337.0s [6月5日（週四） 下午 5:19]   click "Let's go"
 346.1s [6月5日（週四） 下午 5:32]   use "Work at a hot desk — Company OS"
 346.7s [6月5日（週四） 下午 5:33]   click [Tab_freelance] Explore freelance consulting
 347.3s [6月5日（週四） 下午 5:34]   click [StartFreelance] Start freelancing
 348.0s [6月5日（週四） 下午 5:35]   click [Accept_G1] Accept
 348.6s [6月5日（週四） 下午 5:36]   click [Work_G1] 工作 2 小時
 349.4s [6月5日（週四） 下午 7:37]   shot 48_freelance_gig.png
 349.4s [6月5日（週四） 下午 7:37]   ok  put hours into a freelance gig
 349.4s [6月5日（週四） 下午 7:37] STEP Careers — start a SaaS product
 349.4s [6月5日（週四） 下午 7:37]   click [Tab_saas] Start a software product
 350.1s [6月5日（週四） 下午 7:38]   shot 49_saas_ideas.png
 350.1s [6月5日（週四） 下午 7:38]   click [Saas_freelancer_invoicing] Build this
 350.6s [6月5日（週四） 下午 7:39]   click [SaasCode] 寫程式 2 小時
 351.4s [6月5日（週四） 下午 9:40]   shot 50_saas_building.png
 351.4s [6月5日（週四） 下午 9:40]   ok  started building a SaaS product (2 dev h)
 355.1s [6月5日（週四） 下午 9:46]   ok  walked back outside
 355.1s [6月5日（週四） 下午 9:46] STEP Run the company to month-end
 359.1s [6月5日（週四） 下午 10:04]   ok  walked to Riverside
 375.0s [6月5日（週四） 下午 10:28]   ok  entered Riverside Tower
 377.0s [6月5日（週四） 下午 10:31]   use "Sleep"
 377.6s [6月5日（週四） 下午 10:31]   click [Sleep] Sleep until 7:00 AM
 388.3s [6月6日（週五） 上午 7:14]   use "Packing table"
 389.0s [6月6日（週五） 上午 7:15]   click [Pack] 打包 48 筆訂單（6 小時 24 分）
 390.0s [6月6日（週五） 下午 1:40]   click [CourierEconomy] 快遞 · 經濟 3 天（$173.60）
 400.2s [6月6日（週五） 下午 7:14]   use "Sleep"
 400.8s [6月6日（週五） 下午 7:14]   click [Sleep] Sleep until 7:00 AM
 411.5s [6月7日（週六） 上午 7:14]   use "Packing table"
 412.2s [6月7日（週六） 上午 7:15]   click [Pack] 打包 54 筆訂單（7 小時 12 分）
 413.2s [6月7日（週六） 下午 2:28]   click [CourierEconomy] 快遞 · 經濟 3 天（$196.80）
 416.1s [6月7日（週六） 下午 2:33]   use "Use laptop — Company OS"
 416.7s [6月7日（週六） 下午 2:33]   click [Tab_operations] Operations
 416.9s [6月7日（週六） 下午 2:34]   click [DeliverTo_riverside_studio] 河濱大樓 7C
 417.2s [6月7日（週六） 下午 2:34]   click [Buy_tradelink_wholesale_water_bottle] 購買 $409.20
 417.5s [6月7日（週六） 下午 2:45]   click [Buy_tradelink_wholesale_wireless_earbuds] 購買 $902.50
 426.0s [6月7日（週六） 下午 7:11]   use "Sleep"
 426.6s [6月7日（週六） 下午 7:11]   click [Sleep] Sleep until 7:00 AM
 437.4s [6月8日（週日） 上午 7:14]   use "Packing table"
 438.0s [6月8日（週日） 上午 7:15]   click [Pack] 打包 45 筆訂單（6 h）
 439.0s [6月8日（週日） 下午 1:16]   click [CourierEconomy] 快遞 · 經濟 3 天（$174.00）
 441.8s [6月8日（週日） 下午 1:20]   use "Use laptop — Company OS"
 442.5s [6月8日（週日） 下午 1:21]   click [Tab_operations] Operations
 442.8s [6月8日（週日） 下午 1:22]   click [DeliverTo_riverside_studio] 河濱大樓 7C
 443.1s [6月8日（週日） 下午 1:22]   click [Buy_tradelink_wholesale_water_bottle] 購買 $409.80
 443.4s [6月8日（週日） 下午 1:33]   click [Buy_tradelink_wholesale_wireless_earbuds] 購買 $904.00
 444.3s [6月8日（週日） 下午 7:00]   shot 51_decision_customer_return.png
 444.3s [6月8日（週日） 下午 7:00]   decision customer_return → refund
 444.3s [6月8日（週日） 下午 7:00]   click [Choice_refund] 退款＋收回商品
 445.7s [6月8日（週日） 下午 7:00]   shot 52_decision_outcome_customer_return.png
 445.7s [6月8日（週日） 下午 7:00]   click "OK"
 454.0s [6月8日（週日） 下午 7:12]   use "Sleep"
 454.6s [6月8日（週日） 下午 7:12]   click [Sleep] Sleep until 7:00 AM
 465.3s [6月9日（週一） 上午 7:14]   use "Packing table"
 466.0s [6月9日（週一） 上午 7:15]   click [Pack] 打包 26 筆訂單（3 小時 28 分）
 467.0s [6月9日（週一） 上午 10:44]   click [CourierEconomy] 快遞 · 經濟 3 天（$93.20）
 468.2s [6月9日（週一） 上午 10:45]   shot 53_decision_customer_return.png
 468.2s [6月9日（週一） 上午 10:45]   decision customer_return → refund
 468.2s [6月9日（週一） 上午 10:45]   click [Choice_refund] 退款＋收回商品
 469.6s [6月9日（週一） 上午 10:45]   shot 54_decision_outcome_customer_return.png
 469.6s [6月9日（週一） 上午 10:45]   click "OK"
 471.8s [6月9日（週一） 上午 10:48]   use "Use laptop — Company OS"
 472.4s [6月9日（週一） 上午 10:49]   click [Tab_operations] Operations
 472.7s [6月9日（週一） 上午 10:49]   click [DeliverTo_riverside_studio] 河濱大樓 7C
 473.0s [6月9日（週一） 上午 10:49]   click [Buy_tradelink_wholesale_water_bottle] 購買 $409.80
 473.4s [6月9日（週一） 上午 11:00]   click [Buy_tradelink_wholesale_wireless_earbuds] 購買 $904.50
 481.9s [6月9日（週一） 下午 7:12]   use "Sleep"
 482.5s [6月9日（週一） 下午 7:12]   click [Sleep] Sleep until 7:00 AM
 493.2s [6月10日（週二） 上午 7:14]   use "Packing table"
 493.9s [6月10日（週二） 上午 7:15]   click [Pack] 打包 25 筆訂單（3 小時 20 分）
 494.9s [6月10日（週二） 上午 10:44]   click [CourierEconomy] 快遞 · 經濟 3 天（$89.20）
 496.4s [6月10日（週二） 下午 7:00]   shot 55_decision_supplier_price_increase.png
 496.4s [6月10日（週二） 下午 7:00]   decision supplier_price_increase → accept
 496.4s [6月10日（週二） 下午 7:00]   click [Choice_accept] 好。繼續跟你進貨。
 497.8s [6月10日（週二） 下午 7:00]   shot 56_decision_outcome_supplier_price_increase.png
 497.8s [6月10日（週二） 下午 7:00]   click "OK"
 507.2s [6月10日（週二） 下午 7:13]   use "Sleep"
 507.8s [6月10日（週二） 下午 7:14]   click [Sleep] Sleep until 7:00 AM
 518.6s [6月11日（週三） 上午 7:14]   use "Packing table"
 519.2s [6月11日（週三） 上午 7:15]   click [Pack] 打包 31 筆訂單（4 小時 8 分）
 520.2s [6月11日（週三） 上午 11:24]   click [CourierEconomy] 快遞 · 經濟 3 天（$105.20）
 521.7s [6月11日（週三） 下午 7:00]   shot 57_decision_customer_return.png
 521.7s [6月11日（週三） 下午 7:00]   decision customer_return → replace
 521.7s [6月11日（週三） 下午 7:00]   click [Choice_replace] 寄一個新的
 523.1s [6月11日（週三） 下午 7:00]   shot 58_decision_outcome_customer_return.png
 523.1s [6月11日（週三） 下午 7:00]   click "OK"
 532.5s [6月11日（週三） 下午 7:13]   use "Sleep"
 533.1s [6月11日（週三） 下午 7:14]   click [Sleep] Sleep until 7:00 AM
 543.9s [6月12日（週四） 上午 7:14]   use "Packing table"
 544.6s [6月12日（週四） 上午 7:15]   click [Pack] 打包 24 筆訂單（3 小時 12 分）
 545.5s [6月12日（週四） 上午 10:28]   click [CourierEconomy] 快遞 · 經濟 3 天（$82.80）
 547.0s [6月12日（週四） 下午 7:00]   shot 59_decision_customer_return.png
 547.0s [6月12日（週四） 下午 7:00]   decision customer_return → replace
 547.0s [6月12日（週四） 下午 7:00]   click [Choice_replace] 寄一個新的
 548.4s [6月12日（週四） 下午 7:00]   shot 60_decision_outcome_customer_return.png
 548.4s [6月12日（週四） 下午 7:00]   click "OK"
 551.9s [6月12日（週四） 下午 7:05]   shot 61_decision_customer_return.png
 551.9s [6月12日（週四） 下午 7:05]   decision customer_return → replace
 551.9s [6月12日（週四） 下午 7:05]   click [Choice_replace] 寄一個新的
 553.3s [6月12日（週四） 下午 7:05]   shot 62_decision_outcome_customer_return.png
 553.3s [6月12日（週四） 下午 7:05]   click "OK"
 553.9s [6月12日（週四） 下午 7:05]   use "Sleep"
 554.5s [6月12日（週四） 下午 7:05]   click [Sleep] Sleep until 7:00 AM
 556.4s [6月13日（週五） 上午 7:00]   shot 63_decision_customer_return.png
 556.4s [6月13日（週五） 上午 7:00]   decision customer_return → replace
 556.4s [6月13日（週五） 上午 7:00]   click [Choice_replace] 寄一個新的
 557.9s [6月13日（週五） 上午 7:00]   shot 64_decision_outcome_customer_return.png
 557.9s [6月13日（週五） 上午 7:00]   click "OK"
 558.5s [6月13日（週五） 上午 7:00]   shot 65_decision_customer_return.png
 558.5s [6月13日（週五） 上午 7:00]   decision customer_return → refund
 558.5s [6月13日（週五） 上午 7:00]   click [Choice_refund] 退款＋收回商品
 559.9s [6月13日（週五） 上午 7:00]   shot 66_decision_outcome_customer_return.png
 559.9s [6月13日（週五） 上午 7:00]   click "OK"
 569.3s [6月13日（週五） 上午 7:14]   use "Packing table"
 570.0s [6月13日（週五） 上午 7:15]   click [Pack] 打包 43 筆訂單（5 小時 44 分）
 571.0s [6月13日（週五） 下午 1:00]   click [CourierEconomy] 快遞 · 經濟 3 天（$143.60）
 572.3s [6月13日（週五） 下午 1:01]   shot 67_decision_customer_return.png
 572.3s [6月13日（週五） 下午 1:01]   decision customer_return → refund
 572.3s [6月13日（週五） 下午 1:01]   click [Choice_refund] 退款＋收回商品
 573.7s [6月13日（週五） 下午 1:01]   shot 68_decision_outcome_customer_return.png
 573.7s [6月13日（週五） 下午 1:01]   click "OK"
 574.3s [6月13日（週五） 下午 1:01]   shot 69_decision_customer_return.png
 574.3s [6月13日（週五） 下午 1:01]   decision customer_return → replace
 574.3s [6月13日（週五） 下午 1:01]   click [Choice_replace] 寄一個新的
 575.7s [6月13日（週五） 下午 1:01]   shot 70_decision_outcome_customer_return.png
 575.7s [6月13日（週五） 下午 1:01]   click "OK"
 585.2s [6月13日（週五） 下午 7:14]   use "Sleep"
 585.8s [6月13日（週五） 下午 7:14]   click [Sleep] Sleep until 7:00 AM
 587.7s [6月14日（週六） 上午 7:00]   shot 71_decision_customer_return.png
 587.7s [6月14日（週六） 上午 7:00]   decision customer_return → refund
 587.7s [6月14日（週六） 上午 7:00]   click [Choice_refund] 退款＋收回商品
 589.1s [6月14日（週六） 上午 7:00]   shot 72_decision_outcome_customer_return.png
 589.1s [6月14日（週六） 上午 7:00]   click "OK"
 598.5s [6月14日（週六） 上午 7:13]   use "Packing table"
 599.2s [6月14日（週六） 上午 7:15]   click [Pack] 打包 26 筆訂單（3 小時 28 分）
 600.2s [6月14日（週六） 上午 10:44]   click [CourierEconomy] 快遞 · 經濟 3 天（$91.20）
 601.6s [6月14日（週六） 下午 7:00]   shot 73_decision_customer_return.png
 601.6s [6月14日（週六） 下午 7:00]   decision customer_return → refund
 601.6s [6月14日（週六） 下午 7:00]   click [Choice_refund] 退款＋收回商品
 603.1s [6月14日（週六） 下午 7:00]   shot 74_decision_outcome_customer_return.png
 603.1s [6月14日（週六） 下午 7:00]   click "OK"
 612.5s [6月14日（週六） 下午 7:13]   use "Sleep"
 613.1s [6月14日（週六） 下午 7:14]   click [Sleep] Sleep until 7:00 AM
 615.0s [6月15日（週日） 上午 7:00]   shot 75_decision_customer_return.png
 615.0s [6月15日（週日） 上午 7:00]   decision customer_return → replace
 615.0s [6月15日（週日） 上午 7:00]   click [Choice_replace] 寄一個新的
 616.4s [6月15日（週日） 上午 7:00]   shot 76_decision_outcome_customer_return.png
 616.4s [6月15日（週日） 上午 7:00]   click "OK"
 625.8s [6月15日（週日） 上午 7:14]   use "Packing table"
 626.5s [6月15日（週日） 上午 7:15]   click [Pack] 打包 41 筆訂單（5 小時 28 分）
 627.5s [6月15日（週日） 下午 12:44]   click [CourierEconomy] 快遞 · 經濟 3 天（$139.20）
 629.0s [6月15日（週日） 下午 7:00]   shot 77_decision_customer_return.png
 629.0s [6月15日（週日） 下午 7:00]   decision customer_return → replace
 629.0s [6月15日（週日） 下午 7:00]   click [Choice_replace] 寄一個新的
 630.4s [6月15日（週日） 下午 7:00]   shot 78_decision_outcome_customer_return.png
 630.4s [6月15日（週日） 下午 7:00]   click "OK"
 631.0s [6月15日（週日） 下午 7:00]   shot 79_decision_customer_return.png
 631.0s [6月15日（週日） 下午 7:00]   decision customer_return → replace
 631.0s [6月15日（週日） 下午 7:00]   click [Choice_replace] 寄一個新的
 632.4s [6月15日（週日） 下午 7:00]   shot 80_decision_outcome_customer_return.png
 632.4s [6月15日（週日） 下午 7:00]   click "OK"
 641.8s [6月15日（週日） 下午 7:13]   use "Sleep"
 642.4s [6月15日（週日） 下午 7:14]   click [Sleep] Sleep until 7:00 AM
 644.3s [6月16日（週一） 上午 7:00]   shot 81_decision_customer_return.png
 644.3s [6月16日（週一） 上午 7:00]   decision customer_return → replace
 644.3s [6月16日（週一） 上午 7:00]   click [Choice_replace] 寄一個新的
 645.8s [6月16日（週一） 上午 7:00]   shot 82_decision_outcome_customer_return.png
 645.8s [6月16日（週一） 上午 7:00]   click "OK"
 655.2s [6月16日（週一） 上午 7:14]   use "Packing table"
 655.9s [6月16日（週一） 上午 7:15]   click [Pack] 打包 36 筆訂單（4 小時 48 分）
 656.8s [6月16日（週一） 下午 12:04]   click [CourierEconomy] 快遞 · 經濟 3 天（$121.20）
 658.1s [6月16日（週一） 下午 12:05]   shot 83_decision_viral_mention.png
 658.1s [6月16日（週一） 下午 12:05]   decision viral_mention → ride
 658.1s [6月16日（週一） 下午 12:05]   click [Choice_ride] 順其自然
 659.5s [6月16日（週一） 下午 12:05]   shot 84_decision_outcome_viral_mention.png
 659.5s [6月16日（週一） 下午 12:05]   click "OK"
 660.1s [6月16日（週一） 下午 12:05]   shot 85_decision_customer_return.png
 660.1s [6月16日（週一） 下午 12:05]   decision customer_return → replace
 660.1s [6月16日（週一） 下午 12:05]   click [Choice_replace] 寄一個新的
 661.5s [6月16日（週一） 下午 12:05]   shot 86_decision_outcome_customer_return.png
 661.5s [6月16日（週一） 下午 12:05]   click "OK"
 671.0s [6月16日（週一） 下午 7:14]   use "Sleep"
 671.6s [6月16日（週一） 下午 7:14]   click [Sleep] Sleep until 7:00 AM
 682.4s [6月17日（週二） 上午 7:14]   use "Packing table"
 683.1s [6月17日（週二） 上午 7:15]   click [Pack] 打包 48 筆訂單（6 小時 24 分）
 684.1s [6月17日（週二） 下午 1:48]   click [CourierEconomy] 快遞 · 經濟 3 天（$162.80）
 685.3s [6月17日（週二） 下午 1:50]   shot 87_decision_customer_return.png
 685.3s [6月17日（週二） 下午 1:50]   decision customer_return → refund
 685.3s [6月17日（週二） 下午 1:50]   click [Choice_refund] 退款＋收回商品
 686.7s [6月17日（週二） 下午 1:50]   shot 88_decision_outcome_customer_return.png
 686.7s [6月17日（週二） 下午 1:50]   click "OK"
 687.3s [6月17日（週二） 下午 1:50]   shot 89_decision_customer_return.png
 687.3s [6月17日（週二） 下午 1:50]   decision customer_return → replace
 687.3s [6月17日（週二） 下午 1:50]   click [Choice_replace] 寄一個新的
 688.8s [6月17日（週二） 下午 1:50]   shot 90_decision_outcome_customer_return.png
 688.8s [6月17日（週二） 下午 1:50]   click "OK"
 690.9s [6月17日（週二） 下午 1:53]   use "Use laptop — Company OS"
 691.5s [6月17日（週二） 下午 1:54]   click [Tab_operations] Operations
 691.8s [6月17日（週二） 下午 1:54]   click [DeliverTo_riverside_studio] 河濱大樓 7C
 692.2s [6月17日（週二） 下午 1:54]   click [Buy_tradelink_wholesale_water_bottle] 購買 $470.40
 700.7s [6月17日（週二） 下午 7:11]   use "Sleep"
 701.2s [6月17日（週二） 下午 7:11]   click [Sleep] Sleep until 7:00 AM
 703.1s [6月18日（週三） 上午 7:00]   shot 91_decision_customer_return.png
 703.1s [6月18日（週三） 上午 7:00]   decision customer_return → replace
 703.1s [6月18日（週三） 上午 7:00]   click [Choice_replace] 寄一個新的
 704.6s [6月18日（週三） 上午 7:00]   shot 92_decision_outcome_customer_return.png
 704.6s [6月18日（週三） 上午 7:00]   click "OK"
 714.0s [6月18日（週三） 上午 7:13]   use "Packing table"
 714.7s [6月18日（週三） 上午 7:15]   click [Pack] 打包 25 筆訂單（3 小時 20 分）
 715.6s [6月18日（週三） 上午 10:36]   click [CourierEconomy] 快遞 · 經濟 3 天（$86.00）
 716.9s [6月18日（週三） 上午 10:37]   shot 93_decision_unexpected_large_order.png
 716.9s [6月18日（週三） 上午 10:37]   decision unexpected_large_order → review
 716.9s [6月18日（週三） 上午 10:37]   click [Choice_review] 把合約寄給我，我看看。
 718.3s [6月18日（週三） 上午 10:37]   shot 94_decision_outcome_unexpected_large_order.png
 718.3s [6月18日（週三） 上午 10:37]   click "OK"
 720.5s [6月18日（週三） 上午 10:40]   use "Use laptop — Company OS"
 721.1s [6月18日（週三） 上午 10:41]   click [Tab_operations] Operations
 721.4s [6月18日（週三） 上午 10:41]   click [DeliverTo_riverside_studio] 河濱大樓 7C
 721.7s [6月18日（週三） 上午 10:41]   click [Buy_tradelink_wholesale_water_bottle] 購買 $471.00
 722.0s [6月18日（週三） 上午 10:52]   click [Tab_contracts] 合約 ●
 722.8s [6月18日（週三） 上午 10:53]   shot 95_contract_offer.png
 722.8s [6月18日（週三） 上午 10:53]   click [AcceptContract] Accept
 731.7s [6月18日（週三） 下午 7:11]   use "Sleep"
 732.3s [6月18日（週三） 下午 7:11]   click [Sleep] Sleep until 7:00 AM
 743.0s [6月19日（週四） 上午 7:14]   use "Packing table"
 743.7s [6月19日（週四） 上午 7:15]   click [Pack] 打包 19 筆訂單（2 小時 32 分）
 744.7s [6月19日（週四） 上午 9:48]   click [CourierEconomy] 快遞 · 經濟 3 天（$66.80）
 747.5s [6月19日（週四） 上午 9:52]   use "Use laptop — Company OS"
 748.1s [6月19日（週四） 上午 9:53]   click [Tab_operations] Operations
 748.5s [6月19日（週四） 上午 9:54]   click [DeliverTo_riverside_studio] 河濱大樓 7C
 748.8s [6月19日（週四） 上午 9:54]   click [Buy_tradelink_wholesale_water_bottle] 購買 $471.00
 749.1s [6月19日（週四） 上午 10:05]   click [Buy_tradelink_wholesale_water_bottle] 購買 $471.00
 749.4s [6月19日（週四） 上午 10:15]   click [Buy_tradelink_wholesale_water_bottle] 購買 $471.00
 749.7s [6月19日（週四） 上午 10:26]   click [Buy_tradelink_wholesale_wireless_earbuds] 購買 $904.00
 750.1s [6月19日（週四） 上午 10:36]   click [Tab_contracts] Contracts
 751.3s [6月19日（週四） 下午 7:00]   shot 96_decision_customer_return.png
 751.3s [6月19日（週四） 下午 7:00]   decision customer_return → replace
 751.3s [6月19日（週四） 下午 7:00]   click [Choice_replace] 寄一個新的
 752.7s [6月19日（週四） 下午 7:00]   shot 97_decision_outcome_customer_return.png
 752.7s [6月19日（週四） 下午 7:00]   click "OK"
 753.3s [6月19日（週四） 下午 7:00]   shot 98_decision_customer_return.png
 753.3s [6月19日（週四） 下午 7:00]   decision customer_return → refund
 753.3s [6月19日（週四） 下午 7:00]   click [Choice_refund] 退款＋收回商品
 754.7s [6月19日（週四） 下午 7:00]   shot 99_decision_outcome_customer_return.png
 754.7s [6月19日（週四） 下午 7:00]   click "OK"
 755.3s [6月19日（週四） 下午 7:00]   shot 100_decision_customer_return.png
 755.3s [6月19日（週四） 下午 7:00]   decision customer_return → replace
 755.3s [6月19日（週四） 下午 7:00]   click [Choice_replace] 寄一個新的
 756.7s [6月19日（週四） 下午 7:00]   shot 101_decision_outcome_customer_return.png
 756.7s [6月19日（週四） 下午 7:00]   click "OK"
 765.0s [6月19日（週四） 下午 7:12]   use "Sleep"
 765.6s [6月19日（週四） 下午 7:12]   click [Sleep] Sleep until 7:00 AM
 776.4s [6月20日（週五） 上午 7:14]   use "Packing table"
 777.0s [6月20日（週五） 上午 7:15]   click [Pack] 打包 14 筆訂單（1 小時 52 分）
 778.0s [6月20日（週五） 上午 9:08]   click [CourierEconomy] 快遞 · 經濟 3 天（$50.80）
 779.2s [6月20日（週五） 上午 9:09]   shot 102_decision_customer_return.png
 779.2s [6月20日（週五） 上午 9:09]   decision customer_return → replace
 779.2s [6月20日（週五） 上午 9:09]   click [Choice_replace] 寄一個新的
 780.7s [6月20日（週五） 上午 9:09]   shot 103_decision_outcome_customer_return.png
 780.7s [6月20日（週五） 上午 9:09]   click "OK"
 782.8s [6月20日（週五） 上午 9:12]   use "Use laptop — Company OS"
 783.4s [6月20日（週五） 上午 9:13]   click [Tab_operations] Operations
 783.7s [6月20日（週五） 上午 9:13]   click [DeliverTo_riverside_studio] 河濱大樓 7C
 784.1s [6月20日（週五） 上午 9:13]   click [Buy_tradelink_wholesale_water_bottle] 購買 $471.60
 784.4s [6月20日（週五） 上午 9:24]   click [Buy_tradelink_wholesale_water_bottle] 購買 $471.60
 784.7s [6月20日（週五） 上午 9:34]   click [Buy_tradelink_wholesale_wireless_earbuds] 購買 $904.50
 785.1s [6月20日（週五） 上午 9:45]   click [Tab_contracts] Contracts
 793.9s [6月20日（週五） 下午 7:11]   use "Sleep"
 794.5s [6月20日（週五） 下午 7:11]   click [Sleep] Sleep until 7:00 AM
 796.4s [6月21日（週六） 上午 7:00]   shot 104_decision_customer_return.png
 796.4s [6月21日（週六） 上午 7:00]   decision customer_return → replace
 796.4s [6月21日（週六） 上午 7:00]   click [Choice_replace] 寄一個新的
 797.8s [6月21日（週六） 上午 7:00]   shot 105_decision_outcome_customer_return.png
 797.8s [6月21日（週六） 上午 7:00]   click "OK"
 798.4s [6月21日（週六） 上午 7:00]   shot 106_decision_customer_return.png
 798.4s [6月21日（週六） 上午 7:00]   decision customer_return → replace
 798.4s [6月21日（週六） 上午 7:00]   click [Choice_replace] 寄一個新的
 799.8s [6月21日（週六） 上午 7:00]   shot 107_decision_outcome_customer_return.png
 799.8s [6月21日（週六） 上午 7:00]   click "OK"
 809.2s [6月21日（週六） 上午 7:14]   use "Packing table"
 809.9s [6月21日（週六） 上午 7:15]   click [Pack] 打包 16 筆訂單（2 小時 8 分）
 810.9s [6月21日（週六） 上午 9:24]   click [CourierEconomy] 快遞 · 經濟 3 天（$57.20）
 812.1s [6月21日（週六） 上午 9:25]   shot 108_decision_customer_return.png
 812.1s [6月21日（週六） 上午 9:25]   decision customer_return → refund
 812.1s [6月21日（週六） 上午 9:25]   click [Choice_refund] 退款＋收回商品
 813.5s [6月21日（週六） 上午 9:25]   shot 109_decision_outcome_customer_return.png
 813.5s [6月21日（週六） 上午 9:25]   click "OK"
 815.6s [6月21日（週六） 上午 9:28]   use "Use laptop — Company OS"
 816.3s [6月21日（週六） 上午 9:29]   click [Tab_operations] Operations
 816.6s [6月21日（週六） 上午 9:29]   click [DeliverTo_riverside_studio] 河濱大樓 7C
 816.9s [6月21日（週六） 上午 9:29]   click [Buy_tradelink_wholesale_water_bottle] 購買 $471.60
 817.3s [6月21日（週六） 上午 9:40]   click [Buy_tradelink_wholesale_wireless_earbuds] 購買 $905.00
 817.6s [6月21日（週六） 上午 9:51]   click [Tab_contracts] Contracts
 826.4s [6月21日（週六） 下午 7:12]   use "Sleep"
 827.0s [6月21日（週六） 下午 7:12]   click [Sleep] Sleep until 7:00 AM
 837.7s [6月22日（週日） 上午 7:14]   use "Packing table"
 838.5s [6月22日（週日） 上午 7:15]   click [Pack] 打包 22 筆訂單（2 小時 56 分）
 839.4s [6月22日（週日） 上午 10:12]   click [CourierEconomy] 快遞 · 經濟 3 天（$76.40）
 842.2s [6月22日（週日） 上午 10:17]   use "Use laptop — Company OS"
 842.9s [6月22日（週日） 上午 10:17]   click [Tab_operations] Operations
 843.2s [6月22日（週日） 上午 10:18]   click [DeliverTo_riverside_studio] 河濱大樓 7C
 843.6s [6月22日（週日） 上午 10:18]   click [Tab_contracts] Contracts
 844.2s [6月22日（週日） 上午 10:19]   click [DeliverContract] 打包並交貨 120 件（B2B 貨運 $40）
 844.9s [6月22日（週日） 上午 11:50]   shot 110_contract_delivered.png
 845.5s [6月22日（週日） 下午 7:00]   shot 111_decision_customer_return.png
 845.5s [6月22日（週日） 下午 7:00]   decision customer_return → replace
 845.5s [6月22日（週日） 下午 7:00]   click [Choice_replace] 寄一個新的
 846.9s [6月22日（週日） 下午 7:00]   shot 112_decision_outcome_customer_return.png
 846.9s [6月22日（週日） 下午 7:00]   click "OK"
 855.2s [6月22日（週日） 下午 7:12]   use "Sleep"
 855.8s [6月22日（週日） 下午 7:12]   click [Sleep] Sleep until 7:00 AM
 857.7s [6月23日（週一） 上午 7:00]   shot 113_decision_customer_return.png
 857.7s [6月23日（週一） 上午 7:00]   decision customer_return → replace
 857.7s [6月23日（週一） 上午 7:00]   click [Choice_replace] 寄一個新的
 859.2s [6月23日（週一） 上午 7:00]   shot 114_decision_outcome_customer_return.png
 859.2s [6月23日（週一） 上午 7:00]   click "OK"
 868.6s [6月23日（週一） 上午 7:13]   use "Packing table"
 869.3s [6月23日（週一） 上午 7:15]   click [Pack] 打包 41 筆訂單（5 小時 28 分）
 870.3s [6月23日（週一） 下午 12:44]   click [CourierEconomy] 快遞 · 經濟 3 天（$137.20）
 880.4s [6月23日（週一） 下午 7:13]   use "Sleep"
 881.0s [6月23日（週一） 下午 7:13]   click [Sleep] Sleep until 7:00 AM
 891.8s [6月24日（週二） 上午 7:14]   use "Packing table"
 892.5s [6月24日（週二） 上午 7:15]   click [Pack] 打包 36 筆訂單（4 小時 48 分）
 893.5s [6月24日（週二） 下午 12:04]   click [CourierEconomy] 快遞 · 經濟 3 天（$121.20）
 894.7s [6月24日（週二） 下午 12:06]   shot 115_decision_customer_return.png
 894.7s [6月24日（週二） 下午 12:06]   decision customer_return → replace
 894.7s [6月24日（週二） 下午 12:06]   click [Choice_replace] 寄一個新的
 896.1s [6月24日（週二） 下午 12:06]   shot 116_decision_outcome_customer_return.png
 896.1s [6月24日（週二） 下午 12:06]   click "OK"
 905.6s [6月24日（週二） 下午 7:14]   use "Sleep"
 906.2s [6月24日（週二） 下午 7:14]   click [Sleep] Sleep until 7:00 AM
 917.0s [6月25日（週三） 上午 7:14]   use "Packing table"
 917.7s [6月25日（週三） 上午 7:15]   click [Pack] 打包 30 筆訂單（4 h）
 918.6s [6月25日（週三） 上午 11:16]   click [CourierEconomy] 快遞 · 經濟 3 天（$102.00）
 920.1s [6月25日（週三） 下午 7:00]   shot 117_decision_customer_return.png
 920.1s [6月25日（週三） 下午 7:00]   decision customer_return → replace
 920.1s [6月25日（週三） 下午 7:00]   click [Choice_replace] 寄一個新的
 921.5s [6月25日（週三） 下午 7:00]   shot 118_decision_outcome_customer_return.png
 921.5s [6月25日（週三） 下午 7:00]   click "OK"
 930.9s [6月25日（週三） 下午 7:14]   use "Sleep"
 931.5s [6月25日（週三） 下午 7:14]   click [Sleep] Sleep until 7:00 AM
 933.4s [6月26日（週四） 上午 7:00]   shot 119_decision_customer_return.png
 933.4s [6月26日（週四） 上午 7:00]   decision customer_return → replace
 933.4s [6月26日（週四） 上午 7:00]   click [Choice_replace] 寄一個新的
 934.8s [6月26日（週四） 上午 7:00]   shot 120_decision_outcome_customer_return.png
 934.8s [6月26日（週四） 上午 7:00]   click "OK"
 944.2s [6月26日（週四） 上午 7:13]   use "Packing table"
 944.9s [6月26日（週四） 上午 7:15]   click [Pack] 打包 31 筆訂單（4 小時 8 分）
 945.9s [6月26日（週四） 上午 11:24]   click [CourierEconomy] 快遞 · 經濟 3 天（$105.20）
 947.4s [6月26日（週四） 下午 7:00]   shot 121_decision_customer_return.png
 947.4s [6月26日（週四） 下午 7:00]   decision customer_return → replace
 947.4s [6月26日（週四） 下午 7:00]   click [Choice_replace] 寄一個新的
 948.8s [6月26日（週四） 下午 7:00]   shot 122_decision_outcome_customer_return.png
 948.8s [6月26日（週四） 下午 7:00]   click "OK"
 958.3s [6月26日（週四） 下午 7:13]   use "Sleep"
 958.9s [6月26日（週四） 下午 7:14]   click [Sleep] Sleep until 7:00 AM
 960.8s [6月27日（週五） 上午 7:00]   shot 123_decision_customer_return.png
 960.8s [6月27日（週五） 上午 7:00]   decision customer_return → replace
 960.8s [6月27日（週五） 上午 7:00]   click [Choice_replace] 寄一個新的
 962.2s [6月27日（週五） 上午 7:00]   shot 124_decision_outcome_customer_return.png
 962.2s [6月27日（週五） 上午 7:00]   click "OK"
 962.8s [6月27日（週五） 上午 7:00]   shot 125_decision_customer_return.png
 962.8s [6月27日（週五） 上午 7:00]   decision customer_return → replace
 962.8s [6月27日（週五） 上午 7:00]   click [Choice_replace] 寄一個新的
 964.2s [6月27日（週五） 上午 7:00]   shot 126_decision_outcome_customer_return.png
 964.2s [6月27日（週五） 上午 7:00]   click "OK"
 973.6s [6月27日（週五） 上午 7:13]   use "Packing table"
 974.3s [6月27日（週五） 上午 7:15]   click [Pack] 打包 37 筆訂單（4 小時 56 分）
 975.3s [6月27日（週五） 下午 12:12]   click [CourierEconomy] 快遞 · 經濟 3 天（$124.40）
 985.4s [6月27日（週五） 下午 7:13]   use "Sleep"
 986.0s [6月27日（週五） 下午 7:13]   click [Sleep] Sleep until 7:00 AM
 987.9s [6月28日（週六） 上午 7:00]   shot 127_decision_customer_return.png
 987.9s [6月28日（週六） 上午 7:00]   decision customer_return → replace
 987.9s [6月28日（週六） 上午 7:00]   click [Choice_replace] 寄一個新的
 989.3s [6月28日（週六） 上午 7:00]   shot 128_decision_outcome_customer_return.png
 989.3s [6月28日（週六） 上午 7:00]   click "OK"
 998.8s [6月28日（週六） 上午 7:14]   use "Packing table"
 999.4s [6月28日（週六） 上午 7:15]   click [Pack] 打包 34 筆訂單（4 小時 32 分）
1000.4s [6月28日（週六） 上午 11:48]   click [CourierEconomy] 快遞 · 經濟 3 天（$114.80）
1010.6s [6月28日（週六） 下午 7:13]   use "Sleep"
1011.2s [6月28日（週六） 下午 7:13]   click [Sleep] Sleep until 7:00 AM
1013.1s [6月29日（週日） 上午 7:00]   shot 129_decision_customer_return.png
1013.1s [6月29日（週日） 上午 7:00]   decision customer_return → replace
1013.1s [6月29日（週日） 上午 7:00]   click [Choice_replace] 寄一個新的
1014.6s [6月29日（週日） 上午 7:00]   shot 130_decision_outcome_customer_return.png
1014.6s [6月29日（週日） 上午 7:00]   click "OK"
1015.1s [6月29日（週日） 上午 7:00]   shot 131_decision_customer_return.png
1015.1s [6月29日（週日） 上午 7:00]   decision customer_return → replace
1015.1s [6月29日（週日） 上午 7:00]   click [Choice_replace] 寄一個新的
1016.6s [6月29日（週日） 上午 7:00]   shot 132_decision_outcome_customer_return.png
1016.6s [6月29日（週日） 上午 7:00]   click "OK"
1026.0s [6月29日（週日） 上午 7:13]   use "Packing table"
1026.7s [6月29日（週日） 上午 7:15]   click [Pack] 打包 34 筆訂單（4 小時 32 分）
1027.7s [6月29日（週日） 上午 11:48]   click [CourierEconomy] 快遞 · 經濟 3 天（$114.80）
1029.1s [6月29日（週日） 下午 7:00]   shot 133_decision_customer_return.png
1029.1s [6月29日（週日） 下午 7:00]   decision customer_return → replace
1029.1s [6月29日（週日） 下午 7:00]   click [Choice_replace] 寄一個新的
1030.6s [6月29日（週日） 下午 7:00]   shot 134_decision_outcome_customer_return.png
1030.6s [6月29日（週日） 下午 7:00]   click "OK"
1040.0s [6月29日（週日） 下午 7:13]   use "Sleep"
1040.6s [6月29日（週日） 下午 7:14]   click [Sleep] Sleep until 7:00 AM
1051.3s [6月30日（週一） 上午 7:14]   use "Packing table"
1052.0s [6月30日（週一） 上午 7:15]   click [Pack] 打包 28 筆訂單（3 小時 44 分）
1053.0s [6月30日（週一） 上午 11:00]   click [CourierEconomy] 快遞 · 經濟 3 天（$95.60）
1055.8s [6月30日（週一） 上午 11:04]   use "Use laptop — Company OS"
1056.4s [6月30日（週一） 上午 11:05]   click [Tab_operations] Operations
1056.8s [6月30日（週一） 上午 11:06]   click [DeliverTo_riverside_studio] 河濱大樓 7C
1057.1s [6月30日（週一） 上午 11:06]   click [Buy_tradelink_wholesale_wireless_earbuds] 購買 $903.50
1058.0s [6月30日（週一） 下午 7:00]   shot 135_decision_customer_return.png
1058.0s [6月30日（週一） 下午 7:00]   decision customer_return → replace
1058.0s [6月30日（週一） 下午 7:00]   click [Choice_replace] 寄一個新的
1059.5s [6月30日（週一） 下午 7:00]   shot 136_decision_outcome_customer_return.png
1059.5s [6月30日（週一） 下午 7:00]   click "OK"
1060.0s [6月30日（週一） 下午 7:00]   shot 137_decision_customer_return.png
1060.0s [6月30日（週一） 下午 7:00]   decision customer_return → replace
1060.0s [6月30日（週一） 下午 7:00]   click [Choice_replace] 寄一個新的
1061.5s [6月30日（週一） 下午 7:00]   shot 138_decision_outcome_customer_return.png
1061.5s [6月30日（週一） 下午 7:00]   click "OK"
1069.8s [6月30日（週一） 下午 7:12]   use "Sleep"
1070.4s [6月30日（週一） 下午 7:12]   click [Sleep] Sleep until 7:00 AM
1074.1s [7月1日（週二） 上午 7:00]   shot 139_month_close_report.png
1074.1s [7月1日（週二） 上午 7:00]   click [month close] Continue
1083.5s [7月1日（週二） 上午 7:14]   use "Packing table"
1084.2s [7月1日（週二） 上午 7:15]   click [Pack] 打包 27 筆訂單（3 小時 36 分）
1085.1s [7月1日（週二） 上午 10:52]   click [CourierEconomy] 快遞 · 經濟 3 天（$92.40）
1087.4s [7月1日（週二） 上午 10:55]   ok  month close ran (June)
1089.0s [7月1日（週二） 上午 10:58]   use "Use laptop — Company OS"
1089.6s [7月1日（週二） 上午 10:59]   click [Tab_finance] Finance
1090.5s [7月1日（週二） 上午 11:00]   shot 140_company_os_finance_july.png
1091.0s [7月1日（週二） 上午 11:01]   ok  Chapter 4 started after the June close
1091.0s [7月1日（週二） 上午 11:01] STEP Chapter 4 — register as an employer at City Hall
1093.6s [7月1日（週二） 上午 11:06]   ok  walked back outside
1107.6s [7月1日（週二） 上午 11:27]   use "捷運——河濱區站"
1108.6s [7月1日（週二） 上午 11:28]   shot 141_metro_civic_center.png
1108.6s [7月1日（週二） 上午 11:28]   click [Go_civic_center] 市政中心  ·  12 分鐘
1109.7s [7月1日（週二） 上午 11:42]   ok  took the Metro to Civic Center
1116.7s [7月1日（週二） 上午 11:52]   ok  entered Aurelia City Hall
1118.5s [7月1日（週二） 上午 11:55]   use "Permits & regulations"
1119.3s [7月1日（週二） 上午 11:56]   shot 142_permits_kiosk.png
1119.3s [7月1日（週二） 上午 11:56]   click [RegisterEmployer] 登記（$150）
1120.3s [7月1日（週二） 下午 12:18]   ok  registered as an employer
1120.3s [7月1日（週二） 下午 12:18] STEP Chapter 4 — post a job, hire, first payroll
1123.4s [7月1日（週二） 下午 12:23]   ok  walked back outside
1129.0s [7月1日（週二） 下午 12:32]   use "捷運——市政中心站"
1130.0s [7月1日（週二） 下午 12:33]   shot 143_metro_riverside.png
1130.0s [7月1日（週二） 下午 12:33]   click [Go_riverside] 河濱區  ·  12 分鐘
1131.0s [7月1日（週二） 下午 12:47]   ok  took the Metro to Riverside
1140.1s [7月1日（週二） 下午 1:00]   ok  entered Riverside Tower
1141.5s [7月1日（週二） 下午 1:03]   use "Use laptop — Company OS"
1142.2s [7月1日（週二） 下午 1:04]   click [Tab_people] People
1143.0s [7月1日（週二） 下午 1:05]   shot 144_people_tab.png
1143.0s [7月1日（週二） 下午 1:05]   click [Post_support] Post job
1144.0s [7月1日（週二） 下午 1:06]   ok  job ad posted
1144.1s [7月1日（週二） 下午 1:06]   (harness) wait 2 h
1152.5s [7月1日（週二） 下午 3:19]   use "Packing table"
1153.2s [7月1日（週二） 下午 3:20]   click [Pack] 打包 6 筆訂單（48 分鐘）
1154.2s [7月1日（週二） 下午 4:10]   click [CourierEconomy] 快遞 · 經濟 3 天（$25.20）
1155.4s [7月1日（週二） 下午 4:11]   (harness) wait 2 h
1156.2s [7月1日（週二） 下午 6:13]   use "Packing table"
1156.9s [7月1日（週二） 下午 6:14]   click [Pack] 打包 1 筆訂單（8 分鐘）
1157.8s [7月1日（週二） 下午 6:23]   click [CourierEconomy] 快遞 · 經濟 3 天（$9.20）
1159.1s [7月1日（週二） 下午 6:25]   (harness) wait 2 h
1159.9s [7月1日（週二） 下午 8:26]   use "Packing table"
1160.6s [7月1日（週二） 下午 8:27]   click [Pack] 打包 5 筆訂單（40 分鐘）
1161.5s [7月1日（週二） 下午 9:09]   click [CourierEconomy] 快遞 · 經濟 3 天（$22.00）
1165.4s [7月1日（週二） 下午 9:14]   use "Sleep"
1166.0s [7月1日（週二） 下午 9:14]   click [Sleep] Sleep until 7:00 AM
1167.9s [7月2日（週三） 上午 7:00]   shot 145_decision_customer_return.png
1167.9s [7月2日（週三） 上午 7:00]   decision customer_return → replace
1167.9s [7月2日（週三） 上午 7:00]   click [Choice_replace] 寄一個新的
1169.4s [7月2日（週三） 上午 7:00]   shot 146_decision_outcome_customer_return.png
1169.4s [7月2日（週三） 上午 7:00]   click "OK"
1169.9s [7月2日（週三） 上午 7:00]   shot 147_decision_customer_return.png
1169.9s [7月2日（週三） 上午 7:00]   decision customer_return → refund
1169.9s [7月2日（週三） 上午 7:00]   click [Choice_refund] 退款＋收回商品
1171.3s [7月2日（週三） 上午 7:00]   shot 148_decision_outcome_customer_return.png
1171.3s [7月2日（週三） 上午 7:00]   click "OK"
1180.8s [7月2日（週三） 上午 7:14]   use "Packing table"
1181.5s [7月2日（週三） 上午 7:15]   click [Pack] 打包 5 筆訂單（40 分鐘）
1182.4s [7月2日（週三） 上午 7:56]   click [CourierEconomy] 快遞 · 經濟 3 天（$22.00）
1185.2s [7月2日（週三） 上午 8:00]   use "Use laptop — Company OS"
1185.9s [7月2日（週三） 上午 8:01]   click [Tab_people] People
1186.9s [7月2日（週三） 上午 8:02]   shot 149_applicants.png
1186.9s [7月2日（週三） 上午 8:02]   click [Hire_E1] Hire
1188.0s [7月2日（週三） 上午 8:04]   ok  hired the first employee (Aria Ferreira)
1188.2s [7月2日（週三） 下午 7:00]   shot 150_decision_customer_return.png
1188.2s [7月2日（週三） 下午 7:00]   decision customer_return → replace
1188.2s [7月2日（週三） 下午 7:00]   click [Choice_replace] 寄一個新的
1189.6s [7月2日（週三） 下午 7:00]   shot 151_decision_outcome_customer_return.png
1189.6s [7月2日（週三） 下午 7:00]   click "OK"
1197.9s [7月2日（週三） 下午 7:12]   use "Sleep"
1198.5s [7月2日（週三） 下午 7:12]   click [Sleep] Sleep until 7:00 AM
1200.4s [7月3日（週四） 上午 7:00]   shot 152_decision_customer_return.png
1200.4s [7月3日（週四） 上午 7:00]   decision customer_return → replace
1200.4s [7月3日（週四） 上午 7:00]   click [Choice_replace] 寄一個新的
1201.8s [7月3日（週四） 上午 7:00]   shot 153_decision_outcome_customer_return.png
1201.8s [7月3日（週四） 上午 7:00]   click "OK"
1211.2s [7月3日（週四） 上午 7:14]   use "Packing table"
1211.9s [7月3日（週四） 上午 7:15]   click [Pack] 打包 30 筆訂單（4 h）
1212.9s [7月3日（週四） 上午 11:16]   click [CourierEconomy] 快遞 · 經濟 3 天（$102.00）
1223.0s [7月3日（週四） 下午 7:13]   use "Sleep"
1223.6s [7月3日（週四） 下午 7:13]   click [Sleep] Sleep until 7:00 AM
1234.3s [7月4日（週五） 上午 7:14]   use "Packing table"
1235.0s [7月4日（週五） 上午 7:15]   click [Pack] 打包 24 筆訂單（3 小時 12 分）
1236.0s [7月4日（週五） 上午 10:28]   click [CourierEconomy] 快遞 · 經濟 3 天（$82.80）
1246.1s [7月4日（週五） 下午 7:13]   use "Sleep"
1246.7s [7月4日（週五） 下午 7:13]   click [Sleep] Sleep until 7:00 AM
1257.4s [7月5日（週六） 上午 7:14]   use "Packing table"
1258.1s [7月5日（週六） 上午 7:15]   click [Pack] 打包 18 筆訂單（2 小時 24 分）
1259.1s [7月5日（週六） 上午 9:40]   click [CourierEconomy] 快遞 · 經濟 3 天（$63.60）
1260.3s [7月5日（週六） 上午 9:42]   shot 154_decision_supplier_price_increase.png
1260.3s [7月5日（週六） 上午 9:42]   decision supplier_price_increase → accept
1260.3s [7月5日（週六） 上午 9:42]   click [Choice_accept] 好。繼續跟你進貨。
1261.8s [7月5日（週六） 上午 9:42]   shot 155_decision_outcome_supplier_price_increase.png
1261.8s [7月5日（週六） 上午 9:42]   click "OK"
1262.3s [7月5日（週六） 上午 9:42]   ok  first payroll paid
1263.9s [7月5日（週六） 上午 9:45]   use "Use laptop — Company OS"
1264.5s [7月5日（週六） 上午 9:46]   click [Tab_finance] Finance
1265.4s [7月5日（週六） 上午 9:47]   shot 156_cash_forecast.png
1266.9s [7月5日（週六） 上午 9:49]   ok  Chapter 4 complete
1266.9s [7月5日（週六） 上午 9:49] STEP Chapter 5 — Crestline's offer
1267.1s [7月5日（週六） 下午 7:00]   shot 157_competing_job_offer.png
1267.1s [7月5日（週六） 下午 7:00]   click [RetainEmployee] 以每週 $802.50 留人
1275.3s [7月5日（週六） 下午 7:13]   use "Sleep"
1275.9s [7月5日（週六） 下午 7:13]   click [Sleep] Sleep until 7:00 AM
1286.7s [7月6日（週日） 上午 7:14]   use "Packing table"
1287.4s [7月6日（週日） 上午 7:15]   click [Pack] 打包 19 筆訂單（2 小時 32 分）
1288.4s [7月6日（週日） 上午 9:48]   click [CourierEconomy] 快遞 · 經濟 3 天（$66.80）
1298.4s [7月6日（週日） 下午 7:13]   use "Sleep"
1299.0s [7月6日（週日） 下午 7:13]   click [Sleep] Sleep until 7:00 AM
1309.8s [7月7日（週一） 上午 7:14]   use "Packing table"
1310.5s [7月7日（週一） 上午 7:15]   click [Pack] 打包 17 筆訂單（2 小時 16 分）
1311.4s [7月7日（週一） 上午 9:32]   click [CourierEconomy] 快遞 · 經濟 3 天（$60.40）
1321.5s [7月7日（週一） 下午 7:13]   use "Sleep"
1322.1s [7月7日（週一） 下午 7:13]   click [Sleep] Sleep until 7:00 AM
1332.8s [7月8日（週二） 上午 7:14]   use "Packing table"
1333.5s [7月8日（週二） 上午 7:15]   click [Pack] 打包 15 筆訂單（2 h）
1334.4s [7月8日（週二） 上午 9:16]   click [CourierEconomy] 快遞 · 經濟 3 天（$54.00）
1344.5s [7月8日（週二） 下午 7:13]   use "Sleep"
1345.1s [7月8日（週二） 下午 7:13]   click [Sleep] Sleep until 7:00 AM
1355.8s [7月9日（週三） 上午 7:14]   use "Packing table"
1356.5s [7月9日（週三） 上午 7:15]   click [Pack] 打包 21 筆訂單（2 小時 48 分）
1357.5s [7月9日（週三） 上午 10:04]   click [CourierEconomy] 快遞 · 經濟 3 天（$73.20）
1367.5s [7月9日（週三） 下午 7:13]   use "Sleep"
1368.1s [7月9日（週三） 下午 7:13]   click [Sleep] Sleep until 7:00 AM
1378.8s [7月10日（週四） 上午 7:14]   use "Packing table"
1379.5s [7月10日（週四） 上午 7:15]   click [Pack] 打包 18 筆訂單（2 小時 24 分）
1380.5s [7月10日（週四） 上午 9:40]   click [CourierEconomy] 快遞 · 經濟 3 天（$63.60）
1382.8s [7月10日（週四） 下午 7:02]   shot 158_decision_crestline_big_offer.png
1382.8s [7月10日（週四） 下午 7:02]   decision crestline_big_offer → review
1382.8s [7月10日（週四） 下午 7:02]   click [Choice_review] 把合約寄來，我看看。
1384.2s [7月10日（週四） 下午 7:02]   shot 159_decision_outcome_crestline_big_offer.png
1384.2s [7月10日（週四） 下午 7:02]   click "OK"
1392.7s [7月10日（週四） 下午 7:14]   use "Sleep"
1393.3s [7月10日（週四） 下午 7:14]   click [Sleep] Sleep until 7:00 AM
1395.2s [7月11日（週五） 上午 7:01]   ok  Crestline offered the big contract
1396.3s [7月11日（週五） 上午 7:02]   use "Use laptop — Company OS"
1397.0s [7月11日（週五） 上午 7:03]   click [Tab_contracts] 合約 ●
1397.8s [7月11日（週五） 上午 7:04]   shot 160_big_contract_offer.png
1397.8s [7月11日（週五） 上午 7:04]   click [AcceptContract] Accept
1398.9s [7月11日（週五） 上午 7:06]   ok  accepted Crestline's contract
1398.9s [7月11日（週五） 上午 7:06] STEP Chapter 5 — borrow from Marcus Reed at Nexus Bank
1401.8s [7月11日（週五） 上午 7:11]   ok  walked back outside
1415.7s [7月11日（週五） 上午 7:32]   use "捷運——河濱區站"
1416.7s [7月11日（週五） 上午 7:34]   shot 161_metro_financial.png
1416.7s [7月11日（週五） 上午 7:34]   click [Go_financial] 金融區  ·  10 分鐘
1417.8s [7月11日（週五） 上午 7:45]   ok  took the Metro to Financial District
1425.7s [7月11日（週五） 下午 1:17]   ok  entered Nexus Bank
1427.4s [7月11日（週五） 下午 1:20]   use "和 Marcus Reed 說話"
1430.4s [7月11日（週五） 下午 1:20]   choose "› 讓我看看你能借多少。"
1432.5s [7月11日（週五） 下午 1:20]   shot 162_loan_offer.png
1432.5s [7月11日（週五） 下午 1:20]   click [Amt_50] $28,000
1432.8s [7月11日（週五） 下午 1:20]   click [Term_12] 12 個月
1433.2s [7月11日（週五） 下午 1:20]   click [TakeLoan] 借 $28,000
1433.5s [7月11日（週五） 下午 1:20]   click [ConfirmLoan] Confirm loan signing
1434.1s [7月11日（週五） 下午 5:00]   ok  loan signing finishes the same afternoon
1434.7s [7月11日（週五） 下午 5:00]   shot 163_loan_taken.png
1435.1s [7月11日（週五） 下午 5:00]   ok  took a Nexus Bank loan (debt $28,000.00)
1435.1s [7月11日（週五） 下午 5:00] STEP Chapter 5 — order the lamps and deliver
1438.0s [7月11日（週五） 下午 5:05]   ok  walked back outside
1444.2s [7月11日（週五） 下午 5:15]   use "捷運——金融區站"
1445.2s [7月11日（週五） 下午 5:16]   shot 164_metro_riverside.png
1445.2s [7月11日（週五） 下午 5:16]   click [Go_riverside] 河濱區  ·  10 分鐘
1446.2s [7月11日（週五） 下午 5:28]   ok  took the Metro to Riverside
1455.3s [7月11日（週五） 下午 5:41]   ok  entered Riverside Tower
1456.7s [7月11日（週五） 下午 5:43]   use "Use laptop — Company OS"
1457.4s [7月11日（週五） 下午 5:44]   click [Tab_contracts] Contracts
1458.1s [7月11日（週五） 下午 5:45]   click [FillContract] 追加訂購 800 件，向 TradeLink 批發（$9,240）
1458.8s [7月11日（週五） 下午 5:57]   shot 165_contract_restock.png
1466.8s [7月11日（週五） 下午 7:12]   use "Sleep"
1467.4s [7月11日（週五） 下午 7:12]   click [Sleep] Sleep until 7:00 AM
1469.5s [7月12日（週六） 下午 7:00]   use "Sleep"
1470.1s [7月12日（週六） 下午 7:00]   click [Sleep] Sleep until 7:00 AM
1472.3s [7月13日（週日） 下午 7:00]   use "Sleep"
1472.9s [7月13日（週日） 下午 7:00]   click [Sleep] Sleep until 7:00 AM
1475.9s [7月14日（週一） 上午 7:02]   use "Use laptop — Company OS"
1476.6s [7月14日（週一） 上午 7:03]   click [Tab_contracts] Contracts
1477.3s [7月14日（週一） 上午 7:04]   click [DeliverContract] 打包並交貨 800 件（B2B 貨運 $40）
1478.4s [7月14日（週一） 上午 8:36]   shot 166_big_contract_delivered.png
1478.9s [7月14日（週一） 上午 8:37]   ok  delivered 800 lamps to Crestline
1479.9s [7月14日（週一） 上午 8:38]   ok  Chapter 5 complete
1479.9s [7月14日（週一） 上午 8:38] STEP Chapter 6 — forecast, early payment, month in the black
1480.1s [7月14日（週一） 上午 8:38]   use "Use laptop — Company OS"
1480.8s [7月14日（週一） 上午 8:39]   click [Tab_finance] Finance
1481.9s [7月14日（週一） 上午 8:41]   shot 167_cash_forecast_ch6.png
1481.9s [7月14日（週一） 上午 8:41]   click [Tab_contracts] Contracts
1482.4s [7月14日（週一） 上午 8:42]   click [EarlyPayment] 請對方提前付款（折 3%：現在拿 $21,728）
1483.2s [7月14日（週一） 上午 8:43]   shot 168_early_payment.png
1483.6s [7月14日（週一） 上午 8:43]   ok  Crestline paid early (3% discount)
1491.1s [7月14日（週一） 下午 7:12]   use "Sleep"
1491.7s [7月14日（週一） 下午 7:12]   click [Sleep] Sleep until 7:00 AM
1493.8s [7月15日（週二） 下午 7:00]   shot 169_decision_elena_offer.png
1493.8s [7月15日（週二） 下午 7:00]   decision elena_offer → accept
1493.8s [7月15日（週二） 下午 7:00]   click [Choice_accept] 以 20% 股份換 $40,000
1495.2s [7月15日（週二） 下午 7:00]   shot 170_decision_outcome_elena_offer.png
1495.2s [7月15日（週二） 下午 7:00]   click "OK"
1495.9s [7月15日（週二） 下午 7:00]   use "Sleep"
1496.5s [7月15日（週二） 下午 7:00]   click [Sleep] Sleep until 7:00 AM
1498.6s [7月16日（週三） 下午 7:00]   use "Sleep"
1499.2s [7月16日（週三） 下午 7:00]   click [Sleep] Sleep until 7:00 AM
1510.1s [7月17日（週四） 上午 7:14]   use "Packing table"
1510.8s [7月17日（週四） 上午 7:15]   click [Pack] 打包 1 筆訂單（8 分鐘）
1511.8s [7月17日（週四） 上午 7:24]   click [CourierEconomy] 快遞 · 經濟 3 天（$9.20）
1521.8s [7月17日（週四） 下午 7:14]   use "Sleep"
1522.4s [7月17日（週四） 下午 7:14]   click [Sleep] Sleep until 7:00 AM
1524.6s [7月18日（週五） 下午 7:00]   use "Sleep"
1525.2s [7月18日（週五） 下午 7:00]   click [Sleep] Sleep until 7:00 AM
1527.3s [7月19日（週六） 下午 7:00]   use "Sleep"
1527.9s [7月19日（週六） 下午 7:00]   click [Sleep] Sleep until 7:00 AM
1530.1s [7月20日（週日） 下午 7:00]   use "Sleep"
1530.7s [7月20日（週日） 下午 7:00]   click [Sleep] Sleep until 7:00 AM
1532.8s [7月21日（週一） 下午 7:00]   use "Sleep"
1533.4s [7月21日（週一） 下午 7:00]   click [Sleep] Sleep until 7:00 AM
1541.9s [7月22日（週二） 下午 7:09]   use "Sleep"
1542.5s [7月22日（週二） 下午 7:09]   click [Sleep] Sleep until 7:00 AM
1544.7s [7月23日（週三） 下午 7:00]   use "Sleep"
1545.3s [7月23日（週三） 下午 7:00]   click [Sleep] Sleep until 7:00 AM
1547.4s [7月24日（週四） 下午 7:00]   use "Sleep"
1548.0s [7月24日（週四） 下午 7:00]   click [Sleep] Sleep until 7:00 AM
1550.1s [7月25日（週五） 下午 7:00]   use "Sleep"
1550.7s [7月25日（週五） 下午 7:00]   click [Sleep] Sleep until 7:00 AM
1552.8s [7月26日（週六） 下午 7:00]   use "Sleep"
1553.4s [7月26日（週六） 下午 7:00]   click [Sleep] Sleep until 7:00 AM
1555.5s [7月27日（週日） 下午 7:00]   shot 171_decision_supplier_price_increase.png
1555.5s [7月27日（週日） 下午 7:00]   decision supplier_price_increase → accept
1555.5s [7月27日（週日） 下午 7:00]   click [Choice_accept] 好。繼續跟你進貨。
1556.9s [7月27日（週日） 下午 7:00]   shot 172_decision_outcome_supplier_price_increase.png
1556.9s [7月27日（週日） 下午 7:00]   click "OK"
1564.0s [7月27日（週日） 下午 7:10]   use "Sleep"
1564.6s [7月27日（週日） 下午 7:10]   click [Sleep] Sleep until 7:00 AM
1566.8s [7月28日（週一） 下午 7:00]   use "Sleep"
1567.4s [7月28日（週一） 下午 7:00]   click [Sleep] Sleep until 7:00 AM
1569.5s [7月29日（週二） 下午 7:00]   use "Sleep"
1570.1s [7月29日（週二） 下午 7:00]   click [Sleep] Sleep until 7:00 AM
