Godot Engine v4.5.1.stable.official.f62fdbde1 - https://godotengine.org
OpenGL API 3.3.0 NVIDIA 462.59 - Compatibility - Using Device: NVIDIA - Quadro RTX 4000

   0.6s STEP Resume genuine chapter-nine import checkpoint
   0.9s [10月16日（週四） 上午 7:00]   ok  checkpoint preserves genuine profitable chapters 1–8 and paid import
   1.7s [10月16日（週四） 上午 7:00]   shot 01_decision_customer_return.png
   1.7s [10月16日（週四） 上午 7:00]   decision customer_return → refund
   1.7s [10月16日（週四） 上午 7:00]   click [Choice_refund] 退款＋收回商品
   3.1s [10月16日（週四） 上午 7:00]   shot 02_decision_outcome_customer_return.png
   3.1s [10月16日（週四） 上午 7:00]   click "OK"
   4.0s [10月16日（週四） 下午 7:00]   shot 03_decision_customer_return.png
   4.0s [10月16日（週四） 下午 7:00]   decision customer_return → replace
   4.0s [10月16日（週四） 下午 7:00]   click [Choice_replace] 寄一個新的
   5.4s [10月16日（週四） 下午 7:00]   shot 04_decision_outcome_customer_return.png
   5.4s [10月16日（週四） 下午 7:00]   click "OK"
   6.0s [10月16日（週四） 下午 7:00]   shot 05_decision_customer_return.png
   6.0s [10月16日（週四） 下午 7:00]   decision customer_return → replace
   6.0s [10月16日（週四） 下午 7:00]   click [Choice_replace] 寄一個新的
   7.5s [10月16日（週四） 下午 7:00]   shot 06_decision_outcome_customer_return.png
   7.5s [10月16日（週四） 下午 7:00]   click "OK"
   8.2s [10月16日（週四） 下午 7:00]   use "Sleep"
   8.8s [10月16日（週四） 下午 7:00]   click [Sleep] Sleep until 7:00 AM
  19.6s [10月17日（週五） 上午 7:14]   use "Packing table"
  20.3s [10月17日（週五） 上午 7:15]   shot 07_packing_table.png
  20.3s [10月17日（週五） 上午 7:15]   click [Pack] 打包 32 筆訂單（4 小時 16 分）
  21.3s [10月17日（週五） 上午 11:40]   click [CourierEconomy] 快遞 · 經濟 3 天（$132.72）
  22.7s [10月17日（週五） 下午 7:00]   shot 08_decision_customer_return.png
  22.7s [10月17日（週五） 下午 7:00]   decision customer_return → replace
  22.7s [10月17日（週五） 下午 7:00]   click [Choice_replace] 寄一個新的
  24.1s [10月17日（週五） 下午 7:00]   shot 09_decision_outcome_customer_return.png
  24.1s [10月17日（週五） 下午 7:00]   click "OK"
  33.5s [10月17日（週五） 下午 7:14]   use "Sleep"
  34.1s [10月17日（週五） 下午 7:14]   click [Sleep] Sleep until 7:00 AM
  44.9s [10月18日（週六） 上午 7:14]   use "Packing table"
  45.6s [10月18日（週六） 上午 7:15]   click [Pack] 打包 29 筆訂單（3 小時 52 分）
  46.6s [10月18日（週六） 上午 11:08]   click [CourierEconomy] 快遞 · 經濟 3 天（$117.36）
  56.6s [10月18日（週六） 下午 7:13]   use "Sleep"
  57.2s [10月18日（週六） 下午 7:13]   click [Sleep] Sleep until 7:00 AM
  68.0s [10月19日（週日） 上午 7:14]   use "Packing table"
  68.7s [10月19日（週日） 上午 7:15]   click [Pack] 打包 24 筆訂單（3 小時 12 分）
  69.7s [10月19日（週日） 上午 10:28]   click [CourierEconomy] 快遞 · 經濟 3 天（$98.16）
  79.8s [10月19日（週日） 下午 7:13]   use "Sleep"
  80.4s [10月19日（週日） 下午 7:13]   click [Sleep] Sleep until 7:00 AM
  91.2s [10月20日（週一） 上午 7:14]   use "Packing table"
  91.9s [10月20日（週一） 上午 7:15]   click [Pack] 打包 13 筆訂單（1 小時 44 分）
  92.8s [10月20日（週一） 上午 9:00]   click [CourierEconomy] 快遞 · 經濟 3 天（$55.92）
 102.9s [10月20日（週一） 下午 7:13]   use "Sleep"
 103.5s [10月20日（週一） 下午 7:13]   click [Sleep] Sleep until 7:00 AM
 114.3s [10月21日（週二） 上午 7:14]   use "Packing table"
 115.0s [10月21日（週二） 上午 7:15]   click [Pack] 打包 13 筆訂單（1 小時 44 分）
 115.9s [10月21日（週二） 上午 9:00]   click [CourierEconomy] 快遞 · 經濟 3 天（$55.92）
 126.0s [10月21日（週二） 下午 7:13]   use "Sleep"
 126.6s [10月21日（週二） 下午 7:13]   click [Sleep] Sleep until 7:00 AM
 137.4s [10月22日（週三） 上午 7:14]   use "Packing table"
 138.1s [10月22日（週三） 上午 7:15]   click [Pack] 打包 7 筆訂單（56 分鐘）
 139.0s [10月22日（週三） 上午 8:12]   click [CourierEconomy] 快遞 · 經濟 3 天（$32.88）
 149.1s [10月22日（週三） 下午 7:13]   use "Sleep"
 149.7s [10月22日（週三） 下午 7:13]   click [Sleep] Sleep until 7:00 AM
 150.3s [10月23日（週四） 上午 2:31]   toast: 新評價 #3827：★「浪費錢。」
 151.6s [10月23日（週四） 上午 7:00]   shot 10_decision_customer_return.png
 151.6s [10月23日（週四） 上午 7:00]   decision customer_return → replace
 151.6s [10月23日（週四） 上午 7:00]   click [Choice_replace] 寄一個新的
 153.1s [10月23日（週四） 上午 7:00]   shot 11_decision_outcome_customer_return.png
 153.1s [10月23日（週四） 上午 7:00]   click "OK"
 153.6s [10月23日（週四） 上午 7:00]   shot 12_decision_customer_return.png
 153.6s [10月23日（週四） 上午 7:00]   decision customer_return → refund
 153.6s [10月23日（週四） 上午 7:00]   click [Choice_refund] 退款＋收回商品
 155.0s [10月23日（週四） 上午 7:00]   shot 13_decision_outcome_customer_return.png
 155.0s [10月23日（週四） 上午 7:00]   click "OK"
 155.6s [10月23日（週四） 上午 7:00]   shot 14_decision_customer_return.png
 155.6s [10月23日（週四） 上午 7:00]   decision customer_return → replace
 155.6s [10月23日（週四） 上午 7:00]   click [Choice_replace] 寄一個新的
 157.0s [10月23日（週四） 上午 7:00]   shot 15_decision_outcome_customer_return.png
 157.0s [10月23日（週四） 上午 7:00]   click "OK"
 157.6s [10月23日（週四） 上午 7:00]   shot 16_decision_customer_return.png
 157.6s [10月23日（週四） 上午 7:00]   decision customer_return → replace
 157.6s [10月23日（週四） 上午 7:00]   click [Choice_replace] 寄一個新的
 159.0s [10月23日（週四） 上午 7:00]   shot 17_decision_outcome_customer_return.png
 159.0s [10月23日（週四） 上午 7:00]   click "OK"
 168.4s [10月23日（週四） 上午 7:13]   use "Packing table"
 169.1s [10月23日（週四） 上午 7:15]   click [Pack] 打包 3 筆訂單（24 分鐘）
 170.1s [10月23日（週四） 上午 7:40]   click [CourierEconomy] 快遞 · 經濟 3 天（$17.52）
 180.1s [10月23日（週四） 下午 7:13]   use "Sleep"
 180.7s [10月23日（週四） 下午 7:13]   click [Sleep] Sleep until 7:00 AM
 191.6s [10月24日（週五） 上午 7:14]   use "Packing table"
 192.3s [10月24日（週五） 上午 7:15]   click [Pack] 打包 2 筆訂單（16 分鐘）
 193.2s [10月24日（週五） 上午 7:32]   click [CourierEconomy] 快遞 · 經濟 3 天（$13.04）
 194.5s [10月24日（週五） 上午 7:34]   ok  Chapter 9 complete: the import got through
 194.5s [10月24日（週五） 上午 7:34]   ok  ledger balanced after chapters 7–9
 194.5s [10月24日（週五） 上午 7:34] STEP Old Town — lease the corner café from Mr. Okafor
 194.5s [10月24日（週五） 上午 7:34]   (harness) wait 2 h
 198.7s [10月24日（週五） 上午 9:40]   ok  walked back outside
 212.6s [10月24日（週五） 上午 10:01]   use "捷運——河濱區站"
 213.6s [10月24日（週五） 上午 10:02]   shot 18_metro_old_town.png
 213.6s [10月24日（週五） 上午 10:02]   click [Go_old_town] 舊城區  ·  16 分鐘
 215.0s [10月24日（週五） 上午 10:20]   ok  took the Metro to Old Town
 215.1s [10月24日（週五） 上午 10:20]   shot 19_old_town.png
 225.9s [10月24日（週五） 上午 10:36]   ok  entered Okafor Lettings
 226.5s [10月24日（週五） 上午 10:37]   use "和 Okafor 先生 說話"
 229.5s [10月24日（週五） 上午 10:37]   choose "› 這裡以前是什麼店？"
 234.6s [10月24日（週五） 上午 10:38]   shot 20_cafe_lease.png
 234.6s [10月24日（週五） 上午 10:38]   click [SignLease_corner_cafe] Sign the lease
 235.5s [10月24日（週五） 上午 10:39]   ok  leased the corner café unit
 237.3s [10月24日（週五） 上午 10:43]   ok  walked back outside
 237.5s [10月24日（週五） 上午 10:43]   shot 21_old_town_storefronts.png
 242.4s [10月24日（週五） 上午 10:51]   ok  entered Corner Café Unit
 243.2s [10月24日（週五） 上午 10:52]   use "Check the till — Company OS"
 243.8s [10月24日（週五） 上午 10:53]   click [CafeFitOut] 裝修（$5,800）
 244.4s [10月24日（週五） 上午 10:54]   click [CafeSupplies_large] 400 杯份 · $326.00
 244.9s [10月24日（週五） 上午 10:54]   shot 22_cafe_setup.png
 245.4s [10月24日（週五） 上午 10:55]   ok  fit-out under way
 245.4s [10月24日（週五） 上午 10:55]   ok  coffee supplies ordered
 245.4s [10月24日（週五） 上午 10:55] STEP Old Town — the food licence at City Hall (walking via Shopping Street)
 247.4s [10月24日（週五） 上午 10:59]   ok  walked back outside
 255.4s [10月24日（週五） 上午 11:17]   ok  walked to Shopping Street
 268.9s [10月24日（週五） 上午 11:45]   ok  walked to Civic Center
 273.6s [10月24日（週五） 上午 11:51]   ok  entered Aurelia City Hall
 275.4s [10月24日（週五） 上午 11:54]   use "Permits & regulations"
 276.0s [10月24日（週五） 上午 11:55]   click [ApplyFoodLicence] Apply
 276.6s [10月24日（週五） 下午 12:16]   shot 23_food_licence.png
 277.0s [10月24日（週五） 下午 12:16]   ok  food licence applied for
 280.0s [10月24日（週五） 下午 12:22]   ok  walked back outside
 285.6s [10月24日（週五） 下午 12:30]   use "捷運——市政中心站"
 286.6s [10月24日（週五） 下午 12:32]   shot 24_metro_riverside.png
 286.6s [10月24日（週五） 下午 12:32]   click [Go_riverside] 河濱區  ·  12 分鐘
 287.7s [10月24日（週五） 下午 12:45]   ok  took the Metro to Riverside
 296.8s [10月24日（週五） 下午 12:59]   ok  entered Riverside Tower
 296.8s [10月24日（週五） 下午 12:59]   (harness) wait 2 h
 297.5s [10月24日（週五） 下午 3:00]   (harness) wait 2 h
 298.2s [10月24日（週五） 下午 5:01]   (harness) wait 2 h
 300.8s [10月24日（週五） 下午 7:05]   use "Sleep"
 301.4s [10月24日（週五） 下午 7:05]   click [Sleep] Sleep until 7:00 AM
 303.3s [10月25日（週六） 上午 7:00]   shot 25_decision_customer_return.png
 303.3s [10月25日（週六） 上午 7:00]   decision customer_return → refund
 303.3s [10月25日（週六） 上午 7:00]   click [Choice_refund] 退款＋收回商品
 304.8s [10月25日（週六） 上午 7:00]   shot 26_decision_outcome_customer_return.png
 304.8s [10月25日（週六） 上午 7:00]   click "OK"
 305.3s [10月25日（週六） 上午 7:00]   shot 27_decision_customer_return.png
 305.3s [10月25日（週六） 上午 7:00]   decision customer_return → refund
 305.3s [10月25日（週六） 上午 7:00]   click [Choice_refund] 退款＋收回商品
 306.7s [10月25日（週六） 上午 7:00]   shot 28_decision_outcome_customer_return.png
 306.7s [10月25日（週六） 上午 7:00]   click "OK"
 307.3s [10月25日（週六） 上午 7:00]   (harness) wait 2 h
 316.9s [10月25日（週六） 上午 9:15]   use "Packing table"
 317.6s [10月25日（週六） 上午 9:16]   click [Pack] 打包 2 筆訂單（16 分鐘）
 318.5s [10月25日（週六） 上午 9:33]   click [CourierEconomy] 快遞 · 經濟 3 天（$13.04）
 319.7s [10月25日（週六） 上午 9:35]   (harness) wait 2 h
 320.4s [10月25日（週六） 上午 11:36]   (harness) wait 2 h
 321.1s [10月25日（週六） 下午 1:37]   (harness) wait 2 h
 321.8s [10月25日（週六） 下午 3:38]   (harness) wait 2 h
 322.5s [10月25日（週六） 下午 5:39]   (harness) wait 2 h
 332.0s [10月25日（週六） 下午 7:53]   use "Sleep"
 332.6s [10月25日（週六） 下午 7:53]   click [Sleep] Sleep until 7:00 AM
 334.6s [10月26日（週日） 上午 7:01]   (harness) wait 2 h
 335.3s [10月26日（週日） 上午 9:02]   (harness) wait 2 h
 335.9s [10月26日（週日） 上午 11:03]   (harness) wait 2 h
 336.6s [10月26日（週日） 下午 1:04]   (harness) wait 2 h
 337.3s [10月26日（週日） 下午 3:05]   (harness) wait 2 h
 338.0s [10月26日（週日） 下午 5:06]   (harness) wait 2 h
 338.9s [10月26日（週日） 下午 7:07]   use "Sleep"
 339.5s [10月26日（週日） 下午 7:07]   click [Sleep] Sleep until 7:00 AM
 341.5s [10月27日（週一） 上午 7:01]   ok  fitted out and licensed
 341.5s [10月27日（週一） 上午 7:01] STEP Old Town — opening day behind your own counter
 344.7s [10月27日（週一） 上午 7:06]   ok  walked back outside
 358.6s [10月27日（週一） 上午 7:27]   use "捷運——河濱區站"
 359.6s [10月27日（週一） 上午 7:29]   shot 29_metro_old_town.png
 359.6s [10月27日（週一） 上午 7:29]   click [Go_old_town] 舊城區  ·  16 分鐘
 360.7s [10月27日（週一） 上午 7:46]   ok  took the Metro to Old Town
 368.1s [10月27日（週一） 上午 7:58]   ok  entered Corner Café Unit
 368.2s [10月27日（週一） 上午 7:58]   shot 30_cafe_open.png
 369.2s [10月27日（週一） 上午 7:59]   use "Work the counter (2 h)"
 370.1s [10月27日（週一） 上午 9:59]   shot 31_decision_customer_return.png
 370.1s [10月27日（週一） 上午 9:59]   decision customer_return → refund
 370.1s [10月27日（週一） 上午 9:59]   click [Choice_refund] 退款＋收回商品
 371.5s [10月27日（週一） 上午 9:59]   shot 32_decision_outcome_customer_return.png
 371.5s [10月27日（週一） 上午 9:59]   click "OK"
 372.1s [10月27日（週一） 上午 9:59]   ok  served customers at your own café
 372.6s [10月27日（週一） 上午 10:00]   use "Check the till — Company OS"
 373.2s [10月27日（週一） 上午 10:01]   shot 33_cafe_tab.png
 373.7s [10月27日（週一） 上午 10:02]   ok  ledger balanced after opening the café
 375.9s [10月27日（週一） 上午 10:06]   ok  walked back outside
 388.1s [10月27日（週一） 上午 10:24]   use "捷運——舊城區站"
 389.1s [10月27日（週一） 上午 10:26]   shot 34_metro_riverside.png
 389.1s [10月27日（週一） 上午 10:26]   click [Go_riverside] 河濱區  ·  16 分鐘
 390.1s [10月27日（週一） 上午 10:43]   ok  took the Metro to Riverside
 399.3s [10月27日（週一） 上午 10:57]   ok  entered Riverside Tower
 399.3s [10月27日（週一） 上午 10:57] STEP Harbor — metro to the docks, a used van from Sam, and Pier 7
 399.3s [10月27日（週一） 上午 10:57]   ok  actual financing covers the van, bay and working capital
 400.7s [10月27日（週一） 上午 11:00]   ok  walked back outside
 414.6s [10月27日（週一） 上午 11:21]   use "捷運——河濱區站"
 415.6s [10月27日（週一） 上午 11:22]   shot 35_metro_harbor.png
 415.6s [10月27日（週一） 上午 11:22]   click [Go_harbor] 港區  ·  8 分鐘
 418.6s [10月27日（週一） 上午 11:32]   ok  took the Metro to Harbor
 418.7s [10月27日（週一） 上午 11:32]   shot 36_harbor.png
 425.6s [10月27日（週一） 上午 11:42]   shot 37_harbor_street.png
 428.2s [10月27日（週一） 上午 11:46]   ok  entered Dockside Motors
 435.1s [10月27日（週一） 上午 11:57]   use "和 Sam Okoro 說話"
 438.1s [10月27日（週一） 上午 11:57]   choose "› 你這裡有什麼？"
 443.1s [10月27日（週一） 上午 11:58]   shot 38_van_dealer.png
 443.1s [10月27日（週一） 上午 11:58]   click [BuyVan] 買下這台貨車（$9,800.00）
 443.8s [10月27日（週一） 上午 11:59]   shot 39_van_bought.png
 444.2s [10月27日（週一） 下午 12:00]   ok  bought the van from Sam
 444.2s [10月27日（週一） 下午 12:00]   ok  the van is a vehicle expense
 446.1s [10月27日（週一） 下午 12:03]   ok  walked back outside
 451.7s [10月27日（週一） 下午 12:12]   ok  entered Pier 7 Warehouse
 455.3s [10月27日（週一） 下午 12:17]   use "Lettings desk: lease Bay 3"
 456.0s [10月27日（週一） 下午 12:18]   shot 40_pier7_lease.png
 456.0s [10月27日（週一） 下午 12:18]   click [SignLease_pier7_warehouse] Sign the lease
 457.0s [10月27日（週一） 下午 12:20]   ok  leased the Pier 7 bay
 457.0s [10月27日（週一） 下午 12:20]   ok  Pier 7 is a stock location
 457.5s [10月27日（週一） 下午 12:20]   shot 41_pier7_warehouse.png
 461.8s [10月27日（週一） 下午 12:28]   ok  walked back outside
 470.3s [10月27日（週一） 下午 12:41]   use "捷運——港區站"
 471.3s [10月27日（週一） 下午 12:42]   shot 42_metro_riverside.png
 471.3s [10月27日（週一） 下午 12:42]   click [Go_riverside] 河濱區  ·  8 分鐘
 472.4s [10月27日（週一） 下午 12:52]   ok  took the Metro to Riverside
 481.5s [10月27日（週一） 下午 1:06]   ok  entered Riverside Tower
 481.5s [10月27日（週一） 下午 1:06] STEP Harbor — the morning's delivery runs
 481.5s [10月27日（週一） 下午 1:06]   (harness) wait 2 h
 482.2s [10月27日（週一） 下午 3:07]   (harness) wait 2 h
 482.9s [10月27日（週一） 下午 5:08]   (harness) wait 2 h
 485.5s [10月27日（週一） 下午 7:12]   use "Sleep"
 486.1s [10月27日（週一） 下午 7:12]   click [Sleep] Sleep until 7:00 AM
 488.1s [10月28日（週二） 上午 7:01]   (harness) wait 2 h
 488.7s [10月28日（週二） 上午 9:02]   ok  runs were posted in the morning
 491.8s [10月28日（週二） 上午 9:07]   ok  walked back outside
 500.8s [10月28日（週二） 上午 9:21]   shot 43_decision_customer_return.png
 500.8s [10月28日（週二） 上午 9:21]   decision customer_return → replace
 500.8s [10月28日（週二） 上午 9:21]   click [Choice_replace] 寄一個新的
 502.2s [10月28日（週二） 上午 9:21]   shot 44_decision_outcome_customer_return.png
 502.2s [10月28日（週二） 上午 9:21]   click "OK"
 502.9s [10月28日（週二） 上午 9:21]   use "捷運——河濱區站"
 503.8s [10月28日（週二） 上午 9:23]   shot 45_metro_harbor.png
 503.9s [10月28日（週二） 上午 9:23]   click [Go_harbor] 港區  ·  8 分鐘
 504.9s [10月28日（週二） 上午 9:32]   ok  took the Metro to Harbor
 514.9s [10月28日（週二） 上午 9:47]   ok  entered Pier 7 Warehouse
 517.7s [10月28日（週二） 上午 9:52]   use "Sit at the yard office desk — Company OS"
 518.4s [10月28日（週二） 上午 9:53]   click [Tab_logistics] Logistics
 519.3s [10月28日（週二） 上午 9:54]   shot 46_logistics_tab.png
 519.9s [10月28日（週二） 上午 9:55]   shot 47_logistics_badge_pinned.png
 519.9s [10月28日（週二） 上午 9:55]   click [Tab_logistics] Logistics
 520.4s [10月28日（週二） 上午 9:56]   ok  delivery runs on the board
 520.4s [10月28日（週二） 上午 9:56]   click [Accept_R2] Accept
 521.0s [10月28日（週二） 上午 9:56]   ok  accepted run R2
 521.0s [10月28日（週二） 上午 9:56]   shot 48_logistics_accepted.png
 521.0s [10月28日（週二） 上午 9:56]   click [Drive_R2] Drive it
 521.8s [10月28日（週二） 上午 9:57]   shot 49_route_game_intro.png
 521.8s [10月28日（週二） 上午 9:57]   click [StartGame] Start
 522.3s [10月28日（週二） 上午 9:57]   click [Stop_2] 
 522.4s [10月28日（週二） 上午 9:57]   click [Stop_3] 
 522.8s [10月28日（週二） 上午 9:57]   shot 50_route_game_planning.png
 522.8s [10月28日（週二） 上午 9:57]   click [Stop_1] 
 522.9s [10月28日（週二） 上午 9:57]   click [Stop_4] 
 523.5s [10月28日（週二） 上午 9:57]   shot 51_route_game_planned.png
 523.5s [10月28日（週二） 上午 9:57]   click [DriveRoute] Drive the route
 524.2s [10月28日（週二） 上午 9:57]   shot 52_route_game_results.png
 524.2s [10月28日（週二） 上午 9:57]   click [FinishGame] Continue
 525.1s [10月28日（週二） 下午 12:41]   ok  the run is done and in the history
 525.1s [10月28日（週二） 下午 12:41]   ok  the pay was banked as revenue ($111.10 for run R2)
 525.1s [10月28日（週二） 下午 12:41]   ok  fuel was charged
 525.1s [10月28日（週二） 下午 12:41]   ok  the best route scored 100%
 525.6s [10月28日（週二） 下午 12:41]   shot 53_logistics_tab_paid.png
 526.0s [10月28日（週二） 下午 12:42]   ok  ledger balanced after the first delivery run
 530.0s [10月28日（週二） 下午 12:49]   ok  walked back outside
 538.6s [10月28日（週二） 下午 1:02]   use "捷運——港區站"
 539.5s [10月28日（週二） 下午 1:03]   shot 54_metro_riverside.png
 539.5s [10月28日（週二） 下午 1:03]   click [Go_riverside] 河濱區  ·  8 分鐘
 540.6s [10月28日（週二） 下午 1:13]   ok  took the Metro to Riverside
 549.7s [10月28日（週二） 下午 1:27]   ok  entered Riverside Tower
 549.7s [10月28日（週二） 下午 1:27] STEP Harbor — buy a single class and meet business connections
 551.2s [10月28日（週二） 下午 1:30]   ok  walked back outside
 565.1s [10月28日（週二） 下午 1:51]   use "捷運——河濱區站"
 566.1s [10月28日（週二） 下午 1:52]   shot 55_metro_harbor.png
 566.1s [10月28日（週二） 下午 1:52]   click [Go_harbor] 港區  ·  8 分鐘
 567.2s [10月28日（週二） 下午 2:02]   ok  took the Metro to Harbor
 572.4s [10月28日（週二） 下午 2:09]   ok  entered Harbor Point Fitness
 572.8s [10月28日（週二） 下午 2:09]   use "Front desk"
 572.9s [10月28日（週二） 下午 2:10]   click [FitnessSingle] 單堂課 · $12.00
 573.0s [10月28日（週二） 下午 2:10]   ok  single class charged to personal cash
 573.1s [10月28日（週二） 下午 2:10]   shot 56_fitness_timetable.png
 573.1s [10月28日（週二） 下午 2:10]   click [FitnessWait] 等候下一堂課 · 230 分鐘
 573.2s [10月28日（週二） 下午 5:00]   toast: Riverlight Goods 咖啡 今天沒開門：吧台沒人顧。去僱一位咖啡師（人員分頁），或自己站吧台。
 573.3s [10月28日（週二） 下午 6:00]   shot 57_fitness_class_ready.png
 573.3s [10月28日（週二） 下午 6:00]   ok  timetable reaches actual class start
 573.3s [10月28日（週二） 下午 6:00]   click [FitnessClass_strength] 18:00 · 肌力訓練 · 60 分鐘
 574.9s [10月28日（週二） 下午 7:01]   ok  class consumed saved single pass
 574.9s [10月28日（週二） 下午 7:01]   shot 58_fitness_networking_opportunity.png
 575.0s [10月28日（週二） 下午 7:01]   shot 59_decision_fitness_press.png
 575.0s [10月28日（週二） 下午 7:01]   decision fitness_press → accept
 575.0s [10月28日（週二） 下午 7:01]   click [Choice_accept] 委託報導 · $75.00
 576.4s [10月28日（週二） 下午 7:01]   shot 60_decision_outcome_fitness_press.png
 576.4s [10月28日（週二） 下午 7:01]   click "OK"
 576.9s [10月28日（週二） 下午 7:01]   ok  fitness and networking books balance
 578.6s [10月28日（週二） 下午 7:05]   ok  walked back outside
 581.8s [10月28日（週二） 下午 7:09]   use "捷運——港區站"
 582.8s [10月28日（週二） 下午 7:11]   shot 61_metro_riverside.png
 582.8s [10月28日（週二） 下午 7:11]   click [Go_riverside] 河濱區  ·  8 分鐘
 583.8s [10月28日（週二） 下午 7:21]   ok  took the Metro to Riverside
 593.0s [10月28日（週二） 下午 7:34]   ok  entered Riverside Tower
 593.0s [10月28日（週二） 下午 7:34]   ok  Chapter 10 started after Chapter 9
 593.0s [10月28日（週二） 下午 7:34]   ok  Year 6: the Digital Finance Boom
 593.0s [10月28日（週二） 下午 7:34] STEP Chapter 10 — the news, and Lina's escrow offer
 594.4s [10月28日（週二） 下午 7:37]   ok  walked back outside
 597.7s [10月28日（週二） 下午 7:42]   ok  entered Bloom Coffee
 599.4s [10月28日（週二） 下午 7:45]   use "Read the news board"
 600.2s [10月28日（週二） 下午 7:50]   shot 62_news_digital_rails.png
 600.2s [10月28日（週二） 下午 7:50]   info card: News board
 600.2s [10月28日（週二） 下午 7:50]   shot 63_info_news_board.png
 600.2s [10月28日（週二） 下午 7:50]   click "Close"
 600.7s [10月28日（週二） 下午 7:50]   ok  read the news (digital_rails)
 603.7s [10月28日（週二） 下午 7:56]   ok  walked back outside
 606.8s [10月28日（週二） 下午 8:00]   ok  entered Riverside Tower
 608.8s [10月28日（週二） 下午 8:03]   use "Sleep"
 609.4s [10月28日（週二） 下午 8:03]   click [Sleep] Sleep until 7:00 AM
 611.5s [10月29日（週三） 上午 7:01]   (harness) wait 2 h
 612.2s [10月29日（週三） 上午 9:02]   (harness) wait 2 h
 616.0s [10月29日（週三） 上午 11:08]   ok  walked back outside
 630.0s [10月29日（週三） 上午 11:29]   use "捷運——河濱區站"
 630.9s [10月29日（週三） 上午 11:31]   shot 64_metro_financial.png
 630.9s [10月29日（週三） 上午 11:31]   click [Go_financial] 金融區  ·  10 分鐘
 632.0s [10月29日（週三） 上午 11:42]   ok  took the Metro to Financial District
 639.6s [10月29日（週三） 上午 11:54]   ok  entered Nexus Bank
 646.9s [10月29日（週三） 下午 12:05]   use "和 Lina Zhao 說話"
 647.8s [10月29日（週三） 下午 12:05]   shot 65_lina_rails.png
 653.6s [10月29日（週三） 下午 12:05]   choose "› 有什麼但書？"
 659.5s [10月29日（週三） 下午 12:07]   ok  the '!' badge for escrow pins its card
 659.6s [10月29日（週三） 下午 12:07]   shot 66_badge_escrow_pinned.png
 659.8s [10月29日（週三） 下午 12:07]   shot 67_decision_escrow_offer.png
 659.8s [10月29日（週三） 下午 12:07]   decision escrow_offer → try
 659.8s [10月29日（週三） 下午 12:07]   click [Choice_try] 開立託管帳戶
 661.3s [10月29日（週三） 下午 12:07]   shot 68_decision_outcome_escrow_offer.png
 661.3s [10月29日（週三） 下午 12:07]   click "OK"
 661.8s [10月29日（週三） 下午 12:07]   ok  opened an escrow account
 661.8s [10月29日（週三） 下午 12:07] STEP Chapter 10 — an import paid through escrow
 664.2s [10月29日（週三） 下午 12:12]   ok  walked back outside
 670.3s [10月29日（週三） 下午 12:21]   use "捷運——金融區站"
 671.3s [10月29日（週三） 下午 12:22]   shot 69_metro_riverside.png
 671.3s [10月29日（週三） 下午 12:22]   click [Go_riverside] 河濱區  ·  10 分鐘
 672.4s [10月29日（週三） 下午 12:34]   ok  took the Metro to Riverside
 681.5s [10月29日（週三） 下午 12:48]   ok  entered Riverside Tower
 682.9s [10月29日（週三） 下午 12:50]   use "Use laptop — Company OS"
 683.6s [10月29日（週三） 下午 12:51]   click [Tab_operations] Operations
 684.4s [10月29日（週三） 下午 12:52]   click [Buy_lumina_direct_phone_stand] 購買 $852.00
 685.3s [10月29日（週三） 下午 12:53]   shot 70_settlement_escrow.png
 685.3s [10月29日（週三） 下午 12:53]   click [Settle_escrow] Pay this way
 686.1s [10月29日（週三） 下午 3:05]   click [Tab_finance] Finance
 686.6s [10月29日（週三） 下午 3:05]   click [Tab_operations] Operations
 691.9s [10月29日（週三） 下午 3:13]   shot 71_operations_escrow_order.png
 692.3s [10月29日（週三） 下午 3:14]   ok  import ordered through escrow
 692.5s [10月29日（週三） 下午 3:14]   use "Use laptop — Company OS"
 693.2s [10月29日（週三） 下午 3:15]   click [Tab_finance] Finance
 694.2s [10月29日（週三） 下午 3:16]   shot 72_finance_held_in_escrow.png
 694.6s [10月29日（週三） 下午 5:00]   toast: Riverlight Goods 咖啡 今天沒開門：吧台沒人顧。去僱一位咖啡師（人員分頁），或自己站吧台。
 702.2s [10月29日（週三） 下午 7:12]   use "Sleep"
 702.8s [10月29日（週三） 下午 7:12]   click [Sleep] Sleep until 7:00 AM
 704.8s [10月30日（週四） 下午 5:00]   toast: Riverlight Goods 咖啡 今天沒開門：吧台沒人顧。去僱一位咖啡師（人員分頁），或自己站吧台。
 705.0s [10月30日（週四） 下午 7:00]   use "Sleep"
 705.6s [10月30日（週四） 下午 7:00]   click [Sleep] Sleep until 7:00 AM
 707.6s [10月31日（週五） 下午 5:00]   toast: Riverlight Goods 咖啡 今天沒開門：吧台沒人顧。去僱一位咖啡師（人員分頁），或自己站吧台。
 707.8s [10月31日（週五） 下午 7:00]   use "Sleep"
 708.4s [10月31日（週五） 下午 7:00]   click [Sleep] Sleep until 7:00 AM
 712.0s [11月1日（週六） 上午 7:00]   shot 73_month_close_report.png
 712.0s [11月1日（週六） 上午 7:00]   click [month close] Continue
 712.6s [11月1日（週六） 下午 5:00]   toast: Riverlight Goods 咖啡 今天沒開門：吧台沒人顧。去僱一位咖啡師（人員分頁），或自己站吧台。
 712.8s [11月1日（週六） 下午 7:01]   use "Sleep"
 713.4s [11月1日（週六） 下午 7:01]   click [Sleep] Sleep until 7:00 AM
 715.6s [11月2日（週日） 下午 7:00]   shot 74_decision_supplier_price_increase.png
 715.6s [11月2日（週日） 下午 7:00]   decision supplier_price_increase → accept
 715.6s [11月2日（週日） 下午 7:00]   click [Choice_accept] 好。繼續跟你進貨。
 717.0s [11月2日（週日） 下午 7:00]   shot 75_decision_outcome_supplier_price_increase.png
 717.0s [11月2日（週日） 下午 7:00]   click "OK"
 717.7s [11月2日（週日） 下午 7:00]   use "Sleep"
 718.3s [11月2日（週日） 下午 7:00]   click [Sleep] Sleep until 7:00 AM
 720.4s [11月3日（週一） 下午 5:00]   toast: Riverlight Goods 咖啡 今天沒開門：吧台沒人顧。去僱一位咖啡師（人員分頁），或自己站吧台。
 727.0s [11月3日（週一） 下午 7:09]   use "Sleep"
 727.6s [11月3日（週一） 下午 7:10]   click [Sleep] Sleep until 7:00 AM
 729.7s [11月4日（週二） 下午 5:00]   toast: Riverlight Goods 咖啡 今天沒開門：吧台沒人顧。去僱一位咖啡師（人員分頁），或自己站吧台。
 729.8s [11月4日（週二） 下午 7:00]   use "Sleep"
 730.4s [11月4日（週二） 下午 7:00]   click [Sleep] Sleep until 7:00 AM
 732.5s [11月5日（週三） 下午 5:00]   toast: Riverlight Goods 咖啡 今天沒開門：吧台沒人顧。去僱一位咖啡師（人員分頁），或自己站吧台。
 732.7s [11月5日（週三） 下午 7:00]   use "Sleep"
 733.3s [11月5日（週三） 下午 7:00]   click [Sleep] Sleep until 7:00 AM
 735.3s [11月6日（週四） 下午 5:00]   toast: Riverlight Goods 咖啡 今天沒開門：吧台沒人顧。去僱一位咖啡師（人員分頁），或自己站吧台。
 735.5s [11月6日（週四） 下午 7:00]   use "Sleep"
 736.1s [11月6日（週四） 下午 7:00]   click [Sleep] Sleep until 7:00 AM
 738.1s [11月7日（週五） 下午 5:00]   toast: Riverlight Goods 咖啡 今天沒開門：吧台沒人顧。去僱一位咖啡師（人員分頁），或自己站吧台。
 738.3s [11月7日（週五） 下午 7:00]   use "Sleep"
 738.9s [11月7日（週五） 下午 7:00]   click [Sleep] Sleep until 7:00 AM
 740.9s [11月8日（週六） 下午 5:00]   toast: Riverlight Goods 咖啡 今天沒開門：吧台沒人顧。去僱一位咖啡師（人員分頁），或自己站吧台。
 747.7s [11月8日（週六） 下午 7:10]   use "Sleep"
 748.3s [11月8日（週六） 下午 7:10]   click [Sleep] Sleep until 7:00 AM
 750.6s [11月9日（週日） 下午 7:00]   use "Sleep"
 751.2s [11月9日（週日） 下午 7:00]   click [Sleep] Sleep until 7:00 AM
 753.2s [11月10日（週一） 下午 5:00]   toast: Riverlight Goods 咖啡 今天沒開門：吧台沒人顧。去僱一位咖啡師（人員分頁），或自己站吧台。
 753.4s [11月10日（週一） 下午 7:00]   use "Sleep"
 754.0s [11月10日（週一） 下午 7:00]   click [Sleep] Sleep until 7:00 AM
 756.1s [11月11日（週二） 上午 7:01]   ok  escrow released to the supplier on arrival
 756.1s [11月11日（週二） 上午 7:01]   ok  Chapter 10 complete
 756.1s [11月11日（週二） 上午 7:01] STEP Chapter 11 — the bridge exploit
 756.1s [11月11日（週二） 上午 7:01]   ok  Year 7: the Bridge Exploit
 759.4s [11月11日（週二） 上午 7:07]   ok  walked back outside
 762.7s [11月11日（週二） 上午 7:12]   ok  entered Bloom Coffee
 764.4s [11月11日（週二） 上午 7:14]   use "Read the news board"
 765.2s [11月11日（週二） 上午 7:19]   shot 76_news_bridge_before.png
 765.2s [11月11日（週二） 上午 7:19]   info card: News board
 765.2s [11月11日（週二） 上午 7:19]   shot 77_info_news_board.png
 765.2s [11月11日（週二） 上午 7:19]   click "Close"
 765.7s [11月11日（週二） 上午 7:19]   ok  read the news (bridge_before)
 768.6s [11月11日（週二） 上午 7:25]   ok  walked back outside
 771.8s [11月11日（週二） 上午 7:29]   ok  entered Riverside Tower
 773.2s [11月11日（週二） 上午 7:31]   use "Use laptop — Company OS"
 773.9s [11月11日（週二） 上午 7:32]   click [Tab_operations] Operations
 774.8s [11月11日（週二） 上午 7:34]   click [Buy_lumina_direct_phone_stand] 購買 $848.00
 775.6s [11月11日（週二） 上午 7:35]   shot 78_settlement_before_exploit.png
 775.6s [11月11日（週二） 上午 7:35]   click [Settle_escrow] Pay this way
 776.9s [11月11日（週二） 上午 7:37]   ok  restock ordered through escrow (cash $63,368)
 788.7s [11月11日（週二） 上午 7:55]   toast: 快訊：數位美元跨鏈橋遭駭。轉帳凍結，預計 11月17日 上午 7:55 前後恢復。
 790.6s [11月11日（週二） 上午 7:57]   ok  the bridge is frozen with our payment crossing it
 791.3s [11月11日（週二） 上午 7:57]   ok  the '!' badge for frozen_funds pins its card
 791.4s [11月11日（週二） 上午 7:57]   shot 79_badge_frozen_pinned.png
 791.6s [11月11日（週二） 上午 7:57]   shot 80_decision_rail_frozen.png
 791.6s [11月11日（週二） 上午 7:57]   decision rail_frozen → reroute
 791.6s [11月11日（週二） 上午 7:57]   click [Choice_reroute] 改用電匯重新付款（$881）
 793.0s [11月11日（週二） 上午 7:57]   shot 81_decision_outcome_rail_frozen.png
 793.0s [11月11日（週二） 上午 7:57]   click "OK"
 793.6s [11月11日（週二） 上午 7:57]   ok  paid again by wire
 793.8s [11月11日（週二） 上午 7:57]   use "Use laptop — Company OS"
 794.5s [11月11日（週二） 上午 7:59]   click [Tab_finance] Finance
 795.5s [11月11日（週二） 上午 8:00]   shot 82_finance_frozen_funds.png
 795.5s [11月11日（週二） 上午 8:00]   click [Tab_operations] Operations
 801.2s [11月11日（週二） 上午 8:08]   shot 83_operations_frozen_order.png
 804.2s [11月11日（週二） 上午 8:14]   ok  walked back outside
 807.5s [11月11日（週二） 上午 8:19]   ok  entered Bloom Coffee
 809.2s [11月11日（週二） 上午 8:22]   use "Read the news board"
 810.0s [11月11日（週二） 上午 8:27]   shot 84_news_bridge_frozen.png
 810.0s [11月11日（週二） 上午 8:27]   info card: News board
 810.1s [11月11日（週二） 上午 8:27]   shot 85_info_news_board.png
 810.1s [11月11日（週二） 上午 8:27]   click "Close"
 810.5s [11月11日（週二） 上午 8:27]   ok  read the news (bridge_frozen)
 813.5s [11月11日（週二） 上午 8:32]   ok  walked back outside
 816.7s [11月11日（週二） 上午 8:37]   ok  entered Riverside Tower
 816.7s [11月11日（週二） 下午 5:00]   toast: Riverlight Goods 咖啡 今天沒開門：吧台沒人顧。去僱一位咖啡師（人員分頁），或自己站吧台。
 818.6s [11月11日（週二） 下午 7:03]   use "Sleep"
 819.2s [11月11日（週二） 下午 7:03]   click [Sleep] Sleep until 7:00 AM
 821.3s [11月12日（週三） 下午 5:00]   toast: Riverlight Goods 咖啡 今天沒開門：吧台沒人顧。去僱一位咖啡師（人員分頁），或自己站吧台。
 821.4s [11月12日（週三） 下午 7:00]   use "Sleep"
 822.0s [11月12日（週三） 下午 7:00]   click [Sleep] Sleep until 7:00 AM
 824.1s [11月13日（週四） 下午 5:00]   toast: Riverlight Goods 咖啡 今天沒開門：吧台沒人顧。去僱一位咖啡師（人員分頁），或自己站吧台。
 824.3s [11月13日（週四） 下午 7:00]   use "Sleep"
 824.9s [11月13日（週四） 下午 7:00]   click [Sleep] Sleep until 7:00 AM
 826.9s [11月14日（週五） 下午 5:00]   toast: Riverlight Goods 咖啡 今天沒開門：吧台沒人顧。去僱一位咖啡師（人員分頁），或自己站吧台。
 827.0s [11月14日（週五） 下午 7:00]   shot 86_decision_low_cash_warning.png
 827.0s [11月14日（週五） 下午 7:00]   decision low_cash_warning → reduce
 827.0s [11月14日（週五） 下午 7:00]   click [Choice_reduce] 縮減開支（暫停廣告、生活從簡）
 828.4s [11月14日（週五） 下午 7:00]   shot 87_decision_outcome_low_cash_warning.png
 828.4s [11月14日（週五） 下午 7:00]   click "OK"
 829.2s [11月14日（週五） 下午 7:00]   use "Sleep"
 829.8s [11月14日（週五） 下午 7:00]   click [Sleep] Sleep until 7:00 AM
 831.8s [11月15日（週六） 下午 5:00]   toast: Riverlight Goods 咖啡 今天沒開門：吧台沒人顧。去僱一位咖啡師（人員分頁），或自己站吧台。
 832.0s [11月15日（週六） 下午 7:00]   use "Sleep"
 832.6s [11月15日（週六） 下午 7:00]   click [Sleep] Sleep until 7:00 AM
 834.8s [11月16日（週日） 下午 7:00]   use "Sleep"
 835.4s [11月16日（週日） 下午 7:00]   click [Sleep] Sleep until 7:00 AM
 837.4s [11月17日（週一） 下午 5:00]   toast: Riverlight Goods 咖啡 今天沒開門：吧台沒人顧。去僱一位咖啡師（人員分頁），或自己站吧台。
 837.5s [11月17日（週一） 下午 7:00]   shot 88_decision_low_cash_warning.png
 837.5s [11月17日（週一） 下午 7:00]   decision low_cash_warning → reduce
 837.5s [11月17日（週一） 下午 7:00]   click [Choice_reduce] 縮減開支（暫停廣告、生活從簡）
 839.0s [11月17日（週一） 下午 7:00]   shot 89_decision_outcome_low_cash_warning.png
 839.0s [11月17日（週一） 下午 7:00]   click "OK"
 839.7s [11月17日（週一） 下午 7:00]   use "Sleep"
 840.3s [11月17日（週一） 下午 7:00]   click [Sleep] Sleep until 7:00 AM
 842.3s [11月18日（週二） 下午 5:00]   toast: Riverlight Goods 咖啡 今天沒開門：吧台沒人顧。去僱一位咖啡師（人員分頁），或自己站吧台。
 842.5s [11月18日（週二） 下午 7:00]   use "Sleep"
 843.1s [11月18日（週二） 下午 7:00]   click [Sleep] Sleep until 7:00 AM
 845.1s [11月19日（週三） 下午 5:00]   toast: Riverlight Goods 咖啡 今天沒開門：吧台沒人顧。去僱一位咖啡師（人員分頁），或自己站吧台。
 845.3s [11月19日（週三） 下午 7:00]   use "Sleep"
 845.9s [11月19日（週三） 下午 7:00]   click [Sleep] Sleep until 7:00 AM
 847.9s [11月20日（週四） 下午 5:00]   toast: Riverlight Goods 咖啡 今天沒開門：吧台沒人顧。去僱一位咖啡師（人員分頁），或自己站吧台。
 848.1s [11月20日（週四） 下午 7:00]   shot 90_decision_low_cash_warning.png
 848.1s [11月20日（週四） 下午 7:00]   decision low_cash_warning → reduce
 848.1s [11月20日（週四） 下午 7:00]   click [Choice_reduce] 縮減開支（暫停廣告、生活從簡）
 849.5s [11月20日（週四） 下午 7:00]   shot 91_decision_outcome_low_cash_warning.png
 849.5s [11月20日（週四） 下午 7:00]   click "OK"
 850.2s [11月20日（週四） 下午 7:00]   use "Sleep"
 850.8s [11月20日（週四） 下午 7:00]   click [Sleep] Sleep until 7:00 AM
 852.9s [11月21日（週五） 下午 5:00]   toast: Riverlight Goods 咖啡 今天沒開門：吧台沒人顧。去僱一位咖啡師（人員分頁），或自己站吧台。
 853.0s [11月21日（週五） 下午 7:00]   use "Sleep"
 853.6s [11月21日（週五） 下午 7:00]   click [Sleep] Sleep until 7:00 AM
 855.7s [11月22日（週六） 下午 5:00]   toast: Riverlight Goods 咖啡 今天沒開門：吧台沒人顧。去僱一位咖啡師（人員分頁），或自己站吧台。
 855.8s [11月22日（週六） 下午 7:00]   use "Sleep"
 856.4s [11月22日（週六） 下午 7:00]   click [Sleep] Sleep until 7:00 AM
 858.6s [11月23日（週日） 下午 7:00]   shot 92_decision_low_cash_warning.png
 858.6s [11月23日（週日） 下午 7:00]   decision low_cash_warning → reduce
 858.6s [11月23日（週日） 下午 7:00]   click [Choice_reduce] 縮減開支（暫停廣告、生活從簡）
 860.0s [11月23日（週日） 下午 7:00]   shot 93_decision_outcome_low_cash_warning.png
 860.0s [11月23日（週日） 下午 7:00]   click "OK"
 860.6s [11月23日（週日） 下午 7:00]   shot 94_decision_supplier_price_increase.png
 860.6s [11月23日（週日） 下午 7:00]   decision supplier_price_increase → accept
 860.6s [11月23日（週日） 下午 7:00]   click [Choice_accept] 好。繼續跟你進貨。
 862.0s [11月23日（週日） 下午 7:00]   shot 95_decision_outcome_supplier_price_increase.png
 862.0s [11月23日（週日） 下午 7:00]   click "OK"
 862.7s [11月23日（週日） 下午 7:00]   use "Sleep"
 863.3s [11月23日（週日） 下午 7:00]   click [Sleep] Sleep until 7:00 AM
 865.4s [11月24日（週一） 下午 5:00]   toast: Riverlight Goods 咖啡 今天沒開門：吧台沒人顧。去僱一位咖啡師（人員分頁），或自己站吧台。
 865.5s [11月24日（週一） 下午 7:00]   use "Sleep"
 866.1s [11月24日（週一） 下午 7:00]   click [Sleep] Sleep until 7:00 AM
 868.1s [11月25日（週二） 下午 5:00]   toast: Riverlight Goods 咖啡 今天沒開門：吧台沒人顧。去僱一位咖啡師（人員分頁），或自己站吧台。
 868.3s [11月25日（週二） 下午 7:00]   use "Sleep"
 868.9s [11月25日（週二） 下午 7:00]   click [Sleep] Sleep until 7:00 AM
 870.9s [11月26日（週三） 下午 5:00]   toast: Riverlight Goods 咖啡 今天沒開門：吧台沒人顧。去僱一位咖啡師（人員分頁），或自己站吧台。
 871.1s [11月26日（週三） 下午 7:00]   shot 96_decision_low_cash_warning.png
 871.1s [11月26日（週三） 下午 7:00]   decision low_cash_warning → reduce
 871.1s [11月26日（週三） 下午 7:00]   click [Choice_reduce] 縮減開支（暫停廣告、生活從簡）
 872.5s [11月26日（週三） 下午 7:00]   shot 97_decision_outcome_low_cash_warning.png
 872.5s [11月26日（週三） 下午 7:00]   click "OK"
 873.2s [11月26日（週三） 下午 7:00]   use "Sleep"
 873.8s [11月26日（週三） 下午 7:00]   click [Sleep] Sleep until 7:00 AM
 875.9s [11月27日（週四） 上午 7:01]   ok  the bridge reopened
 875.9s [11月27日（週四） 上午 7:01]   ok  frozen funds settled
 875.9s [11月27日（週四） 上午 7:01]   ok  Chapter 11 complete: through the freeze and restocked
 875.9s [11月27日（週四） 上午 7:01] STEP Chapter 12 — the regulation wave: the import licence
 875.9s [11月27日（週四） 上午 7:01]   ok  Year 8: the Regulation Wave
 879.1s [11月27日（週四） 上午 7:06]   ok  walked back outside
 882.5s [11月27日（週四） 上午 7:11]   ok  entered Bloom Coffee
 884.2s [11月27日（週四） 上午 7:14]   use "Read the news board"
 884.9s [11月27日（週四） 上午 7:19]   shot 98_news_regulation.png
 884.9s [11月27日（週四） 上午 7:19]   info card: News board
 885.0s [11月27日（週四） 上午 7:19]   shot 99_info_news_board.png
 885.0s [11月27日（週四） 上午 7:19]   click "Close"
 885.5s [11月27日（週四） 上午 7:19]   ok  read the news (regulation)
 888.4s [11月27日（週四） 上午 7:24]   ok  walked back outside
 891.6s [11月27日（週四） 上午 7:29]   ok  entered Riverside Tower
 891.6s [11月27日（週四） 上午 7:29]   (harness) wait 2 h
 893.8s [11月27日（週四） 上午 9:33]   ok  walked back outside
 907.7s [11月27日（週四） 上午 9:54]   use "捷運——河濱區站"
 908.7s [11月27日（週四） 上午 9:56]   shot 100_metro_civic_center.png
 908.7s [11月27日（週四） 上午 9:56]   click [Go_civic_center] 市政中心  ·  12 分鐘
 909.8s [11月27日（週四） 上午 10:10]   ok  took the Metro to Civic Center
 916.8s [11月27日（週四） 上午 10:20]   ok  entered Aurelia City Hall
 918.6s [11月27日（週四） 上午 10:23]   use "Permits & regulations"
 919.4s [11月27日（週四） 上午 10:24]   shot 101_permits_import_licence.png
 920.0s [11月27日（週四） 上午 10:25]   ok  the '!' badge for company_registration pins its card
 920.1s [11月27日（週四） 上午 10:25]   shot 102_badge_licence_pinned.png
 920.2s [11月27日（週四） 上午 10:25]   click [ApplyImportLicence] 申請（$450）
 921.0s [11月27日（週四） 上午 10:46]   shot 103_permits_licence_processing.png
 921.4s [11月27日（週四） 上午 10:47]   ok  import licence applied for
 924.3s [11月27日（週四） 上午 10:52]   ok  walked back outside
 929.9s [11月27日（週四） 上午 11:01]   use "捷運——市政中心站"
 930.9s [11月27日（週四） 上午 11:02]   shot 104_metro_riverside.png
 930.9s [11月27日（週四） 上午 11:02]   click [Go_riverside] 河濱區  ·  12 分鐘
 932.0s [11月27日（週四） 上午 11:16]   ok  took the Metro to Riverside
 941.1s [11月27日（週四） 上午 11:30]   ok  entered Riverside Tower
 941.2s [11月27日（週四） 下午 5:00]   toast: Riverlight Goods 咖啡 今天沒開門：吧台沒人顧。去僱一位咖啡師（人員分頁），或自己站吧台。
 943.1s [11月27日（週四） 下午 7:02]   use "Sleep"
 943.7s [11月27日（週四） 下午 7:02]   click [Sleep] Sleep until 7:00 AM
 945.7s [11月28日（週五） 下午 5:00]   toast: Riverlight Goods 咖啡 今天沒開門：吧台沒人顧。去僱一位咖啡師（人員分頁），或自己站吧台。
 945.9s [11月28日（週五） 下午 7:00]   use "Sleep"
 946.5s [11月28日（週五） 下午 7:00]   click [Sleep] Sleep until 7:00 AM
 948.5s [11月29日（週六） 下午 5:00]   toast: Riverlight Goods 咖啡 今天沒開門：吧台沒人顧。去僱一位咖啡師（人員分頁），或自己站吧台。
 948.6s [11月29日（週六） 下午 7:00]   shot 105_decision_low_cash_warning.png
 948.6s [11月29日（週六） 下午 7:00]   decision low_cash_warning → reduce
 948.6s [11月29日（週六） 下午 7:00]   click [Choice_reduce] 縮減開支（暫停廣告、生活從簡）
 950.1s [11月29日（週六） 下午 7:00]   shot 106_decision_outcome_low_cash_warning.png
 950.1s [11月29日（週六） 下午 7:00]   click "OK"
 950.8s [11月29日（週六） 下午 7:00]   use "Sleep"
 951.4s [11月29日（週六） 下午 7:00]   click [Sleep] Sleep until 7:00 AM
 953.5s [11月30日（週日） 上午 7:01]   ok  import licence granted
 953.5s [11月30日（週日） 上午 7:01] STEP Chapter 12 — a large import goes through KYC
 954.7s [11月30日（週日） 上午 7:03]   use "Use laptop — Company OS"
 955.4s [11月30日（週日） 上午 7:04]   click [Tab_operations] Operations
 956.3s [11月30日（週日） 上午 7:05]   click [DeliverTo_riverside_studio] 河濱大樓 7C
 957.0s [11月30日（週日） 上午 7:06]   click [Buy_lumina_direct_wireless_earbuds] 購買 $2,670.00
 957.8s [11月30日（週日） 上午 7:07]   shot 107_settlement_kyc.png
 957.9s [11月30日（週日） 上午 7:07]   click [Settle_letter_of_credit] Pay this way
 959.1s [11月30日（週日） 上午 7:09]   ok  the large payment carries a KYC check
 966.5s [11月30日（週日） 下午 7:11]   use "Sleep"
 967.1s [11月30日（週日） 下午 7:11]   click [Sleep] Sleep until 7:00 AM
 970.8s [12月1日（週一） 上午 7:00]   shot 108_month_close_report.png
 970.8s [12月1日（週一） 上午 7:00]   click [month close] Continue
 971.5s [12月1日（週一） 下午 5:00]   toast: Riverlight Goods 咖啡 今天沒開門：吧台沒人顧。去僱一位咖啡師（人員分頁），或自己站吧台。
 971.6s [12月1日（週一） 下午 7:01]   use "Sleep"
 972.2s [12月1日（週一） 下午 7:01]   click [Sleep] Sleep until 7:00 AM
 974.3s [12月2日（週二） 下午 5:00]   toast: Riverlight Goods 咖啡 今天沒開門：吧台沒人顧。去僱一位咖啡師（人員分頁），或自己站吧台。
 974.4s [12月2日（週二） 下午 7:00]   shot 109_decision_low_cash_warning.png
 974.4s [12月2日（週二） 下午 7:00]   decision low_cash_warning → reduce
 974.4s [12月2日（週二） 下午 7:00]   click [Choice_reduce] 縮減開支（暫停廣告、生活從簡）
 975.8s [12月2日（週二） 下午 7:00]   shot 110_decision_outcome_low_cash_warning.png
 975.8s [12月2日（週二） 下午 7:00]   click "OK"
 976.5s [12月2日（週二） 下午 7:00]   use "Sleep"
 977.1s [12月2日（週二） 下午 7:00]   click [Sleep] Sleep until 7:00 AM
 979.2s [12月3日（週三） 下午 5:00]   toast: Riverlight Goods 咖啡 今天沒開門：吧台沒人顧。去僱一位咖啡師（人員分頁），或自己站吧台。
 979.3s [12月3日（週三） 下午 7:00]   use "Sleep"
 979.9s [12月3日（週三） 下午 7:00]   click [Sleep] Sleep until 7:00 AM
 982.0s [12月4日（週四） 上午 7:01]   ok  KYC cleared
 983.1s [12月4日（週四） 上午 7:02]   use "Use laptop — Company OS"
 983.8s [12月4日（週四） 上午 7:03]   click [Tab_finance] Finance
 984.8s [12月4日（週四） 上午 7:05]   shot 111_finance_compliance_cost.png
 985.2s [12月4日（週四） 上午 7:05] STEP Chapter 12 — Victor Hale's offer
 985.3s [12月4日（週四） 上午 7:05]   (harness) wait 2 h
 986.0s [12月4日（週四） 上午 9:07]   (harness) wait 2 h
 989.5s [12月4日（週四） 上午 11:13]   ok  walked back outside
1003.5s [12月4日（週四） 上午 11:34]   use "捷運——河濱區站"
1004.4s [12月4日（週四） 上午 11:35]   shot 112_metro_shopping_street.png
1004.4s [12月4日（週四） 上午 11:35]   click [Go_shopping_street] 購物街  ·  15 分鐘
1005.5s [12月4日（週四） 上午 11:52]   ok  took the Metro to Shopping Street
1014.5s [12月4日（週四） 下午 12:05]   ok  entered Crestline Flagship
1015.1s [12月4日（週四） 下午 12:06]   use "和 Victor Hale 說話"
1016.2s [12月4日（週四） 下午 12:06]   shot 113_victor_offer.png
1023.8s [12月4日（週四） 下午 12:08]   ok  the '!' badge for valuation pins its card
1023.9s [12月4日（週四） 下午 12:08]   shot 114_badge_valuation_pinned.png
1024.1s [12月4日（週四） 下午 12:08]   shot 115_decision_acquisition_offer.png
1024.1s [12月4日（週四） 下午 12:08]   decision acquisition_offer → counter
1024.1s [12月4日（週四） 下午 12:08]   click [Choice_counter] 還價：開價 $112,688
1025.6s [12月4日（週四） 下午 12:08]   shot 116_decision_outcome_acquisition_offer.png
1025.6s [12月4日（週四） 下午 12:08]   click "OK"
1026.2s [12月4日（週四） 下午 12:08]   ok  countered Hale Group's offer
1027.5s [12月4日（週四） 下午 12:10]   shot 117_ending_card.png
1030.3s [12月4日（週四） 下午 12:15]   ok  Chapter 12 complete
1030.3s [12月4日（週四） 下午 12:15]   ok  the main story is complete
1030.4s [12月4日（週四） 下午 12:15]   ok  free play: the growth goal
1030.4s [12月4日（週四） 下午 12:15]   ok  ledger balanced after chapters 10–12
1032.2s [12月4日（週四） 下午 12:18]   ok  walked back outside
1039.5s [12月4日（週四） 下午 12:29]   use "捷運——購物街站"
1040.5s [12月4日（週四） 下午 12:31]   shot 118_metro_riverside.png
1040.5s [12月4日（週四） 下午 12:31]   click [Go_riverside] 河濱區  ·  15 分鐘
1041.5s [12月4日（週四） 下午 12:47]   ok  took the Metro to Riverside
1050.6s [12月4日（週四） 下午 1:01]   ok  entered Riverside Tower
1050.6s [12月4日（週四） 下午 1:01] STEP Save → reload → same state
1052.1s [12月4日（週四） 下午 1:02]   ok  cash restored after load
1052.1s [12月4日（週四） 下午 1:02]   ok  time restored after load
1052.1s [12月4日（週四） 下午 1:02]   ok  location restored (riverside_apartment)
1052.3s [12月4日（週四） 下午 1:02]   shot 119_after_load.png
1052.3s [12月4日（週四） 下午 1:02] STEP Summary
1052.3s [12月4日（週四） 下午 1:02]   business entity co_riverlight_goods cash $55,979.88 · personal $54,835.23 · orders delivered 2735 · chapters done ["ch1_arrival", "ch2_first_customer", "ch3_open_for_business", "ch4_growing_pains", "ch5_big_contract", "ch6_cash_is_oxygen", "ch7_supply_shock", "ch8_green_shift", "ch9_clearing_crisis", "ch10_digital_rails", "ch11_other_side_of_trust", "ch12_regulation_scale"]
1052.3s [12月4日（週四） 下午 1:02]   ok  ledger balanced at the end
1052.3s [12月4日（週四） 下午 1:02]   ok  story objective completed: ch1_phone
1052.3s [12月4日（週四） 下午 1:02]   ok  story objective completed: ch1_outside
1052.3s [12月4日（週四） 下午 1:02]   ok  story objective completed: ch1_coffee
1052.3s [12月4日（週四） 下午 1:02]   ok  story objective completed: ch1_cowork
1052.3s [12月4日（週四） 下午 1:02]   ok  story objective completed: ch1_board
1052.3s [12月4日（週四） 下午 1:02]   ok  story objective completed: ch2_supplier
1052.3s [12月4日（週四） 下午 1:02]   ok  story objective completed: ch2_stock
1052.3s [12月4日（週四） 下午 1:02]   ok  story objective completed: ch2_listing
1052.3s [12月4日（週四） 下午 1:02]   ok  story objective completed: ch2_order
1052.3s [12月4日（週四） 下午 1:02]   ok  story objective completed: ch2_ship
1052.3s [12月4日（週四） 下午 1:02]   ok  story objective completed: ch2_first_dollar
1052.3s [12月4日（週四） 下午 1:02]   ok  story objective completed: ch2_issue
1052.3s [12月4日（週四） 下午 1:02]   ok  story objective completed: ch3_register
1052.3s [12月4日（週四） 下午 1:02]   ok  story objective completed: ch3_bank
1052.3s [12月4日（週四） 下午 1:02]   ok  story objective completed: ch3_workspace
1052.3s [12月4日（週四） 下午 1:02]   ok  story objective completed: ch3_os
1052.3s [12月4日（週四） 下午 1:02]   ok  story objective completed: ch4_employer
1052.3s [12月4日（週四） 下午 1:02]   ok  story objective completed: ch4_post
1052.3s [12月4日（週四） 下午 1:02]   ok  story objective completed: ch4_hire
1052.3s [12月4日（週四） 下午 1:02]   ok  story objective completed: ch4_payroll
1052.3s [12月4日（週四） 下午 1:02]   ok  story objective completed: ch4_forecast
1052.3s [12月4日（週四） 下午 1:02]   ok  story objective completed: ch5_meet
1052.3s [12月4日（週四） 下午 1:02]   ok  story objective completed: ch5_decide
1052.3s [12月4日（週四） 下午 1:02]   ok  story objective completed: ch5_stock
1052.3s [12月4日（週四） 下午 1:02]   ok  story objective completed: ch5_deliver
1052.3s [12月4日（週四） 下午 1:02]   ok  story objective completed: ch6_forecast
1052.4s [12月4日（週四） 下午 1:02]   ok  story objective completed: ch6_bridge
1052.4s [12月4日（週四） 下午 1:02]   ok  story objective completed: ch6_collect
1052.4s [12月4日（週四） 下午 1:02]   ok  story objective completed: ch6_close
1052.4s [12月4日（週四） 下午 1:02]   ok  story objective completed: ch7_news
1052.4s [12月4日（週四） 下午 1:02]   ok  story objective completed: ch7_ken
1052.4s [12月4日（週四） 下午 1:02]   ok  story objective completed: ch7_stock
1052.4s [12月4日（週四） 下午 1:02]   ok  story objective completed: ch7_price
1052.4s [12月4日（週四） 下午 1:02]   ok  story objective completed: ch7_close
1052.4s [12月4日（週四） 下午 1:02]   ok  story objective completed: ch8_news
1052.4s [12月4日（週四） 下午 1:02]   ok  story objective completed: ch8_pack
1052.4s [12月4日（週四） 下午 1:02]   ok  story objective completed: ch8_product
1052.4s [12月4日（週四） 下午 1:02]   ok  story objective completed: ch8_grant
1052.4s [12月4日（週四） 下午 1:02]   ok  story objective completed: ch9_news
1052.4s [12月4日（週四） 下午 1:02]   ok  story objective completed: ch9_import
1052.4s [12月4日（週四） 下午 1:02]   ok  story objective completed: ch9_lina
1052.4s [12月4日（週四） 下午 1:02]   ok  story objective completed: ch9_settle
1052.4s [12月4日（週四） 下午 1:02]   ok  story objective completed: ch9_arrive
1052.4s [12月4日（週四） 下午 1:02]   ok  story objective completed: ch10_news
1052.4s [12月4日（週四） 下午 1:02]   ok  story objective completed: ch10_lina
1052.4s [12月4日（週四） 下午 1:02]   ok  story objective completed: ch10_import
1052.4s [12月4日（週四） 下午 1:02]   ok  story objective completed: ch10_arrive
1052.4s [12月4日（週四） 下午 1:02]   ok  story objective completed: ch11_news
1052.4s [12月4日（週四） 下午 1:02]   ok  story objective completed: ch11_order
1052.4s [12月4日（週四） 下午 1:02]   ok  story objective completed: ch11_freeze
1052.4s [12月4日（週四） 下午 1:02]   ok  story objective completed: ch11_restock
1052.4s [12月4日（週四） 下午 1:02]   ok  story objective completed: ch12_news
1052.4s [12月4日（週四） 下午 1:02]   ok  story objective completed: ch12_licence
1052.4s [12月4日（週四） 下午 1:02]   ok  story objective completed: ch12_kyc
1052.4s [12月4日（週四） 下午 1:02]   ok  story objective completed: ch12_offer
1052.5s [6月1日（週日） 下午 2:00] STEP (harness) skip to Chapter 10
1053.5s [6月1日（週日） 下午 2:02] STEP Industrial — factory lease, machine, technician and first OEM invoice
1056.6s [6月1日（週日） 下午 2:08]   ok  walked back outside
1070.6s [6月1日（週日） 下午 2:29]   use "捷運——河濱區站"
1071.6s [6月1日（週日） 下午 2:30]   shot 120_metro_industrial.png
1071.6s [6月1日（週日） 下午 2:30]   click [Go_industrial] 工業區  ·  14 分鐘
1073.1s [6月1日（週日） 下午 2:46]   ok  took the Metro to Industrial
1073.1s [6月1日（週日） 下午 2:46]   shot 121_industrial_day.png
1084.8s [6月1日（週日） 下午 3:03]   ok  entered Unit 12 Light Industrial
1087.9s [6月1日（週日） 下午 3:08]   use "Lease Unit 12"
1088.0s [6月1日（週日） 下午 3:08]   click [SignLease_unit12_factory] Sign the lease
1088.6s [6月1日（週日） 下午 3:09]   ok  factory lease signed with actual company funds
1088.7s [6月1日（週日） 下午 3:09]   shot 122_factory_interior.png
1089.5s [6月1日（週日） 下午 3:10]   use "Open Line Planner"
1089.6s [6月1日（週日） 下午 3:11]   click [OpenFactory] Open the factory
1089.8s [6月1日（週日） 下午 3:11]   click [RentMachine] Rent machine · $1,400/month
1090.0s [6月1日（週日） 下午 3:11]   click [HireTomas] Hire Tomas · $1,100/week
1090.2s [6月1日（週日） 下午 3:11]   ok  hired a production technician
1090.2s [6月1日（週日） 下午 3:11]   click [QuoteLess_RFQ-1] −$0.25
1090.4s [6月1日（週日） 下午 3:12]   click [QuoteLess_RFQ-1] −$0.25
1090.6s [6月1日（週日） 下午 3:12]   click [QuoteLess_RFQ-1] −$0.25
1090.8s [6月1日（週日） 下午 3:12]   click [Quote_RFQ-1] Send quote
1091.0s [6月1日（週日） 下午 3:13]   ok  OEM quote became a Jobs contract with deposit
1091.0s [6月1日（週日） 下午 3:13]   click [MaterialMore] +100 units
1091.2s [6月1日（週日） 下午 3:13]   click [MaterialMore] +100 units
1091.4s [6月1日（週日） 下午 3:13]   click [MaterialMore] +100 units
1091.6s [6月1日（週日） 下午 3:14]   click [MaterialMore] +100 units
1091.8s [6月1日（週日） 下午 3:14]   click [MaterialMore] +100 units
1092.0s [6月1日（週日） 下午 3:14]   click [MaterialMore] +100 units
1092.2s [6月1日（週日） 下午 3:14]   click [MaterialMore] +100 units
1092.4s [6月1日（週日） 下午 3:15]   click [MaterialMore] +100 units
1092.6s [6月1日（週日） 下午 3:15]   click [MaterialMore] +100 units
1092.8s [6月1日（週日） 下午 3:15]   click [MaterialMore] +100 units
1093.0s [6月1日（週日） 下午 3:16]   click [BuyMaterials] Order Ferro materials
1093.8s [6月3日（週二） 下午 3:17]   shot 123_decision_low_cash_warning.png
1093.8s [6月3日（週二） 下午 3:17]   decision low_cash_warning → reduce
1093.8s [6月3日（週二） 下午 3:17]   click [Choice_reduce] 縮減開支（暫停廣告、生活從簡）
1095.3s [6月3日（週二） 下午 3:17]   shot 124_decision_outcome_low_cash_warning.png
1095.3s [6月3日（週二） 下午 3:17]   click "OK"
1096.1s [6月3日（週二） 下午 3:18]   use "Open Line Planner"
1096.2s [6月3日（週二） 下午 3:18]   click [Select_JOB-1] Schedule this order
1096.4s [6月3日（週二） 下午 3:18]   click [FactoryOvertime] ✗ 加班 · 工資 ×1.5、良率降低 2 個百分點
1096.6s [6月3日（週二） 下午 3:18]   click [More_hours] +
1096.8s [6月3日（週二） 下午 3:19]   click [More_hours] +
1097.0s [6月3日（週二） 下午 3:19]   click [More_hours] +
1097.2s [6月3日（週二） 下午 3:19]   click [More_hours] +
1097.4s [6月3日（週二） 下午 3:19]   click [More_hours] +
1097.6s [6月3日（週二） 下午 3:20]   click [More_hours] +
1097.8s [6月3日（週二） 下午 3:20]   click [More_hours] +
1098.0s [6月3日（週二） 下午 3:20]   click [More_hours] +
1098.2s [6月3日（週二） 下午 3:21]   shot 125_line_planner.png
1098.2s [6月3日（週二） 下午 3:21]   click [ReserveSlot] Reserve production slot
1099.0s [6月5日（週四） 上午 1:00]   shot 126_decision_low_cash_warning.png
1099.0s [6月5日（週四） 上午 1:00]   decision low_cash_warning → reduce
1099.0s [6月5日（週四） 上午 1:00]   click [Choice_reduce] 縮減開支（暫停廣告、生活從簡）
1100.5s [6月5日（週四） 上午 1:00]   shot 127_decision_outcome_low_cash_warning.png
1100.5s [6月5日（週四） 上午 1:00]   click "OK"
1101.2s [6月5日（週四） 上午 1:01]   use "Open Line Planner"
1101.3s [6月5日（週四） 上午 1:01]   click [Deliver_JOB-1] Deliver and invoice
1101.5s [6月5日（週四） 上午 1:01]   ok  first factory revenue has a completed traceable order
1101.6s [6月5日（週四） 上午 1:01]   click [FactoryTab_quality] Quality results
1101.8s [6月5日（週四） 上午 1:01]   shot 128_factory_quality.png
1101.8s [6月5日（週四） 上午 1:01]   ok  OEM material, overtime, invoice and return journals balanced
1106.5s [6月5日（週四） 上午 1:10]   ok  walked back outside
1106.7s [6月5日（週四） 下午 9:00]   shot 129_industrial_night.png
1107.0s [6月5日（週四） 下午 9:00]   shot 130_decision_manufacturing_recall.png
1107.0s [6月5日（週四） 下午 9:00]   decision manufacturing_recall → recall
1107.0s [6月5日（週四） 下午 9:00]   click [Choice_recall] 為受影響批次退款
1108.5s [6月5日（週四） 下午 9:00]   shot 131_decision_outcome_manufacturing_recall.png
1108.5s [6月5日（週四） 下午 9:00]   click "OK"
1119.2s [6月5日（週四） 下午 9:15]   use "捷運——工業區站"
1120.2s [6月5日（週四） 下午 9:17]   shot 132_metro_riverside.png
1120.2s [6月5日（週四） 下午 9:17]   click [Go_riverside] 河濱區  ·  14 分鐘
1121.3s [6月5日（週四） 下午 9:33]   ok  took the Metro to Riverside
1130.4s [6月5日（週四） 下午 9:46]   ok  entered Riverside Tower
1130.4s [6月5日（週四） 下午 9:46] STEP Save → reload → same state
1131.4s [6月5日（週四） 下午 9:48]   ok  cash restored after load
1131.4s [6月5日（週四） 下午 9:48]   ok  time restored after load
1131.4s [6月5日（週四） 下午 9:48]   ok  location restored (riverside_apartment)
1131.5s [6月5日（週四） 下午 9:48]   shot 133_after_load.png
1131.5s [6月1日（週日） 下午 2:00] STEP (harness) skip to Chapter 10
1132.8s [6月1日（週日） 下午 2:02] STEP Residential — licence, brokerage office, client match and first commission
1135.9s [6月3日（週二） 上午 10:05]   ok  walked back outside
1149.9s [6月3日（週二） 上午 10:26]   use "捷運——河濱區站"
1150.9s [6月3日（週二） 上午 10:28]   shot 134_metro_civic_center.png
1150.9s [6月3日（週二） 上午 10:28]   click [Go_civic_center] 市政中心  ·  12 分鐘
1151.9s [6月3日（週二） 上午 10:41]   ok  took the Metro to Civic Center
1158.9s [6月3日（週二） 上午 10:52]   ok  entered Aurelia City Hall
1160.7s [6月3日（週二） 上午 10:55]   use "Permits & regulations"
1160.8s [6月3日（週二） 上午 10:55]   click [PropertyPermits] Property permits
1161.0s [6月3日（週二） 上午 10:55]   click [ApplyRealtyPermit_brokerage] 申請：$250.00 · 3 天
1162.2s [6月6日（週五） 上午 10:57]   ok  brokerage licence followed City Hall fee and three-day process
1165.2s [6月6日（週五） 上午 11:02]   ok  walked back outside
1170.7s [6月6日（週五） 上午 11:11]   use "捷運——市政中心站"
1171.7s [6月6日（週五） 上午 11:12]   shot 135_metro_residential.png
1171.7s [6月6日（週五） 上午 11:12]   click [Go_residential] 住宅區  ·  32 分鐘
1172.8s [6月6日（週五） 上午 11:46]   ok  took the Metro to Residential
1172.9s [6月6日（週五） 上午 11:46]   shot 136_residential_day.png
1178.1s [6月6日（週五） 上午 11:54]   ok  entered Harlow & Finch Realty
1178.4s [6月6日（週五） 上午 11:54]   use "Lease the brokerage office"
1178.5s [6月6日（週五） 上午 11:54]   click [SignLease_realty_office] Sign the lease
1180.0s [6月6日（週五） 上午 11:56]   use "Open Matchmaker"
1180.1s [6月6日（週五） 上午 11:57]   click [OpenBrokerage] Open the brokerage
1180.3s [6月6日（週五） 上午 11:57]   shot 137_matchmaker.png
1180.9s [6月6日（週五） 上午 11:58]   use "Open Matchmaker"
1181.0s [6月6日（週五） 上午 11:58]   click [Mandate_M-1] 選擇物件
1181.2s [6月6日（週五） 上午 11:58]   click [Client_C-4] 選擇客戶
1181.4s [6月6日（週五） 上午 11:59]   click [Negotiate_soft] 柔性議價
1181.6s [6月6日（週五） 上午 11:59]   click [ArrangeViewing] 安排帶看：$180.00 · 90 分鐘
1182.5s [6月6日（週五） 下午 1:30]   use "Open Matchmaker"
1182.6s [6月6日（週五） 下午 1:30]   click [Mandate_M-2] 選擇物件
1182.8s [6月6日（週五） 下午 1:31]   click [Client_C-3] 選擇客戶
1183.0s [6月6日（週五） 下午 1:31]   click [Negotiate_soft] 柔性議價
1183.2s [6月6日（週五） 下午 1:31]   click [ArrangeViewing] 安排帶看：$180.00 · 90 分鐘
1184.1s [6月6日（週五） 下午 3:03]   use "Open Matchmaker"
1184.2s [6月6日（週五） 下午 3:03]   click [Mandate_M-2] 選擇物件
1184.4s [6月6日（週五） 下午 3:03]   click [Client_C-5] 選擇客戶
1184.6s [6月6日（週五） 下午 3:03]   click [Negotiate_soft] 柔性議價
1184.8s [6月6日（週五） 下午 3:04]   click [ArrangeViewing] 安排帶看：$180.00 · 90 分鐘
1185.7s [6月13日（週五） 下午 4:35]   shot 138_decision_real_estate_arrears.png
1185.7s [6月13日（週五） 下午 4:35]   decision real_estate_arrears → respond
1185.7s [6月13日（週五） 下午 4:35]   click [Choice_respond] 檢視物件並處理
1187.2s [6月13日（週五） 下午 4:35]   shot 139_decision_outcome_real_estate_arrears.png
1187.2s [6月13日（週五） 下午 4:35]   click "OK"
1187.9s [6月13日（週五） 下午 4:36]   use "Open Matchmaker"
1188.0s [6月13日（週五） 下午 4:36]   click [Mandate_M-7] 選擇物件
1188.2s [6月13日（週五） 下午 4:36]   click [Client_C-8] 選擇客戶
1188.4s [6月13日（週五） 下午 4:36]   click [Negotiate_soft] 柔性議價
1188.6s [6月13日（週五） 下午 4:37]   click [ArrangeViewing] 安排帶看：$180.00 · 90 分鐘
1189.5s [6月13日（週五） 下午 6:08]   use "Open Matchmaker"
1189.6s [6月13日（週五） 下午 6:08]   click [Mandate_M-7] 選擇物件
1189.8s [6月13日（週五） 下午 6:08]   click [Client_C-10] 選擇客戶
1190.0s [6月13日（週五） 下午 6:09]   click [Negotiate_soft] 柔性議價
1190.2s [6月13日（週五） 下午 6:09]   click [ArrangeViewing] 安排帶看：$180.00 · 90 分鐘
1191.2s [6月20日（週五） 下午 7:40]   shot 140_decision_real_estate_neighbors.png
1191.2s [6月20日（週五） 下午 7:40]   decision real_estate_neighbors → respond
1191.2s [6月20日（週五） 下午 7:40]   click [Choice_respond] 檢視物件並處理
1192.6s [6月20日（週五） 下午 7:40]   shot 141_decision_outcome_real_estate_neighbors.png
1192.6s [6月20日（週五） 下午 7:40]   click "OK"
1193.4s [6月20日（週五） 下午 7:41]   use "Open Matchmaker"
1193.5s [6月20日（週五） 下午 7:41]   click [Mandate_M-12] 選擇物件
1193.7s [6月20日（週五） 下午 7:41]   click [Client_C-13] 選擇客戶
1193.9s [6月20日（週五） 下午 7:41]   click [Negotiate_soft] 柔性議價
1194.1s [6月20日（週五） 下午 7:42]   click [ArrangeViewing] 安排帶看：$180.00 · 90 分鐘
1195.0s [6月20日（週五） 下午 9:13]   use "Open Matchmaker"
1195.1s [6月20日（週五） 下午 9:13]   click [Mandate_M-12] 選擇物件
1195.3s [6月20日（週五） 下午 9:13]   click [Client_C-15] 選擇客戶
1195.5s [6月20日（週五） 下午 9:14]   click [Negotiate_soft] 柔性議價
1195.7s [6月20日（週五） 下午 9:14]   click [ArrangeViewing] 安排帶看：$180.00 · 90 分鐘
1196.4s [6月20日（週五） 下午 10:45]   ok  first brokerage income from a real client deal
1196.4s [6月20日（週五） 下午 10:45]   ok  viewing and commission ledger balanced
1196.5s [6月20日（週五） 下午 10:45]   use "Open Matchmaker"
1196.7s [6月20日（週五） 下午 10:45]   click [RealtyTab_properties] Properties
1196.9s [6月20日（週五） 下午 10:46]   shot 142_property_management.png
1199.6s [6月20日（週五） 下午 10:51]   ok  walked back outside
1203.3s [6月20日（週五） 下午 10:56]   use "捷運——住宅區站"
1204.3s [6月20日（週五） 下午 10:58]   shot 143_metro_riverside.png
1204.3s [6月20日（週五） 下午 10:58]   click [Go_riverside] 河濱區  ·  19 分鐘
1205.4s [6月20日（週五） 下午 11:19]   ok  took the Metro to Riverside
1214.5s [6月20日（週五） 下午 11:32]   ok  entered Riverside Tower
1214.5s [6月20日（週五） 下午 11:32] STEP Save → reload → same state
1215.5s [6月20日（週五） 下午 11:34]   ok  cash restored after load
1215.5s [6月20日（週五） 下午 11:34]   ok  time restored after load
1215.5s [6月20日（週五） 下午 11:34]   ok  location restored (riverside_apartment)
1215.6s [6月20日（週五） 下午 11:34]   shot 144_after_load.png
1215.6s [6月1日（週日） 下午 2:00] STEP (harness) skip to Chapter 10
1216.9s [6月1日（週日） 下午 2:02] STEP University — lease studio, creative pitch, media mix and first client invoice
1220.0s [6月1日（週日） 下午 2:07]   ok  walked back outside
1234.0s [6月1日（週日） 下午 2:28]   use "捷運——河濱區站"
1234.9s [6月1日（週日） 下午 2:30]   shot 145_metro_university.png
1234.9s [6月1日（週日） 下午 2:30]   click [Go_university] 大學城  ·  13 分鐘
1236.1s [6月1日（週日） 下午 2:44]   ok  took the Metro to University
1236.1s [6月1日（週日） 下午 2:44]   shot 146_university_day.png
1244.0s [6月1日（週日） 下午 2:56]   ok  entered The Loft
1244.3s [6月1日（週日） 下午 2:57]   use "Lease The Loft studio"
1244.4s [6月1日（週日） 下午 2:57]   click [SignLease_loft_office] Sign the lease
1245.8s [6月1日（週日） 下午 2:59]   use "Open Campaign Mixer"
1245.9s [6月1日（週日） 下午 2:59]   click [OpenAgency] Open the campaign studio
1246.8s [6月1日（週日） 下午 3:00]   use "Open Campaign Mixer"
1246.9s [6月1日（週日） 下午 3:01]   click [CreativePitch_JOB-1] Build Creative Pitch
1247.5s [6月1日（週日） 下午 3:01]   click [StartGame] Start
1247.6s [6月1日（週日） 下午 3:01]   click [CreativeCard_slogan_2] Care for every home
1247.8s [6月1日（週日） 下午 3:01]   click [CreativeCard_visual_3] Minimal luxury
1247.9s [6月1日（週日） 下午 3:01]   click [CreativeCard_tone_2] Reassuring
1248.1s [6月1日（週日） 下午 3:01]   shot 147_creative_pitch_result.png
1248.1s [6月1日（週日） 下午 3:01]   click [FinishGame] Continue
1248.2s [6月1日（週日） 下午 5:01]   click [Propose_JOB-1] 提出提案 · $280 · 180 分鐘
1249.1s [6月1日（週日） 下午 8:02]   use "Open Campaign Mixer"
1249.2s [6月1日（週日） 下午 8:02]   click [CreativePitch_JOB-2] Build Creative Pitch
1249.8s [6月1日（週日） 下午 8:02]   click [StartGame] Start
1249.9s [6月1日（週日） 下午 8:02]   click [CreativeCard_slogan_1] Make work easier
1250.1s [6月1日（週日） 下午 8:02]   click [CreativeCard_visual_3] Minimal luxury
1250.2s [6月1日（週日） 下午 8:02]   click [CreativeCard_tone_3] Refined
1250.4s [6月1日（週日） 下午 8:02]   shot 148_creative_pitch_result.png
1250.4s [6月1日（週日） 下午 8:02]   click [FinishGame] Continue
1250.5s [6月1日（週日） 下午 10:02]   click [Propose_JOB-2] 提出提案 · $280 · 180 分鐘
1251.2s [6月2日（週一） 上午 1:03]   ok  actual creative cards and proposal win a client job
1251.3s [6月2日（週一） 上午 1:03]   use "Open Campaign Mixer"
1251.5s [6月2日（週一） 上午 1:03]   click [MediaTab_mixer] Media mix
1251.6s [6月2日（週一） 上午 1:03]   click [SelectCampaign_JOB-2] Finch Families
1251.8s [6月2日（週一） 上午 1:03]   click [MixMore_radio] +
1252.1s [6月2日（週一） 上午 1:04]   shot 149_campaign_mixer.png
1252.8s [6月16日（週一） 上午 1:05]   ok  daily campaign finishes actual client work
1252.9s [6月16日（週一） 上午 1:05]   ok  first agency income is a traceable Jobs invoice
1252.9s [6月16日（週一） 上午 1:05]   ok  campaign costs and invoice balance
1253.0s [6月16日（週一） 上午 1:05]   use "Open Campaign Mixer"
1253.1s [6月16日（週一） 上午 1:05]   click [MediaTab_reports] Campaign reports
1253.3s [6月16日（週一） 上午 1:05]   shot 150_campaign_report.png
1256.0s [6月16日（週一） 上午 1:10]   ok  walked back outside
1262.4s [6月16日（週一） 上午 1:20]   use "捷運——大學區站"
1263.4s [6月16日（週一） 上午 1:21]   shot 151_metro_riverside.png
1263.4s [6月16日（週一） 上午 1:21]   click [Go_riverside] 河濱區  ·  13 分鐘
1264.5s [6月16日（週一） 上午 1:36]   ok  took the Metro to Riverside
1273.6s [6月16日（週一） 上午 1:50]   ok  entered Riverside Tower
1273.6s [6月16日（週一） 上午 1:50] STEP Save → reload → same state
1274.6s [6月16日（週一） 上午 1:51]   ok  cash restored after load
1274.6s [6月16日（週一） 上午 1:51]   ok  time restored after load
1274.6s [6月16日（週一） 上午 1:51]   ok  location restored (riverside_apartment)
1274.7s [6月16日（週一） 上午 1:51]   shot 152_after_load.png
1274.7s [6月1日（週日） 下午 2:00] STEP (harness) skip to Chapter 10
1276.0s [6月1日（週日） 下午 2:02] STEP Luxury Heights — take over the Aster Inn, set the Rate Board, staff up and sell the first nights
1279.1s [6月1日（週日） 下午 2:08]   ok  walked back outside
1293.1s [6月1日（週日） 下午 2:29]   use "捷運——河濱區站"
1294.1s [6月1日（週日） 下午 2:30]   shot 153_metro_luxury_heights.png
1294.1s [6月1日（週日） 下午 2:30]   click [Go_luxury_heights] 豪景高地  ·  18 分鐘
1295.1s [6月1日（週日） 下午 2:50]   ok  took the Metro to Luxury Heights
1295.2s [6月1日（週日） 下午 2:50]   shot 154_luxury_heights_day.png
1306.9s [6月1日（週日） 下午 3:08]   ok  entered The Aster
1307.7s [6月1日（週日） 下午 3:09]   use "Open the Rate Board"
1307.8s [6月1日（週日） 下午 3:09]   click [TakeoverAster] 頂下 Aster 小旅館 · $150,000
1308.0s [6月1日（週日） 下午 3:09]   ok  actual takeover opens the 12-room Aster Inn
1308.1s [6月1日（週日） 下午 3:09]   shot 155_rate_board.png
1308.1s [6月1日（週日） 下午 3:09]   click [Price_standard_10] +$10
1308.3s [6月1日（週日） 下午 3:10]   click [BoardNextOps] Next: daily operations
1308.5s [6月1日（週日） 下午 3:10]   shot 156_hotel_operations.png
1309.5s [6月13日（週五） 下午 9:11]   shot 157_decision_hotel_review_storm.png
1309.5s [6月13日（週五） 下午 9:11]   decision hotel_review_storm → respond
1309.5s [6月13日（週五） 下午 9:11]   click [Choice_respond] 道歉並賠償 $900
1311.0s [6月13日（週五） 下午 9:11]   shot 158_decision_outcome_hotel_review_storm.png
1311.0s [6月13日（週五） 下午 9:11]   click "OK"
1311.5s [6月13日（週五） 下午 9:11]   shot 159_decision_hotel_event_cancelled.png
1311.5s [6月13日（週五） 下午 9:11]   decision hotel_event_cancelled → promo
1311.5s [6月13日（週五） 下午 9:11]   click [Choice_promo] 推出 $1,200 的限時特賣
1313.0s [6月13日（週五） 下午 9:11]   shot 160_decision_outcome_hotel_event_cancelled.png
1313.0s [6月13日（週五） 下午 9:11]   click "OK"
1313.5s [6月13日（週五） 下午 9:11]   ok  night audits sell rooms and book room revenue
1313.5s [6月13日（週五） 下午 9:11]   ok  hotel books balance
1313.7s [6月13日（週五） 下午 9:12]   use "Open the Rate Board"
1313.8s [6月13日（週五） 下午 9:12]   click [HotelTab_reviews] Guest reviews
1314.0s [6月13日（週五） 下午 9:12]   shot 161_guest_reviews.png
1314.0s [6月1日（週日） 下午 2:00] STEP (harness) skip to Chapter 10
1315.4s [6月1日（週日） 下午 2:02] STEP Industrial - lease warehouse, Roof Survey, subsidy, install and first solar invoice
1319.0s [6月1日（週日） 下午 2:08]   ok  walked back outside
1332.9s [6月1日（週日） 下午 2:29]   use "捷運——河濱區站"
1333.9s [6月1日（週日） 下午 2:31]   shot 162_metro_industrial.png
1333.9s [6月1日（週日） 下午 2:31]   click [Go_industrial] 工業區  ·  14 分鐘
1335.0s [6月1日（週日） 下午 2:46]   ok  took the Metro to Industrial
1335.0s [6月1日（週日） 下午 2:46]   shot 163_industrial_energy_day.png
1340.4s [6月1日（週日） 下午 2:54]   ok  entered Helio Warehouse Office
1343.5s [6月1日（週日） 下午 2:59]   use "Lease the Helio warehouse office"
1343.6s [6月1日（週日） 下午 2:59]   click [SignLease_helio_warehouse] Sign the lease
1345.1s [6月1日（週日） 下午 3:02]   use "Open Energy Console"
1345.2s [6月1日（週日） 下午 3:02]   click [OpenEnergy] 開辦太陽能事業
1346.1s [6月1日（週日） 下午 3:03]   use "Open Energy Console"
1346.2s [6月1日（週日） 下午 3:03]   click [Survey_ROOF-1] 勘查這個屋頂
1346.4s [6月1日（週日） 下午 3:03]   click [AutoLayout] 自動擺放最佳位置
1346.6s [6月1日（週日） 下午 3:04]   shot 164_roof_survey.png
1346.6s [6月1日（週日） 下午 3:04]   click [SendQuote] 送出報價 · $15,632
1347.3s [6月1日（週日） 下午 3:50]   ok  actual Roof Survey quote wins a client job
1347.4s [6月1日（週日） 下午 3:50]   use "Open Energy Console"
1347.5s [6月1日（週日） 下午 3:50]   click [EnergyTab_installs] Installs & warranty
1347.7s [6月1日（週日） 下午 3:50]   click [StartInstall_JOB-1] 訂購材料並開工 · $11,880
1350.7s [7月1日（週二） 下午 3:52]   shot 165_month_close_report.png
1350.7s [7月1日（週二） 下午 3:52]   click [month close] Continue
1351.5s [7月1日（週二） 下午 3:52]   shot 166_decision_energy_subsidy_cut.png
1351.6s [7月1日（週二） 下午 3:52]   decision energy_subsidy_cut → rush
1351.6s [7月1日（週二） 下午 3:52]   click [Choice_rush] 付急件費保住審核中的補助
1353.0s [7月1日（週二） 下午 3:52]   shot 167_decision_outcome_energy_subsidy_cut.png
1353.0s [7月1日（週二） 下午 3:52]   click "OK"
1353.7s [7月1日（週二） 下午 3:52]   shot 168_decision_energy_typhoon.png
1353.7s [7月1日（週二） 下午 3:52]   decision energy_typhoon → honour
1353.7s [7月1日（週二） 下午 3:52]   click [Choice_honour] 接受所有理賠並立刻修復
1355.1s [7月1日（週二） 下午 3:52]   shot 169_decision_outcome_energy_typhoon.png
1355.1s [7月1日（週二） 下午 3:52]   click "OK"
1355.7s [7月1日（週二） 下午 3:52]   ok  crew-days finish the install
1355.7s [7月1日（週二） 下午 3:52]   ok  first solar income is a traceable Jobs invoice
1355.7s [7月1日（週二） 下午 3:52]   ok  materials, install and invoice balance
1355.9s [7月1日（週二） 下午 3:53]   use "Open Energy Console"
1356.0s [7月1日（週二） 下午 3:53]   click [EnergyTab_installs] Installs & warranty
1356.2s [7月1日（週二） 下午 3:53]   shot 170_energy_installs.png
1361.1s [7月1日（週二） 下午 4:01]   ok  walked back outside
1365.1s [7月1日（週二） 下午 4:07]   use "捷運——工業區站"
1366.0s [7月1日（週二） 下午 4:08]   shot 171_metro_riverside.png
1366.1s [7月1日（週二） 下午 4:08]   click [Go_riverside] 河濱區  ·  14 分鐘
1367.1s [7月1日（週二） 下午 4:24]   ok  took the Metro to Riverside
1376.2s [7月1日（週二） 下午 4:38]   ok  entered Riverside Tower
1376.2s [6月1日（週日） 下午 2:00] STEP (harness) skip to Chapter 10
1377.7s [6月1日（週日） 下午 2:02] STEP Airport - open the auto desk, win a Wednesday auction car, recondition, list and sell it
1380.8s [6月1日（週日） 下午 2:08]   ok  walked back outside
1394.7s [6月1日（週日） 下午 2:29]   use "捷運——河濱區站"
1395.7s [6月1日（週日） 下午 2:30]   shot 172_metro_airport.png
1395.7s [6月1日（週日） 下午 2:30]   click [Go_airport] 國際機場  ·  24 分鐘
1396.8s [6月1日（週日） 下午 2:56]   ok  took the Metro to Airport
1396.9s [6月1日（週日） 下午 2:56]   shot 173_airport_day.png
1405.9s [6月1日（週日） 下午 3:09]   ok  entered Gateway Car Rental
1406.8s [6月1日（週日） 下午 3:11]   use "Open the fleet desk"
1406.9s [6月1日（週日） 下午 3:11]   click [OpenAutoDesk] 開設汽車櫃台 · 執照費 $400
1407.1s [6月1日（週日） 下午 3:11]   ok  actual licence opens the auto desk
1407.2s [6月4日（週三） 上午 10:00]   shot 174_auction_lots.png
1407.8s [6月25日（週三） 上午 10:00]   ok  auto books balance
1407.8s [6月25日（週三） 上午 10:00] STEP Save → reload → same state
1408.6s [6月25日（週三） 上午 10:02]   ok  cash restored after load
1408.6s [6月25日（週三） 上午 10:02]   ok  time restored after load
1408.6s [6月25日（週三） 上午 10:02]   ok  location restored (gateway_car_rental)
1408.7s [6月25日（週三） 上午 10:02]   shot 175_after_load.png
1408.7s [6月25日（週三） 上午 10:02] BOT FINISHED — 0 failure(s) · 1408.7s real
1408.7s [6月25日（週三） 上午 10:02] English audit: 22 on-screen text(s) with untranslated words
