Godot Engine v4.5.1.stable.official.f62fdbde1 - https://godotengine.org
OpenGL API 3.3.0 NVIDIA 462.59 - Compatibility - Using Device: NVIDIA - Quadro RTX 4000

   0.5s STEP Main menu → New Game
   0.7s   shot 01_main_menu.png
   0.7s   click [NewGame] New Game
   0.8s   click [CreateRunCharacter] Create character
   2.2s STEP Character Creator
   2.3s   shot 02_creator_default.png
   2.3s   click [Tab_hair] Hair
   2.4s   click [Next_hair] ▶
   2.9s   click [Tab_face] Face
   3.1s   click [Next_face] ▶
   3.3s   click [Next_eye_shape] ▶
   3.6s   click [Tab_body] Body
   3.8s   click [Next_presentation] ▶
   4.6s   shot 03_creator_customised.png
   4.6s   click [Tab_outfit] Outfit
   4.7s   click "Startup Casual"
   5.3s   ok  appearance changed from default (short_neat)
   5.4s   shot 04_creator_final.png
   5.4s   click [Start] Start in Aurelia  →
   5.5s [6月1日（週日） 下午 2:00] STEP Arrival sequence
   8.2s [6月1日（週日） 下午 2:00]   shot 05_arrival_train.png
  11.8s [6月1日（週日） 下午 2:00]   shot 06_arrival_phone.png
  17.9s [6月1日（週日） 下午 2:00]   ok  spawned in the Riverside apartment
  17.9s [6月1日（週日） 下午 2:00]   ok  starting cash $30,000
  17.9s [6月1日（週日） 下午 2:00]   ok  name saved
  19.7s [6月1日（週日） 下午 2:03]   shot 07_apartment_arrival.png
  19.7s [6月1日（週日） 下午 2:03] STEP Packing modal dismissal releases movement
  28.3s [6月1日（週日） 下午 2:16]   use "Packing table"
  28.8s [6月1日（週日） 下午 2:17]   ok  real packing screen opened
  28.9s [6月1日（週日） 下午 2:17]   shot 08_packing_close_before.png
  29.3s [6月1日（週日） 下午 2:17]   ok  packing screen really closed
  38.1s [6月1日（週日） 下午 2:31]   use "Sleep"
  38.2s [6月1日（週日） 下午 2:31]   ok  can walk to and use bed after dismissal
  38.3s [6月1日（週日） 下午 2:31]   shot 09_packing_close_bed_reachable.png
  38.7s [6月1日（週日） 下午 2:31] STEP Save → reload → same state
  39.7s [6月1日（週日） 下午 2:33]   ok  cash restored after load
  39.7s [6月1日（週日） 下午 2:33]   ok  time restored after load
  39.7s [6月1日（週日） 下午 2:33]   ok  location restored (riverside_apartment)
  39.9s [6月1日（週日） 下午 2:33]   shot 10_after_load.png
  39.9s [6月1日（週日） 下午 2:33] BOT FINISHED — 0 failure(s) · 39.9s real
  39.9s [6月1日（週日） 下午 2:33] English audit: 1 on-screen text(s) with untranslated words
